******************************************************************************
               TMS320C6x Linker PC v7.4.18                     
******************************************************************************
>> Linked Thu Jul 16 15:20:45 2020

OUTPUT FILE NAME:   <GuitarAmpGitVersion.out>
ENTRY POINT SYMBOL: "_c_int00"  address: 1181ad00


MEMORY CONFIGURATION

         name            origin    length      used     unused   attr    fill
----------------------  --------  ---------  --------  --------  ----  --------
  IRAM                  11800000   00040000  0001f4d1  00020b2f  RWIX
  CACHE_L1P             11e00000   00008000  00000000  00008000  RWIX
  CACHE_L1D             11f00000   00008000  00000000  00008000  RWIX
  L3_CBA_RAM            80000000   00020000  00000000  00020000  RWIX
  DDR                   c3000000   01000000  00000000  01000000  RWIX


SECTION ALLOCATION MAP

 output                                  attributes/
section   page    origin      length       input sections
--------  ----  ----------  ----------   ----------------
.vers      0    00000000    0000003c     COPY SECTION
                  00000000    0000003c     hellocfg.obj (.vers)

.data      0    11800000    00000000     UNINITIALIZED

.far       0    11800000    00008a98     UNINITIALIZED
                  11800000    00008254     hello.obj (.far)
                  11808254    00000004     bios6748.a674 : clk_data.o674 (.far)
                  11808258    00000324     rts6740.lib : defs.obj (.far)
                  1180857c    00000004                 : fopen.obj (.far)
                  11808580    00000188                 : atexit.obj (.far)
                  11808708    0000011c                 : lowlev.obj (.far)
                  11808824    00000004                 : sinit.obj (.far)
                  11808828    000000d8     bios.a674 : knl.o674 (.far)
                  11808900    0000005c               : tsk.o674 (.far)
                  1180895c    00000004     --HOLE--
                  11808960    00000054               : obj_init.o674 (.far)
                  118089b4    00000050               : tsk_stup.o674 (.far)
                  11808a04    00000004     --HOLE--
                  11808a08    00000020               : sys.o674 (.far)
                  11808a28    00000018     rtdx64xplus.lib : rtdx_mon.o64P (.far)
                  11808a40    00000010     bios.a674 : exc.o674 (.far)
                  11808a50    00000010               : knl_tick.o674 (.far)
                  11808a60    0000000c               : utl_putc.o674 (.far)
                  11808a6c    00000004     --HOLE--
                  11808a70    0000000c     block_sine.obj (.far)
                  11808a7c    0000000c     rts6740.lib : exit.obj (.far)
                  11808a88    00000008                 : _lock.obj (.far)
                  11808a90    00000008                 : trgdrv.obj (.far)

.clk       0    11808a98    00000008     UNINITIALIZED
                  11808a98    00000008     hellocfg.obj (.clk)

.text      0    11808aa0    000088c0     
                  11808aa0    00000c20     evmc6748_bsl.lib : evmc6748.obj (.text)
                  118096c0    00000980     hello.obj (.text)
                  1180a040    00000620     framework.obj (.text)
                  1180a660    000005a0     rts6740.lib : divd.obj (.text:__divd)
                  1180ac00    00000580                 : _printfi.obj (.text:__getarg_diouxp)
                  1180b180    00000520                 : _printfi.obj (.text:__setfield)
                  1180b6a0    000004e0     evmc6748_bsl.lib : evmc6748_i2c_gpio.obj (.text)
                  1180bb80    00000440     rts6740.lib : _printfi.obj (.text:__printfi)
                  1180bfc0    000003a0                 : fputs.obj (.text:_fputs)
                  1180c360    00000380     evmc6748_bsl.lib : evmc6748_gpio.obj (.text)
                  1180c6e0    00000380                      : evmc6748_i2c.obj (.text)
                  1180ca60    00000320     rts6740.lib : _printfi.obj (.text:__pproc_fge)
                  1180cd80    000002c0                 : _printfi.obj (.text:__pproc_fwp)
                  1180d040    000002a0                 : _printfi.obj (.text:_ecvt)
                  1180d2e0    000002a0                 : _printfi.obj (.text:_fcvt)
                  1180d580    00000260                 : imath64.obj (.text:__divull)
                  1180d7e0    00000260                 : _printfi.obj (.text:__pconv_e)
                  1180da40    00000240                 : _printfi.obj (.text:__pproc_diouxp)
                  1180dc80    00000220                 : _printfi.obj (.text:__pproc_str)
                  1180dea0    00000220                 : fputc.obj (.text:_fputc)
                  1180e0c0    00000200                 : _printfi.obj (.text:__pconv_g)
                  1180e2c0    00000200                 : setvbuf.obj (.text:_setvbuf)
                  1180e4c0    00000200     rb.obj (.text)
                  1180e6c0    000001e0     evmc6748_bsl.lib : evmc6748_led.obj (.text)
                  1180e8a0    000001c0     rts6740.lib : _printfi.obj (.text:__mcpy)
                  1180ea60    000001a0                 : imath40.obj (.text:__divul)
                  1180ec00    00000180                 : trgdrv.obj (.text:_HOSTrename)
                  1180ed80    00000160     evmc6748_bsl.lib : evmc6748_dip.obj (.text)
                  1180eee0    00000140     rts6740.lib : _printfi.obj (.text:__pproc_fflags)
                  1180f020    00000140                 : lowlev.obj (.text:_getdevice)
                  1180f160    00000120                 : fclose.obj (.text:__closefile)
                  1180f280    00000120                 : _printfi.obj (.text:__ltostr)
                  1180f3a0    00000120                 : fseek.obj (.text:_fseek)
                  1180f4c0    00000120     biquad.obj (.text)
                  1180f5e0    00000100     rts6740.lib : trgdrv.obj (.text:_HOSTlseek)
                  1180f6e0    00000100                 : _io_perm.obj (.text:__wrt_ok)
                  1180f7e0    00000100                 : sinit.obj (.text:_call_dtors)
                  1180f8e0    000000e0                 : trgdrv.obj (.text:_HOSTopen)
                  1180f9c0    000000e0                 : trgdrv.obj (.text:_HOSTread)
                  1180faa0    000000e0                 : divi.obj (.text:__divi)
                  1180fb80    000000e0                 : atoi.obj (.text:_atoi)
                  1180fc60    000000e0                 : lowlev.obj (.text:_close)
                  1180fd40    000000e0                 : memset.obj (.text:_memset)
                  1180fe20    000000e0                 : printf.obj (.text:_printf)
                  1180ff00    000000c0                 : trgdrv.obj (.text:_HOSTunlink)
                  1180ffc0    000000c0                 : trgdrv.obj (.text:_HOSTwrite)
                  11810080    000000c0                 : _printfi.obj (.text:__div)
                  11810140    000000c0                 : divu.obj (.text:__divu)
                  11810200    000000c0                 : fflush.obj (.text:__doflush)
                  118102c0    000000c0                 : remi.obj (.text:__remi)
                  11810380    000000c0                 : atexit.obj (.text:_atexit)
                  11810440    000000c0                 : ltoa.obj (.text:_ltoa)
                  11810500    000000c0     bios.a674 : tsk_stup.o674 (.text)
                  118105c0    000000a0     rts6740.lib : trgdrv.obj (.text:_HOSTclose)
                  11810660    000000a0                 : fopen.obj (.text:__cleanup)
                  11810700    000000a0                 : imath40.obj (.text:__divli)
                  118107a0    000000a0                 : _printfi.obj (.text:__ecpy)
                  11810840    000000a0                 : _printfi.obj (.text:__fcpy)
                  118108e0    000000a0                 : fixdli.obj (.text:__fixdli)
                  11810980    000000a0                 : round.obj (.text:__nround)
                  11810a20    000000a0                 : _printfi.obj (.text:__pconv_f)
                  11810ac0    000000a0                 : lowlev.obj (.text:_finddevice)
                  11810b60    000000a0                 : lowlev.obj (.text:_lseek)
                  11810c00    000000a0                 : memcpy64.obj (.text:_memcpy)
                  11810ca0    000000a0                 : modf.obj (.text:_modf)
                  11810d40    000000a0                 : lowlev.obj (.text:_write)
                  11810de0    00000080                 : fltlid.obj (.text:__fltlid)
                  11810e60    00000080                 : llshift.obj (.text:__llshl)
                  11810ee0    00000080                 : trgmsg.obj (.text:_readmsg)
                  11810f60    00000080                 : lowlev.obj (.text:_unlink)
                  11810fe0    00000060                 : imath64.obj (.text:__subcull)
                  11811040    00000060                 : memccpy.obj (.text:_memccpy)
                  118110a0    00000060                 : trgmsg.obj (.text:_writemsg)
                  11811100    00000040                 : sinit.obj (.text:___add_dtor)
                  11811140    00000040                 : isinf.obj (.text:___isinf)
                  11811180    00000040                 : _printfi.obj (.text:___isnan)
                  118111c0    00000040                 : frcmpyd_div.obj (.text:__frcmpyd_div)
                  11811200    00000040                 : llshift.obj (.text:__llshru)
                  11811240    00000040                 : imath40.obj (.text:__remli)
                  11811280    00000020                 : negll.obj (.text:__negll)
                  118112a0    00000020                 : _lock.obj (.text:__nop)
                  118112c0    00000020                 : printf.obj (.text:__outc)
                  118112e0    00000020                 : printf.obj (.text:__outs)
                  11811300    00000020                 : _lock.obj (.text:__register_lock)
                  11811320    00000020                 : _lock.obj (.text:__register_unlock)
                  11811340    00000020                 : remove.obj (.text:_remove)

.bios      0    11811360    000042e0     
                  11811360    000005c0     lnkrtdx.a674 : rtdx.o674 (.bios)
                  11811920    00000580     bios.a674 : exc.o674 (.bios)
                  11811ea0    000004e0               : hwi_disp_asm.o674 (.bios)
                  11812380    000004c0               : swi.o674 (.bios)
                  11812840    00000380               : prd.o674 (.bios)
                  11812bc0    00000280               : malloc.o674 (.bios)
                  11812e40    00000280               : rta.o674 (.bios)
                  118130c0    00000240               : knl_run.o674 (.bios)
                  11813300    00000200               : mem_allo.o674 (.bios:.near)
                  11813500    00000200               : knl_tick.o674 (.bios)
                  11813700    000001e0               : mem_free.o674 (.bios:.near)
                  118138e0    000001e0               : exc_asm.o674 (.bios)
                  11813ac0    000001e0               : pip.o674 (.bios)
                  11813ca0    000001e0               : sem_pend.o674 (.bios)
                  11813e80    000001a0               : sem_dopo.o674 (.bios)
                  11814020    000001a0               : tsk_setu.o674 (.bios)
                  118141c0    000001a0     bios6748.a674 : clk.o674 (.bios)
                  11814360    00000180     bios.a674 : knl_swit.o674 (.bios)
                  118144e0    00000140               : autoinit.o674 (.bios)
                  11814620    00000140               : tsk_exit.o674 (.bios)
                  11814760    00000140     bios6748.a674 : bcache_init.o674 (.bios)
                  118148a0    00000120     bios.a674 : gbl_cacheinit64P.o674 (.bios)
                  118149c0    00000120               : knl_chec.o674 (.bios)
                  11814ae0    00000120               : tsk_stup.o674 (.bios)
                  11814c00    000000e0               : sem_post_asm.o674 (.bios)
                  11814ce0    000000c0               : knl_exit.o674 (.bios)
                  11814da0    000000a0               : sem_post.o674 (.bios)
                  11814e40    000000a0               : sys_exit.o674 (.bios)
                  11814ee0    00000080               : knl_ipos.o674 (.bios)
                  11814f60    00000080               : knl_post.o674 (.bios)
                  11814fe0    00000080               : lck.o674 (.bios)
                  11815060    00000080               : log.o674 (.bios)
                  118150e0    00000080     bios6748.a674 : idl_cal.o674 (.bios)
                  11815160    00000060     bios.a674 : sys_erro.o674 (.bios:.near)
                  118151c0    00000060               : fxn.o674 (.bios)
                  11815220    00000060               : hwi_c.o674 (.bios)
                  11815280    00000060               : idl_busy.o674 (.bios)
                  118152e0    00000060               : sem_pend_counting.o674 (.bios)
                  11815340    00000060               : sts.o674 (.bios)
                  118153a0    00000060               : sys_abor.o674 (.bios)
                  11815400    00000060     bios6748.a674 : clk_meas.o674 (.bios)
                  11815460    00000040     bios.a674 : idl_stub.o674 (.bios)
                  118154a0    00000040               : rta_andn.o674 (.bios)
                  118154e0    00000040               : utl_doab.o674 (.bios)
                  11815520    00000040               : utl_putc.o674 (.bios)
                  11815560    00000020               : fxn_c.o674 (.bios)
                  11815580    00000020               : gbl_vers.o674 (.bios)
                  118155a0    00000020               : idl.o674 (.bios)
                  118155c0    00000020               : sts_set.o674 (.bios)
                  118155e0    00000020               : utl_doer.o674 (.bios)
                  11815600    00000020               : utl_halt.o674 (.bios)
                  11815620    00000020     bios6748.a674 : clk_gethtime.o674 (.bios)

.cinit     0    11815640    00003324     
                  11815640    00002284     hello.obj (.cinit)
                  118178c4    00000004     --HOLE-- [fill = 0]
                  118178c8    000006c4     hellocfg.obj (.cinit)
                  11817f8c    00000004     --HOLE-- [fill = 0]
                  11817f90    0000026c     bios.a674 : biosdata.o674 (.cinit)
                  118181fc    00000004     --HOLE-- [fill = 0]
                  11818200    000001a4               : knl.o674 (.cinit)
                  118183a4    00000004     --HOLE-- [fill = 0]
                  118183a8    000000b0               : swi.o674 (.cinit)
                  11818458    00000080               : tsk.o674 (.cinit)
                  118184d8    00000068     rtdx64xplus.lib : rtdx_mon.o64P (.cinit)
                  11818540    00000060     bios.a674 : tsk_stup.o674 (.cinit)
                  118185a0    0000005c     lnkrtdx.a674 : rtdx.o674 (.cinit)
                  118185fc    00000004     --HOLE-- [fill = 0]
                  11818600    0000005c     rts6740.lib : defs.obj (.cinit)
                  1181865c    00000004     --HOLE-- [fill = 0]
                  11818660    0000005c                 : lowlev.obj (.cinit)
                  118186bc    00000004     --HOLE-- [fill = 0]
                  118186c0    0000004c     bios.a674 : rta.o674 (.cinit)
                  1181870c    00000004     --HOLE-- [fill = 0]
                  11818710    0000004c     rtdx64xplus.lib : buffer1.o64P (.cinit)
                  1181875c    00000004     --HOLE-- [fill = 0]
                  11818760    0000003c     bios.a674 : exc.o674 (.cinit)
                  1181879c    00000004     --HOLE-- [fill = 0]
                  118187a0    00000034               : hwi.o674 (.cinit)
                  118187d4    00000004     --HOLE-- [fill = 0]
                  118187d8    0000002c               : utl_putc.o674 (.cinit)
                  11818804    00000004     --HOLE-- [fill = 0]
                  11818808    0000002c     rts6740.lib : exit.obj (.cinit)
                  11818834    00000004     --HOLE-- [fill = 0]
                  11818838    00000024     bios.a674 : obj_init.o674 (.cinit)
                  1181885c    00000004     --HOLE-- [fill = 0]
                  11818860    00000024     block_sine.obj (.cinit)
                  11818884    00000004     --HOLE-- [fill = 0]
                  11818888    0000001c     bios.a674 : exc_asm.o674 (.cinit)
                  118188a4    00000004     --HOLE-- [fill = 0]
                  118188a8    0000001c               : sys.o674 (.cinit)
                  118188c4    00000004     --HOLE-- [fill = 0]
                  118188c8    0000001c     rts6740.lib : _lock.obj (.cinit)
                  118188e4    00000004     --HOLE-- [fill = 0]
                  118188e8    0000001c                 : atexit.obj (.cinit)
                  11818904    00000004     --HOLE-- [fill = 0]
                  11818908    00000018     bios.a674 : knl_tick.o674 (.cinit)
                  11818920    0000000c               : idl_busy.o674 (.cinit)
                  1181892c    00000004     --HOLE-- [fill = 0]
                  11818930    0000000c               : knl_swit.o674 (.cinit)
                  1181893c    00000004     --HOLE-- [fill = 0]
                  11818940    0000000c     rts6740.lib : fopen.obj (.cinit)
                  1181894c    00000004     --HOLE-- [fill = 0]
                  11818950    0000000c                 : sinit.obj (.cinit)
                  1181895c    00000004     --HOLE-- [fill = 0]
                  11818960    00000004     (.pad.cinit) [fill = 0]

.IRAM$heap 
*          0    11818964    00002000     UNINITIALIZED
                  11818964    00002000     --HOLE--

.hst1      0    1181a964    00000010     UNINITIALIZED
                  1181a964    00000010     hellocfg.obj (.hst1)

.pinit     0    1181a974    0000000c     
                  1181a974    00000004     rtdx64xplus.lib : buffer1.o64P (.pinit)
                  1181a978    00000004                     : rtdx_mon.o64P (.pinit)
                  1181a97c    00000004     --HOLE-- [fill = 0]

.sysinit   0    1181a980    00000560     
                  1181a980    00000380     hellocfg.obj (.sysinit)
                  1181ad00    000000c0     bios.a674 : boot.o674 (.sysinit)
                  1181adc0    000000c0               : mem_init.o674 (.sysinit)
                  1181ae80    00000060               : tsk_init.o674 (.sysinit)

.cio       0    1181aee0    00000120     UNINITIALIZED
                  1181aee0    00000120     rts6740.lib : trgmsg.obj (.cio)

.trace$buf 
*          0    1181b000    00001000     UNINITIALIZED
                  1181b000    00001000     hellocfg.obj (.trace$buf)

.rtdx_text 
*          0    1181c000    00000fc0     
                  1181c000    000002a0     rtdx64xplus.lib : rtdx_mon.o64P (.rtdx_text:_HSRTDX_rec)
                  1181c2a0    00000260                     : buffer1.o64P (.rtdx_text:_RTDX_Buffer_WriteCB)
                  1181c500    00000260                     : buffer1.o64P (.rtdx_text:_RTDX_write_next)
                  1181c760    000001a0                     : rtdx_mon.o64P (.rtdx_text:_HSRTDX_xmt)
                  1181c900    00000160                     : rtdx_mon.o64P (.rtdx_text:_RTDX_Send_To_Host)
                  1181ca60    000000e0                     : rtdx_mon.o64P (.rtdx_text:_RTDX_Mon_Queue)
                  1181cb40    000000e0                     : buffer1.o64P (.rtdx_text:_claim)
                  1181cc20    000000a0                     : rtdx_mon.o64P (.rtdx_text:_RTDX_GetH2THeader)
                  1181ccc0    000000a0                     : rtdx_mon.o64P (.rtdx_text:_RTDX_Poll)
                  1181cd60    00000080                     : rtdx_mon.o64P (.rtdx_text:_RTDX_Final_RT_Monitor)
                  1181cde0    00000060                     : buffer1.o64P (.rtdx_text:_RTDX_Buffer_Initialize)
                  1181ce40    00000060                     : rtdx_mon.o64P (.rtdx_text:_RTDX_Init_RT_Monitor)
                  1181cea0    00000040                     : buffer2.o64P (.rtdx_text:_RTDX_Buffer_ReadCB)
                  1181cee0    00000040                     : buffer1.o64P (.rtdx_text:_RTDX_Buffer_Size)
                  1181cf20    00000040                     : memfill.o64P (.rtdx_text:_RTDX_memfill)
                  1181cf60    00000020                     : buffer2.o64P (.rtdx_text:_RTDX_Buffer_Read)
                  1181cf80    00000020                     : buffer1.o64P (.rtdx_text:_RTDX_Buffer_Write)
                  1181cfa0    00000020                     : intr_tgt.o64P (.rtdx_text)

.hst       0    1181cfc0    0000003c     UNINITIALIZED
                  1181cfc0    0000003c     hellocfg.obj (.hst)

.args      0    1181cffc    00000004     
                  1181cffc    00000004     --HOLE-- [fill = 0]

.LOG_system$buf 
*          0    1181d000    00000800     UNINITIALIZED
                  1181d000    00000800     hellocfg.obj (.LOG_system$buf)

.rtdx_data 
*          0    1181d800    000004f4     UNINITIALIZED
                  1181d800    00000080     --HOLE--
                  1181d880    00000410     hellocfg.obj (.rtdx_data)
                  1181dc90    00000044     rtdx64xplus.lib : rtdx_mon.o64P (.rtdx_data)
                  1181dcd4    00000020                     : buffer1.o64P (.rtdx_data)

.mem       0    1181dcf4    00000004     UNINITIALIZED
                  1181dcf4    00000004     hellocfg.obj (.mem)

.const     0    1181dcf8    00000435     
                  1181dcf8    00000193     bios.a674 : exc.o674 (.const:.string)
                  1181de8b    00000004               : mem_allo.o674 (.const:.string)
                  1181de8f    00000001     --HOLE-- [fill = 0]
                  1181de90    00000101     rts6740.lib : ctype.obj (.const:.string:__ctypes_)
                  1181df91    00000004     bios.a674 : mem_free.o674 (.const:.string)
                  1181df95    00000002     rts6740.lib : fputs.obj (.const:.string)
                  1181df97    00000001     --HOLE-- [fill = 0]
                  1181df98    00000080     evmc6748_bsl.lib : evmc6748.obj (.const:_bitval_u32)
                  1181e018    0000004e     bios.a674 : tsk_stup.o674 (.const:.string)
                  1181e066    00000002     --HOLE-- [fill = 0]
                  1181e068    00000040     evmc6748_bsl.lib : evmc6748.obj (.const:.string)
                  1181e0a8    00000023     bios.a674 : utl_doab.o674 (.const:.string)
                  1181e0cb    00000023     rts6740.lib : _printfi.obj (.const:.string)
                  1181e0ee    00000022     bios.a674 : utl_doer.o674 (.const:.string)
                  1181e110    0000001c     rb.obj (.const:.string)
                  1181e12c    00000001     bios.a674 : tsk.o674 (.const:.string)

.printf    0    1181e12d    00000076     COPY SECTION
                  1181e12d    00000076     hellocfg.obj (.printf)

.TSK_idle$stk 
*          0    1181e130    00000400     UNINITIALIZED
                  1181e130    00000400     hellocfg.obj (.TSK_idle$stk)

.stack     0    1181e530    00000400     UNINITIALIZED
                  1181e530    00000400     --HOLE--

.bss       0    1181e930    000003b8     UNINITIALIZED
                  1181e930    00000100     bios.a674 : hwi_disp_asm.o674 (.bss)
                  1181ea30    000000cc               : biosdata.o674 (.bss)
                  1181eafc    0000009c               : swi.o674 (.bss)
                  1181eb98    00000048               : knl.o674 (.bss)
                  1181ebe0    00000030     hello.obj (.bss)
                  1181ec10    00000028     hellocfg.obj (.bss)
                  1181ec38    00000020     bios.a674 : exc_asm.o674 (.bss)
                  1181ec58    00000018               : hwi.o674 (.bss)
                  1181ec70    00000018     lnkrtdx.a674 : rtdx.o674 (.bss)
                  1181ec88    00000010     bios.a674 : exc.o674 (.bss)
                  1181ec98    00000010     rtdx64xplus.lib : buffer1.o64P (.bss)
                  1181eca8    00000010                     : rtdx_mon.o64P (.bss)
                  1181ecb8    0000000c     bios.a674 : tsk.o674 (.bss)
                  1181ecc4    00000008               : clk_data.o674 (.bss)
                  1181eccc    00000008               : sys.o674 (.bss)
                  1181ecd4    00000004               : clk_data2.o674 (.bss)
                  1181ecd8    00000004               : idl_busy.o674 (.bss)
                  1181ecdc    00000004               : mem_asm.o674 (.bss)
                  1181ece0    00000004     block_sine.obj (.bss)
                  1181ece4    00000004     evmc6748_bsl.lib : evmc6748_i2c.obj (.bss)

.trace     0    1181ece8    00000200     
                  1181ece8    00000200     --HOLE-- [fill = 00000000]

.hst0      0    1181eee8    00000100     UNINITIALIZED
                  1181eee8    00000100     hellocfg.obj (.hst0)

.idl       0    1181efe8    00000010     UNINITIALIZED
                  1181efe8    00000010     hellocfg.obj (.idl)

.hwi_vec   0    1181f000    00000200     
                  1181f000    00000200     hellocfg.obj (.hwi_vec)

.pip       0    1181f200    000000c8     UNINITIALIZED
                  1181f200    000000c8     hellocfg.obj (.pip)

.tsk       0    1181f2c8    00000060     UNINITIALIZED
                  1181f2c8    00000060     hellocfg.obj (.tsk)

.swi       0    1181f328    00000058     UNINITIALIZED
                  1181f328    00000058     hellocfg.obj (.swi)

.sts       0    1181f380    00000050     
                  1181f380    00000050     hellocfg.obj (.sts)

.gblinit   0    1181f3d0    0000004c     
                  1181f3d0    0000004c     hellocfg.obj (.gblinit)

.switch    0    1181f41c    00000044     
                  1181f41c    00000024     evmc6748_bsl.lib : evmc6748_gpio.obj (.switch:_getRegisterBankAndBit)
                  1181f440    00000020                      : evmc6748_dip.obj (.switch:_convertDipToI2CGpio)

.log       0    1181f460    00000030     
                  1181f460    00000030     hellocfg.obj (.log)

.prd       0    1181f490    00000020     UNINITIALIZED
                  1181f490    00000020     hellocfg.obj (.prd)

.idlcal    0    1181f4b0    00000010     UNINITIALIZED
                  1181f4b0    00000010     hellocfg.obj (.idlcal)

.sys       0    1181f4c0    00000010     UNINITIALIZED
                  1181f4c0    00000010     hellocfg.obj (.sys)

.trcdata   0    1181f4d0    0000000c     
                  1181f4d0    0000000c     bios.a674 : trc.o674 (.trcdata)


GLOBAL SYMBOLS: SORTED ALPHABETICALLY BY Name 

address    name
--------   ----
1181e930   $bss
1181e930   .bss
11800000   .data
11808aa0   .text
1181ab44   BIOS$$CLKOFF
1181ab04   BIOS$$CLKON
1181a980   BIOS_init
1181abb0   BIOS_start
00000000   BUF$
00000001   BUF_ENABLED
118110f8   C$$IO$$
ffffffff   CACHE_L1D
ffffffff   CACHE_L1P
00000001   CLK$
11808a98   CLK_A_TABBEG
00000001   CLK_CALDIV
00000001   CLK_CALMULT
000493e0   CLK_COUNTSPMS
00000004   CLK_COUNTSPMSHIGH
1181ea58   CLK_D_idletime
1181ea54   CLK_D_isrhook
1181ea50   CLK_D_tabbeg
1181ea4c   CLK_D_timefxn
00000001   CLK_ENABLEHTIME
11815620   CLK_F_gethtime
118141c0   CLK_F_getltime
118141d0   CLK_F_isr
11814310   CLK_F_itime
11811ea0   CLK_HOOKFXN
00000001   CLK_HTIMEDIV
00000001   CLK_HTIMEMULT
000493e0   CLK_HTIMEPERLTIME
00005dc0   CLK_INPUTCLK
00004000   CLK_INTBIT
00000001   CLK_LTIMEDIV
000493e0   CLK_LTIMEMULT
000003e8   CLK_MICROSECS
00000001   CLK_POWERENABLE
00005dc0   CLK_PRD
00000000   CLK_PRDHIGH
01c20000   CLK_REGS
00000001   CLK_RESETTIMER
1181ea48   CLK_R_time
00000020   CLK_TCR
00000000   CLK_TDDR
00000000   CLK_TDDRHIGH
11815620   CLK_TIMEFXN
00000000   CLK_TIMERNUM
00000005   CLK_TIMMODE
00000001   CLK_USETIMER
11808a9c   CLK_null
ffffffff   DDR
00000000   DEV$
00000000   DGN$
00000000   DHL$
00000000   DHL_gChannelsAvailable
00000000   DIO$
00000000   DIO_NUMSWIBASE
00000000   DIO_NUMTSKBASE
00000000   DIO_STATIC
00000000   DPI$
00000000   ECM$
00000000   ECM_ENABLE
ffffffff   ECM_EVTMASK0
ffffffff   ECM_EVTMASK1
ffffffff   ECM_EVTMASK2
ffffffff   ECM_EVTMASK3
0000000a   EVENT10
00000064   EVENT100
00000065   EVENT101
00000066   EVENT102
00000067   EVENT103
00000068   EVENT104
00000069   EVENT105
0000006a   EVENT106
0000006b   EVENT107
0000006c   EVENT108
0000006d   EVENT109
0000000b   EVENT11
0000006e   EVENT110
0000006f   EVENT111
00000070   EVENT112
00000071   EVENT113
00000072   EVENT114
00000073   EVENT115
00000074   EVENT116
00000075   EVENT117
00000076   EVENT118
00000077   EVENT119
0000000c   EVENT12
00000078   EVENT120
00000079   EVENT121
0000007a   EVENT122
0000007b   EVENT123
0000007c   EVENT124
0000007d   EVENT125
0000007e   EVENT126
0000007f   EVENT127
0000000d   EVENT13
0000000e   EVENT14
0000000f   EVENT15
00000010   EVENT16
00000011   EVENT17
00000012   EVENT18
00000013   EVENT19
00000014   EVENT20
00000015   EVENT21
00000016   EVENT22
00000017   EVENT23
00000018   EVENT24
00000019   EVENT25
0000001a   EVENT26
0000001b   EVENT27
0000001c   EVENT28
0000001d   EVENT29
0000001e   EVENT30
0000001f   EVENT31
00000020   EVENT32
00000021   EVENT33
00000022   EVENT34
00000023   EVENT35
00000024   EVENT36
00000025   EVENT37
00000026   EVENT38
00000027   EVENT39
00000004   EVENT4
00000028   EVENT40
00000029   EVENT41
0000002a   EVENT42
0000002b   EVENT43
0000002c   EVENT44
0000002d   EVENT45
0000002e   EVENT46
0000002f   EVENT47
00000030   EVENT48
00000031   EVENT49
00000005   EVENT5
00000032   EVENT50
00000033   EVENT51
00000034   EVENT52
00000035   EVENT53
00000036   EVENT54
00000037   EVENT55
00000038   EVENT56
00000039   EVENT57
0000003a   EVENT58
0000003b   EVENT59
00000006   EVENT6
0000003c   EVENT60
0000003d   EVENT61
0000003e   EVENT62
0000003f   EVENT63
00000040   EVENT64
00000041   EVENT65
00000042   EVENT66
00000043   EVENT67
00000044   EVENT68
00000045   EVENT69
00000007   EVENT7
00000046   EVENT70
00000047   EVENT71
00000048   EVENT72
00000049   EVENT73
0000004a   EVENT74
0000004b   EVENT75
0000004c   EVENT76
0000004d   EVENT77
0000004e   EVENT78
0000004f   EVENT79
00000008   EVENT8
00000050   EVENT80
00000051   EVENT81
00000052   EVENT82
00000053   EVENT83
00000054   EVENT84
00000055   EVENT85
00000056   EVENT86
00000057   EVENT87
00000058   EVENT88
00000059   EVENT89
00000009   EVENT9
0000005a   EVENT90
0000005b   EVENT91
0000005c   EVENT92
0000005d   EVENT93
0000005e   EVENT94
0000005f   EVENT95
00000060   EVENT96
00000061   EVENT97
00000062   EVENT98
00000063   EVENT99
118151c0   FXN_F_nop
118151c4   FXN_F_run
11815200   FXN_F_zero
00000001   GBL$
00005205   GBL_A_VERSION
00000000   GBL_BCACHEREADADDR0
00000000   GBL_BCACHEREADADDR1
00000000   GBL_BCACHEREADADDR2
00000000   GBL_BIGENDIAN
00000000   GBL_CACHE
00000000   GBL_CALLCSLCFGINIT
00004e20   GBL_CLKIN
00001a5b   GBL_CLKTYPE
00001a5c   GBL_DSPSUBTYPE
0000003e   GBL_DSPTYPE
00000001   GBL_ENABLEINST
00000000   GBL_ENABLE_SK
00000042   GBL_FOOTPRINT
000493e0   GBL_FREQ
00000000   GBL_GEMTRUECOMPEN
00000007   GBL_L1DMODE
00000007   GBL_L1PMODE
00000001   GBL_L2CONFIGURE
00000000   GBL_L2MAR0_31
00000001   GBL_L2MAR128_159
00000000   GBL_L2MAR160_191
ffffffff   GBL_L2MAR192_223
00000000   GBL_L2MAR224_255
00000000   GBL_L2MAR32_63
00000000   GBL_L2MAR64_95
00000000   GBL_L2MAR96_127
00000000   GBL_L2MODE
00000000   GBL_NULL
00000000   GBL_PROCID
00000000   GBL_ROM
00000000   GBL_SUPPORTCSL
0000dbef   GBL_TRCMASKVALUE
00000000   GBL_USERINIT
11815560   GBL_USERINITFXN
00000001   GBL_boot
1181f4d8   GBL_initdone
1181e530   GBL_stackbeg
1181e92f   GBL_stackend
00000000   GIO$
11815560   GIO_CREATEFXN
11815560   GIO_DELETEFXN
11815560   GIO_PENDFXN
11815560   GIO_POSTFXN
00000000   HOOK$
00000000   HOOK_KNLID
00000001   HST$
1181cfc0   HST_A_TABBEG
1181cffc   HST_A_TABEND
00000000   HST_DSM
1181ec1c   HST_DSMBUFSEG
00000400   HST_DSMMEMSIZE
1181eac4   HST_D_chanmask
1181eac8   HST_D_tabbeg
1181eacc   HST_D_tabend
000000ff   HST_MAXFRAMEALLOWED
00000040   HST_MAXFRAMESET
00000000   HST_NONE
00000001   HST_RTDX
00000001   HWI$
1181f000   HWI_A_VECS
00005828   HWI_CFGDISPATCHED
1181ec68   HWI_D_bss
1181ec6c   HWI_D_ccmask
1181ec58   HWI_D_spsave
00000001   HWI_ENABLE_EXC
11811ea0   HWI_F_dispatch
00000000   HWI_GENERATE_RESET_VEC
0000000a   HWI_INT10
00000000   HWI_INT10$hwi
0000000b   HWI_INT11
00000000   HWI_INT11$hwi
0000000c   HWI_INT12
00000000   HWI_INT12$hwi
0000000d   HWI_INT13
00000000   HWI_INT13$hwi
0000000e   HWI_INT14
00000000   HWI_INT14$hwi
0000000f   HWI_INT15
00000000   HWI_INT15$hwi
00000004   HWI_INT4
00000000   HWI_INT4$hwi
00000005   HWI_INT5
00000000   HWI_INT5$hwi
00000006   HWI_INT6
00000000   HWI_INT6$hwi
00000007   HWI_INT7
00000000   HWI_INT7$hwi
00000008   HWI_INT8
00000000   HWI_INT8$hwi
00000009   HWI_INT9
00000000   HWI_INT9$hwi
07063d04   HWI_INTRMUX1
0b0a0908   HWI_INTRMUX2
28040d0c   HWI_INTRMUX3
00000001   HWI_NMI
00000000   HWI_NMI$hwi
00000000   HWI_POLARITYMASK
00000002   HWI_RESERVED0
00000000   HWI_RESERVED0$hwi
00000003   HWI_RESERVED1
00000000   HWI_RESERVED1$hwi
00000000   HWI_RESET
00000000   HWI_RESET$hwi
00000000   HWI_ZEROTAB
00000001   IDL$
1181f4b0   IDL_A_CALBEG
1181efe8   IDL_A_TABBEG
00000006   IDL_CALIBRERROR
11815460   IDL_CALIBRFXN
1181ecd8   IDL_D_busyObj
1181ea38   IDL_D_calbeg
1181ea34   IDL_D_calibrate
1181ea30   IDL_D_tabbeg
1181eff4   IDL_END
1181f4bc   IDL_END$
11815280   IDL_F_busy
118150e0   IDL_F_calibrate
118155a0   IDL_F_loop
11815460   IDL_F_stub
00000001   IDL_USECLKIDLTIME
1181f3c4   IDL_busyObj
1181e19e   IDL_busyObj$avgfmt
00000001   IDL_busyObj$filter
00000001   IDL_busyObj$iA
00000000   IDL_busyObj$iB
00000001   IDL_busyObj$iC
1181e198   IDL_busyObj$maxfmt
00000000   IDL_busyObj$operation
1181f3c0   IDL_busyObj$stsobj
1181e19b   IDL_busyObj$sumfmt
00000002   IDL_busyObj$unittype
1181efe8   IDL_cpuLoad
1181f4b0   IDL_cpuLoad$
1181ec1c   IRAM
11818964   IRAM$B
00002000   IRAM$L
00000001   ISRC$
118144b8   KNL_glue
1181f354   KNL_swi
00000001   KNL_swi$dorta
00000002   KNL_swi$ord
00000000   KNL_swi$pri
1181f3a4   KNL_swi$sts
1181e174   KNL_swi$sts$avgfmt
00000002   KNL_swi$sts$filter
00000001   KNL_swi$sts$filtmaxmult
00000001   KNL_swi$sts$filtsummult
1181e164   KNL_swi$sts$maxfmt
1181f3a0   KNL_swi$sts$stsobj
1181e16c   KNL_swi$sts$sumfmt
00000000   KNL_swi$sts$unittype
00000000   KNL_swi$swi
ffffffff   L3_CBA_RAM
00000001   LCK$
11811360   LNK_F_checkBufferCall
118113e0   LNK_F_dataPump
11811380   LNK_F_getChanPtr
118113d8   LNK_F_init
118118e8   LNK_F_readCallBack
1181efec   LNK_dataPump
1181f4b4   LNK_dataPump$
1181ec74   LNK_dspFrameReadyMask
1181ec70   LNK_dspFrameRequestMask
11811660   LNK_newin
11811794   LNK_newout
118113f0   LNK_rcloop
118114b4   LNK_rdrtry
1181ec7c   LNK_readDone
1181ec80   LNK_readFail
1181ec78   LNK_readPend
118114c4   LNK_rrloop
1181ec84   LNK_writeFail
11811590   LNK_wrloop
11811584   LNK_wrrtry
00000001   LOG$
1181f460   LOG_A_TABBEG
1181f490   LOG_A_TABEND
00000002   LOG_A_TABLEN
1181ea3c   LOG_D_system
00000001   LOG_ENABLED
11815060   LOG_F_event
1181f460   LOG_system
1181d000   LOG_system$buf
00000000   LOG_system$datatype
00000000   LOG_system$log
00000200   LOG_system$size
00000000   MBX$
00000001   MEM$
1181ec1c   MEM_MALLOCSEG
00000000   MEM_NULL
1181ec1c   MEM_SEGZERO
00000000   MEM_USEMPC
00000001   MEM_gNumHeap
00000000   MSGQ$
00000000   MSGQ_USEMSGQ
00000000   OBJ$
00000000   PIP$
1181f200   PIP_A_TABBEG
1181f2c8   PIP_A_TABEND
00000002   PIP_A_TABLEN
1181ea40   PIP_D_tabbeg
1181ea44   PIP_D_tablen
11813b38   PIP_F_give
11813b38   PIP_F_probe
11813c08   PIP_F_start
11813ac0   PIP_F_take
00000064   PIP_OBJSIZE
00000000   PIP_gNextId
00000002   PIP_gNumEmbed
00000000   POOL$
00000000   POOL_USEPOOL
00000001   PRD$
1181f490   PRD0
1181f4ac   PRD0$aaa
00000000   PRD0$mode
00000001   PRD0$ord
000001f4   PRD0$period
00000000   PRD0$prd
1181f384   PRD0$sts
1181e13f   PRD0$sts$avgfmt
00000000   PRD0$sts$filter
1181e12d   PRD0$sts$maxfmt
1181f380   PRD0$sts$stsobj
1181e136   PRD0$sts$sumfmt
00000002   PRD0$sts$unittype
1181f490   PRD_A_TABBEG
1181f4b0   PRD_A_TABEND
00000001   PRD_A_TABLEN
1181ea80   PRD_D_cur
1181ea84   PRD_D_elapsed
1181ea88   PRD_D_prevtim
1181ea8c   PRD_D_scalar
1181ea90   PRD_D_swihandle
1181ea94   PRD_D_tabbeg
1181ea98   PRD_D_tablen
1181ea9c   PRD_D_thook
1181ea7c   PRD_D_tick
11812840   PRD_F_swi
11812ac4   PRD_F_tick
00000001   PRD_SCALAR
1181f328   PRD_SWIHANDLE
118136d4   PRD_THOOKFXN
11808a98   PRD_clock
1181f328   PRD_swi
00000001   PRD_swi$dorta
00000001   PRD_swi$ord
00000001   PRD_swi$pri
1181f394   PRD_swi$sts
1181e15a   PRD_swi$sts$avgfmt
00000002   PRD_swi$sts$filter
00000001   PRD_swi$sts$filtmaxmult
00000001   PRD_swi$sts$filtsummult
1181e14a   PRD_swi$sts$maxfmt
1181f390   PRD_swi$sts$stsobj
1181e152   PRD_swi$sts$sumfmt
00000000   PRD_swi$sts$unittype
00000000   PRD_swi$swi
00000001   PWRM$
00000030   PWRM_PWRM_CAPSMASK
0000000a   PWRM_PWRM_CLKTICKSPERSLOT
00000000   PWRM_PWRM_ENABLE
00000002   PWRM_PWRM_INITSPCPU
00000000   PWRM_PWRM_INITSPPER
00000000   PWRM_PWRM_LOADENABLE
00000001   PWRM_PWRM_NUMSLOTS
00000000   PWRM_PWRM_RESOURCETRACKING
00000000   PWRM_PWRM_SCALING
11815560   PWRM_PWRM_SHAREDRESOURCEFXN
11815560   PWRM_PWRM_SLOTHOOKFXN
00000000   PWRM_PWRM_TIMERIDNUM
00000000   PWRM_PWRM_TIMERINTRMASK
00000000   PWRM_PWRM_TIMERWUGENMASK
00000000   PWRM_PWRM_USERRESOURCES
00000000   PWRM_PWRM_USETIMER
00000001   QUE$
1181eaa0   RTA_D_fromHost
1181eaa8   RTA_D_logval
1181eab8   RTA_D_stsval
1181eaa4   RTA_D_toHost
118154a0   RTA_F_andn
11812f20   RTA_F_dispatch
11812e40   RTA_F_getlog
11812e78   RTA_F_getsts
118154b8   RTA_F_or
11812eb8   RTA_F_readblk
11812ee0   RTA_F_resetmem
11812ed4   RTA_F_writeword
1181eff0   RTA_dispatcher
1181f4b8   RTA_dispatcher$
11812f6c   RTA_execute
1181cfc4   RTA_fromHost
1181a964   RTA_fromHost$buf
00000004   RTA_fromHost$framesize
00000000   RTA_fromHost$hst
00000001   RTA_fromHost$id
00000000   RTA_fromHost$mode
1181f200   RTA_fromHost$pipe
1181f230   RTA_fromHost$pipe$aaa
1181f260   RTA_fromHost$pipe$bbb
1181ec20   RTA_fromHost$pipe$dtab
1181f204   RTA_fromHost$pipe$rd
1181f234   RTA_fromHost$pipe$wr
1181cfcc   RTA_fromHost$rtdx
1181cfe0   RTA_toHost
1181eee8   RTA_toHost$buf
00000040   RTA_toHost$framesize
00000000   RTA_toHost$hst
00000000   RTA_toHost$id
00000001   RTA_toHost$mode
1181f264   RTA_toHost$pipe
1181f294   RTA_toHost$pipe$aaa
1181f2c4   RTA_toHost$pipe$bbb
1181ec2c   RTA_toHost$pipe$dtab
1181f268   RTA_toHost$pipe$rd
1181f298   RTA_toHost$pipe$wr
1181cfe8   RTA_toHost$rtdx
00000001   RTDX$
00000408   RTDX_BUFMEMSIZE
1181ec1c   RTDX_DATAMEMSEG
00000000   RTDX_MODE
00000001   RTDX_NORMALIZED_HDR
00000001   RTDX_USERTDX
00000000   RTDX_USERTEXECUTION
00000000   SEM$
00000000   SIO$
00000001   STS$
1181f380   STS_A_TABBEG
1181f3d0   STS_A_TABEND
1181536c   STS_F_add
11815340   STS_F_delta
11815388   STS_F_reset
00000001   SWI$
1181f328   SWI_A_TABBEG
1181f380   SWI_A_TABEND
00000002   SWI_A_TABLEN
1181eb14   SWI_D_curfxn
1181eb04   SWI_D_curmask
1181eb10   SWI_D_curmbox
1181eb08   SWI_D_curset
1181eb00   SWI_D_execaddr
1181eb1c   SWI_D_inswi
1181eb0c   SWI_D_lock
1181eb18   SWI_D_rdybeg
1181eb20   SWI_D_rdytab
1181eafc   SWI_D_runaddr
00000000   SWI_EHOOKFXN
11812564   SWI_EXECFXN
11812380   SWI_F_enable
11812564   SWI_F_exec
1181258c   SWI_F_iexec
118123f0   SWI_F_post
1181260c   SWI_F_run
00000000   SWI_IHOOKFXN
1181260c   SWI_RUNFXN
00000001   SYS$
1181f4c0   SYS$config
118154e0   SYS_ABORTFXN
118155e0   SYS_ERRORFXN
11815600   SYS_EXITFXN
11815520   SYS_PUTCFXN
1181f4d4   TRC_R_mask
1181f4d0   TRC_cinit
00000001   TSK$
00000000   TSK_NUM_HOOKS
00000001   TSK_PRIORITY
00000000   TSK_READYFXN
00000000   TSK_STACKSEG
00000400   TSK_STACKSIZE
00000000   TSK_SWITCHFXN
11815560   TSK_VCREATEFXN
11815560   TSK_VDELETEFXN
11815560   TSK_VEXITFXN
1181f2d4   TSK_idle
00000000   TSK_idle$ord
00000000   TSK_idle$pri
1181e130   TSK_idle$stack
1181e4c8   TSK_idle$stkptr
1181f3b4   TSK_idle$sts
1181e18e   TSK_idle$sts$avgfmt
00000002   TSK_idle$sts$filter
00000001   TSK_idle$sts$filtmaxmult
00000001   TSK_idle$sts$filtsummult
1181e17e   TSK_idle$sts$maxfmt
1181f3b0   TSK_idle$sts$stsobj
1181e186   TSK_idle$sts$sumfmt
00000000   TSK_idle$sts$unittype
00000000   TSK_idle$tsk
00000000   UDEV$
1180a46c   _AIC3106_Init
1180a520   _AIC3106_readRegister
1180a574   _AIC3106_writeRegister
11815560   _BCACHE_bootInit
11814874   _BCACHE_getMar
11814824   _BCACHE_getSize
118147f4   _BCACHE_setCacheToSram
118147a4   _BCACHE_setMar
11814760   _BCACHE_setSize
1181a980   _BIOS_init
1181abb0   _BIOS_start
1180f4c0   _BQ_init
1180f548   _BQ_process
1180f520   _BQ_setDen
1180f4f4   _BQ_setNum
ffffffff   _CACHE_L1D
ffffffff   _CACHE_L1P
000493e0   _CLK_COUNTSPMS
1181ecc4   _CLK_DFLTMICROSECS
1181ea78   _CLK_D_countspms
1181ea6c   _CLK_D_dirty
1181ecc8   _CLK_D_microseconds
1181ea70   _CLK_D_prd
1181ea74   _CLK_D_tddr
11814310   _CLK_F_itime
00005dc0   _CLK_PRD
01c20000   _CLK_REGS
00000000   _CLK_TDDR
00000000   _CLK_TIMERNUM
00000001   _CLK_USETIMER
11815620   _CLK_gethtime
1181ea5c   _CLK_htimeDiv
1181ea60   _CLK_htimeMult
1181ecd4   _CLK_htimePerLtime
11808254   _CLK_inputClock
11814310   _CLK_itime
1181ea64   _CLK_ltimeDiv
1181ea68   _CLK_ltimeMult
11815400   _CLK_measure
ffffffff   _DDR
1180eda4   _DIP_get
1180ee08   _DIP_getAll
1180ed80   _DIP_init
0000000a   _EVENT10
00000064   _EVENT100
00000065   _EVENT101
00000066   _EVENT102
00000067   _EVENT103
00000068   _EVENT104
00000069   _EVENT105
0000006a   _EVENT106
0000006b   _EVENT107
0000006c   _EVENT108
0000006d   _EVENT109
0000000b   _EVENT11
0000006e   _EVENT110
0000006f   _EVENT111
00000070   _EVENT112
00000071   _EVENT113
00000072   _EVENT114
00000073   _EVENT115
00000074   _EVENT116
00000075   _EVENT117
00000076   _EVENT118
00000077   _EVENT119
0000000c   _EVENT12
00000078   _EVENT120
00000079   _EVENT121
0000007a   _EVENT122
0000007b   _EVENT123
0000007c   _EVENT124
0000007d   _EVENT125
0000007e   _EVENT126
0000007f   _EVENT127
0000000d   _EVENT13
0000000e   _EVENT14
0000000f   _EVENT15
00000010   _EVENT16
00000011   _EVENT17
00000012   _EVENT18
00000013   _EVENT19
00000014   _EVENT20
00000015   _EVENT21
00000016   _EVENT22
00000017   _EVENT23
00000018   _EVENT24
00000019   _EVENT25
0000001a   _EVENT26
0000001b   _EVENT27
0000001c   _EVENT28
0000001d   _EVENT29
0000001e   _EVENT30
0000001f   _EVENT31
00000020   _EVENT32
00000021   _EVENT33
00000022   _EVENT34
00000023   _EVENT35
00000024   _EVENT36
00000025   _EVENT37
00000026   _EVENT38
00000027   _EVENT39
00000004   _EVENT4
00000028   _EVENT40
00000029   _EVENT41
0000002a   _EVENT42
0000002b   _EVENT43
0000002c   _EVENT44
0000002d   _EVENT45
0000002e   _EVENT46
0000002f   _EVENT47
00000030   _EVENT48
00000031   _EVENT49
00000005   _EVENT5
00000032   _EVENT50
00000033   _EVENT51
00000034   _EVENT52
00000035   _EVENT53
00000036   _EVENT54
00000037   _EVENT55
00000038   _EVENT56
00000039   _EVENT57
0000003a   _EVENT58
0000003b   _EVENT59
00000006   _EVENT6
0000003c   _EVENT60
0000003d   _EVENT61
0000003e   _EVENT62
0000003f   _EVENT63
00000040   _EVENT64
00000041   _EVENT65
00000042   _EVENT66
00000043   _EVENT67
00000044   _EVENT68
00000045   _EVENT69
00000007   _EVENT7
00000046   _EVENT70
00000047   _EVENT71
00000048   _EVENT72
00000049   _EVENT73
0000004a   _EVENT74
0000004b   _EVENT75
0000004c   _EVENT76
0000004d   _EVENT77
0000004e   _EVENT78
0000004f   _EVENT79
00000008   _EVENT8
00000050   _EVENT80
00000051   _EVENT81
00000052   _EVENT82
00000053   _EVENT83
00000054   _EVENT84
00000055   _EVENT85
00000056   _EVENT86
00000057   _EVENT87
00000058   _EVENT88
00000059   _EVENT89
00000009   _EVENT9
0000005a   _EVENT90
0000005b   _EVENT91
0000005c   _EVENT92
0000005d   _EVENT93
0000005e   _EVENT94
0000005f   _EVENT95
00000060   _EVENT96
00000061   _EVENT97
00000062   _EVENT98
00000063   _EVENT99
11808c88   _EVMC6748_enableDsp
11808aa0   _EVMC6748_init
11808acc   _EVMC6748_initRAM
11808d50   _EVMC6748_lpscTransition
11808cb4   _EVMC6748_pinmuxConfig
11811e70   _EXC_clearLastStatus
118138e0   _EXC_dispatch
11811c94   _EXC_exceptionHandler
1181ec88   _EXC_exceptionHook
11811c60   _EXC_external
1181ec90   _EXC_externalHook
11811c40   _EXC_getLastStatus
11811c00   _EXC_init
11811954   _EXC_internal
1181ec8c   _EXC_internalHook
11811920   _EXC_nmi
1181ec94   _EXC_nmiHook
1181ec40   _EXC_returnPtr
11813aa4   _EXC_setReturnPtr
11808a40   _EXC_status
1181ec38   _EXC_sysTrapTable
11815560   _FXN_F_nop
118151c4   _FXN_F_run
11815200   _FXN_F_zero
00000000   _GBL_CACHE
11814908   _GBL_cacheInit64P
1181ead4   _GBL_clkIn
1181ead8   _GBL_freq
11815580   _GBL_getVersion
1181ead0   _GBL_procId
1180c3d8   _GPIO_getInput
1180c360   _GPIO_setDir
1180c44c   _GPIO_setOutput
1180c4cc   _GPIO_toggleLoop
118105c0   _HOSTclose
1180f5e0   _HOSTlseek
1180f8e0   _HOSTopen
1180f9c0   _HOSTread
1180ec00   _HOSTrename
1180ff00   _HOSTunlink
1180ffc0   _HOSTwrite
1181c000   _HSRTDX_rec
1181c760   _HSRTDX_xmt
1181cfc0   _HST_A_TABBEG
1181cffc   _HST_A_TABEND
00005828   _HWI_CFGDISPATCHED
1181ec64   _HWI_D_inhwi
1181ec58   _HWI_D_spsave
11811ea0   _HWI_F_dispatch
0000000a   _HWI_INT10
0000000b   _HWI_INT11
0000000c   _HWI_INT12
0000000d   _HWI_INT13
0000000e   _HWI_INT14
0000000f   _HWI_INT15
00000004   _HWI_INT4
00000005   _HWI_INT5
00000006   _HWI_INT6
00000007   _HWI_INT7
00000008   _HWI_INT8
00000009   _HWI_INT9
00000001   _HWI_NMI
00000002   _HWI_RESERVED0
00000003   _HWI_RESERVED1
00000000   _HWI_RESET
1181e928   _HWI_STKBOTTOM
1181e530   _HWI_STKTOP
1181ec58   _HWI_data
11815220   _HWI_disable
1181e930   _HWI_dispatchTab
11815238   _HWI_enable
1181524c   _HWI_restore
1180b774   _I2CGPIO_getInput
1180b890   _I2CGPIO_getInputAll
1180b6a0   _I2CGPIO_init
1180b9a0   _I2CGPIO_setOutput
1180bae8   _I2CGPIO_setOutputAll
1180c6e0   _I2C_init
1180c7cc   _I2C_read
1180c928   _I2C_write
1181f3c4   _IDL_busyObj
1181efe8   _IDL_cpuLoad
118155a0   _IDL_loop
1181ec1c   _IRAM
11818964   _IRAM_base
00002000   _IRAM_length
1181eba0   _KNL_alarm
118149c0   _KNL_check
1181ebc4   _KNL_curqueue
1181ebb4   _KNL_curtask
1181ebbc   _KNL_curtime
118088c8   _KNL_dummy
11814d20   _KNL_enter
11814ce0   _KNL_exit
11814a88   _KNL_idle
1181ebdc   _KNL_idlefxn
1181eba8   _KNL_inactive
11814ee0   _KNL_ipost
11814ab0   _KNL_max
1181ebc8   _KNL_maxqueue
11814f60   _KNL_post
1181ebb8   _KNL_prevtask
1181ebac   _KNL_priority
11808828   _KNL_queues
118130c0   _KNL_run
11814360   _KNL_saveIsrFrame
1181ebb0   _KNL_set
1181eba4   _KNL_setpri
1181f354   _KNL_swi
1181ebc0   _KNL_swiptr
1181440c   _KNL_switch
1181ebd0   _KNL_tcreatefxn
1181ebd4   _KNL_tdeletefxn
118136d4   _KNL_tick
1181ebd8   _KNL_treadyfxn
1181ebcc   _KNL_tswitchfxn
1181eb98   _KNL_wFlag
1181eb9c   _KNL_wList
ffffffff   _L3_CBA_RAM
11815000   _LCK_pend
11814fe0   _LCK_post
1180e6c0   _LED_init
1180e70c   _LED_isOn
1180e80c   _LED_toggle
1180e7c4   _LED_turnOff
1180e774   _LED_turnOn
1181efec   _LNK_dataPump
1181ec74   _LNK_dspFrameReadyMask
1181ec70   _LNK_dspFrameRequestMask
1181ec7c   _LNK_readDone
1181ec80   _LNK_readFail
1181ec78   _LNK_readPend
1181ec84   _LNK_writeFail
1181f460   _LOG_A_TABBEG
1181f490   _LOG_A_TABEND
00000002   _LOG_A_TABLEN
1181ea3c   _LOG_D_system
11815060   _LOG_event
1181f460   _LOG_system
1181ecdc   _MEM
1181eadc   _MEM_D_NUMSEGMENTS
1181eae4   _MEM_D_freelist
1181eae8   _MEM_D_lockaddr
1181eae0   _MEM_D_memtab
1181eaec   _MEM_D_unlockaddr
11813300   _MEM_alloc
11813700   _MEM_free
1181adc0   _MEM_init
1181ec10   _MEM_memtab
1180a0f0   _McASP_Init
1180a234   _McASP_Start
11808998   _OBJ_segtab
11808960   _OBJ_table
1181f200   _PIP_A_TABBEG
1181f2c8   _PIP_A_TABEND
1181f490   _PRD0
1181ea7c   _PRD_D_tick
11808a98   _PRD_clock
1181f328   _PRD_swi
1180e4c0   _RB3_init
1180e5c0   _RB3_innerProduct
1180e514   _RB3_insert
1180e638   _RB3_print
1180e554   _RB3_push
1180e530   _RB3_rotate
1180e590   _RB3_set
1181eff0   _RTA_dispatcher
1181cfc4   _RTA_fromHost
1181cfe0   _RTA_toHost
1181d880   _RTDX_Buffer
1181dc8c   _RTDX_Buffer_End
1181cde0   _RTDX_Buffer_Initialize
1181cf60   _RTDX_Buffer_Read
1181cea0   _RTDX_Buffer_ReadCB
1181cee0   _RTDX_Buffer_Size
1181dc88   _RTDX_Buffer_Start
1181cf80   _RTDX_Buffer_Write
1181c2a0   _RTDX_Buffer_WriteCB
1181cd60   _RTDX_Final_RT_Monitor
1181ce40   _RTDX_Init_RT_Monitor
00000002   _RTDX_JTAGONLY
1181cfa0   _RTDX_Mask_IER
1181ca60   _RTDX_Mon_Queue
1181ccc0   _RTDX_Poll
00000000   _RTDX_interrupt_mask
1181cf20   _RTDX_memfill
1181dce0   _RTDX_writing
1181ec1c   _SEG0
118152e0   _SEM_pend
11813ca0   _SEM_pendEnterKnl
11814c00   _SEM_post
11814c00   _SEM_postBinary
11814da0   _SEM_postEnterKnl
1181f380   _STS_A_TABBEG
1181f3d0   _STS_A_TABEND
1181536c   _STS_add
11815340   _STS_delta
11815388   _STS_reset
118155c0   _STS_set
1181eb14   _SWI_D_curfxn
1181eb04   _SWI_D_curmask
1181eb08   _SWI_D_curset
1181eb00   _SWI_D_execaddr
1181eb1c   _SWI_D_inswi
1181eb0c   _SWI_D_lock
1181eb18   _SWI_D_rdybeg
1181eafc   _SWI_D_runaddr
1181eafc   _SWI_data
118123f0   _SWI_post
1181eaf0   _SYS
1181ece8   _SYS_PUTCBEG
1181eee7   _SYS_PUTCEND
118153a0   _SYS_abort
11815160   _SYS_error
11814e40   _SYS_exit
11808a08   _SYS_exitStack
1181eccc   _SYS_exitStackPtr
1181ecd0   _SYS_exitStackTop
1180a630   _SetGpio
1181f4d4   _TRC_R_mask
1181ecc0   _TSK
11808900   _TSK_ATTRS
1180891c   _TSK_config
11814620   _TSK_exit
1181f2d4   _TSK_idle
1181ae80   _TSK_init
1181ecb8   _TSK_nTasks
1181ecbc   _TSK_pid
11814020   _TSK_setup
11814b84   _TSK_startup
1180893c   _TSK_timerSem
1180a5b8   _USTIMER_delay
118096a0   _UTIL_isUIBoardAttached
11809548   _UTIL_printMem
118154e0   _UTL_doAbort
118155e0   _UTL_doError
11815520   _UTL_doPutc
11815600   _UTL_halt
1181aee0   __CIOBUF_
11814330   __CLK_lat1beg
11814350   __CLK_lat1end
1181eaf8   __HOOK_NUMHOOKS
1181eaf4   __HOOK_knlId
11811ea0   __HWI_lat1beg
11812028   __HWI_lat1end
11812028   __HWI_lat2beg
11812204   __HWI_lat2end1
11812190   __HWI_lat2end2
11812220   __HWI_lat3beg
118121c0   __HWI_lat3end2
11815280   __IDL_lat1beg
118152c0   __IDL_lat1end
11814a0c   __KNL_lat1beg
11814a88   __KNL_lat1end
11815060   __LOG_lat1beg
118089dc   __MEM_mutex
11812ee0   __RTA_lat1beg
11812f14   __RTA_lat1end
11813e80   __SEM_dopost
1181e930   __STACK_END
00000400   __STACK_SIZE
118124f8   __SWI_lat1beg
118125a4   __SWI_lat1end
118125a8   __SWI_lat2beg
11812608   __SWI_lat2end
11812380   __SWI_lat3beg
118123ec   __SWI_lat3end
118089b4   __TSK_mutex
11808a84   ___TI_enable_exit_profile_output
ffffffff   ___TI_pprof_out_hndl
ffffffff   ___TI_prof_data_size
ffffffff   ___TI_prof_data_start
11811100   ___add_dtor
11808580   ___atexit_func_id__
ffffffff   ___binit__
1181e930   ___bss__
ffffffff   ___c_args__
11815640   ___cinit__
11800000   ___data__
11800000   ___edata__
1181ece8   ___end__
11811360   ___etext__
11811140   ___isinf
1181a974   ___pinit__
11808aa0   ___text__
118144e0   __auto_init
1180faa0   __c6xabi_divi
11810140   __c6xabi_divu
118102c0   __c6xabi_remi
11810660   __cleanup
11808a7c   __cleanup_ptr
1180f160   __closefile
1181de90   __ctypes_
1180a660   __divd
1180faa0   __divi
11810700   __divli
11810140   __divu
1180ea60   __divul
1180d580   __divull
11810200   __doflush
11808a80   __dtors_ptr
118108e0   __fixdli
11810de0   __fltlid
118111c0   __frcmpyd_div
11808578   __ft_end
11808258   __ftable
11810e60   __llshl
11811200   __llshru
11808a88   __lock
11811280   __negll
118112a0   __nop
11810980   __nround
1180bb80   __printfi
11811300   __register_lock
11811320   __register_unlock
118102c0   __remi
11811240   __remli
1181e530   __stack
11810fe0   __subcull
11808438   __tmpnams
11808a8c   __unlock
1180f6e0   __wrt_ok
118020f0   _aHigh
11802000   _aLow
11802030   _aMid
11802090   _aPres
11810380   _atexit
1180fb80   _atoi
11809878   _audioHWI
11802108   _bHigh
11802018   _bLow
11802060   _bMid
118020c0   _bPres
11800000   _b_fir
1181df98   _bitval_u32
118021a8   _buffer
1181ad00   _c_int00
1180f7e0   _call_dtors
11812dec   _calloc
1180fc60   _close
11809128   _config_pll0
11809364   _config_pll1
11809758   _dipPRD
1181ec09   _dist
11808824   _dtors
1181ec08   _eqBypass
118041a8   _eqSignal
118061a8   _fftSignal
11808248   _filt
1180dea0   _fputc
1180bfc0   _fputs
11812bc0   _free
1180f3a0   _fseek
118081e8   _high
1181ebf0   _highGain
1181ebf8   _in
1180a088   _initAll
118081a8   _low
1181ebe4   _lowGain
11810b60   _lseek
11810440   _ltoa
118096c0   _main
11812be4   _malloc
1181ebe0   _mask
11812d28   _memalign
11811040   _memccpy
11810c00   _memcpy
1180fd40   _memset
118081b8   _mid
1181ebe8   _midGain
11810ca0   _modf
1181ec00   _out
118081d0   _pres
1181ebec   _presGain
1180fe20   _printf
1180dea0   _putc
1180a040   _read_audio_sample
11810ee0   _readmsg
11812c44   _realloc
11811340   _remove
1181eca0   _rtdxNullChanCnt
1181eca4   _rtdxNullFuncCnt
1181ecac   _rtdxRecNotDoneCnt
1181ecb4   _rtdxXmtErrorCnt
1181eca8   _rtdxXmtNotDoneCnt
1181ecb0   _rtdxXmtRestartCnt
1181dcd4   _rtdx_buffer_state
1181dc90   _rtdx_mon_state
1180e2c0   _setvbuf
11802120   _sine
1181f478   _trace
11810f60   _unlink
11808238   _wHigh
118081f8   _wLow
11808208   _wMid
11808220   _wPres
11810d40   _write
1181ec0c   _writeIndex
1180a064   _write_audio_sample
118110a0   _writemsg
ffffffff   binit
11815640   cinit
11800000   edata
1181ece8   end
11811360   etext
1181f000   hwi0
1181f020   hwi1
1181f140   hwi10
1181f160   hwi11
1181f180   hwi12
1181f1a0   hwi13
1181f1c0   hwi14
1181f1e0   hwi15
1181f040   hwi2
1181f060   hwi3
1181f080   hwi4
1181f0a0   hwi5
1181f0c0   hwi6
1181f0e0   hwi7
1181f100   hwi8
1181f120   hwi9
1181a974   pinit
1181f478   trace
1181b000   trace$buf
00000001   trace$datatype
00000000   trace$log
00000400   trace$size


GLOBAL SYMBOLS: SORTED BY Symbol Address 

address    name
--------   ----
00000000   BUF$
00000000   CLK_PRDHIGH
00000000   CLK_TDDR
00000000   CLK_TDDRHIGH
00000000   CLK_TIMERNUM
00000000   DEV$
00000000   DGN$
00000000   DHL$
00000000   DHL_gChannelsAvailable
00000000   DIO$
00000000   DIO_NUMSWIBASE
00000000   DIO_NUMTSKBASE
00000000   DIO_STATIC
00000000   DPI$
00000000   ECM$
00000000   ECM_ENABLE
00000000   GBL_BCACHEREADADDR0
00000000   GBL_BCACHEREADADDR1
00000000   GBL_BCACHEREADADDR2
00000000   GBL_BIGENDIAN
00000000   GBL_CACHE
00000000   GBL_CALLCSLCFGINIT
00000000   GBL_ENABLE_SK
00000000   GBL_GEMTRUECOMPEN
00000000   GBL_L2MAR0_31
00000000   GBL_L2MAR160_191
00000000   GBL_L2MAR224_255
00000000   GBL_L2MAR32_63
00000000   GBL_L2MAR64_95
00000000   GBL_L2MAR96_127
00000000   GBL_L2MODE
00000000   GBL_NULL
00000000   GBL_PROCID
00000000   GBL_ROM
00000000   GBL_SUPPORTCSL
00000000   GBL_USERINIT
00000000   GIO$
00000000   HOOK$
00000000   HOOK_KNLID
00000000   HST_DSM
00000000   HST_NONE
00000000   HWI_GENERATE_RESET_VEC
00000000   HWI_INT10$hwi
00000000   HWI_INT11$hwi
00000000   HWI_INT12$hwi
00000000   HWI_INT13$hwi
00000000   HWI_INT14$hwi
00000000   HWI_INT15$hwi
00000000   HWI_INT4$hwi
00000000   HWI_INT5$hwi
00000000   HWI_INT6$hwi
00000000   HWI_INT7$hwi
00000000   HWI_INT8$hwi
00000000   HWI_INT9$hwi
00000000   HWI_NMI$hwi
00000000   HWI_POLARITYMASK
00000000   HWI_RESERVED0$hwi
00000000   HWI_RESERVED1$hwi
00000000   HWI_RESET
00000000   HWI_RESET$hwi
00000000   HWI_ZEROTAB
00000000   IDL_busyObj$iB
00000000   IDL_busyObj$operation
00000000   KNL_swi$pri
00000000   KNL_swi$sts$unittype
00000000   KNL_swi$swi
00000000   LOG_system$datatype
00000000   LOG_system$log
00000000   MBX$
00000000   MEM_NULL
00000000   MEM_USEMPC
00000000   MSGQ$
00000000   MSGQ_USEMSGQ
00000000   OBJ$
00000000   PIP$
00000000   PIP_gNextId
00000000   POOL$
00000000   POOL_USEPOOL
00000000   PRD0$mode
00000000   PRD0$prd
00000000   PRD0$sts$filter
00000000   PRD_swi$sts$unittype
00000000   PRD_swi$swi
00000000   PWRM_PWRM_ENABLE
00000000   PWRM_PWRM_INITSPPER
00000000   PWRM_PWRM_LOADENABLE
00000000   PWRM_PWRM_RESOURCETRACKING
00000000   PWRM_PWRM_SCALING
00000000   PWRM_PWRM_TIMERIDNUM
00000000   PWRM_PWRM_TIMERINTRMASK
00000000   PWRM_PWRM_TIMERWUGENMASK
00000000   PWRM_PWRM_USERRESOURCES
00000000   PWRM_PWRM_USETIMER
00000000   RTA_fromHost$hst
00000000   RTA_fromHost$mode
00000000   RTA_toHost$hst
00000000   RTA_toHost$id
00000000   RTDX_MODE
00000000   RTDX_USERTEXECUTION
00000000   SEM$
00000000   SIO$
00000000   SWI_EHOOKFXN
00000000   SWI_IHOOKFXN
00000000   TSK_NUM_HOOKS
00000000   TSK_READYFXN
00000000   TSK_STACKSEG
00000000   TSK_SWITCHFXN
00000000   TSK_idle$ord
00000000   TSK_idle$pri
00000000   TSK_idle$sts$unittype
00000000   TSK_idle$tsk
00000000   UDEV$
00000000   _CLK_TDDR
00000000   _CLK_TIMERNUM
00000000   _GBL_CACHE
00000000   _HWI_RESET
00000000   _RTDX_interrupt_mask
00000000   trace$log
00000001   BUF_ENABLED
00000001   CLK$
00000001   CLK_CALDIV
00000001   CLK_CALMULT
00000001   CLK_ENABLEHTIME
00000001   CLK_HTIMEDIV
00000001   CLK_HTIMEMULT
00000001   CLK_LTIMEDIV
00000001   CLK_POWERENABLE
00000001   CLK_RESETTIMER
00000001   CLK_USETIMER
00000001   GBL$
00000001   GBL_ENABLEINST
00000001   GBL_L2CONFIGURE
00000001   GBL_L2MAR128_159
00000001   GBL_boot
00000001   HST$
00000001   HST_RTDX
00000001   HWI$
00000001   HWI_ENABLE_EXC
00000001   HWI_NMI
00000001   IDL$
00000001   IDL_USECLKIDLTIME
00000001   IDL_busyObj$filter
00000001   IDL_busyObj$iA
00000001   IDL_busyObj$iC
00000001   ISRC$
00000001   KNL_swi$dorta
00000001   KNL_swi$sts$filtmaxmult
00000001   KNL_swi$sts$filtsummult
00000001   LCK$
00000001   LOG$
00000001   LOG_ENABLED
00000001   MEM$
00000001   MEM_gNumHeap
00000001   PRD$
00000001   PRD0$ord
00000001   PRD_A_TABLEN
00000001   PRD_SCALAR
00000001   PRD_swi$dorta
00000001   PRD_swi$ord
00000001   PRD_swi$pri
00000001   PRD_swi$sts$filtmaxmult
00000001   PRD_swi$sts$filtsummult
00000001   PWRM$
00000001   PWRM_PWRM_NUMSLOTS
00000001   QUE$
00000001   RTA_fromHost$id
00000001   RTA_toHost$mode
00000001   RTDX$
00000001   RTDX_NORMALIZED_HDR
00000001   RTDX_USERTDX
00000001   STS$
00000001   SWI$
00000001   SYS$
00000001   TSK$
00000001   TSK_PRIORITY
00000001   TSK_idle$sts$filtmaxmult
00000001   TSK_idle$sts$filtsummult
00000001   _CLK_USETIMER
00000001   _HWI_NMI
00000001   trace$datatype
00000002   HWI_RESERVED0
00000002   IDL_busyObj$unittype
00000002   KNL_swi$ord
00000002   KNL_swi$sts$filter
00000002   LOG_A_TABLEN
00000002   PIP_A_TABLEN
00000002   PIP_gNumEmbed
00000002   PRD0$sts$unittype
00000002   PRD_swi$sts$filter
00000002   PWRM_PWRM_INITSPCPU
00000002   SWI_A_TABLEN
00000002   TSK_idle$sts$filter
00000002   _HWI_RESERVED0
00000002   _LOG_A_TABLEN
00000002   _RTDX_JTAGONLY
00000003   HWI_RESERVED1
00000003   _HWI_RESERVED1
00000004   CLK_COUNTSPMSHIGH
00000004   EVENT4
00000004   HWI_INT4
00000004   RTA_fromHost$framesize
00000004   _EVENT4
00000004   _HWI_INT4
00000005   CLK_TIMMODE
00000005   EVENT5
00000005   HWI_INT5
00000005   _EVENT5
00000005   _HWI_INT5
00000006   EVENT6
00000006   HWI_INT6
00000006   IDL_CALIBRERROR
00000006   _EVENT6
00000006   _HWI_INT6
00000007   EVENT7
00000007   GBL_L1DMODE
00000007   GBL_L1PMODE
00000007   HWI_INT7
00000007   _EVENT7
00000007   _HWI_INT7
00000008   EVENT8
00000008   HWI_INT8
00000008   _EVENT8
00000008   _HWI_INT8
00000009   EVENT9
00000009   HWI_INT9
00000009   _EVENT9
00000009   _HWI_INT9
0000000a   EVENT10
0000000a   HWI_INT10
0000000a   PWRM_PWRM_CLKTICKSPERSLOT
0000000a   _EVENT10
0000000a   _HWI_INT10
0000000b   EVENT11
0000000b   HWI_INT11
0000000b   _EVENT11
0000000b   _HWI_INT11
0000000c   EVENT12
0000000c   HWI_INT12
0000000c   _EVENT12
0000000c   _HWI_INT12
0000000d   EVENT13
0000000d   HWI_INT13
0000000d   _EVENT13
0000000d   _HWI_INT13
0000000e   EVENT14
0000000e   HWI_INT14
0000000e   _EVENT14
0000000e   _HWI_INT14
0000000f   EVENT15
0000000f   HWI_INT15
0000000f   _EVENT15
0000000f   _HWI_INT15
00000010   EVENT16
00000010   _EVENT16
00000011   EVENT17
00000011   _EVENT17
00000012   EVENT18
00000012   _EVENT18
00000013   EVENT19
00000013   _EVENT19
00000014   EVENT20
00000014   _EVENT20
00000015   EVENT21
00000015   _EVENT21
00000016   EVENT22
00000016   _EVENT22
00000017   EVENT23
00000017   _EVENT23
00000018   EVENT24
00000018   _EVENT24
00000019   EVENT25
00000019   _EVENT25
0000001a   EVENT26
0000001a   _EVENT26
0000001b   EVENT27
0000001b   _EVENT27
0000001c   EVENT28
0000001c   _EVENT28
0000001d   EVENT29
0000001d   _EVENT29
0000001e   EVENT30
0000001e   _EVENT30
0000001f   EVENT31
0000001f   _EVENT31
00000020   CLK_TCR
00000020   EVENT32
00000020   _EVENT32
00000021   EVENT33
00000021   _EVENT33
00000022   EVENT34
00000022   _EVENT34
00000023   EVENT35
00000023   _EVENT35
00000024   EVENT36
00000024   _EVENT36
00000025   EVENT37
00000025   _EVENT37
00000026   EVENT38
00000026   _EVENT38
00000027   EVENT39
00000027   _EVENT39
00000028   EVENT40
00000028   _EVENT40
00000029   EVENT41
00000029   _EVENT41
0000002a   EVENT42
0000002a   _EVENT42
0000002b   EVENT43
0000002b   _EVENT43
0000002c   EVENT44
0000002c   _EVENT44
0000002d   EVENT45
0000002d   _EVENT45
0000002e   EVENT46
0000002e   _EVENT46
0000002f   EVENT47
0000002f   _EVENT47
00000030   EVENT48
00000030   PWRM_PWRM_CAPSMASK
00000030   _EVENT48
00000031   EVENT49
00000031   _EVENT49
00000032   EVENT50
00000032   _EVENT50
00000033   EVENT51
00000033   _EVENT51
00000034   EVENT52
00000034   _EVENT52
00000035   EVENT53
00000035   _EVENT53
00000036   EVENT54
00000036   _EVENT54
00000037   EVENT55
00000037   _EVENT55
00000038   EVENT56
00000038   _EVENT56
00000039   EVENT57
00000039   _EVENT57
0000003a   EVENT58
0000003a   _EVENT58
0000003b   EVENT59
0000003b   _EVENT59
0000003c   EVENT60
0000003c   _EVENT60
0000003d   EVENT61
0000003d   _EVENT61
0000003e   EVENT62
0000003e   GBL_DSPTYPE
0000003e   _EVENT62
0000003f   EVENT63
0000003f   _EVENT63
00000040   EVENT64
00000040   HST_MAXFRAMESET
00000040   RTA_toHost$framesize
00000040   _EVENT64
00000041   EVENT65
00000041   _EVENT65
00000042   EVENT66
00000042   GBL_FOOTPRINT
00000042   _EVENT66
00000043   EVENT67
00000043   _EVENT67
00000044   EVENT68
00000044   _EVENT68
00000045   EVENT69
00000045   _EVENT69
00000046   EVENT70
00000046   _EVENT70
00000047   EVENT71
00000047   _EVENT71
00000048   EVENT72
00000048   _EVENT72
00000049   EVENT73
00000049   _EVENT73
0000004a   EVENT74
0000004a   _EVENT74
0000004b   EVENT75
0000004b   _EVENT75
0000004c   EVENT76
0000004c   _EVENT76
0000004d   EVENT77
0000004d   _EVENT77
0000004e   EVENT78
0000004e   _EVENT78
0000004f   EVENT79
0000004f   _EVENT79
00000050   EVENT80
00000050   _EVENT80
00000051   EVENT81
00000051   _EVENT81
00000052   EVENT82
00000052   _EVENT82
00000053   EVENT83
00000053   _EVENT83
00000054   EVENT84
00000054   _EVENT84
00000055   EVENT85
00000055   _EVENT85
00000056   EVENT86
00000056   _EVENT86
00000057   EVENT87
00000057   _EVENT87
00000058   EVENT88
00000058   _EVENT88
00000059   EVENT89
00000059   _EVENT89
0000005a   EVENT90
0000005a   _EVENT90
0000005b   EVENT91
0000005b   _EVENT91
0000005c   EVENT92
0000005c   _EVENT92
0000005d   EVENT93
0000005d   _EVENT93
0000005e   EVENT94
0000005e   _EVENT94
0000005f   EVENT95
0000005f   _EVENT95
00000060   EVENT96
00000060   _EVENT96
00000061   EVENT97
00000061   _EVENT97
00000062   EVENT98
00000062   _EVENT98
00000063   EVENT99
00000063   _EVENT99
00000064   EVENT100
00000064   PIP_OBJSIZE
00000064   _EVENT100
00000065   EVENT101
00000065   _EVENT101
00000066   EVENT102
00000066   _EVENT102
00000067   EVENT103
00000067   _EVENT103
00000068   EVENT104
00000068   _EVENT104
00000069   EVENT105
00000069   _EVENT105
0000006a   EVENT106
0000006a   _EVENT106
0000006b   EVENT107
0000006b   _EVENT107
0000006c   EVENT108
0000006c   _EVENT108
0000006d   EVENT109
0000006d   _EVENT109
0000006e   EVENT110
0000006e   _EVENT110
0000006f   EVENT111
0000006f   _EVENT111
00000070   EVENT112
00000070   _EVENT112
00000071   EVENT113
00000071   _EVENT113
00000072   EVENT114
00000072   _EVENT114
00000073   EVENT115
00000073   _EVENT115
00000074   EVENT116
00000074   _EVENT116
00000075   EVENT117
00000075   _EVENT117
00000076   EVENT118
00000076   _EVENT118
00000077   EVENT119
00000077   _EVENT119
00000078   EVENT120
00000078   _EVENT120
00000079   EVENT121
00000079   _EVENT121
0000007a   EVENT122
0000007a   _EVENT122
0000007b   EVENT123
0000007b   _EVENT123
0000007c   EVENT124
0000007c   _EVENT124
0000007d   EVENT125
0000007d   _EVENT125
0000007e   EVENT126
0000007e   _EVENT126
0000007f   EVENT127
0000007f   _EVENT127
000000ff   HST_MAXFRAMEALLOWED
000001f4   PRD0$period
00000200   LOG_system$size
000003e8   CLK_MICROSECS
00000400   HST_DSMMEMSIZE
00000400   TSK_STACKSIZE
00000400   __STACK_SIZE
00000400   trace$size
00000408   RTDX_BUFMEMSIZE
00001a5b   GBL_CLKTYPE
00001a5c   GBL_DSPSUBTYPE
00002000   IRAM$L
00002000   _IRAM_length
00004000   CLK_INTBIT
00004e20   GBL_CLKIN
00005205   GBL_A_VERSION
00005828   HWI_CFGDISPATCHED
00005828   _HWI_CFGDISPATCHED
00005dc0   CLK_INPUTCLK
00005dc0   CLK_PRD
00005dc0   _CLK_PRD
0000dbef   GBL_TRCMASKVALUE
000493e0   CLK_COUNTSPMS
000493e0   CLK_HTIMEPERLTIME
000493e0   CLK_LTIMEMULT
000493e0   GBL_FREQ
000493e0   _CLK_COUNTSPMS
01c20000   CLK_REGS
01c20000   _CLK_REGS
07063d04   HWI_INTRMUX1
0b0a0908   HWI_INTRMUX2
11800000   .data
11800000   ___data__
11800000   ___edata__
11800000   _b_fir
11800000   edata
11802000   _aLow
11802018   _bLow
11802030   _aMid
11802060   _bMid
11802090   _aPres
118020c0   _bPres
118020f0   _aHigh
11802108   _bHigh
11802120   _sine
118021a8   _buffer
118041a8   _eqSignal
118061a8   _fftSignal
118081a8   _low
118081b8   _mid
118081d0   _pres
118081e8   _high
118081f8   _wLow
11808208   _wMid
11808220   _wPres
11808238   _wHigh
11808248   _filt
11808254   _CLK_inputClock
11808258   __ftable
11808438   __tmpnams
11808578   __ft_end
11808580   ___atexit_func_id__
11808824   _dtors
11808828   _KNL_queues
118088c8   _KNL_dummy
11808900   _TSK_ATTRS
1180891c   _TSK_config
1180893c   _TSK_timerSem
11808960   _OBJ_table
11808998   _OBJ_segtab
118089b4   __TSK_mutex
118089dc   __MEM_mutex
11808a08   _SYS_exitStack
11808a40   _EXC_status
11808a7c   __cleanup_ptr
11808a80   __dtors_ptr
11808a84   ___TI_enable_exit_profile_output
11808a88   __lock
11808a8c   __unlock
11808a98   CLK_A_TABBEG
11808a98   PRD_clock
11808a98   _PRD_clock
11808a9c   CLK_null
11808aa0   .text
11808aa0   _EVMC6748_init
11808aa0   ___text__
11808acc   _EVMC6748_initRAM
11808c88   _EVMC6748_enableDsp
11808cb4   _EVMC6748_pinmuxConfig
11808d50   _EVMC6748_lpscTransition
11809128   _config_pll0
11809364   _config_pll1
11809548   _UTIL_printMem
118096a0   _UTIL_isUIBoardAttached
118096c0   _main
11809758   _dipPRD
11809878   _audioHWI
1180a040   _read_audio_sample
1180a064   _write_audio_sample
1180a088   _initAll
1180a0f0   _McASP_Init
1180a234   _McASP_Start
1180a46c   _AIC3106_Init
1180a520   _AIC3106_readRegister
1180a574   _AIC3106_writeRegister
1180a5b8   _USTIMER_delay
1180a630   _SetGpio
1180a660   __divd
1180b6a0   _I2CGPIO_init
1180b774   _I2CGPIO_getInput
1180b890   _I2CGPIO_getInputAll
1180b9a0   _I2CGPIO_setOutput
1180bae8   _I2CGPIO_setOutputAll
1180bb80   __printfi
1180bfc0   _fputs
1180c360   _GPIO_setDir
1180c3d8   _GPIO_getInput
1180c44c   _GPIO_setOutput
1180c4cc   _GPIO_toggleLoop
1180c6e0   _I2C_init
1180c7cc   _I2C_read
1180c928   _I2C_write
1180d580   __divull
1180dea0   _fputc
1180dea0   _putc
1180e2c0   _setvbuf
1180e4c0   _RB3_init
1180e514   _RB3_insert
1180e530   _RB3_rotate
1180e554   _RB3_push
1180e590   _RB3_set
1180e5c0   _RB3_innerProduct
1180e638   _RB3_print
1180e6c0   _LED_init
1180e70c   _LED_isOn
1180e774   _LED_turnOn
1180e7c4   _LED_turnOff
1180e80c   _LED_toggle
1180ea60   __divul
1180ec00   _HOSTrename
1180ed80   _DIP_init
1180eda4   _DIP_get
1180ee08   _DIP_getAll
1180f160   __closefile
1180f3a0   _fseek
1180f4c0   _BQ_init
1180f4f4   _BQ_setNum
1180f520   _BQ_setDen
1180f548   _BQ_process
1180f5e0   _HOSTlseek
1180f6e0   __wrt_ok
1180f7e0   _call_dtors
1180f8e0   _HOSTopen
1180f9c0   _HOSTread
1180faa0   __c6xabi_divi
1180faa0   __divi
1180fb80   _atoi
1180fc60   _close
1180fd40   _memset
1180fe20   _printf
1180ff00   _HOSTunlink
1180ffc0   _HOSTwrite
11810140   __c6xabi_divu
11810140   __divu
11810200   __doflush
118102c0   __c6xabi_remi
118102c0   __remi
11810380   _atexit
11810440   _ltoa
118105c0   _HOSTclose
11810660   __cleanup
11810700   __divli
118108e0   __fixdli
11810980   __nround
11810b60   _lseek
11810c00   _memcpy
11810ca0   _modf
11810d40   _write
11810de0   __fltlid
11810e60   __llshl
11810ee0   _readmsg
11810f60   _unlink
11810fe0   __subcull
11811040   _memccpy
118110a0   _writemsg
118110f8   C$$IO$$
11811100   ___add_dtor
11811140   ___isinf
118111c0   __frcmpyd_div
11811200   __llshru
11811240   __remli
11811280   __negll
118112a0   __nop
11811300   __register_lock
11811320   __register_unlock
11811340   _remove
11811360   LNK_F_checkBufferCall
11811360   ___etext__
11811360   etext
11811380   LNK_F_getChanPtr
118113d8   LNK_F_init
118113e0   LNK_F_dataPump
118113f0   LNK_rcloop
118114b4   LNK_rdrtry
118114c4   LNK_rrloop
11811584   LNK_wrrtry
11811590   LNK_wrloop
11811660   LNK_newin
11811794   LNK_newout
118118e8   LNK_F_readCallBack
11811920   _EXC_nmi
11811954   _EXC_internal
11811c00   _EXC_init
11811c40   _EXC_getLastStatus
11811c60   _EXC_external
11811c94   _EXC_exceptionHandler
11811e70   _EXC_clearLastStatus
11811ea0   CLK_HOOKFXN
11811ea0   HWI_F_dispatch
11811ea0   _HWI_F_dispatch
11811ea0   __HWI_lat1beg
11812028   __HWI_lat1end
11812028   __HWI_lat2beg
11812190   __HWI_lat2end2
118121c0   __HWI_lat3end2
11812204   __HWI_lat2end1
11812220   __HWI_lat3beg
11812380   SWI_F_enable
11812380   __SWI_lat3beg
118123ec   __SWI_lat3end
118123f0   SWI_F_post
118123f0   _SWI_post
118124f8   __SWI_lat1beg
11812564   SWI_EXECFXN
11812564   SWI_F_exec
1181258c   SWI_F_iexec
118125a4   __SWI_lat1end
118125a8   __SWI_lat2beg
11812608   __SWI_lat2end
1181260c   SWI_F_run
1181260c   SWI_RUNFXN
11812840   PRD_F_swi
11812ac4   PRD_F_tick
11812bc0   _free
11812be4   _malloc
11812c44   _realloc
11812d28   _memalign
11812dec   _calloc
11812e40   RTA_F_getlog
11812e78   RTA_F_getsts
11812eb8   RTA_F_readblk
11812ed4   RTA_F_writeword
11812ee0   RTA_F_resetmem
11812ee0   __RTA_lat1beg
11812f14   __RTA_lat1end
11812f20   RTA_F_dispatch
11812f6c   RTA_execute
118130c0   _KNL_run
11813300   _MEM_alloc
118136d4   PRD_THOOKFXN
118136d4   _KNL_tick
11813700   _MEM_free
118138e0   _EXC_dispatch
11813aa4   _EXC_setReturnPtr
11813ac0   PIP_F_take
11813b38   PIP_F_give
11813b38   PIP_F_probe
11813c08   PIP_F_start
11813ca0   _SEM_pendEnterKnl
11813e80   __SEM_dopost
11814020   _TSK_setup
118141c0   CLK_F_getltime
118141d0   CLK_F_isr
11814310   CLK_F_itime
11814310   _CLK_F_itime
11814310   _CLK_itime
11814330   __CLK_lat1beg
11814350   __CLK_lat1end
11814360   _KNL_saveIsrFrame
1181440c   _KNL_switch
118144b8   KNL_glue
118144e0   __auto_init
11814620   _TSK_exit
11814760   _BCACHE_setSize
118147a4   _BCACHE_setMar
118147f4   _BCACHE_setCacheToSram
11814824   _BCACHE_getSize
11814874   _BCACHE_getMar
11814908   _GBL_cacheInit64P
118149c0   _KNL_check
11814a0c   __KNL_lat1beg
11814a88   _KNL_idle
11814a88   __KNL_lat1end
11814ab0   _KNL_max
11814b84   _TSK_startup
11814c00   _SEM_post
11814c00   _SEM_postBinary
11814ce0   _KNL_exit
11814d20   _KNL_enter
11814da0   _SEM_postEnterKnl
11814e40   _SYS_exit
11814ee0   _KNL_ipost
11814f60   _KNL_post
11814fe0   _LCK_post
11815000   _LCK_pend
11815060   LOG_F_event
11815060   _LOG_event
11815060   __LOG_lat1beg
118150e0   IDL_F_calibrate
11815160   _SYS_error
118151c0   FXN_F_nop
118151c4   FXN_F_run
118151c4   _FXN_F_run
11815200   FXN_F_zero
11815200   _FXN_F_zero
11815220   _HWI_disable
11815238   _HWI_enable
1181524c   _HWI_restore
11815280   IDL_F_busy
11815280   __IDL_lat1beg
118152c0   __IDL_lat1end
118152e0   _SEM_pend
11815340   STS_F_delta
11815340   _STS_delta
1181536c   STS_F_add
1181536c   _STS_add
11815388   STS_F_reset
11815388   _STS_reset
118153a0   _SYS_abort
11815400   _CLK_measure
11815460   IDL_CALIBRFXN
11815460   IDL_F_stub
118154a0   RTA_F_andn
118154b8   RTA_F_or
118154e0   SYS_ABORTFXN
118154e0   _UTL_doAbort
11815520   SYS_PUTCFXN
11815520   _UTL_doPutc
11815560   GBL_USERINITFXN
11815560   GIO_CREATEFXN
11815560   GIO_DELETEFXN
11815560   GIO_PENDFXN
11815560   GIO_POSTFXN
11815560   PWRM_PWRM_SHAREDRESOURCEFXN
11815560   PWRM_PWRM_SLOTHOOKFXN
11815560   TSK_VCREATEFXN
11815560   TSK_VDELETEFXN
11815560   TSK_VEXITFXN
11815560   _BCACHE_bootInit
11815560   _FXN_F_nop
11815580   _GBL_getVersion
118155a0   IDL_F_loop
118155a0   _IDL_loop
118155c0   _STS_set
118155e0   SYS_ERRORFXN
118155e0   _UTL_doError
11815600   SYS_EXITFXN
11815600   _UTL_halt
11815620   CLK_F_gethtime
11815620   CLK_TIMEFXN
11815620   _CLK_gethtime
11815640   ___cinit__
11815640   cinit
11818964   IRAM$B
11818964   _IRAM_base
1181a964   RTA_fromHost$buf
1181a974   ___pinit__
1181a974   pinit
1181a980   BIOS_init
1181a980   _BIOS_init
1181ab04   BIOS$$CLKON
1181ab44   BIOS$$CLKOFF
1181abb0   BIOS_start
1181abb0   _BIOS_start
1181ad00   _c_int00
1181adc0   _MEM_init
1181ae80   _TSK_init
1181aee0   __CIOBUF_
1181b000   trace$buf
1181c000   _HSRTDX_rec
1181c2a0   _RTDX_Buffer_WriteCB
1181c760   _HSRTDX_xmt
1181ca60   _RTDX_Mon_Queue
1181ccc0   _RTDX_Poll
1181cd60   _RTDX_Final_RT_Monitor
1181cde0   _RTDX_Buffer_Initialize
1181ce40   _RTDX_Init_RT_Monitor
1181cea0   _RTDX_Buffer_ReadCB
1181cee0   _RTDX_Buffer_Size
1181cf20   _RTDX_memfill
1181cf60   _RTDX_Buffer_Read
1181cf80   _RTDX_Buffer_Write
1181cfa0   _RTDX_Mask_IER
1181cfc0   HST_A_TABBEG
1181cfc0   _HST_A_TABBEG
1181cfc4   RTA_fromHost
1181cfc4   _RTA_fromHost
1181cfcc   RTA_fromHost$rtdx
1181cfe0   RTA_toHost
1181cfe0   _RTA_toHost
1181cfe8   RTA_toHost$rtdx
1181cffc   HST_A_TABEND
1181cffc   _HST_A_TABEND
1181d000   LOG_system$buf
1181d880   _RTDX_Buffer
1181dc88   _RTDX_Buffer_Start
1181dc8c   _RTDX_Buffer_End
1181dc90   _rtdx_mon_state
1181dcd4   _rtdx_buffer_state
1181dce0   _RTDX_writing
1181de90   __ctypes_
1181df98   _bitval_u32
1181e12d   PRD0$sts$maxfmt
1181e130   TSK_idle$stack
1181e136   PRD0$sts$sumfmt
1181e13f   PRD0$sts$avgfmt
1181e14a   PRD_swi$sts$maxfmt
1181e152   PRD_swi$sts$sumfmt
1181e15a   PRD_swi$sts$avgfmt
1181e164   KNL_swi$sts$maxfmt
1181e16c   KNL_swi$sts$sumfmt
1181e174   KNL_swi$sts$avgfmt
1181e17e   TSK_idle$sts$maxfmt
1181e186   TSK_idle$sts$sumfmt
1181e18e   TSK_idle$sts$avgfmt
1181e198   IDL_busyObj$maxfmt
1181e19b   IDL_busyObj$sumfmt
1181e19e   IDL_busyObj$avgfmt
1181e4c8   TSK_idle$stkptr
1181e530   GBL_stackbeg
1181e530   _HWI_STKTOP
1181e530   __stack
1181e928   _HWI_STKBOTTOM
1181e92f   GBL_stackend
1181e930   $bss
1181e930   .bss
1181e930   _HWI_dispatchTab
1181e930   __STACK_END
1181e930   ___bss__
1181ea30   IDL_D_tabbeg
1181ea34   IDL_D_calibrate
1181ea38   IDL_D_calbeg
1181ea3c   LOG_D_system
1181ea3c   _LOG_D_system
1181ea40   PIP_D_tabbeg
1181ea44   PIP_D_tablen
1181ea48   CLK_R_time
1181ea4c   CLK_D_timefxn
1181ea50   CLK_D_tabbeg
1181ea54   CLK_D_isrhook
1181ea58   CLK_D_idletime
1181ea5c   _CLK_htimeDiv
1181ea60   _CLK_htimeMult
1181ea64   _CLK_ltimeDiv
1181ea68   _CLK_ltimeMult
1181ea6c   _CLK_D_dirty
1181ea70   _CLK_D_prd
1181ea74   _CLK_D_tddr
1181ea78   _CLK_D_countspms
1181ea7c   PRD_D_tick
1181ea7c   _PRD_D_tick
1181ea80   PRD_D_cur
1181ea84   PRD_D_elapsed
1181ea88   PRD_D_prevtim
1181ea8c   PRD_D_scalar
1181ea90   PRD_D_swihandle
1181ea94   PRD_D_tabbeg
1181ea98   PRD_D_tablen
1181ea9c   PRD_D_thook
1181eaa0   RTA_D_fromHost
1181eaa4   RTA_D_toHost
1181eaa8   RTA_D_logval
1181eab8   RTA_D_stsval
1181eac4   HST_D_chanmask
1181eac8   HST_D_tabbeg
1181eacc   HST_D_tabend
1181ead0   _GBL_procId
1181ead4   _GBL_clkIn
1181ead8   _GBL_freq
1181eadc   _MEM_D_NUMSEGMENTS
1181eae0   _MEM_D_memtab
1181eae4   _MEM_D_freelist
1181eae8   _MEM_D_lockaddr
1181eaec   _MEM_D_unlockaddr
1181eaf0   _SYS
1181eaf4   __HOOK_knlId
1181eaf8   __HOOK_NUMHOOKS
1181eafc   SWI_D_runaddr
1181eafc   _SWI_D_runaddr
1181eafc   _SWI_data
1181eb00   SWI_D_execaddr
1181eb00   _SWI_D_execaddr
1181eb04   SWI_D_curmask
1181eb04   _SWI_D_curmask
1181eb08   SWI_D_curset
1181eb08   _SWI_D_curset
1181eb0c   SWI_D_lock
1181eb0c   _SWI_D_lock
1181eb10   SWI_D_curmbox
1181eb14   SWI_D_curfxn
1181eb14   _SWI_D_curfxn
1181eb18   SWI_D_rdybeg
1181eb18   _SWI_D_rdybeg
1181eb1c   SWI_D_inswi
1181eb1c   _SWI_D_inswi
1181eb20   SWI_D_rdytab
1181eb98   _KNL_wFlag
1181eb9c   _KNL_wList
1181eba0   _KNL_alarm
1181eba4   _KNL_setpri
1181eba8   _KNL_inactive
1181ebac   _KNL_priority
1181ebb0   _KNL_set
1181ebb4   _KNL_curtask
1181ebb8   _KNL_prevtask
1181ebbc   _KNL_curtime
1181ebc0   _KNL_swiptr
1181ebc4   _KNL_curqueue
1181ebc8   _KNL_maxqueue
1181ebcc   _KNL_tswitchfxn
1181ebd0   _KNL_tcreatefxn
1181ebd4   _KNL_tdeletefxn
1181ebd8   _KNL_treadyfxn
1181ebdc   _KNL_idlefxn
1181ebe0   _mask
1181ebe4   _lowGain
1181ebe8   _midGain
1181ebec   _presGain
1181ebf0   _highGain
1181ebf8   _in
1181ec00   _out
1181ec08   _eqBypass
1181ec09   _dist
1181ec0c   _writeIndex
1181ec10   _MEM_memtab
1181ec1c   HST_DSMBUFSEG
1181ec1c   IRAM
1181ec1c   MEM_MALLOCSEG
1181ec1c   MEM_SEGZERO
1181ec1c   RTDX_DATAMEMSEG
1181ec1c   _IRAM
1181ec1c   _SEG0
1181ec20   RTA_fromHost$pipe$dtab
1181ec2c   RTA_toHost$pipe$dtab
1181ec38   _EXC_sysTrapTable
1181ec40   _EXC_returnPtr
1181ec58   HWI_D_spsave
1181ec58   _HWI_D_spsave
1181ec58   _HWI_data
1181ec64   _HWI_D_inhwi
1181ec68   HWI_D_bss
1181ec6c   HWI_D_ccmask
1181ec70   LNK_dspFrameRequestMask
1181ec70   _LNK_dspFrameRequestMask
1181ec74   LNK_dspFrameReadyMask
1181ec74   _LNK_dspFrameReadyMask
1181ec78   LNK_readPend
1181ec78   _LNK_readPend
1181ec7c   LNK_readDone
1181ec7c   _LNK_readDone
1181ec80   LNK_readFail
1181ec80   _LNK_readFail
1181ec84   LNK_writeFail
1181ec84   _LNK_writeFail
1181ec88   _EXC_exceptionHook
1181ec8c   _EXC_internalHook
1181ec90   _EXC_externalHook
1181ec94   _EXC_nmiHook
1181eca0   _rtdxNullChanCnt
1181eca4   _rtdxNullFuncCnt
1181eca8   _rtdxXmtNotDoneCnt
1181ecac   _rtdxRecNotDoneCnt
1181ecb0   _rtdxXmtRestartCnt
1181ecb4   _rtdxXmtErrorCnt
1181ecb8   _TSK_nTasks
1181ecbc   _TSK_pid
1181ecc0   _TSK
1181ecc4   _CLK_DFLTMICROSECS
1181ecc8   _CLK_D_microseconds
1181eccc   _SYS_exitStackPtr
1181ecd0   _SYS_exitStackTop
1181ecd4   _CLK_htimePerLtime
1181ecd8   IDL_D_busyObj
1181ecdc   _MEM
1181ece8   _SYS_PUTCBEG
1181ece8   ___end__
1181ece8   end
1181eee7   _SYS_PUTCEND
1181eee8   RTA_toHost$buf
1181efe8   IDL_A_TABBEG
1181efe8   IDL_cpuLoad
1181efe8   _IDL_cpuLoad
1181efec   LNK_dataPump
1181efec   _LNK_dataPump
1181eff0   RTA_dispatcher
1181eff0   _RTA_dispatcher
1181eff4   IDL_END
1181f000   HWI_A_VECS
1181f000   hwi0
1181f020   hwi1
1181f040   hwi2
1181f060   hwi3
1181f080   hwi4
1181f0a0   hwi5
1181f0c0   hwi6
1181f0e0   hwi7
1181f100   hwi8
1181f120   hwi9
1181f140   hwi10
1181f160   hwi11
1181f180   hwi12
1181f1a0   hwi13
1181f1c0   hwi14
1181f1e0   hwi15
1181f200   PIP_A_TABBEG
1181f200   RTA_fromHost$pipe
1181f200   _PIP_A_TABBEG
1181f204   RTA_fromHost$pipe$rd
1181f230   RTA_fromHost$pipe$aaa
1181f234   RTA_fromHost$pipe$wr
1181f260   RTA_fromHost$pipe$bbb
1181f264   RTA_toHost$pipe
1181f268   RTA_toHost$pipe$rd
1181f294   RTA_toHost$pipe$aaa
1181f298   RTA_toHost$pipe$wr
1181f2c4   RTA_toHost$pipe$bbb
1181f2c8   PIP_A_TABEND
1181f2c8   _PIP_A_TABEND
1181f2d4   TSK_idle
1181f2d4   _TSK_idle
1181f328   PRD_SWIHANDLE
1181f328   PRD_swi
1181f328   SWI_A_TABBEG
1181f328   _PRD_swi
1181f354   KNL_swi
1181f354   _KNL_swi
1181f380   PRD0$sts$stsobj
1181f380   STS_A_TABBEG
1181f380   SWI_A_TABEND
1181f380   _STS_A_TABBEG
1181f384   PRD0$sts
1181f390   PRD_swi$sts$stsobj
1181f394   PRD_swi$sts
1181f3a0   KNL_swi$sts$stsobj
1181f3a4   KNL_swi$sts
1181f3b0   TSK_idle$sts$stsobj
1181f3b4   TSK_idle$sts
1181f3c0   IDL_busyObj$stsobj
1181f3c4   IDL_busyObj
1181f3c4   _IDL_busyObj
1181f3d0   STS_A_TABEND
1181f3d0   _STS_A_TABEND
1181f460   LOG_A_TABBEG
1181f460   LOG_system
1181f460   _LOG_A_TABBEG
1181f460   _LOG_system
1181f478   _trace
1181f478   trace
1181f490   LOG_A_TABEND
1181f490   PRD0
1181f490   PRD_A_TABBEG
1181f490   _LOG_A_TABEND
1181f490   _PRD0
1181f4ac   PRD0$aaa
1181f4b0   IDL_A_CALBEG
1181f4b0   IDL_cpuLoad$
1181f4b0   PRD_A_TABEND
1181f4b4   LNK_dataPump$
1181f4b8   RTA_dispatcher$
1181f4bc   IDL_END$
1181f4c0   SYS$config
1181f4d0   TRC_cinit
1181f4d4   TRC_R_mask
1181f4d4   _TRC_R_mask
1181f4d8   GBL_initdone
28040d0c   HWI_INTRMUX3
ffffffff   CACHE_L1D
ffffffff   CACHE_L1P
ffffffff   DDR
ffffffff   ECM_EVTMASK0
ffffffff   ECM_EVTMASK1
ffffffff   ECM_EVTMASK2
ffffffff   ECM_EVTMASK3
ffffffff   GBL_L2MAR192_223
ffffffff   L3_CBA_RAM
ffffffff   _CACHE_L1D
ffffffff   _CACHE_L1P
ffffffff   _DDR
ffffffff   _L3_CBA_RAM
ffffffff   ___TI_pprof_out_hndl
ffffffff   ___TI_prof_data_size
ffffffff   ___TI_prof_data_start
ffffffff   ___binit__
ffffffff   ___c_args__
ffffffff   binit

[1178 symbols]
