******************************************************************************
               TMS320C6x Linker PC v7.4.18                     
******************************************************************************
>> Linked Tue Aug 04 11:46:27 2020

OUTPUT FILE NAME:   <GuitarAmpGitVersion.out>
ENTRY POINT SYMBOL: "_c_int00"  address: 11811da0


MEMORY CONFIGURATION

         name            origin    length      used     unused   attr    fill
----------------------  --------  ---------  --------  --------  ----  --------
  IRAM                  11800000   00040000  00016565  00029a9b  RWIX
  CACHE_L1P             11e00000   00008000  00000000  00008000  RWIX
  CACHE_L1D             11f00000   00008000  00000000  00008000  RWIX
  L3_CBA_RAM            80000000   00020000  00000000  00020000  RWIX
  DDR                   c3000000   01000000  00000000  01000000  RWIX


SECTION ALLOCATION MAP

 output                                  attributes/
section   page    origin      length       input sections
--------  ----  ----------  ----------   ----------------
.vers      0    00000000    0000003c     COPY SECTION
                  00000000    0000003c     hellocfg.obj (.vers)

.data      0    11800000    00000000     UNINITIALIZED

.text      0    11800000    000090c0     
                  11800000    00000d20     hello.obj (.text)
                  11800d20    00000c20     evmc6748_bsl.lib : evmc6748.obj (.text)
                  11801940    00000720     rts6740.lib : pow.obj (.text:_pow)
                  11802060    000005a0                 : divd.obj (.text:__divd)
                  11802600    00000580                 : _printfi.obj (.text:__getarg_diouxp)
                  11802b80    00000540     framework.obj (.text)
                  118030c0    00000520     rts6740.lib : _printfi.obj (.text:__setfield)
                  118035e0    000004e0     evmc6748_bsl.lib : evmc6748_i2c_gpio.obj (.text)
                  11803ac0    00000440     rts6740.lib : _printfi.obj (.text:__printfi)
                  11803f00    000003a0                 : fputs.obj (.text:_fputs)
                  118042a0    00000380     evmc6748_bsl.lib : evmc6748_gpio.obj (.text)
                  11804620    00000380                      : evmc6748_i2c.obj (.text)
                  118049a0    00000320     rts6740.lib : _printfi.obj (.text:__pproc_fge)
                  11804cc0    000002c0                 : _printfi.obj (.text:__pproc_fwp)
                  11804f80    000002a0                 : _printfi.obj (.text:_ecvt)
                  11805220    000002a0                 : _printfi.obj (.text:_fcvt)
                  118054c0    00000260                 : imath64.obj (.text:__divull)
                  11805720    00000260                 : _printfi.obj (.text:__pconv_e)
                  11805980    00000240                 : _printfi.obj (.text:__pproc_diouxp)
                  11805bc0    00000220                 : _printfi.obj (.text:__pproc_str)
                  11805de0    00000220                 : fputc.obj (.text:_fputc)
                  11806000    00000200                 : _printfi.obj (.text:__pconv_g)
                  11806200    00000200                 : setvbuf.obj (.text:_setvbuf)
                  11806400    000001e0     evmc6748_bsl.lib : evmc6748_led.obj (.text)
                  118065e0    000001c0     rts6740.lib : _printfi.obj (.text:__mcpy)
                  118067a0    000001a0                 : imath40.obj (.text:__divul)
                  11806940    00000180                 : trgdrv.obj (.text:_HOSTrename)
                  11806ac0    00000160                 : ldexp.obj (.text:_ldexp)
                  11806c20    00000160     evmc6748_bsl.lib : evmc6748_dip.obj (.text)
                  11806d80    00000140     rts6740.lib : _printfi.obj (.text:__pproc_fflags)
                  11806ec0    00000140                 : lowlev.obj (.text:_getdevice)
                  11807000    00000120                 : fclose.obj (.text:__closefile)
                  11807120    00000120                 : _printfi.obj (.text:__ltostr)
                  11807240    00000120                 : frexp.obj (.text:_frexp)
                  11807360    00000120                 : fseek.obj (.text:_fseek)
                  11807480    00000100                 : trgdrv.obj (.text:_HOSTlseek)
                  11807580    00000100                 : _io_perm.obj (.text:__wrt_ok)
                  11807680    00000100                 : sinit.obj (.text:_call_dtors)
                  11807780    000000e0                 : trgdrv.obj (.text:_HOSTopen)
                  11807860    000000e0                 : trgdrv.obj (.text:_HOSTread)
                  11807940    000000e0                 : atoi.obj (.text:_atoi)
                  11807a20    000000e0                 : lowlev.obj (.text:_close)
                  11807b00    000000e0                 : memset.obj (.text:_memset)
                  11807be0    000000e0                 : printf.obj (.text:_printf)
                  11807cc0    000000c0                 : trgdrv.obj (.text:_HOSTunlink)
                  11807d80    000000c0                 : trgdrv.obj (.text:_HOSTwrite)
                  11807e40    000000c0                 : _printfi.obj (.text:__div)
                  11807f00    000000c0                 : divu.obj (.text:__divu)
                  11807fc0    000000c0                 : fflush.obj (.text:__doflush)
                  11808080    000000c0                 : atexit.obj (.text:_atexit)
                  11808140    000000c0                 : ltoa.obj (.text:_ltoa)
                  11808200    000000c0     bios.a674 : tsk_stup.o674 (.text)
                  118082c0    000000a0     rts6740.lib : trgdrv.obj (.text:_HOSTclose)
                  11808360    000000a0                 : fopen.obj (.text:__cleanup)
                  11808400    000000a0                 : imath40.obj (.text:__divli)
                  118084a0    000000a0                 : _printfi.obj (.text:__ecpy)
                  11808540    000000a0                 : _printfi.obj (.text:__fcpy)
                  118085e0    000000a0                 : fixdli.obj (.text:__fixdli)
                  11808680    000000a0                 : round.obj (.text:__nround)
                  11808720    000000a0                 : _printfi.obj (.text:__pconv_f)
                  118087c0    000000a0                 : lowlev.obj (.text:_finddevice)
                  11808860    000000a0                 : lowlev.obj (.text:_lseek)
                  11808900    000000a0                 : memcpy64.obj (.text:_memcpy)
                  118089a0    000000a0                 : modf.obj (.text:_modf)
                  11808a40    000000a0                 : lowlev.obj (.text:_write)
                  11808ae0    00000080                 : fltlid.obj (.text:__fltlid)
                  11808b60    00000080                 : llshift.obj (.text:__llshl)
                  11808be0    00000080                 : trgmsg.obj (.text:_readmsg)
                  11808c60    00000080                 : lowlev.obj (.text:_unlink)
                  11808ce0    00000060                 : imath64.obj (.text:__subcull)
                  11808d40    00000060                 : memccpy.obj (.text:_memccpy)
                  11808da0    00000060                 : trgmsg.obj (.text:_writemsg)
                  11808e00    00000040                 : sinit.obj (.text:___add_dtor)
                  11808e40    00000040                 : isinf.obj (.text:___isinf)
                  11808e80    00000040                 : _printfi.obj (.text:___isnan)
                  11808ec0    00000040                 : frcmpyd_div.obj (.text:__frcmpyd_div)
                  11808f00    00000040                 : llshift.obj (.text:__llshru)
                  11808f40    00000040                 : imath40.obj (.text:__remli)
                  11808f80    00000020                 : negll.obj (.text:__negll)
                  11808fa0    00000020                 : _lock.obj (.text:__nop)
                  11808fc0    00000020                 : printf.obj (.text:__outc)
                  11808fe0    00000020                 : printf.obj (.text:__outs)
                  11809000    00000020                 : push.obj (.text:__pop_rts)
                  11809020    00000020                 : push.obj (.text:__push_rts)
                  11809040    00000020                 : _lock.obj (.text:__register_lock)
                  11809060    00000020                 : _lock.obj (.text:__register_unlock)
                  11809080    00000020                 : trunc.obj (.text:__trunc)
                  118090a0    00000020                 : remove.obj (.text:_remove)

.bios      0    118090c0    000042e0     
                  118090c0    000005c0     lnkrtdx.a674 : rtdx.o674 (.bios)
                  11809680    00000580     bios.a674 : exc.o674 (.bios)
                  11809c00    000004e0               : hwi_disp_asm.o674 (.bios)
                  1180a0e0    000004c0               : swi.o674 (.bios)
                  1180a5a0    00000380               : prd.o674 (.bios)
                  1180a920    00000280               : malloc.o674 (.bios)
                  1180aba0    00000280               : rta.o674 (.bios)
                  1180ae20    00000240               : knl_run.o674 (.bios)
                  1180b060    00000200               : mem_allo.o674 (.bios:.near)
                  1180b260    00000200               : knl_tick.o674 (.bios)
                  1180b460    000001e0               : mem_free.o674 (.bios:.near)
                  1180b640    000001e0               : exc_asm.o674 (.bios)
                  1180b820    000001e0               : pip.o674 (.bios)
                  1180ba00    000001e0               : sem_pend.o674 (.bios)
                  1180bbe0    000001a0               : sem_dopo.o674 (.bios)
                  1180bd80    000001a0               : tsk_setu.o674 (.bios)
                  1180bf20    000001a0     bios6748.a674 : clk.o674 (.bios)
                  1180c0c0    00000180     bios.a674 : knl_swit.o674 (.bios)
                  1180c240    00000140               : autoinit.o674 (.bios)
                  1180c380    00000140               : tsk_exit.o674 (.bios)
                  1180c4c0    00000140     bios6748.a674 : bcache_init.o674 (.bios)
                  1180c600    00000120     bios.a674 : gbl_cacheinit64P.o674 (.bios)
                  1180c720    00000120               : knl_chec.o674 (.bios)
                  1180c840    00000120               : tsk_stup.o674 (.bios)
                  1180c960    000000e0               : sem_post_asm.o674 (.bios)
                  1180ca40    000000c0               : knl_exit.o674 (.bios)
                  1180cb00    000000a0               : sem_post.o674 (.bios)
                  1180cba0    000000a0               : sys_exit.o674 (.bios)
                  1180cc40    00000080               : knl_ipos.o674 (.bios)
                  1180ccc0    00000080               : knl_post.o674 (.bios)
                  1180cd40    00000080               : lck.o674 (.bios)
                  1180cdc0    00000080               : log.o674 (.bios)
                  1180ce40    00000080     bios6748.a674 : idl_cal.o674 (.bios)
                  1180cec0    00000060     bios.a674 : sys_erro.o674 (.bios:.near)
                  1180cf20    00000060               : fxn.o674 (.bios)
                  1180cf80    00000060               : hwi_c.o674 (.bios)
                  1180cfe0    00000060               : idl_busy.o674 (.bios)
                  1180d040    00000060               : sem_pend_counting.o674 (.bios)
                  1180d0a0    00000060               : sts.o674 (.bios)
                  1180d100    00000060               : sys_abor.o674 (.bios)
                  1180d160    00000060     bios6748.a674 : clk_meas.o674 (.bios)
                  1180d1c0    00000040     bios.a674 : idl_stub.o674 (.bios)
                  1180d200    00000040               : rta_andn.o674 (.bios)
                  1180d240    00000040               : utl_doab.o674 (.bios)
                  1180d280    00000040               : utl_putc.o674 (.bios)
                  1180d2c0    00000020               : fxn_c.o674 (.bios)
                  1180d2e0    00000020               : gbl_vers.o674 (.bios)
                  1180d300    00000020               : idl.o674 (.bios)
                  1180d320    00000020               : sts_set.o674 (.bios)
                  1180d340    00000020               : utl_doer.o674 (.bios)
                  1180d360    00000020               : utl_halt.o674 (.bios)
                  1180d380    00000020     bios6748.a674 : clk_gethtime.o674 (.bios)

.IRAM$heap 
*          0    1180d3a0    00002000     UNINITIALIZED
                  1180d3a0    00002000     --HOLE--

.cinit     0    1180f3a0    0000159c     
                  1180f3a0    000006c4     hellocfg.obj (.cinit)
                  1180fa64    00000004     --HOLE-- [fill = 0]
                  1180fa68    000003ac     hello.obj (.cinit)
                  1180fe14    00000004     --HOLE-- [fill = 0]
                  1180fe18    0000026c     bios.a674 : biosdata.o674 (.cinit)
                  11810084    00000004     --HOLE-- [fill = 0]
                  11810088    000001a4               : knl.o674 (.cinit)
                  1181022c    00000004     --HOLE-- [fill = 0]
                  11810230    00000140     rts6740.lib : pow.obj (.cinit)
                  11810370    000000b0     bios.a674 : swi.o674 (.cinit)
                  11810420    00000080               : tsk.o674 (.cinit)
                  118104a0    00000068     rtdx64xplus.lib : rtdx_mon.o64P (.cinit)
                  11810508    00000060     bios.a674 : tsk_stup.o674 (.cinit)
                  11810568    0000005c     lnkrtdx.a674 : rtdx.o674 (.cinit)
                  118105c4    00000004     --HOLE-- [fill = 0]
                  118105c8    0000005c     rts6740.lib : defs.obj (.cinit)
                  11810624    00000004     --HOLE-- [fill = 0]
                  11810628    0000005c                 : lowlev.obj (.cinit)
                  11810684    00000004     --HOLE-- [fill = 0]
                  11810688    0000004c     bios.a674 : rta.o674 (.cinit)
                  118106d4    00000004     --HOLE-- [fill = 0]
                  118106d8    0000004c     rtdx64xplus.lib : buffer1.o64P (.cinit)
                  11810724    00000004     --HOLE-- [fill = 0]
                  11810728    0000003c     bios.a674 : exc.o674 (.cinit)
                  11810764    00000004     --HOLE-- [fill = 0]
                  11810768    00000034               : hwi.o674 (.cinit)
                  1181079c    00000004     --HOLE-- [fill = 0]
                  118107a0    0000002c               : utl_putc.o674 (.cinit)
                  118107cc    00000004     --HOLE-- [fill = 0]
                  118107d0    0000002c     rts6740.lib : exit.obj (.cinit)
                  118107fc    00000004     --HOLE-- [fill = 0]
                  11810800    00000024     bios.a674 : obj_init.o674 (.cinit)
                  11810824    00000004     --HOLE-- [fill = 0]
                  11810828    00000024     block_sine.obj (.cinit)
                  1181084c    00000004     --HOLE-- [fill = 0]
                  11810850    0000001c     bios.a674 : exc_asm.o674 (.cinit)
                  1181086c    00000004     --HOLE-- [fill = 0]
                  11810870    0000001c               : sys.o674 (.cinit)
                  1181088c    00000004     --HOLE-- [fill = 0]
                  11810890    0000001c     rts6740.lib : _lock.obj (.cinit)
                  118108ac    00000004     --HOLE-- [fill = 0]
                  118108b0    0000001c                 : atexit.obj (.cinit)
                  118108cc    00000004     --HOLE-- [fill = 0]
                  118108d0    00000018     bios.a674 : knl_tick.o674 (.cinit)
                  118108e8    0000000c               : idl_busy.o674 (.cinit)
                  118108f4    00000004     --HOLE-- [fill = 0]
                  118108f8    0000000c               : knl_swit.o674 (.cinit)
                  11810904    00000004     --HOLE-- [fill = 0]
                  11810908    0000000c     rts6740.lib : errno.obj (.cinit)
                  11810914    00000004     --HOLE-- [fill = 0]
                  11810918    0000000c                 : fopen.obj (.cinit)
                  11810924    00000004     --HOLE-- [fill = 0]
                  11810928    0000000c                 : sinit.obj (.cinit)
                  11810934    00000004     --HOLE-- [fill = 0]
                  11810938    00000004     (.pad.cinit) [fill = 0]

.args      0    1181093c    00000004     
                  1181093c    00000004     --HOLE-- [fill = 0]

.far       0    11810940    000010d8     UNINITIALIZED
                  11810940    00000774     hello.obj (.far)
                  118110b4    00000004     bios6748.a674 : clk_data.o674 (.far)
                  118110b8    00000324     rts6740.lib : defs.obj (.far)
                  118113dc    00000004                 : errno.obj (.far)
                  118113e0    00000188                 : atexit.obj (.far)
                  11811568    00000120                 : pow.obj (.far)
                  11811688    0000011c                 : lowlev.obj (.far)
                  118117a4    00000004                 : fopen.obj (.far)
                  118117a8    000000d8     bios.a674 : knl.o674 (.far)
                  11811880    0000005c               : tsk.o674 (.far)
                  118118dc    00000004     rts6740.lib : sinit.obj (.far)
                  118118e0    00000054     bios.a674 : obj_init.o674 (.far)
                  11811934    00000050               : tsk_stup.o674 (.far)
                  11811984    00000004     --HOLE--
                  11811988    00000020               : sys.o674 (.far)
                  118119a8    00000018     rtdx64xplus.lib : rtdx_mon.o64P (.far)
                  118119c0    00000010     bios.a674 : exc.o674 (.far)
                  118119d0    00000010               : knl_tick.o674 (.far)
                  118119e0    0000000c               : utl_putc.o674 (.far)
                  118119ec    00000004     --HOLE--
                  118119f0    0000000c     block_sine.obj (.far)
                  118119fc    0000000c     rts6740.lib : exit.obj (.far)
                  11811a08    00000008                 : _lock.obj (.far)
                  11811a10    00000008                 : trgdrv.obj (.far)

.clk       0    11811a18    00000008     UNINITIALIZED
                  11811a18    00000008     hellocfg.obj (.clk)

.sysinit   0    11811a20    00000560     
                  11811a20    00000380     hellocfg.obj (.sysinit)
                  11811da0    000000c0     bios.a674 : boot.o674 (.sysinit)
                  11811e60    000000c0               : mem_init.o674 (.sysinit)
                  11811f20    00000060               : tsk_init.o674 (.sysinit)

.tsk       0    11811f80    00000060     UNINITIALIZED
                  11811f80    00000060     hellocfg.obj (.tsk)

.prd       0    11811fe0    00000020     UNINITIALIZED
                  11811fe0    00000020     hellocfg.obj (.prd)

.trace$buf 
*          0    11812000    00001000     UNINITIALIZED
                  11812000    00001000     hellocfg.obj (.trace$buf)

.rtdx_text 
*          0    11813000    00000fc0     
                  11813000    000002a0     rtdx64xplus.lib : rtdx_mon.o64P (.rtdx_text:_HSRTDX_rec)
                  118132a0    00000260                     : buffer1.o64P (.rtdx_text:_RTDX_Buffer_WriteCB)
                  11813500    00000260                     : buffer1.o64P (.rtdx_text:_RTDX_write_next)
                  11813760    000001a0                     : rtdx_mon.o64P (.rtdx_text:_HSRTDX_xmt)
                  11813900    00000160                     : rtdx_mon.o64P (.rtdx_text:_RTDX_Send_To_Host)
                  11813a60    000000e0                     : rtdx_mon.o64P (.rtdx_text:_RTDX_Mon_Queue)
                  11813b40    000000e0                     : buffer1.o64P (.rtdx_text:_claim)
                  11813c20    000000a0                     : rtdx_mon.o64P (.rtdx_text:_RTDX_GetH2THeader)
                  11813cc0    000000a0                     : rtdx_mon.o64P (.rtdx_text:_RTDX_Poll)
                  11813d60    00000080                     : rtdx_mon.o64P (.rtdx_text:_RTDX_Final_RT_Monitor)
                  11813de0    00000060                     : buffer1.o64P (.rtdx_text:_RTDX_Buffer_Initialize)
                  11813e40    00000060                     : rtdx_mon.o64P (.rtdx_text:_RTDX_Init_RT_Monitor)
                  11813ea0    00000040                     : buffer2.o64P (.rtdx_text:_RTDX_Buffer_ReadCB)
                  11813ee0    00000040                     : buffer1.o64P (.rtdx_text:_RTDX_Buffer_Size)
                  11813f20    00000040                     : memfill.o64P (.rtdx_text:_RTDX_memfill)
                  11813f60    00000020                     : buffer2.o64P (.rtdx_text:_RTDX_Buffer_Read)
                  11813f80    00000020                     : buffer1.o64P (.rtdx_text:_RTDX_Buffer_Write)
                  11813fa0    00000020                     : intr_tgt.o64P (.rtdx_text)

.hst       0    11813fc0    0000003c     UNINITIALIZED
                  11813fc0    0000003c     hellocfg.obj (.hst)

.mem       0    11813ffc    00000004     UNINITIALIZED
                  11813ffc    00000004     hellocfg.obj (.mem)

.LOG_system$buf 
*          0    11814000    00000800     UNINITIALIZED
                  11814000    00000800     hellocfg.obj (.LOG_system$buf)

.rtdx_data 
*          0    11814800    000004f4     UNINITIALIZED
                  11814800    00000080     --HOLE--
                  11814880    00000410     hellocfg.obj (.rtdx_data)
                  11814c90    00000044     rtdx64xplus.lib : rtdx_mon.o64P (.rtdx_data)
                  11814cd4    00000020                     : buffer1.o64P (.rtdx_data)

.const     0    11814cf8    00000435     
                  11814cf8    00000193     bios.a674 : exc.o674 (.const:.string)
                  11814e8b    00000004               : mem_allo.o674 (.const:.string)
                  11814e8f    00000001     --HOLE-- [fill = 0]
                  11814e90    00000101     rts6740.lib : ctype.obj (.const:.string:__ctypes_)
                  11814f91    00000004     bios.a674 : mem_free.o674 (.const:.string)
                  11814f95    00000002     rts6740.lib : fputs.obj (.const:.string)
                  11814f97    00000001     --HOLE-- [fill = 0]
                  11814f98    00000080     evmc6748_bsl.lib : evmc6748.obj (.const:_bitval_u32)
                  11815018    0000004e     bios.a674 : tsk_stup.o674 (.const:.string)
                  11815066    00000002     --HOLE-- [fill = 0]
                  11815068    00000040     evmc6748_bsl.lib : evmc6748.obj (.const:.string)
                  118150a8    00000023     bios.a674 : utl_doab.o674 (.const:.string)
                  118150cb    00000023     rts6740.lib : _printfi.obj (.const:.string)
                  118150ee    00000022     bios.a674 : utl_doer.o674 (.const:.string)
                  11815110    0000001c     rb.obj (.const:.string)
                  1181512c    00000001     bios.a674 : tsk.o674 (.const:.string)

.printf    0    1181512d    00000076     COPY SECTION
                  1181512d    00000076     hellocfg.obj (.printf)

.TSK_idle$stk 
*          0    11815130    00000400     UNINITIALIZED
                  11815130    00000400     hellocfg.obj (.TSK_idle$stk)

.stack     0    11815530    00000400     UNINITIALIZED
                  11815530    00000400     --HOLE--

.bss       0    11815930    00000394     UNINITIALIZED
                  11815930    00000100     bios.a674 : hwi_disp_asm.o674 (.bss)
                  11815a30    000000cc               : biosdata.o674 (.bss)
                  11815afc    0000009c               : swi.o674 (.bss)
                  11815b98    00000048               : knl.o674 (.bss)
                  11815be0    00000028     hellocfg.obj (.bss)
                  11815c08    00000020     bios.a674 : exc_asm.o674 (.bss)
                  11815c28    00000018               : hwi.o674 (.bss)
                  11815c40    00000018     lnkrtdx.a674 : rtdx.o674 (.bss)
                  11815c58    00000010     bios.a674 : exc.o674 (.bss)
                  11815c68    00000010     rtdx64xplus.lib : buffer1.o64P (.bss)
                  11815c78    00000010                     : rtdx_mon.o64P (.bss)
                  11815c88    0000000c     bios.a674 : tsk.o674 (.bss)
                  11815c94    0000000c     hello.obj (.bss)
                  11815ca0    00000008     bios.a674 : clk_data.o674 (.bss)
                  11815ca8    00000008               : sys.o674 (.bss)
                  11815cb0    00000004               : clk_data2.o674 (.bss)
                  11815cb4    00000004               : idl_busy.o674 (.bss)
                  11815cb8    00000004               : mem_asm.o674 (.bss)
                  11815cbc    00000004     block_sine.obj (.bss)
                  11815cc0    00000004     evmc6748_bsl.lib : evmc6748_i2c.obj (.bss)

.trace     0    11815cc4    00000200     
                  11815cc4    00000200     --HOLE-- [fill = 00000000]

.cio       0    11815ec8    00000120     UNINITIALIZED
                  11815ec8    00000120     rts6740.lib : trgmsg.obj (.cio)

.hst1      0    11815fe8    00000010     UNINITIALIZED
                  11815fe8    00000010     hellocfg.obj (.hst1)

.hwi_vec   0    11816000    00000200     
                  11816000    00000200     hellocfg.obj (.hwi_vec)

.hst0      0    11816200    00000100     UNINITIALIZED
                  11816200    00000100     hellocfg.obj (.hst0)

.pip       0    11816300    000000c8     UNINITIALIZED
                  11816300    000000c8     hellocfg.obj (.pip)

.swi       0    118163c8    00000058     UNINITIALIZED
                  118163c8    00000058     hellocfg.obj (.swi)

.sts       0    11816420    00000050     
                  11816420    00000050     hellocfg.obj (.sts)

.gblinit   0    11816470    0000004c     
                  11816470    0000004c     hellocfg.obj (.gblinit)

.switch    0    118164bc    00000044     
                  118164bc    00000024     evmc6748_bsl.lib : evmc6748_gpio.obj (.switch:_getRegisterBankAndBit)
                  118164e0    00000020                      : evmc6748_dip.obj (.switch:_convertDipToI2CGpio)

.log       0    11816500    00000030     
                  11816500    00000030     hellocfg.obj (.log)

.idl       0    11816530    00000010     UNINITIALIZED
                  11816530    00000010     hellocfg.obj (.idl)

.idlcal    0    11816540    00000010     UNINITIALIZED
                  11816540    00000010     hellocfg.obj (.idlcal)

.sys       0    11816550    00000010     UNINITIALIZED
                  11816550    00000010     hellocfg.obj (.sys)

.pinit     0    11816560    0000000c     
                  11816560    00000004     rtdx64xplus.lib : buffer1.o64P (.pinit)
                  11816564    00000004                     : rtdx_mon.o64P (.pinit)
                  11816568    00000004     --HOLE-- [fill = 0]

.trcdata   0    1181656c    0000000c     
                  1181656c    0000000c     bios.a674 : trc.o674 (.trcdata)


GLOBAL SYMBOLS: SORTED ALPHABETICALLY BY Name 

address    name
--------   ----
11815930   $bss
11815930   .bss
11800000   .data
11800000   .text
11811be4   BIOS$$CLKOFF
11811ba4   BIOS$$CLKON
11811a20   BIOS_init
11811c50   BIOS_start
00000000   BUF$
00000001   BUF_ENABLED
11808df8   C$$IO$$
ffffffff   CACHE_L1D
ffffffff   CACHE_L1P
00000001   CLK$
11811a18   CLK_A_TABBEG
00000001   CLK_CALDIV
00000001   CLK_CALMULT
000493e0   CLK_COUNTSPMS
00000004   CLK_COUNTSPMSHIGH
11815a58   CLK_D_idletime
11815a54   CLK_D_isrhook
11815a50   CLK_D_tabbeg
11815a4c   CLK_D_timefxn
00000001   CLK_ENABLEHTIME
1180d380   CLK_F_gethtime
1180bf20   CLK_F_getltime
1180bf30   CLK_F_isr
1180c070   CLK_F_itime
11809c00   CLK_HOOKFXN
00000001   CLK_HTIMEDIV
00000001   CLK_HTIMEMULT
000493e0   CLK_HTIMEPERLTIME
00005dc0   CLK_INPUTCLK
00004000   CLK_INTBIT
00000001   CLK_LTIMEDIV
000493e0   CLK_LTIMEMULT
000003e8   CLK_MICROSECS
00000001   CLK_POWERENABLE
00005dc0   CLK_PRD
00000000   CLK_PRDHIGH
01c20000   CLK_REGS
00000001   CLK_RESETTIMER
11815a48   CLK_R_time
00000020   CLK_TCR
00000000   CLK_TDDR
00000000   CLK_TDDRHIGH
1180d380   CLK_TIMEFXN
00000000   CLK_TIMERNUM
00000005   CLK_TIMMODE
00000001   CLK_USETIMER
11811a1c   CLK_null
ffffffff   DDR
00000000   DEV$
00000000   DGN$
00000000   DHL$
00000000   DHL_gChannelsAvailable
00000000   DIO$
00000000   DIO_NUMSWIBASE
00000000   DIO_NUMTSKBASE
00000000   DIO_STATIC
00000000   DPI$
00000000   ECM$
00000000   ECM_ENABLE
ffffffff   ECM_EVTMASK0
ffffffff   ECM_EVTMASK1
ffffffff   ECM_EVTMASK2
ffffffff   ECM_EVTMASK3
0000000a   EVENT10
00000064   EVENT100
00000065   EVENT101
00000066   EVENT102
00000067   EVENT103
00000068   EVENT104
00000069   EVENT105
0000006a   EVENT106
0000006b   EVENT107
0000006c   EVENT108
0000006d   EVENT109
0000000b   EVENT11
0000006e   EVENT110
0000006f   EVENT111
00000070   EVENT112
00000071   EVENT113
00000072   EVENT114
00000073   EVENT115
00000074   EVENT116
00000075   EVENT117
00000076   EVENT118
00000077   EVENT119
0000000c   EVENT12
00000078   EVENT120
00000079   EVENT121
0000007a   EVENT122
0000007b   EVENT123
0000007c   EVENT124
0000007d   EVENT125
0000007e   EVENT126
0000007f   EVENT127
0000000d   EVENT13
0000000e   EVENT14
0000000f   EVENT15
00000010   EVENT16
00000011   EVENT17
00000012   EVENT18
00000013   EVENT19
00000014   EVENT20
00000015   EVENT21
00000016   EVENT22
00000017   EVENT23
00000018   EVENT24
00000019   EVENT25
0000001a   EVENT26
0000001b   EVENT27
0000001c   EVENT28
0000001d   EVENT29
0000001e   EVENT30
0000001f   EVENT31
00000020   EVENT32
00000021   EVENT33
00000022   EVENT34
00000023   EVENT35
00000024   EVENT36
00000025   EVENT37
00000026   EVENT38
00000027   EVENT39
00000004   EVENT4
00000028   EVENT40
00000029   EVENT41
0000002a   EVENT42
0000002b   EVENT43
0000002c   EVENT44
0000002d   EVENT45
0000002e   EVENT46
0000002f   EVENT47
00000030   EVENT48
00000031   EVENT49
00000005   EVENT5
00000032   EVENT50
00000033   EVENT51
00000034   EVENT52
00000035   EVENT53
00000036   EVENT54
00000037   EVENT55
00000038   EVENT56
00000039   EVENT57
0000003a   EVENT58
0000003b   EVENT59
00000006   EVENT6
0000003c   EVENT60
0000003d   EVENT61
0000003e   EVENT62
0000003f   EVENT63
00000040   EVENT64
00000041   EVENT65
00000042   EVENT66
00000043   EVENT67
00000044   EVENT68
00000045   EVENT69
00000007   EVENT7
00000046   EVENT70
00000047   EVENT71
00000048   EVENT72
00000049   EVENT73
0000004a   EVENT74
0000004b   EVENT75
0000004c   EVENT76
0000004d   EVENT77
0000004e   EVENT78
0000004f   EVENT79
00000008   EVENT8
00000050   EVENT80
00000051   EVENT81
00000052   EVENT82
00000053   EVENT83
00000054   EVENT84
00000055   EVENT85
00000056   EVENT86
00000057   EVENT87
00000058   EVENT88
00000059   EVENT89
00000009   EVENT9
0000005a   EVENT90
0000005b   EVENT91
0000005c   EVENT92
0000005d   EVENT93
0000005e   EVENT94
0000005f   EVENT95
00000060   EVENT96
00000061   EVENT97
00000062   EVENT98
00000063   EVENT99
1180cf20   FXN_F_nop
1180cf24   FXN_F_run
1180cf60   FXN_F_zero
00000001   GBL$
00005205   GBL_A_VERSION
00000000   GBL_BCACHEREADADDR0
00000000   GBL_BCACHEREADADDR1
00000000   GBL_BCACHEREADADDR2
00000000   GBL_BIGENDIAN
00000000   GBL_CACHE
00000000   GBL_CALLCSLCFGINIT
00004e20   GBL_CLKIN
00001a5b   GBL_CLKTYPE
00001a5c   GBL_DSPSUBTYPE
0000003e   GBL_DSPTYPE
00000001   GBL_ENABLEINST
00000000   GBL_ENABLE_SK
00000042   GBL_FOOTPRINT
000493e0   GBL_FREQ
00000000   GBL_GEMTRUECOMPEN
00000007   GBL_L1DMODE
00000007   GBL_L1PMODE
00000001   GBL_L2CONFIGURE
00000000   GBL_L2MAR0_31
00000001   GBL_L2MAR128_159
00000000   GBL_L2MAR160_191
ffffffff   GBL_L2MAR192_223
00000000   GBL_L2MAR224_255
00000000   GBL_L2MAR32_63
00000000   GBL_L2MAR64_95
00000000   GBL_L2MAR96_127
00000000   GBL_L2MODE
00000000   GBL_NULL
00000000   GBL_PROCID
00000000   GBL_ROM
00000000   GBL_SUPPORTCSL
0000dbef   GBL_TRCMASKVALUE
00000000   GBL_USERINIT
1180d2c0   GBL_USERINITFXN
00000001   GBL_boot
11816574   GBL_initdone
11815530   GBL_stackbeg
1181592f   GBL_stackend
00000000   GIO$
1180d2c0   GIO_CREATEFXN
1180d2c0   GIO_DELETEFXN
1180d2c0   GIO_PENDFXN
1180d2c0   GIO_POSTFXN
00000000   HOOK$
00000000   HOOK_KNLID
00000001   HST$
11813fc0   HST_A_TABBEG
11813ffc   HST_A_TABEND
00000000   HST_DSM
11815bec   HST_DSMBUFSEG
00000400   HST_DSMMEMSIZE
11815ac4   HST_D_chanmask
11815ac8   HST_D_tabbeg
11815acc   HST_D_tabend
000000ff   HST_MAXFRAMEALLOWED
00000040   HST_MAXFRAMESET
00000000   HST_NONE
00000001   HST_RTDX
00000001   HWI$
11816000   HWI_A_VECS
00005828   HWI_CFGDISPATCHED
11815c38   HWI_D_bss
11815c3c   HWI_D_ccmask
11815c28   HWI_D_spsave
00000001   HWI_ENABLE_EXC
11809c00   HWI_F_dispatch
00000000   HWI_GENERATE_RESET_VEC
0000000a   HWI_INT10
00000000   HWI_INT10$hwi
0000000b   HWI_INT11
00000000   HWI_INT11$hwi
0000000c   HWI_INT12
00000000   HWI_INT12$hwi
0000000d   HWI_INT13
00000000   HWI_INT13$hwi
0000000e   HWI_INT14
00000000   HWI_INT14$hwi
0000000f   HWI_INT15
00000000   HWI_INT15$hwi
00000004   HWI_INT4
00000000   HWI_INT4$hwi
00000005   HWI_INT5
00000000   HWI_INT5$hwi
00000006   HWI_INT6
00000000   HWI_INT6$hwi
00000007   HWI_INT7
00000000   HWI_INT7$hwi
00000008   HWI_INT8
00000000   HWI_INT8$hwi
00000009   HWI_INT9
00000000   HWI_INT9$hwi
07063d04   HWI_INTRMUX1
0b0a0908   HWI_INTRMUX2
28040d0c   HWI_INTRMUX3
00000001   HWI_NMI
00000000   HWI_NMI$hwi
00000000   HWI_POLARITYMASK
00000002   HWI_RESERVED0
00000000   HWI_RESERVED0$hwi
00000003   HWI_RESERVED1
00000000   HWI_RESERVED1$hwi
00000000   HWI_RESET
00000000   HWI_RESET$hwi
00000000   HWI_ZEROTAB
00000001   IDL$
11816540   IDL_A_CALBEG
11816530   IDL_A_TABBEG
00000006   IDL_CALIBRERROR
1180d1c0   IDL_CALIBRFXN
11815cb4   IDL_D_busyObj
11815a38   IDL_D_calbeg
11815a34   IDL_D_calibrate
11815a30   IDL_D_tabbeg
1181653c   IDL_END
1181654c   IDL_END$
1180cfe0   IDL_F_busy
1180ce40   IDL_F_calibrate
1180d300   IDL_F_loop
1180d1c0   IDL_F_stub
00000001   IDL_USECLKIDLTIME
11816464   IDL_busyObj
1181519e   IDL_busyObj$avgfmt
00000001   IDL_busyObj$filter
00000001   IDL_busyObj$iA
00000000   IDL_busyObj$iB
00000001   IDL_busyObj$iC
11815198   IDL_busyObj$maxfmt
00000000   IDL_busyObj$operation
11816460   IDL_busyObj$stsobj
1181519b   IDL_busyObj$sumfmt
00000002   IDL_busyObj$unittype
11816530   IDL_cpuLoad
11816540   IDL_cpuLoad$
11815bec   IRAM
1180d3a0   IRAM$B
00002000   IRAM$L
00000001   ISRC$
1180c218   KNL_glue
118163f4   KNL_swi
00000001   KNL_swi$dorta
00000002   KNL_swi$ord
00000000   KNL_swi$pri
11816444   KNL_swi$sts
11815174   KNL_swi$sts$avgfmt
00000002   KNL_swi$sts$filter
00000001   KNL_swi$sts$filtmaxmult
00000001   KNL_swi$sts$filtsummult
11815164   KNL_swi$sts$maxfmt
11816440   KNL_swi$sts$stsobj
1181516c   KNL_swi$sts$sumfmt
00000000   KNL_swi$sts$unittype
00000000   KNL_swi$swi
ffffffff   L3_CBA_RAM
00000001   LCK$
118090c0   LNK_F_checkBufferCall
11809140   LNK_F_dataPump
118090e0   LNK_F_getChanPtr
11809138   LNK_F_init
11809648   LNK_F_readCallBack
11816534   LNK_dataPump
11816544   LNK_dataPump$
11815c44   LNK_dspFrameReadyMask
11815c40   LNK_dspFrameRequestMask
118093c0   LNK_newin
118094f4   LNK_newout
11809150   LNK_rcloop
11809214   LNK_rdrtry
11815c4c   LNK_readDone
11815c50   LNK_readFail
11815c48   LNK_readPend
11809224   LNK_rrloop
11815c54   LNK_writeFail
118092f0   LNK_wrloop
118092e4   LNK_wrrtry
00000001   LOG$
11816500   LOG_A_TABBEG
11816530   LOG_A_TABEND
00000002   LOG_A_TABLEN
11815a3c   LOG_D_system
00000001   LOG_ENABLED
1180cdc0   LOG_F_event
11816500   LOG_system
11814000   LOG_system$buf
00000000   LOG_system$datatype
00000000   LOG_system$log
00000200   LOG_system$size
00000000   MBX$
00000001   MEM$
11815bec   MEM_MALLOCSEG
00000000   MEM_NULL
11815bec   MEM_SEGZERO
00000000   MEM_USEMPC
00000001   MEM_gNumHeap
00000000   MSGQ$
00000000   MSGQ_USEMSGQ
00000000   OBJ$
00000000   PIP$
11816300   PIP_A_TABBEG
118163c8   PIP_A_TABEND
00000002   PIP_A_TABLEN
11815a40   PIP_D_tabbeg
11815a44   PIP_D_tablen
1180b898   PIP_F_give
1180b898   PIP_F_probe
1180b968   PIP_F_start
1180b820   PIP_F_take
00000064   PIP_OBJSIZE
00000000   PIP_gNextId
00000002   PIP_gNumEmbed
00000000   POOL$
00000000   POOL_USEPOOL
00000001   PRD$
11811fe0   PRD0
11811ffc   PRD0$aaa
00000000   PRD0$mode
00000001   PRD0$ord
000001f4   PRD0$period
00000000   PRD0$prd
11816424   PRD0$sts
1181513f   PRD0$sts$avgfmt
00000000   PRD0$sts$filter
1181512d   PRD0$sts$maxfmt
11816420   PRD0$sts$stsobj
11815136   PRD0$sts$sumfmt
00000002   PRD0$sts$unittype
11811fe0   PRD_A_TABBEG
11812000   PRD_A_TABEND
00000001   PRD_A_TABLEN
11815a80   PRD_D_cur
11815a84   PRD_D_elapsed
11815a88   PRD_D_prevtim
11815a8c   PRD_D_scalar
11815a90   PRD_D_swihandle
11815a94   PRD_D_tabbeg
11815a98   PRD_D_tablen
11815a9c   PRD_D_thook
11815a7c   PRD_D_tick
1180a5a0   PRD_F_swi
1180a824   PRD_F_tick
00000001   PRD_SCALAR
118163c8   PRD_SWIHANDLE
1180b434   PRD_THOOKFXN
11811a18   PRD_clock
118163c8   PRD_swi
00000001   PRD_swi$dorta
00000001   PRD_swi$ord
00000001   PRD_swi$pri
11816434   PRD_swi$sts
1181515a   PRD_swi$sts$avgfmt
00000002   PRD_swi$sts$filter
00000001   PRD_swi$sts$filtmaxmult
00000001   PRD_swi$sts$filtsummult
1181514a   PRD_swi$sts$maxfmt
11816430   PRD_swi$sts$stsobj
11815152   PRD_swi$sts$sumfmt
00000000   PRD_swi$sts$unittype
00000000   PRD_swi$swi
00000001   PWRM$
00000030   PWRM_PWRM_CAPSMASK
0000000a   PWRM_PWRM_CLKTICKSPERSLOT
00000000   PWRM_PWRM_ENABLE
00000002   PWRM_PWRM_INITSPCPU
00000000   PWRM_PWRM_INITSPPER
00000000   PWRM_PWRM_LOADENABLE
00000001   PWRM_PWRM_NUMSLOTS
00000000   PWRM_PWRM_RESOURCETRACKING
00000000   PWRM_PWRM_SCALING
1180d2c0   PWRM_PWRM_SHAREDRESOURCEFXN
1180d2c0   PWRM_PWRM_SLOTHOOKFXN
00000000   PWRM_PWRM_TIMERIDNUM
00000000   PWRM_PWRM_TIMERINTRMASK
00000000   PWRM_PWRM_TIMERWUGENMASK
00000000   PWRM_PWRM_USERRESOURCES
00000000   PWRM_PWRM_USETIMER
00000001   QUE$
11815aa0   RTA_D_fromHost
11815aa8   RTA_D_logval
11815ab8   RTA_D_stsval
11815aa4   RTA_D_toHost
1180d200   RTA_F_andn
1180ac80   RTA_F_dispatch
1180aba0   RTA_F_getlog
1180abd8   RTA_F_getsts
1180d218   RTA_F_or
1180ac18   RTA_F_readblk
1180ac40   RTA_F_resetmem
1180ac34   RTA_F_writeword
11816538   RTA_dispatcher
11816548   RTA_dispatcher$
1180accc   RTA_execute
11813fc4   RTA_fromHost
11815fe8   RTA_fromHost$buf
00000004   RTA_fromHost$framesize
00000000   RTA_fromHost$hst
00000001   RTA_fromHost$id
00000000   RTA_fromHost$mode
11816300   RTA_fromHost$pipe
11816330   RTA_fromHost$pipe$aaa
11816360   RTA_fromHost$pipe$bbb
11815bf0   RTA_fromHost$pipe$dtab
11816304   RTA_fromHost$pipe$rd
11816334   RTA_fromHost$pipe$wr
11813fcc   RTA_fromHost$rtdx
11813fe0   RTA_toHost
11816200   RTA_toHost$buf
00000040   RTA_toHost$framesize
00000000   RTA_toHost$hst
00000000   RTA_toHost$id
00000001   RTA_toHost$mode
11816364   RTA_toHost$pipe
11816394   RTA_toHost$pipe$aaa
118163c4   RTA_toHost$pipe$bbb
11815bfc   RTA_toHost$pipe$dtab
11816368   RTA_toHost$pipe$rd
11816398   RTA_toHost$pipe$wr
11813fe8   RTA_toHost$rtdx
00000001   RTDX$
00000408   RTDX_BUFMEMSIZE
11815bec   RTDX_DATAMEMSEG
00000000   RTDX_MODE
00000001   RTDX_NORMALIZED_HDR
00000001   RTDX_USERTDX
00000000   RTDX_USERTEXECUTION
00000000   SEM$
00000000   SIO$
00000001   STS$
11816420   STS_A_TABBEG
11816470   STS_A_TABEND
1180d0cc   STS_F_add
1180d0a0   STS_F_delta
1180d0e8   STS_F_reset
00000001   SWI$
118163c8   SWI_A_TABBEG
11816420   SWI_A_TABEND
00000002   SWI_A_TABLEN
11815b14   SWI_D_curfxn
11815b04   SWI_D_curmask
11815b10   SWI_D_curmbox
11815b08   SWI_D_curset
11815b00   SWI_D_execaddr
11815b1c   SWI_D_inswi
11815b0c   SWI_D_lock
11815b18   SWI_D_rdybeg
11815b20   SWI_D_rdytab
11815afc   SWI_D_runaddr
00000000   SWI_EHOOKFXN
1180a2c4   SWI_EXECFXN
1180a0e0   SWI_F_enable
1180a2c4   SWI_F_exec
1180a2ec   SWI_F_iexec
1180a150   SWI_F_post
1180a36c   SWI_F_run
00000000   SWI_IHOOKFXN
1180a36c   SWI_RUNFXN
00000001   SYS$
11816550   SYS$config
1180d240   SYS_ABORTFXN
1180d340   SYS_ERRORFXN
1180d360   SYS_EXITFXN
1180d280   SYS_PUTCFXN
11816570   TRC_R_mask
1181656c   TRC_cinit
00000001   TSK$
00000000   TSK_NUM_HOOKS
00000001   TSK_PRIORITY
00000000   TSK_READYFXN
00000000   TSK_STACKSEG
00000400   TSK_STACKSIZE
00000000   TSK_SWITCHFXN
1180d2c0   TSK_VCREATEFXN
1180d2c0   TSK_VDELETEFXN
1180d2c0   TSK_VEXITFXN
11811f8c   TSK_idle
00000000   TSK_idle$ord
00000000   TSK_idle$pri
11815130   TSK_idle$stack
118154c8   TSK_idle$stkptr
11816454   TSK_idle$sts
1181518e   TSK_idle$sts$avgfmt
00000002   TSK_idle$sts$filter
00000001   TSK_idle$sts$filtmaxmult
00000001   TSK_idle$sts$filtsummult
1181517e   TSK_idle$sts$maxfmt
11816450   TSK_idle$sts$stsobj
11815186   TSK_idle$sts$sumfmt
00000000   TSK_idle$sts$unittype
00000000   TSK_idle$tsk
00000000   UDEV$
11802ea4   _AIC3106_Init
11802f58   _AIC3106_readRegister
11802fc4   _AIC3106_writeRegister
1180d2c0   _BCACHE_bootInit
1180c5d4   _BCACHE_getMar
1180c584   _BCACHE_getSize
1180c554   _BCACHE_setCacheToSram
1180c504   _BCACHE_setMar
1180c4c0   _BCACHE_setSize
11811a20   _BIOS_init
11811c50   _BIOS_start
ffffffff   _CACHE_L1D
ffffffff   _CACHE_L1P
000493e0   _CLK_COUNTSPMS
11815ca0   _CLK_DFLTMICROSECS
11815a78   _CLK_D_countspms
11815a6c   _CLK_D_dirty
11815ca4   _CLK_D_microseconds
11815a70   _CLK_D_prd
11815a74   _CLK_D_tddr
1180c070   _CLK_F_itime
00005dc0   _CLK_PRD
01c20000   _CLK_REGS
00000000   _CLK_TDDR
00000000   _CLK_TIMERNUM
00000001   _CLK_USETIMER
1180d380   _CLK_gethtime
11815a5c   _CLK_htimeDiv
11815a60   _CLK_htimeMult
11815cb0   _CLK_htimePerLtime
118110b4   _CLK_inputClock
1180c070   _CLK_itime
11815a64   _CLK_ltimeDiv
11815a68   _CLK_ltimeMult
1180d160   _CLK_measure
ffffffff   _DDR
11806c44   _DIP_get
11806ca8   _DIP_getAll
11806c20   _DIP_init
0000000a   _EVENT10
00000064   _EVENT100
00000065   _EVENT101
00000066   _EVENT102
00000067   _EVENT103
00000068   _EVENT104
00000069   _EVENT105
0000006a   _EVENT106
0000006b   _EVENT107
0000006c   _EVENT108
0000006d   _EVENT109
0000000b   _EVENT11
0000006e   _EVENT110
0000006f   _EVENT111
00000070   _EVENT112
00000071   _EVENT113
00000072   _EVENT114
00000073   _EVENT115
00000074   _EVENT116
00000075   _EVENT117
00000076   _EVENT118
00000077   _EVENT119
0000000c   _EVENT12
00000078   _EVENT120
00000079   _EVENT121
0000007a   _EVENT122
0000007b   _EVENT123
0000007c   _EVENT124
0000007d   _EVENT125
0000007e   _EVENT126
0000007f   _EVENT127
0000000d   _EVENT13
0000000e   _EVENT14
0000000f   _EVENT15
00000010   _EVENT16
00000011   _EVENT17
00000012   _EVENT18
00000013   _EVENT19
00000014   _EVENT20
00000015   _EVENT21
00000016   _EVENT22
00000017   _EVENT23
00000018   _EVENT24
00000019   _EVENT25
0000001a   _EVENT26
0000001b   _EVENT27
0000001c   _EVENT28
0000001d   _EVENT29
0000001e   _EVENT30
0000001f   _EVENT31
00000020   _EVENT32
00000021   _EVENT33
00000022   _EVENT34
00000023   _EVENT35
00000024   _EVENT36
00000025   _EVENT37
00000026   _EVENT38
00000027   _EVENT39
00000004   _EVENT4
00000028   _EVENT40
00000029   _EVENT41
0000002a   _EVENT42
0000002b   _EVENT43
0000002c   _EVENT44
0000002d   _EVENT45
0000002e   _EVENT46
0000002f   _EVENT47
00000030   _EVENT48
00000031   _EVENT49
00000005   _EVENT5
00000032   _EVENT50
00000033   _EVENT51
00000034   _EVENT52
00000035   _EVENT53
00000036   _EVENT54
00000037   _EVENT55
00000038   _EVENT56
00000039   _EVENT57
0000003a   _EVENT58
0000003b   _EVENT59
00000006   _EVENT6
0000003c   _EVENT60
0000003d   _EVENT61
0000003e   _EVENT62
0000003f   _EVENT63
00000040   _EVENT64
00000041   _EVENT65
00000042   _EVENT66
00000043   _EVENT67
00000044   _EVENT68
00000045   _EVENT69
00000007   _EVENT7
00000046   _EVENT70
00000047   _EVENT71
00000048   _EVENT72
00000049   _EVENT73
0000004a   _EVENT74
0000004b   _EVENT75
0000004c   _EVENT76
0000004d   _EVENT77
0000004e   _EVENT78
0000004f   _EVENT79
00000008   _EVENT8
00000050   _EVENT80
00000051   _EVENT81
00000052   _EVENT82
00000053   _EVENT83
00000054   _EVENT84
00000055   _EVENT85
00000056   _EVENT86
00000057   _EVENT87
00000058   _EVENT88
00000059   _EVENT89
00000009   _EVENT9
0000005a   _EVENT90
0000005b   _EVENT91
0000005c   _EVENT92
0000005d   _EVENT93
0000005e   _EVENT94
0000005f   _EVENT95
00000060   _EVENT96
00000061   _EVENT97
00000062   _EVENT98
00000063   _EVENT99
11800f08   _EVMC6748_enableDsp
11800d20   _EVMC6748_init
11800d4c   _EVMC6748_initRAM
11800fd0   _EVMC6748_lpscTransition
11800f34   _EVMC6748_pinmuxConfig
11809bd0   _EXC_clearLastStatus
1180b640   _EXC_dispatch
118099f4   _EXC_exceptionHandler
11815c58   _EXC_exceptionHook
118099c0   _EXC_external
11815c60   _EXC_externalHook
118099a0   _EXC_getLastStatus
11809960   _EXC_init
118096b4   _EXC_internal
11815c5c   _EXC_internalHook
11809680   _EXC_nmi
11815c64   _EXC_nmiHook
11815c10   _EXC_returnPtr
1180b804   _EXC_setReturnPtr
118119c0   _EXC_status
11815c08   _EXC_sysTrapTable
1180d2c0   _FXN_F_nop
1180cf24   _FXN_F_run
1180cf60   _FXN_F_zero
00000000   _GBL_CACHE
1180c668   _GBL_cacheInit64P
11815ad4   _GBL_clkIn
11815ad8   _GBL_freq
1180d2e0   _GBL_getVersion
11815ad0   _GBL_procId
11804318   _GPIO_getInput
118042a0   _GPIO_setDir
1180438c   _GPIO_setOutput
1180440c   _GPIO_toggleLoop
118082c0   _HOSTclose
11807480   _HOSTlseek
11807780   _HOSTopen
11807860   _HOSTread
11806940   _HOSTrename
11807cc0   _HOSTunlink
11807d80   _HOSTwrite
11813000   _HSRTDX_rec
11813760   _HSRTDX_xmt
11813fc0   _HST_A_TABBEG
11813ffc   _HST_A_TABEND
00005828   _HWI_CFGDISPATCHED
11815c34   _HWI_D_inhwi
11815c28   _HWI_D_spsave
11809c00   _HWI_F_dispatch
0000000a   _HWI_INT10
0000000b   _HWI_INT11
0000000c   _HWI_INT12
0000000d   _HWI_INT13
0000000e   _HWI_INT14
0000000f   _HWI_INT15
00000004   _HWI_INT4
00000005   _HWI_INT5
00000006   _HWI_INT6
00000007   _HWI_INT7
00000008   _HWI_INT8
00000009   _HWI_INT9
00000001   _HWI_NMI
00000002   _HWI_RESERVED0
00000003   _HWI_RESERVED1
00000000   _HWI_RESET
11815928   _HWI_STKBOTTOM
11815530   _HWI_STKTOP
11815c28   _HWI_data
1180cf80   _HWI_disable
11815930   _HWI_dispatchTab
1180cf98   _HWI_enable
1180cfac   _HWI_restore
118036b4   _I2CGPIO_getInput
118037d0   _I2CGPIO_getInputAll
118035e0   _I2CGPIO_init
118038e0   _I2CGPIO_setOutput
11803a28   _I2CGPIO_setOutputAll
11804620   _I2C_init
1180470c   _I2C_read
11804868   _I2C_write
11816464   _IDL_busyObj
11816530   _IDL_cpuLoad
1180d300   _IDL_loop
11815bec   _IRAM
1180d3a0   _IRAM_base
00002000   _IRAM_length
11815ba0   _KNL_alarm
1180c720   _KNL_check
11815bc4   _KNL_curqueue
11815bb4   _KNL_curtask
11815bbc   _KNL_curtime
11811848   _KNL_dummy
1180ca80   _KNL_enter
1180ca40   _KNL_exit
1180c7e8   _KNL_idle
11815bdc   _KNL_idlefxn
11815ba8   _KNL_inactive
1180cc40   _KNL_ipost
1180c810   _KNL_max
11815bc8   _KNL_maxqueue
1180ccc0   _KNL_post
11815bb8   _KNL_prevtask
11815bac   _KNL_priority
118117a8   _KNL_queues
1180ae20   _KNL_run
1180c0c0   _KNL_saveIsrFrame
11815bb0   _KNL_set
11815ba4   _KNL_setpri
118163f4   _KNL_swi
11815bc0   _KNL_swiptr
1180c16c   _KNL_switch
11815bd0   _KNL_tcreatefxn
11815bd4   _KNL_tdeletefxn
1180b434   _KNL_tick
11815bd8   _KNL_treadyfxn
11815bcc   _KNL_tswitchfxn
11815b98   _KNL_wFlag
11815b9c   _KNL_wList
ffffffff   _L3_CBA_RAM
1180cd60   _LCK_pend
1180cd40   _LCK_post
11806400   _LED_init
1180644c   _LED_isOn
1180654c   _LED_toggle
11806504   _LED_turnOff
118064b4   _LED_turnOn
11816534   _LNK_dataPump
11815c44   _LNK_dspFrameReadyMask
11815c40   _LNK_dspFrameRequestMask
11815c4c   _LNK_readDone
11815c50   _LNK_readFail
11815c48   _LNK_readPend
11815c54   _LNK_writeFail
11816500   _LOG_A_TABBEG
11816530   _LOG_A_TABEND
00000002   _LOG_A_TABLEN
11815a3c   _LOG_D_system
1180cdc0   _LOG_event
11816500   _LOG_system
11815cb8   _MEM
11815adc   _MEM_D_NUMSEGMENTS
11815ae4   _MEM_D_freelist
11815ae8   _MEM_D_lockaddr
11815ae0   _MEM_D_memtab
11815aec   _MEM_D_unlockaddr
1180b060   _MEM_alloc
1180b460   _MEM_free
11811e60   _MEM_init
11815be0   _MEM_memtab
11802c0c   _McASP_Init
11802d34   _McASP_Start
11811918   _OBJ_segtab
118118e0   _OBJ_table
11816300   _PIP_A_TABBEG
118163c8   _PIP_A_TABEND
11811fe0   _PRD0
11815a7c   _PRD_D_tick
11811a18   _PRD_clock
118163c8   _PRD_swi
11816538   _RTA_dispatcher
11813fc4   _RTA_fromHost
11813fe0   _RTA_toHost
11814880   _RTDX_Buffer
11814c8c   _RTDX_Buffer_End
11813de0   _RTDX_Buffer_Initialize
11813f60   _RTDX_Buffer_Read
11813ea0   _RTDX_Buffer_ReadCB
11813ee0   _RTDX_Buffer_Size
11814c88   _RTDX_Buffer_Start
11813f80   _RTDX_Buffer_Write
118132a0   _RTDX_Buffer_WriteCB
11813d60   _RTDX_Final_RT_Monitor
11813e40   _RTDX_Init_RT_Monitor
00000002   _RTDX_JTAGONLY
11813fa0   _RTDX_Mask_IER
11813a60   _RTDX_Mon_Queue
11813cc0   _RTDX_Poll
00000000   _RTDX_interrupt_mask
11813f20   _RTDX_memfill
11814ce0   _RTDX_writing
11815bec   _SEG0
1180d040   _SEM_pend
1180ba00   _SEM_pendEnterKnl
1180c960   _SEM_post
1180c960   _SEM_postBinary
1180cb00   _SEM_postEnterKnl
11816420   _STS_A_TABBEG
11816470   _STS_A_TABEND
1180d0cc   _STS_add
1180d0a0   _STS_delta
1180d0e8   _STS_reset
1180d320   _STS_set
11815b14   _SWI_D_curfxn
11815b04   _SWI_D_curmask
11815b08   _SWI_D_curset
11815b00   _SWI_D_execaddr
11815b1c   _SWI_D_inswi
11815b0c   _SWI_D_lock
11815b18   _SWI_D_rdybeg
11815afc   _SWI_D_runaddr
11815afc   _SWI_data
1180a150   _SWI_post
11815af0   _SYS
11815cc4   _SYS_PUTCBEG
11815ec3   _SYS_PUTCEND
1180d100   _SYS_abort
1180cec0   _SYS_error
1180cba0   _SYS_exit
11811988   _SYS_exitStack
11815ca8   _SYS_exitStackPtr
11815cac   _SYS_exitStackTop
11803084   _SetGpio
11816570   _TRC_R_mask
11815c90   _TSK
11811880   _TSK_ATTRS
1181189c   _TSK_config
1180c380   _TSK_exit
11811f8c   _TSK_idle
11811f20   _TSK_init
11815c88   _TSK_nTasks
11815c8c   _TSK_pid
1180bd80   _TSK_setup
1180c8e4   _TSK_startup
118118bc   _TSK_timerSem
11802ff8   _USTIMER_delay
11801920   _UTIL_isUIBoardAttached
118017c8   _UTIL_printMem
1180d240   _UTL_doAbort
1180d340   _UTL_doError
1180d280   _UTL_doPutc
1180d360   _UTL_halt
11815ec8   __CIOBUF_
1180c090   __CLK_lat1beg
1180c0b0   __CLK_lat1end
11815af8   __HOOK_NUMHOOKS
11815af4   __HOOK_knlId
11809c00   __HWI_lat1beg
11809d88   __HWI_lat1end
11809d88   __HWI_lat2beg
11809f64   __HWI_lat2end1
11809ef0   __HWI_lat2end2
11809f80   __HWI_lat3beg
11809f20   __HWI_lat3end2
1180cfe0   __IDL_lat1beg
1180d020   __IDL_lat1end
1180c76c   __KNL_lat1beg
1180c7e8   __KNL_lat1end
1180cdc0   __LOG_lat1beg
1181195c   __MEM_mutex
1180ac40   __RTA_lat1beg
1180ac74   __RTA_lat1end
1180bbe0   __SEM_dopost
11815930   __STACK_END
00000400   __STACK_SIZE
1180a258   __SWI_lat1beg
1180a304   __SWI_lat1end
1180a308   __SWI_lat2beg
1180a368   __SWI_lat2end
1180a0e0   __SWI_lat3beg
1180a14c   __SWI_lat3end
11811934   __TSK_mutex
11811a04   ___TI_enable_exit_profile_output
ffffffff   ___TI_pprof_out_hndl
ffffffff   ___TI_prof_data_size
ffffffff   ___TI_prof_data_start
11808e00   ___add_dtor
118113e0   ___atexit_func_id__
ffffffff   ___binit__
11815930   ___bss__
ffffffff   ___c_args__
1180f3a0   ___cinit__
11800000   ___data__
11800000   ___edata__
11815cc4   ___end__
118090c0   ___etext__
11808e40   ___isinf
11816560   ___pinit__
11800000   ___text__
1180c240   __auto_init
11807f00   __c6xabi_divu
11809000   __c6xabi_pop_rts
11809020   __c6xabi_push_rts
11808360   __cleanup
118119fc   __cleanup_ptr
11807000   __closefile
11814e90   __ctypes_
11802060   __divd
11808400   __divli
11807f00   __divu
118067a0   __divul
118054c0   __divull
11807fc0   __doflush
11811a00   __dtors_ptr
118085e0   __fixdli
11808ae0   __fltlid
11808ec0   __frcmpyd_div
118113d8   __ft_end
118110b8   __ftable
11808b60   __llshl
11808f00   __llshru
11811a08   __lock
11808f80   __negll
11808fa0   __nop
11808680   __nround
11809000   __pop_rts
11803ac0   __printfi
11809020   __push_rts
11809040   __register_lock
11809060   __register_unlock
11808f40   __remli
11815530   __stack
11808ce0   __subcull
11811298   __tmpnams
11809080   __trunc
11811a0c   __unlock
11807580   __wrt_ok
11810b10   _aHigh
11810ab0   _aLow
11810ad0   _aMid
11810af0   _aPres
11808080   _atexit
11807940   _atoi
11800174   _audioHWI
11810b20   _bHigh
11810ac0   _bLow
11810ae0   _bMid
11810b00   _bPres
11810940   _b_fir
11814f98   _bitval_u32
11810db8   _buffer
11811da0   _c_int00
11810a40   _cab
11807680   _call_dtors
1180ab4c   _calloc
11807a20   _close
118013a8   _config_pll0
118015e4   _config_pll1
11800068   _dipPRD
11815c9b   _dist
118118dc   _dtors
11815c96   _eqBypass
11810bb8   _eqSignal
118113dc   _errno
11810cb8   _fftSignal
11805de0   _fputc
11803f00   _fputs
1180a920   _free
11807240   _frexp
11807360   _fseek
11811044   _high
11815c9a   _highCut
11802ba4   _initAll
11806ac0   _ldexp
11810ef4   _low
11815c97   _lowCut
11808860   _lseek
11808140   _ltoa
11800000   _main
1180a944   _malloc
11815c94   _mask
1180aa88   _memalign
11808d40   _memccpy
11808900   _memcpy
11807b00   _memset
11810f64   _mid
11815c98   _midCut
118089a0   _modf
11801940   _pow
11810fd4   _pres
11815c99   _presCut
11807be0   _printf
11805de0   _putc
11802b80   _read_audio_sample
11808be0   _readmsg
1180a9a4   _realloc
118090a0   _remove
11815c70   _rtdxNullChanCnt
11815c74   _rtdxNullFuncCnt
11815c7c   _rtdxRecNotDoneCnt
11815c84   _rtdxXmtErrorCnt
11815c78   _rtdxXmtNotDoneCnt
11815c80   _rtdxXmtRestartCnt
11814cd4   _rtdx_buffer_state
11814c90   _rtdx_mon_state
11806200   _setvbuf
11810b30   _sine
11816518   _trace
11808c60   _unlink
11810ee8   _wHigh
11810eb8   _wLow
11810ec8   _wMid
11810ed8   _wPres
11808a40   _write
11815c9c   _writeIndex
11802b90   _write_audio_sample
11808da0   _writemsg
ffffffff   binit
1180f3a0   cinit
11800000   edata
11815cc4   end
118090c0   etext
11816000   hwi0
11816020   hwi1
11816140   hwi10
11816160   hwi11
11816180   hwi12
118161a0   hwi13
118161c0   hwi14
118161e0   hwi15
11816040   hwi2
11816060   hwi3
11816080   hwi4
118160a0   hwi5
118160c0   hwi6
118160e0   hwi7
11816100   hwi8
11816120   hwi9
11816560   pinit
11816518   trace
11812000   trace$buf
00000001   trace$datatype
00000000   trace$log
00000400   trace$size


GLOBAL SYMBOLS: SORTED BY Symbol Address 

address    name
--------   ----
00000000   BUF$
00000000   CLK_PRDHIGH
00000000   CLK_TDDR
00000000   CLK_TDDRHIGH
00000000   CLK_TIMERNUM
00000000   DEV$
00000000   DGN$
00000000   DHL$
00000000   DHL_gChannelsAvailable
00000000   DIO$
00000000   DIO_NUMSWIBASE
00000000   DIO_NUMTSKBASE
00000000   DIO_STATIC
00000000   DPI$
00000000   ECM$
00000000   ECM_ENABLE
00000000   GBL_BCACHEREADADDR0
00000000   GBL_BCACHEREADADDR1
00000000   GBL_BCACHEREADADDR2
00000000   GBL_BIGENDIAN
00000000   GBL_CACHE
00000000   GBL_CALLCSLCFGINIT
00000000   GBL_ENABLE_SK
00000000   GBL_GEMTRUECOMPEN
00000000   GBL_L2MAR0_31
00000000   GBL_L2MAR160_191
00000000   GBL_L2MAR224_255
00000000   GBL_L2MAR32_63
00000000   GBL_L2MAR64_95
00000000   GBL_L2MAR96_127
00000000   GBL_L2MODE
00000000   GBL_NULL
00000000   GBL_PROCID
00000000   GBL_ROM
00000000   GBL_SUPPORTCSL
00000000   GBL_USERINIT
00000000   GIO$
00000000   HOOK$
00000000   HOOK_KNLID
00000000   HST_DSM
00000000   HST_NONE
00000000   HWI_GENERATE_RESET_VEC
00000000   HWI_INT10$hwi
00000000   HWI_INT11$hwi
00000000   HWI_INT12$hwi
00000000   HWI_INT13$hwi
00000000   HWI_INT14$hwi
00000000   HWI_INT15$hwi
00000000   HWI_INT4$hwi
00000000   HWI_INT5$hwi
00000000   HWI_INT6$hwi
00000000   HWI_INT7$hwi
00000000   HWI_INT8$hwi
00000000   HWI_INT9$hwi
00000000   HWI_NMI$hwi
00000000   HWI_POLARITYMASK
00000000   HWI_RESERVED0$hwi
00000000   HWI_RESERVED1$hwi
00000000   HWI_RESET
00000000   HWI_RESET$hwi
00000000   HWI_ZEROTAB
00000000   IDL_busyObj$iB
00000000   IDL_busyObj$operation
00000000   KNL_swi$pri
00000000   KNL_swi$sts$unittype
00000000   KNL_swi$swi
00000000   LOG_system$datatype
00000000   LOG_system$log
00000000   MBX$
00000000   MEM_NULL
00000000   MEM_USEMPC
00000000   MSGQ$
00000000   MSGQ_USEMSGQ
00000000   OBJ$
00000000   PIP$
00000000   PIP_gNextId
00000000   POOL$
00000000   POOL_USEPOOL
00000000   PRD0$mode
00000000   PRD0$prd
00000000   PRD0$sts$filter
00000000   PRD_swi$sts$unittype
00000000   PRD_swi$swi
00000000   PWRM_PWRM_ENABLE
00000000   PWRM_PWRM_INITSPPER
00000000   PWRM_PWRM_LOADENABLE
00000000   PWRM_PWRM_RESOURCETRACKING
00000000   PWRM_PWRM_SCALING
00000000   PWRM_PWRM_TIMERIDNUM
00000000   PWRM_PWRM_TIMERINTRMASK
00000000   PWRM_PWRM_TIMERWUGENMASK
00000000   PWRM_PWRM_USERRESOURCES
00000000   PWRM_PWRM_USETIMER
00000000   RTA_fromHost$hst
00000000   RTA_fromHost$mode
00000000   RTA_toHost$hst
00000000   RTA_toHost$id
00000000   RTDX_MODE
00000000   RTDX_USERTEXECUTION
00000000   SEM$
00000000   SIO$
00000000   SWI_EHOOKFXN
00000000   SWI_IHOOKFXN
00000000   TSK_NUM_HOOKS
00000000   TSK_READYFXN
00000000   TSK_STACKSEG
00000000   TSK_SWITCHFXN
00000000   TSK_idle$ord
00000000   TSK_idle$pri
00000000   TSK_idle$sts$unittype
00000000   TSK_idle$tsk
00000000   UDEV$
00000000   _CLK_TDDR
00000000   _CLK_TIMERNUM
00000000   _GBL_CACHE
00000000   _HWI_RESET
00000000   _RTDX_interrupt_mask
00000000   trace$log
00000001   BUF_ENABLED
00000001   CLK$
00000001   CLK_CALDIV
00000001   CLK_CALMULT
00000001   CLK_ENABLEHTIME
00000001   CLK_HTIMEDIV
00000001   CLK_HTIMEMULT
00000001   CLK_LTIMEDIV
00000001   CLK_POWERENABLE
00000001   CLK_RESETTIMER
00000001   CLK_USETIMER
00000001   GBL$
00000001   GBL_ENABLEINST
00000001   GBL_L2CONFIGURE
00000001   GBL_L2MAR128_159
00000001   GBL_boot
00000001   HST$
00000001   HST_RTDX
00000001   HWI$
00000001   HWI_ENABLE_EXC
00000001   HWI_NMI
00000001   IDL$
00000001   IDL_USECLKIDLTIME
00000001   IDL_busyObj$filter
00000001   IDL_busyObj$iA
00000001   IDL_busyObj$iC
00000001   ISRC$
00000001   KNL_swi$dorta
00000001   KNL_swi$sts$filtmaxmult
00000001   KNL_swi$sts$filtsummult
00000001   LCK$
00000001   LOG$
00000001   LOG_ENABLED
00000001   MEM$
00000001   MEM_gNumHeap
00000001   PRD$
00000001   PRD0$ord
00000001   PRD_A_TABLEN
00000001   PRD_SCALAR
00000001   PRD_swi$dorta
00000001   PRD_swi$ord
00000001   PRD_swi$pri
00000001   PRD_swi$sts$filtmaxmult
00000001   PRD_swi$sts$filtsummult
00000001   PWRM$
00000001   PWRM_PWRM_NUMSLOTS
00000001   QUE$
00000001   RTA_fromHost$id
00000001   RTA_toHost$mode
00000001   RTDX$
00000001   RTDX_NORMALIZED_HDR
00000001   RTDX_USERTDX
00000001   STS$
00000001   SWI$
00000001   SYS$
00000001   TSK$
00000001   TSK_PRIORITY
00000001   TSK_idle$sts$filtmaxmult
00000001   TSK_idle$sts$filtsummult
00000001   _CLK_USETIMER
00000001   _HWI_NMI
00000001   trace$datatype
00000002   HWI_RESERVED0
00000002   IDL_busyObj$unittype
00000002   KNL_swi$ord
00000002   KNL_swi$sts$filter
00000002   LOG_A_TABLEN
00000002   PIP_A_TABLEN
00000002   PIP_gNumEmbed
00000002   PRD0$sts$unittype
00000002   PRD_swi$sts$filter
00000002   PWRM_PWRM_INITSPCPU
00000002   SWI_A_TABLEN
00000002   TSK_idle$sts$filter
00000002   _HWI_RESERVED0
00000002   _LOG_A_TABLEN
00000002   _RTDX_JTAGONLY
00000003   HWI_RESERVED1
00000003   _HWI_RESERVED1
00000004   CLK_COUNTSPMSHIGH
00000004   EVENT4
00000004   HWI_INT4
00000004   RTA_fromHost$framesize
00000004   _EVENT4
00000004   _HWI_INT4
00000005   CLK_TIMMODE
00000005   EVENT5
00000005   HWI_INT5
00000005   _EVENT5
00000005   _HWI_INT5
00000006   EVENT6
00000006   HWI_INT6
00000006   IDL_CALIBRERROR
00000006   _EVENT6
00000006   _HWI_INT6
00000007   EVENT7
00000007   GBL_L1DMODE
00000007   GBL_L1PMODE
00000007   HWI_INT7
00000007   _EVENT7
00000007   _HWI_INT7
00000008   EVENT8
00000008   HWI_INT8
00000008   _EVENT8
00000008   _HWI_INT8
00000009   EVENT9
00000009   HWI_INT9
00000009   _EVENT9
00000009   _HWI_INT9
0000000a   EVENT10
0000000a   HWI_INT10
0000000a   PWRM_PWRM_CLKTICKSPERSLOT
0000000a   _EVENT10
0000000a   _HWI_INT10
0000000b   EVENT11
0000000b   HWI_INT11
0000000b   _EVENT11
0000000b   _HWI_INT11
0000000c   EVENT12
0000000c   HWI_INT12
0000000c   _EVENT12
0000000c   _HWI_INT12
0000000d   EVENT13
0000000d   HWI_INT13
0000000d   _EVENT13
0000000d   _HWI_INT13
0000000e   EVENT14
0000000e   HWI_INT14
0000000e   _EVENT14
0000000e   _HWI_INT14
0000000f   EVENT15
0000000f   HWI_INT15
0000000f   _EVENT15
0000000f   _HWI_INT15
00000010   EVENT16
00000010   _EVENT16
00000011   EVENT17
00000011   _EVENT17
00000012   EVENT18
00000012   _EVENT18
00000013   EVENT19
00000013   _EVENT19
00000014   EVENT20
00000014   _EVENT20
00000015   EVENT21
00000015   _EVENT21
00000016   EVENT22
00000016   _EVENT22
00000017   EVENT23
00000017   _EVENT23
00000018   EVENT24
00000018   _EVENT24
00000019   EVENT25
00000019   _EVENT25
0000001a   EVENT26
0000001a   _EVENT26
0000001b   EVENT27
0000001b   _EVENT27
0000001c   EVENT28
0000001c   _EVENT28
0000001d   EVENT29
0000001d   _EVENT29
0000001e   EVENT30
0000001e   _EVENT30
0000001f   EVENT31
0000001f   _EVENT31
00000020   CLK_TCR
00000020   EVENT32
00000020   _EVENT32
00000021   EVENT33
00000021   _EVENT33
00000022   EVENT34
00000022   _EVENT34
00000023   EVENT35
00000023   _EVENT35
00000024   EVENT36
00000024   _EVENT36
00000025   EVENT37
00000025   _EVENT37
00000026   EVENT38
00000026   _EVENT38
00000027   EVENT39
00000027   _EVENT39
00000028   EVENT40
00000028   _EVENT40
00000029   EVENT41
00000029   _EVENT41
0000002a   EVENT42
0000002a   _EVENT42
0000002b   EVENT43
0000002b   _EVENT43
0000002c   EVENT44
0000002c   _EVENT44
0000002d   EVENT45
0000002d   _EVENT45
0000002e   EVENT46
0000002e   _EVENT46
0000002f   EVENT47
0000002f   _EVENT47
00000030   EVENT48
00000030   PWRM_PWRM_CAPSMASK
00000030   _EVENT48
00000031   EVENT49
00000031   _EVENT49
00000032   EVENT50
00000032   _EVENT50
00000033   EVENT51
00000033   _EVENT51
00000034   EVENT52
00000034   _EVENT52
00000035   EVENT53
00000035   _EVENT53
00000036   EVENT54
00000036   _EVENT54
00000037   EVENT55
00000037   _EVENT55
00000038   EVENT56
00000038   _EVENT56
00000039   EVENT57
00000039   _EVENT57
0000003a   EVENT58
0000003a   _EVENT58
0000003b   EVENT59
0000003b   _EVENT59
0000003c   EVENT60
0000003c   _EVENT60
0000003d   EVENT61
0000003d   _EVENT61
0000003e   EVENT62
0000003e   GBL_DSPTYPE
0000003e   _EVENT62
0000003f   EVENT63
0000003f   _EVENT63
00000040   EVENT64
00000040   HST_MAXFRAMESET
00000040   RTA_toHost$framesize
00000040   _EVENT64
00000041   EVENT65
00000041   _EVENT65
00000042   EVENT66
00000042   GBL_FOOTPRINT
00000042   _EVENT66
00000043   EVENT67
00000043   _EVENT67
00000044   EVENT68
00000044   _EVENT68
00000045   EVENT69
00000045   _EVENT69
00000046   EVENT70
00000046   _EVENT70
00000047   EVENT71
00000047   _EVENT71
00000048   EVENT72
00000048   _EVENT72
00000049   EVENT73
00000049   _EVENT73
0000004a   EVENT74
0000004a   _EVENT74
0000004b   EVENT75
0000004b   _EVENT75
0000004c   EVENT76
0000004c   _EVENT76
0000004d   EVENT77
0000004d   _EVENT77
0000004e   EVENT78
0000004e   _EVENT78
0000004f   EVENT79
0000004f   _EVENT79
00000050   EVENT80
00000050   _EVENT80
00000051   EVENT81
00000051   _EVENT81
00000052   EVENT82
00000052   _EVENT82
00000053   EVENT83
00000053   _EVENT83
00000054   EVENT84
00000054   _EVENT84
00000055   EVENT85
00000055   _EVENT85
00000056   EVENT86
00000056   _EVENT86
00000057   EVENT87
00000057   _EVENT87
00000058   EVENT88
00000058   _EVENT88
00000059   EVENT89
00000059   _EVENT89
0000005a   EVENT90
0000005a   _EVENT90
0000005b   EVENT91
0000005b   _EVENT91
0000005c   EVENT92
0000005c   _EVENT92
0000005d   EVENT93
0000005d   _EVENT93
0000005e   EVENT94
0000005e   _EVENT94
0000005f   EVENT95
0000005f   _EVENT95
00000060   EVENT96
00000060   _EVENT96
00000061   EVENT97
00000061   _EVENT97
00000062   EVENT98
00000062   _EVENT98
00000063   EVENT99
00000063   _EVENT99
00000064   EVENT100
00000064   PIP_OBJSIZE
00000064   _EVENT100
00000065   EVENT101
00000065   _EVENT101
00000066   EVENT102
00000066   _EVENT102
00000067   EVENT103
00000067   _EVENT103
00000068   EVENT104
00000068   _EVENT104
00000069   EVENT105
00000069   _EVENT105
0000006a   EVENT106
0000006a   _EVENT106
0000006b   EVENT107
0000006b   _EVENT107
0000006c   EVENT108
0000006c   _EVENT108
0000006d   EVENT109
0000006d   _EVENT109
0000006e   EVENT110
0000006e   _EVENT110
0000006f   EVENT111
0000006f   _EVENT111
00000070   EVENT112
00000070   _EVENT112
00000071   EVENT113
00000071   _EVENT113
00000072   EVENT114
00000072   _EVENT114
00000073   EVENT115
00000073   _EVENT115
00000074   EVENT116
00000074   _EVENT116
00000075   EVENT117
00000075   _EVENT117
00000076   EVENT118
00000076   _EVENT118
00000077   EVENT119
00000077   _EVENT119
00000078   EVENT120
00000078   _EVENT120
00000079   EVENT121
00000079   _EVENT121
0000007a   EVENT122
0000007a   _EVENT122
0000007b   EVENT123
0000007b   _EVENT123
0000007c   EVENT124
0000007c   _EVENT124
0000007d   EVENT125
0000007d   _EVENT125
0000007e   EVENT126
0000007e   _EVENT126
0000007f   EVENT127
0000007f   _EVENT127
000000ff   HST_MAXFRAMEALLOWED
000001f4   PRD0$period
00000200   LOG_system$size
000003e8   CLK_MICROSECS
00000400   HST_DSMMEMSIZE
00000400   TSK_STACKSIZE
00000400   __STACK_SIZE
00000400   trace$size
00000408   RTDX_BUFMEMSIZE
00001a5b   GBL_CLKTYPE
00001a5c   GBL_DSPSUBTYPE
00002000   IRAM$L
00002000   _IRAM_length
00004000   CLK_INTBIT
00004e20   GBL_CLKIN
00005205   GBL_A_VERSION
00005828   HWI_CFGDISPATCHED
00005828   _HWI_CFGDISPATCHED
00005dc0   CLK_INPUTCLK
00005dc0   CLK_PRD
00005dc0   _CLK_PRD
0000dbef   GBL_TRCMASKVALUE
000493e0   CLK_COUNTSPMS
000493e0   CLK_HTIMEPERLTIME
000493e0   CLK_LTIMEMULT
000493e0   GBL_FREQ
000493e0   _CLK_COUNTSPMS
01c20000   CLK_REGS
01c20000   _CLK_REGS
07063d04   HWI_INTRMUX1
0b0a0908   HWI_INTRMUX2
11800000   .data
11800000   .text
11800000   ___data__
11800000   ___edata__
11800000   ___text__
11800000   _main
11800000   edata
11800068   _dipPRD
11800174   _audioHWI
11800d20   _EVMC6748_init
11800d4c   _EVMC6748_initRAM
11800f08   _EVMC6748_enableDsp
11800f34   _EVMC6748_pinmuxConfig
11800fd0   _EVMC6748_lpscTransition
118013a8   _config_pll0
118015e4   _config_pll1
118017c8   _UTIL_printMem
11801920   _UTIL_isUIBoardAttached
11801940   _pow
11802060   __divd
11802b80   _read_audio_sample
11802b90   _write_audio_sample
11802ba4   _initAll
11802c0c   _McASP_Init
11802d34   _McASP_Start
11802ea4   _AIC3106_Init
11802f58   _AIC3106_readRegister
11802fc4   _AIC3106_writeRegister
11802ff8   _USTIMER_delay
11803084   _SetGpio
118035e0   _I2CGPIO_init
118036b4   _I2CGPIO_getInput
118037d0   _I2CGPIO_getInputAll
118038e0   _I2CGPIO_setOutput
11803a28   _I2CGPIO_setOutputAll
11803ac0   __printfi
11803f00   _fputs
118042a0   _GPIO_setDir
11804318   _GPIO_getInput
1180438c   _GPIO_setOutput
1180440c   _GPIO_toggleLoop
11804620   _I2C_init
1180470c   _I2C_read
11804868   _I2C_write
118054c0   __divull
11805de0   _fputc
11805de0   _putc
11806200   _setvbuf
11806400   _LED_init
1180644c   _LED_isOn
118064b4   _LED_turnOn
11806504   _LED_turnOff
1180654c   _LED_toggle
118067a0   __divul
11806940   _HOSTrename
11806ac0   _ldexp
11806c20   _DIP_init
11806c44   _DIP_get
11806ca8   _DIP_getAll
11807000   __closefile
11807240   _frexp
11807360   _fseek
11807480   _HOSTlseek
11807580   __wrt_ok
11807680   _call_dtors
11807780   _HOSTopen
11807860   _HOSTread
11807940   _atoi
11807a20   _close
11807b00   _memset
11807be0   _printf
11807cc0   _HOSTunlink
11807d80   _HOSTwrite
11807f00   __c6xabi_divu
11807f00   __divu
11807fc0   __doflush
11808080   _atexit
11808140   _ltoa
118082c0   _HOSTclose
11808360   __cleanup
11808400   __divli
118085e0   __fixdli
11808680   __nround
11808860   _lseek
11808900   _memcpy
118089a0   _modf
11808a40   _write
11808ae0   __fltlid
11808b60   __llshl
11808be0   _readmsg
11808c60   _unlink
11808ce0   __subcull
11808d40   _memccpy
11808da0   _writemsg
11808df8   C$$IO$$
11808e00   ___add_dtor
11808e40   ___isinf
11808ec0   __frcmpyd_div
11808f00   __llshru
11808f40   __remli
11808f80   __negll
11808fa0   __nop
11809000   __c6xabi_pop_rts
11809000   __pop_rts
11809020   __c6xabi_push_rts
11809020   __push_rts
11809040   __register_lock
11809060   __register_unlock
11809080   __trunc
118090a0   _remove
118090c0   LNK_F_checkBufferCall
118090c0   ___etext__
118090c0   etext
118090e0   LNK_F_getChanPtr
11809138   LNK_F_init
11809140   LNK_F_dataPump
11809150   LNK_rcloop
11809214   LNK_rdrtry
11809224   LNK_rrloop
118092e4   LNK_wrrtry
118092f0   LNK_wrloop
118093c0   LNK_newin
118094f4   LNK_newout
11809648   LNK_F_readCallBack
11809680   _EXC_nmi
118096b4   _EXC_internal
11809960   _EXC_init
118099a0   _EXC_getLastStatus
118099c0   _EXC_external
118099f4   _EXC_exceptionHandler
11809bd0   _EXC_clearLastStatus
11809c00   CLK_HOOKFXN
11809c00   HWI_F_dispatch
11809c00   _HWI_F_dispatch
11809c00   __HWI_lat1beg
11809d88   __HWI_lat1end
11809d88   __HWI_lat2beg
11809ef0   __HWI_lat2end2
11809f20   __HWI_lat3end2
11809f64   __HWI_lat2end1
11809f80   __HWI_lat3beg
1180a0e0   SWI_F_enable
1180a0e0   __SWI_lat3beg
1180a14c   __SWI_lat3end
1180a150   SWI_F_post
1180a150   _SWI_post
1180a258   __SWI_lat1beg
1180a2c4   SWI_EXECFXN
1180a2c4   SWI_F_exec
1180a2ec   SWI_F_iexec
1180a304   __SWI_lat1end
1180a308   __SWI_lat2beg
1180a368   __SWI_lat2end
1180a36c   SWI_F_run
1180a36c   SWI_RUNFXN
1180a5a0   PRD_F_swi
1180a824   PRD_F_tick
1180a920   _free
1180a944   _malloc
1180a9a4   _realloc
1180aa88   _memalign
1180ab4c   _calloc
1180aba0   RTA_F_getlog
1180abd8   RTA_F_getsts
1180ac18   RTA_F_readblk
1180ac34   RTA_F_writeword
1180ac40   RTA_F_resetmem
1180ac40   __RTA_lat1beg
1180ac74   __RTA_lat1end
1180ac80   RTA_F_dispatch
1180accc   RTA_execute
1180ae20   _KNL_run
1180b060   _MEM_alloc
1180b434   PRD_THOOKFXN
1180b434   _KNL_tick
1180b460   _MEM_free
1180b640   _EXC_dispatch
1180b804   _EXC_setReturnPtr
1180b820   PIP_F_take
1180b898   PIP_F_give
1180b898   PIP_F_probe
1180b968   PIP_F_start
1180ba00   _SEM_pendEnterKnl
1180bbe0   __SEM_dopost
1180bd80   _TSK_setup
1180bf20   CLK_F_getltime
1180bf30   CLK_F_isr
1180c070   CLK_F_itime
1180c070   _CLK_F_itime
1180c070   _CLK_itime
1180c090   __CLK_lat1beg
1180c0b0   __CLK_lat1end
1180c0c0   _KNL_saveIsrFrame
1180c16c   _KNL_switch
1180c218   KNL_glue
1180c240   __auto_init
1180c380   _TSK_exit
1180c4c0   _BCACHE_setSize
1180c504   _BCACHE_setMar
1180c554   _BCACHE_setCacheToSram
1180c584   _BCACHE_getSize
1180c5d4   _BCACHE_getMar
1180c668   _GBL_cacheInit64P
1180c720   _KNL_check
1180c76c   __KNL_lat1beg
1180c7e8   _KNL_idle
1180c7e8   __KNL_lat1end
1180c810   _KNL_max
1180c8e4   _TSK_startup
1180c960   _SEM_post
1180c960   _SEM_postBinary
1180ca40   _KNL_exit
1180ca80   _KNL_enter
1180cb00   _SEM_postEnterKnl
1180cba0   _SYS_exit
1180cc40   _KNL_ipost
1180ccc0   _KNL_post
1180cd40   _LCK_post
1180cd60   _LCK_pend
1180cdc0   LOG_F_event
1180cdc0   _LOG_event
1180cdc0   __LOG_lat1beg
1180ce40   IDL_F_calibrate
1180cec0   _SYS_error
1180cf20   FXN_F_nop
1180cf24   FXN_F_run
1180cf24   _FXN_F_run
1180cf60   FXN_F_zero
1180cf60   _FXN_F_zero
1180cf80   _HWI_disable
1180cf98   _HWI_enable
1180cfac   _HWI_restore
1180cfe0   IDL_F_busy
1180cfe0   __IDL_lat1beg
1180d020   __IDL_lat1end
1180d040   _SEM_pend
1180d0a0   STS_F_delta
1180d0a0   _STS_delta
1180d0cc   STS_F_add
1180d0cc   _STS_add
1180d0e8   STS_F_reset
1180d0e8   _STS_reset
1180d100   _SYS_abort
1180d160   _CLK_measure
1180d1c0   IDL_CALIBRFXN
1180d1c0   IDL_F_stub
1180d200   RTA_F_andn
1180d218   RTA_F_or
1180d240   SYS_ABORTFXN
1180d240   _UTL_doAbort
1180d280   SYS_PUTCFXN
1180d280   _UTL_doPutc
1180d2c0   GBL_USERINITFXN
1180d2c0   GIO_CREATEFXN
1180d2c0   GIO_DELETEFXN
1180d2c0   GIO_PENDFXN
1180d2c0   GIO_POSTFXN
1180d2c0   PWRM_PWRM_SHAREDRESOURCEFXN
1180d2c0   PWRM_PWRM_SLOTHOOKFXN
1180d2c0   TSK_VCREATEFXN
1180d2c0   TSK_VDELETEFXN
1180d2c0   TSK_VEXITFXN
1180d2c0   _BCACHE_bootInit
1180d2c0   _FXN_F_nop
1180d2e0   _GBL_getVersion
1180d300   IDL_F_loop
1180d300   _IDL_loop
1180d320   _STS_set
1180d340   SYS_ERRORFXN
1180d340   _UTL_doError
1180d360   SYS_EXITFXN
1180d360   _UTL_halt
1180d380   CLK_F_gethtime
1180d380   CLK_TIMEFXN
1180d380   _CLK_gethtime
1180d3a0   IRAM$B
1180d3a0   _IRAM_base
1180f3a0   ___cinit__
1180f3a0   cinit
11810940   _b_fir
11810a40   _cab
11810ab0   _aLow
11810ac0   _bLow
11810ad0   _aMid
11810ae0   _bMid
11810af0   _aPres
11810b00   _bPres
11810b10   _aHigh
11810b20   _bHigh
11810b30   _sine
11810bb8   _eqSignal
11810cb8   _fftSignal
11810db8   _buffer
11810eb8   _wLow
11810ec8   _wMid
11810ed8   _wPres
11810ee8   _wHigh
11810ef4   _low
11810f64   _mid
11810fd4   _pres
11811044   _high
118110b4   _CLK_inputClock
118110b8   __ftable
11811298   __tmpnams
118113d8   __ft_end
118113dc   _errno
118113e0   ___atexit_func_id__
118117a8   _KNL_queues
11811848   _KNL_dummy
11811880   _TSK_ATTRS
1181189c   _TSK_config
118118bc   _TSK_timerSem
118118dc   _dtors
118118e0   _OBJ_table
11811918   _OBJ_segtab
11811934   __TSK_mutex
1181195c   __MEM_mutex
11811988   _SYS_exitStack
118119c0   _EXC_status
118119fc   __cleanup_ptr
11811a00   __dtors_ptr
11811a04   ___TI_enable_exit_profile_output
11811a08   __lock
11811a0c   __unlock
11811a18   CLK_A_TABBEG
11811a18   PRD_clock
11811a18   _PRD_clock
11811a1c   CLK_null
11811a20   BIOS_init
11811a20   _BIOS_init
11811ba4   BIOS$$CLKON
11811be4   BIOS$$CLKOFF
11811c50   BIOS_start
11811c50   _BIOS_start
11811da0   _c_int00
11811e60   _MEM_init
11811f20   _TSK_init
11811f8c   TSK_idle
11811f8c   _TSK_idle
11811fe0   PRD0
11811fe0   PRD_A_TABBEG
11811fe0   _PRD0
11811ffc   PRD0$aaa
11812000   PRD_A_TABEND
11812000   trace$buf
11813000   _HSRTDX_rec
118132a0   _RTDX_Buffer_WriteCB
11813760   _HSRTDX_xmt
11813a60   _RTDX_Mon_Queue
11813cc0   _RTDX_Poll
11813d60   _RTDX_Final_RT_Monitor
11813de0   _RTDX_Buffer_Initialize
11813e40   _RTDX_Init_RT_Monitor
11813ea0   _RTDX_Buffer_ReadCB
11813ee0   _RTDX_Buffer_Size
11813f20   _RTDX_memfill
11813f60   _RTDX_Buffer_Read
11813f80   _RTDX_Buffer_Write
11813fa0   _RTDX_Mask_IER
11813fc0   HST_A_TABBEG
11813fc0   _HST_A_TABBEG
11813fc4   RTA_fromHost
11813fc4   _RTA_fromHost
11813fcc   RTA_fromHost$rtdx
11813fe0   RTA_toHost
11813fe0   _RTA_toHost
11813fe8   RTA_toHost$rtdx
11813ffc   HST_A_TABEND
11813ffc   _HST_A_TABEND
11814000   LOG_system$buf
11814880   _RTDX_Buffer
11814c88   _RTDX_Buffer_Start
11814c8c   _RTDX_Buffer_End
11814c90   _rtdx_mon_state
11814cd4   _rtdx_buffer_state
11814ce0   _RTDX_writing
11814e90   __ctypes_
11814f98   _bitval_u32
1181512d   PRD0$sts$maxfmt
11815130   TSK_idle$stack
11815136   PRD0$sts$sumfmt
1181513f   PRD0$sts$avgfmt
1181514a   PRD_swi$sts$maxfmt
11815152   PRD_swi$sts$sumfmt
1181515a   PRD_swi$sts$avgfmt
11815164   KNL_swi$sts$maxfmt
1181516c   KNL_swi$sts$sumfmt
11815174   KNL_swi$sts$avgfmt
1181517e   TSK_idle$sts$maxfmt
11815186   TSK_idle$sts$sumfmt
1181518e   TSK_idle$sts$avgfmt
11815198   IDL_busyObj$maxfmt
1181519b   IDL_busyObj$sumfmt
1181519e   IDL_busyObj$avgfmt
118154c8   TSK_idle$stkptr
11815530   GBL_stackbeg
11815530   _HWI_STKTOP
11815530   __stack
11815928   _HWI_STKBOTTOM
1181592f   GBL_stackend
11815930   $bss
11815930   .bss
11815930   _HWI_dispatchTab
11815930   __STACK_END
11815930   ___bss__
11815a30   IDL_D_tabbeg
11815a34   IDL_D_calibrate
11815a38   IDL_D_calbeg
11815a3c   LOG_D_system
11815a3c   _LOG_D_system
11815a40   PIP_D_tabbeg
11815a44   PIP_D_tablen
11815a48   CLK_R_time
11815a4c   CLK_D_timefxn
11815a50   CLK_D_tabbeg
11815a54   CLK_D_isrhook
11815a58   CLK_D_idletime
11815a5c   _CLK_htimeDiv
11815a60   _CLK_htimeMult
11815a64   _CLK_ltimeDiv
11815a68   _CLK_ltimeMult
11815a6c   _CLK_D_dirty
11815a70   _CLK_D_prd
11815a74   _CLK_D_tddr
11815a78   _CLK_D_countspms
11815a7c   PRD_D_tick
11815a7c   _PRD_D_tick
11815a80   PRD_D_cur
11815a84   PRD_D_elapsed
11815a88   PRD_D_prevtim
11815a8c   PRD_D_scalar
11815a90   PRD_D_swihandle
11815a94   PRD_D_tabbeg
11815a98   PRD_D_tablen
11815a9c   PRD_D_thook
11815aa0   RTA_D_fromHost
11815aa4   RTA_D_toHost
11815aa8   RTA_D_logval
11815ab8   RTA_D_stsval
11815ac4   HST_D_chanmask
11815ac8   HST_D_tabbeg
11815acc   HST_D_tabend
11815ad0   _GBL_procId
11815ad4   _GBL_clkIn
11815ad8   _GBL_freq
11815adc   _MEM_D_NUMSEGMENTS
11815ae0   _MEM_D_memtab
11815ae4   _MEM_D_freelist
11815ae8   _MEM_D_lockaddr
11815aec   _MEM_D_unlockaddr
11815af0   _SYS
11815af4   __HOOK_knlId
11815af8   __HOOK_NUMHOOKS
11815afc   SWI_D_runaddr
11815afc   _SWI_D_runaddr
11815afc   _SWI_data
11815b00   SWI_D_execaddr
11815b00   _SWI_D_execaddr
11815b04   SWI_D_curmask
11815b04   _SWI_D_curmask
11815b08   SWI_D_curset
11815b08   _SWI_D_curset
11815b0c   SWI_D_lock
11815b0c   _SWI_D_lock
11815b10   SWI_D_curmbox
11815b14   SWI_D_curfxn
11815b14   _SWI_D_curfxn
11815b18   SWI_D_rdybeg
11815b18   _SWI_D_rdybeg
11815b1c   SWI_D_inswi
11815b1c   _SWI_D_inswi
11815b20   SWI_D_rdytab
11815b98   _KNL_wFlag
11815b9c   _KNL_wList
11815ba0   _KNL_alarm
11815ba4   _KNL_setpri
11815ba8   _KNL_inactive
11815bac   _KNL_priority
11815bb0   _KNL_set
11815bb4   _KNL_curtask
11815bb8   _KNL_prevtask
11815bbc   _KNL_curtime
11815bc0   _KNL_swiptr
11815bc4   _KNL_curqueue
11815bc8   _KNL_maxqueue
11815bcc   _KNL_tswitchfxn
11815bd0   _KNL_tcreatefxn
11815bd4   _KNL_tdeletefxn
11815bd8   _KNL_treadyfxn
11815bdc   _KNL_idlefxn
11815be0   _MEM_memtab
11815bec   HST_DSMBUFSEG
11815bec   IRAM
11815bec   MEM_MALLOCSEG
11815bec   MEM_SEGZERO
11815bec   RTDX_DATAMEMSEG
11815bec   _IRAM
11815bec   _SEG0
11815bf0   RTA_fromHost$pipe$dtab
11815bfc   RTA_toHost$pipe$dtab
11815c08   _EXC_sysTrapTable
11815c10   _EXC_returnPtr
11815c28   HWI_D_spsave
11815c28   _HWI_D_spsave
11815c28   _HWI_data
11815c34   _HWI_D_inhwi
11815c38   HWI_D_bss
11815c3c   HWI_D_ccmask
11815c40   LNK_dspFrameRequestMask
11815c40   _LNK_dspFrameRequestMask
11815c44   LNK_dspFrameReadyMask
11815c44   _LNK_dspFrameReadyMask
11815c48   LNK_readPend
11815c48   _LNK_readPend
11815c4c   LNK_readDone
11815c4c   _LNK_readDone
11815c50   LNK_readFail
11815c50   _LNK_readFail
11815c54   LNK_writeFail
11815c54   _LNK_writeFail
11815c58   _EXC_exceptionHook
11815c5c   _EXC_internalHook
11815c60   _EXC_externalHook
11815c64   _EXC_nmiHook
11815c70   _rtdxNullChanCnt
11815c74   _rtdxNullFuncCnt
11815c78   _rtdxXmtNotDoneCnt
11815c7c   _rtdxRecNotDoneCnt
11815c80   _rtdxXmtRestartCnt
11815c84   _rtdxXmtErrorCnt
11815c88   _TSK_nTasks
11815c8c   _TSK_pid
11815c90   _TSK
11815c94   _mask
11815c96   _eqBypass
11815c97   _lowCut
11815c98   _midCut
11815c99   _presCut
11815c9a   _highCut
11815c9b   _dist
11815c9c   _writeIndex
11815ca0   _CLK_DFLTMICROSECS
11815ca4   _CLK_D_microseconds
11815ca8   _SYS_exitStackPtr
11815cac   _SYS_exitStackTop
11815cb0   _CLK_htimePerLtime
11815cb4   IDL_D_busyObj
11815cb8   _MEM
11815cc4   _SYS_PUTCBEG
11815cc4   ___end__
11815cc4   end
11815ec3   _SYS_PUTCEND
11815ec8   __CIOBUF_
11815fe8   RTA_fromHost$buf
11816000   HWI_A_VECS
11816000   hwi0
11816020   hwi1
11816040   hwi2
11816060   hwi3
11816080   hwi4
118160a0   hwi5
118160c0   hwi6
118160e0   hwi7
11816100   hwi8
11816120   hwi9
11816140   hwi10
11816160   hwi11
11816180   hwi12
118161a0   hwi13
118161c0   hwi14
118161e0   hwi15
11816200   RTA_toHost$buf
11816300   PIP_A_TABBEG
11816300   RTA_fromHost$pipe
11816300   _PIP_A_TABBEG
11816304   RTA_fromHost$pipe$rd
11816330   RTA_fromHost$pipe$aaa
11816334   RTA_fromHost$pipe$wr
11816360   RTA_fromHost$pipe$bbb
11816364   RTA_toHost$pipe
11816368   RTA_toHost$pipe$rd
11816394   RTA_toHost$pipe$aaa
11816398   RTA_toHost$pipe$wr
118163c4   RTA_toHost$pipe$bbb
118163c8   PIP_A_TABEND
118163c8   PRD_SWIHANDLE
118163c8   PRD_swi
118163c8   SWI_A_TABBEG
118163c8   _PIP_A_TABEND
118163c8   _PRD_swi
118163f4   KNL_swi
118163f4   _KNL_swi
11816420   PRD0$sts$stsobj
11816420   STS_A_TABBEG
11816420   SWI_A_TABEND
11816420   _STS_A_TABBEG
11816424   PRD0$sts
11816430   PRD_swi$sts$stsobj
11816434   PRD_swi$sts
11816440   KNL_swi$sts$stsobj
11816444   KNL_swi$sts
11816450   TSK_idle$sts$stsobj
11816454   TSK_idle$sts
11816460   IDL_busyObj$stsobj
11816464   IDL_busyObj
11816464   _IDL_busyObj
11816470   STS_A_TABEND
11816470   _STS_A_TABEND
11816500   LOG_A_TABBEG
11816500   LOG_system
11816500   _LOG_A_TABBEG
11816500   _LOG_system
11816518   _trace
11816518   trace
11816530   IDL_A_TABBEG
11816530   IDL_cpuLoad
11816530   LOG_A_TABEND
11816530   _IDL_cpuLoad
11816530   _LOG_A_TABEND
11816534   LNK_dataPump
11816534   _LNK_dataPump
11816538   RTA_dispatcher
11816538   _RTA_dispatcher
1181653c   IDL_END
11816540   IDL_A_CALBEG
11816540   IDL_cpuLoad$
11816544   LNK_dataPump$
11816548   RTA_dispatcher$
1181654c   IDL_END$
11816550   SYS$config
11816560   ___pinit__
11816560   pinit
1181656c   TRC_cinit
11816570   TRC_R_mask
11816570   _TRC_R_mask
11816574   GBL_initdone
28040d0c   HWI_INTRMUX3
ffffffff   CACHE_L1D
ffffffff   CACHE_L1P
ffffffff   DDR
ffffffff   ECM_EVTMASK0
ffffffff   ECM_EVTMASK1
ffffffff   ECM_EVTMASK2
ffffffff   ECM_EVTMASK3
ffffffff   GBL_L2MAR192_223
ffffffff   L3_CBA_RAM
ffffffff   _CACHE_L1D
ffffffff   _CACHE_L1P
ffffffff   _DDR
ffffffff   _L3_CBA_RAM
ffffffff   ___TI_pprof_out_hndl
ffffffff   ___TI_prof_data_size
ffffffff   ___TI_prof_data_start
ffffffff   ___binit__
ffffffff   ___c_args__
ffffffff   binit

[1170 symbols]
