******************************************************************************
               TMS320C6x Linker PC v7.4.18                     
******************************************************************************
>> Linked Tue Jul 28 12:52:07 2020

OUTPUT FILE NAME:   <GuitarAmpGitVersion.out>
ENTRY POINT SYMBOL: "_c_int00"  address: 11813300


MEMORY CONFIGURATION

         name            origin    length      used     unused   attr    fill
----------------------  --------  ---------  --------  --------  ----  --------
  IRAM                  11800000   00040000  00015285  0002ad7b  RWIX
  CACHE_L1P             11e00000   00008000  00000000  00008000  RWIX
  CACHE_L1D             11f00000   00008000  00000000  00008000  RWIX
  L3_CBA_RAM            80000000   00020000  00000000  00020000  RWIX
  DDR                   c3000000   01000000  00000000  01000000  RWIX


SECTION ALLOCATION MAP

 output                                  attributes/
section   page    origin      length       input sections
--------  ----  ----------  ----------   ----------------
.vers      0    00000000    0000003c     COPY SECTION
                  00000000    0000003c     hellocfg.obj (.vers)

.data      0    11800000    00000000     UNINITIALIZED

.text      0    11800000    00008040     
                  11800000    00000c20     evmc6748_bsl.lib : evmc6748.obj (.text)
                  11800c20    000005a0     rts6740.lib : divd.obj (.text:__divd)
                  118011c0    00000580                 : _printfi.obj (.text:__getarg_diouxp)
                  11801740    00000560     hello.obj (.text)
                  11801ca0    00000540     framework.obj (.text)
                  118021e0    00000520     rts6740.lib : _printfi.obj (.text:__setfield)
                  11802700    000004e0     evmc6748_bsl.lib : evmc6748_i2c_gpio.obj (.text)
                  11802be0    00000440     rts6740.lib : _printfi.obj (.text:__printfi)
                  11803020    000003a0                 : fputs.obj (.text:_fputs)
                  118033c0    00000380     evmc6748_bsl.lib : evmc6748_gpio.obj (.text)
                  11803740    00000380                      : evmc6748_i2c.obj (.text)
                  11803ac0    00000320     rts6740.lib : _printfi.obj (.text:__pproc_fge)
                  11803de0    000002c0                 : _printfi.obj (.text:__pproc_fwp)
                  118040a0    000002a0                 : _printfi.obj (.text:_ecvt)
                  11804340    000002a0                 : _printfi.obj (.text:_fcvt)
                  118045e0    00000280                 : divf.obj (.text:__divf)
                  11804860    00000260                 : imath64.obj (.text:__divull)
                  11804ac0    00000260                 : _printfi.obj (.text:__pconv_e)
                  11804d20    00000240                 : _printfi.obj (.text:__pproc_diouxp)
                  11804f60    00000220                 : _printfi.obj (.text:__pproc_str)
                  11805180    00000220                 : fputc.obj (.text:_fputc)
                  118053a0    00000200                 : _printfi.obj (.text:__pconv_g)
                  118055a0    00000200                 : setvbuf.obj (.text:_setvbuf)
                  118057a0    000001e0     evmc6748_bsl.lib : evmc6748_led.obj (.text)
                  11805980    000001c0     rts6740.lib : _printfi.obj (.text:__mcpy)
                  11805b40    000001a0                 : imath40.obj (.text:__divul)
                  11805ce0    00000180                 : trgdrv.obj (.text:_HOSTrename)
                  11805e60    00000160     evmc6748_bsl.lib : evmc6748_dip.obj (.text)
                  11805fc0    00000140     rts6740.lib : _printfi.obj (.text:__pproc_fflags)
                  11806100    00000140                 : lowlev.obj (.text:_getdevice)
                  11806240    00000120                 : fclose.obj (.text:__closefile)
                  11806360    00000120                 : _printfi.obj (.text:__ltostr)
                  11806480    00000120                 : fseek.obj (.text:_fseek)
                  118065a0    00000100                 : trgdrv.obj (.text:_HOSTlseek)
                  118066a0    00000100                 : _io_perm.obj (.text:__wrt_ok)
                  118067a0    00000100                 : sinit.obj (.text:_call_dtors)
                  118068a0    000000e0                 : trgdrv.obj (.text:_HOSTopen)
                  11806980    000000e0                 : trgdrv.obj (.text:_HOSTread)
                  11806a60    000000e0                 : atoi.obj (.text:_atoi)
                  11806b40    000000e0                 : lowlev.obj (.text:_close)
                  11806c20    000000e0                 : memset.obj (.text:_memset)
                  11806d00    000000e0                 : printf.obj (.text:_printf)
                  11806de0    000000c0                 : trgdrv.obj (.text:_HOSTunlink)
                  11806ea0    000000c0                 : trgdrv.obj (.text:_HOSTwrite)
                  11806f60    000000c0                 : _printfi.obj (.text:__div)
                  11807020    000000c0                 : divu.obj (.text:__divu)
                  118070e0    000000c0                 : fflush.obj (.text:__doflush)
                  118071a0    000000c0                 : atexit.obj (.text:_atexit)
                  11807260    000000c0                 : ltoa.obj (.text:_ltoa)
                  11807320    000000c0     bios.a674 : tsk_stup.o674 (.text)
                  118073e0    000000a0     rts6740.lib : trgdrv.obj (.text:_HOSTclose)
                  11807480    000000a0                 : fopen.obj (.text:__cleanup)
                  11807520    000000a0                 : imath40.obj (.text:__divli)
                  118075c0    000000a0                 : _printfi.obj (.text:__ecpy)
                  11807660    000000a0                 : _printfi.obj (.text:__fcpy)
                  11807700    000000a0                 : fixdli.obj (.text:__fixdli)
                  118077a0    000000a0                 : _printfi.obj (.text:__pconv_f)
                  11807840    000000a0                 : lowlev.obj (.text:_finddevice)
                  118078e0    000000a0                 : lowlev.obj (.text:_lseek)
                  11807980    000000a0                 : memcpy64.obj (.text:_memcpy)
                  11807a20    000000a0                 : lowlev.obj (.text:_write)
                  11807ac0    00000080                 : fltlid.obj (.text:__fltlid)
                  11807b40    00000080                 : llshift.obj (.text:__llshl)
                  11807bc0    00000080                 : trgmsg.obj (.text:_readmsg)
                  11807c40    00000080                 : lowlev.obj (.text:_unlink)
                  11807cc0    00000060                 : imath64.obj (.text:__subcull)
                  11807d20    00000060                 : memccpy.obj (.text:_memccpy)
                  11807d80    00000060                 : trgmsg.obj (.text:_writemsg)
                  11807de0    00000040                 : sinit.obj (.text:___add_dtor)
                  11807e20    00000040                 : isinf.obj (.text:___isinf)
                  11807e60    00000040                 : _printfi.obj (.text:___isnan)
                  11807ea0    00000040                 : frcmpyd_div.obj (.text:__frcmpyd_div)
                  11807ee0    00000040                 : llshift.obj (.text:__llshru)
                  11807f20    00000040                 : imath40.obj (.text:__remli)
                  11807f60    00000020                 : negll.obj (.text:__negll)
                  11807f80    00000020                 : _lock.obj (.text:__nop)
                  11807fa0    00000020                 : printf.obj (.text:__outc)
                  11807fc0    00000020                 : printf.obj (.text:__outs)
                  11807fe0    00000020                 : _lock.obj (.text:__register_lock)
                  11808000    00000020                 : _lock.obj (.text:__register_unlock)
                  11808020    00000020                 : remove.obj (.text:_remove)

.bios      0    11808040    000042e0     
                  11808040    000005c0     lnkrtdx.a674 : rtdx.o674 (.bios)
                  11808600    00000580     bios.a674 : exc.o674 (.bios)
                  11808b80    000004e0               : hwi_disp_asm.o674 (.bios)
                  11809060    000004c0               : swi.o674 (.bios)
                  11809520    00000380               : prd.o674 (.bios)
                  118098a0    00000280               : malloc.o674 (.bios)
                  11809b20    00000280               : rta.o674 (.bios)
                  11809da0    00000240               : knl_run.o674 (.bios)
                  11809fe0    00000200               : mem_allo.o674 (.bios:.near)
                  1180a1e0    00000200               : knl_tick.o674 (.bios)
                  1180a3e0    000001e0               : mem_free.o674 (.bios:.near)
                  1180a5c0    000001e0               : exc_asm.o674 (.bios)
                  1180a7a0    000001e0               : pip.o674 (.bios)
                  1180a980    000001e0               : sem_pend.o674 (.bios)
                  1180ab60    000001a0               : sem_dopo.o674 (.bios)
                  1180ad00    000001a0               : tsk_setu.o674 (.bios)
                  1180aea0    000001a0     bios6748.a674 : clk.o674 (.bios)
                  1180b040    00000180     bios.a674 : knl_swit.o674 (.bios)
                  1180b1c0    00000140               : autoinit.o674 (.bios)
                  1180b300    00000140               : tsk_exit.o674 (.bios)
                  1180b440    00000140     bios6748.a674 : bcache_init.o674 (.bios)
                  1180b580    00000120     bios.a674 : gbl_cacheinit64P.o674 (.bios)
                  1180b6a0    00000120               : knl_chec.o674 (.bios)
                  1180b7c0    00000120               : tsk_stup.o674 (.bios)
                  1180b8e0    000000e0               : sem_post_asm.o674 (.bios)
                  1180b9c0    000000c0               : knl_exit.o674 (.bios)
                  1180ba80    000000a0               : sem_post.o674 (.bios)
                  1180bb20    000000a0               : sys_exit.o674 (.bios)
                  1180bbc0    00000080               : knl_ipos.o674 (.bios)
                  1180bc40    00000080               : knl_post.o674 (.bios)
                  1180bcc0    00000080               : lck.o674 (.bios)
                  1180bd40    00000080               : log.o674 (.bios)
                  1180bdc0    00000080     bios6748.a674 : idl_cal.o674 (.bios)
                  1180be40    00000060     bios.a674 : sys_erro.o674 (.bios:.near)
                  1180bea0    00000060               : fxn.o674 (.bios)
                  1180bf00    00000060               : hwi_c.o674 (.bios)
                  1180bf60    00000060               : idl_busy.o674 (.bios)
                  1180bfc0    00000060               : sem_pend_counting.o674 (.bios)
                  1180c020    00000060               : sts.o674 (.bios)
                  1180c080    00000060               : sys_abor.o674 (.bios)
                  1180c0e0    00000060     bios6748.a674 : clk_meas.o674 (.bios)
                  1180c140    00000040     bios.a674 : idl_stub.o674 (.bios)
                  1180c180    00000040               : rta_andn.o674 (.bios)
                  1180c1c0    00000040               : utl_doab.o674 (.bios)
                  1180c200    00000040               : utl_putc.o674 (.bios)
                  1180c240    00000020               : fxn_c.o674 (.bios)
                  1180c260    00000020               : gbl_vers.o674 (.bios)
                  1180c280    00000020               : idl.o674 (.bios)
                  1180c2a0    00000020               : sts_set.o674 (.bios)
                  1180c2c0    00000020               : utl_doer.o674 (.bios)
                  1180c2e0    00000020               : utl_halt.o674 (.bios)
                  1180c300    00000020     bios6748.a674 : clk_gethtime.o674 (.bios)

.IRAM$heap 
*          0    1180c320    00002000     UNINITIALIZED
                  1180c320    00002000     --HOLE--

.cinit     0    1180e320    00001454     
                  1180e320    000006c4     hellocfg.obj (.cinit)
                  1180e9e4    00000004     --HOLE-- [fill = 0]
                  1180e9e8    000003b4     hello.obj (.cinit)
                  1180ed9c    00000004     --HOLE-- [fill = 0]
                  1180eda0    0000026c     bios.a674 : biosdata.o674 (.cinit)
                  1180f00c    00000004     --HOLE-- [fill = 0]
                  1180f010    000001a4               : knl.o674 (.cinit)
                  1180f1b4    00000004     --HOLE-- [fill = 0]
                  1180f1b8    000000b0               : swi.o674 (.cinit)
                  1180f268    00000080               : tsk.o674 (.cinit)
                  1180f2e8    00000068     rtdx64xplus.lib : rtdx_mon.o64P (.cinit)
                  1180f350    00000060     bios.a674 : tsk_stup.o674 (.cinit)
                  1180f3b0    0000005c     lnkrtdx.a674 : rtdx.o674 (.cinit)
                  1180f40c    00000004     --HOLE-- [fill = 0]
                  1180f410    0000005c     rts6740.lib : defs.obj (.cinit)
                  1180f46c    00000004     --HOLE-- [fill = 0]
                  1180f470    0000005c                 : lowlev.obj (.cinit)
                  1180f4cc    00000004     --HOLE-- [fill = 0]
                  1180f4d0    0000004c     bios.a674 : rta.o674 (.cinit)
                  1180f51c    00000004     --HOLE-- [fill = 0]
                  1180f520    0000004c     rtdx64xplus.lib : buffer1.o64P (.cinit)
                  1180f56c    00000004     --HOLE-- [fill = 0]
                  1180f570    0000003c     bios.a674 : exc.o674 (.cinit)
                  1180f5ac    00000004     --HOLE-- [fill = 0]
                  1180f5b0    00000034               : hwi.o674 (.cinit)
                  1180f5e4    00000004     --HOLE-- [fill = 0]
                  1180f5e8    0000002c               : utl_putc.o674 (.cinit)
                  1180f614    00000004     --HOLE-- [fill = 0]
                  1180f618    0000002c     rts6740.lib : exit.obj (.cinit)
                  1180f644    00000004     --HOLE-- [fill = 0]
                  1180f648    00000024     bios.a674 : obj_init.o674 (.cinit)
                  1180f66c    00000004     --HOLE-- [fill = 0]
                  1180f670    00000024     block_sine.obj (.cinit)
                  1180f694    00000004     --HOLE-- [fill = 0]
                  1180f698    0000001c     bios.a674 : exc_asm.o674 (.cinit)
                  1180f6b4    00000004     --HOLE-- [fill = 0]
                  1180f6b8    0000001c               : sys.o674 (.cinit)
                  1180f6d4    00000004     --HOLE-- [fill = 0]
                  1180f6d8    0000001c     rts6740.lib : _lock.obj (.cinit)
                  1180f6f4    00000004     --HOLE-- [fill = 0]
                  1180f6f8    0000001c                 : atexit.obj (.cinit)
                  1180f714    00000004     --HOLE-- [fill = 0]
                  1180f718    00000018     bios.a674 : knl_tick.o674 (.cinit)
                  1180f730    0000000c               : idl_busy.o674 (.cinit)
                  1180f73c    00000004     --HOLE-- [fill = 0]
                  1180f740    0000000c               : knl_swit.o674 (.cinit)
                  1180f74c    00000004     --HOLE-- [fill = 0]
                  1180f750    0000000c     rts6740.lib : fopen.obj (.cinit)
                  1180f75c    00000004     --HOLE-- [fill = 0]
                  1180f760    0000000c                 : sinit.obj (.cinit)
                  1180f76c    00000004     --HOLE-- [fill = 0]
                  1180f770    00000004     (.pad.cinit) [fill = 0]

.tsk       0    1180f774    00000060     UNINITIALIZED
                  1180f774    00000060     hellocfg.obj (.tsk)

.prd       0    1180f7d4    00000020     UNINITIALIZED
                  1180f7d4    00000020     hellocfg.obj (.prd)

.pinit     0    1180f7f4    0000000c     
                  1180f7f4    00000004     rtdx64xplus.lib : buffer1.o64P (.pinit)
                  1180f7f8    00000004                     : rtdx_mon.o64P (.pinit)
                  1180f7fc    00000004     --HOLE-- [fill = 0]

.LOG_system$buf 
*          0    1180f800    00000800     UNINITIALIZED
                  1180f800    00000800     hellocfg.obj (.LOG_system$buf)

.trace$buf 
*          0    11810000    00001000     UNINITIALIZED
                  11810000    00001000     hellocfg.obj (.trace$buf)

.rtdx_text 
*          0    11811000    00000fc0     
                  11811000    000002a0     rtdx64xplus.lib : rtdx_mon.o64P (.rtdx_text:_HSRTDX_rec)
                  118112a0    00000260                     : buffer1.o64P (.rtdx_text:_RTDX_Buffer_WriteCB)
                  11811500    00000260                     : buffer1.o64P (.rtdx_text:_RTDX_write_next)
                  11811760    000001a0                     : rtdx_mon.o64P (.rtdx_text:_HSRTDX_xmt)
                  11811900    00000160                     : rtdx_mon.o64P (.rtdx_text:_RTDX_Send_To_Host)
                  11811a60    000000e0                     : rtdx_mon.o64P (.rtdx_text:_RTDX_Mon_Queue)
                  11811b40    000000e0                     : buffer1.o64P (.rtdx_text:_claim)
                  11811c20    000000a0                     : rtdx_mon.o64P (.rtdx_text:_RTDX_GetH2THeader)
                  11811cc0    000000a0                     : rtdx_mon.o64P (.rtdx_text:_RTDX_Poll)
                  11811d60    00000080                     : rtdx_mon.o64P (.rtdx_text:_RTDX_Final_RT_Monitor)
                  11811de0    00000060                     : buffer1.o64P (.rtdx_text:_RTDX_Buffer_Initialize)
                  11811e40    00000060                     : rtdx_mon.o64P (.rtdx_text:_RTDX_Init_RT_Monitor)
                  11811ea0    00000040                     : buffer2.o64P (.rtdx_text:_RTDX_Buffer_ReadCB)
                  11811ee0    00000040                     : buffer1.o64P (.rtdx_text:_RTDX_Buffer_Size)
                  11811f20    00000040                     : memfill.o64P (.rtdx_text:_RTDX_memfill)
                  11811f60    00000020                     : buffer2.o64P (.rtdx_text:_RTDX_Buffer_Read)
                  11811f80    00000020                     : buffer1.o64P (.rtdx_text:_RTDX_Buffer_Write)
                  11811fa0    00000020                     : intr_tgt.o64P (.rtdx_text)

.far       0    11811fc0    00000fc0     UNINITIALIZED
                  11811fc0    0000077c     hello.obj (.far)
                  1181273c    00000004     bios6748.a674 : clk_data.o674 (.far)
                  11812740    00000324     rts6740.lib : defs.obj (.far)
                  11812a64    00000004                 : fopen.obj (.far)
                  11812a68    00000188                 : atexit.obj (.far)
                  11812bf0    0000011c                 : lowlev.obj (.far)
                  11812d0c    00000004                 : sinit.obj (.far)
                  11812d10    000000d8     bios.a674 : knl.o674 (.far)
                  11812de8    0000005c               : tsk.o674 (.far)
                  11812e44    00000004     --HOLE--
                  11812e48    00000054               : obj_init.o674 (.far)
                  11812e9c    00000050               : tsk_stup.o674 (.far)
                  11812eec    00000004     --HOLE--
                  11812ef0    00000020               : sys.o674 (.far)
                  11812f10    00000018     rtdx64xplus.lib : rtdx_mon.o64P (.far)
                  11812f28    00000010     bios.a674 : exc.o674 (.far)
                  11812f38    00000010               : knl_tick.o674 (.far)
                  11812f48    0000000c               : utl_putc.o674 (.far)
                  11812f54    00000004     --HOLE--
                  11812f58    0000000c     block_sine.obj (.far)
                  11812f64    0000000c     rts6740.lib : exit.obj (.far)
                  11812f70    00000008                 : _lock.obj (.far)
                  11812f78    00000008                 : trgdrv.obj (.far)

.sysinit   0    11812f80    00000560     
                  11812f80    00000380     hellocfg.obj (.sysinit)
                  11813300    000000c0     bios.a674 : boot.o674 (.sysinit)
                  118133c0    000000c0               : mem_init.o674 (.sysinit)
                  11813480    00000060               : tsk_init.o674 (.sysinit)

.hst1      0    118134e0    00000010     UNINITIALIZED
                  118134e0    00000010     hellocfg.obj (.hst1)

.idl       0    118134f0    00000010     UNINITIALIZED
                  118134f0    00000010     hellocfg.obj (.idl)

.rtdx_data 
*          0    11813500    000004f4     UNINITIALIZED
                  11813500    00000080     --HOLE--
                  11813580    00000410     hellocfg.obj (.rtdx_data)
                  11813990    00000044     rtdx64xplus.lib : rtdx_mon.o64P (.rtdx_data)
                  118139d4    00000020                     : buffer1.o64P (.rtdx_data)

.args      0    118139f4    00000004     
                  118139f4    00000004     --HOLE-- [fill = 0]

.const     0    118139f8    00000435     
                  118139f8    00000193     bios.a674 : exc.o674 (.const:.string)
                  11813b8b    00000004               : mem_allo.o674 (.const:.string)
                  11813b8f    00000001     --HOLE-- [fill = 0]
                  11813b90    00000101     rts6740.lib : ctype.obj (.const:.string:__ctypes_)
                  11813c91    00000004     bios.a674 : mem_free.o674 (.const:.string)
                  11813c95    00000002     rts6740.lib : fputs.obj (.const:.string)
                  11813c97    00000001     --HOLE-- [fill = 0]
                  11813c98    00000080     evmc6748_bsl.lib : evmc6748.obj (.const:_bitval_u32)
                  11813d18    0000004e     bios.a674 : tsk_stup.o674 (.const:.string)
                  11813d66    00000002     --HOLE-- [fill = 0]
                  11813d68    00000040     evmc6748_bsl.lib : evmc6748.obj (.const:.string)
                  11813da8    00000023     bios.a674 : utl_doab.o674 (.const:.string)
                  11813dcb    00000023     rts6740.lib : _printfi.obj (.const:.string)
                  11813dee    00000022     bios.a674 : utl_doer.o674 (.const:.string)
                  11813e10    0000001c     rb.obj (.const:.string)
                  11813e2c    00000001     bios.a674 : tsk.o674 (.const:.string)

.printf    0    11813e2d    00000076     COPY SECTION
                  11813e2d    00000076     hellocfg.obj (.printf)

.TSK_idle$stk 
*          0    11813e30    00000400     UNINITIALIZED
                  11813e30    00000400     hellocfg.obj (.TSK_idle$stk)

.stack     0    11814230    00000400     UNINITIALIZED
                  11814230    00000400     --HOLE--

.bss       0    11814630    00000394     UNINITIALIZED
                  11814630    00000100     bios.a674 : hwi_disp_asm.o674 (.bss)
                  11814730    000000cc               : biosdata.o674 (.bss)
                  118147fc    0000009c               : swi.o674 (.bss)
                  11814898    00000048               : knl.o674 (.bss)
                  118148e0    00000028     hellocfg.obj (.bss)
                  11814908    00000020     bios.a674 : exc_asm.o674 (.bss)
                  11814928    00000018               : hwi.o674 (.bss)
                  11814940    00000018     lnkrtdx.a674 : rtdx.o674 (.bss)
                  11814958    00000010     bios.a674 : exc.o674 (.bss)
                  11814968    00000010     rtdx64xplus.lib : buffer1.o64P (.bss)
                  11814978    00000010                     : rtdx_mon.o64P (.bss)
                  11814988    0000000c     bios.a674 : tsk.o674 (.bss)
                  11814994    0000000c     hello.obj (.bss)
                  118149a0    00000008     bios.a674 : clk_data.o674 (.bss)
                  118149a8    00000008               : sys.o674 (.bss)
                  118149b0    00000004               : clk_data2.o674 (.bss)
                  118149b4    00000004               : idl_busy.o674 (.bss)
                  118149b8    00000004               : mem_asm.o674 (.bss)
                  118149bc    00000004     block_sine.obj (.bss)
                  118149c0    00000004     evmc6748_bsl.lib : evmc6748_i2c.obj (.bss)

.trace     0    118149c4    00000200     
                  118149c4    00000200     --HOLE-- [fill = 00000000]

.hst       0    11814bc4    0000003c     UNINITIALIZED
                  11814bc4    0000003c     hellocfg.obj (.hst)

.hwi_vec   0    11814c00    00000200     
                  11814c00    00000200     hellocfg.obj (.hwi_vec)

.cio       0    11814e00    00000120     UNINITIALIZED
                  11814e00    00000120     rts6740.lib : trgmsg.obj (.cio)

.hst0      0    11814f20    00000100     UNINITIALIZED
                  11814f20    00000100     hellocfg.obj (.hst0)

.pip       0    11815020    000000c8     UNINITIALIZED
                  11815020    000000c8     hellocfg.obj (.pip)

.swi       0    118150e8    00000058     UNINITIALIZED
                  118150e8    00000058     hellocfg.obj (.swi)

.sts       0    11815140    00000050     
                  11815140    00000050     hellocfg.obj (.sts)

.gblinit   0    11815190    0000004c     
                  11815190    0000004c     hellocfg.obj (.gblinit)

.switch    0    118151dc    00000044     
                  118151dc    00000024     evmc6748_bsl.lib : evmc6748_gpio.obj (.switch:_getRegisterBankAndBit)
                  11815200    00000020                      : evmc6748_dip.obj (.switch:_convertDipToI2CGpio)

.log       0    11815220    00000030     
                  11815220    00000030     hellocfg.obj (.log)

.idlcal    0    11815250    00000010     UNINITIALIZED
                  11815250    00000010     hellocfg.obj (.idlcal)

.sys       0    11815260    00000010     UNINITIALIZED
                  11815260    00000010     hellocfg.obj (.sys)

.trcdata   0    11815270    0000000c     
                  11815270    0000000c     bios.a674 : trc.o674 (.trcdata)

.clk       0    1181527c    00000008     UNINITIALIZED
                  1181527c    00000008     hellocfg.obj (.clk)

.mem       0    11815284    00000004     UNINITIALIZED
                  11815284    00000004     hellocfg.obj (.mem)


GLOBAL SYMBOLS: SORTED ALPHABETICALLY BY Name 

address    name
--------   ----
11814630   $bss
11814630   .bss
11800000   .data
11800000   .text
11813144   BIOS$$CLKOFF
11813104   BIOS$$CLKON
11812f80   BIOS_init
118131b0   BIOS_start
00000000   BUF$
00000001   BUF_ENABLED
11807dd8   C$$IO$$
ffffffff   CACHE_L1D
ffffffff   CACHE_L1P
00000001   CLK$
1181527c   CLK_A_TABBEG
00000001   CLK_CALDIV
00000001   CLK_CALMULT
000493e0   CLK_COUNTSPMS
00000004   CLK_COUNTSPMSHIGH
11814758   CLK_D_idletime
11814754   CLK_D_isrhook
11814750   CLK_D_tabbeg
1181474c   CLK_D_timefxn
00000001   CLK_ENABLEHTIME
1180c300   CLK_F_gethtime
1180aea0   CLK_F_getltime
1180aeb0   CLK_F_isr
1180aff0   CLK_F_itime
11808b80   CLK_HOOKFXN
00000001   CLK_HTIMEDIV
00000001   CLK_HTIMEMULT
000493e0   CLK_HTIMEPERLTIME
00005dc0   CLK_INPUTCLK
00004000   CLK_INTBIT
00000001   CLK_LTIMEDIV
000493e0   CLK_LTIMEMULT
000003e8   CLK_MICROSECS
00000001   CLK_POWERENABLE
00005dc0   CLK_PRD
00000000   CLK_PRDHIGH
01c20000   CLK_REGS
00000001   CLK_RESETTIMER
11814748   CLK_R_time
00000020   CLK_TCR
00000000   CLK_TDDR
00000000   CLK_TDDRHIGH
1180c300   CLK_TIMEFXN
00000000   CLK_TIMERNUM
00000005   CLK_TIMMODE
00000001   CLK_USETIMER
11815280   CLK_null
ffffffff   DDR
00000000   DEV$
00000000   DGN$
00000000   DHL$
00000000   DHL_gChannelsAvailable
00000000   DIO$
00000000   DIO_NUMSWIBASE
00000000   DIO_NUMTSKBASE
00000000   DIO_STATIC
00000000   DPI$
00000000   ECM$
00000000   ECM_ENABLE
ffffffff   ECM_EVTMASK0
ffffffff   ECM_EVTMASK1
ffffffff   ECM_EVTMASK2
ffffffff   ECM_EVTMASK3
0000000a   EVENT10
00000064   EVENT100
00000065   EVENT101
00000066   EVENT102
00000067   EVENT103
00000068   EVENT104
00000069   EVENT105
0000006a   EVENT106
0000006b   EVENT107
0000006c   EVENT108
0000006d   EVENT109
0000000b   EVENT11
0000006e   EVENT110
0000006f   EVENT111
00000070   EVENT112
00000071   EVENT113
00000072   EVENT114
00000073   EVENT115
00000074   EVENT116
00000075   EVENT117
00000076   EVENT118
00000077   EVENT119
0000000c   EVENT12
00000078   EVENT120
00000079   EVENT121
0000007a   EVENT122
0000007b   EVENT123
0000007c   EVENT124
0000007d   EVENT125
0000007e   EVENT126
0000007f   EVENT127
0000000d   EVENT13
0000000e   EVENT14
0000000f   EVENT15
00000010   EVENT16
00000011   EVENT17
00000012   EVENT18
00000013   EVENT19
00000014   EVENT20
00000015   EVENT21
00000016   EVENT22
00000017   EVENT23
00000018   EVENT24
00000019   EVENT25
0000001a   EVENT26
0000001b   EVENT27
0000001c   EVENT28
0000001d   EVENT29
0000001e   EVENT30
0000001f   EVENT31
00000020   EVENT32
00000021   EVENT33
00000022   EVENT34
00000023   EVENT35
00000024   EVENT36
00000025   EVENT37
00000026   EVENT38
00000027   EVENT39
00000004   EVENT4
00000028   EVENT40
00000029   EVENT41
0000002a   EVENT42
0000002b   EVENT43
0000002c   EVENT44
0000002d   EVENT45
0000002e   EVENT46
0000002f   EVENT47
00000030   EVENT48
00000031   EVENT49
00000005   EVENT5
00000032   EVENT50
00000033   EVENT51
00000034   EVENT52
00000035   EVENT53
00000036   EVENT54
00000037   EVENT55
00000038   EVENT56
00000039   EVENT57
0000003a   EVENT58
0000003b   EVENT59
00000006   EVENT6
0000003c   EVENT60
0000003d   EVENT61
0000003e   EVENT62
0000003f   EVENT63
00000040   EVENT64
00000041   EVENT65
00000042   EVENT66
00000043   EVENT67
00000044   EVENT68
00000045   EVENT69
00000007   EVENT7
00000046   EVENT70
00000047   EVENT71
00000048   EVENT72
00000049   EVENT73
0000004a   EVENT74
0000004b   EVENT75
0000004c   EVENT76
0000004d   EVENT77
0000004e   EVENT78
0000004f   EVENT79
00000008   EVENT8
00000050   EVENT80
00000051   EVENT81
00000052   EVENT82
00000053   EVENT83
00000054   EVENT84
00000055   EVENT85
00000056   EVENT86
00000057   EVENT87
00000058   EVENT88
00000059   EVENT89
00000009   EVENT9
0000005a   EVENT90
0000005b   EVENT91
0000005c   EVENT92
0000005d   EVENT93
0000005e   EVENT94
0000005f   EVENT95
00000060   EVENT96
00000061   EVENT97
00000062   EVENT98
00000063   EVENT99
1180bea0   FXN_F_nop
1180bea4   FXN_F_run
1180bee0   FXN_F_zero
00000001   GBL$
00005205   GBL_A_VERSION
00000000   GBL_BCACHEREADADDR0
00000000   GBL_BCACHEREADADDR1
00000000   GBL_BCACHEREADADDR2
00000000   GBL_BIGENDIAN
00000000   GBL_CACHE
00000000   GBL_CALLCSLCFGINIT
00004e20   GBL_CLKIN
00001a5b   GBL_CLKTYPE
00001a5c   GBL_DSPSUBTYPE
0000003e   GBL_DSPTYPE
00000001   GBL_ENABLEINST
00000000   GBL_ENABLE_SK
00000042   GBL_FOOTPRINT
000493e0   GBL_FREQ
00000000   GBL_GEMTRUECOMPEN
00000007   GBL_L1DMODE
00000007   GBL_L1PMODE
00000001   GBL_L2CONFIGURE
00000000   GBL_L2MAR0_31
00000001   GBL_L2MAR128_159
00000000   GBL_L2MAR160_191
ffffffff   GBL_L2MAR192_223
00000000   GBL_L2MAR224_255
00000000   GBL_L2MAR32_63
00000000   GBL_L2MAR64_95
00000000   GBL_L2MAR96_127
00000000   GBL_L2MODE
00000000   GBL_NULL
00000000   GBL_PROCID
00000000   GBL_ROM
00000000   GBL_SUPPORTCSL
0000dbef   GBL_TRCMASKVALUE
00000000   GBL_USERINIT
1180c240   GBL_USERINITFXN
00000001   GBL_boot
11815278   GBL_initdone
11814230   GBL_stackbeg
1181462f   GBL_stackend
00000000   GIO$
1180c240   GIO_CREATEFXN
1180c240   GIO_DELETEFXN
1180c240   GIO_PENDFXN
1180c240   GIO_POSTFXN
00000000   HOOK$
00000000   HOOK_KNLID
00000001   HST$
11814bc4   HST_A_TABBEG
11814c00   HST_A_TABEND
00000000   HST_DSM
118148ec   HST_DSMBUFSEG
00000400   HST_DSMMEMSIZE
118147c4   HST_D_chanmask
118147c8   HST_D_tabbeg
118147cc   HST_D_tabend
000000ff   HST_MAXFRAMEALLOWED
00000040   HST_MAXFRAMESET
00000000   HST_NONE
00000001   HST_RTDX
00000001   HWI$
11814c00   HWI_A_VECS
00005828   HWI_CFGDISPATCHED
11814938   HWI_D_bss
1181493c   HWI_D_ccmask
11814928   HWI_D_spsave
00000001   HWI_ENABLE_EXC
11808b80   HWI_F_dispatch
00000000   HWI_GENERATE_RESET_VEC
0000000a   HWI_INT10
00000000   HWI_INT10$hwi
0000000b   HWI_INT11
00000000   HWI_INT11$hwi
0000000c   HWI_INT12
00000000   HWI_INT12$hwi
0000000d   HWI_INT13
00000000   HWI_INT13$hwi
0000000e   HWI_INT14
00000000   HWI_INT14$hwi
0000000f   HWI_INT15
00000000   HWI_INT15$hwi
00000004   HWI_INT4
00000000   HWI_INT4$hwi
00000005   HWI_INT5
00000000   HWI_INT5$hwi
00000006   HWI_INT6
00000000   HWI_INT6$hwi
00000007   HWI_INT7
00000000   HWI_INT7$hwi
00000008   HWI_INT8
00000000   HWI_INT8$hwi
00000009   HWI_INT9
00000000   HWI_INT9$hwi
07063d04   HWI_INTRMUX1
0b0a0908   HWI_INTRMUX2
28040d0c   HWI_INTRMUX3
00000001   HWI_NMI
00000000   HWI_NMI$hwi
00000000   HWI_POLARITYMASK
00000002   HWI_RESERVED0
00000000   HWI_RESERVED0$hwi
00000003   HWI_RESERVED1
00000000   HWI_RESERVED1$hwi
00000000   HWI_RESET
00000000   HWI_RESET$hwi
00000000   HWI_ZEROTAB
00000001   IDL$
11815250   IDL_A_CALBEG
118134f0   IDL_A_TABBEG
00000006   IDL_CALIBRERROR
1180c140   IDL_CALIBRFXN
118149b4   IDL_D_busyObj
11814738   IDL_D_calbeg
11814734   IDL_D_calibrate
11814730   IDL_D_tabbeg
118134fc   IDL_END
1181525c   IDL_END$
1180bf60   IDL_F_busy
1180bdc0   IDL_F_calibrate
1180c280   IDL_F_loop
1180c140   IDL_F_stub
00000001   IDL_USECLKIDLTIME
11815184   IDL_busyObj
11813e9e   IDL_busyObj$avgfmt
00000001   IDL_busyObj$filter
00000001   IDL_busyObj$iA
00000000   IDL_busyObj$iB
00000001   IDL_busyObj$iC
11813e98   IDL_busyObj$maxfmt
00000000   IDL_busyObj$operation
11815180   IDL_busyObj$stsobj
11813e9b   IDL_busyObj$sumfmt
00000002   IDL_busyObj$unittype
118134f0   IDL_cpuLoad
11815250   IDL_cpuLoad$
118148ec   IRAM
1180c320   IRAM$B
00002000   IRAM$L
00000001   ISRC$
1180b198   KNL_glue
11815114   KNL_swi
00000001   KNL_swi$dorta
00000002   KNL_swi$ord
00000000   KNL_swi$pri
11815164   KNL_swi$sts
11813e74   KNL_swi$sts$avgfmt
00000002   KNL_swi$sts$filter
00000001   KNL_swi$sts$filtmaxmult
00000001   KNL_swi$sts$filtsummult
11813e64   KNL_swi$sts$maxfmt
11815160   KNL_swi$sts$stsobj
11813e6c   KNL_swi$sts$sumfmt
00000000   KNL_swi$sts$unittype
00000000   KNL_swi$swi
ffffffff   L3_CBA_RAM
00000001   LCK$
11808040   LNK_F_checkBufferCall
118080c0   LNK_F_dataPump
11808060   LNK_F_getChanPtr
118080b8   LNK_F_init
118085c8   LNK_F_readCallBack
118134f4   LNK_dataPump
11815254   LNK_dataPump$
11814944   LNK_dspFrameReadyMask
11814940   LNK_dspFrameRequestMask
11808340   LNK_newin
11808474   LNK_newout
118080d0   LNK_rcloop
11808194   LNK_rdrtry
1181494c   LNK_readDone
11814950   LNK_readFail
11814948   LNK_readPend
118081a4   LNK_rrloop
11814954   LNK_writeFail
11808270   LNK_wrloop
11808264   LNK_wrrtry
00000001   LOG$
11815220   LOG_A_TABBEG
11815250   LOG_A_TABEND
00000002   LOG_A_TABLEN
1181473c   LOG_D_system
00000001   LOG_ENABLED
1180bd40   LOG_F_event
11815220   LOG_system
1180f800   LOG_system$buf
00000000   LOG_system$datatype
00000000   LOG_system$log
00000200   LOG_system$size
00000000   MBX$
00000001   MEM$
118148ec   MEM_MALLOCSEG
00000000   MEM_NULL
118148ec   MEM_SEGZERO
00000000   MEM_USEMPC
00000001   MEM_gNumHeap
00000000   MSGQ$
00000000   MSGQ_USEMSGQ
00000000   OBJ$
00000000   PIP$
11815020   PIP_A_TABBEG
118150e8   PIP_A_TABEND
00000002   PIP_A_TABLEN
11814740   PIP_D_tabbeg
11814744   PIP_D_tablen
1180a818   PIP_F_give
1180a818   PIP_F_probe
1180a8e8   PIP_F_start
1180a7a0   PIP_F_take
00000064   PIP_OBJSIZE
00000000   PIP_gNextId
00000002   PIP_gNumEmbed
00000000   POOL$
00000000   POOL_USEPOOL
00000001   PRD$
1180f7d4   PRD0
1180f7f0   PRD0$aaa
00000000   PRD0$mode
00000001   PRD0$ord
000001f4   PRD0$period
00000000   PRD0$prd
11815144   PRD0$sts
11813e3f   PRD0$sts$avgfmt
00000000   PRD0$sts$filter
11813e2d   PRD0$sts$maxfmt
11815140   PRD0$sts$stsobj
11813e36   PRD0$sts$sumfmt
00000002   PRD0$sts$unittype
1180f7d4   PRD_A_TABBEG
1180f7f4   PRD_A_TABEND
00000001   PRD_A_TABLEN
11814780   PRD_D_cur
11814784   PRD_D_elapsed
11814788   PRD_D_prevtim
1181478c   PRD_D_scalar
11814790   PRD_D_swihandle
11814794   PRD_D_tabbeg
11814798   PRD_D_tablen
1181479c   PRD_D_thook
1181477c   PRD_D_tick
11809520   PRD_F_swi
118097a4   PRD_F_tick
00000001   PRD_SCALAR
118150e8   PRD_SWIHANDLE
1180a3b4   PRD_THOOKFXN
1181527c   PRD_clock
118150e8   PRD_swi
00000001   PRD_swi$dorta
00000001   PRD_swi$ord
00000001   PRD_swi$pri
11815154   PRD_swi$sts
11813e5a   PRD_swi$sts$avgfmt
00000002   PRD_swi$sts$filter
00000001   PRD_swi$sts$filtmaxmult
00000001   PRD_swi$sts$filtsummult
11813e4a   PRD_swi$sts$maxfmt
11815150   PRD_swi$sts$stsobj
11813e52   PRD_swi$sts$sumfmt
00000000   PRD_swi$sts$unittype
00000000   PRD_swi$swi
00000001   PWRM$
00000030   PWRM_PWRM_CAPSMASK
0000000a   PWRM_PWRM_CLKTICKSPERSLOT
00000000   PWRM_PWRM_ENABLE
00000002   PWRM_PWRM_INITSPCPU
00000000   PWRM_PWRM_INITSPPER
00000000   PWRM_PWRM_LOADENABLE
00000001   PWRM_PWRM_NUMSLOTS
00000000   PWRM_PWRM_RESOURCETRACKING
00000000   PWRM_PWRM_SCALING
1180c240   PWRM_PWRM_SHAREDRESOURCEFXN
1180c240   PWRM_PWRM_SLOTHOOKFXN
00000000   PWRM_PWRM_TIMERIDNUM
00000000   PWRM_PWRM_TIMERINTRMASK
00000000   PWRM_PWRM_TIMERWUGENMASK
00000000   PWRM_PWRM_USERRESOURCES
00000000   PWRM_PWRM_USETIMER
00000001   QUE$
118147a0   RTA_D_fromHost
118147a8   RTA_D_logval
118147b8   RTA_D_stsval
118147a4   RTA_D_toHost
1180c180   RTA_F_andn
11809c00   RTA_F_dispatch
11809b20   RTA_F_getlog
11809b58   RTA_F_getsts
1180c198   RTA_F_or
11809b98   RTA_F_readblk
11809bc0   RTA_F_resetmem
11809bb4   RTA_F_writeword
118134f8   RTA_dispatcher
11815258   RTA_dispatcher$
11809c4c   RTA_execute
11814bc8   RTA_fromHost
118134e0   RTA_fromHost$buf
00000004   RTA_fromHost$framesize
00000000   RTA_fromHost$hst
00000001   RTA_fromHost$id
00000000   RTA_fromHost$mode
11815020   RTA_fromHost$pipe
11815050   RTA_fromHost$pipe$aaa
11815080   RTA_fromHost$pipe$bbb
118148f0   RTA_fromHost$pipe$dtab
11815024   RTA_fromHost$pipe$rd
11815054   RTA_fromHost$pipe$wr
11814bd0   RTA_fromHost$rtdx
11814be4   RTA_toHost
11814f20   RTA_toHost$buf
00000040   RTA_toHost$framesize
00000000   RTA_toHost$hst
00000000   RTA_toHost$id
00000001   RTA_toHost$mode
11815084   RTA_toHost$pipe
118150b4   RTA_toHost$pipe$aaa
118150e4   RTA_toHost$pipe$bbb
118148fc   RTA_toHost$pipe$dtab
11815088   RTA_toHost$pipe$rd
118150b8   RTA_toHost$pipe$wr
11814bec   RTA_toHost$rtdx
00000001   RTDX$
00000408   RTDX_BUFMEMSIZE
118148ec   RTDX_DATAMEMSEG
00000000   RTDX_MODE
00000001   RTDX_NORMALIZED_HDR
00000001   RTDX_USERTDX
00000000   RTDX_USERTEXECUTION
00000000   SEM$
00000000   SIO$
00000001   STS$
11815140   STS_A_TABBEG
11815190   STS_A_TABEND
1180c04c   STS_F_add
1180c020   STS_F_delta
1180c068   STS_F_reset
00000001   SWI$
118150e8   SWI_A_TABBEG
11815140   SWI_A_TABEND
00000002   SWI_A_TABLEN
11814814   SWI_D_curfxn
11814804   SWI_D_curmask
11814810   SWI_D_curmbox
11814808   SWI_D_curset
11814800   SWI_D_execaddr
1181481c   SWI_D_inswi
1181480c   SWI_D_lock
11814818   SWI_D_rdybeg
11814820   SWI_D_rdytab
118147fc   SWI_D_runaddr
00000000   SWI_EHOOKFXN
11809244   SWI_EXECFXN
11809060   SWI_F_enable
11809244   SWI_F_exec
1180926c   SWI_F_iexec
118090d0   SWI_F_post
118092ec   SWI_F_run
00000000   SWI_IHOOKFXN
118092ec   SWI_RUNFXN
00000001   SYS$
11815260   SYS$config
1180c1c0   SYS_ABORTFXN
1180c2c0   SYS_ERRORFXN
1180c2e0   SYS_EXITFXN
1180c200   SYS_PUTCFXN
11815274   TRC_R_mask
11815270   TRC_cinit
00000001   TSK$
00000000   TSK_NUM_HOOKS
00000001   TSK_PRIORITY
00000000   TSK_READYFXN
00000000   TSK_STACKSEG
00000400   TSK_STACKSIZE
00000000   TSK_SWITCHFXN
1180c240   TSK_VCREATEFXN
1180c240   TSK_VDELETEFXN
1180c240   TSK_VEXITFXN
1180f780   TSK_idle
00000000   TSK_idle$ord
00000000   TSK_idle$pri
11813e30   TSK_idle$stack
118141c8   TSK_idle$stkptr
11815174   TSK_idle$sts
11813e8e   TSK_idle$sts$avgfmt
00000002   TSK_idle$sts$filter
00000001   TSK_idle$sts$filtmaxmult
00000001   TSK_idle$sts$filtsummult
11813e7e   TSK_idle$sts$maxfmt
11815170   TSK_idle$sts$stsobj
11813e86   TSK_idle$sts$sumfmt
00000000   TSK_idle$sts$unittype
00000000   TSK_idle$tsk
00000000   UDEV$
11801fc4   _AIC3106_Init
11802078   _AIC3106_readRegister
118020e4   _AIC3106_writeRegister
1180c240   _BCACHE_bootInit
1180b554   _BCACHE_getMar
1180b504   _BCACHE_getSize
1180b4d4   _BCACHE_setCacheToSram
1180b484   _BCACHE_setMar
1180b440   _BCACHE_setSize
11812f80   _BIOS_init
118131b0   _BIOS_start
ffffffff   _CACHE_L1D
ffffffff   _CACHE_L1P
000493e0   _CLK_COUNTSPMS
118149a0   _CLK_DFLTMICROSECS
11814778   _CLK_D_countspms
1181476c   _CLK_D_dirty
118149a4   _CLK_D_microseconds
11814770   _CLK_D_prd
11814774   _CLK_D_tddr
1180aff0   _CLK_F_itime
00005dc0   _CLK_PRD
01c20000   _CLK_REGS
00000000   _CLK_TDDR
00000000   _CLK_TIMERNUM
00000001   _CLK_USETIMER
1180c300   _CLK_gethtime
1181475c   _CLK_htimeDiv
11814760   _CLK_htimeMult
118149b0   _CLK_htimePerLtime
1181273c   _CLK_inputClock
1180aff0   _CLK_itime
11814764   _CLK_ltimeDiv
11814768   _CLK_ltimeMult
1180c0e0   _CLK_measure
ffffffff   _DDR
11805e84   _DIP_get
11805ee8   _DIP_getAll
11805e60   _DIP_init
0000000a   _EVENT10
00000064   _EVENT100
00000065   _EVENT101
00000066   _EVENT102
00000067   _EVENT103
00000068   _EVENT104
00000069   _EVENT105
0000006a   _EVENT106
0000006b   _EVENT107
0000006c   _EVENT108
0000006d   _EVENT109
0000000b   _EVENT11
0000006e   _EVENT110
0000006f   _EVENT111
00000070   _EVENT112
00000071   _EVENT113
00000072   _EVENT114
00000073   _EVENT115
00000074   _EVENT116
00000075   _EVENT117
00000076   _EVENT118
00000077   _EVENT119
0000000c   _EVENT12
00000078   _EVENT120
00000079   _EVENT121
0000007a   _EVENT122
0000007b   _EVENT123
0000007c   _EVENT124
0000007d   _EVENT125
0000007e   _EVENT126
0000007f   _EVENT127
0000000d   _EVENT13
0000000e   _EVENT14
0000000f   _EVENT15
00000010   _EVENT16
00000011   _EVENT17
00000012   _EVENT18
00000013   _EVENT19
00000014   _EVENT20
00000015   _EVENT21
00000016   _EVENT22
00000017   _EVENT23
00000018   _EVENT24
00000019   _EVENT25
0000001a   _EVENT26
0000001b   _EVENT27
0000001c   _EVENT28
0000001d   _EVENT29
0000001e   _EVENT30
0000001f   _EVENT31
00000020   _EVENT32
00000021   _EVENT33
00000022   _EVENT34
00000023   _EVENT35
00000024   _EVENT36
00000025   _EVENT37
00000026   _EVENT38
00000027   _EVENT39
00000004   _EVENT4
00000028   _EVENT40
00000029   _EVENT41
0000002a   _EVENT42
0000002b   _EVENT43
0000002c   _EVENT44
0000002d   _EVENT45
0000002e   _EVENT46
0000002f   _EVENT47
00000030   _EVENT48
00000031   _EVENT49
00000005   _EVENT5
00000032   _EVENT50
00000033   _EVENT51
00000034   _EVENT52
00000035   _EVENT53
00000036   _EVENT54
00000037   _EVENT55
00000038   _EVENT56
00000039   _EVENT57
0000003a   _EVENT58
0000003b   _EVENT59
00000006   _EVENT6
0000003c   _EVENT60
0000003d   _EVENT61
0000003e   _EVENT62
0000003f   _EVENT63
00000040   _EVENT64
00000041   _EVENT65
00000042   _EVENT66
00000043   _EVENT67
00000044   _EVENT68
00000045   _EVENT69
00000007   _EVENT7
00000046   _EVENT70
00000047   _EVENT71
00000048   _EVENT72
00000049   _EVENT73
0000004a   _EVENT74
0000004b   _EVENT75
0000004c   _EVENT76
0000004d   _EVENT77
0000004e   _EVENT78
0000004f   _EVENT79
00000008   _EVENT8
00000050   _EVENT80
00000051   _EVENT81
00000052   _EVENT82
00000053   _EVENT83
00000054   _EVENT84
00000055   _EVENT85
00000056   _EVENT86
00000057   _EVENT87
00000058   _EVENT88
00000059   _EVENT89
00000009   _EVENT9
0000005a   _EVENT90
0000005b   _EVENT91
0000005c   _EVENT92
0000005d   _EVENT93
0000005e   _EVENT94
0000005f   _EVENT95
00000060   _EVENT96
00000061   _EVENT97
00000062   _EVENT98
00000063   _EVENT99
118001e8   _EVMC6748_enableDsp
11800000   _EVMC6748_init
1180002c   _EVMC6748_initRAM
118002b0   _EVMC6748_lpscTransition
11800214   _EVMC6748_pinmuxConfig
11808b50   _EXC_clearLastStatus
1180a5c0   _EXC_dispatch
11808974   _EXC_exceptionHandler
11814958   _EXC_exceptionHook
11808940   _EXC_external
11814960   _EXC_externalHook
11808920   _EXC_getLastStatus
118088e0   _EXC_init
11808634   _EXC_internal
1181495c   _EXC_internalHook
11808600   _EXC_nmi
11814964   _EXC_nmiHook
11814910   _EXC_returnPtr
1180a784   _EXC_setReturnPtr
11812f28   _EXC_status
11814908   _EXC_sysTrapTable
1180c240   _FXN_F_nop
1180bea4   _FXN_F_run
1180bee0   _FXN_F_zero
00000000   _GBL_CACHE
1180b5e8   _GBL_cacheInit64P
118147d4   _GBL_clkIn
118147d8   _GBL_freq
1180c260   _GBL_getVersion
118147d0   _GBL_procId
11803438   _GPIO_getInput
118033c0   _GPIO_setDir
118034ac   _GPIO_setOutput
1180352c   _GPIO_toggleLoop
118073e0   _HOSTclose
118065a0   _HOSTlseek
118068a0   _HOSTopen
11806980   _HOSTread
11805ce0   _HOSTrename
11806de0   _HOSTunlink
11806ea0   _HOSTwrite
11811000   _HSRTDX_rec
11811760   _HSRTDX_xmt
11814bc4   _HST_A_TABBEG
11814c00   _HST_A_TABEND
00005828   _HWI_CFGDISPATCHED
11814934   _HWI_D_inhwi
11814928   _HWI_D_spsave
11808b80   _HWI_F_dispatch
0000000a   _HWI_INT10
0000000b   _HWI_INT11
0000000c   _HWI_INT12
0000000d   _HWI_INT13
0000000e   _HWI_INT14
0000000f   _HWI_INT15
00000004   _HWI_INT4
00000005   _HWI_INT5
00000006   _HWI_INT6
00000007   _HWI_INT7
00000008   _HWI_INT8
00000009   _HWI_INT9
00000001   _HWI_NMI
00000002   _HWI_RESERVED0
00000003   _HWI_RESERVED1
00000000   _HWI_RESET
11814628   _HWI_STKBOTTOM
11814230   _HWI_STKTOP
11814928   _HWI_data
1180bf00   _HWI_disable
11814630   _HWI_dispatchTab
1180bf18   _HWI_enable
1180bf2c   _HWI_restore
118027d4   _I2CGPIO_getInput
118028f0   _I2CGPIO_getInputAll
11802700   _I2CGPIO_init
11802a00   _I2CGPIO_setOutput
11802b48   _I2CGPIO_setOutputAll
11803740   _I2C_init
1180382c   _I2C_read
11803988   _I2C_write
11815184   _IDL_busyObj
118134f0   _IDL_cpuLoad
1180c280   _IDL_loop
118148ec   _IRAM
1180c320   _IRAM_base
00002000   _IRAM_length
118148a0   _KNL_alarm
1180b6a0   _KNL_check
118148c4   _KNL_curqueue
118148b4   _KNL_curtask
118148bc   _KNL_curtime
11812db0   _KNL_dummy
1180ba00   _KNL_enter
1180b9c0   _KNL_exit
1180b768   _KNL_idle
118148dc   _KNL_idlefxn
118148a8   _KNL_inactive
1180bbc0   _KNL_ipost
1180b790   _KNL_max
118148c8   _KNL_maxqueue
1180bc40   _KNL_post
118148b8   _KNL_prevtask
118148ac   _KNL_priority
11812d10   _KNL_queues
11809da0   _KNL_run
1180b040   _KNL_saveIsrFrame
118148b0   _KNL_set
118148a4   _KNL_setpri
11815114   _KNL_swi
118148c0   _KNL_swiptr
1180b0ec   _KNL_switch
118148d0   _KNL_tcreatefxn
118148d4   _KNL_tdeletefxn
1180a3b4   _KNL_tick
118148d8   _KNL_treadyfxn
118148cc   _KNL_tswitchfxn
11814898   _KNL_wFlag
1181489c   _KNL_wList
ffffffff   _L3_CBA_RAM
1180bce0   _LCK_pend
1180bcc0   _LCK_post
118057a0   _LED_init
118057ec   _LED_isOn
118058ec   _LED_toggle
118058a4   _LED_turnOff
11805854   _LED_turnOn
118134f4   _LNK_dataPump
11814944   _LNK_dspFrameReadyMask
11814940   _LNK_dspFrameRequestMask
1181494c   _LNK_readDone
11814950   _LNK_readFail
11814948   _LNK_readPend
11814954   _LNK_writeFail
11815220   _LOG_A_TABBEG
11815250   _LOG_A_TABEND
00000002   _LOG_A_TABLEN
1181473c   _LOG_D_system
1180bd40   _LOG_event
11815220   _LOG_system
118149b8   _MEM
118147dc   _MEM_D_NUMSEGMENTS
118147e4   _MEM_D_freelist
118147e8   _MEM_D_lockaddr
118147e0   _MEM_D_memtab
118147ec   _MEM_D_unlockaddr
11809fe0   _MEM_alloc
1180a3e0   _MEM_free
118133c0   _MEM_init
118148e0   _MEM_memtab
11801d2c   _McASP_Init
11801e54   _McASP_Start
11812e80   _OBJ_segtab
11812e48   _OBJ_table
11815020   _PIP_A_TABBEG
118150e8   _PIP_A_TABEND
1180f7d4   _PRD0
1181477c   _PRD_D_tick
1181527c   _PRD_clock
118150e8   _PRD_swi
118134f8   _RTA_dispatcher
11814bc8   _RTA_fromHost
11814be4   _RTA_toHost
11813580   _RTDX_Buffer
1181398c   _RTDX_Buffer_End
11811de0   _RTDX_Buffer_Initialize
11811f60   _RTDX_Buffer_Read
11811ea0   _RTDX_Buffer_ReadCB
11811ee0   _RTDX_Buffer_Size
11813988   _RTDX_Buffer_Start
11811f80   _RTDX_Buffer_Write
118112a0   _RTDX_Buffer_WriteCB
11811d60   _RTDX_Final_RT_Monitor
11811e40   _RTDX_Init_RT_Monitor
00000002   _RTDX_JTAGONLY
11811fa0   _RTDX_Mask_IER
11811a60   _RTDX_Mon_Queue
11811cc0   _RTDX_Poll
00000000   _RTDX_interrupt_mask
11811f20   _RTDX_memfill
118139e0   _RTDX_writing
118148ec   _SEG0
1180bfc0   _SEM_pend
1180a980   _SEM_pendEnterKnl
1180b8e0   _SEM_post
1180b8e0   _SEM_postBinary
1180ba80   _SEM_postEnterKnl
11815140   _STS_A_TABBEG
11815190   _STS_A_TABEND
1180c04c   _STS_add
1180c020   _STS_delta
1180c068   _STS_reset
1180c2a0   _STS_set
11814814   _SWI_D_curfxn
11814804   _SWI_D_curmask
11814808   _SWI_D_curset
11814800   _SWI_D_execaddr
1181481c   _SWI_D_inswi
1181480c   _SWI_D_lock
11814818   _SWI_D_rdybeg
118147fc   _SWI_D_runaddr
118147fc   _SWI_data
118090d0   _SWI_post
118147f0   _SYS
118149c4   _SYS_PUTCBEG
11814bc3   _SYS_PUTCEND
1180c080   _SYS_abort
1180be40   _SYS_error
1180bb20   _SYS_exit
11812ef0   _SYS_exitStack
118149a8   _SYS_exitStackPtr
118149ac   _SYS_exitStackTop
118021a4   _SetGpio
11815274   _TRC_R_mask
11814990   _TSK
11812de8   _TSK_ATTRS
11812e04   _TSK_config
1180b300   _TSK_exit
1180f780   _TSK_idle
11813480   _TSK_init
11814988   _TSK_nTasks
1181498c   _TSK_pid
1180ad00   _TSK_setup
1180b864   _TSK_startup
11812e24   _TSK_timerSem
11802118   _USTIMER_delay
11800c00   _UTIL_isUIBoardAttached
11800aa8   _UTIL_printMem
1180c1c0   _UTL_doAbort
1180c2c0   _UTL_doError
1180c200   _UTL_doPutc
1180c2e0   _UTL_halt
11814e00   __CIOBUF_
1180b010   __CLK_lat1beg
1180b030   __CLK_lat1end
118147f8   __HOOK_NUMHOOKS
118147f4   __HOOK_knlId
11808b80   __HWI_lat1beg
11808d08   __HWI_lat1end
11808d08   __HWI_lat2beg
11808ee4   __HWI_lat2end1
11808e70   __HWI_lat2end2
11808f00   __HWI_lat3beg
11808ea0   __HWI_lat3end2
1180bf60   __IDL_lat1beg
1180bfa0   __IDL_lat1end
1180b6ec   __KNL_lat1beg
1180b768   __KNL_lat1end
1180bd40   __LOG_lat1beg
11812ec4   __MEM_mutex
11809bc0   __RTA_lat1beg
11809bf4   __RTA_lat1end
1180ab60   __SEM_dopost
11814630   __STACK_END
00000400   __STACK_SIZE
118091d8   __SWI_lat1beg
11809284   __SWI_lat1end
11809288   __SWI_lat2beg
118092e8   __SWI_lat2end
11809060   __SWI_lat3beg
118090cc   __SWI_lat3end
11812e9c   __TSK_mutex
11812f6c   ___TI_enable_exit_profile_output
ffffffff   ___TI_pprof_out_hndl
ffffffff   ___TI_prof_data_size
ffffffff   ___TI_prof_data_start
11807de0   ___add_dtor
11812a68   ___atexit_func_id__
ffffffff   ___binit__
11814630   ___bss__
ffffffff   ___c_args__
1180e320   ___cinit__
11800000   ___data__
11800000   ___edata__
118149c4   ___end__
11808040   ___etext__
11807e20   ___isinf
1180f7f4   ___pinit__
11800000   ___text__
1180b1c0   __auto_init
11807020   __c6xabi_divu
11807480   __cleanup
11812f64   __cleanup_ptr
11806240   __closefile
11813b90   __ctypes_
11800c20   __divd
118045e0   __divf
11807520   __divli
11807020   __divu
11805b40   __divul
11804860   __divull
118070e0   __doflush
11812f68   __dtors_ptr
11807700   __fixdli
11807ac0   __fltlid
11807ea0   __frcmpyd_div
11812a60   __ft_end
11812740   __ftable
11807b40   __llshl
11807ee0   __llshru
11812f70   __lock
11807f60   __negll
11807f80   __nop
11802be0   __printfi
11807fe0   __register_lock
11808000   __register_unlock
11807f20   __remli
11814230   __stack
11807cc0   __subcull
11812920   __tmpnams
11812f74   __unlock
118066a0   __wrt_ok
11812198   _aHigh
11812138   _aLow
11812158   _aMid
11812178   _aPres
118071a0   _atexit
11806a60   _atoi
118018b4   _audioHWI
118121a8   _bHigh
11812148   _bLow
11812168   _bMid
11812188   _bPres
11811fc0   _b_fir
11813c98   _bitval_u32
11812440   _buffer
11813300   _c_int00
118120c0   _cab
118067a0   _call_dtors
11809acc   _calloc
11806b40   _close
11800688   _config_pll0
118008c4   _config_pll1
118017a8   _dipPRD
1181499b   _dist
11812d0c   _dtors
11814996   _eqBypass
11812240   _eqSignal
11812340   _fftSignal
11805180   _fputc
11803020   _fputs
118098a0   _free
11806480   _fseek
118126cc   _high
1181499a   _highCut
11801cc4   _initAll
1181257c   _low
11814997   _lowCut
118078e0   _lseek
11807260   _ltoa
11801740   _main
118098c4   _malloc
11814994   _mask
11809a08   _memalign
11807d20   _memccpy
11807980   _memcpy
11806c20   _memset
118125ec   _mid
11814998   _midCut
1181265c   _pres
11814999   _presCut
11806d00   _printf
11805180   _putc
11801ca0   _read_audio_sample
11807bc0   _readmsg
11809924   _realloc
11808020   _remove
11814970   _rtdxNullChanCnt
11814974   _rtdxNullFuncCnt
1181497c   _rtdxRecNotDoneCnt
11814984   _rtdxXmtErrorCnt
11814978   _rtdxXmtNotDoneCnt
11814980   _rtdxXmtRestartCnt
118139d4   _rtdx_buffer_state
11813990   _rtdx_mon_state
118055a0   _setvbuf
118121b8   _sine
11815238   _trace
11807c40   _unlink
11812570   _wHigh
11812540   _wLow
11812550   _wMid
11812560   _wPres
11807a20   _write
1181499c   _writeIndex
11801cb0   _write_audio_sample
11807d80   _writemsg
ffffffff   binit
1180e320   cinit
11800000   edata
118149c4   end
11808040   etext
11814c00   hwi0
11814c20   hwi1
11814d40   hwi10
11814d60   hwi11
11814d80   hwi12
11814da0   hwi13
11814dc0   hwi14
11814de0   hwi15
11814c40   hwi2
11814c60   hwi3
11814c80   hwi4
11814ca0   hwi5
11814cc0   hwi6
11814ce0   hwi7
11814d00   hwi8
11814d20   hwi9
1180f7f4   pinit
11815238   trace
11810000   trace$buf
00000001   trace$datatype
00000000   trace$log
00000400   trace$size


GLOBAL SYMBOLS: SORTED BY Symbol Address 

address    name
--------   ----
00000000   BUF$
00000000   CLK_PRDHIGH
00000000   CLK_TDDR
00000000   CLK_TDDRHIGH
00000000   CLK_TIMERNUM
00000000   DEV$
00000000   DGN$
00000000   DHL$
00000000   DHL_gChannelsAvailable
00000000   DIO$
00000000   DIO_NUMSWIBASE
00000000   DIO_NUMTSKBASE
00000000   DIO_STATIC
00000000   DPI$
00000000   ECM$
00000000   ECM_ENABLE
00000000   GBL_BCACHEREADADDR0
00000000   GBL_BCACHEREADADDR1
00000000   GBL_BCACHEREADADDR2
00000000   GBL_BIGENDIAN
00000000   GBL_CACHE
00000000   GBL_CALLCSLCFGINIT
00000000   GBL_ENABLE_SK
00000000   GBL_GEMTRUECOMPEN
00000000   GBL_L2MAR0_31
00000000   GBL_L2MAR160_191
00000000   GBL_L2MAR224_255
00000000   GBL_L2MAR32_63
00000000   GBL_L2MAR64_95
00000000   GBL_L2MAR96_127
00000000   GBL_L2MODE
00000000   GBL_NULL
00000000   GBL_PROCID
00000000   GBL_ROM
00000000   GBL_SUPPORTCSL
00000000   GBL_USERINIT
00000000   GIO$
00000000   HOOK$
00000000   HOOK_KNLID
00000000   HST_DSM
00000000   HST_NONE
00000000   HWI_GENERATE_RESET_VEC
00000000   HWI_INT10$hwi
00000000   HWI_INT11$hwi
00000000   HWI_INT12$hwi
00000000   HWI_INT13$hwi
00000000   HWI_INT14$hwi
00000000   HWI_INT15$hwi
00000000   HWI_INT4$hwi
00000000   HWI_INT5$hwi
00000000   HWI_INT6$hwi
00000000   HWI_INT7$hwi
00000000   HWI_INT8$hwi
00000000   HWI_INT9$hwi
00000000   HWI_NMI$hwi
00000000   HWI_POLARITYMASK
00000000   HWI_RESERVED0$hwi
00000000   HWI_RESERVED1$hwi
00000000   HWI_RESET
00000000   HWI_RESET$hwi
00000000   HWI_ZEROTAB
00000000   IDL_busyObj$iB
00000000   IDL_busyObj$operation
00000000   KNL_swi$pri
00000000   KNL_swi$sts$unittype
00000000   KNL_swi$swi
00000000   LOG_system$datatype
00000000   LOG_system$log
00000000   MBX$
00000000   MEM_NULL
00000000   MEM_USEMPC
00000000   MSGQ$
00000000   MSGQ_USEMSGQ
00000000   OBJ$
00000000   PIP$
00000000   PIP_gNextId
00000000   POOL$
00000000   POOL_USEPOOL
00000000   PRD0$mode
00000000   PRD0$prd
00000000   PRD0$sts$filter
00000000   PRD_swi$sts$unittype
00000000   PRD_swi$swi
00000000   PWRM_PWRM_ENABLE
00000000   PWRM_PWRM_INITSPPER
00000000   PWRM_PWRM_LOADENABLE
00000000   PWRM_PWRM_RESOURCETRACKING
00000000   PWRM_PWRM_SCALING
00000000   PWRM_PWRM_TIMERIDNUM
00000000   PWRM_PWRM_TIMERINTRMASK
00000000   PWRM_PWRM_TIMERWUGENMASK
00000000   PWRM_PWRM_USERRESOURCES
00000000   PWRM_PWRM_USETIMER
00000000   RTA_fromHost$hst
00000000   RTA_fromHost$mode
00000000   RTA_toHost$hst
00000000   RTA_toHost$id
00000000   RTDX_MODE
00000000   RTDX_USERTEXECUTION
00000000   SEM$
00000000   SIO$
00000000   SWI_EHOOKFXN
00000000   SWI_IHOOKFXN
00000000   TSK_NUM_HOOKS
00000000   TSK_READYFXN
00000000   TSK_STACKSEG
00000000   TSK_SWITCHFXN
00000000   TSK_idle$ord
00000000   TSK_idle$pri
00000000   TSK_idle$sts$unittype
00000000   TSK_idle$tsk
00000000   UDEV$
00000000   _CLK_TDDR
00000000   _CLK_TIMERNUM
00000000   _GBL_CACHE
00000000   _HWI_RESET
00000000   _RTDX_interrupt_mask
00000000   trace$log
00000001   BUF_ENABLED
00000001   CLK$
00000001   CLK_CALDIV
00000001   CLK_CALMULT
00000001   CLK_ENABLEHTIME
00000001   CLK_HTIMEDIV
00000001   CLK_HTIMEMULT
00000001   CLK_LTIMEDIV
00000001   CLK_POWERENABLE
00000001   CLK_RESETTIMER
00000001   CLK_USETIMER
00000001   GBL$
00000001   GBL_ENABLEINST
00000001   GBL_L2CONFIGURE
00000001   GBL_L2MAR128_159
00000001   GBL_boot
00000001   HST$
00000001   HST_RTDX
00000001   HWI$
00000001   HWI_ENABLE_EXC
00000001   HWI_NMI
00000001   IDL$
00000001   IDL_USECLKIDLTIME
00000001   IDL_busyObj$filter
00000001   IDL_busyObj$iA
00000001   IDL_busyObj$iC
00000001   ISRC$
00000001   KNL_swi$dorta
00000001   KNL_swi$sts$filtmaxmult
00000001   KNL_swi$sts$filtsummult
00000001   LCK$
00000001   LOG$
00000001   LOG_ENABLED
00000001   MEM$
00000001   MEM_gNumHeap
00000001   PRD$
00000001   PRD0$ord
00000001   PRD_A_TABLEN
00000001   PRD_SCALAR
00000001   PRD_swi$dorta
00000001   PRD_swi$ord
00000001   PRD_swi$pri
00000001   PRD_swi$sts$filtmaxmult
00000001   PRD_swi$sts$filtsummult
00000001   PWRM$
00000001   PWRM_PWRM_NUMSLOTS
00000001   QUE$
00000001   RTA_fromHost$id
00000001   RTA_toHost$mode
00000001   RTDX$
00000001   RTDX_NORMALIZED_HDR
00000001   RTDX_USERTDX
00000001   STS$
00000001   SWI$
00000001   SYS$
00000001   TSK$
00000001   TSK_PRIORITY
00000001   TSK_idle$sts$filtmaxmult
00000001   TSK_idle$sts$filtsummult
00000001   _CLK_USETIMER
00000001   _HWI_NMI
00000001   trace$datatype
00000002   HWI_RESERVED0
00000002   IDL_busyObj$unittype
00000002   KNL_swi$ord
00000002   KNL_swi$sts$filter
00000002   LOG_A_TABLEN
00000002   PIP_A_TABLEN
00000002   PIP_gNumEmbed
00000002   PRD0$sts$unittype
00000002   PRD_swi$sts$filter
00000002   PWRM_PWRM_INITSPCPU
00000002   SWI_A_TABLEN
00000002   TSK_idle$sts$filter
00000002   _HWI_RESERVED0
00000002   _LOG_A_TABLEN
00000002   _RTDX_JTAGONLY
00000003   HWI_RESERVED1
00000003   _HWI_RESERVED1
00000004   CLK_COUNTSPMSHIGH
00000004   EVENT4
00000004   HWI_INT4
00000004   RTA_fromHost$framesize
00000004   _EVENT4
00000004   _HWI_INT4
00000005   CLK_TIMMODE
00000005   EVENT5
00000005   HWI_INT5
00000005   _EVENT5
00000005   _HWI_INT5
00000006   EVENT6
00000006   HWI_INT6
00000006   IDL_CALIBRERROR
00000006   _EVENT6
00000006   _HWI_INT6
00000007   EVENT7
00000007   GBL_L1DMODE
00000007   GBL_L1PMODE
00000007   HWI_INT7
00000007   _EVENT7
00000007   _HWI_INT7
00000008   EVENT8
00000008   HWI_INT8
00000008   _EVENT8
00000008   _HWI_INT8
00000009   EVENT9
00000009   HWI_INT9
00000009   _EVENT9
00000009   _HWI_INT9
0000000a   EVENT10
0000000a   HWI_INT10
0000000a   PWRM_PWRM_CLKTICKSPERSLOT
0000000a   _EVENT10
0000000a   _HWI_INT10
0000000b   EVENT11
0000000b   HWI_INT11
0000000b   _EVENT11
0000000b   _HWI_INT11
0000000c   EVENT12
0000000c   HWI_INT12
0000000c   _EVENT12
0000000c   _HWI_INT12
0000000d   EVENT13
0000000d   HWI_INT13
0000000d   _EVENT13
0000000d   _HWI_INT13
0000000e   EVENT14
0000000e   HWI_INT14
0000000e   _EVENT14
0000000e   _HWI_INT14
0000000f   EVENT15
0000000f   HWI_INT15
0000000f   _EVENT15
0000000f   _HWI_INT15
00000010   EVENT16
00000010   _EVENT16
00000011   EVENT17
00000011   _EVENT17
00000012   EVENT18
00000012   _EVENT18
00000013   EVENT19
00000013   _EVENT19
00000014   EVENT20
00000014   _EVENT20
00000015   EVENT21
00000015   _EVENT21
00000016   EVENT22
00000016   _EVENT22
00000017   EVENT23
00000017   _EVENT23
00000018   EVENT24
00000018   _EVENT24
00000019   EVENT25
00000019   _EVENT25
0000001a   EVENT26
0000001a   _EVENT26
0000001b   EVENT27
0000001b   _EVENT27
0000001c   EVENT28
0000001c   _EVENT28
0000001d   EVENT29
0000001d   _EVENT29
0000001e   EVENT30
0000001e   _EVENT30
0000001f   EVENT31
0000001f   _EVENT31
00000020   CLK_TCR
00000020   EVENT32
00000020   _EVENT32
00000021   EVENT33
00000021   _EVENT33
00000022   EVENT34
00000022   _EVENT34
00000023   EVENT35
00000023   _EVENT35
00000024   EVENT36
00000024   _EVENT36
00000025   EVENT37
00000025   _EVENT37
00000026   EVENT38
00000026   _EVENT38
00000027   EVENT39
00000027   _EVENT39
00000028   EVENT40
00000028   _EVENT40
00000029   EVENT41
00000029   _EVENT41
0000002a   EVENT42
0000002a   _EVENT42
0000002b   EVENT43
0000002b   _EVENT43
0000002c   EVENT44
0000002c   _EVENT44
0000002d   EVENT45
0000002d   _EVENT45
0000002e   EVENT46
0000002e   _EVENT46
0000002f   EVENT47
0000002f   _EVENT47
00000030   EVENT48
00000030   PWRM_PWRM_CAPSMASK
00000030   _EVENT48
00000031   EVENT49
00000031   _EVENT49
00000032   EVENT50
00000032   _EVENT50
00000033   EVENT51
00000033   _EVENT51
00000034   EVENT52
00000034   _EVENT52
00000035   EVENT53
00000035   _EVENT53
00000036   EVENT54
00000036   _EVENT54
00000037   EVENT55
00000037   _EVENT55
00000038   EVENT56
00000038   _EVENT56
00000039   EVENT57
00000039   _EVENT57
0000003a   EVENT58
0000003a   _EVENT58
0000003b   EVENT59
0000003b   _EVENT59
0000003c   EVENT60
0000003c   _EVENT60
0000003d   EVENT61
0000003d   _EVENT61
0000003e   EVENT62
0000003e   GBL_DSPTYPE
0000003e   _EVENT62
0000003f   EVENT63
0000003f   _EVENT63
00000040   EVENT64
00000040   HST_MAXFRAMESET
00000040   RTA_toHost$framesize
00000040   _EVENT64
00000041   EVENT65
00000041   _EVENT65
00000042   EVENT66
00000042   GBL_FOOTPRINT
00000042   _EVENT66
00000043   EVENT67
00000043   _EVENT67
00000044   EVENT68
00000044   _EVENT68
00000045   EVENT69
00000045   _EVENT69
00000046   EVENT70
00000046   _EVENT70
00000047   EVENT71
00000047   _EVENT71
00000048   EVENT72
00000048   _EVENT72
00000049   EVENT73
00000049   _EVENT73
0000004a   EVENT74
0000004a   _EVENT74
0000004b   EVENT75
0000004b   _EVENT75
0000004c   EVENT76
0000004c   _EVENT76
0000004d   EVENT77
0000004d   _EVENT77
0000004e   EVENT78
0000004e   _EVENT78
0000004f   EVENT79
0000004f   _EVENT79
00000050   EVENT80
00000050   _EVENT80
00000051   EVENT81
00000051   _EVENT81
00000052   EVENT82
00000052   _EVENT82
00000053   EVENT83
00000053   _EVENT83
00000054   EVENT84
00000054   _EVENT84
00000055   EVENT85
00000055   _EVENT85
00000056   EVENT86
00000056   _EVENT86
00000057   EVENT87
00000057   _EVENT87
00000058   EVENT88
00000058   _EVENT88
00000059   EVENT89
00000059   _EVENT89
0000005a   EVENT90
0000005a   _EVENT90
0000005b   EVENT91
0000005b   _EVENT91
0000005c   EVENT92
0000005c   _EVENT92
0000005d   EVENT93
0000005d   _EVENT93
0000005e   EVENT94
0000005e   _EVENT94
0000005f   EVENT95
0000005f   _EVENT95
00000060   EVENT96
00000060   _EVENT96
00000061   EVENT97
00000061   _EVENT97
00000062   EVENT98
00000062   _EVENT98
00000063   EVENT99
00000063   _EVENT99
00000064   EVENT100
00000064   PIP_OBJSIZE
00000064   _EVENT100
00000065   EVENT101
00000065   _EVENT101
00000066   EVENT102
00000066   _EVENT102
00000067   EVENT103
00000067   _EVENT103
00000068   EVENT104
00000068   _EVENT104
00000069   EVENT105
00000069   _EVENT105
0000006a   EVENT106
0000006a   _EVENT106
0000006b   EVENT107
0000006b   _EVENT107
0000006c   EVENT108
0000006c   _EVENT108
0000006d   EVENT109
0000006d   _EVENT109
0000006e   EVENT110
0000006e   _EVENT110
0000006f   EVENT111
0000006f   _EVENT111
00000070   EVENT112
00000070   _EVENT112
00000071   EVENT113
00000071   _EVENT113
00000072   EVENT114
00000072   _EVENT114
00000073   EVENT115
00000073   _EVENT115
00000074   EVENT116
00000074   _EVENT116
00000075   EVENT117
00000075   _EVENT117
00000076   EVENT118
00000076   _EVENT118
00000077   EVENT119
00000077   _EVENT119
00000078   EVENT120
00000078   _EVENT120
00000079   EVENT121
00000079   _EVENT121
0000007a   EVENT122
0000007a   _EVENT122
0000007b   EVENT123
0000007b   _EVENT123
0000007c   EVENT124
0000007c   _EVENT124
0000007d   EVENT125
0000007d   _EVENT125
0000007e   EVENT126
0000007e   _EVENT126
0000007f   EVENT127
0000007f   _EVENT127
000000ff   HST_MAXFRAMEALLOWED
000001f4   PRD0$period
00000200   LOG_system$size
000003e8   CLK_MICROSECS
00000400   HST_DSMMEMSIZE
00000400   TSK_STACKSIZE
00000400   __STACK_SIZE
00000400   trace$size
00000408   RTDX_BUFMEMSIZE
00001a5b   GBL_CLKTYPE
00001a5c   GBL_DSPSUBTYPE
00002000   IRAM$L
00002000   _IRAM_length
00004000   CLK_INTBIT
00004e20   GBL_CLKIN
00005205   GBL_A_VERSION
00005828   HWI_CFGDISPATCHED
00005828   _HWI_CFGDISPATCHED
00005dc0   CLK_INPUTCLK
00005dc0   CLK_PRD
00005dc0   _CLK_PRD
0000dbef   GBL_TRCMASKVALUE
000493e0   CLK_COUNTSPMS
000493e0   CLK_HTIMEPERLTIME
000493e0   CLK_LTIMEMULT
000493e0   GBL_FREQ
000493e0   _CLK_COUNTSPMS
01c20000   CLK_REGS
01c20000   _CLK_REGS
07063d04   HWI_INTRMUX1
0b0a0908   HWI_INTRMUX2
11800000   .data
11800000   .text
11800000   _EVMC6748_init
11800000   ___data__
11800000   ___edata__
11800000   ___text__
11800000   edata
1180002c   _EVMC6748_initRAM
118001e8   _EVMC6748_enableDsp
11800214   _EVMC6748_pinmuxConfig
118002b0   _EVMC6748_lpscTransition
11800688   _config_pll0
118008c4   _config_pll1
11800aa8   _UTIL_printMem
11800c00   _UTIL_isUIBoardAttached
11800c20   __divd
11801740   _main
118017a8   _dipPRD
118018b4   _audioHWI
11801ca0   _read_audio_sample
11801cb0   _write_audio_sample
11801cc4   _initAll
11801d2c   _McASP_Init
11801e54   _McASP_Start
11801fc4   _AIC3106_Init
11802078   _AIC3106_readRegister
118020e4   _AIC3106_writeRegister
11802118   _USTIMER_delay
118021a4   _SetGpio
11802700   _I2CGPIO_init
118027d4   _I2CGPIO_getInput
118028f0   _I2CGPIO_getInputAll
11802a00   _I2CGPIO_setOutput
11802b48   _I2CGPIO_setOutputAll
11802be0   __printfi
11803020   _fputs
118033c0   _GPIO_setDir
11803438   _GPIO_getInput
118034ac   _GPIO_setOutput
1180352c   _GPIO_toggleLoop
11803740   _I2C_init
1180382c   _I2C_read
11803988   _I2C_write
118045e0   __divf
11804860   __divull
11805180   _fputc
11805180   _putc
118055a0   _setvbuf
118057a0   _LED_init
118057ec   _LED_isOn
11805854   _LED_turnOn
118058a4   _LED_turnOff
118058ec   _LED_toggle
11805b40   __divul
11805ce0   _HOSTrename
11805e60   _DIP_init
11805e84   _DIP_get
11805ee8   _DIP_getAll
11806240   __closefile
11806480   _fseek
118065a0   _HOSTlseek
118066a0   __wrt_ok
118067a0   _call_dtors
118068a0   _HOSTopen
11806980   _HOSTread
11806a60   _atoi
11806b40   _close
11806c20   _memset
11806d00   _printf
11806de0   _HOSTunlink
11806ea0   _HOSTwrite
11807020   __c6xabi_divu
11807020   __divu
118070e0   __doflush
118071a0   _atexit
11807260   _ltoa
118073e0   _HOSTclose
11807480   __cleanup
11807520   __divli
11807700   __fixdli
118078e0   _lseek
11807980   _memcpy
11807a20   _write
11807ac0   __fltlid
11807b40   __llshl
11807bc0   _readmsg
11807c40   _unlink
11807cc0   __subcull
11807d20   _memccpy
11807d80   _writemsg
11807dd8   C$$IO$$
11807de0   ___add_dtor
11807e20   ___isinf
11807ea0   __frcmpyd_div
11807ee0   __llshru
11807f20   __remli
11807f60   __negll
11807f80   __nop
11807fe0   __register_lock
11808000   __register_unlock
11808020   _remove
11808040   LNK_F_checkBufferCall
11808040   ___etext__
11808040   etext
11808060   LNK_F_getChanPtr
118080b8   LNK_F_init
118080c0   LNK_F_dataPump
118080d0   LNK_rcloop
11808194   LNK_rdrtry
118081a4   LNK_rrloop
11808264   LNK_wrrtry
11808270   LNK_wrloop
11808340   LNK_newin
11808474   LNK_newout
118085c8   LNK_F_readCallBack
11808600   _EXC_nmi
11808634   _EXC_internal
118088e0   _EXC_init
11808920   _EXC_getLastStatus
11808940   _EXC_external
11808974   _EXC_exceptionHandler
11808b50   _EXC_clearLastStatus
11808b80   CLK_HOOKFXN
11808b80   HWI_F_dispatch
11808b80   _HWI_F_dispatch
11808b80   __HWI_lat1beg
11808d08   __HWI_lat1end
11808d08   __HWI_lat2beg
11808e70   __HWI_lat2end2
11808ea0   __HWI_lat3end2
11808ee4   __HWI_lat2end1
11808f00   __HWI_lat3beg
11809060   SWI_F_enable
11809060   __SWI_lat3beg
118090cc   __SWI_lat3end
118090d0   SWI_F_post
118090d0   _SWI_post
118091d8   __SWI_lat1beg
11809244   SWI_EXECFXN
11809244   SWI_F_exec
1180926c   SWI_F_iexec
11809284   __SWI_lat1end
11809288   __SWI_lat2beg
118092e8   __SWI_lat2end
118092ec   SWI_F_run
118092ec   SWI_RUNFXN
11809520   PRD_F_swi
118097a4   PRD_F_tick
118098a0   _free
118098c4   _malloc
11809924   _realloc
11809a08   _memalign
11809acc   _calloc
11809b20   RTA_F_getlog
11809b58   RTA_F_getsts
11809b98   RTA_F_readblk
11809bb4   RTA_F_writeword
11809bc0   RTA_F_resetmem
11809bc0   __RTA_lat1beg
11809bf4   __RTA_lat1end
11809c00   RTA_F_dispatch
11809c4c   RTA_execute
11809da0   _KNL_run
11809fe0   _MEM_alloc
1180a3b4   PRD_THOOKFXN
1180a3b4   _KNL_tick
1180a3e0   _MEM_free
1180a5c0   _EXC_dispatch
1180a784   _EXC_setReturnPtr
1180a7a0   PIP_F_take
1180a818   PIP_F_give
1180a818   PIP_F_probe
1180a8e8   PIP_F_start
1180a980   _SEM_pendEnterKnl
1180ab60   __SEM_dopost
1180ad00   _TSK_setup
1180aea0   CLK_F_getltime
1180aeb0   CLK_F_isr
1180aff0   CLK_F_itime
1180aff0   _CLK_F_itime
1180aff0   _CLK_itime
1180b010   __CLK_lat1beg
1180b030   __CLK_lat1end
1180b040   _KNL_saveIsrFrame
1180b0ec   _KNL_switch
1180b198   KNL_glue
1180b1c0   __auto_init
1180b300   _TSK_exit
1180b440   _BCACHE_setSize
1180b484   _BCACHE_setMar
1180b4d4   _BCACHE_setCacheToSram
1180b504   _BCACHE_getSize
1180b554   _BCACHE_getMar
1180b5e8   _GBL_cacheInit64P
1180b6a0   _KNL_check
1180b6ec   __KNL_lat1beg
1180b768   _KNL_idle
1180b768   __KNL_lat1end
1180b790   _KNL_max
1180b864   _TSK_startup
1180b8e0   _SEM_post
1180b8e0   _SEM_postBinary
1180b9c0   _KNL_exit
1180ba00   _KNL_enter
1180ba80   _SEM_postEnterKnl
1180bb20   _SYS_exit
1180bbc0   _KNL_ipost
1180bc40   _KNL_post
1180bcc0   _LCK_post
1180bce0   _LCK_pend
1180bd40   LOG_F_event
1180bd40   _LOG_event
1180bd40   __LOG_lat1beg
1180bdc0   IDL_F_calibrate
1180be40   _SYS_error
1180bea0   FXN_F_nop
1180bea4   FXN_F_run
1180bea4   _FXN_F_run
1180bee0   FXN_F_zero
1180bee0   _FXN_F_zero
1180bf00   _HWI_disable
1180bf18   _HWI_enable
1180bf2c   _HWI_restore
1180bf60   IDL_F_busy
1180bf60   __IDL_lat1beg
1180bfa0   __IDL_lat1end
1180bfc0   _SEM_pend
1180c020   STS_F_delta
1180c020   _STS_delta
1180c04c   STS_F_add
1180c04c   _STS_add
1180c068   STS_F_reset
1180c068   _STS_reset
1180c080   _SYS_abort
1180c0e0   _CLK_measure
1180c140   IDL_CALIBRFXN
1180c140   IDL_F_stub
1180c180   RTA_F_andn
1180c198   RTA_F_or
1180c1c0   SYS_ABORTFXN
1180c1c0   _UTL_doAbort
1180c200   SYS_PUTCFXN
1180c200   _UTL_doPutc
1180c240   GBL_USERINITFXN
1180c240   GIO_CREATEFXN
1180c240   GIO_DELETEFXN
1180c240   GIO_PENDFXN
1180c240   GIO_POSTFXN
1180c240   PWRM_PWRM_SHAREDRESOURCEFXN
1180c240   PWRM_PWRM_SLOTHOOKFXN
1180c240   TSK_VCREATEFXN
1180c240   TSK_VDELETEFXN
1180c240   TSK_VEXITFXN
1180c240   _BCACHE_bootInit
1180c240   _FXN_F_nop
1180c260   _GBL_getVersion
1180c280   IDL_F_loop
1180c280   _IDL_loop
1180c2a0   _STS_set
1180c2c0   SYS_ERRORFXN
1180c2c0   _UTL_doError
1180c2e0   SYS_EXITFXN
1180c2e0   _UTL_halt
1180c300   CLK_F_gethtime
1180c300   CLK_TIMEFXN
1180c300   _CLK_gethtime
1180c320   IRAM$B
1180c320   _IRAM_base
1180e320   ___cinit__
1180e320   cinit
1180f780   TSK_idle
1180f780   _TSK_idle
1180f7d4   PRD0
1180f7d4   PRD_A_TABBEG
1180f7d4   _PRD0
1180f7f0   PRD0$aaa
1180f7f4   PRD_A_TABEND
1180f7f4   ___pinit__
1180f7f4   pinit
1180f800   LOG_system$buf
11810000   trace$buf
11811000   _HSRTDX_rec
118112a0   _RTDX_Buffer_WriteCB
11811760   _HSRTDX_xmt
11811a60   _RTDX_Mon_Queue
11811cc0   _RTDX_Poll
11811d60   _RTDX_Final_RT_Monitor
11811de0   _RTDX_Buffer_Initialize
11811e40   _RTDX_Init_RT_Monitor
11811ea0   _RTDX_Buffer_ReadCB
11811ee0   _RTDX_Buffer_Size
11811f20   _RTDX_memfill
11811f60   _RTDX_Buffer_Read
11811f80   _RTDX_Buffer_Write
11811fa0   _RTDX_Mask_IER
11811fc0   _b_fir
118120c0   _cab
11812138   _aLow
11812148   _bLow
11812158   _aMid
11812168   _bMid
11812178   _aPres
11812188   _bPres
11812198   _aHigh
118121a8   _bHigh
118121b8   _sine
11812240   _eqSignal
11812340   _fftSignal
11812440   _buffer
11812540   _wLow
11812550   _wMid
11812560   _wPres
11812570   _wHigh
1181257c   _low
118125ec   _mid
1181265c   _pres
118126cc   _high
1181273c   _CLK_inputClock
11812740   __ftable
11812920   __tmpnams
11812a60   __ft_end
11812a68   ___atexit_func_id__
11812d0c   _dtors
11812d10   _KNL_queues
11812db0   _KNL_dummy
11812de8   _TSK_ATTRS
11812e04   _TSK_config
11812e24   _TSK_timerSem
11812e48   _OBJ_table
11812e80   _OBJ_segtab
11812e9c   __TSK_mutex
11812ec4   __MEM_mutex
11812ef0   _SYS_exitStack
11812f28   _EXC_status
11812f64   __cleanup_ptr
11812f68   __dtors_ptr
11812f6c   ___TI_enable_exit_profile_output
11812f70   __lock
11812f74   __unlock
11812f80   BIOS_init
11812f80   _BIOS_init
11813104   BIOS$$CLKON
11813144   BIOS$$CLKOFF
118131b0   BIOS_start
118131b0   _BIOS_start
11813300   _c_int00
118133c0   _MEM_init
11813480   _TSK_init
118134e0   RTA_fromHost$buf
118134f0   IDL_A_TABBEG
118134f0   IDL_cpuLoad
118134f0   _IDL_cpuLoad
118134f4   LNK_dataPump
118134f4   _LNK_dataPump
118134f8   RTA_dispatcher
118134f8   _RTA_dispatcher
118134fc   IDL_END
11813580   _RTDX_Buffer
11813988   _RTDX_Buffer_Start
1181398c   _RTDX_Buffer_End
11813990   _rtdx_mon_state
118139d4   _rtdx_buffer_state
118139e0   _RTDX_writing
11813b90   __ctypes_
11813c98   _bitval_u32
11813e2d   PRD0$sts$maxfmt
11813e30   TSK_idle$stack
11813e36   PRD0$sts$sumfmt
11813e3f   PRD0$sts$avgfmt
11813e4a   PRD_swi$sts$maxfmt
11813e52   PRD_swi$sts$sumfmt
11813e5a   PRD_swi$sts$avgfmt
11813e64   KNL_swi$sts$maxfmt
11813e6c   KNL_swi$sts$sumfmt
11813e74   KNL_swi$sts$avgfmt
11813e7e   TSK_idle$sts$maxfmt
11813e86   TSK_idle$sts$sumfmt
11813e8e   TSK_idle$sts$avgfmt
11813e98   IDL_busyObj$maxfmt
11813e9b   IDL_busyObj$sumfmt
11813e9e   IDL_busyObj$avgfmt
118141c8   TSK_idle$stkptr
11814230   GBL_stackbeg
11814230   _HWI_STKTOP
11814230   __stack
11814628   _HWI_STKBOTTOM
1181462f   GBL_stackend
11814630   $bss
11814630   .bss
11814630   _HWI_dispatchTab
11814630   __STACK_END
11814630   ___bss__
11814730   IDL_D_tabbeg
11814734   IDL_D_calibrate
11814738   IDL_D_calbeg
1181473c   LOG_D_system
1181473c   _LOG_D_system
11814740   PIP_D_tabbeg
11814744   PIP_D_tablen
11814748   CLK_R_time
1181474c   CLK_D_timefxn
11814750   CLK_D_tabbeg
11814754   CLK_D_isrhook
11814758   CLK_D_idletime
1181475c   _CLK_htimeDiv
11814760   _CLK_htimeMult
11814764   _CLK_ltimeDiv
11814768   _CLK_ltimeMult
1181476c   _CLK_D_dirty
11814770   _CLK_D_prd
11814774   _CLK_D_tddr
11814778   _CLK_D_countspms
1181477c   PRD_D_tick
1181477c   _PRD_D_tick
11814780   PRD_D_cur
11814784   PRD_D_elapsed
11814788   PRD_D_prevtim
1181478c   PRD_D_scalar
11814790   PRD_D_swihandle
11814794   PRD_D_tabbeg
11814798   PRD_D_tablen
1181479c   PRD_D_thook
118147a0   RTA_D_fromHost
118147a4   RTA_D_toHost
118147a8   RTA_D_logval
118147b8   RTA_D_stsval
118147c4   HST_D_chanmask
118147c8   HST_D_tabbeg
118147cc   HST_D_tabend
118147d0   _GBL_procId
118147d4   _GBL_clkIn
118147d8   _GBL_freq
118147dc   _MEM_D_NUMSEGMENTS
118147e0   _MEM_D_memtab
118147e4   _MEM_D_freelist
118147e8   _MEM_D_lockaddr
118147ec   _MEM_D_unlockaddr
118147f0   _SYS
118147f4   __HOOK_knlId
118147f8   __HOOK_NUMHOOKS
118147fc   SWI_D_runaddr
118147fc   _SWI_D_runaddr
118147fc   _SWI_data
11814800   SWI_D_execaddr
11814800   _SWI_D_execaddr
11814804   SWI_D_curmask
11814804   _SWI_D_curmask
11814808   SWI_D_curset
11814808   _SWI_D_curset
1181480c   SWI_D_lock
1181480c   _SWI_D_lock
11814810   SWI_D_curmbox
11814814   SWI_D_curfxn
11814814   _SWI_D_curfxn
11814818   SWI_D_rdybeg
11814818   _SWI_D_rdybeg
1181481c   SWI_D_inswi
1181481c   _SWI_D_inswi
11814820   SWI_D_rdytab
11814898   _KNL_wFlag
1181489c   _KNL_wList
118148a0   _KNL_alarm
118148a4   _KNL_setpri
118148a8   _KNL_inactive
118148ac   _KNL_priority
118148b0   _KNL_set
118148b4   _KNL_curtask
118148b8   _KNL_prevtask
118148bc   _KNL_curtime
118148c0   _KNL_swiptr
118148c4   _KNL_curqueue
118148c8   _KNL_maxqueue
118148cc   _KNL_tswitchfxn
118148d0   _KNL_tcreatefxn
118148d4   _KNL_tdeletefxn
118148d8   _KNL_treadyfxn
118148dc   _KNL_idlefxn
118148e0   _MEM_memtab
118148ec   HST_DSMBUFSEG
118148ec   IRAM
118148ec   MEM_MALLOCSEG
118148ec   MEM_SEGZERO
118148ec   RTDX_DATAMEMSEG
118148ec   _IRAM
118148ec   _SEG0
118148f0   RTA_fromHost$pipe$dtab
118148fc   RTA_toHost$pipe$dtab
11814908   _EXC_sysTrapTable
11814910   _EXC_returnPtr
11814928   HWI_D_spsave
11814928   _HWI_D_spsave
11814928   _HWI_data
11814934   _HWI_D_inhwi
11814938   HWI_D_bss
1181493c   HWI_D_ccmask
11814940   LNK_dspFrameRequestMask
11814940   _LNK_dspFrameRequestMask
11814944   LNK_dspFrameReadyMask
11814944   _LNK_dspFrameReadyMask
11814948   LNK_readPend
11814948   _LNK_readPend
1181494c   LNK_readDone
1181494c   _LNK_readDone
11814950   LNK_readFail
11814950   _LNK_readFail
11814954   LNK_writeFail
11814954   _LNK_writeFail
11814958   _EXC_exceptionHook
1181495c   _EXC_internalHook
11814960   _EXC_externalHook
11814964   _EXC_nmiHook
11814970   _rtdxNullChanCnt
11814974   _rtdxNullFuncCnt
11814978   _rtdxXmtNotDoneCnt
1181497c   _rtdxRecNotDoneCnt
11814980   _rtdxXmtRestartCnt
11814984   _rtdxXmtErrorCnt
11814988   _TSK_nTasks
1181498c   _TSK_pid
11814990   _TSK
11814994   _mask
11814996   _eqBypass
11814997   _lowCut
11814998   _midCut
11814999   _presCut
1181499a   _highCut
1181499b   _dist
1181499c   _writeIndex
118149a0   _CLK_DFLTMICROSECS
118149a4   _CLK_D_microseconds
118149a8   _SYS_exitStackPtr
118149ac   _SYS_exitStackTop
118149b0   _CLK_htimePerLtime
118149b4   IDL_D_busyObj
118149b8   _MEM
118149c4   _SYS_PUTCBEG
118149c4   ___end__
118149c4   end
11814bc3   _SYS_PUTCEND
11814bc4   HST_A_TABBEG
11814bc4   _HST_A_TABBEG
11814bc8   RTA_fromHost
11814bc8   _RTA_fromHost
11814bd0   RTA_fromHost$rtdx
11814be4   RTA_toHost
11814be4   _RTA_toHost
11814bec   RTA_toHost$rtdx
11814c00   HST_A_TABEND
11814c00   HWI_A_VECS
11814c00   _HST_A_TABEND
11814c00   hwi0
11814c20   hwi1
11814c40   hwi2
11814c60   hwi3
11814c80   hwi4
11814ca0   hwi5
11814cc0   hwi6
11814ce0   hwi7
11814d00   hwi8
11814d20   hwi9
11814d40   hwi10
11814d60   hwi11
11814d80   hwi12
11814da0   hwi13
11814dc0   hwi14
11814de0   hwi15
11814e00   __CIOBUF_
11814f20   RTA_toHost$buf
11815020   PIP_A_TABBEG
11815020   RTA_fromHost$pipe
11815020   _PIP_A_TABBEG
11815024   RTA_fromHost$pipe$rd
11815050   RTA_fromHost$pipe$aaa
11815054   RTA_fromHost$pipe$wr
11815080   RTA_fromHost$pipe$bbb
11815084   RTA_toHost$pipe
11815088   RTA_toHost$pipe$rd
118150b4   RTA_toHost$pipe$aaa
118150b8   RTA_toHost$pipe$wr
118150e4   RTA_toHost$pipe$bbb
118150e8   PIP_A_TABEND
118150e8   PRD_SWIHANDLE
118150e8   PRD_swi
118150e8   SWI_A_TABBEG
118150e8   _PIP_A_TABEND
118150e8   _PRD_swi
11815114   KNL_swi
11815114   _KNL_swi
11815140   PRD0$sts$stsobj
11815140   STS_A_TABBEG
11815140   SWI_A_TABEND
11815140   _STS_A_TABBEG
11815144   PRD0$sts
11815150   PRD_swi$sts$stsobj
11815154   PRD_swi$sts
11815160   KNL_swi$sts$stsobj
11815164   KNL_swi$sts
11815170   TSK_idle$sts$stsobj
11815174   TSK_idle$sts
11815180   IDL_busyObj$stsobj
11815184   IDL_busyObj
11815184   _IDL_busyObj
11815190   STS_A_TABEND
11815190   _STS_A_TABEND
11815220   LOG_A_TABBEG
11815220   LOG_system
11815220   _LOG_A_TABBEG
11815220   _LOG_system
11815238   _trace
11815238   trace
11815250   IDL_A_CALBEG
11815250   IDL_cpuLoad$
11815250   LOG_A_TABEND
11815250   _LOG_A_TABEND
11815254   LNK_dataPump$
11815258   RTA_dispatcher$
1181525c   IDL_END$
11815260   SYS$config
11815270   TRC_cinit
11815274   TRC_R_mask
11815274   _TRC_R_mask
11815278   GBL_initdone
1181527c   CLK_A_TABBEG
1181527c   PRD_clock
1181527c   _PRD_clock
11815280   CLK_null
28040d0c   HWI_INTRMUX3
ffffffff   CACHE_L1D
ffffffff   CACHE_L1P
ffffffff   DDR
ffffffff   ECM_EVTMASK0
ffffffff   ECM_EVTMASK1
ffffffff   ECM_EVTMASK2
ffffffff   ECM_EVTMASK3
ffffffff   GBL_L2MAR192_223
ffffffff   L3_CBA_RAM
ffffffff   _CACHE_L1D
ffffffff   _CACHE_L1P
ffffffff   _DDR
ffffffff   _L3_CBA_RAM
ffffffff   ___TI_pprof_out_hndl
ffffffff   ___TI_prof_data_size
ffffffff   ___TI_prof_data_start
ffffffff   ___binit__
ffffffff   ___c_args__
ffffffff   binit

[1160 symbols]
