******************************************************************************
               TMS320C6x Linker PC v7.4.18                     
******************************************************************************
>> Linked Fri Jul 17 12:44:09 2020

OUTPUT FILE NAME:   <GuitarAmpGitVersion.out>
ENTRY POINT SYMBOL: "_c_int00"  address: 11814ba0


MEMORY CONFIGURATION

         name            origin    length      used     unused   attr    fill
----------------------  --------  ---------  --------  --------  ----  --------
  IRAM                  11800000   00040000  0001937d  00026c83  RWIX
  CACHE_L1P             11e00000   00008000  00000000  00008000  RWIX
  CACHE_L1D             11f00000   00008000  00000000  00008000  RWIX
  L3_CBA_RAM            80000000   00020000  00000000  00020000  RWIX
  DDR                   c3000000   01000000  00000000  01000000  RWIX


SECTION ALLOCATION MAP

 output                                  attributes/
section   page    origin      length       input sections
--------  ----  ----------  ----------   ----------------
.vers      0    00000000    0000003c     COPY SECTION
                  00000000    0000003c     hellocfg.obj (.vers)

.data      0    11800000    00000000     UNINITIALIZED

.text      0    11800000    00008380     
                  11800000    00000c20     evmc6748_bsl.lib : evmc6748.obj (.text)
                  11800c20    00000620     framework.obj (.text)
                  11801240    000005a0     rts6740.lib : divd.obj (.text:__divd)
                  118017e0    00000580                 : _printfi.obj (.text:__getarg_diouxp)
                  11801d60    00000520                 : _printfi.obj (.text:__setfield)
                  11802280    00000500     hello.obj (.text)
                  11802780    000004e0     evmc6748_bsl.lib : evmc6748_i2c_gpio.obj (.text)
                  11802c60    00000440     rts6740.lib : _printfi.obj (.text:__printfi)
                  118030a0    000003a0                 : fputs.obj (.text:_fputs)
                  11803440    00000380     evmc6748_bsl.lib : evmc6748_gpio.obj (.text)
                  118037c0    00000380                      : evmc6748_i2c.obj (.text)
                  11803b40    00000320     rts6740.lib : _printfi.obj (.text:__pproc_fge)
                  11803e60    000002c0                 : _printfi.obj (.text:__pproc_fwp)
                  11804120    000002a0                 : _printfi.obj (.text:_ecvt)
                  118043c0    000002a0                 : _printfi.obj (.text:_fcvt)
                  11804660    00000260                 : imath64.obj (.text:__divull)
                  118048c0    00000260                 : _printfi.obj (.text:__pconv_e)
                  11804b20    00000240                 : _printfi.obj (.text:__pproc_diouxp)
                  11804d60    00000220                 : _printfi.obj (.text:__pproc_str)
                  11804f80    00000220                 : fputc.obj (.text:_fputc)
                  118051a0    00000200                 : _printfi.obj (.text:__pconv_g)
                  118053a0    00000200                 : setvbuf.obj (.text:_setvbuf)
                  118055a0    00000200     rb.obj (.text)
                  118057a0    000001e0     evmc6748_bsl.lib : evmc6748_led.obj (.text)
                  11805980    000001c0     rts6740.lib : _printfi.obj (.text:__mcpy)
                  11805b40    000001a0                 : imath40.obj (.text:__divul)
                  11805ce0    00000180                 : trgdrv.obj (.text:_HOSTrename)
                  11805e60    00000160     evmc6748_bsl.lib : evmc6748_dip.obj (.text)
                  11805fc0    00000140     rts6740.lib : _printfi.obj (.text:__pproc_fflags)
                  11806100    00000140                 : lowlev.obj (.text:_getdevice)
                  11806240    00000120                 : fclose.obj (.text:__closefile)
                  11806360    00000120                 : _printfi.obj (.text:__ltostr)
                  11806480    00000120                 : fseek.obj (.text:_fseek)
                  118065a0    00000120     biquad.obj (.text)
                  118066c0    00000100     rts6740.lib : trgdrv.obj (.text:_HOSTlseek)
                  118067c0    00000100                 : _io_perm.obj (.text:__wrt_ok)
                  118068c0    00000100                 : sinit.obj (.text:_call_dtors)
                  118069c0    000000e0                 : trgdrv.obj (.text:_HOSTopen)
                  11806aa0    000000e0                 : trgdrv.obj (.text:_HOSTread)
                  11806b80    000000e0                 : divi.obj (.text:__divi)
                  11806c60    000000e0                 : atoi.obj (.text:_atoi)
                  11806d40    000000e0                 : lowlev.obj (.text:_close)
                  11806e20    000000e0                 : memset.obj (.text:_memset)
                  11806f00    000000e0                 : printf.obj (.text:_printf)
                  11806fe0    000000c0                 : trgdrv.obj (.text:_HOSTunlink)
                  118070a0    000000c0                 : trgdrv.obj (.text:_HOSTwrite)
                  11807160    000000c0                 : _printfi.obj (.text:__div)
                  11807220    000000c0                 : divu.obj (.text:__divu)
                  118072e0    000000c0                 : fflush.obj (.text:__doflush)
                  118073a0    000000c0                 : atexit.obj (.text:_atexit)
                  11807460    000000c0                 : ltoa.obj (.text:_ltoa)
                  11807520    000000c0     bios.a674 : tsk_stup.o674 (.text)
                  118075e0    000000a0     rts6740.lib : trgdrv.obj (.text:_HOSTclose)
                  11807680    000000a0                 : fopen.obj (.text:__cleanup)
                  11807720    000000a0                 : imath40.obj (.text:__divli)
                  118077c0    000000a0                 : _printfi.obj (.text:__ecpy)
                  11807860    000000a0                 : _printfi.obj (.text:__fcpy)
                  11807900    000000a0                 : fixdli.obj (.text:__fixdli)
                  118079a0    000000a0                 : round.obj (.text:__nround)
                  11807a40    000000a0                 : _printfi.obj (.text:__pconv_f)
                  11807ae0    000000a0                 : lowlev.obj (.text:_finddevice)
                  11807b80    000000a0                 : lowlev.obj (.text:_lseek)
                  11807c20    000000a0                 : memcpy64.obj (.text:_memcpy)
                  11807cc0    000000a0                 : modf.obj (.text:_modf)
                  11807d60    000000a0                 : lowlev.obj (.text:_write)
                  11807e00    00000080                 : fltlid.obj (.text:__fltlid)
                  11807e80    00000080                 : llshift.obj (.text:__llshl)
                  11807f00    00000080                 : trgmsg.obj (.text:_readmsg)
                  11807f80    00000080                 : lowlev.obj (.text:_unlink)
                  11808000    00000060                 : imath64.obj (.text:__subcull)
                  11808060    00000060                 : memccpy.obj (.text:_memccpy)
                  118080c0    00000060                 : trgmsg.obj (.text:_writemsg)
                  11808120    00000040                 : sinit.obj (.text:___add_dtor)
                  11808160    00000040                 : isinf.obj (.text:___isinf)
                  118081a0    00000040                 : _printfi.obj (.text:___isnan)
                  118081e0    00000040                 : frcmpyd_div.obj (.text:__frcmpyd_div)
                  11808220    00000040                 : llshift.obj (.text:__llshru)
                  11808260    00000040                 : imath40.obj (.text:__remli)
                  118082a0    00000020                 : negll.obj (.text:__negll)
                  118082c0    00000020                 : _lock.obj (.text:__nop)
                  118082e0    00000020                 : printf.obj (.text:__outc)
                  11808300    00000020                 : printf.obj (.text:__outs)
                  11808320    00000020                 : _lock.obj (.text:__register_lock)
                  11808340    00000020                 : _lock.obj (.text:__register_unlock)
                  11808360    00000020                 : remove.obj (.text:_remove)

.bios      0    11808380    000042e0     
                  11808380    000005c0     lnkrtdx.a674 : rtdx.o674 (.bios)
                  11808940    00000580     bios.a674 : exc.o674 (.bios)
                  11808ec0    000004e0               : hwi_disp_asm.o674 (.bios)
                  118093a0    000004c0               : swi.o674 (.bios)
                  11809860    00000380               : prd.o674 (.bios)
                  11809be0    00000280               : malloc.o674 (.bios)
                  11809e60    00000280               : rta.o674 (.bios)
                  1180a0e0    00000240               : knl_run.o674 (.bios)
                  1180a320    00000200               : mem_allo.o674 (.bios:.near)
                  1180a520    00000200               : knl_tick.o674 (.bios)
                  1180a720    000001e0               : mem_free.o674 (.bios:.near)
                  1180a900    000001e0               : exc_asm.o674 (.bios)
                  1180aae0    000001e0               : pip.o674 (.bios)
                  1180acc0    000001e0               : sem_pend.o674 (.bios)
                  1180aea0    000001a0               : sem_dopo.o674 (.bios)
                  1180b040    000001a0               : tsk_setu.o674 (.bios)
                  1180b1e0    000001a0     bios6748.a674 : clk.o674 (.bios)
                  1180b380    00000180     bios.a674 : knl_swit.o674 (.bios)
                  1180b500    00000140               : autoinit.o674 (.bios)
                  1180b640    00000140               : tsk_exit.o674 (.bios)
                  1180b780    00000140     bios6748.a674 : bcache_init.o674 (.bios)
                  1180b8c0    00000120     bios.a674 : gbl_cacheinit64P.o674 (.bios)
                  1180b9e0    00000120               : knl_chec.o674 (.bios)
                  1180bb00    00000120               : tsk_stup.o674 (.bios)
                  1180bc20    000000e0               : sem_post_asm.o674 (.bios)
                  1180bd00    000000c0               : knl_exit.o674 (.bios)
                  1180bdc0    000000a0               : sem_post.o674 (.bios)
                  1180be60    000000a0               : sys_exit.o674 (.bios)
                  1180bf00    00000080               : knl_ipos.o674 (.bios)
                  1180bf80    00000080               : knl_post.o674 (.bios)
                  1180c000    00000080               : lck.o674 (.bios)
                  1180c080    00000080               : log.o674 (.bios)
                  1180c100    00000080     bios6748.a674 : idl_cal.o674 (.bios)
                  1180c180    00000060     bios.a674 : sys_erro.o674 (.bios:.near)
                  1180c1e0    00000060               : fxn.o674 (.bios)
                  1180c240    00000060               : hwi_c.o674 (.bios)
                  1180c2a0    00000060               : idl_busy.o674 (.bios)
                  1180c300    00000060               : sem_pend_counting.o674 (.bios)
                  1180c360    00000060               : sts.o674 (.bios)
                  1180c3c0    00000060               : sys_abor.o674 (.bios)
                  1180c420    00000060     bios6748.a674 : clk_meas.o674 (.bios)
                  1180c480    00000040     bios.a674 : idl_stub.o674 (.bios)
                  1180c4c0    00000040               : rta_andn.o674 (.bios)
                  1180c500    00000040               : utl_doab.o674 (.bios)
                  1180c540    00000040               : utl_putc.o674 (.bios)
                  1180c580    00000020               : fxn_c.o674 (.bios)
                  1180c5a0    00000020               : gbl_vers.o674 (.bios)
                  1180c5c0    00000020               : idl.o674 (.bios)
                  1180c5e0    00000020               : sts_set.o674 (.bios)
                  1180c600    00000020               : utl_doer.o674 (.bios)
                  1180c620    00000020               : utl_halt.o674 (.bios)
                  1180c640    00000020     bios6748.a674 : clk_gethtime.o674 (.bios)

.cinit     0    1180c660    0000330c     
                  1180c660    0000226c     hello.obj (.cinit)
                  1180e8cc    00000004     --HOLE-- [fill = 0]
                  1180e8d0    000006c4     hellocfg.obj (.cinit)
                  1180ef94    00000004     --HOLE-- [fill = 0]
                  1180ef98    0000026c     bios.a674 : biosdata.o674 (.cinit)
                  1180f204    00000004     --HOLE-- [fill = 0]
                  1180f208    000001a4               : knl.o674 (.cinit)
                  1180f3ac    00000004     --HOLE-- [fill = 0]
                  1180f3b0    000000b0               : swi.o674 (.cinit)
                  1180f460    00000080               : tsk.o674 (.cinit)
                  1180f4e0    00000068     rtdx64xplus.lib : rtdx_mon.o64P (.cinit)
                  1180f548    00000060     bios.a674 : tsk_stup.o674 (.cinit)
                  1180f5a8    0000005c     lnkrtdx.a674 : rtdx.o674 (.cinit)
                  1180f604    00000004     --HOLE-- [fill = 0]
                  1180f608    0000005c     rts6740.lib : defs.obj (.cinit)
                  1180f664    00000004     --HOLE-- [fill = 0]
                  1180f668    0000005c                 : lowlev.obj (.cinit)
                  1180f6c4    00000004     --HOLE-- [fill = 0]
                  1180f6c8    0000004c     bios.a674 : rta.o674 (.cinit)
                  1180f714    00000004     --HOLE-- [fill = 0]
                  1180f718    0000004c     rtdx64xplus.lib : buffer1.o64P (.cinit)
                  1180f764    00000004     --HOLE-- [fill = 0]
                  1180f768    0000003c     bios.a674 : exc.o674 (.cinit)
                  1180f7a4    00000004     --HOLE-- [fill = 0]
                  1180f7a8    00000034               : hwi.o674 (.cinit)
                  1180f7dc    00000004     --HOLE-- [fill = 0]
                  1180f7e0    0000002c               : utl_putc.o674 (.cinit)
                  1180f80c    00000004     --HOLE-- [fill = 0]
                  1180f810    0000002c     rts6740.lib : exit.obj (.cinit)
                  1180f83c    00000004     --HOLE-- [fill = 0]
                  1180f840    00000024     bios.a674 : obj_init.o674 (.cinit)
                  1180f864    00000004     --HOLE-- [fill = 0]
                  1180f868    00000024     block_sine.obj (.cinit)
                  1180f88c    00000004     --HOLE-- [fill = 0]
                  1180f890    0000001c     bios.a674 : exc_asm.o674 (.cinit)
                  1180f8ac    00000004     --HOLE-- [fill = 0]
                  1180f8b0    0000001c               : sys.o674 (.cinit)
                  1180f8cc    00000004     --HOLE-- [fill = 0]
                  1180f8d0    0000001c     rts6740.lib : _lock.obj (.cinit)
                  1180f8ec    00000004     --HOLE-- [fill = 0]
                  1180f8f0    0000001c                 : atexit.obj (.cinit)
                  1180f90c    00000004     --HOLE-- [fill = 0]
                  1180f910    00000018     bios.a674 : knl_tick.o674 (.cinit)
                  1180f928    0000000c               : idl_busy.o674 (.cinit)
                  1180f934    00000004     --HOLE-- [fill = 0]
                  1180f938    0000000c               : knl_swit.o674 (.cinit)
                  1180f944    00000004     --HOLE-- [fill = 0]
                  1180f948    0000000c     rts6740.lib : fopen.obj (.cinit)
                  1180f954    00000004     --HOLE-- [fill = 0]
                  1180f958    0000000c                 : sinit.obj (.cinit)
                  1180f964    00000004     --HOLE-- [fill = 0]
                  1180f968    00000004     (.pad.cinit) [fill = 0]

.args      0    1180f96c    00000004     
                  1180f96c    00000004     --HOLE-- [fill = 0]

.far       0    1180f970    00002ea8     UNINITIALIZED
                  1180f970    00002668     hello.obj (.far)
                  11811fd8    00000324     rts6740.lib : defs.obj (.far)
                  118122fc    00000004     bios6748.a674 : clk_data.o674 (.far)
                  11812300    00000188     rts6740.lib : atexit.obj (.far)
                  11812488    0000011c                 : lowlev.obj (.far)
                  118125a4    00000004                 : fopen.obj (.far)
                  118125a8    000000d8     bios.a674 : knl.o674 (.far)
                  11812680    0000005c               : tsk.o674 (.far)
                  118126dc    00000004     rts6740.lib : sinit.obj (.far)
                  118126e0    00000054     bios.a674 : obj_init.o674 (.far)
                  11812734    00000050               : tsk_stup.o674 (.far)
                  11812784    00000004     --HOLE--
                  11812788    00000020               : sys.o674 (.far)
                  118127a8    00000018     rtdx64xplus.lib : rtdx_mon.o64P (.far)
                  118127c0    00000010     bios.a674 : exc.o674 (.far)
                  118127d0    00000010               : knl_tick.o674 (.far)
                  118127e0    0000000c               : utl_putc.o674 (.far)
                  118127ec    00000004     --HOLE--
                  118127f0    0000000c     block_sine.obj (.far)
                  118127fc    0000000c     rts6740.lib : exit.obj (.far)
                  11812808    00000008                 : _lock.obj (.far)
                  11812810    00000008                 : trgdrv.obj (.far)

.IRAM$heap 
*          0    11812818    00002000     UNINITIALIZED
                  11812818    00002000     --HOLE--

.clk       0    11814818    00000008     UNINITIALIZED
                  11814818    00000008     hellocfg.obj (.clk)

.sysinit   0    11814820    00000560     
                  11814820    00000380     hellocfg.obj (.sysinit)
                  11814ba0    000000c0     bios.a674 : boot.o674 (.sysinit)
                  11814c60    000000c0               : mem_init.o674 (.sysinit)
                  11814d20    00000060               : tsk_init.o674 (.sysinit)

.trace     0    11814d80    00000200     
                  11814d80    00000200     --HOLE-- [fill = 00000000]

.tsk       0    11814f80    00000060     UNINITIALIZED
                  11814f80    00000060     hellocfg.obj (.tsk)

.prd       0    11814fe0    00000020     UNINITIALIZED
                  11814fe0    00000020     hellocfg.obj (.prd)

.trace$buf 
*          0    11815000    00001000     UNINITIALIZED
                  11815000    00001000     hellocfg.obj (.trace$buf)

.rtdx_text 
*          0    11816000    00000fc0     
                  11816000    000002a0     rtdx64xplus.lib : rtdx_mon.o64P (.rtdx_text:_HSRTDX_rec)
                  118162a0    00000260                     : buffer1.o64P (.rtdx_text:_RTDX_Buffer_WriteCB)
                  11816500    00000260                     : buffer1.o64P (.rtdx_text:_RTDX_write_next)
                  11816760    000001a0                     : rtdx_mon.o64P (.rtdx_text:_HSRTDX_xmt)
                  11816900    00000160                     : rtdx_mon.o64P (.rtdx_text:_RTDX_Send_To_Host)
                  11816a60    000000e0                     : rtdx_mon.o64P (.rtdx_text:_RTDX_Mon_Queue)
                  11816b40    000000e0                     : buffer1.o64P (.rtdx_text:_claim)
                  11816c20    000000a0                     : rtdx_mon.o64P (.rtdx_text:_RTDX_GetH2THeader)
                  11816cc0    000000a0                     : rtdx_mon.o64P (.rtdx_text:_RTDX_Poll)
                  11816d60    00000080                     : rtdx_mon.o64P (.rtdx_text:_RTDX_Final_RT_Monitor)
                  11816de0    00000060                     : buffer1.o64P (.rtdx_text:_RTDX_Buffer_Initialize)
                  11816e40    00000060                     : rtdx_mon.o64P (.rtdx_text:_RTDX_Init_RT_Monitor)
                  11816ea0    00000040                     : buffer2.o64P (.rtdx_text:_RTDX_Buffer_ReadCB)
                  11816ee0    00000040                     : buffer1.o64P (.rtdx_text:_RTDX_Buffer_Size)
                  11816f20    00000040                     : memfill.o64P (.rtdx_text:_RTDX_memfill)
                  11816f60    00000020                     : buffer2.o64P (.rtdx_text:_RTDX_Buffer_Read)
                  11816f80    00000020                     : buffer1.o64P (.rtdx_text:_RTDX_Buffer_Write)
                  11816fa0    00000020                     : intr_tgt.o64P (.rtdx_text)

.hst       0    11816fc0    0000003c     UNINITIALIZED
                  11816fc0    0000003c     hellocfg.obj (.hst)

.mem       0    11816ffc    00000004     UNINITIALIZED
                  11816ffc    00000004     hellocfg.obj (.mem)

.LOG_system$buf 
*          0    11817000    00000800     UNINITIALIZED
                  11817000    00000800     hellocfg.obj (.LOG_system$buf)

.rtdx_data 
*          0    11817800    000004f4     UNINITIALIZED
                  11817800    00000080     --HOLE--
                  11817880    00000410     hellocfg.obj (.rtdx_data)
                  11817c90    00000044     rtdx64xplus.lib : rtdx_mon.o64P (.rtdx_data)
                  11817cd4    00000020                     : buffer1.o64P (.rtdx_data)

.const     0    11817cf8    00000435     
                  11817cf8    00000193     bios.a674 : exc.o674 (.const:.string)
                  11817e8b    00000004               : mem_allo.o674 (.const:.string)
                  11817e8f    00000001     --HOLE-- [fill = 0]
                  11817e90    00000101     rts6740.lib : ctype.obj (.const:.string:__ctypes_)
                  11817f91    00000004     bios.a674 : mem_free.o674 (.const:.string)
                  11817f95    00000002     rts6740.lib : fputs.obj (.const:.string)
                  11817f97    00000001     --HOLE-- [fill = 0]
                  11817f98    00000080     evmc6748_bsl.lib : evmc6748.obj (.const:_bitval_u32)
                  11818018    0000004e     bios.a674 : tsk_stup.o674 (.const:.string)
                  11818066    00000002     --HOLE-- [fill = 0]
                  11818068    00000040     evmc6748_bsl.lib : evmc6748.obj (.const:.string)
                  118180a8    00000023     bios.a674 : utl_doab.o674 (.const:.string)
                  118180cb    00000023     rts6740.lib : _printfi.obj (.const:.string)
                  118180ee    00000022     bios.a674 : utl_doer.o674 (.const:.string)
                  11818110    0000001c     rb.obj (.const:.string)
                  1181812c    00000001     bios.a674 : tsk.o674 (.const:.string)

.printf    0    1181812d    00000076     COPY SECTION
                  1181812d    00000076     hellocfg.obj (.printf)

.TSK_idle$stk 
*          0    11818130    00000400     UNINITIALIZED
                  11818130    00000400     hellocfg.obj (.TSK_idle$stk)

.stack     0    11818530    00000400     UNINITIALIZED
                  11818530    00000400     --HOLE--

.bss       0    11818930    000003ac     UNINITIALIZED
                  11818930    00000100     bios.a674 : hwi_disp_asm.o674 (.bss)
                  11818a30    000000cc               : biosdata.o674 (.bss)
                  11818afc    0000009c               : swi.o674 (.bss)
                  11818b98    00000048               : knl.o674 (.bss)
                  11818be0    00000028     hellocfg.obj (.bss)
                  11818c08    00000024     hello.obj (.bss)
                  11818c2c    00000004     bios.a674 : clk_data2.o674 (.bss)
                  11818c30    00000020               : exc_asm.o674 (.bss)
                  11818c50    00000018               : hwi.o674 (.bss)
                  11818c68    00000018     lnkrtdx.a674 : rtdx.o674 (.bss)
                  11818c80    00000010     bios.a674 : exc.o674 (.bss)
                  11818c90    00000010     rtdx64xplus.lib : buffer1.o64P (.bss)
                  11818ca0    00000010                     : rtdx_mon.o64P (.bss)
                  11818cb0    0000000c     bios.a674 : tsk.o674 (.bss)
                  11818cbc    00000008               : clk_data.o674 (.bss)
                  11818cc4    00000008               : sys.o674 (.bss)
                  11818ccc    00000004               : idl_busy.o674 (.bss)
                  11818cd0    00000004               : mem_asm.o674 (.bss)
                  11818cd4    00000004     block_sine.obj (.bss)
                  11818cd8    00000004     evmc6748_bsl.lib : evmc6748_i2c.obj (.bss)

.cio       0    11818ce0    00000120     UNINITIALIZED
                  11818ce0    00000120     rts6740.lib : trgmsg.obj (.cio)

.hst0      0    11818e00    00000100     UNINITIALIZED
                  11818e00    00000100     hellocfg.obj (.hst0)

.pip       0    11818f00    000000c8     UNINITIALIZED
                  11818f00    000000c8     hellocfg.obj (.pip)

.log       0    11818fc8    00000030     
                  11818fc8    00000030     hellocfg.obj (.log)

.hwi_vec   0    11819000    00000200     
                  11819000    00000200     hellocfg.obj (.hwi_vec)

.swi       0    11819200    00000058     UNINITIALIZED
                  11819200    00000058     hellocfg.obj (.swi)

.sts       0    11819258    00000050     
                  11819258    00000050     hellocfg.obj (.sts)

.gblinit   0    118192a8    0000004c     
                  118192a8    0000004c     hellocfg.obj (.gblinit)

.switch    0    118192f4    00000044     
                  118192f4    00000024     evmc6748_bsl.lib : evmc6748_gpio.obj (.switch:_getRegisterBankAndBit)
                  11819318    00000020                      : evmc6748_dip.obj (.switch:_convertDipToI2CGpio)

.hst1      0    11819338    00000010     UNINITIALIZED
                  11819338    00000010     hellocfg.obj (.hst1)

.idl       0    11819348    00000010     UNINITIALIZED
                  11819348    00000010     hellocfg.obj (.idl)

.idlcal    0    11819358    00000010     UNINITIALIZED
                  11819358    00000010     hellocfg.obj (.idlcal)

.sys       0    11819368    00000010     UNINITIALIZED
                  11819368    00000010     hellocfg.obj (.sys)

.pinit     0    11819378    0000000c     
                  11819378    00000004     rtdx64xplus.lib : buffer1.o64P (.pinit)
                  1181937c    00000004                     : rtdx_mon.o64P (.pinit)
                  11819380    00000004     --HOLE-- [fill = 0]

.trcdata   0    11819384    0000000c     
                  11819384    0000000c     bios.a674 : trc.o674 (.trcdata)


GLOBAL SYMBOLS: SORTED ALPHABETICALLY BY Name 

address    name
--------   ----
11818930   $bss
11818930   .bss
11800000   .data
11800000   .text
118149e4   BIOS$$CLKOFF
118149a4   BIOS$$CLKON
11814820   BIOS_init
11814a50   BIOS_start
00000000   BUF$
00000001   BUF_ENABLED
11808118   C$$IO$$
ffffffff   CACHE_L1D
ffffffff   CACHE_L1P
00000001   CLK$
11814818   CLK_A_TABBEG
00000001   CLK_CALDIV
00000001   CLK_CALMULT
000493e0   CLK_COUNTSPMS
00000004   CLK_COUNTSPMSHIGH
11818a58   CLK_D_idletime
11818a54   CLK_D_isrhook
11818a50   CLK_D_tabbeg
11818a4c   CLK_D_timefxn
00000001   CLK_ENABLEHTIME
1180c640   CLK_F_gethtime
1180b1e0   CLK_F_getltime
1180b1f0   CLK_F_isr
1180b330   CLK_F_itime
11808ec0   CLK_HOOKFXN
00000001   CLK_HTIMEDIV
00000001   CLK_HTIMEMULT
000493e0   CLK_HTIMEPERLTIME
00005dc0   CLK_INPUTCLK
00004000   CLK_INTBIT
00000001   CLK_LTIMEDIV
000493e0   CLK_LTIMEMULT
000003e8   CLK_MICROSECS
00000001   CLK_POWERENABLE
00005dc0   CLK_PRD
00000000   CLK_PRDHIGH
01c20000   CLK_REGS
00000001   CLK_RESETTIMER
11818a48   CLK_R_time
00000020   CLK_TCR
00000000   CLK_TDDR
00000000   CLK_TDDRHIGH
1180c640   CLK_TIMEFXN
00000000   CLK_TIMERNUM
00000005   CLK_TIMMODE
00000001   CLK_USETIMER
1181481c   CLK_null
ffffffff   DDR
00000000   DEV$
00000000   DGN$
00000000   DHL$
00000000   DHL_gChannelsAvailable
00000000   DIO$
00000000   DIO_NUMSWIBASE
00000000   DIO_NUMTSKBASE
00000000   DIO_STATIC
00000000   DPI$
00000000   ECM$
00000000   ECM_ENABLE
ffffffff   ECM_EVTMASK0
ffffffff   ECM_EVTMASK1
ffffffff   ECM_EVTMASK2
ffffffff   ECM_EVTMASK3
0000000a   EVENT10
00000064   EVENT100
00000065   EVENT101
00000066   EVENT102
00000067   EVENT103
00000068   EVENT104
00000069   EVENT105
0000006a   EVENT106
0000006b   EVENT107
0000006c   EVENT108
0000006d   EVENT109
0000000b   EVENT11
0000006e   EVENT110
0000006f   EVENT111
00000070   EVENT112
00000071   EVENT113
00000072   EVENT114
00000073   EVENT115
00000074   EVENT116
00000075   EVENT117
00000076   EVENT118
00000077   EVENT119
0000000c   EVENT12
00000078   EVENT120
00000079   EVENT121
0000007a   EVENT122
0000007b   EVENT123
0000007c   EVENT124
0000007d   EVENT125
0000007e   EVENT126
0000007f   EVENT127
0000000d   EVENT13
0000000e   EVENT14
0000000f   EVENT15
00000010   EVENT16
00000011   EVENT17
00000012   EVENT18
00000013   EVENT19
00000014   EVENT20
00000015   EVENT21
00000016   EVENT22
00000017   EVENT23
00000018   EVENT24
00000019   EVENT25
0000001a   EVENT26
0000001b   EVENT27
0000001c   EVENT28
0000001d   EVENT29
0000001e   EVENT30
0000001f   EVENT31
00000020   EVENT32
00000021   EVENT33
00000022   EVENT34
00000023   EVENT35
00000024   EVENT36
00000025   EVENT37
00000026   EVENT38
00000027   EVENT39
00000004   EVENT4
00000028   EVENT40
00000029   EVENT41
0000002a   EVENT42
0000002b   EVENT43
0000002c   EVENT44
0000002d   EVENT45
0000002e   EVENT46
0000002f   EVENT47
00000030   EVENT48
00000031   EVENT49
00000005   EVENT5
00000032   EVENT50
00000033   EVENT51
00000034   EVENT52
00000035   EVENT53
00000036   EVENT54
00000037   EVENT55
00000038   EVENT56
00000039   EVENT57
0000003a   EVENT58
0000003b   EVENT59
00000006   EVENT6
0000003c   EVENT60
0000003d   EVENT61
0000003e   EVENT62
0000003f   EVENT63
00000040   EVENT64
00000041   EVENT65
00000042   EVENT66
00000043   EVENT67
00000044   EVENT68
00000045   EVENT69
00000007   EVENT7
00000046   EVENT70
00000047   EVENT71
00000048   EVENT72
00000049   EVENT73
0000004a   EVENT74
0000004b   EVENT75
0000004c   EVENT76
0000004d   EVENT77
0000004e   EVENT78
0000004f   EVENT79
00000008   EVENT8
00000050   EVENT80
00000051   EVENT81
00000052   EVENT82
00000053   EVENT83
00000054   EVENT84
00000055   EVENT85
00000056   EVENT86
00000057   EVENT87
00000058   EVENT88
00000059   EVENT89
00000009   EVENT9
0000005a   EVENT90
0000005b   EVENT91
0000005c   EVENT92
0000005d   EVENT93
0000005e   EVENT94
0000005f   EVENT95
00000060   EVENT96
00000061   EVENT97
00000062   EVENT98
00000063   EVENT99
1180c1e0   FXN_F_nop
1180c1e4   FXN_F_run
1180c220   FXN_F_zero
00000001   GBL$
00005205   GBL_A_VERSION
00000000   GBL_BCACHEREADADDR0
00000000   GBL_BCACHEREADADDR1
00000000   GBL_BCACHEREADADDR2
00000000   GBL_BIGENDIAN
00000000   GBL_CACHE
00000000   GBL_CALLCSLCFGINIT
00004e20   GBL_CLKIN
00001a5b   GBL_CLKTYPE
00001a5c   GBL_DSPSUBTYPE
0000003e   GBL_DSPTYPE
00000001   GBL_ENABLEINST
00000000   GBL_ENABLE_SK
00000042   GBL_FOOTPRINT
000493e0   GBL_FREQ
00000000   GBL_GEMTRUECOMPEN
00000007   GBL_L1DMODE
00000007   GBL_L1PMODE
00000001   GBL_L2CONFIGURE
00000000   GBL_L2MAR0_31
00000001   GBL_L2MAR128_159
00000000   GBL_L2MAR160_191
ffffffff   GBL_L2MAR192_223
00000000   GBL_L2MAR224_255
00000000   GBL_L2MAR32_63
00000000   GBL_L2MAR64_95
00000000   GBL_L2MAR96_127
00000000   GBL_L2MODE
00000000   GBL_NULL
00000000   GBL_PROCID
00000000   GBL_ROM
00000000   GBL_SUPPORTCSL
0000dbef   GBL_TRCMASKVALUE
00000000   GBL_USERINIT
1180c580   GBL_USERINITFXN
00000001   GBL_boot
1181938c   GBL_initdone
11818530   GBL_stackbeg
1181892f   GBL_stackend
00000000   GIO$
1180c580   GIO_CREATEFXN
1180c580   GIO_DELETEFXN
1180c580   GIO_PENDFXN
1180c580   GIO_POSTFXN
00000000   HOOK$
00000000   HOOK_KNLID
00000001   HST$
11816fc0   HST_A_TABBEG
11816ffc   HST_A_TABEND
00000000   HST_DSM
11818bec   HST_DSMBUFSEG
00000400   HST_DSMMEMSIZE
11818ac4   HST_D_chanmask
11818ac8   HST_D_tabbeg
11818acc   HST_D_tabend
000000ff   HST_MAXFRAMEALLOWED
00000040   HST_MAXFRAMESET
00000000   HST_NONE
00000001   HST_RTDX
00000001   HWI$
11819000   HWI_A_VECS
00005828   HWI_CFGDISPATCHED
11818c60   HWI_D_bss
11818c64   HWI_D_ccmask
11818c50   HWI_D_spsave
00000001   HWI_ENABLE_EXC
11808ec0   HWI_F_dispatch
00000000   HWI_GENERATE_RESET_VEC
0000000a   HWI_INT10
00000000   HWI_INT10$hwi
0000000b   HWI_INT11
00000000   HWI_INT11$hwi
0000000c   HWI_INT12
00000000   HWI_INT12$hwi
0000000d   HWI_INT13
00000000   HWI_INT13$hwi
0000000e   HWI_INT14
00000000   HWI_INT14$hwi
0000000f   HWI_INT15
00000000   HWI_INT15$hwi
00000004   HWI_INT4
00000000   HWI_INT4$hwi
00000005   HWI_INT5
00000000   HWI_INT5$hwi
00000006   HWI_INT6
00000000   HWI_INT6$hwi
00000007   HWI_INT7
00000000   HWI_INT7$hwi
00000008   HWI_INT8
00000000   HWI_INT8$hwi
00000009   HWI_INT9
00000000   HWI_INT9$hwi
07063d04   HWI_INTRMUX1
0b0a0908   HWI_INTRMUX2
28040d0c   HWI_INTRMUX3
00000001   HWI_NMI
00000000   HWI_NMI$hwi
00000000   HWI_POLARITYMASK
00000002   HWI_RESERVED0
00000000   HWI_RESERVED0$hwi
00000003   HWI_RESERVED1
00000000   HWI_RESERVED1$hwi
00000000   HWI_RESET
00000000   HWI_RESET$hwi
00000000   HWI_ZEROTAB
00000001   IDL$
11819358   IDL_A_CALBEG
11819348   IDL_A_TABBEG
00000006   IDL_CALIBRERROR
1180c480   IDL_CALIBRFXN
11818ccc   IDL_D_busyObj
11818a38   IDL_D_calbeg
11818a34   IDL_D_calibrate
11818a30   IDL_D_tabbeg
11819354   IDL_END
11819364   IDL_END$
1180c2a0   IDL_F_busy
1180c100   IDL_F_calibrate
1180c5c0   IDL_F_loop
1180c480   IDL_F_stub
00000001   IDL_USECLKIDLTIME
1181929c   IDL_busyObj
1181819e   IDL_busyObj$avgfmt
00000001   IDL_busyObj$filter
00000001   IDL_busyObj$iA
00000000   IDL_busyObj$iB
00000001   IDL_busyObj$iC
11818198   IDL_busyObj$maxfmt
00000000   IDL_busyObj$operation
11819298   IDL_busyObj$stsobj
1181819b   IDL_busyObj$sumfmt
00000002   IDL_busyObj$unittype
11819348   IDL_cpuLoad
11819358   IDL_cpuLoad$
11818bec   IRAM
11812818   IRAM$B
00002000   IRAM$L
00000001   ISRC$
1180b4d8   KNL_glue
1181922c   KNL_swi
00000001   KNL_swi$dorta
00000002   KNL_swi$ord
00000000   KNL_swi$pri
1181927c   KNL_swi$sts
11818174   KNL_swi$sts$avgfmt
00000002   KNL_swi$sts$filter
00000001   KNL_swi$sts$filtmaxmult
00000001   KNL_swi$sts$filtsummult
11818164   KNL_swi$sts$maxfmt
11819278   KNL_swi$sts$stsobj
1181816c   KNL_swi$sts$sumfmt
00000000   KNL_swi$sts$unittype
00000000   KNL_swi$swi
ffffffff   L3_CBA_RAM
00000001   LCK$
11808380   LNK_F_checkBufferCall
11808400   LNK_F_dataPump
118083a0   LNK_F_getChanPtr
118083f8   LNK_F_init
11808908   LNK_F_readCallBack
1181934c   LNK_dataPump
1181935c   LNK_dataPump$
11818c6c   LNK_dspFrameReadyMask
11818c68   LNK_dspFrameRequestMask
11808680   LNK_newin
118087b4   LNK_newout
11808410   LNK_rcloop
118084d4   LNK_rdrtry
11818c74   LNK_readDone
11818c78   LNK_readFail
11818c70   LNK_readPend
118084e4   LNK_rrloop
11818c7c   LNK_writeFail
118085b0   LNK_wrloop
118085a4   LNK_wrrtry
00000001   LOG$
11818fc8   LOG_A_TABBEG
11818ff8   LOG_A_TABEND
00000002   LOG_A_TABLEN
11818a3c   LOG_D_system
00000001   LOG_ENABLED
1180c080   LOG_F_event
11818fc8   LOG_system
11817000   LOG_system$buf
00000000   LOG_system$datatype
00000000   LOG_system$log
00000200   LOG_system$size
00000000   MBX$
00000001   MEM$
11818bec   MEM_MALLOCSEG
00000000   MEM_NULL
11818bec   MEM_SEGZERO
00000000   MEM_USEMPC
00000001   MEM_gNumHeap
00000000   MSGQ$
00000000   MSGQ_USEMSGQ
00000000   OBJ$
00000000   PIP$
11818f00   PIP_A_TABBEG
11818fc8   PIP_A_TABEND
00000002   PIP_A_TABLEN
11818a40   PIP_D_tabbeg
11818a44   PIP_D_tablen
1180ab58   PIP_F_give
1180ab58   PIP_F_probe
1180ac28   PIP_F_start
1180aae0   PIP_F_take
00000064   PIP_OBJSIZE
00000000   PIP_gNextId
00000002   PIP_gNumEmbed
00000000   POOL$
00000000   POOL_USEPOOL
00000001   PRD$
11814fe0   PRD0
11814ffc   PRD0$aaa
00000000   PRD0$mode
00000001   PRD0$ord
000001f4   PRD0$period
00000000   PRD0$prd
1181925c   PRD0$sts
1181813f   PRD0$sts$avgfmt
00000000   PRD0$sts$filter
1181812d   PRD0$sts$maxfmt
11819258   PRD0$sts$stsobj
11818136   PRD0$sts$sumfmt
00000002   PRD0$sts$unittype
11814fe0   PRD_A_TABBEG
11815000   PRD_A_TABEND
00000001   PRD_A_TABLEN
11818a80   PRD_D_cur
11818a84   PRD_D_elapsed
11818a88   PRD_D_prevtim
11818a8c   PRD_D_scalar
11818a90   PRD_D_swihandle
11818a94   PRD_D_tabbeg
11818a98   PRD_D_tablen
11818a9c   PRD_D_thook
11818a7c   PRD_D_tick
11809860   PRD_F_swi
11809ae4   PRD_F_tick
00000001   PRD_SCALAR
11819200   PRD_SWIHANDLE
1180a6f4   PRD_THOOKFXN
11814818   PRD_clock
11819200   PRD_swi
00000001   PRD_swi$dorta
00000001   PRD_swi$ord
00000001   PRD_swi$pri
1181926c   PRD_swi$sts
1181815a   PRD_swi$sts$avgfmt
00000002   PRD_swi$sts$filter
00000001   PRD_swi$sts$filtmaxmult
00000001   PRD_swi$sts$filtsummult
1181814a   PRD_swi$sts$maxfmt
11819268   PRD_swi$sts$stsobj
11818152   PRD_swi$sts$sumfmt
00000000   PRD_swi$sts$unittype
00000000   PRD_swi$swi
00000001   PWRM$
00000030   PWRM_PWRM_CAPSMASK
0000000a   PWRM_PWRM_CLKTICKSPERSLOT
00000000   PWRM_PWRM_ENABLE
00000002   PWRM_PWRM_INITSPCPU
00000000   PWRM_PWRM_INITSPPER
00000000   PWRM_PWRM_LOADENABLE
00000001   PWRM_PWRM_NUMSLOTS
00000000   PWRM_PWRM_RESOURCETRACKING
00000000   PWRM_PWRM_SCALING
1180c580   PWRM_PWRM_SHAREDRESOURCEFXN
1180c580   PWRM_PWRM_SLOTHOOKFXN
00000000   PWRM_PWRM_TIMERIDNUM
00000000   PWRM_PWRM_TIMERINTRMASK
00000000   PWRM_PWRM_TIMERWUGENMASK
00000000   PWRM_PWRM_USERRESOURCES
00000000   PWRM_PWRM_USETIMER
00000001   QUE$
11818aa0   RTA_D_fromHost
11818aa8   RTA_D_logval
11818ab8   RTA_D_stsval
11818aa4   RTA_D_toHost
1180c4c0   RTA_F_andn
11809f40   RTA_F_dispatch
11809e60   RTA_F_getlog
11809e98   RTA_F_getsts
1180c4d8   RTA_F_or
11809ed8   RTA_F_readblk
11809f00   RTA_F_resetmem
11809ef4   RTA_F_writeword
11819350   RTA_dispatcher
11819360   RTA_dispatcher$
11809f8c   RTA_execute
11816fc4   RTA_fromHost
11819338   RTA_fromHost$buf
00000004   RTA_fromHost$framesize
00000000   RTA_fromHost$hst
00000001   RTA_fromHost$id
00000000   RTA_fromHost$mode
11818f00   RTA_fromHost$pipe
11818f30   RTA_fromHost$pipe$aaa
11818f60   RTA_fromHost$pipe$bbb
11818bf0   RTA_fromHost$pipe$dtab
11818f04   RTA_fromHost$pipe$rd
11818f34   RTA_fromHost$pipe$wr
11816fcc   RTA_fromHost$rtdx
11816fe0   RTA_toHost
11818e00   RTA_toHost$buf
00000040   RTA_toHost$framesize
00000000   RTA_toHost$hst
00000000   RTA_toHost$id
00000001   RTA_toHost$mode
11818f64   RTA_toHost$pipe
11818f94   RTA_toHost$pipe$aaa
11818fc4   RTA_toHost$pipe$bbb
11818bfc   RTA_toHost$pipe$dtab
11818f68   RTA_toHost$pipe$rd
11818f98   RTA_toHost$pipe$wr
11816fe8   RTA_toHost$rtdx
00000001   RTDX$
00000408   RTDX_BUFMEMSIZE
11818bec   RTDX_DATAMEMSEG
00000000   RTDX_MODE
00000001   RTDX_NORMALIZED_HDR
00000001   RTDX_USERTDX
00000000   RTDX_USERTEXECUTION
00000000   SEM$
00000000   SIO$
00000001   STS$
11819258   STS_A_TABBEG
118192a8   STS_A_TABEND
1180c38c   STS_F_add
1180c360   STS_F_delta
1180c3a8   STS_F_reset
00000001   SWI$
11819200   SWI_A_TABBEG
11819258   SWI_A_TABEND
00000002   SWI_A_TABLEN
11818b14   SWI_D_curfxn
11818b04   SWI_D_curmask
11818b10   SWI_D_curmbox
11818b08   SWI_D_curset
11818b00   SWI_D_execaddr
11818b1c   SWI_D_inswi
11818b0c   SWI_D_lock
11818b18   SWI_D_rdybeg
11818b20   SWI_D_rdytab
11818afc   SWI_D_runaddr
00000000   SWI_EHOOKFXN
11809584   SWI_EXECFXN
118093a0   SWI_F_enable
11809584   SWI_F_exec
118095ac   SWI_F_iexec
11809410   SWI_F_post
1180962c   SWI_F_run
00000000   SWI_IHOOKFXN
1180962c   SWI_RUNFXN
00000001   SYS$
11819368   SYS$config
1180c500   SYS_ABORTFXN
1180c600   SYS_ERRORFXN
1180c620   SYS_EXITFXN
1180c540   SYS_PUTCFXN
11819388   TRC_R_mask
11819384   TRC_cinit
00000001   TSK$
00000000   TSK_NUM_HOOKS
00000001   TSK_PRIORITY
00000000   TSK_READYFXN
00000000   TSK_STACKSEG
00000400   TSK_STACKSIZE
00000000   TSK_SWITCHFXN
1180c580   TSK_VCREATEFXN
1180c580   TSK_VDELETEFXN
1180c580   TSK_VEXITFXN
11814f8c   TSK_idle
00000000   TSK_idle$ord
00000000   TSK_idle$pri
11818130   TSK_idle$stack
118184c8   TSK_idle$stkptr
1181928c   TSK_idle$sts
1181818e   TSK_idle$sts$avgfmt
00000002   TSK_idle$sts$filter
00000001   TSK_idle$sts$filtmaxmult
00000001   TSK_idle$sts$filtsummult
1181817e   TSK_idle$sts$maxfmt
11819288   TSK_idle$sts$stsobj
11818186   TSK_idle$sts$sumfmt
00000000   TSK_idle$sts$unittype
00000000   TSK_idle$tsk
00000000   UDEV$
1180104c   _AIC3106_Init
11801100   _AIC3106_readRegister
11801154   _AIC3106_writeRegister
1180c580   _BCACHE_bootInit
1180b894   _BCACHE_getMar
1180b844   _BCACHE_getSize
1180b814   _BCACHE_setCacheToSram
1180b7c4   _BCACHE_setMar
1180b780   _BCACHE_setSize
11814820   _BIOS_init
11814a50   _BIOS_start
118065a0   _BQ_init
11806628   _BQ_process
11806600   _BQ_setDen
118065d4   _BQ_setNum
ffffffff   _CACHE_L1D
ffffffff   _CACHE_L1P
000493e0   _CLK_COUNTSPMS
11818cbc   _CLK_DFLTMICROSECS
11818a78   _CLK_D_countspms
11818a6c   _CLK_D_dirty
11818cc0   _CLK_D_microseconds
11818a70   _CLK_D_prd
11818a74   _CLK_D_tddr
1180b330   _CLK_F_itime
00005dc0   _CLK_PRD
01c20000   _CLK_REGS
00000000   _CLK_TDDR
00000000   _CLK_TIMERNUM
00000001   _CLK_USETIMER
1180c640   _CLK_gethtime
11818a5c   _CLK_htimeDiv
11818a60   _CLK_htimeMult
11818c2c   _CLK_htimePerLtime
118122fc   _CLK_inputClock
1180b330   _CLK_itime
11818a64   _CLK_ltimeDiv
11818a68   _CLK_ltimeMult
1180c420   _CLK_measure
ffffffff   _DDR
11805e84   _DIP_get
11805ee8   _DIP_getAll
11805e60   _DIP_init
0000000a   _EVENT10
00000064   _EVENT100
00000065   _EVENT101
00000066   _EVENT102
00000067   _EVENT103
00000068   _EVENT104
00000069   _EVENT105
0000006a   _EVENT106
0000006b   _EVENT107
0000006c   _EVENT108
0000006d   _EVENT109
0000000b   _EVENT11
0000006e   _EVENT110
0000006f   _EVENT111
00000070   _EVENT112
00000071   _EVENT113
00000072   _EVENT114
00000073   _EVENT115
00000074   _EVENT116
00000075   _EVENT117
00000076   _EVENT118
00000077   _EVENT119
0000000c   _EVENT12
00000078   _EVENT120
00000079   _EVENT121
0000007a   _EVENT122
0000007b   _EVENT123
0000007c   _EVENT124
0000007d   _EVENT125
0000007e   _EVENT126
0000007f   _EVENT127
0000000d   _EVENT13
0000000e   _EVENT14
0000000f   _EVENT15
00000010   _EVENT16
00000011   _EVENT17
00000012   _EVENT18
00000013   _EVENT19
00000014   _EVENT20
00000015   _EVENT21
00000016   _EVENT22
00000017   _EVENT23
00000018   _EVENT24
00000019   _EVENT25
0000001a   _EVENT26
0000001b   _EVENT27
0000001c   _EVENT28
0000001d   _EVENT29
0000001e   _EVENT30
0000001f   _EVENT31
00000020   _EVENT32
00000021   _EVENT33
00000022   _EVENT34
00000023   _EVENT35
00000024   _EVENT36
00000025   _EVENT37
00000026   _EVENT38
00000027   _EVENT39
00000004   _EVENT4
00000028   _EVENT40
00000029   _EVENT41
0000002a   _EVENT42
0000002b   _EVENT43
0000002c   _EVENT44
0000002d   _EVENT45
0000002e   _EVENT46
0000002f   _EVENT47
00000030   _EVENT48
00000031   _EVENT49
00000005   _EVENT5
00000032   _EVENT50
00000033   _EVENT51
00000034   _EVENT52
00000035   _EVENT53
00000036   _EVENT54
00000037   _EVENT55
00000038   _EVENT56
00000039   _EVENT57
0000003a   _EVENT58
0000003b   _EVENT59
00000006   _EVENT6
0000003c   _EVENT60
0000003d   _EVENT61
0000003e   _EVENT62
0000003f   _EVENT63
00000040   _EVENT64
00000041   _EVENT65
00000042   _EVENT66
00000043   _EVENT67
00000044   _EVENT68
00000045   _EVENT69
00000007   _EVENT7
00000046   _EVENT70
00000047   _EVENT71
00000048   _EVENT72
00000049   _EVENT73
0000004a   _EVENT74
0000004b   _EVENT75
0000004c   _EVENT76
0000004d   _EVENT77
0000004e   _EVENT78
0000004f   _EVENT79
00000008   _EVENT8
00000050   _EVENT80
00000051   _EVENT81
00000052   _EVENT82
00000053   _EVENT83
00000054   _EVENT84
00000055   _EVENT85
00000056   _EVENT86
00000057   _EVENT87
00000058   _EVENT88
00000059   _EVENT89
00000009   _EVENT9
0000005a   _EVENT90
0000005b   _EVENT91
0000005c   _EVENT92
0000005d   _EVENT93
0000005e   _EVENT94
0000005f   _EVENT95
00000060   _EVENT96
00000061   _EVENT97
00000062   _EVENT98
00000063   _EVENT99
118001e8   _EVMC6748_enableDsp
11800000   _EVMC6748_init
1180002c   _EVMC6748_initRAM
118002b0   _EVMC6748_lpscTransition
11800214   _EVMC6748_pinmuxConfig
11808e90   _EXC_clearLastStatus
1180a900   _EXC_dispatch
11808cb4   _EXC_exceptionHandler
11818c80   _EXC_exceptionHook
11808c80   _EXC_external
11818c88   _EXC_externalHook
11808c60   _EXC_getLastStatus
11808c20   _EXC_init
11808974   _EXC_internal
11818c84   _EXC_internalHook
11808940   _EXC_nmi
11818c8c   _EXC_nmiHook
11818c38   _EXC_returnPtr
1180aac4   _EXC_setReturnPtr
118127c0   _EXC_status
11818c30   _EXC_sysTrapTable
1180c580   _FXN_F_nop
1180c1e4   _FXN_F_run
1180c220   _FXN_F_zero
00000000   _GBL_CACHE
1180b928   _GBL_cacheInit64P
11818ad4   _GBL_clkIn
11818ad8   _GBL_freq
1180c5a0   _GBL_getVersion
11818ad0   _GBL_procId
118034b8   _GPIO_getInput
11803440   _GPIO_setDir
1180352c   _GPIO_setOutput
118035ac   _GPIO_toggleLoop
118075e0   _HOSTclose
118066c0   _HOSTlseek
118069c0   _HOSTopen
11806aa0   _HOSTread
11805ce0   _HOSTrename
11806fe0   _HOSTunlink
118070a0   _HOSTwrite
11816000   _HSRTDX_rec
11816760   _HSRTDX_xmt
11816fc0   _HST_A_TABBEG
11816ffc   _HST_A_TABEND
00005828   _HWI_CFGDISPATCHED
11818c5c   _HWI_D_inhwi
11818c50   _HWI_D_spsave
11808ec0   _HWI_F_dispatch
0000000a   _HWI_INT10
0000000b   _HWI_INT11
0000000c   _HWI_INT12
0000000d   _HWI_INT13
0000000e   _HWI_INT14
0000000f   _HWI_INT15
00000004   _HWI_INT4
00000005   _HWI_INT5
00000006   _HWI_INT6
00000007   _HWI_INT7
00000008   _HWI_INT8
00000009   _HWI_INT9
00000001   _HWI_NMI
00000002   _HWI_RESERVED0
00000003   _HWI_RESERVED1
00000000   _HWI_RESET
11818928   _HWI_STKBOTTOM
11818530   _HWI_STKTOP
11818c50   _HWI_data
1180c240   _HWI_disable
11818930   _HWI_dispatchTab
1180c258   _HWI_enable
1180c26c   _HWI_restore
11802854   _I2CGPIO_getInput
11802970   _I2CGPIO_getInputAll
11802780   _I2CGPIO_init
11802a80   _I2CGPIO_setOutput
11802bc8   _I2CGPIO_setOutputAll
118037c0   _I2C_init
118038ac   _I2C_read
11803a08   _I2C_write
1181929c   _IDL_busyObj
11819348   _IDL_cpuLoad
1180c5c0   _IDL_loop
11818bec   _IRAM
11812818   _IRAM_base
00002000   _IRAM_length
11818ba0   _KNL_alarm
1180b9e0   _KNL_check
11818bc4   _KNL_curqueue
11818bb4   _KNL_curtask
11818bbc   _KNL_curtime
11812648   _KNL_dummy
1180bd40   _KNL_enter
1180bd00   _KNL_exit
1180baa8   _KNL_idle
11818bdc   _KNL_idlefxn
11818ba8   _KNL_inactive
1180bf00   _KNL_ipost
1180bad0   _KNL_max
11818bc8   _KNL_maxqueue
1180bf80   _KNL_post
11818bb8   _KNL_prevtask
11818bac   _KNL_priority
118125a8   _KNL_queues
1180a0e0   _KNL_run
1180b380   _KNL_saveIsrFrame
11818bb0   _KNL_set
11818ba4   _KNL_setpri
1181922c   _KNL_swi
11818bc0   _KNL_swiptr
1180b42c   _KNL_switch
11818bd0   _KNL_tcreatefxn
11818bd4   _KNL_tdeletefxn
1180a6f4   _KNL_tick
11818bd8   _KNL_treadyfxn
11818bcc   _KNL_tswitchfxn
11818b98   _KNL_wFlag
11818b9c   _KNL_wList
ffffffff   _L3_CBA_RAM
1180c020   _LCK_pend
1180c000   _LCK_post
118057a0   _LED_init
118057ec   _LED_isOn
118058ec   _LED_toggle
118058a4   _LED_turnOff
11805854   _LED_turnOn
1181934c   _LNK_dataPump
11818c6c   _LNK_dspFrameReadyMask
11818c68   _LNK_dspFrameRequestMask
11818c74   _LNK_readDone
11818c78   _LNK_readFail
11818c70   _LNK_readPend
11818c7c   _LNK_writeFail
11818fc8   _LOG_A_TABBEG
11818ff8   _LOG_A_TABEND
00000002   _LOG_A_TABLEN
11818a3c   _LOG_D_system
1180c080   _LOG_event
11818fc8   _LOG_system
11818cd0   _MEM
11818adc   _MEM_D_NUMSEGMENTS
11818ae4   _MEM_D_freelist
11818ae8   _MEM_D_lockaddr
11818ae0   _MEM_D_memtab
11818aec   _MEM_D_unlockaddr
1180a320   _MEM_alloc
1180a720   _MEM_free
11814c60   _MEM_init
11818be0   _MEM_memtab
11800cd0   _McASP_Init
11800e14   _McASP_Start
11812718   _OBJ_segtab
118126e0   _OBJ_table
11818f00   _PIP_A_TABBEG
11818fc8   _PIP_A_TABEND
11814fe0   _PRD0
11818a7c   _PRD_D_tick
11814818   _PRD_clock
11819200   _PRD_swi
118055a0   _RB3_init
118056a0   _RB3_innerProduct
118055f4   _RB3_insert
11805718   _RB3_print
11805634   _RB3_push
11805610   _RB3_rotate
11805670   _RB3_set
11819350   _RTA_dispatcher
11816fc4   _RTA_fromHost
11816fe0   _RTA_toHost
11817880   _RTDX_Buffer
11817c8c   _RTDX_Buffer_End
11816de0   _RTDX_Buffer_Initialize
11816f60   _RTDX_Buffer_Read
11816ea0   _RTDX_Buffer_ReadCB
11816ee0   _RTDX_Buffer_Size
11817c88   _RTDX_Buffer_Start
11816f80   _RTDX_Buffer_Write
118162a0   _RTDX_Buffer_WriteCB
11816d60   _RTDX_Final_RT_Monitor
11816e40   _RTDX_Init_RT_Monitor
00000002   _RTDX_JTAGONLY
11816fa0   _RTDX_Mask_IER
11816a60   _RTDX_Mon_Queue
11816cc0   _RTDX_Poll
00000000   _RTDX_interrupt_mask
11816f20   _RTDX_memfill
11817ce0   _RTDX_writing
11818bec   _SEG0
1180c300   _SEM_pend
1180acc0   _SEM_pendEnterKnl
1180bc20   _SEM_post
1180bc20   _SEM_postBinary
1180bdc0   _SEM_postEnterKnl
11819258   _STS_A_TABBEG
118192a8   _STS_A_TABEND
1180c38c   _STS_add
1180c360   _STS_delta
1180c3a8   _STS_reset
1180c5e0   _STS_set
11818b14   _SWI_D_curfxn
11818b04   _SWI_D_curmask
11818b08   _SWI_D_curset
11818b00   _SWI_D_execaddr
11818b1c   _SWI_D_inswi
11818b0c   _SWI_D_lock
11818b18   _SWI_D_rdybeg
11818afc   _SWI_D_runaddr
11818afc   _SWI_data
11809410   _SWI_post
11818af0   _SYS
11814d80   _SYS_PUTCBEG
11814f7f   _SYS_PUTCEND
1180c3c0   _SYS_abort
1180c180   _SYS_error
1180be60   _SYS_exit
11812788   _SYS_exitStack
11818cc4   _SYS_exitStackPtr
11818cc8   _SYS_exitStackTop
11801210   _SetGpio
11819388   _TRC_R_mask
11818cb8   _TSK
11812680   _TSK_ATTRS
1181269c   _TSK_config
1180b640   _TSK_exit
11814f8c   _TSK_idle
11814d20   _TSK_init
11818cb0   _TSK_nTasks
11818cb4   _TSK_pid
1180b040   _TSK_setup
1180bba4   _TSK_startup
118126bc   _TSK_timerSem
11801198   _USTIMER_delay
11800c00   _UTIL_isUIBoardAttached
11800aa8   _UTIL_printMem
1180c500   _UTL_doAbort
1180c600   _UTL_doError
1180c540   _UTL_doPutc
1180c620   _UTL_halt
11818ce0   __CIOBUF_
1180b350   __CLK_lat1beg
1180b370   __CLK_lat1end
11818af8   __HOOK_NUMHOOKS
11818af4   __HOOK_knlId
11808ec0   __HWI_lat1beg
11809048   __HWI_lat1end
11809048   __HWI_lat2beg
11809224   __HWI_lat2end1
118091b0   __HWI_lat2end2
11809240   __HWI_lat3beg
118091e0   __HWI_lat3end2
1180c2a0   __IDL_lat1beg
1180c2e0   __IDL_lat1end
1180ba2c   __KNL_lat1beg
1180baa8   __KNL_lat1end
1180c080   __LOG_lat1beg
1181275c   __MEM_mutex
11809f00   __RTA_lat1beg
11809f34   __RTA_lat1end
1180aea0   __SEM_dopost
11818930   __STACK_END
00000400   __STACK_SIZE
11809518   __SWI_lat1beg
118095c4   __SWI_lat1end
118095c8   __SWI_lat2beg
11809628   __SWI_lat2end
118093a0   __SWI_lat3beg
1180940c   __SWI_lat3end
11812734   __TSK_mutex
11812804   ___TI_enable_exit_profile_output
ffffffff   ___TI_pprof_out_hndl
ffffffff   ___TI_prof_data_size
ffffffff   ___TI_prof_data_start
11808120   ___add_dtor
11812300   ___atexit_func_id__
ffffffff   ___binit__
11818930   ___bss__
ffffffff   ___c_args__
1180c660   ___cinit__
11800000   ___data__
11800000   ___edata__
11818cdc   ___end__
11808380   ___etext__
11808160   ___isinf
11819378   ___pinit__
11800000   ___text__
1180b500   __auto_init
11806b80   __c6xabi_divi
11807220   __c6xabi_divu
11807680   __cleanup
118127fc   __cleanup_ptr
11806240   __closefile
11817e90   __ctypes_
11801240   __divd
11806b80   __divi
11807720   __divli
11807220   __divu
11805b40   __divul
11804660   __divull
118072e0   __doflush
11812800   __dtors_ptr
11807900   __fixdli
11807e00   __fltlid
118081e0   __frcmpyd_div
118122f8   __ft_end
11811fd8   __ftable
11807e80   __llshl
11808220   __llshru
11812808   __lock
118082a0   __negll
118082c0   __nop
118079a0   __nround
11802c60   __printfi
11808320   __register_lock
11808340   __register_unlock
11808260   __remli
11818530   __stack
11808000   __subcull
118121b8   __tmpnams
1181280c   __unlock
118067c0   __wrt_ok
11811a60   _aHigh
11811970   _aLow
118119a0   _aMid
11811a00   _aPres
118073a0   _atexit
11806c60   _atoi
1180250c   _audioHWI
11811a78   _bHigh
11811988   _bLow
118119d0   _bMid
11811a30   _bPres
1180f970   _b_fir
11817f98   _bitval_u32
11814ba0   _c_int00
118068c0   _call_dtors
11809e0c   _calloc
11806d40   _close
11800688   _config_pll0
118008c4   _config_pll1
118023f0   _dipPRD
11818c25   _dist
118126dc   _dtors
11818c20   _eqBypass
11811b18   _eqSignal
11811c18   _fftSignal
11804f80   _fputc
118030a0   _fputs
11809be0   _free
11806480   _fseek
11811f68   _high
11818c24   _highCut
11818c10   _in
11800c68   _initAll
11811e18   _low
11818c21   _lowCut
11807b80   _lseek
11807460   _ltoa
11802280   _main
11809c04   _malloc
11818c08   _mask
11809d48   _memalign
11808060   _memccpy
11807c20   _memcpy
11806e20   _memset
11811e88   _mid
11818c22   _midCut
11807cc0   _modf
11818c18   _out
11811ef8   _pres
11818c23   _presCut
11806f00   _printf
11804f80   _putc
11800c20   _read_audio_sample
11807f00   _readmsg
11809c64   _realloc
11808360   _remove
11818c98   _rtdxNullChanCnt
11818c9c   _rtdxNullFuncCnt
11818ca4   _rtdxRecNotDoneCnt
11818cac   _rtdxXmtErrorCnt
11818ca0   _rtdxXmtNotDoneCnt
11818ca8   _rtdxXmtRestartCnt
11817cd4   _rtdx_buffer_state
11817c90   _rtdx_mon_state
118053a0   _setvbuf
11811a90   _sine
11818fe0   _trace
11807f80   _unlink
11807d60   _write
11818c28   _writeIndex
11800c44   _write_audio_sample
118080c0   _writemsg
ffffffff   binit
1180c660   cinit
11800000   edata
11818cdc   end
11808380   etext
11819000   hwi0
11819020   hwi1
11819140   hwi10
11819160   hwi11
11819180   hwi12
118191a0   hwi13
118191c0   hwi14
118191e0   hwi15
11819040   hwi2
11819060   hwi3
11819080   hwi4
118190a0   hwi5
118190c0   hwi6
118190e0   hwi7
11819100   hwi8
11819120   hwi9
11819378   pinit
11818fe0   trace
11815000   trace$buf
00000001   trace$datatype
00000000   trace$log
00000400   trace$size


GLOBAL SYMBOLS: SORTED BY Symbol Address 

address    name
--------   ----
00000000   BUF$
00000000   CLK_PRDHIGH
00000000   CLK_TDDR
00000000   CLK_TDDRHIGH
00000000   CLK_TIMERNUM
00000000   DEV$
00000000   DGN$
00000000   DHL$
00000000   DHL_gChannelsAvailable
00000000   DIO$
00000000   DIO_NUMSWIBASE
00000000   DIO_NUMTSKBASE
00000000   DIO_STATIC
00000000   DPI$
00000000   ECM$
00000000   ECM_ENABLE
00000000   GBL_BCACHEREADADDR0
00000000   GBL_BCACHEREADADDR1
00000000   GBL_BCACHEREADADDR2
00000000   GBL_BIGENDIAN
00000000   GBL_CACHE
00000000   GBL_CALLCSLCFGINIT
00000000   GBL_ENABLE_SK
00000000   GBL_GEMTRUECOMPEN
00000000   GBL_L2MAR0_31
00000000   GBL_L2MAR160_191
00000000   GBL_L2MAR224_255
00000000   GBL_L2MAR32_63
00000000   GBL_L2MAR64_95
00000000   GBL_L2MAR96_127
00000000   GBL_L2MODE
00000000   GBL_NULL
00000000   GBL_PROCID
00000000   GBL_ROM
00000000   GBL_SUPPORTCSL
00000000   GBL_USERINIT
00000000   GIO$
00000000   HOOK$
00000000   HOOK_KNLID
00000000   HST_DSM
00000000   HST_NONE
00000000   HWI_GENERATE_RESET_VEC
00000000   HWI_INT10$hwi
00000000   HWI_INT11$hwi
00000000   HWI_INT12$hwi
00000000   HWI_INT13$hwi
00000000   HWI_INT14$hwi
00000000   HWI_INT15$hwi
00000000   HWI_INT4$hwi
00000000   HWI_INT5$hwi
00000000   HWI_INT6$hwi
00000000   HWI_INT7$hwi
00000000   HWI_INT8$hwi
00000000   HWI_INT9$hwi
00000000   HWI_NMI$hwi
00000000   HWI_POLARITYMASK
00000000   HWI_RESERVED0$hwi
00000000   HWI_RESERVED1$hwi
00000000   HWI_RESET
00000000   HWI_RESET$hwi
00000000   HWI_ZEROTAB
00000000   IDL_busyObj$iB
00000000   IDL_busyObj$operation
00000000   KNL_swi$pri
00000000   KNL_swi$sts$unittype
00000000   KNL_swi$swi
00000000   LOG_system$datatype
00000000   LOG_system$log
00000000   MBX$
00000000   MEM_NULL
00000000   MEM_USEMPC
00000000   MSGQ$
00000000   MSGQ_USEMSGQ
00000000   OBJ$
00000000   PIP$
00000000   PIP_gNextId
00000000   POOL$
00000000   POOL_USEPOOL
00000000   PRD0$mode
00000000   PRD0$prd
00000000   PRD0$sts$filter
00000000   PRD_swi$sts$unittype
00000000   PRD_swi$swi
00000000   PWRM_PWRM_ENABLE
00000000   PWRM_PWRM_INITSPPER
00000000   PWRM_PWRM_LOADENABLE
00000000   PWRM_PWRM_RESOURCETRACKING
00000000   PWRM_PWRM_SCALING
00000000   PWRM_PWRM_TIMERIDNUM
00000000   PWRM_PWRM_TIMERINTRMASK
00000000   PWRM_PWRM_TIMERWUGENMASK
00000000   PWRM_PWRM_USERRESOURCES
00000000   PWRM_PWRM_USETIMER
00000000   RTA_fromHost$hst
00000000   RTA_fromHost$mode
00000000   RTA_toHost$hst
00000000   RTA_toHost$id
00000000   RTDX_MODE
00000000   RTDX_USERTEXECUTION
00000000   SEM$
00000000   SIO$
00000000   SWI_EHOOKFXN
00000000   SWI_IHOOKFXN
00000000   TSK_NUM_HOOKS
00000000   TSK_READYFXN
00000000   TSK_STACKSEG
00000000   TSK_SWITCHFXN
00000000   TSK_idle$ord
00000000   TSK_idle$pri
00000000   TSK_idle$sts$unittype
00000000   TSK_idle$tsk
00000000   UDEV$
00000000   _CLK_TDDR
00000000   _CLK_TIMERNUM
00000000   _GBL_CACHE
00000000   _HWI_RESET
00000000   _RTDX_interrupt_mask
00000000   trace$log
00000001   BUF_ENABLED
00000001   CLK$
00000001   CLK_CALDIV
00000001   CLK_CALMULT
00000001   CLK_ENABLEHTIME
00000001   CLK_HTIMEDIV
00000001   CLK_HTIMEMULT
00000001   CLK_LTIMEDIV
00000001   CLK_POWERENABLE
00000001   CLK_RESETTIMER
00000001   CLK_USETIMER
00000001   GBL$
00000001   GBL_ENABLEINST
00000001   GBL_L2CONFIGURE
00000001   GBL_L2MAR128_159
00000001   GBL_boot
00000001   HST$
00000001   HST_RTDX
00000001   HWI$
00000001   HWI_ENABLE_EXC
00000001   HWI_NMI
00000001   IDL$
00000001   IDL_USECLKIDLTIME
00000001   IDL_busyObj$filter
00000001   IDL_busyObj$iA
00000001   IDL_busyObj$iC
00000001   ISRC$
00000001   KNL_swi$dorta
00000001   KNL_swi$sts$filtmaxmult
00000001   KNL_swi$sts$filtsummult
00000001   LCK$
00000001   LOG$
00000001   LOG_ENABLED
00000001   MEM$
00000001   MEM_gNumHeap
00000001   PRD$
00000001   PRD0$ord
00000001   PRD_A_TABLEN
00000001   PRD_SCALAR
00000001   PRD_swi$dorta
00000001   PRD_swi$ord
00000001   PRD_swi$pri
00000001   PRD_swi$sts$filtmaxmult
00000001   PRD_swi$sts$filtsummult
00000001   PWRM$
00000001   PWRM_PWRM_NUMSLOTS
00000001   QUE$
00000001   RTA_fromHost$id
00000001   RTA_toHost$mode
00000001   RTDX$
00000001   RTDX_NORMALIZED_HDR
00000001   RTDX_USERTDX
00000001   STS$
00000001   SWI$
00000001   SYS$
00000001   TSK$
00000001   TSK_PRIORITY
00000001   TSK_idle$sts$filtmaxmult
00000001   TSK_idle$sts$filtsummult
00000001   _CLK_USETIMER
00000001   _HWI_NMI
00000001   trace$datatype
00000002   HWI_RESERVED0
00000002   IDL_busyObj$unittype
00000002   KNL_swi$ord
00000002   KNL_swi$sts$filter
00000002   LOG_A_TABLEN
00000002   PIP_A_TABLEN
00000002   PIP_gNumEmbed
00000002   PRD0$sts$unittype
00000002   PRD_swi$sts$filter
00000002   PWRM_PWRM_INITSPCPU
00000002   SWI_A_TABLEN
00000002   TSK_idle$sts$filter
00000002   _HWI_RESERVED0
00000002   _LOG_A_TABLEN
00000002   _RTDX_JTAGONLY
00000003   HWI_RESERVED1
00000003   _HWI_RESERVED1
00000004   CLK_COUNTSPMSHIGH
00000004   EVENT4
00000004   HWI_INT4
00000004   RTA_fromHost$framesize
00000004   _EVENT4
00000004   _HWI_INT4
00000005   CLK_TIMMODE
00000005   EVENT5
00000005   HWI_INT5
00000005   _EVENT5
00000005   _HWI_INT5
00000006   EVENT6
00000006   HWI_INT6
00000006   IDL_CALIBRERROR
00000006   _EVENT6
00000006   _HWI_INT6
00000007   EVENT7
00000007   GBL_L1DMODE
00000007   GBL_L1PMODE
00000007   HWI_INT7
00000007   _EVENT7
00000007   _HWI_INT7
00000008   EVENT8
00000008   HWI_INT8
00000008   _EVENT8
00000008   _HWI_INT8
00000009   EVENT9
00000009   HWI_INT9
00000009   _EVENT9
00000009   _HWI_INT9
0000000a   EVENT10
0000000a   HWI_INT10
0000000a   PWRM_PWRM_CLKTICKSPERSLOT
0000000a   _EVENT10
0000000a   _HWI_INT10
0000000b   EVENT11
0000000b   HWI_INT11
0000000b   _EVENT11
0000000b   _HWI_INT11
0000000c   EVENT12
0000000c   HWI_INT12
0000000c   _EVENT12
0000000c   _HWI_INT12
0000000d   EVENT13
0000000d   HWI_INT13
0000000d   _EVENT13
0000000d   _HWI_INT13
0000000e   EVENT14
0000000e   HWI_INT14
0000000e   _EVENT14
0000000e   _HWI_INT14
0000000f   EVENT15
0000000f   HWI_INT15
0000000f   _EVENT15
0000000f   _HWI_INT15
00000010   EVENT16
00000010   _EVENT16
00000011   EVENT17
00000011   _EVENT17
00000012   EVENT18
00000012   _EVENT18
00000013   EVENT19
00000013   _EVENT19
00000014   EVENT20
00000014   _EVENT20
00000015   EVENT21
00000015   _EVENT21
00000016   EVENT22
00000016   _EVENT22
00000017   EVENT23
00000017   _EVENT23
00000018   EVENT24
00000018   _EVENT24
00000019   EVENT25
00000019   _EVENT25
0000001a   EVENT26
0000001a   _EVENT26
0000001b   EVENT27
0000001b   _EVENT27
0000001c   EVENT28
0000001c   _EVENT28
0000001d   EVENT29
0000001d   _EVENT29
0000001e   EVENT30
0000001e   _EVENT30
0000001f   EVENT31
0000001f   _EVENT31
00000020   CLK_TCR
00000020   EVENT32
00000020   _EVENT32
00000021   EVENT33
00000021   _EVENT33
00000022   EVENT34
00000022   _EVENT34
00000023   EVENT35
00000023   _EVENT35
00000024   EVENT36
00000024   _EVENT36
00000025   EVENT37
00000025   _EVENT37
00000026   EVENT38
00000026   _EVENT38
00000027   EVENT39
00000027   _EVENT39
00000028   EVENT40
00000028   _EVENT40
00000029   EVENT41
00000029   _EVENT41
0000002a   EVENT42
0000002a   _EVENT42
0000002b   EVENT43
0000002b   _EVENT43
0000002c   EVENT44
0000002c   _EVENT44
0000002d   EVENT45
0000002d   _EVENT45
0000002e   EVENT46
0000002e   _EVENT46
0000002f   EVENT47
0000002f   _EVENT47
00000030   EVENT48
00000030   PWRM_PWRM_CAPSMASK
00000030   _EVENT48
00000031   EVENT49
00000031   _EVENT49
00000032   EVENT50
00000032   _EVENT50
00000033   EVENT51
00000033   _EVENT51
00000034   EVENT52
00000034   _EVENT52
00000035   EVENT53
00000035   _EVENT53
00000036   EVENT54
00000036   _EVENT54
00000037   EVENT55
00000037   _EVENT55
00000038   EVENT56
00000038   _EVENT56
00000039   EVENT57
00000039   _EVENT57
0000003a   EVENT58
0000003a   _EVENT58
0000003b   EVENT59
0000003b   _EVENT59
0000003c   EVENT60
0000003c   _EVENT60
0000003d   EVENT61
0000003d   _EVENT61
0000003e   EVENT62
0000003e   GBL_DSPTYPE
0000003e   _EVENT62
0000003f   EVENT63
0000003f   _EVENT63
00000040   EVENT64
00000040   HST_MAXFRAMESET
00000040   RTA_toHost$framesize
00000040   _EVENT64
00000041   EVENT65
00000041   _EVENT65
00000042   EVENT66
00000042   GBL_FOOTPRINT
00000042   _EVENT66
00000043   EVENT67
00000043   _EVENT67
00000044   EVENT68
00000044   _EVENT68
00000045   EVENT69
00000045   _EVENT69
00000046   EVENT70
00000046   _EVENT70
00000047   EVENT71
00000047   _EVENT71
00000048   EVENT72
00000048   _EVENT72
00000049   EVENT73
00000049   _EVENT73
0000004a   EVENT74
0000004a   _EVENT74
0000004b   EVENT75
0000004b   _EVENT75
0000004c   EVENT76
0000004c   _EVENT76
0000004d   EVENT77
0000004d   _EVENT77
0000004e   EVENT78
0000004e   _EVENT78
0000004f   EVENT79
0000004f   _EVENT79
00000050   EVENT80
00000050   _EVENT80
00000051   EVENT81
00000051   _EVENT81
00000052   EVENT82
00000052   _EVENT82
00000053   EVENT83
00000053   _EVENT83
00000054   EVENT84
00000054   _EVENT84
00000055   EVENT85
00000055   _EVENT85
00000056   EVENT86
00000056   _EVENT86
00000057   EVENT87
00000057   _EVENT87
00000058   EVENT88
00000058   _EVENT88
00000059   EVENT89
00000059   _EVENT89
0000005a   EVENT90
0000005a   _EVENT90
0000005b   EVENT91
0000005b   _EVENT91
0000005c   EVENT92
0000005c   _EVENT92
0000005d   EVENT93
0000005d   _EVENT93
0000005e   EVENT94
0000005e   _EVENT94
0000005f   EVENT95
0000005f   _EVENT95
00000060   EVENT96
00000060   _EVENT96
00000061   EVENT97
00000061   _EVENT97
00000062   EVENT98
00000062   _EVENT98
00000063   EVENT99
00000063   _EVENT99
00000064   EVENT100
00000064   PIP_OBJSIZE
00000064   _EVENT100
00000065   EVENT101
00000065   _EVENT101
00000066   EVENT102
00000066   _EVENT102
00000067   EVENT103
00000067   _EVENT103
00000068   EVENT104
00000068   _EVENT104
00000069   EVENT105
00000069   _EVENT105
0000006a   EVENT106
0000006a   _EVENT106
0000006b   EVENT107
0000006b   _EVENT107
0000006c   EVENT108
0000006c   _EVENT108
0000006d   EVENT109
0000006d   _EVENT109
0000006e   EVENT110
0000006e   _EVENT110
0000006f   EVENT111
0000006f   _EVENT111
00000070   EVENT112
00000070   _EVENT112
00000071   EVENT113
00000071   _EVENT113
00000072   EVENT114
00000072   _EVENT114
00000073   EVENT115
00000073   _EVENT115
00000074   EVENT116
00000074   _EVENT116
00000075   EVENT117
00000075   _EVENT117
00000076   EVENT118
00000076   _EVENT118
00000077   EVENT119
00000077   _EVENT119
00000078   EVENT120
00000078   _EVENT120
00000079   EVENT121
00000079   _EVENT121
0000007a   EVENT122
0000007a   _EVENT122
0000007b   EVENT123
0000007b   _EVENT123
0000007c   EVENT124
0000007c   _EVENT124
0000007d   EVENT125
0000007d   _EVENT125
0000007e   EVENT126
0000007e   _EVENT126
0000007f   EVENT127
0000007f   _EVENT127
000000ff   HST_MAXFRAMEALLOWED
000001f4   PRD0$period
00000200   LOG_system$size
000003e8   CLK_MICROSECS
00000400   HST_DSMMEMSIZE
00000400   TSK_STACKSIZE
00000400   __STACK_SIZE
00000400   trace$size
00000408   RTDX_BUFMEMSIZE
00001a5b   GBL_CLKTYPE
00001a5c   GBL_DSPSUBTYPE
00002000   IRAM$L
00002000   _IRAM_length
00004000   CLK_INTBIT
00004e20   GBL_CLKIN
00005205   GBL_A_VERSION
00005828   HWI_CFGDISPATCHED
00005828   _HWI_CFGDISPATCHED
00005dc0   CLK_INPUTCLK
00005dc0   CLK_PRD
00005dc0   _CLK_PRD
0000dbef   GBL_TRCMASKVALUE
000493e0   CLK_COUNTSPMS
000493e0   CLK_HTIMEPERLTIME
000493e0   CLK_LTIMEMULT
000493e0   GBL_FREQ
000493e0   _CLK_COUNTSPMS
01c20000   CLK_REGS
01c20000   _CLK_REGS
07063d04   HWI_INTRMUX1
0b0a0908   HWI_INTRMUX2
11800000   .data
11800000   .text
11800000   _EVMC6748_init
11800000   ___data__
11800000   ___edata__
11800000   ___text__
11800000   edata
1180002c   _EVMC6748_initRAM
118001e8   _EVMC6748_enableDsp
11800214   _EVMC6748_pinmuxConfig
118002b0   _EVMC6748_lpscTransition
11800688   _config_pll0
118008c4   _config_pll1
11800aa8   _UTIL_printMem
11800c00   _UTIL_isUIBoardAttached
11800c20   _read_audio_sample
11800c44   _write_audio_sample
11800c68   _initAll
11800cd0   _McASP_Init
11800e14   _McASP_Start
1180104c   _AIC3106_Init
11801100   _AIC3106_readRegister
11801154   _AIC3106_writeRegister
11801198   _USTIMER_delay
11801210   _SetGpio
11801240   __divd
11802280   _main
118023f0   _dipPRD
1180250c   _audioHWI
11802780   _I2CGPIO_init
11802854   _I2CGPIO_getInput
11802970   _I2CGPIO_getInputAll
11802a80   _I2CGPIO_setOutput
11802bc8   _I2CGPIO_setOutputAll
11802c60   __printfi
118030a0   _fputs
11803440   _GPIO_setDir
118034b8   _GPIO_getInput
1180352c   _GPIO_setOutput
118035ac   _GPIO_toggleLoop
118037c0   _I2C_init
118038ac   _I2C_read
11803a08   _I2C_write
11804660   __divull
11804f80   _fputc
11804f80   _putc
118053a0   _setvbuf
118055a0   _RB3_init
118055f4   _RB3_insert
11805610   _RB3_rotate
11805634   _RB3_push
11805670   _RB3_set
118056a0   _RB3_innerProduct
11805718   _RB3_print
118057a0   _LED_init
118057ec   _LED_isOn
11805854   _LED_turnOn
118058a4   _LED_turnOff
118058ec   _LED_toggle
11805b40   __divul
11805ce0   _HOSTrename
11805e60   _DIP_init
11805e84   _DIP_get
11805ee8   _DIP_getAll
11806240   __closefile
11806480   _fseek
118065a0   _BQ_init
118065d4   _BQ_setNum
11806600   _BQ_setDen
11806628   _BQ_process
118066c0   _HOSTlseek
118067c0   __wrt_ok
118068c0   _call_dtors
118069c0   _HOSTopen
11806aa0   _HOSTread
11806b80   __c6xabi_divi
11806b80   __divi
11806c60   _atoi
11806d40   _close
11806e20   _memset
11806f00   _printf
11806fe0   _HOSTunlink
118070a0   _HOSTwrite
11807220   __c6xabi_divu
11807220   __divu
118072e0   __doflush
118073a0   _atexit
11807460   _ltoa
118075e0   _HOSTclose
11807680   __cleanup
11807720   __divli
11807900   __fixdli
118079a0   __nround
11807b80   _lseek
11807c20   _memcpy
11807cc0   _modf
11807d60   _write
11807e00   __fltlid
11807e80   __llshl
11807f00   _readmsg
11807f80   _unlink
11808000   __subcull
11808060   _memccpy
118080c0   _writemsg
11808118   C$$IO$$
11808120   ___add_dtor
11808160   ___isinf
118081e0   __frcmpyd_div
11808220   __llshru
11808260   __remli
118082a0   __negll
118082c0   __nop
11808320   __register_lock
11808340   __register_unlock
11808360   _remove
11808380   LNK_F_checkBufferCall
11808380   ___etext__
11808380   etext
118083a0   LNK_F_getChanPtr
118083f8   LNK_F_init
11808400   LNK_F_dataPump
11808410   LNK_rcloop
118084d4   LNK_rdrtry
118084e4   LNK_rrloop
118085a4   LNK_wrrtry
118085b0   LNK_wrloop
11808680   LNK_newin
118087b4   LNK_newout
11808908   LNK_F_readCallBack
11808940   _EXC_nmi
11808974   _EXC_internal
11808c20   _EXC_init
11808c60   _EXC_getLastStatus
11808c80   _EXC_external
11808cb4   _EXC_exceptionHandler
11808e90   _EXC_clearLastStatus
11808ec0   CLK_HOOKFXN
11808ec0   HWI_F_dispatch
11808ec0   _HWI_F_dispatch
11808ec0   __HWI_lat1beg
11809048   __HWI_lat1end
11809048   __HWI_lat2beg
118091b0   __HWI_lat2end2
118091e0   __HWI_lat3end2
11809224   __HWI_lat2end1
11809240   __HWI_lat3beg
118093a0   SWI_F_enable
118093a0   __SWI_lat3beg
1180940c   __SWI_lat3end
11809410   SWI_F_post
11809410   _SWI_post
11809518   __SWI_lat1beg
11809584   SWI_EXECFXN
11809584   SWI_F_exec
118095ac   SWI_F_iexec
118095c4   __SWI_lat1end
118095c8   __SWI_lat2beg
11809628   __SWI_lat2end
1180962c   SWI_F_run
1180962c   SWI_RUNFXN
11809860   PRD_F_swi
11809ae4   PRD_F_tick
11809be0   _free
11809c04   _malloc
11809c64   _realloc
11809d48   _memalign
11809e0c   _calloc
11809e60   RTA_F_getlog
11809e98   RTA_F_getsts
11809ed8   RTA_F_readblk
11809ef4   RTA_F_writeword
11809f00   RTA_F_resetmem
11809f00   __RTA_lat1beg
11809f34   __RTA_lat1end
11809f40   RTA_F_dispatch
11809f8c   RTA_execute
1180a0e0   _KNL_run
1180a320   _MEM_alloc
1180a6f4   PRD_THOOKFXN
1180a6f4   _KNL_tick
1180a720   _MEM_free
1180a900   _EXC_dispatch
1180aac4   _EXC_setReturnPtr
1180aae0   PIP_F_take
1180ab58   PIP_F_give
1180ab58   PIP_F_probe
1180ac28   PIP_F_start
1180acc0   _SEM_pendEnterKnl
1180aea0   __SEM_dopost
1180b040   _TSK_setup
1180b1e0   CLK_F_getltime
1180b1f0   CLK_F_isr
1180b330   CLK_F_itime
1180b330   _CLK_F_itime
1180b330   _CLK_itime
1180b350   __CLK_lat1beg
1180b370   __CLK_lat1end
1180b380   _KNL_saveIsrFrame
1180b42c   _KNL_switch
1180b4d8   KNL_glue
1180b500   __auto_init
1180b640   _TSK_exit
1180b780   _BCACHE_setSize
1180b7c4   _BCACHE_setMar
1180b814   _BCACHE_setCacheToSram
1180b844   _BCACHE_getSize
1180b894   _BCACHE_getMar
1180b928   _GBL_cacheInit64P
1180b9e0   _KNL_check
1180ba2c   __KNL_lat1beg
1180baa8   _KNL_idle
1180baa8   __KNL_lat1end
1180bad0   _KNL_max
1180bba4   _TSK_startup
1180bc20   _SEM_post
1180bc20   _SEM_postBinary
1180bd00   _KNL_exit
1180bd40   _KNL_enter
1180bdc0   _SEM_postEnterKnl
1180be60   _SYS_exit
1180bf00   _KNL_ipost
1180bf80   _KNL_post
1180c000   _LCK_post
1180c020   _LCK_pend
1180c080   LOG_F_event
1180c080   _LOG_event
1180c080   __LOG_lat1beg
1180c100   IDL_F_calibrate
1180c180   _SYS_error
1180c1e0   FXN_F_nop
1180c1e4   FXN_F_run
1180c1e4   _FXN_F_run
1180c220   FXN_F_zero
1180c220   _FXN_F_zero
1180c240   _HWI_disable
1180c258   _HWI_enable
1180c26c   _HWI_restore
1180c2a0   IDL_F_busy
1180c2a0   __IDL_lat1beg
1180c2e0   __IDL_lat1end
1180c300   _SEM_pend
1180c360   STS_F_delta
1180c360   _STS_delta
1180c38c   STS_F_add
1180c38c   _STS_add
1180c3a8   STS_F_reset
1180c3a8   _STS_reset
1180c3c0   _SYS_abort
1180c420   _CLK_measure
1180c480   IDL_CALIBRFXN
1180c480   IDL_F_stub
1180c4c0   RTA_F_andn
1180c4d8   RTA_F_or
1180c500   SYS_ABORTFXN
1180c500   _UTL_doAbort
1180c540   SYS_PUTCFXN
1180c540   _UTL_doPutc
1180c580   GBL_USERINITFXN
1180c580   GIO_CREATEFXN
1180c580   GIO_DELETEFXN
1180c580   GIO_PENDFXN
1180c580   GIO_POSTFXN
1180c580   PWRM_PWRM_SHAREDRESOURCEFXN
1180c580   PWRM_PWRM_SLOTHOOKFXN
1180c580   TSK_VCREATEFXN
1180c580   TSK_VDELETEFXN
1180c580   TSK_VEXITFXN
1180c580   _BCACHE_bootInit
1180c580   _FXN_F_nop
1180c5a0   _GBL_getVersion
1180c5c0   IDL_F_loop
1180c5c0   _IDL_loop
1180c5e0   _STS_set
1180c600   SYS_ERRORFXN
1180c600   _UTL_doError
1180c620   SYS_EXITFXN
1180c620   _UTL_halt
1180c640   CLK_F_gethtime
1180c640   CLK_TIMEFXN
1180c640   _CLK_gethtime
1180c660   ___cinit__
1180c660   cinit
1180f970   _b_fir
11811970   _aLow
11811988   _bLow
118119a0   _aMid
118119d0   _bMid
11811a00   _aPres
11811a30   _bPres
11811a60   _aHigh
11811a78   _bHigh
11811a90   _sine
11811b18   _eqSignal
11811c18   _fftSignal
11811e18   _low
11811e88   _mid
11811ef8   _pres
11811f68   _high
11811fd8   __ftable
118121b8   __tmpnams
118122f8   __ft_end
118122fc   _CLK_inputClock
11812300   ___atexit_func_id__
118125a8   _KNL_queues
11812648   _KNL_dummy
11812680   _TSK_ATTRS
1181269c   _TSK_config
118126bc   _TSK_timerSem
118126dc   _dtors
118126e0   _OBJ_table
11812718   _OBJ_segtab
11812734   __TSK_mutex
1181275c   __MEM_mutex
11812788   _SYS_exitStack
118127c0   _EXC_status
118127fc   __cleanup_ptr
11812800   __dtors_ptr
11812804   ___TI_enable_exit_profile_output
11812808   __lock
1181280c   __unlock
11812818   IRAM$B
11812818   _IRAM_base
11814818   CLK_A_TABBEG
11814818   PRD_clock
11814818   _PRD_clock
1181481c   CLK_null
11814820   BIOS_init
11814820   _BIOS_init
118149a4   BIOS$$CLKON
118149e4   BIOS$$CLKOFF
11814a50   BIOS_start
11814a50   _BIOS_start
11814ba0   _c_int00
11814c60   _MEM_init
11814d20   _TSK_init
11814d80   _SYS_PUTCBEG
11814f7f   _SYS_PUTCEND
11814f8c   TSK_idle
11814f8c   _TSK_idle
11814fe0   PRD0
11814fe0   PRD_A_TABBEG
11814fe0   _PRD0
11814ffc   PRD0$aaa
11815000   PRD_A_TABEND
11815000   trace$buf
11816000   _HSRTDX_rec
118162a0   _RTDX_Buffer_WriteCB
11816760   _HSRTDX_xmt
11816a60   _RTDX_Mon_Queue
11816cc0   _RTDX_Poll
11816d60   _RTDX_Final_RT_Monitor
11816de0   _RTDX_Buffer_Initialize
11816e40   _RTDX_Init_RT_Monitor
11816ea0   _RTDX_Buffer_ReadCB
11816ee0   _RTDX_Buffer_Size
11816f20   _RTDX_memfill
11816f60   _RTDX_Buffer_Read
11816f80   _RTDX_Buffer_Write
11816fa0   _RTDX_Mask_IER
11816fc0   HST_A_TABBEG
11816fc0   _HST_A_TABBEG
11816fc4   RTA_fromHost
11816fc4   _RTA_fromHost
11816fcc   RTA_fromHost$rtdx
11816fe0   RTA_toHost
11816fe0   _RTA_toHost
11816fe8   RTA_toHost$rtdx
11816ffc   HST_A_TABEND
11816ffc   _HST_A_TABEND
11817000   LOG_system$buf
11817880   _RTDX_Buffer
11817c88   _RTDX_Buffer_Start
11817c8c   _RTDX_Buffer_End
11817c90   _rtdx_mon_state
11817cd4   _rtdx_buffer_state
11817ce0   _RTDX_writing
11817e90   __ctypes_
11817f98   _bitval_u32
1181812d   PRD0$sts$maxfmt
11818130   TSK_idle$stack
11818136   PRD0$sts$sumfmt
1181813f   PRD0$sts$avgfmt
1181814a   PRD_swi$sts$maxfmt
11818152   PRD_swi$sts$sumfmt
1181815a   PRD_swi$sts$avgfmt
11818164   KNL_swi$sts$maxfmt
1181816c   KNL_swi$sts$sumfmt
11818174   KNL_swi$sts$avgfmt
1181817e   TSK_idle$sts$maxfmt
11818186   TSK_idle$sts$sumfmt
1181818e   TSK_idle$sts$avgfmt
11818198   IDL_busyObj$maxfmt
1181819b   IDL_busyObj$sumfmt
1181819e   IDL_busyObj$avgfmt
118184c8   TSK_idle$stkptr
11818530   GBL_stackbeg
11818530   _HWI_STKTOP
11818530   __stack
11818928   _HWI_STKBOTTOM
1181892f   GBL_stackend
11818930   $bss
11818930   .bss
11818930   _HWI_dispatchTab
11818930   __STACK_END
11818930   ___bss__
11818a30   IDL_D_tabbeg
11818a34   IDL_D_calibrate
11818a38   IDL_D_calbeg
11818a3c   LOG_D_system
11818a3c   _LOG_D_system
11818a40   PIP_D_tabbeg
11818a44   PIP_D_tablen
11818a48   CLK_R_time
11818a4c   CLK_D_timefxn
11818a50   CLK_D_tabbeg
11818a54   CLK_D_isrhook
11818a58   CLK_D_idletime
11818a5c   _CLK_htimeDiv
11818a60   _CLK_htimeMult
11818a64   _CLK_ltimeDiv
11818a68   _CLK_ltimeMult
11818a6c   _CLK_D_dirty
11818a70   _CLK_D_prd
11818a74   _CLK_D_tddr
11818a78   _CLK_D_countspms
11818a7c   PRD_D_tick
11818a7c   _PRD_D_tick
11818a80   PRD_D_cur
11818a84   PRD_D_elapsed
11818a88   PRD_D_prevtim
11818a8c   PRD_D_scalar
11818a90   PRD_D_swihandle
11818a94   PRD_D_tabbeg
11818a98   PRD_D_tablen
11818a9c   PRD_D_thook
11818aa0   RTA_D_fromHost
11818aa4   RTA_D_toHost
11818aa8   RTA_D_logval
11818ab8   RTA_D_stsval
11818ac4   HST_D_chanmask
11818ac8   HST_D_tabbeg
11818acc   HST_D_tabend
11818ad0   _GBL_procId
11818ad4   _GBL_clkIn
11818ad8   _GBL_freq
11818adc   _MEM_D_NUMSEGMENTS
11818ae0   _MEM_D_memtab
11818ae4   _MEM_D_freelist
11818ae8   _MEM_D_lockaddr
11818aec   _MEM_D_unlockaddr
11818af0   _SYS
11818af4   __HOOK_knlId
11818af8   __HOOK_NUMHOOKS
11818afc   SWI_D_runaddr
11818afc   _SWI_D_runaddr
11818afc   _SWI_data
11818b00   SWI_D_execaddr
11818b00   _SWI_D_execaddr
11818b04   SWI_D_curmask
11818b04   _SWI_D_curmask
11818b08   SWI_D_curset
11818b08   _SWI_D_curset
11818b0c   SWI_D_lock
11818b0c   _SWI_D_lock
11818b10   SWI_D_curmbox
11818b14   SWI_D_curfxn
11818b14   _SWI_D_curfxn
11818b18   SWI_D_rdybeg
11818b18   _SWI_D_rdybeg
11818b1c   SWI_D_inswi
11818b1c   _SWI_D_inswi
11818b20   SWI_D_rdytab
11818b98   _KNL_wFlag
11818b9c   _KNL_wList
11818ba0   _KNL_alarm
11818ba4   _KNL_setpri
11818ba8   _KNL_inactive
11818bac   _KNL_priority
11818bb0   _KNL_set
11818bb4   _KNL_curtask
11818bb8   _KNL_prevtask
11818bbc   _KNL_curtime
11818bc0   _KNL_swiptr
11818bc4   _KNL_curqueue
11818bc8   _KNL_maxqueue
11818bcc   _KNL_tswitchfxn
11818bd0   _KNL_tcreatefxn
11818bd4   _KNL_tdeletefxn
11818bd8   _KNL_treadyfxn
11818bdc   _KNL_idlefxn
11818be0   _MEM_memtab
11818bec   HST_DSMBUFSEG
11818bec   IRAM
11818bec   MEM_MALLOCSEG
11818bec   MEM_SEGZERO
11818bec   RTDX_DATAMEMSEG
11818bec   _IRAM
11818bec   _SEG0
11818bf0   RTA_fromHost$pipe$dtab
11818bfc   RTA_toHost$pipe$dtab
11818c08   _mask
11818c10   _in
11818c18   _out
11818c20   _eqBypass
11818c21   _lowCut
11818c22   _midCut
11818c23   _presCut
11818c24   _highCut
11818c25   _dist
11818c28   _writeIndex
11818c2c   _CLK_htimePerLtime
11818c30   _EXC_sysTrapTable
11818c38   _EXC_returnPtr
11818c50   HWI_D_spsave
11818c50   _HWI_D_spsave
11818c50   _HWI_data
11818c5c   _HWI_D_inhwi
11818c60   HWI_D_bss
11818c64   HWI_D_ccmask
11818c68   LNK_dspFrameRequestMask
11818c68   _LNK_dspFrameRequestMask
11818c6c   LNK_dspFrameReadyMask
11818c6c   _LNK_dspFrameReadyMask
11818c70   LNK_readPend
11818c70   _LNK_readPend
11818c74   LNK_readDone
11818c74   _LNK_readDone
11818c78   LNK_readFail
11818c78   _LNK_readFail
11818c7c   LNK_writeFail
11818c7c   _LNK_writeFail
11818c80   _EXC_exceptionHook
11818c84   _EXC_internalHook
11818c88   _EXC_externalHook
11818c8c   _EXC_nmiHook
11818c98   _rtdxNullChanCnt
11818c9c   _rtdxNullFuncCnt
11818ca0   _rtdxXmtNotDoneCnt
11818ca4   _rtdxRecNotDoneCnt
11818ca8   _rtdxXmtRestartCnt
11818cac   _rtdxXmtErrorCnt
11818cb0   _TSK_nTasks
11818cb4   _TSK_pid
11818cb8   _TSK
11818cbc   _CLK_DFLTMICROSECS
11818cc0   _CLK_D_microseconds
11818cc4   _SYS_exitStackPtr
11818cc8   _SYS_exitStackTop
11818ccc   IDL_D_busyObj
11818cd0   _MEM
11818cdc   ___end__
11818cdc   end
11818ce0   __CIOBUF_
11818e00   RTA_toHost$buf
11818f00   PIP_A_TABBEG
11818f00   RTA_fromHost$pipe
11818f00   _PIP_A_TABBEG
11818f04   RTA_fromHost$pipe$rd
11818f30   RTA_fromHost$pipe$aaa
11818f34   RTA_fromHost$pipe$wr
11818f60   RTA_fromHost$pipe$bbb
11818f64   RTA_toHost$pipe
11818f68   RTA_toHost$pipe$rd
11818f94   RTA_toHost$pipe$aaa
11818f98   RTA_toHost$pipe$wr
11818fc4   RTA_toHost$pipe$bbb
11818fc8   LOG_A_TABBEG
11818fc8   LOG_system
11818fc8   PIP_A_TABEND
11818fc8   _LOG_A_TABBEG
11818fc8   _LOG_system
11818fc8   _PIP_A_TABEND
11818fe0   _trace
11818fe0   trace
11818ff8   LOG_A_TABEND
11818ff8   _LOG_A_TABEND
11819000   HWI_A_VECS
11819000   hwi0
11819020   hwi1
11819040   hwi2
11819060   hwi3
11819080   hwi4
118190a0   hwi5
118190c0   hwi6
118190e0   hwi7
11819100   hwi8
11819120   hwi9
11819140   hwi10
11819160   hwi11
11819180   hwi12
118191a0   hwi13
118191c0   hwi14
118191e0   hwi15
11819200   PRD_SWIHANDLE
11819200   PRD_swi
11819200   SWI_A_TABBEG
11819200   _PRD_swi
1181922c   KNL_swi
1181922c   _KNL_swi
11819258   PRD0$sts$stsobj
11819258   STS_A_TABBEG
11819258   SWI_A_TABEND
11819258   _STS_A_TABBEG
1181925c   PRD0$sts
11819268   PRD_swi$sts$stsobj
1181926c   PRD_swi$sts
11819278   KNL_swi$sts$stsobj
1181927c   KNL_swi$sts
11819288   TSK_idle$sts$stsobj
1181928c   TSK_idle$sts
11819298   IDL_busyObj$stsobj
1181929c   IDL_busyObj
1181929c   _IDL_busyObj
118192a8   STS_A_TABEND
118192a8   _STS_A_TABEND
11819338   RTA_fromHost$buf
11819348   IDL_A_TABBEG
11819348   IDL_cpuLoad
11819348   _IDL_cpuLoad
1181934c   LNK_dataPump
1181934c   _LNK_dataPump
11819350   RTA_dispatcher
11819350   _RTA_dispatcher
11819354   IDL_END
11819358   IDL_A_CALBEG
11819358   IDL_cpuLoad$
1181935c   LNK_dataPump$
11819360   RTA_dispatcher$
11819364   IDL_END$
11819368   SYS$config
11819378   ___pinit__
11819378   pinit
11819384   TRC_cinit
11819388   TRC_R_mask
11819388   _TRC_R_mask
1181938c   GBL_initdone
28040d0c   HWI_INTRMUX3
ffffffff   CACHE_L1D
ffffffff   CACHE_L1P
ffffffff   DDR
ffffffff   ECM_EVTMASK0
ffffffff   ECM_EVTMASK1
ffffffff   ECM_EVTMASK2
ffffffff   ECM_EVTMASK3
ffffffff   GBL_L2MAR192_223
ffffffff   L3_CBA_RAM
ffffffff   _CACHE_L1D
ffffffff   _CACHE_L1P
ffffffff   _DDR
ffffffff   _L3_CBA_RAM
ffffffff   ___TI_pprof_out_hndl
ffffffff   ___TI_prof_data_size
ffffffff   ___TI_prof_data_start
ffffffff   ___binit__
ffffffff   ___c_args__
ffffffff   binit

[1170 symbols]
