******************************************************************************
               TMS320C6x Linker PC v7.4.18                     
******************************************************************************
>> Linked Thu Jun 04 14:12:53 2020

OUTPUT FILE NAME:   <GuitarAmpGitVersion.out>
ENTRY POINT SYMBOL: "_c_int00"  address: 11812b80


MEMORY CONFIGURATION

         name            origin    length      used     unused   attr    fill
----------------------  --------  ---------  --------  --------  ----  --------
  IRAM                  11800000   00040000  00014741  0002b8bf  RWIX
  CACHE_L1P             11e00000   00008000  00000000  00008000  RWIX
  CACHE_L1D             11f00000   00008000  00000000  00008000  RWIX
  L3_CBA_RAM            80000000   00020000  00000000  00020000  RWIX
  DDR                   c3000000   01000000  00000000  01000000  RWIX


SECTION ALLOCATION MAP

 output                                  attributes/
section   page    origin      length       input sections
--------  ----  ----------  ----------   ----------------
.vers      0    00000000    0000003c     COPY SECTION
                  00000000    0000003c     hellocfg.obj (.vers)

.data      0    11800000    00000000     UNINITIALIZED

.text      0    11800000    00007b60     
                  11800000    00000c20     evmc6748_bsl.lib : evmc6748.obj (.text)
                  11800c20    00000620     framework.obj (.text)
                  11801240    000005a0     rts6740.lib : divd.obj (.text:__divd)
                  118017e0    00000580                 : _printfi.obj (.text:__getarg_diouxp)
                  11801d60    00000520                 : _printfi.obj (.text:__setfield)
                  11802280    000004e0     evmc6748_bsl.lib : evmc6748_i2c_gpio.obj (.text)
                  11802760    00000440     rts6740.lib : _printfi.obj (.text:__printfi)
                  11802ba0    000003a0                 : fputs.obj (.text:_fputs)
                  11802f40    00000380     evmc6748_bsl.lib : evmc6748_gpio.obj (.text)
                  118032c0    00000380                      : evmc6748_i2c.obj (.text)
                  11803640    00000320     rts6740.lib : _printfi.obj (.text:__pproc_fge)
                  11803960    000002c0                 : _printfi.obj (.text:__pproc_fwp)
                  11803c20    000002a0                 : _printfi.obj (.text:_ecvt)
                  11803ec0    000002a0                 : _printfi.obj (.text:_fcvt)
                  11804160    00000260                 : imath64.obj (.text:__divull)
                  118043c0    00000260                 : _printfi.obj (.text:__pconv_e)
                  11804620    00000240                 : _printfi.obj (.text:__pproc_diouxp)
                  11804860    00000220                 : _printfi.obj (.text:__pproc_str)
                  11804a80    00000220                 : fputc.obj (.text:_fputc)
                  11804ca0    00000220     hello.obj (.text)
                  11804ec0    00000200     rts6740.lib : _printfi.obj (.text:__pconv_g)
                  118050c0    00000200                 : setvbuf.obj (.text:_setvbuf)
                  118052c0    000001e0     evmc6748_bsl.lib : evmc6748_led.obj (.text)
                  118054a0    000001c0     rts6740.lib : _printfi.obj (.text:__mcpy)
                  11805660    000001a0                 : imath40.obj (.text:__divul)
                  11805800    00000180                 : trgdrv.obj (.text:_HOSTrename)
                  11805980    00000160     evmc6748_bsl.lib : evmc6748_dip.obj (.text)
                  11805ae0    00000140     rts6740.lib : _printfi.obj (.text:__pproc_fflags)
                  11805c20    00000140                 : lowlev.obj (.text:_getdevice)
                  11805d60    00000120                 : fclose.obj (.text:__closefile)
                  11805e80    00000120                 : _printfi.obj (.text:__ltostr)
                  11805fa0    00000120                 : fseek.obj (.text:_fseek)
                  118060c0    00000100                 : trgdrv.obj (.text:_HOSTlseek)
                  118061c0    00000100                 : _io_perm.obj (.text:__wrt_ok)
                  118062c0    00000100                 : sinit.obj (.text:_call_dtors)
                  118063c0    000000e0                 : trgdrv.obj (.text:_HOSTopen)
                  118064a0    000000e0                 : trgdrv.obj (.text:_HOSTread)
                  11806580    000000e0                 : atoi.obj (.text:_atoi)
                  11806660    000000e0                 : lowlev.obj (.text:_close)
                  11806740    000000e0                 : memset.obj (.text:_memset)
                  11806820    000000e0                 : printf.obj (.text:_printf)
                  11806900    000000c0                 : trgdrv.obj (.text:_HOSTunlink)
                  118069c0    000000c0                 : trgdrv.obj (.text:_HOSTwrite)
                  11806a80    000000c0                 : _printfi.obj (.text:__div)
                  11806b40    000000c0                 : divu.obj (.text:__divu)
                  11806c00    000000c0                 : fflush.obj (.text:__doflush)
                  11806cc0    000000c0                 : atexit.obj (.text:_atexit)
                  11806d80    000000c0                 : ltoa.obj (.text:_ltoa)
                  11806e40    000000c0     bios.a674 : tsk_stup.o674 (.text)
                  11806f00    000000a0     rts6740.lib : trgdrv.obj (.text:_HOSTclose)
                  11806fa0    000000a0                 : fopen.obj (.text:__cleanup)
                  11807040    000000a0                 : imath40.obj (.text:__divli)
                  118070e0    000000a0                 : _printfi.obj (.text:__ecpy)
                  11807180    000000a0                 : _printfi.obj (.text:__fcpy)
                  11807220    000000a0                 : fixdli.obj (.text:__fixdli)
                  118072c0    000000a0                 : _printfi.obj (.text:__pconv_f)
                  11807360    000000a0                 : lowlev.obj (.text:_finddevice)
                  11807400    000000a0                 : lowlev.obj (.text:_lseek)
                  118074a0    000000a0                 : memcpy64.obj (.text:_memcpy)
                  11807540    000000a0                 : lowlev.obj (.text:_write)
                  118075e0    00000080                 : fltlid.obj (.text:__fltlid)
                  11807660    00000080                 : llshift.obj (.text:__llshl)
                  118076e0    00000080                 : trgmsg.obj (.text:_readmsg)
                  11807760    00000080                 : lowlev.obj (.text:_unlink)
                  118077e0    00000060                 : imath64.obj (.text:__subcull)
                  11807840    00000060                 : memccpy.obj (.text:_memccpy)
                  118078a0    00000060                 : trgmsg.obj (.text:_writemsg)
                  11807900    00000040                 : sinit.obj (.text:___add_dtor)
                  11807940    00000040                 : isinf.obj (.text:___isinf)
                  11807980    00000040                 : _printfi.obj (.text:___isnan)
                  118079c0    00000040                 : frcmpyd_div.obj (.text:__frcmpyd_div)
                  11807a00    00000040                 : llshift.obj (.text:__llshru)
                  11807a40    00000040                 : imath40.obj (.text:__remli)
                  11807a80    00000020                 : negll.obj (.text:__negll)
                  11807aa0    00000020                 : _lock.obj (.text:__nop)
                  11807ac0    00000020                 : printf.obj (.text:__outc)
                  11807ae0    00000020                 : printf.obj (.text:__outs)
                  11807b00    00000020                 : _lock.obj (.text:__register_lock)
                  11807b20    00000020                 : _lock.obj (.text:__register_unlock)
                  11807b40    00000020                 : remove.obj (.text:_remove)

.bios      0    11807b60    000042e0     
                  11807b60    000005c0     lnkrtdx.a674 : rtdx.o674 (.bios)
                  11808120    00000580     bios.a674 : exc.o674 (.bios)
                  118086a0    000004e0               : hwi_disp_asm.o674 (.bios)
                  11808b80    000004c0               : swi.o674 (.bios)
                  11809040    00000380               : prd.o674 (.bios)
                  118093c0    00000280               : malloc.o674 (.bios)
                  11809640    00000280               : rta.o674 (.bios)
                  118098c0    00000240               : knl_run.o674 (.bios)
                  11809b00    00000200               : mem_allo.o674 (.bios:.near)
                  11809d00    00000200               : knl_tick.o674 (.bios)
                  11809f00    000001e0               : mem_free.o674 (.bios:.near)
                  1180a0e0    000001e0               : exc_asm.o674 (.bios)
                  1180a2c0    000001e0               : pip.o674 (.bios)
                  1180a4a0    000001e0               : sem_pend.o674 (.bios)
                  1180a680    000001a0               : sem_dopo.o674 (.bios)
                  1180a820    000001a0               : tsk_setu.o674 (.bios)
                  1180a9c0    000001a0     bios6748.a674 : clk.o674 (.bios)
                  1180ab60    00000180     bios.a674 : knl_swit.o674 (.bios)
                  1180ace0    00000140               : autoinit.o674 (.bios)
                  1180ae20    00000140               : tsk_exit.o674 (.bios)
                  1180af60    00000140     bios6748.a674 : bcache_init.o674 (.bios)
                  1180b0a0    00000120     bios.a674 : gbl_cacheinit64P.o674 (.bios)
                  1180b1c0    00000120               : knl_chec.o674 (.bios)
                  1180b2e0    00000120               : tsk_stup.o674 (.bios)
                  1180b400    000000e0               : sem_post_asm.o674 (.bios)
                  1180b4e0    000000c0               : knl_exit.o674 (.bios)
                  1180b5a0    000000a0               : sem_post.o674 (.bios)
                  1180b640    000000a0               : sys_exit.o674 (.bios)
                  1180b6e0    00000080               : knl_ipos.o674 (.bios)
                  1180b760    00000080               : knl_post.o674 (.bios)
                  1180b7e0    00000080               : lck.o674 (.bios)
                  1180b860    00000080               : log.o674 (.bios)
                  1180b8e0    00000080     bios6748.a674 : idl_cal.o674 (.bios)
                  1180b960    00000060     bios.a674 : sys_erro.o674 (.bios:.near)
                  1180b9c0    00000060               : fxn.o674 (.bios)
                  1180ba20    00000060               : hwi_c.o674 (.bios)
                  1180ba80    00000060               : idl_busy.o674 (.bios)
                  1180bae0    00000060               : sem_pend_counting.o674 (.bios)
                  1180bb40    00000060               : sts.o674 (.bios)
                  1180bba0    00000060               : sys_abor.o674 (.bios)
                  1180bc00    00000060     bios6748.a674 : clk_meas.o674 (.bios)
                  1180bc60    00000040     bios.a674 : idl_stub.o674 (.bios)
                  1180bca0    00000040               : rta_andn.o674 (.bios)
                  1180bce0    00000040               : utl_doab.o674 (.bios)
                  1180bd20    00000040               : utl_putc.o674 (.bios)
                  1180bd60    00000020               : fxn_c.o674 (.bios)
                  1180bd80    00000020               : gbl_vers.o674 (.bios)
                  1180bda0    00000020               : idl.o674 (.bios)
                  1180bdc0    00000020               : sts_set.o674 (.bios)
                  1180bde0    00000020               : utl_doer.o674 (.bios)
                  1180be00    00000020               : utl_halt.o674 (.bios)
                  1180be20    00000020     bios6748.a674 : clk_gethtime.o674 (.bios)

.IRAM$heap 
*          0    1180be40    00002000     UNINITIALIZED
                  1180be40    00002000     --HOLE--

.cinit     0    1180de40    000012fc     
                  1180de40    000006c4     hellocfg.obj (.cinit)
                  1180e504    00000004     --HOLE-- [fill = 0]
                  1180e508    00000284     hello.obj (.cinit)
                  1180e78c    00000004     --HOLE-- [fill = 0]
                  1180e790    0000026c     bios.a674 : biosdata.o674 (.cinit)
                  1180e9fc    00000004     --HOLE-- [fill = 0]
                  1180ea00    000001a4               : knl.o674 (.cinit)
                  1180eba4    00000004     --HOLE-- [fill = 0]
                  1180eba8    000000b0               : swi.o674 (.cinit)
                  1180ec58    00000080               : tsk.o674 (.cinit)
                  1180ecd8    00000068     rtdx64xplus.lib : rtdx_mon.o64P (.cinit)
                  1180ed40    00000060     bios.a674 : tsk_stup.o674 (.cinit)
                  1180eda0    0000005c     lnkrtdx.a674 : rtdx.o674 (.cinit)
                  1180edfc    00000004     --HOLE-- [fill = 0]
                  1180ee00    0000005c     rts6740.lib : defs.obj (.cinit)
                  1180ee5c    00000004     --HOLE-- [fill = 0]
                  1180ee60    0000005c                 : lowlev.obj (.cinit)
                  1180eebc    00000004     --HOLE-- [fill = 0]
                  1180eec0    0000004c     bios.a674 : rta.o674 (.cinit)
                  1180ef0c    00000004     --HOLE-- [fill = 0]
                  1180ef10    0000004c     rtdx64xplus.lib : buffer1.o64P (.cinit)
                  1180ef5c    00000004     --HOLE-- [fill = 0]
                  1180ef60    0000003c     bios.a674 : exc.o674 (.cinit)
                  1180ef9c    00000004     --HOLE-- [fill = 0]
                  1180efa0    00000034               : hwi.o674 (.cinit)
                  1180efd4    00000004     --HOLE-- [fill = 0]
                  1180efd8    0000002c               : utl_putc.o674 (.cinit)
                  1180f004    00000004     --HOLE-- [fill = 0]
                  1180f008    0000002c     rts6740.lib : exit.obj (.cinit)
                  1180f034    00000004     --HOLE-- [fill = 0]
                  1180f038    00000024     bios.a674 : obj_init.o674 (.cinit)
                  1180f05c    00000004     --HOLE-- [fill = 0]
                  1180f060    0000001c               : exc_asm.o674 (.cinit)
                  1180f07c    00000004     --HOLE-- [fill = 0]
                  1180f080    0000001c               : sys.o674 (.cinit)
                  1180f09c    00000004     --HOLE-- [fill = 0]
                  1180f0a0    0000001c     rts6740.lib : _lock.obj (.cinit)
                  1180f0bc    00000004     --HOLE-- [fill = 0]
                  1180f0c0    0000001c                 : atexit.obj (.cinit)
                  1180f0dc    00000004     --HOLE-- [fill = 0]
                  1180f0e0    00000018     bios.a674 : knl_tick.o674 (.cinit)
                  1180f0f8    0000000c               : idl_busy.o674 (.cinit)
                  1180f104    00000004     --HOLE-- [fill = 0]
                  1180f108    0000000c               : knl_swit.o674 (.cinit)
                  1180f114    00000004     --HOLE-- [fill = 0]
                  1180f118    0000000c     rts6740.lib : fopen.obj (.cinit)
                  1180f124    00000004     --HOLE-- [fill = 0]
                  1180f128    0000000c                 : sinit.obj (.cinit)
                  1180f134    00000004     --HOLE-- [fill = 0]
                  1180f138    00000004     (.pad.cinit) [fill = 0]

.args      0    1180f13c    00000004     
                  1180f13c    00000004     --HOLE-- [fill = 0]

.far       0    1180f140    00000ad0     UNINITIALIZED
                  1180f140    00000324     rts6740.lib : defs.obj (.far)
                  1180f464    00000004     bios6748.a674 : clk_data.o674 (.far)
                  1180f468    0000029c     hello.obj (.far)
                  1180f704    00000004     rts6740.lib : fopen.obj (.far)
                  1180f708    00000188                 : atexit.obj (.far)
                  1180f890    0000011c                 : lowlev.obj (.far)
                  1180f9ac    00000004                 : sinit.obj (.far)
                  1180f9b0    000000d8     bios.a674 : knl.o674 (.far)
                  1180fa88    0000005c               : tsk.o674 (.far)
                  1180fae4    00000004     --HOLE--
                  1180fae8    00000054               : obj_init.o674 (.far)
                  1180fb3c    00000050               : tsk_stup.o674 (.far)
                  1180fb8c    00000004     --HOLE--
                  1180fb90    00000020               : sys.o674 (.far)
                  1180fbb0    00000018     rtdx64xplus.lib : rtdx_mon.o64P (.far)
                  1180fbc8    00000010     bios.a674 : exc.o674 (.far)
                  1180fbd8    00000010               : knl_tick.o674 (.far)
                  1180fbe8    0000000c               : utl_putc.o674 (.far)
                  1180fbf4    0000000c     rts6740.lib : exit.obj (.far)
                  1180fc00    00000008                 : _lock.obj (.far)
                  1180fc08    00000008                 : trgdrv.obj (.far)

.bss       0    1180fc10    00000394     UNINITIALIZED
                  1180fc10    00000100     bios.a674 : hwi_disp_asm.o674 (.bss)
                  1180fd10    000000cc               : biosdata.o674 (.bss)
                  1180fddc    0000009c               : swi.o674 (.bss)
                  1180fe78    00000048               : knl.o674 (.bss)
                  1180fec0    00000028     hellocfg.obj (.bss)
                  1180fee8    00000020     bios.a674 : exc_asm.o674 (.bss)
                  1180ff08    00000018               : hwi.o674 (.bss)
                  1180ff20    00000018     lnkrtdx.a674 : rtdx.o674 (.bss)
                  1180ff38    00000010     bios.a674 : exc.o674 (.bss)
                  1180ff48    00000010     hello.obj (.bss)
                  1180ff58    00000010     rtdx64xplus.lib : buffer1.o64P (.bss)
                  1180ff68    00000010                     : rtdx_mon.o64P (.bss)
                  1180ff78    0000000c     bios.a674 : tsk.o674 (.bss)
                  1180ff84    00000008               : clk_data.o674 (.bss)
                  1180ff8c    00000008               : sys.o674 (.bss)
                  1180ff94    00000004               : clk_data2.o674 (.bss)
                  1180ff98    00000004               : idl_busy.o674 (.bss)
                  1180ff9c    00000004               : mem_asm.o674 (.bss)
                  1180ffa0    00000004     evmc6748_bsl.lib : evmc6748_i2c.obj (.bss)

.swi       0    1180ffa4    00000058     UNINITIALIZED
                  1180ffa4    00000058     hellocfg.obj (.swi)

.mem       0    1180fffc    00000004     UNINITIALIZED
                  1180fffc    00000004     hellocfg.obj (.mem)

.trace$buf 
*          0    11810000    00001000     UNINITIALIZED
                  11810000    00001000     hellocfg.obj (.trace$buf)

.rtdx_text 
*          0    11811000    00000fc0     
                  11811000    000002a0     rtdx64xplus.lib : rtdx_mon.o64P (.rtdx_text:_HSRTDX_rec)
                  118112a0    00000260                     : buffer1.o64P (.rtdx_text:_RTDX_Buffer_WriteCB)
                  11811500    00000260                     : buffer1.o64P (.rtdx_text:_RTDX_write_next)
                  11811760    000001a0                     : rtdx_mon.o64P (.rtdx_text:_HSRTDX_xmt)
                  11811900    00000160                     : rtdx_mon.o64P (.rtdx_text:_RTDX_Send_To_Host)
                  11811a60    000000e0                     : rtdx_mon.o64P (.rtdx_text:_RTDX_Mon_Queue)
                  11811b40    000000e0                     : buffer1.o64P (.rtdx_text:_claim)
                  11811c20    000000a0                     : rtdx_mon.o64P (.rtdx_text:_RTDX_GetH2THeader)
                  11811cc0    000000a0                     : rtdx_mon.o64P (.rtdx_text:_RTDX_Poll)
                  11811d60    00000080                     : rtdx_mon.o64P (.rtdx_text:_RTDX_Final_RT_Monitor)
                  11811de0    00000060                     : buffer1.o64P (.rtdx_text:_RTDX_Buffer_Initialize)
                  11811e40    00000060                     : rtdx_mon.o64P (.rtdx_text:_RTDX_Init_RT_Monitor)
                  11811ea0    00000040                     : buffer2.o64P (.rtdx_text:_RTDX_Buffer_ReadCB)
                  11811ee0    00000040                     : buffer1.o64P (.rtdx_text:_RTDX_Buffer_Size)
                  11811f20    00000040                     : memfill.o64P (.rtdx_text:_RTDX_memfill)
                  11811f60    00000020                     : buffer2.o64P (.rtdx_text:_RTDX_Buffer_Read)
                  11811f80    00000020                     : buffer1.o64P (.rtdx_text:_RTDX_Buffer_Write)
                  11811fa0    00000020                     : intr_tgt.o64P (.rtdx_text)

.hst       0    11811fc0    0000003c     UNINITIALIZED
                  11811fc0    0000003c     hellocfg.obj (.hst)

.LOG_system$buf 
*          0    11812000    00000800     UNINITIALIZED
                  11812000    00000800     hellocfg.obj (.LOG_system$buf)

.sysinit   0    11812800    00000560     
                  11812800    00000380     hellocfg.obj (.sysinit)
                  11812b80    000000c0     bios.a674 : boot.o674 (.sysinit)
                  11812c40    000000c0               : mem_init.o674 (.sysinit)
                  11812d00    00000060               : tsk_init.o674 (.sysinit)

.prd       0    11812d60    00000020     UNINITIALIZED
                  11812d60    00000020     hellocfg.obj (.prd)

.rtdx_data 
*          0    11812d80    000004f4     UNINITIALIZED
                  11812d80    00000080     --HOLE--
                  11812e00    00000410     hellocfg.obj (.rtdx_data)
                  11813210    00000044     rtdx64xplus.lib : rtdx_mon.o64P (.rtdx_data)
                  11813254    00000020                     : buffer1.o64P (.rtdx_data)

.const     0    11813278    00000419     
                  11813278    00000193     bios.a674 : exc.o674 (.const:.string)
                  1181340b    00000004               : mem_allo.o674 (.const:.string)
                  1181340f    00000001     --HOLE-- [fill = 0]
                  11813410    00000101     rts6740.lib : ctype.obj (.const:.string:__ctypes_)
                  11813511    00000004     bios.a674 : mem_free.o674 (.const:.string)
                  11813515    00000002     rts6740.lib : fputs.obj (.const:.string)
                  11813517    00000001     --HOLE-- [fill = 0]
                  11813518    00000080     evmc6748_bsl.lib : evmc6748.obj (.const:_bitval_u32)
                  11813598    0000004e     bios.a674 : tsk_stup.o674 (.const:.string)
                  118135e6    00000002     --HOLE-- [fill = 0]
                  118135e8    00000040     evmc6748_bsl.lib : evmc6748.obj (.const:.string)
                  11813628    00000023     bios.a674 : utl_doab.o674 (.const:.string)
                  1181364b    00000023     rts6740.lib : _printfi.obj (.const:.string)
                  1181366e    00000022     bios.a674 : utl_doer.o674 (.const:.string)
                  11813690    00000001               : tsk.o674 (.const:.string)

.printf    0    11813691    00000076     COPY SECTION
                  11813691    00000076     hellocfg.obj (.printf)

.TSK_idle$stk 
*          0    11813698    00000400     UNINITIALIZED
                  11813698    00000400     hellocfg.obj (.TSK_idle$stk)

.stack     0    11813a98    00000400     UNINITIALIZED
                  11813a98    00000400     --HOLE--

.cio       0    11813e98    00000120     UNINITIALIZED
                  11813e98    00000120     rts6740.lib : trgmsg.obj (.cio)

.switch    0    11813fb8    00000044     
                  11813fb8    00000024     evmc6748_bsl.lib : evmc6748_gpio.obj (.switch:_getRegisterBankAndBit)
                  11813fdc    00000020                      : evmc6748_dip.obj (.switch:_convertDipToI2CGpio)

.hwi_vec   0    11814000    00000200     
                  11814000    00000200     hellocfg.obj (.hwi_vec)

.trace     0    11814200    00000200     
                  11814200    00000200     --HOLE-- [fill = 00000000]

.hst0      0    11814400    00000100     UNINITIALIZED
                  11814400    00000100     hellocfg.obj (.hst0)

.pip       0    11814500    000000c8     UNINITIALIZED
                  11814500    000000c8     hellocfg.obj (.pip)

.tsk       0    118145c8    00000060     UNINITIALIZED
                  118145c8    00000060     hellocfg.obj (.tsk)

.sts       0    11814628    00000050     
                  11814628    00000050     hellocfg.obj (.sts)

.gblinit   0    11814678    0000004c     
                  11814678    0000004c     hellocfg.obj (.gblinit)

.log       0    118146c4    00000030     
                  118146c4    00000030     hellocfg.obj (.log)

.hst1      0    118146f4    00000010     UNINITIALIZED
                  118146f4    00000010     hellocfg.obj (.hst1)

.idl       0    11814704    00000010     UNINITIALIZED
                  11814704    00000010     hellocfg.obj (.idl)

.idlcal    0    11814714    00000010     UNINITIALIZED
                  11814714    00000010     hellocfg.obj (.idlcal)

.sys       0    11814724    00000010     UNINITIALIZED
                  11814724    00000010     hellocfg.obj (.sys)

.pinit     0    11814734    0000000c     
                  11814734    00000004     rtdx64xplus.lib : buffer1.o64P (.pinit)
                  11814738    00000004                     : rtdx_mon.o64P (.pinit)
                  1181473c    00000004     --HOLE-- [fill = 0]

.trcdata   0    11814740    0000000c     
                  11814740    0000000c     bios.a674 : trc.o674 (.trcdata)

.clk       0    1181474c    00000008     UNINITIALIZED
                  1181474c    00000008     hellocfg.obj (.clk)


GLOBAL SYMBOLS: SORTED ALPHABETICALLY BY Name 

address    name
--------   ----
1180fc10   $bss
1180fc10   .bss
11800000   .data
11800000   .text
118129c4   BIOS$$CLKOFF
11812984   BIOS$$CLKON
11812800   BIOS_init
11812a30   BIOS_start
00000000   BUF$
00000001   BUF_ENABLED
118078f8   C$$IO$$
ffffffff   CACHE_L1D
ffffffff   CACHE_L1P
00000001   CLK$
1181474c   CLK_A_TABBEG
00000001   CLK_CALDIV
00000001   CLK_CALMULT
000493e0   CLK_COUNTSPMS
00000004   CLK_COUNTSPMSHIGH
1180fd38   CLK_D_idletime
1180fd34   CLK_D_isrhook
1180fd30   CLK_D_tabbeg
1180fd2c   CLK_D_timefxn
00000001   CLK_ENABLEHTIME
1180be20   CLK_F_gethtime
1180a9c0   CLK_F_getltime
1180a9d0   CLK_F_isr
1180ab10   CLK_F_itime
118086a0   CLK_HOOKFXN
00000001   CLK_HTIMEDIV
00000001   CLK_HTIMEMULT
000493e0   CLK_HTIMEPERLTIME
00005dc0   CLK_INPUTCLK
00004000   CLK_INTBIT
00000001   CLK_LTIMEDIV
000493e0   CLK_LTIMEMULT
000003e8   CLK_MICROSECS
00000001   CLK_POWERENABLE
00005dc0   CLK_PRD
00000000   CLK_PRDHIGH
01c20000   CLK_REGS
00000001   CLK_RESETTIMER
1180fd28   CLK_R_time
00000020   CLK_TCR
00000000   CLK_TDDR
00000000   CLK_TDDRHIGH
1180be20   CLK_TIMEFXN
00000000   CLK_TIMERNUM
00000005   CLK_TIMMODE
00000001   CLK_USETIMER
11814750   CLK_null
ffffffff   DDR
00000000   DEV$
00000000   DGN$
00000000   DHL$
00000000   DHL_gChannelsAvailable
00000000   DIO$
00000000   DIO_NUMSWIBASE
00000000   DIO_NUMTSKBASE
00000000   DIO_STATIC
00000000   DPI$
00000000   ECM$
00000000   ECM_ENABLE
ffffffff   ECM_EVTMASK0
ffffffff   ECM_EVTMASK1
ffffffff   ECM_EVTMASK2
ffffffff   ECM_EVTMASK3
0000000a   EVENT10
00000064   EVENT100
00000065   EVENT101
00000066   EVENT102
00000067   EVENT103
00000068   EVENT104
00000069   EVENT105
0000006a   EVENT106
0000006b   EVENT107
0000006c   EVENT108
0000006d   EVENT109
0000000b   EVENT11
0000006e   EVENT110
0000006f   EVENT111
00000070   EVENT112
00000071   EVENT113
00000072   EVENT114
00000073   EVENT115
00000074   EVENT116
00000075   EVENT117
00000076   EVENT118
00000077   EVENT119
0000000c   EVENT12
00000078   EVENT120
00000079   EVENT121
0000007a   EVENT122
0000007b   EVENT123
0000007c   EVENT124
0000007d   EVENT125
0000007e   EVENT126
0000007f   EVENT127
0000000d   EVENT13
0000000e   EVENT14
0000000f   EVENT15
00000010   EVENT16
00000011   EVENT17
00000012   EVENT18
00000013   EVENT19
00000014   EVENT20
00000015   EVENT21
00000016   EVENT22
00000017   EVENT23
00000018   EVENT24
00000019   EVENT25
0000001a   EVENT26
0000001b   EVENT27
0000001c   EVENT28
0000001d   EVENT29
0000001e   EVENT30
0000001f   EVENT31
00000020   EVENT32
00000021   EVENT33
00000022   EVENT34
00000023   EVENT35
00000024   EVENT36
00000025   EVENT37
00000026   EVENT38
00000027   EVENT39
00000004   EVENT4
00000028   EVENT40
00000029   EVENT41
0000002a   EVENT42
0000002b   EVENT43
0000002c   EVENT44
0000002d   EVENT45
0000002e   EVENT46
0000002f   EVENT47
00000030   EVENT48
00000031   EVENT49
00000005   EVENT5
00000032   EVENT50
00000033   EVENT51
00000034   EVENT52
00000035   EVENT53
00000036   EVENT54
00000037   EVENT55
00000038   EVENT56
00000039   EVENT57
0000003a   EVENT58
0000003b   EVENT59
00000006   EVENT6
0000003c   EVENT60
0000003d   EVENT61
0000003e   EVENT62
0000003f   EVENT63
00000040   EVENT64
00000041   EVENT65
00000042   EVENT66
00000043   EVENT67
00000044   EVENT68
00000045   EVENT69
00000007   EVENT7
00000046   EVENT70
00000047   EVENT71
00000048   EVENT72
00000049   EVENT73
0000004a   EVENT74
0000004b   EVENT75
0000004c   EVENT76
0000004d   EVENT77
0000004e   EVENT78
0000004f   EVENT79
00000008   EVENT8
00000050   EVENT80
00000051   EVENT81
00000052   EVENT82
00000053   EVENT83
00000054   EVENT84
00000055   EVENT85
00000056   EVENT86
00000057   EVENT87
00000058   EVENT88
00000059   EVENT89
00000009   EVENT9
0000005a   EVENT90
0000005b   EVENT91
0000005c   EVENT92
0000005d   EVENT93
0000005e   EVENT94
0000005f   EVENT95
00000060   EVENT96
00000061   EVENT97
00000062   EVENT98
00000063   EVENT99
1180b9c0   FXN_F_nop
1180b9c4   FXN_F_run
1180ba00   FXN_F_zero
00000001   GBL$
00005205   GBL_A_VERSION
00000000   GBL_BCACHEREADADDR0
00000000   GBL_BCACHEREADADDR1
00000000   GBL_BCACHEREADADDR2
00000000   GBL_BIGENDIAN
00000000   GBL_CACHE
00000000   GBL_CALLCSLCFGINIT
00004e20   GBL_CLKIN
00001a5b   GBL_CLKTYPE
00001a5c   GBL_DSPSUBTYPE
0000003e   GBL_DSPTYPE
00000001   GBL_ENABLEINST
00000000   GBL_ENABLE_SK
00000042   GBL_FOOTPRINT
000493e0   GBL_FREQ
00000000   GBL_GEMTRUECOMPEN
00000007   GBL_L1DMODE
00000007   GBL_L1PMODE
00000001   GBL_L2CONFIGURE
00000000   GBL_L2MAR0_31
00000001   GBL_L2MAR128_159
00000000   GBL_L2MAR160_191
ffffffff   GBL_L2MAR192_223
00000000   GBL_L2MAR224_255
00000000   GBL_L2MAR32_63
00000000   GBL_L2MAR64_95
00000000   GBL_L2MAR96_127
00000000   GBL_L2MODE
00000000   GBL_NULL
00000000   GBL_PROCID
00000000   GBL_ROM
00000000   GBL_SUPPORTCSL
0000dbef   GBL_TRCMASKVALUE
00000000   GBL_USERINIT
1180bd60   GBL_USERINITFXN
00000001   GBL_boot
11814748   GBL_initdone
11813a98   GBL_stackbeg
11813e97   GBL_stackend
00000000   GIO$
1180bd60   GIO_CREATEFXN
1180bd60   GIO_DELETEFXN
1180bd60   GIO_PENDFXN
1180bd60   GIO_POSTFXN
00000000   HOOK$
00000000   HOOK_KNLID
00000001   HST$
11811fc0   HST_A_TABBEG
11811ffc   HST_A_TABEND
00000000   HST_DSM
1180fecc   HST_DSMBUFSEG
00000400   HST_DSMMEMSIZE
1180fda4   HST_D_chanmask
1180fda8   HST_D_tabbeg
1180fdac   HST_D_tabend
000000ff   HST_MAXFRAMEALLOWED
00000040   HST_MAXFRAMESET
00000000   HST_NONE
00000001   HST_RTDX
00000001   HWI$
11814000   HWI_A_VECS
00005828   HWI_CFGDISPATCHED
1180ff18   HWI_D_bss
1180ff1c   HWI_D_ccmask
1180ff08   HWI_D_spsave
00000001   HWI_ENABLE_EXC
118086a0   HWI_F_dispatch
00000000   HWI_GENERATE_RESET_VEC
0000000a   HWI_INT10
00000000   HWI_INT10$hwi
0000000b   HWI_INT11
00000000   HWI_INT11$hwi
0000000c   HWI_INT12
00000000   HWI_INT12$hwi
0000000d   HWI_INT13
00000000   HWI_INT13$hwi
0000000e   HWI_INT14
00000000   HWI_INT14$hwi
0000000f   HWI_INT15
00000000   HWI_INT15$hwi
00000004   HWI_INT4
00000000   HWI_INT4$hwi
00000005   HWI_INT5
00000000   HWI_INT5$hwi
00000006   HWI_INT6
00000000   HWI_INT6$hwi
00000007   HWI_INT7
00000000   HWI_INT7$hwi
00000008   HWI_INT8
00000000   HWI_INT8$hwi
00000009   HWI_INT9
00000000   HWI_INT9$hwi
07063d04   HWI_INTRMUX1
0b0a0908   HWI_INTRMUX2
28040d0c   HWI_INTRMUX3
00000001   HWI_NMI
00000000   HWI_NMI$hwi
00000000   HWI_POLARITYMASK
00000002   HWI_RESERVED0
00000000   HWI_RESERVED0$hwi
00000003   HWI_RESERVED1
00000000   HWI_RESERVED1$hwi
00000000   HWI_RESET
00000000   HWI_RESET$hwi
00000000   HWI_ZEROTAB
00000001   IDL$
11814714   IDL_A_CALBEG
11814704   IDL_A_TABBEG
00000006   IDL_CALIBRERROR
1180bc60   IDL_CALIBRFXN
1180ff98   IDL_D_busyObj
1180fd18   IDL_D_calbeg
1180fd14   IDL_D_calibrate
1180fd10   IDL_D_tabbeg
11814710   IDL_END
11814720   IDL_END$
1180ba80   IDL_F_busy
1180b8e0   IDL_F_calibrate
1180bda0   IDL_F_loop
1180bc60   IDL_F_stub
00000001   IDL_USECLKIDLTIME
1181466c   IDL_busyObj
11813702   IDL_busyObj$avgfmt
00000001   IDL_busyObj$filter
00000001   IDL_busyObj$iA
00000000   IDL_busyObj$iB
00000001   IDL_busyObj$iC
118136fc   IDL_busyObj$maxfmt
00000000   IDL_busyObj$operation
11814668   IDL_busyObj$stsobj
118136ff   IDL_busyObj$sumfmt
00000002   IDL_busyObj$unittype
11814704   IDL_cpuLoad
11814714   IDL_cpuLoad$
1180fecc   IRAM
1180be40   IRAM$B
00002000   IRAM$L
00000001   ISRC$
1180acb8   KNL_glue
1180ffd0   KNL_swi
00000001   KNL_swi$dorta
00000002   KNL_swi$ord
00000000   KNL_swi$pri
1181464c   KNL_swi$sts
118136d8   KNL_swi$sts$avgfmt
00000002   KNL_swi$sts$filter
00000001   KNL_swi$sts$filtmaxmult
00000001   KNL_swi$sts$filtsummult
118136c8   KNL_swi$sts$maxfmt
11814648   KNL_swi$sts$stsobj
118136d0   KNL_swi$sts$sumfmt
00000000   KNL_swi$sts$unittype
00000000   KNL_swi$swi
ffffffff   L3_CBA_RAM
00000001   LCK$
11807b60   LNK_F_checkBufferCall
11807be0   LNK_F_dataPump
11807b80   LNK_F_getChanPtr
11807bd8   LNK_F_init
118080e8   LNK_F_readCallBack
11814708   LNK_dataPump
11814718   LNK_dataPump$
1180ff24   LNK_dspFrameReadyMask
1180ff20   LNK_dspFrameRequestMask
11807e60   LNK_newin
11807f94   LNK_newout
11807bf0   LNK_rcloop
11807cb4   LNK_rdrtry
1180ff2c   LNK_readDone
1180ff30   LNK_readFail
1180ff28   LNK_readPend
11807cc4   LNK_rrloop
1180ff34   LNK_writeFail
11807d90   LNK_wrloop
11807d84   LNK_wrrtry
00000001   LOG$
118146c4   LOG_A_TABBEG
118146f4   LOG_A_TABEND
00000002   LOG_A_TABLEN
1180fd1c   LOG_D_system
00000001   LOG_ENABLED
1180b860   LOG_F_event
118146c4   LOG_system
11812000   LOG_system$buf
00000000   LOG_system$datatype
00000000   LOG_system$log
00000200   LOG_system$size
00000000   MBX$
00000001   MEM$
1180fecc   MEM_MALLOCSEG
00000000   MEM_NULL
1180fecc   MEM_SEGZERO
00000000   MEM_USEMPC
00000001   MEM_gNumHeap
00000000   MSGQ$
00000000   MSGQ_USEMSGQ
00000000   OBJ$
00000000   PIP$
11814500   PIP_A_TABBEG
118145c8   PIP_A_TABEND
00000002   PIP_A_TABLEN
1180fd20   PIP_D_tabbeg
1180fd24   PIP_D_tablen
1180a338   PIP_F_give
1180a338   PIP_F_probe
1180a408   PIP_F_start
1180a2c0   PIP_F_take
00000064   PIP_OBJSIZE
00000000   PIP_gNextId
00000002   PIP_gNumEmbed
00000000   POOL$
00000000   POOL_USEPOOL
00000001   PRD$
11812d60   PRD0
11812d7c   PRD0$aaa
00000000   PRD0$mode
00000001   PRD0$ord
000001f4   PRD0$period
00000000   PRD0$prd
1181462c   PRD0$sts
118136a3   PRD0$sts$avgfmt
00000000   PRD0$sts$filter
11813691   PRD0$sts$maxfmt
11814628   PRD0$sts$stsobj
1181369a   PRD0$sts$sumfmt
00000002   PRD0$sts$unittype
11812d60   PRD_A_TABBEG
11812d80   PRD_A_TABEND
00000001   PRD_A_TABLEN
1180fd60   PRD_D_cur
1180fd64   PRD_D_elapsed
1180fd68   PRD_D_prevtim
1180fd6c   PRD_D_scalar
1180fd70   PRD_D_swihandle
1180fd74   PRD_D_tabbeg
1180fd78   PRD_D_tablen
1180fd7c   PRD_D_thook
1180fd5c   PRD_D_tick
11809040   PRD_F_swi
118092c4   PRD_F_tick
00000001   PRD_SCALAR
1180ffa4   PRD_SWIHANDLE
11809ed4   PRD_THOOKFXN
1181474c   PRD_clock
1180ffa4   PRD_swi
00000001   PRD_swi$dorta
00000001   PRD_swi$ord
00000001   PRD_swi$pri
1181463c   PRD_swi$sts
118136be   PRD_swi$sts$avgfmt
00000002   PRD_swi$sts$filter
00000001   PRD_swi$sts$filtmaxmult
00000001   PRD_swi$sts$filtsummult
118136ae   PRD_swi$sts$maxfmt
11814638   PRD_swi$sts$stsobj
118136b6   PRD_swi$sts$sumfmt
00000000   PRD_swi$sts$unittype
00000000   PRD_swi$swi
00000001   PWRM$
00000030   PWRM_PWRM_CAPSMASK
0000000a   PWRM_PWRM_CLKTICKSPERSLOT
00000000   PWRM_PWRM_ENABLE
00000002   PWRM_PWRM_INITSPCPU
00000000   PWRM_PWRM_INITSPPER
00000000   PWRM_PWRM_LOADENABLE
00000001   PWRM_PWRM_NUMSLOTS
00000000   PWRM_PWRM_RESOURCETRACKING
00000000   PWRM_PWRM_SCALING
1180bd60   PWRM_PWRM_SHAREDRESOURCEFXN
1180bd60   PWRM_PWRM_SLOTHOOKFXN
00000000   PWRM_PWRM_TIMERIDNUM
00000000   PWRM_PWRM_TIMERINTRMASK
00000000   PWRM_PWRM_TIMERWUGENMASK
00000000   PWRM_PWRM_USERRESOURCES
00000000   PWRM_PWRM_USETIMER
00000001   QUE$
1180fd80   RTA_D_fromHost
1180fd88   RTA_D_logval
1180fd98   RTA_D_stsval
1180fd84   RTA_D_toHost
1180bca0   RTA_F_andn
11809720   RTA_F_dispatch
11809640   RTA_F_getlog
11809678   RTA_F_getsts
1180bcb8   RTA_F_or
118096b8   RTA_F_readblk
118096e0   RTA_F_resetmem
118096d4   RTA_F_writeword
1181470c   RTA_dispatcher
1181471c   RTA_dispatcher$
1180976c   RTA_execute
11811fc4   RTA_fromHost
118146f4   RTA_fromHost$buf
00000004   RTA_fromHost$framesize
00000000   RTA_fromHost$hst
00000001   RTA_fromHost$id
00000000   RTA_fromHost$mode
11814500   RTA_fromHost$pipe
11814530   RTA_fromHost$pipe$aaa
11814560   RTA_fromHost$pipe$bbb
1180fed0   RTA_fromHost$pipe$dtab
11814504   RTA_fromHost$pipe$rd
11814534   RTA_fromHost$pipe$wr
11811fcc   RTA_fromHost$rtdx
11811fe0   RTA_toHost
11814400   RTA_toHost$buf
00000040   RTA_toHost$framesize
00000000   RTA_toHost$hst
00000000   RTA_toHost$id
00000001   RTA_toHost$mode
11814564   RTA_toHost$pipe
11814594   RTA_toHost$pipe$aaa
118145c4   RTA_toHost$pipe$bbb
1180fedc   RTA_toHost$pipe$dtab
11814568   RTA_toHost$pipe$rd
11814598   RTA_toHost$pipe$wr
11811fe8   RTA_toHost$rtdx
00000001   RTDX$
00000408   RTDX_BUFMEMSIZE
1180fecc   RTDX_DATAMEMSEG
00000000   RTDX_MODE
00000001   RTDX_NORMALIZED_HDR
00000001   RTDX_USERTDX
00000000   RTDX_USERTEXECUTION
00000000   SEM$
00000000   SIO$
00000001   STS$
11814628   STS_A_TABBEG
11814678   STS_A_TABEND
1180bb6c   STS_F_add
1180bb40   STS_F_delta
1180bb88   STS_F_reset
00000001   SWI$
1180ffa4   SWI_A_TABBEG
1180fffc   SWI_A_TABEND
00000002   SWI_A_TABLEN
1180fdf4   SWI_D_curfxn
1180fde4   SWI_D_curmask
1180fdf0   SWI_D_curmbox
1180fde8   SWI_D_curset
1180fde0   SWI_D_execaddr
1180fdfc   SWI_D_inswi
1180fdec   SWI_D_lock
1180fdf8   SWI_D_rdybeg
1180fe00   SWI_D_rdytab
1180fddc   SWI_D_runaddr
00000000   SWI_EHOOKFXN
11808d64   SWI_EXECFXN
11808b80   SWI_F_enable
11808d64   SWI_F_exec
11808d8c   SWI_F_iexec
11808bf0   SWI_F_post
11808e0c   SWI_F_run
00000000   SWI_IHOOKFXN
11808e0c   SWI_RUNFXN
00000001   SYS$
11814724   SYS$config
1180bce0   SYS_ABORTFXN
1180bde0   SYS_ERRORFXN
1180be00   SYS_EXITFXN
1180bd20   SYS_PUTCFXN
11814744   TRC_R_mask
11814740   TRC_cinit
00000001   TSK$
00000000   TSK_NUM_HOOKS
00000001   TSK_PRIORITY
00000000   TSK_READYFXN
00000000   TSK_STACKSEG
00000400   TSK_STACKSIZE
00000000   TSK_SWITCHFXN
1180bd60   TSK_VCREATEFXN
1180bd60   TSK_VDELETEFXN
1180bd60   TSK_VEXITFXN
118145d4   TSK_idle
00000000   TSK_idle$ord
00000000   TSK_idle$pri
11813698   TSK_idle$stack
11813a30   TSK_idle$stkptr
1181465c   TSK_idle$sts
118136f2   TSK_idle$sts$avgfmt
00000002   TSK_idle$sts$filter
00000001   TSK_idle$sts$filtmaxmult
00000001   TSK_idle$sts$filtsummult
118136e2   TSK_idle$sts$maxfmt
11814658   TSK_idle$sts$stsobj
118136ea   TSK_idle$sts$sumfmt
00000000   TSK_idle$sts$unittype
00000000   TSK_idle$tsk
00000000   UDEV$
1180104c   _AIC3106_Init
11801100   _AIC3106_readRegister
11801154   _AIC3106_writeRegister
1180bd60   _BCACHE_bootInit
1180b074   _BCACHE_getMar
1180b024   _BCACHE_getSize
1180aff4   _BCACHE_setCacheToSram
1180afa4   _BCACHE_setMar
1180af60   _BCACHE_setSize
11812800   _BIOS_init
11812a30   _BIOS_start
ffffffff   _CACHE_L1D
ffffffff   _CACHE_L1P
000493e0   _CLK_COUNTSPMS
1180ff84   _CLK_DFLTMICROSECS
1180fd58   _CLK_D_countspms
1180fd4c   _CLK_D_dirty
1180ff88   _CLK_D_microseconds
1180fd50   _CLK_D_prd
1180fd54   _CLK_D_tddr
1180ab10   _CLK_F_itime
00005dc0   _CLK_PRD
01c20000   _CLK_REGS
00000000   _CLK_TDDR
00000000   _CLK_TIMERNUM
00000001   _CLK_USETIMER
1180be20   _CLK_gethtime
1180fd3c   _CLK_htimeDiv
1180fd40   _CLK_htimeMult
1180ff94   _CLK_htimePerLtime
1180f464   _CLK_inputClock
1180ab10   _CLK_itime
1180fd44   _CLK_ltimeDiv
1180fd48   _CLK_ltimeMult
1180bc00   _CLK_measure
ffffffff   _DDR
118059a4   _DIP_get
11805a08   _DIP_getAll
11805980   _DIP_init
0000000a   _EVENT10
00000064   _EVENT100
00000065   _EVENT101
00000066   _EVENT102
00000067   _EVENT103
00000068   _EVENT104
00000069   _EVENT105
0000006a   _EVENT106
0000006b   _EVENT107
0000006c   _EVENT108
0000006d   _EVENT109
0000000b   _EVENT11
0000006e   _EVENT110
0000006f   _EVENT111
00000070   _EVENT112
00000071   _EVENT113
00000072   _EVENT114
00000073   _EVENT115
00000074   _EVENT116
00000075   _EVENT117
00000076   _EVENT118
00000077   _EVENT119
0000000c   _EVENT12
00000078   _EVENT120
00000079   _EVENT121
0000007a   _EVENT122
0000007b   _EVENT123
0000007c   _EVENT124
0000007d   _EVENT125
0000007e   _EVENT126
0000007f   _EVENT127
0000000d   _EVENT13
0000000e   _EVENT14
0000000f   _EVENT15
00000010   _EVENT16
00000011   _EVENT17
00000012   _EVENT18
00000013   _EVENT19
00000014   _EVENT20
00000015   _EVENT21
00000016   _EVENT22
00000017   _EVENT23
00000018   _EVENT24
00000019   _EVENT25
0000001a   _EVENT26
0000001b   _EVENT27
0000001c   _EVENT28
0000001d   _EVENT29
0000001e   _EVENT30
0000001f   _EVENT31
00000020   _EVENT32
00000021   _EVENT33
00000022   _EVENT34
00000023   _EVENT35
00000024   _EVENT36
00000025   _EVENT37
00000026   _EVENT38
00000027   _EVENT39
00000004   _EVENT4
00000028   _EVENT40
00000029   _EVENT41
0000002a   _EVENT42
0000002b   _EVENT43
0000002c   _EVENT44
0000002d   _EVENT45
0000002e   _EVENT46
0000002f   _EVENT47
00000030   _EVENT48
00000031   _EVENT49
00000005   _EVENT5
00000032   _EVENT50
00000033   _EVENT51
00000034   _EVENT52
00000035   _EVENT53
00000036   _EVENT54
00000037   _EVENT55
00000038   _EVENT56
00000039   _EVENT57
0000003a   _EVENT58
0000003b   _EVENT59
00000006   _EVENT6
0000003c   _EVENT60
0000003d   _EVENT61
0000003e   _EVENT62
0000003f   _EVENT63
00000040   _EVENT64
00000041   _EVENT65
00000042   _EVENT66
00000043   _EVENT67
00000044   _EVENT68
00000045   _EVENT69
00000007   _EVENT7
00000046   _EVENT70
00000047   _EVENT71
00000048   _EVENT72
00000049   _EVENT73
0000004a   _EVENT74
0000004b   _EVENT75
0000004c   _EVENT76
0000004d   _EVENT77
0000004e   _EVENT78
0000004f   _EVENT79
00000008   _EVENT8
00000050   _EVENT80
00000051   _EVENT81
00000052   _EVENT82
00000053   _EVENT83
00000054   _EVENT84
00000055   _EVENT85
00000056   _EVENT86
00000057   _EVENT87
00000058   _EVENT88
00000059   _EVENT89
00000009   _EVENT9
0000005a   _EVENT90
0000005b   _EVENT91
0000005c   _EVENT92
0000005d   _EVENT93
0000005e   _EVENT94
0000005f   _EVENT95
00000060   _EVENT96
00000061   _EVENT97
00000062   _EVENT98
00000063   _EVENT99
118001e8   _EVMC6748_enableDsp
11800000   _EVMC6748_init
1180002c   _EVMC6748_initRAM
118002b0   _EVMC6748_lpscTransition
11800214   _EVMC6748_pinmuxConfig
11808670   _EXC_clearLastStatus
1180a0e0   _EXC_dispatch
11808494   _EXC_exceptionHandler
1180ff38   _EXC_exceptionHook
11808460   _EXC_external
1180ff40   _EXC_externalHook
11808440   _EXC_getLastStatus
11808400   _EXC_init
11808154   _EXC_internal
1180ff3c   _EXC_internalHook
11808120   _EXC_nmi
1180ff44   _EXC_nmiHook
1180fef0   _EXC_returnPtr
1180a2a4   _EXC_setReturnPtr
1180fbc8   _EXC_status
1180fee8   _EXC_sysTrapTable
1180bd60   _FXN_F_nop
1180b9c4   _FXN_F_run
1180ba00   _FXN_F_zero
00000000   _GBL_CACHE
1180b108   _GBL_cacheInit64P
1180fdb4   _GBL_clkIn
1180fdb8   _GBL_freq
1180bd80   _GBL_getVersion
1180fdb0   _GBL_procId
11802fb8   _GPIO_getInput
11802f40   _GPIO_setDir
1180302c   _GPIO_setOutput
118030ac   _GPIO_toggleLoop
11806f00   _HOSTclose
118060c0   _HOSTlseek
118063c0   _HOSTopen
118064a0   _HOSTread
11805800   _HOSTrename
11806900   _HOSTunlink
118069c0   _HOSTwrite
11811000   _HSRTDX_rec
11811760   _HSRTDX_xmt
11811fc0   _HST_A_TABBEG
11811ffc   _HST_A_TABEND
00005828   _HWI_CFGDISPATCHED
1180ff14   _HWI_D_inhwi
1180ff08   _HWI_D_spsave
118086a0   _HWI_F_dispatch
0000000a   _HWI_INT10
0000000b   _HWI_INT11
0000000c   _HWI_INT12
0000000d   _HWI_INT13
0000000e   _HWI_INT14
0000000f   _HWI_INT15
00000004   _HWI_INT4
00000005   _HWI_INT5
00000006   _HWI_INT6
00000007   _HWI_INT7
00000008   _HWI_INT8
00000009   _HWI_INT9
00000001   _HWI_NMI
00000002   _HWI_RESERVED0
00000003   _HWI_RESERVED1
00000000   _HWI_RESET
11813e90   _HWI_STKBOTTOM
11813a98   _HWI_STKTOP
1180ff08   _HWI_data
1180ba20   _HWI_disable
1180fc10   _HWI_dispatchTab
1180ba38   _HWI_enable
1180ba4c   _HWI_restore
11802354   _I2CGPIO_getInput
11802470   _I2CGPIO_getInputAll
11802280   _I2CGPIO_init
11802580   _I2CGPIO_setOutput
118026c8   _I2CGPIO_setOutputAll
118032c0   _I2C_init
118033ac   _I2C_read
11803508   _I2C_write
1181466c   _IDL_busyObj
11814704   _IDL_cpuLoad
1180bda0   _IDL_loop
1180fecc   _IRAM
1180be40   _IRAM_base
00002000   _IRAM_length
1180fe80   _KNL_alarm
1180b1c0   _KNL_check
1180fea4   _KNL_curqueue
1180fe94   _KNL_curtask
1180fe9c   _KNL_curtime
1180fa50   _KNL_dummy
1180b520   _KNL_enter
1180b4e0   _KNL_exit
1180b288   _KNL_idle
1180febc   _KNL_idlefxn
1180fe88   _KNL_inactive
1180b6e0   _KNL_ipost
1180b2b0   _KNL_max
1180fea8   _KNL_maxqueue
1180b760   _KNL_post
1180fe98   _KNL_prevtask
1180fe8c   _KNL_priority
1180f9b0   _KNL_queues
118098c0   _KNL_run
1180ab60   _KNL_saveIsrFrame
1180fe90   _KNL_set
1180fe84   _KNL_setpri
1180ffd0   _KNL_swi
1180fea0   _KNL_swiptr
1180ac0c   _KNL_switch
1180feb0   _KNL_tcreatefxn
1180feb4   _KNL_tdeletefxn
11809ed4   _KNL_tick
1180feb8   _KNL_treadyfxn
1180feac   _KNL_tswitchfxn
1180fe78   _KNL_wFlag
1180fe7c   _KNL_wList
ffffffff   _L3_CBA_RAM
1180b800   _LCK_pend
1180b7e0   _LCK_post
118052c0   _LED_init
1180530c   _LED_isOn
1180540c   _LED_toggle
118053c4   _LED_turnOff
11805374   _LED_turnOn
11814708   _LNK_dataPump
1180ff24   _LNK_dspFrameReadyMask
1180ff20   _LNK_dspFrameRequestMask
1180ff2c   _LNK_readDone
1180ff30   _LNK_readFail
1180ff28   _LNK_readPend
1180ff34   _LNK_writeFail
118146c4   _LOG_A_TABBEG
118146f4   _LOG_A_TABEND
00000002   _LOG_A_TABLEN
1180fd1c   _LOG_D_system
1180b860   _LOG_event
118146c4   _LOG_system
1180ff9c   _MEM
1180fdbc   _MEM_D_NUMSEGMENTS
1180fdc4   _MEM_D_freelist
1180fdc8   _MEM_D_lockaddr
1180fdc0   _MEM_D_memtab
1180fdcc   _MEM_D_unlockaddr
11809b00   _MEM_alloc
11809f00   _MEM_free
11812c40   _MEM_init
1180fec0   _MEM_memtab
11800cd0   _McASP_Init
11800e14   _McASP_Start
1180fb20   _OBJ_segtab
1180fae8   _OBJ_table
11814500   _PIP_A_TABBEG
118145c8   _PIP_A_TABEND
11812d60   _PRD0
1180fd5c   _PRD_D_tick
1181474c   _PRD_clock
1180ffa4   _PRD_swi
1181470c   _RTA_dispatcher
11811fc4   _RTA_fromHost
11811fe0   _RTA_toHost
11812e00   _RTDX_Buffer
1181320c   _RTDX_Buffer_End
11811de0   _RTDX_Buffer_Initialize
11811f60   _RTDX_Buffer_Read
11811ea0   _RTDX_Buffer_ReadCB
11811ee0   _RTDX_Buffer_Size
11813208   _RTDX_Buffer_Start
11811f80   _RTDX_Buffer_Write
118112a0   _RTDX_Buffer_WriteCB
11811d60   _RTDX_Final_RT_Monitor
11811e40   _RTDX_Init_RT_Monitor
00000002   _RTDX_JTAGONLY
11811fa0   _RTDX_Mask_IER
11811a60   _RTDX_Mon_Queue
11811cc0   _RTDX_Poll
00000000   _RTDX_interrupt_mask
11811f20   _RTDX_memfill
11813260   _RTDX_writing
1180fecc   _SEG0
1180bae0   _SEM_pend
1180a4a0   _SEM_pendEnterKnl
1180b400   _SEM_post
1180b400   _SEM_postBinary
1180b5a0   _SEM_postEnterKnl
11814628   _STS_A_TABBEG
11814678   _STS_A_TABEND
1180bb6c   _STS_add
1180bb40   _STS_delta
1180bb88   _STS_reset
1180bdc0   _STS_set
1180fdf4   _SWI_D_curfxn
1180fde4   _SWI_D_curmask
1180fde8   _SWI_D_curset
1180fde0   _SWI_D_execaddr
1180fdfc   _SWI_D_inswi
1180fdec   _SWI_D_lock
1180fdf8   _SWI_D_rdybeg
1180fddc   _SWI_D_runaddr
1180fddc   _SWI_data
11808bf0   _SWI_post
1180fdd0   _SYS
11814200   _SYS_PUTCBEG
118143ff   _SYS_PUTCEND
1180bba0   _SYS_abort
1180b960   _SYS_error
1180b640   _SYS_exit
1180fb90   _SYS_exitStack
1180ff8c   _SYS_exitStackPtr
1180ff90   _SYS_exitStackTop
11801210   _SetGpio
11814744   _TRC_R_mask
1180ff80   _TSK
1180fa88   _TSK_ATTRS
1180faa4   _TSK_config
1180ae20   _TSK_exit
118145d4   _TSK_idle
11812d00   _TSK_init
1180ff78   _TSK_nTasks
1180ff7c   _TSK_pid
1180a820   _TSK_setup
1180b384   _TSK_startup
1180fac4   _TSK_timerSem
11801198   _USTIMER_delay
11800c00   _UTIL_isUIBoardAttached
11800aa8   _UTIL_printMem
1180bce0   _UTL_doAbort
1180bde0   _UTL_doError
1180bd20   _UTL_doPutc
1180be00   _UTL_halt
11813e98   __CIOBUF_
1180ab30   __CLK_lat1beg
1180ab50   __CLK_lat1end
1180fdd8   __HOOK_NUMHOOKS
1180fdd4   __HOOK_knlId
118086a0   __HWI_lat1beg
11808828   __HWI_lat1end
11808828   __HWI_lat2beg
11808a04   __HWI_lat2end1
11808990   __HWI_lat2end2
11808a20   __HWI_lat3beg
118089c0   __HWI_lat3end2
1180ba80   __IDL_lat1beg
1180bac0   __IDL_lat1end
1180b20c   __KNL_lat1beg
1180b288   __KNL_lat1end
1180b860   __LOG_lat1beg
1180fb64   __MEM_mutex
118096e0   __RTA_lat1beg
11809714   __RTA_lat1end
1180a680   __SEM_dopost
11813e98   __STACK_END
00000400   __STACK_SIZE
11808cf8   __SWI_lat1beg
11808da4   __SWI_lat1end
11808da8   __SWI_lat2beg
11808e08   __SWI_lat2end
11808b80   __SWI_lat3beg
11808bec   __SWI_lat3end
1180fb3c   __TSK_mutex
1180fbfc   ___TI_enable_exit_profile_output
ffffffff   ___TI_pprof_out_hndl
ffffffff   ___TI_prof_data_size
ffffffff   ___TI_prof_data_start
11807900   ___add_dtor
1180f708   ___atexit_func_id__
ffffffff   ___binit__
1180fc10   ___bss__
ffffffff   ___c_args__
1180de40   ___cinit__
11800000   ___data__
11800000   ___edata__
1180ffa4   ___end__
11807b60   ___etext__
11807940   ___isinf
11814734   ___pinit__
11800000   ___text__
1180ace0   __auto_init
11806b40   __c6xabi_divu
11806fa0   __cleanup
1180fbf4   __cleanup_ptr
11805d60   __closefile
11813410   __ctypes_
11801240   __divd
11807040   __divli
11806b40   __divu
11805660   __divul
11804160   __divull
11806c00   __doflush
1180fbf8   __dtors_ptr
11807220   __fixdli
118075e0   __fltlid
118079c0   __frcmpyd_div
1180f460   __ft_end
1180f140   __ftable
11807660   __llshl
11807a00   __llshru
1180fc00   __lock
11807a80   __negll
11807aa0   __nop
11802760   __printfi
11807b00   __register_lock
11807b20   __register_unlock
11807a40   __remli
11813a98   __stack
118077e0   __subcull
1180f320   __tmpnams
1180fc04   __unlock
118061c0   __wrt_ok
11806cc0   _atexit
11806580   _atoi
11804d44   _audioHWI
11813518   _bitval_u32
1180f468   _buffer
1180ff4c   _bufferLength
11812b80   _c_int00
118062c0   _call_dtors
118095ec   _calloc
11806660   _close
11800688   _config_pll0
118008c4   _config_pll1
11804cd8   _dipPRD
1180f9ac   _dtors
1180f4e8   _filterCoef
1180ff4a   _filterOn
11804a80   _fputc
11802ba0   _fputs
118093c0   _free
11805fa0   _fseek
11800c68   _initAll
11807400   _lseek
11806d80   _ltoa
11804ca0   _main
118093e4   _malloc
1180ff48   _mask
11809528   _memalign
11807840   _memccpy
118074a0   _memcpy
11806740   _memset
11806820   _printf
11804a80   _putc
1180ff50   _readIndex
11800c20   _read_audio_sample
118076e0   _readmsg
11809444   _realloc
11807b40   _remove
1180ff60   _rtdxNullChanCnt
1180ff64   _rtdxNullFuncCnt
1180ff6c   _rtdxRecNotDoneCnt
1180ff74   _rtdxXmtErrorCnt
1180ff68   _rtdxXmtNotDoneCnt
1180ff70   _rtdxXmtRestartCnt
11813254   _rtdx_buffer_state
11813210   _rtdx_mon_state
118050c0   _setvbuf
1180f6f8   _test
118146dc   _trace
1180f5f0   _unfilteredCoef
11807760   _unlink
11807540   _write
1180ff54   _writeIndex
11800c44   _write_audio_sample
118078a0   _writemsg
ffffffff   binit
1180de40   cinit
11800000   edata
1180ffa4   end
11807b60   etext
11814000   hwi0
11814020   hwi1
11814140   hwi10
11814160   hwi11
11814180   hwi12
118141a0   hwi13
118141c0   hwi14
118141e0   hwi15
11814040   hwi2
11814060   hwi3
11814080   hwi4
118140a0   hwi5
118140c0   hwi6
118140e0   hwi7
11814100   hwi8
11814120   hwi9
11814734   pinit
118146dc   trace
11810000   trace$buf
00000001   trace$datatype
00000000   trace$log
00000400   trace$size


GLOBAL SYMBOLS: SORTED BY Symbol Address 

address    name
--------   ----
00000000   BUF$
00000000   CLK_PRDHIGH
00000000   CLK_TDDR
00000000   CLK_TDDRHIGH
00000000   CLK_TIMERNUM
00000000   DEV$
00000000   DGN$
00000000   DHL$
00000000   DHL_gChannelsAvailable
00000000   DIO$
00000000   DIO_NUMSWIBASE
00000000   DIO_NUMTSKBASE
00000000   DIO_STATIC
00000000   DPI$
00000000   ECM$
00000000   ECM_ENABLE
00000000   GBL_BCACHEREADADDR0
00000000   GBL_BCACHEREADADDR1
00000000   GBL_BCACHEREADADDR2
00000000   GBL_BIGENDIAN
00000000   GBL_CACHE
00000000   GBL_CALLCSLCFGINIT
00000000   GBL_ENABLE_SK
00000000   GBL_GEMTRUECOMPEN
00000000   GBL_L2MAR0_31
00000000   GBL_L2MAR160_191
00000000   GBL_L2MAR224_255
00000000   GBL_L2MAR32_63
00000000   GBL_L2MAR64_95
00000000   GBL_L2MAR96_127
00000000   GBL_L2MODE
00000000   GBL_NULL
00000000   GBL_PROCID
00000000   GBL_ROM
00000000   GBL_SUPPORTCSL
00000000   GBL_USERINIT
00000000   GIO$
00000000   HOOK$
00000000   HOOK_KNLID
00000000   HST_DSM
00000000   HST_NONE
00000000   HWI_GENERATE_RESET_VEC
00000000   HWI_INT10$hwi
00000000   HWI_INT11$hwi
00000000   HWI_INT12$hwi
00000000   HWI_INT13$hwi
00000000   HWI_INT14$hwi
00000000   HWI_INT15$hwi
00000000   HWI_INT4$hwi
00000000   HWI_INT5$hwi
00000000   HWI_INT6$hwi
00000000   HWI_INT7$hwi
00000000   HWI_INT8$hwi
00000000   HWI_INT9$hwi
00000000   HWI_NMI$hwi
00000000   HWI_POLARITYMASK
00000000   HWI_RESERVED0$hwi
00000000   HWI_RESERVED1$hwi
00000000   HWI_RESET
00000000   HWI_RESET$hwi
00000000   HWI_ZEROTAB
00000000   IDL_busyObj$iB
00000000   IDL_busyObj$operation
00000000   KNL_swi$pri
00000000   KNL_swi$sts$unittype
00000000   KNL_swi$swi
00000000   LOG_system$datatype
00000000   LOG_system$log
00000000   MBX$
00000000   MEM_NULL
00000000   MEM_USEMPC
00000000   MSGQ$
00000000   MSGQ_USEMSGQ
00000000   OBJ$
00000000   PIP$
00000000   PIP_gNextId
00000000   POOL$
00000000   POOL_USEPOOL
00000000   PRD0$mode
00000000   PRD0$prd
00000000   PRD0$sts$filter
00000000   PRD_swi$sts$unittype
00000000   PRD_swi$swi
00000000   PWRM_PWRM_ENABLE
00000000   PWRM_PWRM_INITSPPER
00000000   PWRM_PWRM_LOADENABLE
00000000   PWRM_PWRM_RESOURCETRACKING
00000000   PWRM_PWRM_SCALING
00000000   PWRM_PWRM_TIMERIDNUM
00000000   PWRM_PWRM_TIMERINTRMASK
00000000   PWRM_PWRM_TIMERWUGENMASK
00000000   PWRM_PWRM_USERRESOURCES
00000000   PWRM_PWRM_USETIMER
00000000   RTA_fromHost$hst
00000000   RTA_fromHost$mode
00000000   RTA_toHost$hst
00000000   RTA_toHost$id
00000000   RTDX_MODE
00000000   RTDX_USERTEXECUTION
00000000   SEM$
00000000   SIO$
00000000   SWI_EHOOKFXN
00000000   SWI_IHOOKFXN
00000000   TSK_NUM_HOOKS
00000000   TSK_READYFXN
00000000   TSK_STACKSEG
00000000   TSK_SWITCHFXN
00000000   TSK_idle$ord
00000000   TSK_idle$pri
00000000   TSK_idle$sts$unittype
00000000   TSK_idle$tsk
00000000   UDEV$
00000000   _CLK_TDDR
00000000   _CLK_TIMERNUM
00000000   _GBL_CACHE
00000000   _HWI_RESET
00000000   _RTDX_interrupt_mask
00000000   trace$log
00000001   BUF_ENABLED
00000001   CLK$
00000001   CLK_CALDIV
00000001   CLK_CALMULT
00000001   CLK_ENABLEHTIME
00000001   CLK_HTIMEDIV
00000001   CLK_HTIMEMULT
00000001   CLK_LTIMEDIV
00000001   CLK_POWERENABLE
00000001   CLK_RESETTIMER
00000001   CLK_USETIMER
00000001   GBL$
00000001   GBL_ENABLEINST
00000001   GBL_L2CONFIGURE
00000001   GBL_L2MAR128_159
00000001   GBL_boot
00000001   HST$
00000001   HST_RTDX
00000001   HWI$
00000001   HWI_ENABLE_EXC
00000001   HWI_NMI
00000001   IDL$
00000001   IDL_USECLKIDLTIME
00000001   IDL_busyObj$filter
00000001   IDL_busyObj$iA
00000001   IDL_busyObj$iC
00000001   ISRC$
00000001   KNL_swi$dorta
00000001   KNL_swi$sts$filtmaxmult
00000001   KNL_swi$sts$filtsummult
00000001   LCK$
00000001   LOG$
00000001   LOG_ENABLED
00000001   MEM$
00000001   MEM_gNumHeap
00000001   PRD$
00000001   PRD0$ord
00000001   PRD_A_TABLEN
00000001   PRD_SCALAR
00000001   PRD_swi$dorta
00000001   PRD_swi$ord
00000001   PRD_swi$pri
00000001   PRD_swi$sts$filtmaxmult
00000001   PRD_swi$sts$filtsummult
00000001   PWRM$
00000001   PWRM_PWRM_NUMSLOTS
00000001   QUE$
00000001   RTA_fromHost$id
00000001   RTA_toHost$mode
00000001   RTDX$
00000001   RTDX_NORMALIZED_HDR
00000001   RTDX_USERTDX
00000001   STS$
00000001   SWI$
00000001   SYS$
00000001   TSK$
00000001   TSK_PRIORITY
00000001   TSK_idle$sts$filtmaxmult
00000001   TSK_idle$sts$filtsummult
00000001   _CLK_USETIMER
00000001   _HWI_NMI
00000001   trace$datatype
00000002   HWI_RESERVED0
00000002   IDL_busyObj$unittype
00000002   KNL_swi$ord
00000002   KNL_swi$sts$filter
00000002   LOG_A_TABLEN
00000002   PIP_A_TABLEN
00000002   PIP_gNumEmbed
00000002   PRD0$sts$unittype
00000002   PRD_swi$sts$filter
00000002   PWRM_PWRM_INITSPCPU
00000002   SWI_A_TABLEN
00000002   TSK_idle$sts$filter
00000002   _HWI_RESERVED0
00000002   _LOG_A_TABLEN
00000002   _RTDX_JTAGONLY
00000003   HWI_RESERVED1
00000003   _HWI_RESERVED1
00000004   CLK_COUNTSPMSHIGH
00000004   EVENT4
00000004   HWI_INT4
00000004   RTA_fromHost$framesize
00000004   _EVENT4
00000004   _HWI_INT4
00000005   CLK_TIMMODE
00000005   EVENT5
00000005   HWI_INT5
00000005   _EVENT5
00000005   _HWI_INT5
00000006   EVENT6
00000006   HWI_INT6
00000006   IDL_CALIBRERROR
00000006   _EVENT6
00000006   _HWI_INT6
00000007   EVENT7
00000007   GBL_L1DMODE
00000007   GBL_L1PMODE
00000007   HWI_INT7
00000007   _EVENT7
00000007   _HWI_INT7
00000008   EVENT8
00000008   HWI_INT8
00000008   _EVENT8
00000008   _HWI_INT8
00000009   EVENT9
00000009   HWI_INT9
00000009   _EVENT9
00000009   _HWI_INT9
0000000a   EVENT10
0000000a   HWI_INT10
0000000a   PWRM_PWRM_CLKTICKSPERSLOT
0000000a   _EVENT10
0000000a   _HWI_INT10
0000000b   EVENT11
0000000b   HWI_INT11
0000000b   _EVENT11
0000000b   _HWI_INT11
0000000c   EVENT12
0000000c   HWI_INT12
0000000c   _EVENT12
0000000c   _HWI_INT12
0000000d   EVENT13
0000000d   HWI_INT13
0000000d   _EVENT13
0000000d   _HWI_INT13
0000000e   EVENT14
0000000e   HWI_INT14
0000000e   _EVENT14
0000000e   _HWI_INT14
0000000f   EVENT15
0000000f   HWI_INT15
0000000f   _EVENT15
0000000f   _HWI_INT15
00000010   EVENT16
00000010   _EVENT16
00000011   EVENT17
00000011   _EVENT17
00000012   EVENT18
00000012   _EVENT18
00000013   EVENT19
00000013   _EVENT19
00000014   EVENT20
00000014   _EVENT20
00000015   EVENT21
00000015   _EVENT21
00000016   EVENT22
00000016   _EVENT22
00000017   EVENT23
00000017   _EVENT23
00000018   EVENT24
00000018   _EVENT24
00000019   EVENT25
00000019   _EVENT25
0000001a   EVENT26
0000001a   _EVENT26
0000001b   EVENT27
0000001b   _EVENT27
0000001c   EVENT28
0000001c   _EVENT28
0000001d   EVENT29
0000001d   _EVENT29
0000001e   EVENT30
0000001e   _EVENT30
0000001f   EVENT31
0000001f   _EVENT31
00000020   CLK_TCR
00000020   EVENT32
00000020   _EVENT32
00000021   EVENT33
00000021   _EVENT33
00000022   EVENT34
00000022   _EVENT34
00000023   EVENT35
00000023   _EVENT35
00000024   EVENT36
00000024   _EVENT36
00000025   EVENT37
00000025   _EVENT37
00000026   EVENT38
00000026   _EVENT38
00000027   EVENT39
00000027   _EVENT39
00000028   EVENT40
00000028   _EVENT40
00000029   EVENT41
00000029   _EVENT41
0000002a   EVENT42
0000002a   _EVENT42
0000002b   EVENT43
0000002b   _EVENT43
0000002c   EVENT44
0000002c   _EVENT44
0000002d   EVENT45
0000002d   _EVENT45
0000002e   EVENT46
0000002e   _EVENT46
0000002f   EVENT47
0000002f   _EVENT47
00000030   EVENT48
00000030   PWRM_PWRM_CAPSMASK
00000030   _EVENT48
00000031   EVENT49
00000031   _EVENT49
00000032   EVENT50
00000032   _EVENT50
00000033   EVENT51
00000033   _EVENT51
00000034   EVENT52
00000034   _EVENT52
00000035   EVENT53
00000035   _EVENT53
00000036   EVENT54
00000036   _EVENT54
00000037   EVENT55
00000037   _EVENT55
00000038   EVENT56
00000038   _EVENT56
00000039   EVENT57
00000039   _EVENT57
0000003a   EVENT58
0000003a   _EVENT58
0000003b   EVENT59
0000003b   _EVENT59
0000003c   EVENT60
0000003c   _EVENT60
0000003d   EVENT61
0000003d   _EVENT61
0000003e   EVENT62
0000003e   GBL_DSPTYPE
0000003e   _EVENT62
0000003f   EVENT63
0000003f   _EVENT63
00000040   EVENT64
00000040   HST_MAXFRAMESET
00000040   RTA_toHost$framesize
00000040   _EVENT64
00000041   EVENT65
00000041   _EVENT65
00000042   EVENT66
00000042   GBL_FOOTPRINT
00000042   _EVENT66
00000043   EVENT67
00000043   _EVENT67
00000044   EVENT68
00000044   _EVENT68
00000045   EVENT69
00000045   _EVENT69
00000046   EVENT70
00000046   _EVENT70
00000047   EVENT71
00000047   _EVENT71
00000048   EVENT72
00000048   _EVENT72
00000049   EVENT73
00000049   _EVENT73
0000004a   EVENT74
0000004a   _EVENT74
0000004b   EVENT75
0000004b   _EVENT75
0000004c   EVENT76
0000004c   _EVENT76
0000004d   EVENT77
0000004d   _EVENT77
0000004e   EVENT78
0000004e   _EVENT78
0000004f   EVENT79
0000004f   _EVENT79
00000050   EVENT80
00000050   _EVENT80
00000051   EVENT81
00000051   _EVENT81
00000052   EVENT82
00000052   _EVENT82
00000053   EVENT83
00000053   _EVENT83
00000054   EVENT84
00000054   _EVENT84
00000055   EVENT85
00000055   _EVENT85
00000056   EVENT86
00000056   _EVENT86
00000057   EVENT87
00000057   _EVENT87
00000058   EVENT88
00000058   _EVENT88
00000059   EVENT89
00000059   _EVENT89
0000005a   EVENT90
0000005a   _EVENT90
0000005b   EVENT91
0000005b   _EVENT91
0000005c   EVENT92
0000005c   _EVENT92
0000005d   EVENT93
0000005d   _EVENT93
0000005e   EVENT94
0000005e   _EVENT94
0000005f   EVENT95
0000005f   _EVENT95
00000060   EVENT96
00000060   _EVENT96
00000061   EVENT97
00000061   _EVENT97
00000062   EVENT98
00000062   _EVENT98
00000063   EVENT99
00000063   _EVENT99
00000064   EVENT100
00000064   PIP_OBJSIZE
00000064   _EVENT100
00000065   EVENT101
00000065   _EVENT101
00000066   EVENT102
00000066   _EVENT102
00000067   EVENT103
00000067   _EVENT103
00000068   EVENT104
00000068   _EVENT104
00000069   EVENT105
00000069   _EVENT105
0000006a   EVENT106
0000006a   _EVENT106
0000006b   EVENT107
0000006b   _EVENT107
0000006c   EVENT108
0000006c   _EVENT108
0000006d   EVENT109
0000006d   _EVENT109
0000006e   EVENT110
0000006e   _EVENT110
0000006f   EVENT111
0000006f   _EVENT111
00000070   EVENT112
00000070   _EVENT112
00000071   EVENT113
00000071   _EVENT113
00000072   EVENT114
00000072   _EVENT114
00000073   EVENT115
00000073   _EVENT115
00000074   EVENT116
00000074   _EVENT116
00000075   EVENT117
00000075   _EVENT117
00000076   EVENT118
00000076   _EVENT118
00000077   EVENT119
00000077   _EVENT119
00000078   EVENT120
00000078   _EVENT120
00000079   EVENT121
00000079   _EVENT121
0000007a   EVENT122
0000007a   _EVENT122
0000007b   EVENT123
0000007b   _EVENT123
0000007c   EVENT124
0000007c   _EVENT124
0000007d   EVENT125
0000007d   _EVENT125
0000007e   EVENT126
0000007e   _EVENT126
0000007f   EVENT127
0000007f   _EVENT127
000000ff   HST_MAXFRAMEALLOWED
000001f4   PRD0$period
00000200   LOG_system$size
000003e8   CLK_MICROSECS
00000400   HST_DSMMEMSIZE
00000400   TSK_STACKSIZE
00000400   __STACK_SIZE
00000400   trace$size
00000408   RTDX_BUFMEMSIZE
00001a5b   GBL_CLKTYPE
00001a5c   GBL_DSPSUBTYPE
00002000   IRAM$L
00002000   _IRAM_length
00004000   CLK_INTBIT
00004e20   GBL_CLKIN
00005205   GBL_A_VERSION
00005828   HWI_CFGDISPATCHED
00005828   _HWI_CFGDISPATCHED
00005dc0   CLK_INPUTCLK
00005dc0   CLK_PRD
00005dc0   _CLK_PRD
0000dbef   GBL_TRCMASKVALUE
000493e0   CLK_COUNTSPMS
000493e0   CLK_HTIMEPERLTIME
000493e0   CLK_LTIMEMULT
000493e0   GBL_FREQ
000493e0   _CLK_COUNTSPMS
01c20000   CLK_REGS
01c20000   _CLK_REGS
07063d04   HWI_INTRMUX1
0b0a0908   HWI_INTRMUX2
11800000   .data
11800000   .text
11800000   _EVMC6748_init
11800000   ___data__
11800000   ___edata__
11800000   ___text__
11800000   edata
1180002c   _EVMC6748_initRAM
118001e8   _EVMC6748_enableDsp
11800214   _EVMC6748_pinmuxConfig
118002b0   _EVMC6748_lpscTransition
11800688   _config_pll0
118008c4   _config_pll1
11800aa8   _UTIL_printMem
11800c00   _UTIL_isUIBoardAttached
11800c20   _read_audio_sample
11800c44   _write_audio_sample
11800c68   _initAll
11800cd0   _McASP_Init
11800e14   _McASP_Start
1180104c   _AIC3106_Init
11801100   _AIC3106_readRegister
11801154   _AIC3106_writeRegister
11801198   _USTIMER_delay
11801210   _SetGpio
11801240   __divd
11802280   _I2CGPIO_init
11802354   _I2CGPIO_getInput
11802470   _I2CGPIO_getInputAll
11802580   _I2CGPIO_setOutput
118026c8   _I2CGPIO_setOutputAll
11802760   __printfi
11802ba0   _fputs
11802f40   _GPIO_setDir
11802fb8   _GPIO_getInput
1180302c   _GPIO_setOutput
118030ac   _GPIO_toggleLoop
118032c0   _I2C_init
118033ac   _I2C_read
11803508   _I2C_write
11804160   __divull
11804a80   _fputc
11804a80   _putc
11804ca0   _main
11804cd8   _dipPRD
11804d44   _audioHWI
118050c0   _setvbuf
118052c0   _LED_init
1180530c   _LED_isOn
11805374   _LED_turnOn
118053c4   _LED_turnOff
1180540c   _LED_toggle
11805660   __divul
11805800   _HOSTrename
11805980   _DIP_init
118059a4   _DIP_get
11805a08   _DIP_getAll
11805d60   __closefile
11805fa0   _fseek
118060c0   _HOSTlseek
118061c0   __wrt_ok
118062c0   _call_dtors
118063c0   _HOSTopen
118064a0   _HOSTread
11806580   _atoi
11806660   _close
11806740   _memset
11806820   _printf
11806900   _HOSTunlink
118069c0   _HOSTwrite
11806b40   __c6xabi_divu
11806b40   __divu
11806c00   __doflush
11806cc0   _atexit
11806d80   _ltoa
11806f00   _HOSTclose
11806fa0   __cleanup
11807040   __divli
11807220   __fixdli
11807400   _lseek
118074a0   _memcpy
11807540   _write
118075e0   __fltlid
11807660   __llshl
118076e0   _readmsg
11807760   _unlink
118077e0   __subcull
11807840   _memccpy
118078a0   _writemsg
118078f8   C$$IO$$
11807900   ___add_dtor
11807940   ___isinf
118079c0   __frcmpyd_div
11807a00   __llshru
11807a40   __remli
11807a80   __negll
11807aa0   __nop
11807b00   __register_lock
11807b20   __register_unlock
11807b40   _remove
11807b60   LNK_F_checkBufferCall
11807b60   ___etext__
11807b60   etext
11807b80   LNK_F_getChanPtr
11807bd8   LNK_F_init
11807be0   LNK_F_dataPump
11807bf0   LNK_rcloop
11807cb4   LNK_rdrtry
11807cc4   LNK_rrloop
11807d84   LNK_wrrtry
11807d90   LNK_wrloop
11807e60   LNK_newin
11807f94   LNK_newout
118080e8   LNK_F_readCallBack
11808120   _EXC_nmi
11808154   _EXC_internal
11808400   _EXC_init
11808440   _EXC_getLastStatus
11808460   _EXC_external
11808494   _EXC_exceptionHandler
11808670   _EXC_clearLastStatus
118086a0   CLK_HOOKFXN
118086a0   HWI_F_dispatch
118086a0   _HWI_F_dispatch
118086a0   __HWI_lat1beg
11808828   __HWI_lat1end
11808828   __HWI_lat2beg
11808990   __HWI_lat2end2
118089c0   __HWI_lat3end2
11808a04   __HWI_lat2end1
11808a20   __HWI_lat3beg
11808b80   SWI_F_enable
11808b80   __SWI_lat3beg
11808bec   __SWI_lat3end
11808bf0   SWI_F_post
11808bf0   _SWI_post
11808cf8   __SWI_lat1beg
11808d64   SWI_EXECFXN
11808d64   SWI_F_exec
11808d8c   SWI_F_iexec
11808da4   __SWI_lat1end
11808da8   __SWI_lat2beg
11808e08   __SWI_lat2end
11808e0c   SWI_F_run
11808e0c   SWI_RUNFXN
11809040   PRD_F_swi
118092c4   PRD_F_tick
118093c0   _free
118093e4   _malloc
11809444   _realloc
11809528   _memalign
118095ec   _calloc
11809640   RTA_F_getlog
11809678   RTA_F_getsts
118096b8   RTA_F_readblk
118096d4   RTA_F_writeword
118096e0   RTA_F_resetmem
118096e0   __RTA_lat1beg
11809714   __RTA_lat1end
11809720   RTA_F_dispatch
1180976c   RTA_execute
118098c0   _KNL_run
11809b00   _MEM_alloc
11809ed4   PRD_THOOKFXN
11809ed4   _KNL_tick
11809f00   _MEM_free
1180a0e0   _EXC_dispatch
1180a2a4   _EXC_setReturnPtr
1180a2c0   PIP_F_take
1180a338   PIP_F_give
1180a338   PIP_F_probe
1180a408   PIP_F_start
1180a4a0   _SEM_pendEnterKnl
1180a680   __SEM_dopost
1180a820   _TSK_setup
1180a9c0   CLK_F_getltime
1180a9d0   CLK_F_isr
1180ab10   CLK_F_itime
1180ab10   _CLK_F_itime
1180ab10   _CLK_itime
1180ab30   __CLK_lat1beg
1180ab50   __CLK_lat1end
1180ab60   _KNL_saveIsrFrame
1180ac0c   _KNL_switch
1180acb8   KNL_glue
1180ace0   __auto_init
1180ae20   _TSK_exit
1180af60   _BCACHE_setSize
1180afa4   _BCACHE_setMar
1180aff4   _BCACHE_setCacheToSram
1180b024   _BCACHE_getSize
1180b074   _BCACHE_getMar
1180b108   _GBL_cacheInit64P
1180b1c0   _KNL_check
1180b20c   __KNL_lat1beg
1180b288   _KNL_idle
1180b288   __KNL_lat1end
1180b2b0   _KNL_max
1180b384   _TSK_startup
1180b400   _SEM_post
1180b400   _SEM_postBinary
1180b4e0   _KNL_exit
1180b520   _KNL_enter
1180b5a0   _SEM_postEnterKnl
1180b640   _SYS_exit
1180b6e0   _KNL_ipost
1180b760   _KNL_post
1180b7e0   _LCK_post
1180b800   _LCK_pend
1180b860   LOG_F_event
1180b860   _LOG_event
1180b860   __LOG_lat1beg
1180b8e0   IDL_F_calibrate
1180b960   _SYS_error
1180b9c0   FXN_F_nop
1180b9c4   FXN_F_run
1180b9c4   _FXN_F_run
1180ba00   FXN_F_zero
1180ba00   _FXN_F_zero
1180ba20   _HWI_disable
1180ba38   _HWI_enable
1180ba4c   _HWI_restore
1180ba80   IDL_F_busy
1180ba80   __IDL_lat1beg
1180bac0   __IDL_lat1end
1180bae0   _SEM_pend
1180bb40   STS_F_delta
1180bb40   _STS_delta
1180bb6c   STS_F_add
1180bb6c   _STS_add
1180bb88   STS_F_reset
1180bb88   _STS_reset
1180bba0   _SYS_abort
1180bc00   _CLK_measure
1180bc60   IDL_CALIBRFXN
1180bc60   IDL_F_stub
1180bca0   RTA_F_andn
1180bcb8   RTA_F_or
1180bce0   SYS_ABORTFXN
1180bce0   _UTL_doAbort
1180bd20   SYS_PUTCFXN
1180bd20   _UTL_doPutc
1180bd60   GBL_USERINITFXN
1180bd60   GIO_CREATEFXN
1180bd60   GIO_DELETEFXN
1180bd60   GIO_PENDFXN
1180bd60   GIO_POSTFXN
1180bd60   PWRM_PWRM_SHAREDRESOURCEFXN
1180bd60   PWRM_PWRM_SLOTHOOKFXN
1180bd60   TSK_VCREATEFXN
1180bd60   TSK_VDELETEFXN
1180bd60   TSK_VEXITFXN
1180bd60   _BCACHE_bootInit
1180bd60   _FXN_F_nop
1180bd80   _GBL_getVersion
1180bda0   IDL_F_loop
1180bda0   _IDL_loop
1180bdc0   _STS_set
1180bde0   SYS_ERRORFXN
1180bde0   _UTL_doError
1180be00   SYS_EXITFXN
1180be00   _UTL_halt
1180be20   CLK_F_gethtime
1180be20   CLK_TIMEFXN
1180be20   _CLK_gethtime
1180be40   IRAM$B
1180be40   _IRAM_base
1180de40   ___cinit__
1180de40   cinit
1180f140   __ftable
1180f320   __tmpnams
1180f460   __ft_end
1180f464   _CLK_inputClock
1180f468   _buffer
1180f4e8   _filterCoef
1180f5f0   _unfilteredCoef
1180f6f8   _test
1180f708   ___atexit_func_id__
1180f9ac   _dtors
1180f9b0   _KNL_queues
1180fa50   _KNL_dummy
1180fa88   _TSK_ATTRS
1180faa4   _TSK_config
1180fac4   _TSK_timerSem
1180fae8   _OBJ_table
1180fb20   _OBJ_segtab
1180fb3c   __TSK_mutex
1180fb64   __MEM_mutex
1180fb90   _SYS_exitStack
1180fbc8   _EXC_status
1180fbf4   __cleanup_ptr
1180fbf8   __dtors_ptr
1180fbfc   ___TI_enable_exit_profile_output
1180fc00   __lock
1180fc04   __unlock
1180fc10   $bss
1180fc10   .bss
1180fc10   _HWI_dispatchTab
1180fc10   ___bss__
1180fd10   IDL_D_tabbeg
1180fd14   IDL_D_calibrate
1180fd18   IDL_D_calbeg
1180fd1c   LOG_D_system
1180fd1c   _LOG_D_system
1180fd20   PIP_D_tabbeg
1180fd24   PIP_D_tablen
1180fd28   CLK_R_time
1180fd2c   CLK_D_timefxn
1180fd30   CLK_D_tabbeg
1180fd34   CLK_D_isrhook
1180fd38   CLK_D_idletime
1180fd3c   _CLK_htimeDiv
1180fd40   _CLK_htimeMult
1180fd44   _CLK_ltimeDiv
1180fd48   _CLK_ltimeMult
1180fd4c   _CLK_D_dirty
1180fd50   _CLK_D_prd
1180fd54   _CLK_D_tddr
1180fd58   _CLK_D_countspms
1180fd5c   PRD_D_tick
1180fd5c   _PRD_D_tick
1180fd60   PRD_D_cur
1180fd64   PRD_D_elapsed
1180fd68   PRD_D_prevtim
1180fd6c   PRD_D_scalar
1180fd70   PRD_D_swihandle
1180fd74   PRD_D_tabbeg
1180fd78   PRD_D_tablen
1180fd7c   PRD_D_thook
1180fd80   RTA_D_fromHost
1180fd84   RTA_D_toHost
1180fd88   RTA_D_logval
1180fd98   RTA_D_stsval
1180fda4   HST_D_chanmask
1180fda8   HST_D_tabbeg
1180fdac   HST_D_tabend
1180fdb0   _GBL_procId
1180fdb4   _GBL_clkIn
1180fdb8   _GBL_freq
1180fdbc   _MEM_D_NUMSEGMENTS
1180fdc0   _MEM_D_memtab
1180fdc4   _MEM_D_freelist
1180fdc8   _MEM_D_lockaddr
1180fdcc   _MEM_D_unlockaddr
1180fdd0   _SYS
1180fdd4   __HOOK_knlId
1180fdd8   __HOOK_NUMHOOKS
1180fddc   SWI_D_runaddr
1180fddc   _SWI_D_runaddr
1180fddc   _SWI_data
1180fde0   SWI_D_execaddr
1180fde0   _SWI_D_execaddr
1180fde4   SWI_D_curmask
1180fde4   _SWI_D_curmask
1180fde8   SWI_D_curset
1180fde8   _SWI_D_curset
1180fdec   SWI_D_lock
1180fdec   _SWI_D_lock
1180fdf0   SWI_D_curmbox
1180fdf4   SWI_D_curfxn
1180fdf4   _SWI_D_curfxn
1180fdf8   SWI_D_rdybeg
1180fdf8   _SWI_D_rdybeg
1180fdfc   SWI_D_inswi
1180fdfc   _SWI_D_inswi
1180fe00   SWI_D_rdytab
1180fe78   _KNL_wFlag
1180fe7c   _KNL_wList
1180fe80   _KNL_alarm
1180fe84   _KNL_setpri
1180fe88   _KNL_inactive
1180fe8c   _KNL_priority
1180fe90   _KNL_set
1180fe94   _KNL_curtask
1180fe98   _KNL_prevtask
1180fe9c   _KNL_curtime
1180fea0   _KNL_swiptr
1180fea4   _KNL_curqueue
1180fea8   _KNL_maxqueue
1180feac   _KNL_tswitchfxn
1180feb0   _KNL_tcreatefxn
1180feb4   _KNL_tdeletefxn
1180feb8   _KNL_treadyfxn
1180febc   _KNL_idlefxn
1180fec0   _MEM_memtab
1180fecc   HST_DSMBUFSEG
1180fecc   IRAM
1180fecc   MEM_MALLOCSEG
1180fecc   MEM_SEGZERO
1180fecc   RTDX_DATAMEMSEG
1180fecc   _IRAM
1180fecc   _SEG0
1180fed0   RTA_fromHost$pipe$dtab
1180fedc   RTA_toHost$pipe$dtab
1180fee8   _EXC_sysTrapTable
1180fef0   _EXC_returnPtr
1180ff08   HWI_D_spsave
1180ff08   _HWI_D_spsave
1180ff08   _HWI_data
1180ff14   _HWI_D_inhwi
1180ff18   HWI_D_bss
1180ff1c   HWI_D_ccmask
1180ff20   LNK_dspFrameRequestMask
1180ff20   _LNK_dspFrameRequestMask
1180ff24   LNK_dspFrameReadyMask
1180ff24   _LNK_dspFrameReadyMask
1180ff28   LNK_readPend
1180ff28   _LNK_readPend
1180ff2c   LNK_readDone
1180ff2c   _LNK_readDone
1180ff30   LNK_readFail
1180ff30   _LNK_readFail
1180ff34   LNK_writeFail
1180ff34   _LNK_writeFail
1180ff38   _EXC_exceptionHook
1180ff3c   _EXC_internalHook
1180ff40   _EXC_externalHook
1180ff44   _EXC_nmiHook
1180ff48   _mask
1180ff4a   _filterOn
1180ff4c   _bufferLength
1180ff50   _readIndex
1180ff54   _writeIndex
1180ff60   _rtdxNullChanCnt
1180ff64   _rtdxNullFuncCnt
1180ff68   _rtdxXmtNotDoneCnt
1180ff6c   _rtdxRecNotDoneCnt
1180ff70   _rtdxXmtRestartCnt
1180ff74   _rtdxXmtErrorCnt
1180ff78   _TSK_nTasks
1180ff7c   _TSK_pid
1180ff80   _TSK
1180ff84   _CLK_DFLTMICROSECS
1180ff88   _CLK_D_microseconds
1180ff8c   _SYS_exitStackPtr
1180ff90   _SYS_exitStackTop
1180ff94   _CLK_htimePerLtime
1180ff98   IDL_D_busyObj
1180ff9c   _MEM
1180ffa4   PRD_SWIHANDLE
1180ffa4   PRD_swi
1180ffa4   SWI_A_TABBEG
1180ffa4   _PRD_swi
1180ffa4   ___end__
1180ffa4   end
1180ffd0   KNL_swi
1180ffd0   _KNL_swi
1180fffc   SWI_A_TABEND
11810000   trace$buf
11811000   _HSRTDX_rec
118112a0   _RTDX_Buffer_WriteCB
11811760   _HSRTDX_xmt
11811a60   _RTDX_Mon_Queue
11811cc0   _RTDX_Poll
11811d60   _RTDX_Final_RT_Monitor
11811de0   _RTDX_Buffer_Initialize
11811e40   _RTDX_Init_RT_Monitor
11811ea0   _RTDX_Buffer_ReadCB
11811ee0   _RTDX_Buffer_Size
11811f20   _RTDX_memfill
11811f60   _RTDX_Buffer_Read
11811f80   _RTDX_Buffer_Write
11811fa0   _RTDX_Mask_IER
11811fc0   HST_A_TABBEG
11811fc0   _HST_A_TABBEG
11811fc4   RTA_fromHost
11811fc4   _RTA_fromHost
11811fcc   RTA_fromHost$rtdx
11811fe0   RTA_toHost
11811fe0   _RTA_toHost
11811fe8   RTA_toHost$rtdx
11811ffc   HST_A_TABEND
11811ffc   _HST_A_TABEND
11812000   LOG_system$buf
11812800   BIOS_init
11812800   _BIOS_init
11812984   BIOS$$CLKON
118129c4   BIOS$$CLKOFF
11812a30   BIOS_start
11812a30   _BIOS_start
11812b80   _c_int00
11812c40   _MEM_init
11812d00   _TSK_init
11812d60   PRD0
11812d60   PRD_A_TABBEG
11812d60   _PRD0
11812d7c   PRD0$aaa
11812d80   PRD_A_TABEND
11812e00   _RTDX_Buffer
11813208   _RTDX_Buffer_Start
1181320c   _RTDX_Buffer_End
11813210   _rtdx_mon_state
11813254   _rtdx_buffer_state
11813260   _RTDX_writing
11813410   __ctypes_
11813518   _bitval_u32
11813691   PRD0$sts$maxfmt
11813698   TSK_idle$stack
1181369a   PRD0$sts$sumfmt
118136a3   PRD0$sts$avgfmt
118136ae   PRD_swi$sts$maxfmt
118136b6   PRD_swi$sts$sumfmt
118136be   PRD_swi$sts$avgfmt
118136c8   KNL_swi$sts$maxfmt
118136d0   KNL_swi$sts$sumfmt
118136d8   KNL_swi$sts$avgfmt
118136e2   TSK_idle$sts$maxfmt
118136ea   TSK_idle$sts$sumfmt
118136f2   TSK_idle$sts$avgfmt
118136fc   IDL_busyObj$maxfmt
118136ff   IDL_busyObj$sumfmt
11813702   IDL_busyObj$avgfmt
11813a30   TSK_idle$stkptr
11813a98   GBL_stackbeg
11813a98   _HWI_STKTOP
11813a98   __stack
11813e90   _HWI_STKBOTTOM
11813e97   GBL_stackend
11813e98   __CIOBUF_
11813e98   __STACK_END
11814000   HWI_A_VECS
11814000   hwi0
11814020   hwi1
11814040   hwi2
11814060   hwi3
11814080   hwi4
118140a0   hwi5
118140c0   hwi6
118140e0   hwi7
11814100   hwi8
11814120   hwi9
11814140   hwi10
11814160   hwi11
11814180   hwi12
118141a0   hwi13
118141c0   hwi14
118141e0   hwi15
11814200   _SYS_PUTCBEG
118143ff   _SYS_PUTCEND
11814400   RTA_toHost$buf
11814500   PIP_A_TABBEG
11814500   RTA_fromHost$pipe
11814500   _PIP_A_TABBEG
11814504   RTA_fromHost$pipe$rd
11814530   RTA_fromHost$pipe$aaa
11814534   RTA_fromHost$pipe$wr
11814560   RTA_fromHost$pipe$bbb
11814564   RTA_toHost$pipe
11814568   RTA_toHost$pipe$rd
11814594   RTA_toHost$pipe$aaa
11814598   RTA_toHost$pipe$wr
118145c4   RTA_toHost$pipe$bbb
118145c8   PIP_A_TABEND
118145c8   _PIP_A_TABEND
118145d4   TSK_idle
118145d4   _TSK_idle
11814628   PRD0$sts$stsobj
11814628   STS_A_TABBEG
11814628   _STS_A_TABBEG
1181462c   PRD0$sts
11814638   PRD_swi$sts$stsobj
1181463c   PRD_swi$sts
11814648   KNL_swi$sts$stsobj
1181464c   KNL_swi$sts
11814658   TSK_idle$sts$stsobj
1181465c   TSK_idle$sts
11814668   IDL_busyObj$stsobj
1181466c   IDL_busyObj
1181466c   _IDL_busyObj
11814678   STS_A_TABEND
11814678   _STS_A_TABEND
118146c4   LOG_A_TABBEG
118146c4   LOG_system
118146c4   _LOG_A_TABBEG
118146c4   _LOG_system
118146dc   _trace
118146dc   trace
118146f4   LOG_A_TABEND
118146f4   RTA_fromHost$buf
118146f4   _LOG_A_TABEND
11814704   IDL_A_TABBEG
11814704   IDL_cpuLoad
11814704   _IDL_cpuLoad
11814708   LNK_dataPump
11814708   _LNK_dataPump
1181470c   RTA_dispatcher
1181470c   _RTA_dispatcher
11814710   IDL_END
11814714   IDL_A_CALBEG
11814714   IDL_cpuLoad$
11814718   LNK_dataPump$
1181471c   RTA_dispatcher$
11814720   IDL_END$
11814724   SYS$config
11814734   ___pinit__
11814734   pinit
11814740   TRC_cinit
11814744   TRC_R_mask
11814744   _TRC_R_mask
11814748   GBL_initdone
1181474c   CLK_A_TABBEG
1181474c   PRD_clock
1181474c   _PRD_clock
11814750   CLK_null
28040d0c   HWI_INTRMUX3
ffffffff   CACHE_L1D
ffffffff   CACHE_L1P
ffffffff   DDR
ffffffff   ECM_EVTMASK0
ffffffff   ECM_EVTMASK1
ffffffff   ECM_EVTMASK2
ffffffff   ECM_EVTMASK3
ffffffff   GBL_L2MAR192_223
ffffffff   L3_CBA_RAM
ffffffff   _CACHE_L1D
ffffffff   _CACHE_L1P
ffffffff   _DDR
ffffffff   _L3_CBA_RAM
ffffffff   ___TI_pprof_out_hndl
ffffffff   ___TI_prof_data_size
ffffffff   ___TI_prof_data_start
ffffffff   ___binit__
ffffffff   ___c_args__
ffffffff   binit

[1138 symbols]
