******************************************************************************
               TMS320C6x Linker PC v7.4.18                     
******************************************************************************
>> Linked Tue Jun 16 11:27:56 2020

OUTPUT FILE NAME:   <GuitarAmpGitVersion.out>
ENTRY POINT SYMBOL: "_c_int00"  address: 11812b80


MEMORY CONFIGURATION

         name            origin    length      used     unused   attr    fill
----------------------  --------  ---------  --------  --------  ----  --------
  IRAM                  11800000   00040000  000145f9  0002ba07  RWIX
  CACHE_L1P             11e00000   00008000  00000000  00008000  RWIX
  CACHE_L1D             11f00000   00008000  00000000  00008000  RWIX
  L3_CBA_RAM            80000000   00020000  00000000  00020000  RWIX
  DDR                   c3000000   01000000  00000000  01000000  RWIX


SECTION ALLOCATION MAP

 output                                  attributes/
section   page    origin      length       input sections
--------  ----  ----------  ----------   ----------------
.vers      0    00000000    0000003c     COPY SECTION
                  00000000    0000003c     hellocfg.obj (.vers)

.data      0    11800000    00000000     UNINITIALIZED

.text      0    11800000    00007c40     
                  11800000    00000c20     evmc6748_bsl.lib : evmc6748.obj (.text)
                  11800c20    00000620     framework.obj (.text)
                  11801240    000005a0     rts6740.lib : divd.obj (.text:__divd)
                  118017e0    00000580                 : _printfi.obj (.text:__getarg_diouxp)
                  11801d60    00000520                 : _printfi.obj (.text:__setfield)
                  11802280    000004e0     evmc6748_bsl.lib : evmc6748_i2c_gpio.obj (.text)
                  11802760    00000440     rts6740.lib : _printfi.obj (.text:__printfi)
                  11802ba0    000003a0                 : fputs.obj (.text:_fputs)
                  11802f40    00000380     evmc6748_bsl.lib : evmc6748_gpio.obj (.text)
                  118032c0    00000380                      : evmc6748_i2c.obj (.text)
                  11803640    00000320     rts6740.lib : _printfi.obj (.text:__pproc_fge)
                  11803960    000002c0                 : _printfi.obj (.text:__pproc_fwp)
                  11803c20    000002a0                 : _printfi.obj (.text:_ecvt)
                  11803ec0    000002a0                 : _printfi.obj (.text:_fcvt)
                  11804160    00000260                 : imath64.obj (.text:__divull)
                  118043c0    00000260                 : _printfi.obj (.text:__pconv_e)
                  11804620    00000240                 : _printfi.obj (.text:__pproc_diouxp)
                  11804860    00000240     hello.obj (.text)
                  11804aa0    00000220     rts6740.lib : _printfi.obj (.text:__pproc_str)
                  11804cc0    00000220                 : fputc.obj (.text:_fputc)
                  11804ee0    00000200                 : _printfi.obj (.text:__pconv_g)
                  118050e0    00000200                 : setvbuf.obj (.text:_setvbuf)
                  118052e0    000001e0     evmc6748_bsl.lib : evmc6748_led.obj (.text)
                  118054c0    000001c0     rts6740.lib : _printfi.obj (.text:__mcpy)
                  11805680    000001a0                 : imath40.obj (.text:__divul)
                  11805820    00000180                 : trgdrv.obj (.text:_HOSTrename)
                  118059a0    00000160     evmc6748_bsl.lib : evmc6748_dip.obj (.text)
                  11805b00    00000140     rts6740.lib : _printfi.obj (.text:__pproc_fflags)
                  11805c40    00000140                 : lowlev.obj (.text:_getdevice)
                  11805d80    00000120                 : fclose.obj (.text:__closefile)
                  11805ea0    00000120                 : _printfi.obj (.text:__ltostr)
                  11805fc0    00000120                 : fseek.obj (.text:_fseek)
                  118060e0    00000100                 : trgdrv.obj (.text:_HOSTlseek)
                  118061e0    00000100                 : _io_perm.obj (.text:__wrt_ok)
                  118062e0    00000100                 : sinit.obj (.text:_call_dtors)
                  118063e0    000000e0                 : trgdrv.obj (.text:_HOSTopen)
                  118064c0    000000e0                 : trgdrv.obj (.text:_HOSTread)
                  118065a0    000000e0                 : atoi.obj (.text:_atoi)
                  11806680    000000e0                 : lowlev.obj (.text:_close)
                  11806760    000000e0                 : memset.obj (.text:_memset)
                  11806840    000000e0                 : printf.obj (.text:_printf)
                  11806920    000000c0                 : trgdrv.obj (.text:_HOSTunlink)
                  118069e0    000000c0                 : trgdrv.obj (.text:_HOSTwrite)
                  11806aa0    000000c0                 : _printfi.obj (.text:__div)
                  11806b60    000000c0                 : divu.obj (.text:__divu)
                  11806c20    000000c0                 : fflush.obj (.text:__doflush)
                  11806ce0    000000c0                 : remi.obj (.text:__remi)
                  11806da0    000000c0                 : atexit.obj (.text:_atexit)
                  11806e60    000000c0                 : ltoa.obj (.text:_ltoa)
                  11806f20    000000c0     bios.a674 : tsk_stup.o674 (.text)
                  11806fe0    000000a0     rts6740.lib : trgdrv.obj (.text:_HOSTclose)
                  11807080    000000a0                 : fopen.obj (.text:__cleanup)
                  11807120    000000a0                 : imath40.obj (.text:__divli)
                  118071c0    000000a0                 : _printfi.obj (.text:__ecpy)
                  11807260    000000a0                 : _printfi.obj (.text:__fcpy)
                  11807300    000000a0                 : fixdli.obj (.text:__fixdli)
                  118073a0    000000a0                 : _printfi.obj (.text:__pconv_f)
                  11807440    000000a0                 : lowlev.obj (.text:_finddevice)
                  118074e0    000000a0                 : lowlev.obj (.text:_lseek)
                  11807580    000000a0                 : memcpy64.obj (.text:_memcpy)
                  11807620    000000a0                 : lowlev.obj (.text:_write)
                  118076c0    00000080                 : fltlid.obj (.text:__fltlid)
                  11807740    00000080                 : llshift.obj (.text:__llshl)
                  118077c0    00000080                 : trgmsg.obj (.text:_readmsg)
                  11807840    00000080                 : lowlev.obj (.text:_unlink)
                  118078c0    00000060                 : imath64.obj (.text:__subcull)
                  11807920    00000060                 : memccpy.obj (.text:_memccpy)
                  11807980    00000060                 : trgmsg.obj (.text:_writemsg)
                  118079e0    00000040                 : sinit.obj (.text:___add_dtor)
                  11807a20    00000040                 : isinf.obj (.text:___isinf)
                  11807a60    00000040                 : _printfi.obj (.text:___isnan)
                  11807aa0    00000040                 : frcmpyd_div.obj (.text:__frcmpyd_div)
                  11807ae0    00000040                 : llshift.obj (.text:__llshru)
                  11807b20    00000040                 : imath40.obj (.text:__remli)
                  11807b60    00000020                 : negll.obj (.text:__negll)
                  11807b80    00000020                 : _lock.obj (.text:__nop)
                  11807ba0    00000020                 : printf.obj (.text:__outc)
                  11807bc0    00000020                 : printf.obj (.text:__outs)
                  11807be0    00000020                 : _lock.obj (.text:__register_lock)
                  11807c00    00000020                 : _lock.obj (.text:__register_unlock)
                  11807c20    00000020                 : remove.obj (.text:_remove)

.bios      0    11807c40    000042e0     
                  11807c40    000005c0     lnkrtdx.a674 : rtdx.o674 (.bios)
                  11808200    00000580     bios.a674 : exc.o674 (.bios)
                  11808780    000004e0               : hwi_disp_asm.o674 (.bios)
                  11808c60    000004c0               : swi.o674 (.bios)
                  11809120    00000380               : prd.o674 (.bios)
                  118094a0    00000280               : malloc.o674 (.bios)
                  11809720    00000280               : rta.o674 (.bios)
                  118099a0    00000240               : knl_run.o674 (.bios)
                  11809be0    00000200               : mem_allo.o674 (.bios:.near)
                  11809de0    00000200               : knl_tick.o674 (.bios)
                  11809fe0    000001e0               : mem_free.o674 (.bios:.near)
                  1180a1c0    000001e0               : exc_asm.o674 (.bios)
                  1180a3a0    000001e0               : pip.o674 (.bios)
                  1180a580    000001e0               : sem_pend.o674 (.bios)
                  1180a760    000001a0               : sem_dopo.o674 (.bios)
                  1180a900    000001a0               : tsk_setu.o674 (.bios)
                  1180aaa0    000001a0     bios6748.a674 : clk.o674 (.bios)
                  1180ac40    00000180     bios.a674 : knl_swit.o674 (.bios)
                  1180adc0    00000140               : autoinit.o674 (.bios)
                  1180af00    00000140               : tsk_exit.o674 (.bios)
                  1180b040    00000140     bios6748.a674 : bcache_init.o674 (.bios)
                  1180b180    00000120     bios.a674 : gbl_cacheinit64P.o674 (.bios)
                  1180b2a0    00000120               : knl_chec.o674 (.bios)
                  1180b3c0    00000120               : tsk_stup.o674 (.bios)
                  1180b4e0    000000e0               : sem_post_asm.o674 (.bios)
                  1180b5c0    000000c0               : knl_exit.o674 (.bios)
                  1180b680    000000a0               : sem_post.o674 (.bios)
                  1180b720    000000a0               : sys_exit.o674 (.bios)
                  1180b7c0    00000080               : knl_ipos.o674 (.bios)
                  1180b840    00000080               : knl_post.o674 (.bios)
                  1180b8c0    00000080               : lck.o674 (.bios)
                  1180b940    00000080               : log.o674 (.bios)
                  1180b9c0    00000080     bios6748.a674 : idl_cal.o674 (.bios)
                  1180ba40    00000060     bios.a674 : sys_erro.o674 (.bios:.near)
                  1180baa0    00000060               : fxn.o674 (.bios)
                  1180bb00    00000060               : hwi_c.o674 (.bios)
                  1180bb60    00000060               : idl_busy.o674 (.bios)
                  1180bbc0    00000060               : sem_pend_counting.o674 (.bios)
                  1180bc20    00000060               : sts.o674 (.bios)
                  1180bc80    00000060               : sys_abor.o674 (.bios)
                  1180bce0    00000060     bios6748.a674 : clk_meas.o674 (.bios)
                  1180bd40    00000040     bios.a674 : idl_stub.o674 (.bios)
                  1180bd80    00000040               : rta_andn.o674 (.bios)
                  1180bdc0    00000040               : utl_doab.o674 (.bios)
                  1180be00    00000040               : utl_putc.o674 (.bios)
                  1180be40    00000020               : fxn_c.o674 (.bios)
                  1180be60    00000020               : gbl_vers.o674 (.bios)
                  1180be80    00000020               : idl.o674 (.bios)
                  1180bea0    00000020               : sts_set.o674 (.bios)
                  1180bec0    00000020               : utl_doer.o674 (.bios)
                  1180bee0    00000020               : utl_halt.o674 (.bios)
                  1180bf00    00000020     bios6748.a674 : clk_gethtime.o674 (.bios)

.IRAM$heap 
*          0    1180bf20    00002000     UNINITIALIZED
                  1180bf20    00002000     --HOLE--

.cinit     0    1180df20    000011f4     
                  1180df20    000006c4     hellocfg.obj (.cinit)
                  1180e5e4    00000004     --HOLE-- [fill = 0]
                  1180e5e8    0000026c     bios.a674 : biosdata.o674 (.cinit)
                  1180e854    00000004     --HOLE-- [fill = 0]
                  1180e858    000001a4               : knl.o674 (.cinit)
                  1180e9fc    00000004     --HOLE-- [fill = 0]
                  1180ea00    0000017c     hello.obj (.cinit)
                  1180eb7c    00000004     --HOLE-- [fill = 0]
                  1180eb80    000000b0     bios.a674 : swi.o674 (.cinit)
                  1180ec30    00000080               : tsk.o674 (.cinit)
                  1180ecb0    00000068     rtdx64xplus.lib : rtdx_mon.o64P (.cinit)
                  1180ed18    00000060     bios.a674 : tsk_stup.o674 (.cinit)
                  1180ed78    0000005c     lnkrtdx.a674 : rtdx.o674 (.cinit)
                  1180edd4    00000004     --HOLE-- [fill = 0]
                  1180edd8    0000005c     rts6740.lib : defs.obj (.cinit)
                  1180ee34    00000004     --HOLE-- [fill = 0]
                  1180ee38    0000005c                 : lowlev.obj (.cinit)
                  1180ee94    00000004     --HOLE-- [fill = 0]
                  1180ee98    0000004c     bios.a674 : rta.o674 (.cinit)
                  1180eee4    00000004     --HOLE-- [fill = 0]
                  1180eee8    0000004c     rtdx64xplus.lib : buffer1.o64P (.cinit)
                  1180ef34    00000004     --HOLE-- [fill = 0]
                  1180ef38    0000003c     bios.a674 : exc.o674 (.cinit)
                  1180ef74    00000004     --HOLE-- [fill = 0]
                  1180ef78    00000034               : hwi.o674 (.cinit)
                  1180efac    00000004     --HOLE-- [fill = 0]
                  1180efb0    0000002c               : utl_putc.o674 (.cinit)
                  1180efdc    00000004     --HOLE-- [fill = 0]
                  1180efe0    0000002c     rts6740.lib : exit.obj (.cinit)
                  1180f00c    00000004     --HOLE-- [fill = 0]
                  1180f010    00000024     bios.a674 : obj_init.o674 (.cinit)
                  1180f034    00000004     --HOLE-- [fill = 0]
                  1180f038    0000001c               : exc_asm.o674 (.cinit)
                  1180f054    00000004     --HOLE-- [fill = 0]
                  1180f058    0000001c               : sys.o674 (.cinit)
                  1180f074    00000004     --HOLE-- [fill = 0]
                  1180f078    0000001c     rts6740.lib : _lock.obj (.cinit)
                  1180f094    00000004     --HOLE-- [fill = 0]
                  1180f098    0000001c                 : atexit.obj (.cinit)
                  1180f0b4    00000004     --HOLE-- [fill = 0]
                  1180f0b8    00000018     bios.a674 : knl_tick.o674 (.cinit)
                  1180f0d0    0000000c               : idl_busy.o674 (.cinit)
                  1180f0dc    00000004     --HOLE-- [fill = 0]
                  1180f0e0    0000000c               : knl_swit.o674 (.cinit)
                  1180f0ec    00000004     --HOLE-- [fill = 0]
                  1180f0f0    0000000c     rts6740.lib : fopen.obj (.cinit)
                  1180f0fc    00000004     --HOLE-- [fill = 0]
                  1180f100    0000000c                 : sinit.obj (.cinit)
                  1180f10c    00000004     --HOLE-- [fill = 0]
                  1180f110    00000004     (.pad.cinit) [fill = 0]

.args      0    1180f114    00000004     
                  1180f114    00000004     --HOLE-- [fill = 0]

.far       0    1180f118    000009b8     UNINITIALIZED
                  1180f118    00000324     rts6740.lib : defs.obj (.far)
                  1180f43c    00000004     bios6748.a674 : clk_data.o674 (.far)
                  1180f440    00000188     rts6740.lib : atexit.obj (.far)
                  1180f5c8    00000184     hello.obj (.far)
                  1180f74c    00000004     rts6740.lib : fopen.obj (.far)
                  1180f750    0000011c                 : lowlev.obj (.far)
                  1180f86c    00000004                 : sinit.obj (.far)
                  1180f870    000000d8     bios.a674 : knl.o674 (.far)
                  1180f948    0000005c               : tsk.o674 (.far)
                  1180f9a4    00000004     --HOLE--
                  1180f9a8    00000054               : obj_init.o674 (.far)
                  1180f9fc    00000050               : tsk_stup.o674 (.far)
                  1180fa4c    00000004     --HOLE--
                  1180fa50    00000020               : sys.o674 (.far)
                  1180fa70    00000018     rtdx64xplus.lib : rtdx_mon.o64P (.far)
                  1180fa88    00000010     bios.a674 : exc.o674 (.far)
                  1180fa98    00000010               : knl_tick.o674 (.far)
                  1180faa8    0000000c               : utl_putc.o674 (.far)
                  1180fab4    0000000c     rts6740.lib : exit.obj (.far)
                  1180fac0    00000008                 : _lock.obj (.far)
                  1180fac8    00000008                 : trgdrv.obj (.far)

.log       0    1180fad0    00000030     
                  1180fad0    00000030     hellocfg.obj (.log)

.rtdx_data 
*          0    1180fb00    000004f4     UNINITIALIZED
                  1180fb00    00000080     --HOLE--
                  1180fb80    00000410     hellocfg.obj (.rtdx_data)
                  1180ff90    00000044     rtdx64xplus.lib : rtdx_mon.o64P (.rtdx_data)
                  1180ffd4    00000020                     : buffer1.o64P (.rtdx_data)

.pinit     0    1180fff4    0000000c     
                  1180fff4    00000004     rtdx64xplus.lib : buffer1.o64P (.pinit)
                  1180fff8    00000004                     : rtdx_mon.o64P (.pinit)
                  1180fffc    00000004     --HOLE-- [fill = 0]

.trace$buf 
*          0    11810000    00001000     UNINITIALIZED
                  11810000    00001000     hellocfg.obj (.trace$buf)

.rtdx_text 
*          0    11811000    00000fc0     
                  11811000    000002a0     rtdx64xplus.lib : rtdx_mon.o64P (.rtdx_text:_HSRTDX_rec)
                  118112a0    00000260                     : buffer1.o64P (.rtdx_text:_RTDX_Buffer_WriteCB)
                  11811500    00000260                     : buffer1.o64P (.rtdx_text:_RTDX_write_next)
                  11811760    000001a0                     : rtdx_mon.o64P (.rtdx_text:_HSRTDX_xmt)
                  11811900    00000160                     : rtdx_mon.o64P (.rtdx_text:_RTDX_Send_To_Host)
                  11811a60    000000e0                     : rtdx_mon.o64P (.rtdx_text:_RTDX_Mon_Queue)
                  11811b40    000000e0                     : buffer1.o64P (.rtdx_text:_claim)
                  11811c20    000000a0                     : rtdx_mon.o64P (.rtdx_text:_RTDX_GetH2THeader)
                  11811cc0    000000a0                     : rtdx_mon.o64P (.rtdx_text:_RTDX_Poll)
                  11811d60    00000080                     : rtdx_mon.o64P (.rtdx_text:_RTDX_Final_RT_Monitor)
                  11811de0    00000060                     : buffer1.o64P (.rtdx_text:_RTDX_Buffer_Initialize)
                  11811e40    00000060                     : rtdx_mon.o64P (.rtdx_text:_RTDX_Init_RT_Monitor)
                  11811ea0    00000040                     : buffer2.o64P (.rtdx_text:_RTDX_Buffer_ReadCB)
                  11811ee0    00000040                     : buffer1.o64P (.rtdx_text:_RTDX_Buffer_Size)
                  11811f20    00000040                     : memfill.o64P (.rtdx_text:_RTDX_memfill)
                  11811f60    00000020                     : buffer2.o64P (.rtdx_text:_RTDX_Buffer_Read)
                  11811f80    00000020                     : buffer1.o64P (.rtdx_text:_RTDX_Buffer_Write)
                  11811fa0    00000020                     : intr_tgt.o64P (.rtdx_text)

.hst       0    11811fc0    0000003c     UNINITIALIZED
                  11811fc0    0000003c     hellocfg.obj (.hst)

.mem       0    11811ffc    00000004     UNINITIALIZED
                  11811ffc    00000004     hellocfg.obj (.mem)

.LOG_system$buf 
*          0    11812000    00000800     UNINITIALIZED
                  11812000    00000800     hellocfg.obj (.LOG_system$buf)

.sysinit   0    11812800    00000560     
                  11812800    00000380     hellocfg.obj (.sysinit)
                  11812b80    000000c0     bios.a674 : boot.o674 (.sysinit)
                  11812c40    000000c0               : mem_init.o674 (.sysinit)
                  11812d00    00000060               : tsk_init.o674 (.sysinit)

.const     0    11812d60    00000419     
                  11812d60    00000193     bios.a674 : exc.o674 (.const:.string)
                  11812ef3    00000004               : mem_allo.o674 (.const:.string)
                  11812ef7    00000001     --HOLE-- [fill = 0]
                  11812ef8    00000101     rts6740.lib : ctype.obj (.const:.string:__ctypes_)
                  11812ff9    00000004     bios.a674 : mem_free.o674 (.const:.string)
                  11812ffd    00000002     rts6740.lib : fputs.obj (.const:.string)
                  11812fff    00000001     --HOLE-- [fill = 0]
                  11813000    00000080     evmc6748_bsl.lib : evmc6748.obj (.const:_bitval_u32)
                  11813080    0000004e     bios.a674 : tsk_stup.o674 (.const:.string)
                  118130ce    00000002     --HOLE-- [fill = 0]
                  118130d0    00000040     evmc6748_bsl.lib : evmc6748.obj (.const:.string)
                  11813110    00000023     bios.a674 : utl_doab.o674 (.const:.string)
                  11813133    00000023     rts6740.lib : _printfi.obj (.const:.string)
                  11813156    00000022     bios.a674 : utl_doer.o674 (.const:.string)
                  11813178    00000001               : tsk.o674 (.const:.string)

.printf    0    11813179    00000076     COPY SECTION
                  11813179    00000076     hellocfg.obj (.printf)

.TSK_idle$stk 
*          0    11813180    00000400     UNINITIALIZED
                  11813180    00000400     hellocfg.obj (.TSK_idle$stk)

.stack     0    11813580    00000400     UNINITIALIZED
                  11813580    00000400     --HOLE--

.bss       0    11813980    0000038c     UNINITIALIZED
                  11813980    00000100     bios.a674 : hwi_disp_asm.o674 (.bss)
                  11813a80    000000cc               : biosdata.o674 (.bss)
                  11813b4c    0000009c               : swi.o674 (.bss)
                  11813be8    00000048               : knl.o674 (.bss)
                  11813c30    00000028     hellocfg.obj (.bss)
                  11813c58    00000020     bios.a674 : exc_asm.o674 (.bss)
                  11813c78    00000018               : hwi.o674 (.bss)
                  11813c90    00000018     lnkrtdx.a674 : rtdx.o674 (.bss)
                  11813ca8    00000010     bios.a674 : exc.o674 (.bss)
                  11813cb8    00000010     rtdx64xplus.lib : buffer1.o64P (.bss)
                  11813cc8    00000010                     : rtdx_mon.o64P (.bss)
                  11813cd8    0000000c     bios.a674 : tsk.o674 (.bss)
                  11813ce4    00000008               : clk_data.o674 (.bss)
                  11813cec    00000008               : sys.o674 (.bss)
                  11813cf4    00000008     hello.obj (.bss)
                  11813cfc    00000004     bios.a674 : clk_data2.o674 (.bss)
                  11813d00    00000004               : idl_busy.o674 (.bss)
                  11813d04    00000004               : mem_asm.o674 (.bss)
                  11813d08    00000004     evmc6748_bsl.lib : evmc6748_i2c.obj (.bss)

.trace     0    11813d0c    00000200     
                  11813d0c    00000200     --HOLE-- [fill = 00000000]

.pip       0    11813f0c    000000c8     UNINITIALIZED
                  11813f0c    000000c8     hellocfg.obj (.pip)

.prd       0    11813fd4    00000020     UNINITIALIZED
                  11813fd4    00000020     hellocfg.obj (.prd)

.trcdata   0    11813ff4    0000000c     
                  11813ff4    0000000c     bios.a674 : trc.o674 (.trcdata)

.hwi_vec   0    11814000    00000200     
                  11814000    00000200     hellocfg.obj (.hwi_vec)

.cio       0    11814200    00000120     UNINITIALIZED
                  11814200    00000120     rts6740.lib : trgmsg.obj (.cio)

.hst0      0    11814320    00000100     UNINITIALIZED
                  11814320    00000100     hellocfg.obj (.hst0)

.tsk       0    11814420    00000060     UNINITIALIZED
                  11814420    00000060     hellocfg.obj (.tsk)

.swi       0    11814480    00000058     UNINITIALIZED
                  11814480    00000058     hellocfg.obj (.swi)

.sts       0    118144d8    00000050     
                  118144d8    00000050     hellocfg.obj (.sts)

.gblinit   0    11814528    0000004c     
                  11814528    0000004c     hellocfg.obj (.gblinit)

.switch    0    11814574    00000044     
                  11814574    00000024     evmc6748_bsl.lib : evmc6748_gpio.obj (.switch:_getRegisterBankAndBit)
                  11814598    00000020                      : evmc6748_dip.obj (.switch:_convertDipToI2CGpio)

.hst1      0    118145b8    00000010     UNINITIALIZED
                  118145b8    00000010     hellocfg.obj (.hst1)

.idl       0    118145c8    00000010     UNINITIALIZED
                  118145c8    00000010     hellocfg.obj (.idl)

.idlcal    0    118145d8    00000010     UNINITIALIZED
                  118145d8    00000010     hellocfg.obj (.idlcal)

.sys       0    118145e8    00000010     UNINITIALIZED
                  118145e8    00000010     hellocfg.obj (.sys)

.clk       0    118145f8    00000008     UNINITIALIZED
                  118145f8    00000008     hellocfg.obj (.clk)


GLOBAL SYMBOLS: SORTED ALPHABETICALLY BY Name 

address    name
--------   ----
11813980   $bss
11813980   .bss
11800000   .data
11800000   .text
118129c4   BIOS$$CLKOFF
11812984   BIOS$$CLKON
11812800   BIOS_init
11812a30   BIOS_start
00000000   BUF$
00000001   BUF_ENABLED
118079d8   C$$IO$$
ffffffff   CACHE_L1D
ffffffff   CACHE_L1P
00000001   CLK$
118145f8   CLK_A_TABBEG
00000001   CLK_CALDIV
00000001   CLK_CALMULT
000493e0   CLK_COUNTSPMS
00000004   CLK_COUNTSPMSHIGH
11813aa8   CLK_D_idletime
11813aa4   CLK_D_isrhook
11813aa0   CLK_D_tabbeg
11813a9c   CLK_D_timefxn
00000001   CLK_ENABLEHTIME
1180bf00   CLK_F_gethtime
1180aaa0   CLK_F_getltime
1180aab0   CLK_F_isr
1180abf0   CLK_F_itime
11808780   CLK_HOOKFXN
00000001   CLK_HTIMEDIV
00000001   CLK_HTIMEMULT
000493e0   CLK_HTIMEPERLTIME
00005dc0   CLK_INPUTCLK
00004000   CLK_INTBIT
00000001   CLK_LTIMEDIV
000493e0   CLK_LTIMEMULT
000003e8   CLK_MICROSECS
00000001   CLK_POWERENABLE
00005dc0   CLK_PRD
00000000   CLK_PRDHIGH
01c20000   CLK_REGS
00000001   CLK_RESETTIMER
11813a98   CLK_R_time
00000020   CLK_TCR
00000000   CLK_TDDR
00000000   CLK_TDDRHIGH
1180bf00   CLK_TIMEFXN
00000000   CLK_TIMERNUM
00000005   CLK_TIMMODE
00000001   CLK_USETIMER
118145fc   CLK_null
ffffffff   DDR
00000000   DEV$
00000000   DGN$
00000000   DHL$
00000000   DHL_gChannelsAvailable
00000000   DIO$
00000000   DIO_NUMSWIBASE
00000000   DIO_NUMTSKBASE
00000000   DIO_STATIC
00000000   DPI$
00000000   ECM$
00000000   ECM_ENABLE
ffffffff   ECM_EVTMASK0
ffffffff   ECM_EVTMASK1
ffffffff   ECM_EVTMASK2
ffffffff   ECM_EVTMASK3
0000000a   EVENT10
00000064   EVENT100
00000065   EVENT101
00000066   EVENT102
00000067   EVENT103
00000068   EVENT104
00000069   EVENT105
0000006a   EVENT106
0000006b   EVENT107
0000006c   EVENT108
0000006d   EVENT109
0000000b   EVENT11
0000006e   EVENT110
0000006f   EVENT111
00000070   EVENT112
00000071   EVENT113
00000072   EVENT114
00000073   EVENT115
00000074   EVENT116
00000075   EVENT117
00000076   EVENT118
00000077   EVENT119
0000000c   EVENT12
00000078   EVENT120
00000079   EVENT121
0000007a   EVENT122
0000007b   EVENT123
0000007c   EVENT124
0000007d   EVENT125
0000007e   EVENT126
0000007f   EVENT127
0000000d   EVENT13
0000000e   EVENT14
0000000f   EVENT15
00000010   EVENT16
00000011   EVENT17
00000012   EVENT18
00000013   EVENT19
00000014   EVENT20
00000015   EVENT21
00000016   EVENT22
00000017   EVENT23
00000018   EVENT24
00000019   EVENT25
0000001a   EVENT26
0000001b   EVENT27
0000001c   EVENT28
0000001d   EVENT29
0000001e   EVENT30
0000001f   EVENT31
00000020   EVENT32
00000021   EVENT33
00000022   EVENT34
00000023   EVENT35
00000024   EVENT36
00000025   EVENT37
00000026   EVENT38
00000027   EVENT39
00000004   EVENT4
00000028   EVENT40
00000029   EVENT41
0000002a   EVENT42
0000002b   EVENT43
0000002c   EVENT44
0000002d   EVENT45
0000002e   EVENT46
0000002f   EVENT47
00000030   EVENT48
00000031   EVENT49
00000005   EVENT5
00000032   EVENT50
00000033   EVENT51
00000034   EVENT52
00000035   EVENT53
00000036   EVENT54
00000037   EVENT55
00000038   EVENT56
00000039   EVENT57
0000003a   EVENT58
0000003b   EVENT59
00000006   EVENT6
0000003c   EVENT60
0000003d   EVENT61
0000003e   EVENT62
0000003f   EVENT63
00000040   EVENT64
00000041   EVENT65
00000042   EVENT66
00000043   EVENT67
00000044   EVENT68
00000045   EVENT69
00000007   EVENT7
00000046   EVENT70
00000047   EVENT71
00000048   EVENT72
00000049   EVENT73
0000004a   EVENT74
0000004b   EVENT75
0000004c   EVENT76
0000004d   EVENT77
0000004e   EVENT78
0000004f   EVENT79
00000008   EVENT8
00000050   EVENT80
00000051   EVENT81
00000052   EVENT82
00000053   EVENT83
00000054   EVENT84
00000055   EVENT85
00000056   EVENT86
00000057   EVENT87
00000058   EVENT88
00000059   EVENT89
00000009   EVENT9
0000005a   EVENT90
0000005b   EVENT91
0000005c   EVENT92
0000005d   EVENT93
0000005e   EVENT94
0000005f   EVENT95
00000060   EVENT96
00000061   EVENT97
00000062   EVENT98
00000063   EVENT99
1180baa0   FXN_F_nop
1180baa4   FXN_F_run
1180bae0   FXN_F_zero
00000001   GBL$
00005205   GBL_A_VERSION
00000000   GBL_BCACHEREADADDR0
00000000   GBL_BCACHEREADADDR1
00000000   GBL_BCACHEREADADDR2
00000000   GBL_BIGENDIAN
00000000   GBL_CACHE
00000000   GBL_CALLCSLCFGINIT
00004e20   GBL_CLKIN
00001a5b   GBL_CLKTYPE
00001a5c   GBL_DSPSUBTYPE
0000003e   GBL_DSPTYPE
00000001   GBL_ENABLEINST
00000000   GBL_ENABLE_SK
00000042   GBL_FOOTPRINT
000493e0   GBL_FREQ
00000000   GBL_GEMTRUECOMPEN
00000007   GBL_L1DMODE
00000007   GBL_L1PMODE
00000001   GBL_L2CONFIGURE
00000000   GBL_L2MAR0_31
00000001   GBL_L2MAR128_159
00000000   GBL_L2MAR160_191
ffffffff   GBL_L2MAR192_223
00000000   GBL_L2MAR224_255
00000000   GBL_L2MAR32_63
00000000   GBL_L2MAR64_95
00000000   GBL_L2MAR96_127
00000000   GBL_L2MODE
00000000   GBL_NULL
00000000   GBL_PROCID
00000000   GBL_ROM
00000000   GBL_SUPPORTCSL
0000dbef   GBL_TRCMASKVALUE
00000000   GBL_USERINIT
1180be40   GBL_USERINITFXN
00000001   GBL_boot
11813ffc   GBL_initdone
11813580   GBL_stackbeg
1181397f   GBL_stackend
00000000   GIO$
1180be40   GIO_CREATEFXN
1180be40   GIO_DELETEFXN
1180be40   GIO_PENDFXN
1180be40   GIO_POSTFXN
00000000   HOOK$
00000000   HOOK_KNLID
00000001   HST$
11811fc0   HST_A_TABBEG
11811ffc   HST_A_TABEND
00000000   HST_DSM
11813c3c   HST_DSMBUFSEG
00000400   HST_DSMMEMSIZE
11813b14   HST_D_chanmask
11813b18   HST_D_tabbeg
11813b1c   HST_D_tabend
000000ff   HST_MAXFRAMEALLOWED
00000040   HST_MAXFRAMESET
00000000   HST_NONE
00000001   HST_RTDX
00000001   HWI$
11814000   HWI_A_VECS
00005828   HWI_CFGDISPATCHED
11813c88   HWI_D_bss
11813c8c   HWI_D_ccmask
11813c78   HWI_D_spsave
00000001   HWI_ENABLE_EXC
11808780   HWI_F_dispatch
00000000   HWI_GENERATE_RESET_VEC
0000000a   HWI_INT10
00000000   HWI_INT10$hwi
0000000b   HWI_INT11
00000000   HWI_INT11$hwi
0000000c   HWI_INT12
00000000   HWI_INT12$hwi
0000000d   HWI_INT13
00000000   HWI_INT13$hwi
0000000e   HWI_INT14
00000000   HWI_INT14$hwi
0000000f   HWI_INT15
00000000   HWI_INT15$hwi
00000004   HWI_INT4
00000000   HWI_INT4$hwi
00000005   HWI_INT5
00000000   HWI_INT5$hwi
00000006   HWI_INT6
00000000   HWI_INT6$hwi
00000007   HWI_INT7
00000000   HWI_INT7$hwi
00000008   HWI_INT8
00000000   HWI_INT8$hwi
00000009   HWI_INT9
00000000   HWI_INT9$hwi
07063d04   HWI_INTRMUX1
0b0a0908   HWI_INTRMUX2
28040d0c   HWI_INTRMUX3
00000001   HWI_NMI
00000000   HWI_NMI$hwi
00000000   HWI_POLARITYMASK
00000002   HWI_RESERVED0
00000000   HWI_RESERVED0$hwi
00000003   HWI_RESERVED1
00000000   HWI_RESERVED1$hwi
00000000   HWI_RESET
00000000   HWI_RESET$hwi
00000000   HWI_ZEROTAB
00000001   IDL$
118145d8   IDL_A_CALBEG
118145c8   IDL_A_TABBEG
00000006   IDL_CALIBRERROR
1180bd40   IDL_CALIBRFXN
11813d00   IDL_D_busyObj
11813a88   IDL_D_calbeg
11813a84   IDL_D_calibrate
11813a80   IDL_D_tabbeg
118145d4   IDL_END
118145e4   IDL_END$
1180bb60   IDL_F_busy
1180b9c0   IDL_F_calibrate
1180be80   IDL_F_loop
1180bd40   IDL_F_stub
00000001   IDL_USECLKIDLTIME
1181451c   IDL_busyObj
118131ea   IDL_busyObj$avgfmt
00000001   IDL_busyObj$filter
00000001   IDL_busyObj$iA
00000000   IDL_busyObj$iB
00000001   IDL_busyObj$iC
118131e4   IDL_busyObj$maxfmt
00000000   IDL_busyObj$operation
11814518   IDL_busyObj$stsobj
118131e7   IDL_busyObj$sumfmt
00000002   IDL_busyObj$unittype
118145c8   IDL_cpuLoad
118145d8   IDL_cpuLoad$
11813c3c   IRAM
1180bf20   IRAM$B
00002000   IRAM$L
00000001   ISRC$
1180ad98   KNL_glue
118144ac   KNL_swi
00000001   KNL_swi$dorta
00000002   KNL_swi$ord
00000000   KNL_swi$pri
118144fc   KNL_swi$sts
118131c0   KNL_swi$sts$avgfmt
00000002   KNL_swi$sts$filter
00000001   KNL_swi$sts$filtmaxmult
00000001   KNL_swi$sts$filtsummult
118131b0   KNL_swi$sts$maxfmt
118144f8   KNL_swi$sts$stsobj
118131b8   KNL_swi$sts$sumfmt
00000000   KNL_swi$sts$unittype
00000000   KNL_swi$swi
ffffffff   L3_CBA_RAM
00000001   LCK$
11807c40   LNK_F_checkBufferCall
11807cc0   LNK_F_dataPump
11807c60   LNK_F_getChanPtr
11807cb8   LNK_F_init
118081c8   LNK_F_readCallBack
118145cc   LNK_dataPump
118145dc   LNK_dataPump$
11813c94   LNK_dspFrameReadyMask
11813c90   LNK_dspFrameRequestMask
11807f40   LNK_newin
11808074   LNK_newout
11807cd0   LNK_rcloop
11807d94   LNK_rdrtry
11813c9c   LNK_readDone
11813ca0   LNK_readFail
11813c98   LNK_readPend
11807da4   LNK_rrloop
11813ca4   LNK_writeFail
11807e70   LNK_wrloop
11807e64   LNK_wrrtry
00000001   LOG$
1180fad0   LOG_A_TABBEG
1180fb00   LOG_A_TABEND
00000002   LOG_A_TABLEN
11813a8c   LOG_D_system
00000001   LOG_ENABLED
1180b940   LOG_F_event
1180fad0   LOG_system
11812000   LOG_system$buf
00000000   LOG_system$datatype
00000000   LOG_system$log
00000200   LOG_system$size
00000000   MBX$
00000001   MEM$
11813c3c   MEM_MALLOCSEG
00000000   MEM_NULL
11813c3c   MEM_SEGZERO
00000000   MEM_USEMPC
00000001   MEM_gNumHeap
00000000   MSGQ$
00000000   MSGQ_USEMSGQ
00000000   OBJ$
00000000   PIP$
11813f0c   PIP_A_TABBEG
11813fd4   PIP_A_TABEND
00000002   PIP_A_TABLEN
11813a90   PIP_D_tabbeg
11813a94   PIP_D_tablen
1180a418   PIP_F_give
1180a418   PIP_F_probe
1180a4e8   PIP_F_start
1180a3a0   PIP_F_take
00000064   PIP_OBJSIZE
00000000   PIP_gNextId
00000002   PIP_gNumEmbed
00000000   POOL$
00000000   POOL_USEPOOL
00000001   PRD$
11813fd4   PRD0
11813ff0   PRD0$aaa
00000000   PRD0$mode
00000001   PRD0$ord
000001f4   PRD0$period
00000000   PRD0$prd
118144dc   PRD0$sts
1181318b   PRD0$sts$avgfmt
00000000   PRD0$sts$filter
11813179   PRD0$sts$maxfmt
118144d8   PRD0$sts$stsobj
11813182   PRD0$sts$sumfmt
00000002   PRD0$sts$unittype
11813fd4   PRD_A_TABBEG
11813ff4   PRD_A_TABEND
00000001   PRD_A_TABLEN
11813ad0   PRD_D_cur
11813ad4   PRD_D_elapsed
11813ad8   PRD_D_prevtim
11813adc   PRD_D_scalar
11813ae0   PRD_D_swihandle
11813ae4   PRD_D_tabbeg
11813ae8   PRD_D_tablen
11813aec   PRD_D_thook
11813acc   PRD_D_tick
11809120   PRD_F_swi
118093a4   PRD_F_tick
00000001   PRD_SCALAR
11814480   PRD_SWIHANDLE
11809fb4   PRD_THOOKFXN
118145f8   PRD_clock
11814480   PRD_swi
00000001   PRD_swi$dorta
00000001   PRD_swi$ord
00000001   PRD_swi$pri
118144ec   PRD_swi$sts
118131a6   PRD_swi$sts$avgfmt
00000002   PRD_swi$sts$filter
00000001   PRD_swi$sts$filtmaxmult
00000001   PRD_swi$sts$filtsummult
11813196   PRD_swi$sts$maxfmt
118144e8   PRD_swi$sts$stsobj
1181319e   PRD_swi$sts$sumfmt
00000000   PRD_swi$sts$unittype
00000000   PRD_swi$swi
00000001   PWRM$
00000030   PWRM_PWRM_CAPSMASK
0000000a   PWRM_PWRM_CLKTICKSPERSLOT
00000000   PWRM_PWRM_ENABLE
00000002   PWRM_PWRM_INITSPCPU
00000000   PWRM_PWRM_INITSPPER
00000000   PWRM_PWRM_LOADENABLE
00000001   PWRM_PWRM_NUMSLOTS
00000000   PWRM_PWRM_RESOURCETRACKING
00000000   PWRM_PWRM_SCALING
1180be40   PWRM_PWRM_SHAREDRESOURCEFXN
1180be40   PWRM_PWRM_SLOTHOOKFXN
00000000   PWRM_PWRM_TIMERIDNUM
00000000   PWRM_PWRM_TIMERINTRMASK
00000000   PWRM_PWRM_TIMERWUGENMASK
00000000   PWRM_PWRM_USERRESOURCES
00000000   PWRM_PWRM_USETIMER
00000001   QUE$
11813af0   RTA_D_fromHost
11813af8   RTA_D_logval
11813b08   RTA_D_stsval
11813af4   RTA_D_toHost
1180bd80   RTA_F_andn
11809800   RTA_F_dispatch
11809720   RTA_F_getlog
11809758   RTA_F_getsts
1180bd98   RTA_F_or
11809798   RTA_F_readblk
118097c0   RTA_F_resetmem
118097b4   RTA_F_writeword
118145d0   RTA_dispatcher
118145e0   RTA_dispatcher$
1180984c   RTA_execute
11811fc4   RTA_fromHost
118145b8   RTA_fromHost$buf
00000004   RTA_fromHost$framesize
00000000   RTA_fromHost$hst
00000001   RTA_fromHost$id
00000000   RTA_fromHost$mode
11813f0c   RTA_fromHost$pipe
11813f3c   RTA_fromHost$pipe$aaa
11813f6c   RTA_fromHost$pipe$bbb
11813c40   RTA_fromHost$pipe$dtab
11813f10   RTA_fromHost$pipe$rd
11813f40   RTA_fromHost$pipe$wr
11811fcc   RTA_fromHost$rtdx
11811fe0   RTA_toHost
11814320   RTA_toHost$buf
00000040   RTA_toHost$framesize
00000000   RTA_toHost$hst
00000000   RTA_toHost$id
00000001   RTA_toHost$mode
11813f70   RTA_toHost$pipe
11813fa0   RTA_toHost$pipe$aaa
11813fd0   RTA_toHost$pipe$bbb
11813c4c   RTA_toHost$pipe$dtab
11813f74   RTA_toHost$pipe$rd
11813fa4   RTA_toHost$pipe$wr
11811fe8   RTA_toHost$rtdx
00000001   RTDX$
00000408   RTDX_BUFMEMSIZE
11813c3c   RTDX_DATAMEMSEG
00000000   RTDX_MODE
00000001   RTDX_NORMALIZED_HDR
00000001   RTDX_USERTDX
00000000   RTDX_USERTEXECUTION
00000000   SEM$
00000000   SIO$
00000001   STS$
118144d8   STS_A_TABBEG
11814528   STS_A_TABEND
1180bc4c   STS_F_add
1180bc20   STS_F_delta
1180bc68   STS_F_reset
00000001   SWI$
11814480   SWI_A_TABBEG
118144d8   SWI_A_TABEND
00000002   SWI_A_TABLEN
11813b64   SWI_D_curfxn
11813b54   SWI_D_curmask
11813b60   SWI_D_curmbox
11813b58   SWI_D_curset
11813b50   SWI_D_execaddr
11813b6c   SWI_D_inswi
11813b5c   SWI_D_lock
11813b68   SWI_D_rdybeg
11813b70   SWI_D_rdytab
11813b4c   SWI_D_runaddr
00000000   SWI_EHOOKFXN
11808e44   SWI_EXECFXN
11808c60   SWI_F_enable
11808e44   SWI_F_exec
11808e6c   SWI_F_iexec
11808cd0   SWI_F_post
11808eec   SWI_F_run
00000000   SWI_IHOOKFXN
11808eec   SWI_RUNFXN
00000001   SYS$
118145e8   SYS$config
1180bdc0   SYS_ABORTFXN
1180bec0   SYS_ERRORFXN
1180bee0   SYS_EXITFXN
1180be00   SYS_PUTCFXN
11813ff8   TRC_R_mask
11813ff4   TRC_cinit
00000001   TSK$
00000000   TSK_NUM_HOOKS
00000001   TSK_PRIORITY
00000000   TSK_READYFXN
00000000   TSK_STACKSEG
00000400   TSK_STACKSIZE
00000000   TSK_SWITCHFXN
1180be40   TSK_VCREATEFXN
1180be40   TSK_VDELETEFXN
1180be40   TSK_VEXITFXN
1181442c   TSK_idle
00000000   TSK_idle$ord
00000000   TSK_idle$pri
11813180   TSK_idle$stack
11813518   TSK_idle$stkptr
1181450c   TSK_idle$sts
118131da   TSK_idle$sts$avgfmt
00000002   TSK_idle$sts$filter
00000001   TSK_idle$sts$filtmaxmult
00000001   TSK_idle$sts$filtsummult
118131ca   TSK_idle$sts$maxfmt
11814508   TSK_idle$sts$stsobj
118131d2   TSK_idle$sts$sumfmt
00000000   TSK_idle$sts$unittype
00000000   TSK_idle$tsk
00000000   UDEV$
1180104c   _AIC3106_Init
11801100   _AIC3106_readRegister
11801154   _AIC3106_writeRegister
1180be40   _BCACHE_bootInit
1180b154   _BCACHE_getMar
1180b104   _BCACHE_getSize
1180b0d4   _BCACHE_setCacheToSram
1180b084   _BCACHE_setMar
1180b040   _BCACHE_setSize
11812800   _BIOS_init
11812a30   _BIOS_start
ffffffff   _CACHE_L1D
ffffffff   _CACHE_L1P
000493e0   _CLK_COUNTSPMS
11813ce4   _CLK_DFLTMICROSECS
11813ac8   _CLK_D_countspms
11813abc   _CLK_D_dirty
11813ce8   _CLK_D_microseconds
11813ac0   _CLK_D_prd
11813ac4   _CLK_D_tddr
1180abf0   _CLK_F_itime
00005dc0   _CLK_PRD
01c20000   _CLK_REGS
00000000   _CLK_TDDR
00000000   _CLK_TIMERNUM
00000001   _CLK_USETIMER
1180bf00   _CLK_gethtime
11813aac   _CLK_htimeDiv
11813ab0   _CLK_htimeMult
11813cfc   _CLK_htimePerLtime
1180f43c   _CLK_inputClock
1180abf0   _CLK_itime
11813ab4   _CLK_ltimeDiv
11813ab8   _CLK_ltimeMult
1180bce0   _CLK_measure
ffffffff   _DDR
118059c4   _DIP_get
11805a28   _DIP_getAll
118059a0   _DIP_init
0000000a   _EVENT10
00000064   _EVENT100
00000065   _EVENT101
00000066   _EVENT102
00000067   _EVENT103
00000068   _EVENT104
00000069   _EVENT105
0000006a   _EVENT106
0000006b   _EVENT107
0000006c   _EVENT108
0000006d   _EVENT109
0000000b   _EVENT11
0000006e   _EVENT110
0000006f   _EVENT111
00000070   _EVENT112
00000071   _EVENT113
00000072   _EVENT114
00000073   _EVENT115
00000074   _EVENT116
00000075   _EVENT117
00000076   _EVENT118
00000077   _EVENT119
0000000c   _EVENT12
00000078   _EVENT120
00000079   _EVENT121
0000007a   _EVENT122
0000007b   _EVENT123
0000007c   _EVENT124
0000007d   _EVENT125
0000007e   _EVENT126
0000007f   _EVENT127
0000000d   _EVENT13
0000000e   _EVENT14
0000000f   _EVENT15
00000010   _EVENT16
00000011   _EVENT17
00000012   _EVENT18
00000013   _EVENT19
00000014   _EVENT20
00000015   _EVENT21
00000016   _EVENT22
00000017   _EVENT23
00000018   _EVENT24
00000019   _EVENT25
0000001a   _EVENT26
0000001b   _EVENT27
0000001c   _EVENT28
0000001d   _EVENT29
0000001e   _EVENT30
0000001f   _EVENT31
00000020   _EVENT32
00000021   _EVENT33
00000022   _EVENT34
00000023   _EVENT35
00000024   _EVENT36
00000025   _EVENT37
00000026   _EVENT38
00000027   _EVENT39
00000004   _EVENT4
00000028   _EVENT40
00000029   _EVENT41
0000002a   _EVENT42
0000002b   _EVENT43
0000002c   _EVENT44
0000002d   _EVENT45
0000002e   _EVENT46
0000002f   _EVENT47
00000030   _EVENT48
00000031   _EVENT49
00000005   _EVENT5
00000032   _EVENT50
00000033   _EVENT51
00000034   _EVENT52
00000035   _EVENT53
00000036   _EVENT54
00000037   _EVENT55
00000038   _EVENT56
00000039   _EVENT57
0000003a   _EVENT58
0000003b   _EVENT59
00000006   _EVENT6
0000003c   _EVENT60
0000003d   _EVENT61
0000003e   _EVENT62
0000003f   _EVENT63
00000040   _EVENT64
00000041   _EVENT65
00000042   _EVENT66
00000043   _EVENT67
00000044   _EVENT68
00000045   _EVENT69
00000007   _EVENT7
00000046   _EVENT70
00000047   _EVENT71
00000048   _EVENT72
00000049   _EVENT73
0000004a   _EVENT74
0000004b   _EVENT75
0000004c   _EVENT76
0000004d   _EVENT77
0000004e   _EVENT78
0000004f   _EVENT79
00000008   _EVENT8
00000050   _EVENT80
00000051   _EVENT81
00000052   _EVENT82
00000053   _EVENT83
00000054   _EVENT84
00000055   _EVENT85
00000056   _EVENT86
00000057   _EVENT87
00000058   _EVENT88
00000059   _EVENT89
00000009   _EVENT9
0000005a   _EVENT90
0000005b   _EVENT91
0000005c   _EVENT92
0000005d   _EVENT93
0000005e   _EVENT94
0000005f   _EVENT95
00000060   _EVENT96
00000061   _EVENT97
00000062   _EVENT98
00000063   _EVENT99
118001e8   _EVMC6748_enableDsp
11800000   _EVMC6748_init
1180002c   _EVMC6748_initRAM
118002b0   _EVMC6748_lpscTransition
11800214   _EVMC6748_pinmuxConfig
11808750   _EXC_clearLastStatus
1180a1c0   _EXC_dispatch
11808574   _EXC_exceptionHandler
11813ca8   _EXC_exceptionHook
11808540   _EXC_external
11813cb0   _EXC_externalHook
11808520   _EXC_getLastStatus
118084e0   _EXC_init
11808234   _EXC_internal
11813cac   _EXC_internalHook
11808200   _EXC_nmi
11813cb4   _EXC_nmiHook
11813c60   _EXC_returnPtr
1180a384   _EXC_setReturnPtr
1180fa88   _EXC_status
11813c58   _EXC_sysTrapTable
1180be40   _FXN_F_nop
1180baa4   _FXN_F_run
1180bae0   _FXN_F_zero
00000000   _GBL_CACHE
1180b1e8   _GBL_cacheInit64P
11813b24   _GBL_clkIn
11813b28   _GBL_freq
1180be60   _GBL_getVersion
11813b20   _GBL_procId
11802fb8   _GPIO_getInput
11802f40   _GPIO_setDir
1180302c   _GPIO_setOutput
118030ac   _GPIO_toggleLoop
11806fe0   _HOSTclose
118060e0   _HOSTlseek
118063e0   _HOSTopen
118064c0   _HOSTread
11805820   _HOSTrename
11806920   _HOSTunlink
118069e0   _HOSTwrite
11811000   _HSRTDX_rec
11811760   _HSRTDX_xmt
11811fc0   _HST_A_TABBEG
11811ffc   _HST_A_TABEND
00005828   _HWI_CFGDISPATCHED
11813c84   _HWI_D_inhwi
11813c78   _HWI_D_spsave
11808780   _HWI_F_dispatch
0000000a   _HWI_INT10
0000000b   _HWI_INT11
0000000c   _HWI_INT12
0000000d   _HWI_INT13
0000000e   _HWI_INT14
0000000f   _HWI_INT15
00000004   _HWI_INT4
00000005   _HWI_INT5
00000006   _HWI_INT6
00000007   _HWI_INT7
00000008   _HWI_INT8
00000009   _HWI_INT9
00000001   _HWI_NMI
00000002   _HWI_RESERVED0
00000003   _HWI_RESERVED1
00000000   _HWI_RESET
11813978   _HWI_STKBOTTOM
11813580   _HWI_STKTOP
11813c78   _HWI_data
1180bb00   _HWI_disable
11813980   _HWI_dispatchTab
1180bb18   _HWI_enable
1180bb2c   _HWI_restore
11802354   _I2CGPIO_getInput
11802470   _I2CGPIO_getInputAll
11802280   _I2CGPIO_init
11802580   _I2CGPIO_setOutput
118026c8   _I2CGPIO_setOutputAll
118032c0   _I2C_init
118033ac   _I2C_read
11803508   _I2C_write
1181451c   _IDL_busyObj
118145c8   _IDL_cpuLoad
1180be80   _IDL_loop
11813c3c   _IRAM
1180bf20   _IRAM_base
00002000   _IRAM_length
11813bf0   _KNL_alarm
1180b2a0   _KNL_check
11813c14   _KNL_curqueue
11813c04   _KNL_curtask
11813c0c   _KNL_curtime
1180f910   _KNL_dummy
1180b600   _KNL_enter
1180b5c0   _KNL_exit
1180b368   _KNL_idle
11813c2c   _KNL_idlefxn
11813bf8   _KNL_inactive
1180b7c0   _KNL_ipost
1180b390   _KNL_max
11813c18   _KNL_maxqueue
1180b840   _KNL_post
11813c08   _KNL_prevtask
11813bfc   _KNL_priority
1180f870   _KNL_queues
118099a0   _KNL_run
1180ac40   _KNL_saveIsrFrame
11813c00   _KNL_set
11813bf4   _KNL_setpri
118144ac   _KNL_swi
11813c10   _KNL_swiptr
1180acec   _KNL_switch
11813c20   _KNL_tcreatefxn
11813c24   _KNL_tdeletefxn
11809fb4   _KNL_tick
11813c28   _KNL_treadyfxn
11813c1c   _KNL_tswitchfxn
11813be8   _KNL_wFlag
11813bec   _KNL_wList
ffffffff   _L3_CBA_RAM
1180b8e0   _LCK_pend
1180b8c0   _LCK_post
118052e0   _LED_init
1180532c   _LED_isOn
1180542c   _LED_toggle
118053e4   _LED_turnOff
11805394   _LED_turnOn
118145cc   _LNK_dataPump
11813c94   _LNK_dspFrameReadyMask
11813c90   _LNK_dspFrameRequestMask
11813c9c   _LNK_readDone
11813ca0   _LNK_readFail
11813c98   _LNK_readPend
11813ca4   _LNK_writeFail
1180fad0   _LOG_A_TABBEG
1180fb00   _LOG_A_TABEND
00000002   _LOG_A_TABLEN
11813a8c   _LOG_D_system
1180b940   _LOG_event
1180fad0   _LOG_system
11813d04   _MEM
11813b2c   _MEM_D_NUMSEGMENTS
11813b34   _MEM_D_freelist
11813b38   _MEM_D_lockaddr
11813b30   _MEM_D_memtab
11813b3c   _MEM_D_unlockaddr
11809be0   _MEM_alloc
11809fe0   _MEM_free
11812c40   _MEM_init
11813c30   _MEM_memtab
11800cd0   _McASP_Init
11800e14   _McASP_Start
1180f9e0   _OBJ_segtab
1180f9a8   _OBJ_table
11813f0c   _PIP_A_TABBEG
11813fd4   _PIP_A_TABEND
11813fd4   _PRD0
11813acc   _PRD_D_tick
118145f8   _PRD_clock
11814480   _PRD_swi
118145d0   _RTA_dispatcher
11811fc4   _RTA_fromHost
11811fe0   _RTA_toHost
1180fb80   _RTDX_Buffer
1180ff8c   _RTDX_Buffer_End
11811de0   _RTDX_Buffer_Initialize
11811f60   _RTDX_Buffer_Read
11811ea0   _RTDX_Buffer_ReadCB
11811ee0   _RTDX_Buffer_Size
1180ff88   _RTDX_Buffer_Start
11811f80   _RTDX_Buffer_Write
118112a0   _RTDX_Buffer_WriteCB
11811d60   _RTDX_Final_RT_Monitor
11811e40   _RTDX_Init_RT_Monitor
00000002   _RTDX_JTAGONLY
11811fa0   _RTDX_Mask_IER
11811a60   _RTDX_Mon_Queue
11811cc0   _RTDX_Poll
00000000   _RTDX_interrupt_mask
11811f20   _RTDX_memfill
1180ffe0   _RTDX_writing
11813c3c   _SEG0
1180bbc0   _SEM_pend
1180a580   _SEM_pendEnterKnl
1180b4e0   _SEM_post
1180b4e0   _SEM_postBinary
1180b680   _SEM_postEnterKnl
118144d8   _STS_A_TABBEG
11814528   _STS_A_TABEND
1180bc4c   _STS_add
1180bc20   _STS_delta
1180bc68   _STS_reset
1180bea0   _STS_set
11813b64   _SWI_D_curfxn
11813b54   _SWI_D_curmask
11813b58   _SWI_D_curset
11813b50   _SWI_D_execaddr
11813b6c   _SWI_D_inswi
11813b5c   _SWI_D_lock
11813b68   _SWI_D_rdybeg
11813b4c   _SWI_D_runaddr
11813b4c   _SWI_data
11808cd0   _SWI_post
11813b40   _SYS
11813d0c   _SYS_PUTCBEG
11813f0b   _SYS_PUTCEND
1180bc80   _SYS_abort
1180ba40   _SYS_error
1180b720   _SYS_exit
1180fa50   _SYS_exitStack
11813cec   _SYS_exitStackPtr
11813cf0   _SYS_exitStackTop
11801210   _SetGpio
11813ff8   _TRC_R_mask
11813ce0   _TSK
1180f948   _TSK_ATTRS
1180f964   _TSK_config
1180af00   _TSK_exit
1181442c   _TSK_idle
11812d00   _TSK_init
11813cd8   _TSK_nTasks
11813cdc   _TSK_pid
1180a900   _TSK_setup
1180b464   _TSK_startup
1180f984   _TSK_timerSem
11801198   _USTIMER_delay
11800c00   _UTIL_isUIBoardAttached
11800aa8   _UTIL_printMem
1180bdc0   _UTL_doAbort
1180bec0   _UTL_doError
1180be00   _UTL_doPutc
1180bee0   _UTL_halt
11814200   __CIOBUF_
1180ac10   __CLK_lat1beg
1180ac30   __CLK_lat1end
11813b48   __HOOK_NUMHOOKS
11813b44   __HOOK_knlId
11808780   __HWI_lat1beg
11808908   __HWI_lat1end
11808908   __HWI_lat2beg
11808ae4   __HWI_lat2end1
11808a70   __HWI_lat2end2
11808b00   __HWI_lat3beg
11808aa0   __HWI_lat3end2
1180bb60   __IDL_lat1beg
1180bba0   __IDL_lat1end
1180b2ec   __KNL_lat1beg
1180b368   __KNL_lat1end
1180b940   __LOG_lat1beg
1180fa24   __MEM_mutex
118097c0   __RTA_lat1beg
118097f4   __RTA_lat1end
1180a760   __SEM_dopost
11813980   __STACK_END
00000400   __STACK_SIZE
11808dd8   __SWI_lat1beg
11808e84   __SWI_lat1end
11808e88   __SWI_lat2beg
11808ee8   __SWI_lat2end
11808c60   __SWI_lat3beg
11808ccc   __SWI_lat3end
1180f9fc   __TSK_mutex
1180fabc   ___TI_enable_exit_profile_output
ffffffff   ___TI_pprof_out_hndl
ffffffff   ___TI_prof_data_size
ffffffff   ___TI_prof_data_start
118079e0   ___add_dtor
1180f440   ___atexit_func_id__
ffffffff   ___binit__
11813980   ___bss__
ffffffff   ___c_args__
1180df20   ___cinit__
11800000   ___data__
11800000   ___edata__
11813d0c   ___end__
11807c40   ___etext__
11807a20   ___isinf
1180fff4   ___pinit__
11800000   ___text__
1180adc0   __auto_init
11806b60   __c6xabi_divu
11806ce0   __c6xabi_remi
11807080   __cleanup
1180fab4   __cleanup_ptr
11805d80   __closefile
11812ef8   __ctypes_
11801240   __divd
11807120   __divli
11806b60   __divu
11805680   __divul
11804160   __divull
11806c20   __doflush
1180fab8   __dtors_ptr
11807300   __fixdli
118076c0   __fltlid
11807aa0   __frcmpyd_div
1180f438   __ft_end
1180f118   __ftable
11807740   __llshl
11807ae0   __llshru
1180fac0   __lock
11807b60   __negll
11807b80   __nop
11802760   __printfi
11807be0   __register_lock
11807c00   __register_unlock
11806ce0   __remi
11807b20   __remli
11813580   __stack
118078c0   __subcull
1180f2f8   __tmpnams
1180fac4   __unlock
118061e0   __wrt_ok
1180f690   _a_fir
11806da0   _atexit
118065a0   _atoi
11804928   _audioHWI
1180f5c8   _b_fir
11813000   _bitval_u32
1180f698   _buffer
11812b80   _c_int00
118062e0   _call_dtors
118096cc   _calloc
11806680   _close
11800688   _config_pll0
118008c4   _config_pll1
11804898   _dipPRD
11813cf7   _dist
1180f86c   _dtors
11813cf6   _filterOn
11804cc0   _fputc
11802ba0   _fputs
118094a0   _free
11805fc0   _fseek
11800c68   _initAll
1180f700   _lowPass1
1180f740   _lowPass2
118074e0   _lseek
11806e60   _ltoa
11804860   _main
118094c4   _malloc
11813cf4   _mask
11809608   _memalign
11807920   _memccpy
11807580   _memcpy
11806760   _memset
11806840   _printf
11804cc0   _putc
11800c20   _read_audio_sample
118077c0   _readmsg
11809524   _realloc
11807c20   _remove
11813cc0   _rtdxNullChanCnt
11813cc4   _rtdxNullFuncCnt
11813ccc   _rtdxRecNotDoneCnt
11813cd4   _rtdxXmtErrorCnt
11813cc8   _rtdxXmtNotDoneCnt
11813cd0   _rtdxXmtRestartCnt
1180ffd4   _rtdx_buffer_state
1180ff90   _rtdx_mon_state
118050e0   _setvbuf
1180fae8   _trace
11807840   _unlink
11807620   _write
11813cf8   _writeIndex
11800c44   _write_audio_sample
11807980   _writemsg
ffffffff   binit
1180df20   cinit
11800000   edata
11813d0c   end
11807c40   etext
11814000   hwi0
11814020   hwi1
11814140   hwi10
11814160   hwi11
11814180   hwi12
118141a0   hwi13
118141c0   hwi14
118141e0   hwi15
11814040   hwi2
11814060   hwi3
11814080   hwi4
118140a0   hwi5
118140c0   hwi6
118140e0   hwi7
11814100   hwi8
11814120   hwi9
1180fff4   pinit
1180fae8   trace
11810000   trace$buf
00000001   trace$datatype
00000000   trace$log
00000400   trace$size


GLOBAL SYMBOLS: SORTED BY Symbol Address 

address    name
--------   ----
00000000   BUF$
00000000   CLK_PRDHIGH
00000000   CLK_TDDR
00000000   CLK_TDDRHIGH
00000000   CLK_TIMERNUM
00000000   DEV$
00000000   DGN$
00000000   DHL$
00000000   DHL_gChannelsAvailable
00000000   DIO$
00000000   DIO_NUMSWIBASE
00000000   DIO_NUMTSKBASE
00000000   DIO_STATIC
00000000   DPI$
00000000   ECM$
00000000   ECM_ENABLE
00000000   GBL_BCACHEREADADDR0
00000000   GBL_BCACHEREADADDR1
00000000   GBL_BCACHEREADADDR2
00000000   GBL_BIGENDIAN
00000000   GBL_CACHE
00000000   GBL_CALLCSLCFGINIT
00000000   GBL_ENABLE_SK
00000000   GBL_GEMTRUECOMPEN
00000000   GBL_L2MAR0_31
00000000   GBL_L2MAR160_191
00000000   GBL_L2MAR224_255
00000000   GBL_L2MAR32_63
00000000   GBL_L2MAR64_95
00000000   GBL_L2MAR96_127
00000000   GBL_L2MODE
00000000   GBL_NULL
00000000   GBL_PROCID
00000000   GBL_ROM
00000000   GBL_SUPPORTCSL
00000000   GBL_USERINIT
00000000   GIO$
00000000   HOOK$
00000000   HOOK_KNLID
00000000   HST_DSM
00000000   HST_NONE
00000000   HWI_GENERATE_RESET_VEC
00000000   HWI_INT10$hwi
00000000   HWI_INT11$hwi
00000000   HWI_INT12$hwi
00000000   HWI_INT13$hwi
00000000   HWI_INT14$hwi
00000000   HWI_INT15$hwi
00000000   HWI_INT4$hwi
00000000   HWI_INT5$hwi
00000000   HWI_INT6$hwi
00000000   HWI_INT7$hwi
00000000   HWI_INT8$hwi
00000000   HWI_INT9$hwi
00000000   HWI_NMI$hwi
00000000   HWI_POLARITYMASK
00000000   HWI_RESERVED0$hwi
00000000   HWI_RESERVED1$hwi
00000000   HWI_RESET
00000000   HWI_RESET$hwi
00000000   HWI_ZEROTAB
00000000   IDL_busyObj$iB
00000000   IDL_busyObj$operation
00000000   KNL_swi$pri
00000000   KNL_swi$sts$unittype
00000000   KNL_swi$swi
00000000   LOG_system$datatype
00000000   LOG_system$log
00000000   MBX$
00000000   MEM_NULL
00000000   MEM_USEMPC
00000000   MSGQ$
00000000   MSGQ_USEMSGQ
00000000   OBJ$
00000000   PIP$
00000000   PIP_gNextId
00000000   POOL$
00000000   POOL_USEPOOL
00000000   PRD0$mode
00000000   PRD0$prd
00000000   PRD0$sts$filter
00000000   PRD_swi$sts$unittype
00000000   PRD_swi$swi
00000000   PWRM_PWRM_ENABLE
00000000   PWRM_PWRM_INITSPPER
00000000   PWRM_PWRM_LOADENABLE
00000000   PWRM_PWRM_RESOURCETRACKING
00000000   PWRM_PWRM_SCALING
00000000   PWRM_PWRM_TIMERIDNUM
00000000   PWRM_PWRM_TIMERINTRMASK
00000000   PWRM_PWRM_TIMERWUGENMASK
00000000   PWRM_PWRM_USERRESOURCES
00000000   PWRM_PWRM_USETIMER
00000000   RTA_fromHost$hst
00000000   RTA_fromHost$mode
00000000   RTA_toHost$hst
00000000   RTA_toHost$id
00000000   RTDX_MODE
00000000   RTDX_USERTEXECUTION
00000000   SEM$
00000000   SIO$
00000000   SWI_EHOOKFXN
00000000   SWI_IHOOKFXN
00000000   TSK_NUM_HOOKS
00000000   TSK_READYFXN
00000000   TSK_STACKSEG
00000000   TSK_SWITCHFXN
00000000   TSK_idle$ord
00000000   TSK_idle$pri
00000000   TSK_idle$sts$unittype
00000000   TSK_idle$tsk
00000000   UDEV$
00000000   _CLK_TDDR
00000000   _CLK_TIMERNUM
00000000   _GBL_CACHE
00000000   _HWI_RESET
00000000   _RTDX_interrupt_mask
00000000   trace$log
00000001   BUF_ENABLED
00000001   CLK$
00000001   CLK_CALDIV
00000001   CLK_CALMULT
00000001   CLK_ENABLEHTIME
00000001   CLK_HTIMEDIV
00000001   CLK_HTIMEMULT
00000001   CLK_LTIMEDIV
00000001   CLK_POWERENABLE
00000001   CLK_RESETTIMER
00000001   CLK_USETIMER
00000001   GBL$
00000001   GBL_ENABLEINST
00000001   GBL_L2CONFIGURE
00000001   GBL_L2MAR128_159
00000001   GBL_boot
00000001   HST$
00000001   HST_RTDX
00000001   HWI$
00000001   HWI_ENABLE_EXC
00000001   HWI_NMI
00000001   IDL$
00000001   IDL_USECLKIDLTIME
00000001   IDL_busyObj$filter
00000001   IDL_busyObj$iA
00000001   IDL_busyObj$iC
00000001   ISRC$
00000001   KNL_swi$dorta
00000001   KNL_swi$sts$filtmaxmult
00000001   KNL_swi$sts$filtsummult
00000001   LCK$
00000001   LOG$
00000001   LOG_ENABLED
00000001   MEM$
00000001   MEM_gNumHeap
00000001   PRD$
00000001   PRD0$ord
00000001   PRD_A_TABLEN
00000001   PRD_SCALAR
00000001   PRD_swi$dorta
00000001   PRD_swi$ord
00000001   PRD_swi$pri
00000001   PRD_swi$sts$filtmaxmult
00000001   PRD_swi$sts$filtsummult
00000001   PWRM$
00000001   PWRM_PWRM_NUMSLOTS
00000001   QUE$
00000001   RTA_fromHost$id
00000001   RTA_toHost$mode
00000001   RTDX$
00000001   RTDX_NORMALIZED_HDR
00000001   RTDX_USERTDX
00000001   STS$
00000001   SWI$
00000001   SYS$
00000001   TSK$
00000001   TSK_PRIORITY
00000001   TSK_idle$sts$filtmaxmult
00000001   TSK_idle$sts$filtsummult
00000001   _CLK_USETIMER
00000001   _HWI_NMI
00000001   trace$datatype
00000002   HWI_RESERVED0
00000002   IDL_busyObj$unittype
00000002   KNL_swi$ord
00000002   KNL_swi$sts$filter
00000002   LOG_A_TABLEN
00000002   PIP_A_TABLEN
00000002   PIP_gNumEmbed
00000002   PRD0$sts$unittype
00000002   PRD_swi$sts$filter
00000002   PWRM_PWRM_INITSPCPU
00000002   SWI_A_TABLEN
00000002   TSK_idle$sts$filter
00000002   _HWI_RESERVED0
00000002   _LOG_A_TABLEN
00000002   _RTDX_JTAGONLY
00000003   HWI_RESERVED1
00000003   _HWI_RESERVED1
00000004   CLK_COUNTSPMSHIGH
00000004   EVENT4
00000004   HWI_INT4
00000004   RTA_fromHost$framesize
00000004   _EVENT4
00000004   _HWI_INT4
00000005   CLK_TIMMODE
00000005   EVENT5
00000005   HWI_INT5
00000005   _EVENT5
00000005   _HWI_INT5
00000006   EVENT6
00000006   HWI_INT6
00000006   IDL_CALIBRERROR
00000006   _EVENT6
00000006   _HWI_INT6
00000007   EVENT7
00000007   GBL_L1DMODE
00000007   GBL_L1PMODE
00000007   HWI_INT7
00000007   _EVENT7
00000007   _HWI_INT7
00000008   EVENT8
00000008   HWI_INT8
00000008   _EVENT8
00000008   _HWI_INT8
00000009   EVENT9
00000009   HWI_INT9
00000009   _EVENT9
00000009   _HWI_INT9
0000000a   EVENT10
0000000a   HWI_INT10
0000000a   PWRM_PWRM_CLKTICKSPERSLOT
0000000a   _EVENT10
0000000a   _HWI_INT10
0000000b   EVENT11
0000000b   HWI_INT11
0000000b   _EVENT11
0000000b   _HWI_INT11
0000000c   EVENT12
0000000c   HWI_INT12
0000000c   _EVENT12
0000000c   _HWI_INT12
0000000d   EVENT13
0000000d   HWI_INT13
0000000d   _EVENT13
0000000d   _HWI_INT13
0000000e   EVENT14
0000000e   HWI_INT14
0000000e   _EVENT14
0000000e   _HWI_INT14
0000000f   EVENT15
0000000f   HWI_INT15
0000000f   _EVENT15
0000000f   _HWI_INT15
00000010   EVENT16
00000010   _EVENT16
00000011   EVENT17
00000011   _EVENT17
00000012   EVENT18
00000012   _EVENT18
00000013   EVENT19
00000013   _EVENT19
00000014   EVENT20
00000014   _EVENT20
00000015   EVENT21
00000015   _EVENT21
00000016   EVENT22
00000016   _EVENT22
00000017   EVENT23
00000017   _EVENT23
00000018   EVENT24
00000018   _EVENT24
00000019   EVENT25
00000019   _EVENT25
0000001a   EVENT26
0000001a   _EVENT26
0000001b   EVENT27
0000001b   _EVENT27
0000001c   EVENT28
0000001c   _EVENT28
0000001d   EVENT29
0000001d   _EVENT29
0000001e   EVENT30
0000001e   _EVENT30
0000001f   EVENT31
0000001f   _EVENT31
00000020   CLK_TCR
00000020   EVENT32
00000020   _EVENT32
00000021   EVENT33
00000021   _EVENT33
00000022   EVENT34
00000022   _EVENT34
00000023   EVENT35
00000023   _EVENT35
00000024   EVENT36
00000024   _EVENT36
00000025   EVENT37
00000025   _EVENT37
00000026   EVENT38
00000026   _EVENT38
00000027   EVENT39
00000027   _EVENT39
00000028   EVENT40
00000028   _EVENT40
00000029   EVENT41
00000029   _EVENT41
0000002a   EVENT42
0000002a   _EVENT42
0000002b   EVENT43
0000002b   _EVENT43
0000002c   EVENT44
0000002c   _EVENT44
0000002d   EVENT45
0000002d   _EVENT45
0000002e   EVENT46
0000002e   _EVENT46
0000002f   EVENT47
0000002f   _EVENT47
00000030   EVENT48
00000030   PWRM_PWRM_CAPSMASK
00000030   _EVENT48
00000031   EVENT49
00000031   _EVENT49
00000032   EVENT50
00000032   _EVENT50
00000033   EVENT51
00000033   _EVENT51
00000034   EVENT52
00000034   _EVENT52
00000035   EVENT53
00000035   _EVENT53
00000036   EVENT54
00000036   _EVENT54
00000037   EVENT55
00000037   _EVENT55
00000038   EVENT56
00000038   _EVENT56
00000039   EVENT57
00000039   _EVENT57
0000003a   EVENT58
0000003a   _EVENT58
0000003b   EVENT59
0000003b   _EVENT59
0000003c   EVENT60
0000003c   _EVENT60
0000003d   EVENT61
0000003d   _EVENT61
0000003e   EVENT62
0000003e   GBL_DSPTYPE
0000003e   _EVENT62
0000003f   EVENT63
0000003f   _EVENT63
00000040   EVENT64
00000040   HST_MAXFRAMESET
00000040   RTA_toHost$framesize
00000040   _EVENT64
00000041   EVENT65
00000041   _EVENT65
00000042   EVENT66
00000042   GBL_FOOTPRINT
00000042   _EVENT66
00000043   EVENT67
00000043   _EVENT67
00000044   EVENT68
00000044   _EVENT68
00000045   EVENT69
00000045   _EVENT69
00000046   EVENT70
00000046   _EVENT70
00000047   EVENT71
00000047   _EVENT71
00000048   EVENT72
00000048   _EVENT72
00000049   EVENT73
00000049   _EVENT73
0000004a   EVENT74
0000004a   _EVENT74
0000004b   EVENT75
0000004b   _EVENT75
0000004c   EVENT76
0000004c   _EVENT76
0000004d   EVENT77
0000004d   _EVENT77
0000004e   EVENT78
0000004e   _EVENT78
0000004f   EVENT79
0000004f   _EVENT79
00000050   EVENT80
00000050   _EVENT80
00000051   EVENT81
00000051   _EVENT81
00000052   EVENT82
00000052   _EVENT82
00000053   EVENT83
00000053   _EVENT83
00000054   EVENT84
00000054   _EVENT84
00000055   EVENT85
00000055   _EVENT85
00000056   EVENT86
00000056   _EVENT86
00000057   EVENT87
00000057   _EVENT87
00000058   EVENT88
00000058   _EVENT88
00000059   EVENT89
00000059   _EVENT89
0000005a   EVENT90
0000005a   _EVENT90
0000005b   EVENT91
0000005b   _EVENT91
0000005c   EVENT92
0000005c   _EVENT92
0000005d   EVENT93
0000005d   _EVENT93
0000005e   EVENT94
0000005e   _EVENT94
0000005f   EVENT95
0000005f   _EVENT95
00000060   EVENT96
00000060   _EVENT96
00000061   EVENT97
00000061   _EVENT97
00000062   EVENT98
00000062   _EVENT98
00000063   EVENT99
00000063   _EVENT99
00000064   EVENT100
00000064   PIP_OBJSIZE
00000064   _EVENT100
00000065   EVENT101
00000065   _EVENT101
00000066   EVENT102
00000066   _EVENT102
00000067   EVENT103
00000067   _EVENT103
00000068   EVENT104
00000068   _EVENT104
00000069   EVENT105
00000069   _EVENT105
0000006a   EVENT106
0000006a   _EVENT106
0000006b   EVENT107
0000006b   _EVENT107
0000006c   EVENT108
0000006c   _EVENT108
0000006d   EVENT109
0000006d   _EVENT109
0000006e   EVENT110
0000006e   _EVENT110
0000006f   EVENT111
0000006f   _EVENT111
00000070   EVENT112
00000070   _EVENT112
00000071   EVENT113
00000071   _EVENT113
00000072   EVENT114
00000072   _EVENT114
00000073   EVENT115
00000073   _EVENT115
00000074   EVENT116
00000074   _EVENT116
00000075   EVENT117
00000075   _EVENT117
00000076   EVENT118
00000076   _EVENT118
00000077   EVENT119
00000077   _EVENT119
00000078   EVENT120
00000078   _EVENT120
00000079   EVENT121
00000079   _EVENT121
0000007a   EVENT122
0000007a   _EVENT122
0000007b   EVENT123
0000007b   _EVENT123
0000007c   EVENT124
0000007c   _EVENT124
0000007d   EVENT125
0000007d   _EVENT125
0000007e   EVENT126
0000007e   _EVENT126
0000007f   EVENT127
0000007f   _EVENT127
000000ff   HST_MAXFRAMEALLOWED
000001f4   PRD0$period
00000200   LOG_system$size
000003e8   CLK_MICROSECS
00000400   HST_DSMMEMSIZE
00000400   TSK_STACKSIZE
00000400   __STACK_SIZE
00000400   trace$size
00000408   RTDX_BUFMEMSIZE
00001a5b   GBL_CLKTYPE
00001a5c   GBL_DSPSUBTYPE
00002000   IRAM$L
00002000   _IRAM_length
00004000   CLK_INTBIT
00004e20   GBL_CLKIN
00005205   GBL_A_VERSION
00005828   HWI_CFGDISPATCHED
00005828   _HWI_CFGDISPATCHED
00005dc0   CLK_INPUTCLK
00005dc0   CLK_PRD
00005dc0   _CLK_PRD
0000dbef   GBL_TRCMASKVALUE
000493e0   CLK_COUNTSPMS
000493e0   CLK_HTIMEPERLTIME
000493e0   CLK_LTIMEMULT
000493e0   GBL_FREQ
000493e0   _CLK_COUNTSPMS
01c20000   CLK_REGS
01c20000   _CLK_REGS
07063d04   HWI_INTRMUX1
0b0a0908   HWI_INTRMUX2
11800000   .data
11800000   .text
11800000   _EVMC6748_init
11800000   ___data__
11800000   ___edata__
11800000   ___text__
11800000   edata
1180002c   _EVMC6748_initRAM
118001e8   _EVMC6748_enableDsp
11800214   _EVMC6748_pinmuxConfig
118002b0   _EVMC6748_lpscTransition
11800688   _config_pll0
118008c4   _config_pll1
11800aa8   _UTIL_printMem
11800c00   _UTIL_isUIBoardAttached
11800c20   _read_audio_sample
11800c44   _write_audio_sample
11800c68   _initAll
11800cd0   _McASP_Init
11800e14   _McASP_Start
1180104c   _AIC3106_Init
11801100   _AIC3106_readRegister
11801154   _AIC3106_writeRegister
11801198   _USTIMER_delay
11801210   _SetGpio
11801240   __divd
11802280   _I2CGPIO_init
11802354   _I2CGPIO_getInput
11802470   _I2CGPIO_getInputAll
11802580   _I2CGPIO_setOutput
118026c8   _I2CGPIO_setOutputAll
11802760   __printfi
11802ba0   _fputs
11802f40   _GPIO_setDir
11802fb8   _GPIO_getInput
1180302c   _GPIO_setOutput
118030ac   _GPIO_toggleLoop
118032c0   _I2C_init
118033ac   _I2C_read
11803508   _I2C_write
11804160   __divull
11804860   _main
11804898   _dipPRD
11804928   _audioHWI
11804cc0   _fputc
11804cc0   _putc
118050e0   _setvbuf
118052e0   _LED_init
1180532c   _LED_isOn
11805394   _LED_turnOn
118053e4   _LED_turnOff
1180542c   _LED_toggle
11805680   __divul
11805820   _HOSTrename
118059a0   _DIP_init
118059c4   _DIP_get
11805a28   _DIP_getAll
11805d80   __closefile
11805fc0   _fseek
118060e0   _HOSTlseek
118061e0   __wrt_ok
118062e0   _call_dtors
118063e0   _HOSTopen
118064c0   _HOSTread
118065a0   _atoi
11806680   _close
11806760   _memset
11806840   _printf
11806920   _HOSTunlink
118069e0   _HOSTwrite
11806b60   __c6xabi_divu
11806b60   __divu
11806c20   __doflush
11806ce0   __c6xabi_remi
11806ce0   __remi
11806da0   _atexit
11806e60   _ltoa
11806fe0   _HOSTclose
11807080   __cleanup
11807120   __divli
11807300   __fixdli
118074e0   _lseek
11807580   _memcpy
11807620   _write
118076c0   __fltlid
11807740   __llshl
118077c0   _readmsg
11807840   _unlink
118078c0   __subcull
11807920   _memccpy
11807980   _writemsg
118079d8   C$$IO$$
118079e0   ___add_dtor
11807a20   ___isinf
11807aa0   __frcmpyd_div
11807ae0   __llshru
11807b20   __remli
11807b60   __negll
11807b80   __nop
11807be0   __register_lock
11807c00   __register_unlock
11807c20   _remove
11807c40   LNK_F_checkBufferCall
11807c40   ___etext__
11807c40   etext
11807c60   LNK_F_getChanPtr
11807cb8   LNK_F_init
11807cc0   LNK_F_dataPump
11807cd0   LNK_rcloop
11807d94   LNK_rdrtry
11807da4   LNK_rrloop
11807e64   LNK_wrrtry
11807e70   LNK_wrloop
11807f40   LNK_newin
11808074   LNK_newout
118081c8   LNK_F_readCallBack
11808200   _EXC_nmi
11808234   _EXC_internal
118084e0   _EXC_init
11808520   _EXC_getLastStatus
11808540   _EXC_external
11808574   _EXC_exceptionHandler
11808750   _EXC_clearLastStatus
11808780   CLK_HOOKFXN
11808780   HWI_F_dispatch
11808780   _HWI_F_dispatch
11808780   __HWI_lat1beg
11808908   __HWI_lat1end
11808908   __HWI_lat2beg
11808a70   __HWI_lat2end2
11808aa0   __HWI_lat3end2
11808ae4   __HWI_lat2end1
11808b00   __HWI_lat3beg
11808c60   SWI_F_enable
11808c60   __SWI_lat3beg
11808ccc   __SWI_lat3end
11808cd0   SWI_F_post
11808cd0   _SWI_post
11808dd8   __SWI_lat1beg
11808e44   SWI_EXECFXN
11808e44   SWI_F_exec
11808e6c   SWI_F_iexec
11808e84   __SWI_lat1end
11808e88   __SWI_lat2beg
11808ee8   __SWI_lat2end
11808eec   SWI_F_run
11808eec   SWI_RUNFXN
11809120   PRD_F_swi
118093a4   PRD_F_tick
118094a0   _free
118094c4   _malloc
11809524   _realloc
11809608   _memalign
118096cc   _calloc
11809720   RTA_F_getlog
11809758   RTA_F_getsts
11809798   RTA_F_readblk
118097b4   RTA_F_writeword
118097c0   RTA_F_resetmem
118097c0   __RTA_lat1beg
118097f4   __RTA_lat1end
11809800   RTA_F_dispatch
1180984c   RTA_execute
118099a0   _KNL_run
11809be0   _MEM_alloc
11809fb4   PRD_THOOKFXN
11809fb4   _KNL_tick
11809fe0   _MEM_free
1180a1c0   _EXC_dispatch
1180a384   _EXC_setReturnPtr
1180a3a0   PIP_F_take
1180a418   PIP_F_give
1180a418   PIP_F_probe
1180a4e8   PIP_F_start
1180a580   _SEM_pendEnterKnl
1180a760   __SEM_dopost
1180a900   _TSK_setup
1180aaa0   CLK_F_getltime
1180aab0   CLK_F_isr
1180abf0   CLK_F_itime
1180abf0   _CLK_F_itime
1180abf0   _CLK_itime
1180ac10   __CLK_lat1beg
1180ac30   __CLK_lat1end
1180ac40   _KNL_saveIsrFrame
1180acec   _KNL_switch
1180ad98   KNL_glue
1180adc0   __auto_init
1180af00   _TSK_exit
1180b040   _BCACHE_setSize
1180b084   _BCACHE_setMar
1180b0d4   _BCACHE_setCacheToSram
1180b104   _BCACHE_getSize
1180b154   _BCACHE_getMar
1180b1e8   _GBL_cacheInit64P
1180b2a0   _KNL_check
1180b2ec   __KNL_lat1beg
1180b368   _KNL_idle
1180b368   __KNL_lat1end
1180b390   _KNL_max
1180b464   _TSK_startup
1180b4e0   _SEM_post
1180b4e0   _SEM_postBinary
1180b5c0   _KNL_exit
1180b600   _KNL_enter
1180b680   _SEM_postEnterKnl
1180b720   _SYS_exit
1180b7c0   _KNL_ipost
1180b840   _KNL_post
1180b8c0   _LCK_post
1180b8e0   _LCK_pend
1180b940   LOG_F_event
1180b940   _LOG_event
1180b940   __LOG_lat1beg
1180b9c0   IDL_F_calibrate
1180ba40   _SYS_error
1180baa0   FXN_F_nop
1180baa4   FXN_F_run
1180baa4   _FXN_F_run
1180bae0   FXN_F_zero
1180bae0   _FXN_F_zero
1180bb00   _HWI_disable
1180bb18   _HWI_enable
1180bb2c   _HWI_restore
1180bb60   IDL_F_busy
1180bb60   __IDL_lat1beg
1180bba0   __IDL_lat1end
1180bbc0   _SEM_pend
1180bc20   STS_F_delta
1180bc20   _STS_delta
1180bc4c   STS_F_add
1180bc4c   _STS_add
1180bc68   STS_F_reset
1180bc68   _STS_reset
1180bc80   _SYS_abort
1180bce0   _CLK_measure
1180bd40   IDL_CALIBRFXN
1180bd40   IDL_F_stub
1180bd80   RTA_F_andn
1180bd98   RTA_F_or
1180bdc0   SYS_ABORTFXN
1180bdc0   _UTL_doAbort
1180be00   SYS_PUTCFXN
1180be00   _UTL_doPutc
1180be40   GBL_USERINITFXN
1180be40   GIO_CREATEFXN
1180be40   GIO_DELETEFXN
1180be40   GIO_PENDFXN
1180be40   GIO_POSTFXN
1180be40   PWRM_PWRM_SHAREDRESOURCEFXN
1180be40   PWRM_PWRM_SLOTHOOKFXN
1180be40   TSK_VCREATEFXN
1180be40   TSK_VDELETEFXN
1180be40   TSK_VEXITFXN
1180be40   _BCACHE_bootInit
1180be40   _FXN_F_nop
1180be60   _GBL_getVersion
1180be80   IDL_F_loop
1180be80   _IDL_loop
1180bea0   _STS_set
1180bec0   SYS_ERRORFXN
1180bec0   _UTL_doError
1180bee0   SYS_EXITFXN
1180bee0   _UTL_halt
1180bf00   CLK_F_gethtime
1180bf00   CLK_TIMEFXN
1180bf00   _CLK_gethtime
1180bf20   IRAM$B
1180bf20   _IRAM_base
1180df20   ___cinit__
1180df20   cinit
1180f118   __ftable
1180f2f8   __tmpnams
1180f438   __ft_end
1180f43c   _CLK_inputClock
1180f440   ___atexit_func_id__
1180f5c8   _b_fir
1180f690   _a_fir
1180f698   _buffer
1180f700   _lowPass1
1180f740   _lowPass2
1180f86c   _dtors
1180f870   _KNL_queues
1180f910   _KNL_dummy
1180f948   _TSK_ATTRS
1180f964   _TSK_config
1180f984   _TSK_timerSem
1180f9a8   _OBJ_table
1180f9e0   _OBJ_segtab
1180f9fc   __TSK_mutex
1180fa24   __MEM_mutex
1180fa50   _SYS_exitStack
1180fa88   _EXC_status
1180fab4   __cleanup_ptr
1180fab8   __dtors_ptr
1180fabc   ___TI_enable_exit_profile_output
1180fac0   __lock
1180fac4   __unlock
1180fad0   LOG_A_TABBEG
1180fad0   LOG_system
1180fad0   _LOG_A_TABBEG
1180fad0   _LOG_system
1180fae8   _trace
1180fae8   trace
1180fb00   LOG_A_TABEND
1180fb00   _LOG_A_TABEND
1180fb80   _RTDX_Buffer
1180ff88   _RTDX_Buffer_Start
1180ff8c   _RTDX_Buffer_End
1180ff90   _rtdx_mon_state
1180ffd4   _rtdx_buffer_state
1180ffe0   _RTDX_writing
1180fff4   ___pinit__
1180fff4   pinit
11810000   trace$buf
11811000   _HSRTDX_rec
118112a0   _RTDX_Buffer_WriteCB
11811760   _HSRTDX_xmt
11811a60   _RTDX_Mon_Queue
11811cc0   _RTDX_Poll
11811d60   _RTDX_Final_RT_Monitor
11811de0   _RTDX_Buffer_Initialize
11811e40   _RTDX_Init_RT_Monitor
11811ea0   _RTDX_Buffer_ReadCB
11811ee0   _RTDX_Buffer_Size
11811f20   _RTDX_memfill
11811f60   _RTDX_Buffer_Read
11811f80   _RTDX_Buffer_Write
11811fa0   _RTDX_Mask_IER
11811fc0   HST_A_TABBEG
11811fc0   _HST_A_TABBEG
11811fc4   RTA_fromHost
11811fc4   _RTA_fromHost
11811fcc   RTA_fromHost$rtdx
11811fe0   RTA_toHost
11811fe0   _RTA_toHost
11811fe8   RTA_toHost$rtdx
11811ffc   HST_A_TABEND
11811ffc   _HST_A_TABEND
11812000   LOG_system$buf
11812800   BIOS_init
11812800   _BIOS_init
11812984   BIOS$$CLKON
118129c4   BIOS$$CLKOFF
11812a30   BIOS_start
11812a30   _BIOS_start
11812b80   _c_int00
11812c40   _MEM_init
11812d00   _TSK_init
11812ef8   __ctypes_
11813000   _bitval_u32
11813179   PRD0$sts$maxfmt
11813180   TSK_idle$stack
11813182   PRD0$sts$sumfmt
1181318b   PRD0$sts$avgfmt
11813196   PRD_swi$sts$maxfmt
1181319e   PRD_swi$sts$sumfmt
118131a6   PRD_swi$sts$avgfmt
118131b0   KNL_swi$sts$maxfmt
118131b8   KNL_swi$sts$sumfmt
118131c0   KNL_swi$sts$avgfmt
118131ca   TSK_idle$sts$maxfmt
118131d2   TSK_idle$sts$sumfmt
118131da   TSK_idle$sts$avgfmt
118131e4   IDL_busyObj$maxfmt
118131e7   IDL_busyObj$sumfmt
118131ea   IDL_busyObj$avgfmt
11813518   TSK_idle$stkptr
11813580   GBL_stackbeg
11813580   _HWI_STKTOP
11813580   __stack
11813978   _HWI_STKBOTTOM
1181397f   GBL_stackend
11813980   $bss
11813980   .bss
11813980   _HWI_dispatchTab
11813980   __STACK_END
11813980   ___bss__
11813a80   IDL_D_tabbeg
11813a84   IDL_D_calibrate
11813a88   IDL_D_calbeg
11813a8c   LOG_D_system
11813a8c   _LOG_D_system
11813a90   PIP_D_tabbeg
11813a94   PIP_D_tablen
11813a98   CLK_R_time
11813a9c   CLK_D_timefxn
11813aa0   CLK_D_tabbeg
11813aa4   CLK_D_isrhook
11813aa8   CLK_D_idletime
11813aac   _CLK_htimeDiv
11813ab0   _CLK_htimeMult
11813ab4   _CLK_ltimeDiv
11813ab8   _CLK_ltimeMult
11813abc   _CLK_D_dirty
11813ac0   _CLK_D_prd
11813ac4   _CLK_D_tddr
11813ac8   _CLK_D_countspms
11813acc   PRD_D_tick
11813acc   _PRD_D_tick
11813ad0   PRD_D_cur
11813ad4   PRD_D_elapsed
11813ad8   PRD_D_prevtim
11813adc   PRD_D_scalar
11813ae0   PRD_D_swihandle
11813ae4   PRD_D_tabbeg
11813ae8   PRD_D_tablen
11813aec   PRD_D_thook
11813af0   RTA_D_fromHost
11813af4   RTA_D_toHost
11813af8   RTA_D_logval
11813b08   RTA_D_stsval
11813b14   HST_D_chanmask
11813b18   HST_D_tabbeg
11813b1c   HST_D_tabend
11813b20   _GBL_procId
11813b24   _GBL_clkIn
11813b28   _GBL_freq
11813b2c   _MEM_D_NUMSEGMENTS
11813b30   _MEM_D_memtab
11813b34   _MEM_D_freelist
11813b38   _MEM_D_lockaddr
11813b3c   _MEM_D_unlockaddr
11813b40   _SYS
11813b44   __HOOK_knlId
11813b48   __HOOK_NUMHOOKS
11813b4c   SWI_D_runaddr
11813b4c   _SWI_D_runaddr
11813b4c   _SWI_data
11813b50   SWI_D_execaddr
11813b50   _SWI_D_execaddr
11813b54   SWI_D_curmask
11813b54   _SWI_D_curmask
11813b58   SWI_D_curset
11813b58   _SWI_D_curset
11813b5c   SWI_D_lock
11813b5c   _SWI_D_lock
11813b60   SWI_D_curmbox
11813b64   SWI_D_curfxn
11813b64   _SWI_D_curfxn
11813b68   SWI_D_rdybeg
11813b68   _SWI_D_rdybeg
11813b6c   SWI_D_inswi
11813b6c   _SWI_D_inswi
11813b70   SWI_D_rdytab
11813be8   _KNL_wFlag
11813bec   _KNL_wList
11813bf0   _KNL_alarm
11813bf4   _KNL_setpri
11813bf8   _KNL_inactive
11813bfc   _KNL_priority
11813c00   _KNL_set
11813c04   _KNL_curtask
11813c08   _KNL_prevtask
11813c0c   _KNL_curtime
11813c10   _KNL_swiptr
11813c14   _KNL_curqueue
11813c18   _KNL_maxqueue
11813c1c   _KNL_tswitchfxn
11813c20   _KNL_tcreatefxn
11813c24   _KNL_tdeletefxn
11813c28   _KNL_treadyfxn
11813c2c   _KNL_idlefxn
11813c30   _MEM_memtab
11813c3c   HST_DSMBUFSEG
11813c3c   IRAM
11813c3c   MEM_MALLOCSEG
11813c3c   MEM_SEGZERO
11813c3c   RTDX_DATAMEMSEG
11813c3c   _IRAM
11813c3c   _SEG0
11813c40   RTA_fromHost$pipe$dtab
11813c4c   RTA_toHost$pipe$dtab
11813c58   _EXC_sysTrapTable
11813c60   _EXC_returnPtr
11813c78   HWI_D_spsave
11813c78   _HWI_D_spsave
11813c78   _HWI_data
11813c84   _HWI_D_inhwi
11813c88   HWI_D_bss
11813c8c   HWI_D_ccmask
11813c90   LNK_dspFrameRequestMask
11813c90   _LNK_dspFrameRequestMask
11813c94   LNK_dspFrameReadyMask
11813c94   _LNK_dspFrameReadyMask
11813c98   LNK_readPend
11813c98   _LNK_readPend
11813c9c   LNK_readDone
11813c9c   _LNK_readDone
11813ca0   LNK_readFail
11813ca0   _LNK_readFail
11813ca4   LNK_writeFail
11813ca4   _LNK_writeFail
11813ca8   _EXC_exceptionHook
11813cac   _EXC_internalHook
11813cb0   _EXC_externalHook
11813cb4   _EXC_nmiHook
11813cc0   _rtdxNullChanCnt
11813cc4   _rtdxNullFuncCnt
11813cc8   _rtdxXmtNotDoneCnt
11813ccc   _rtdxRecNotDoneCnt
11813cd0   _rtdxXmtRestartCnt
11813cd4   _rtdxXmtErrorCnt
11813cd8   _TSK_nTasks
11813cdc   _TSK_pid
11813ce0   _TSK
11813ce4   _CLK_DFLTMICROSECS
11813ce8   _CLK_D_microseconds
11813cec   _SYS_exitStackPtr
11813cf0   _SYS_exitStackTop
11813cf4   _mask
11813cf6   _filterOn
11813cf7   _dist
11813cf8   _writeIndex
11813cfc   _CLK_htimePerLtime
11813d00   IDL_D_busyObj
11813d04   _MEM
11813d0c   _SYS_PUTCBEG
11813d0c   ___end__
11813d0c   end
11813f0b   _SYS_PUTCEND
11813f0c   PIP_A_TABBEG
11813f0c   RTA_fromHost$pipe
11813f0c   _PIP_A_TABBEG
11813f10   RTA_fromHost$pipe$rd
11813f3c   RTA_fromHost$pipe$aaa
11813f40   RTA_fromHost$pipe$wr
11813f6c   RTA_fromHost$pipe$bbb
11813f70   RTA_toHost$pipe
11813f74   RTA_toHost$pipe$rd
11813fa0   RTA_toHost$pipe$aaa
11813fa4   RTA_toHost$pipe$wr
11813fd0   RTA_toHost$pipe$bbb
11813fd4   PIP_A_TABEND
11813fd4   PRD0
11813fd4   PRD_A_TABBEG
11813fd4   _PIP_A_TABEND
11813fd4   _PRD0
11813ff0   PRD0$aaa
11813ff4   PRD_A_TABEND
11813ff4   TRC_cinit
11813ff8   TRC_R_mask
11813ff8   _TRC_R_mask
11813ffc   GBL_initdone
11814000   HWI_A_VECS
11814000   hwi0
11814020   hwi1
11814040   hwi2
11814060   hwi3
11814080   hwi4
118140a0   hwi5
118140c0   hwi6
118140e0   hwi7
11814100   hwi8
11814120   hwi9
11814140   hwi10
11814160   hwi11
11814180   hwi12
118141a0   hwi13
118141c0   hwi14
118141e0   hwi15
11814200   __CIOBUF_
11814320   RTA_toHost$buf
1181442c   TSK_idle
1181442c   _TSK_idle
11814480   PRD_SWIHANDLE
11814480   PRD_swi
11814480   SWI_A_TABBEG
11814480   _PRD_swi
118144ac   KNL_swi
118144ac   _KNL_swi
118144d8   PRD0$sts$stsobj
118144d8   STS_A_TABBEG
118144d8   SWI_A_TABEND
118144d8   _STS_A_TABBEG
118144dc   PRD0$sts
118144e8   PRD_swi$sts$stsobj
118144ec   PRD_swi$sts
118144f8   KNL_swi$sts$stsobj
118144fc   KNL_swi$sts
11814508   TSK_idle$sts$stsobj
1181450c   TSK_idle$sts
11814518   IDL_busyObj$stsobj
1181451c   IDL_busyObj
1181451c   _IDL_busyObj
11814528   STS_A_TABEND
11814528   _STS_A_TABEND
118145b8   RTA_fromHost$buf
118145c8   IDL_A_TABBEG
118145c8   IDL_cpuLoad
118145c8   _IDL_cpuLoad
118145cc   LNK_dataPump
118145cc   _LNK_dataPump
118145d0   RTA_dispatcher
118145d0   _RTA_dispatcher
118145d4   IDL_END
118145d8   IDL_A_CALBEG
118145d8   IDL_cpuLoad$
118145dc   LNK_dataPump$
118145e0   RTA_dispatcher$
118145e4   IDL_END$
118145e8   SYS$config
118145f8   CLK_A_TABBEG
118145f8   PRD_clock
118145f8   _PRD_clock
118145fc   CLK_null
28040d0c   HWI_INTRMUX3
ffffffff   CACHE_L1D
ffffffff   CACHE_L1P
ffffffff   DDR
ffffffff   ECM_EVTMASK0
ffffffff   ECM_EVTMASK1
ffffffff   ECM_EVTMASK2
ffffffff   ECM_EVTMASK3
ffffffff   GBL_L2MAR192_223
ffffffff   L3_CBA_RAM
ffffffff   _CACHE_L1D
ffffffff   _CACHE_L1P
ffffffff   _DDR
ffffffff   _L3_CBA_RAM
ffffffff   ___TI_pprof_out_hndl
ffffffff   ___TI_prof_data_size
ffffffff   ___TI_prof_data_start
ffffffff   ___binit__
ffffffff   ___c_args__
ffffffff   binit

[1140 symbols]
