******************************************************************************
               TMS320C6x Linker PC v7.4.18                     
******************************************************************************
>> Linked Mon Jul 06 15:37:00 2020

OUTPUT FILE NAME:   <GuitarAmpGitVersion.out>
ENTRY POINT SYMBOL: "_c_int00"  address: 1180fd60


MEMORY CONFIGURATION

         name            origin    length      used     unused   attr    fill
----------------------  --------  ---------  --------  --------  ----  --------
  IRAM                  11800000   00040000  00015115  0002aeeb  RWIX
  CACHE_L1P             11e00000   00008000  00000000  00008000  RWIX
  CACHE_L1D             11f00000   00008000  00000000  00008000  RWIX
  L3_CBA_RAM            80000000   00020000  00000000  00020000  RWIX
  DDR                   c3000000   01000000  00000000  01000000  RWIX


SECTION ALLOCATION MAP

 output                                  attributes/
section   page    origin      length       input sections
--------  ----  ----------  ----------   ----------------
.vers      0    00000000    0000003c     COPY SECTION
                  00000000    0000003c     hellocfg.obj (.vers)

.data      0    11800000    00000000     UNINITIALIZED

.text      0    11800000    000083a0     
                  11800000    00000c20     evmc6748_bsl.lib : evmc6748.obj (.text)
                  11800c20    000008c0     hello.obj (.text)
                  118014e0    00000620     framework.obj (.text)
                  11801b00    000005a0     rts6740.lib : divd.obj (.text:__divd)
                  118020a0    00000580                 : _printfi.obj (.text:__getarg_diouxp)
                  11802620    00000520                 : _printfi.obj (.text:__setfield)
                  11802b40    000004e0     evmc6748_bsl.lib : evmc6748_i2c_gpio.obj (.text)
                  11803020    00000440     rts6740.lib : _printfi.obj (.text:__printfi)
                  11803460    000003a0                 : fputs.obj (.text:_fputs)
                  11803800    00000380     evmc6748_bsl.lib : evmc6748_gpio.obj (.text)
                  11803b80    00000380                      : evmc6748_i2c.obj (.text)
                  11803f00    00000320     rts6740.lib : _printfi.obj (.text:__pproc_fge)
                  11804220    000002c0                 : _printfi.obj (.text:__pproc_fwp)
                  118044e0    000002a0                 : _printfi.obj (.text:_ecvt)
                  11804780    000002a0                 : _printfi.obj (.text:_fcvt)
                  11804a20    00000260                 : imath64.obj (.text:__divull)
                  11804c80    00000260                 : _printfi.obj (.text:__pconv_e)
                  11804ee0    00000240                 : _printfi.obj (.text:__pproc_diouxp)
                  11805120    00000220                 : _printfi.obj (.text:__pproc_str)
                  11805340    00000220                 : fputc.obj (.text:_fputc)
                  11805560    00000200                 : _printfi.obj (.text:__pconv_g)
                  11805760    00000200                 : setvbuf.obj (.text:_setvbuf)
                  11805960    000001e0     evmc6748_bsl.lib : evmc6748_led.obj (.text)
                  11805b40    000001c0     rts6740.lib : _printfi.obj (.text:__mcpy)
                  11805d00    000001a0                 : imath40.obj (.text:__divul)
                  11805ea0    00000180                 : trgdrv.obj (.text:_HOSTrename)
                  11806020    00000160     evmc6748_bsl.lib : evmc6748_dip.obj (.text)
                  11806180    00000140     rts6740.lib : _printfi.obj (.text:__pproc_fflags)
                  118062c0    00000140                 : lowlev.obj (.text:_getdevice)
                  11806400    00000120                 : fclose.obj (.text:__closefile)
                  11806520    00000120                 : _printfi.obj (.text:__ltostr)
                  11806640    00000120                 : fseek.obj (.text:_fseek)
                  11806760    00000100                 : trgdrv.obj (.text:_HOSTlseek)
                  11806860    00000100                 : _io_perm.obj (.text:__wrt_ok)
                  11806960    00000100                 : sinit.obj (.text:_call_dtors)
                  11806a60    000000e0                 : trgdrv.obj (.text:_HOSTopen)
                  11806b40    000000e0                 : trgdrv.obj (.text:_HOSTread)
                  11806c20    000000e0                 : divi.obj (.text:__divi)
                  11806d00    000000e0                 : atoi.obj (.text:_atoi)
                  11806de0    000000e0                 : lowlev.obj (.text:_close)
                  11806ec0    000000e0                 : memset.obj (.text:_memset)
                  11806fa0    000000e0                 : printf.obj (.text:_printf)
                  11807080    000000c0                 : trgdrv.obj (.text:_HOSTunlink)
                  11807140    000000c0                 : trgdrv.obj (.text:_HOSTwrite)
                  11807200    000000c0                 : _printfi.obj (.text:__div)
                  118072c0    000000c0                 : divu.obj (.text:__divu)
                  11807380    000000c0                 : fflush.obj (.text:__doflush)
                  11807440    000000c0                 : remi.obj (.text:__remi)
                  11807500    000000c0                 : atexit.obj (.text:_atexit)
                  118075c0    000000c0                 : ltoa.obj (.text:_ltoa)
                  11807680    000000c0     bios.a674 : tsk_stup.o674 (.text)
                  11807740    000000a0     rts6740.lib : trgdrv.obj (.text:_HOSTclose)
                  118077e0    000000a0                 : fopen.obj (.text:__cleanup)
                  11807880    000000a0                 : imath40.obj (.text:__divli)
                  11807920    000000a0                 : _printfi.obj (.text:__ecpy)
                  118079c0    000000a0                 : _printfi.obj (.text:__fcpy)
                  11807a60    000000a0                 : fixdli.obj (.text:__fixdli)
                  11807b00    000000a0                 : _printfi.obj (.text:__pconv_f)
                  11807ba0    000000a0                 : lowlev.obj (.text:_finddevice)
                  11807c40    000000a0                 : lowlev.obj (.text:_lseek)
                  11807ce0    000000a0                 : memcpy64.obj (.text:_memcpy)
                  11807d80    000000a0                 : lowlev.obj (.text:_write)
                  11807e20    00000080                 : fltlid.obj (.text:__fltlid)
                  11807ea0    00000080                 : llshift.obj (.text:__llshl)
                  11807f20    00000080                 : trgmsg.obj (.text:_readmsg)
                  11807fa0    00000080                 : lowlev.obj (.text:_unlink)
                  11808020    00000060                 : imath64.obj (.text:__subcull)
                  11808080    00000060                 : memccpy.obj (.text:_memccpy)
                  118080e0    00000060                 : trgmsg.obj (.text:_writemsg)
                  11808140    00000040                 : sinit.obj (.text:___add_dtor)
                  11808180    00000040                 : isinf.obj (.text:___isinf)
                  118081c0    00000040                 : _printfi.obj (.text:___isnan)
                  11808200    00000040                 : frcmpyd_div.obj (.text:__frcmpyd_div)
                  11808240    00000040                 : llshift.obj (.text:__llshru)
                  11808280    00000040                 : imath40.obj (.text:__remli)
                  118082c0    00000020                 : negll.obj (.text:__negll)
                  118082e0    00000020                 : _lock.obj (.text:__nop)
                  11808300    00000020                 : printf.obj (.text:__outc)
                  11808320    00000020                 : printf.obj (.text:__outs)
                  11808340    00000020                 : _lock.obj (.text:__register_lock)
                  11808360    00000020                 : _lock.obj (.text:__register_unlock)
                  11808380    00000020                 : remove.obj (.text:_remove)

.bios      0    118083a0    000042e0     
                  118083a0    000005c0     lnkrtdx.a674 : rtdx.o674 (.bios)
                  11808960    00000580     bios.a674 : exc.o674 (.bios)
                  11808ee0    000004e0               : hwi_disp_asm.o674 (.bios)
                  118093c0    000004c0               : swi.o674 (.bios)
                  11809880    00000380               : prd.o674 (.bios)
                  11809c00    00000280               : malloc.o674 (.bios)
                  11809e80    00000280               : rta.o674 (.bios)
                  1180a100    00000240               : knl_run.o674 (.bios)
                  1180a340    00000200               : mem_allo.o674 (.bios:.near)
                  1180a540    00000200               : knl_tick.o674 (.bios)
                  1180a740    000001e0               : mem_free.o674 (.bios:.near)
                  1180a920    000001e0               : exc_asm.o674 (.bios)
                  1180ab00    000001e0               : pip.o674 (.bios)
                  1180ace0    000001e0               : sem_pend.o674 (.bios)
                  1180aec0    000001a0               : sem_dopo.o674 (.bios)
                  1180b060    000001a0               : tsk_setu.o674 (.bios)
                  1180b200    000001a0     bios6748.a674 : clk.o674 (.bios)
                  1180b3a0    00000180     bios.a674 : knl_swit.o674 (.bios)
                  1180b520    00000140               : autoinit.o674 (.bios)
                  1180b660    00000140               : tsk_exit.o674 (.bios)
                  1180b7a0    00000140     bios6748.a674 : bcache_init.o674 (.bios)
                  1180b8e0    00000120     bios.a674 : gbl_cacheinit64P.o674 (.bios)
                  1180ba00    00000120               : knl_chec.o674 (.bios)
                  1180bb20    00000120               : tsk_stup.o674 (.bios)
                  1180bc40    000000e0               : sem_post_asm.o674 (.bios)
                  1180bd20    000000c0               : knl_exit.o674 (.bios)
                  1180bde0    000000a0               : sem_post.o674 (.bios)
                  1180be80    000000a0               : sys_exit.o674 (.bios)
                  1180bf20    00000080               : knl_ipos.o674 (.bios)
                  1180bfa0    00000080               : knl_post.o674 (.bios)
                  1180c020    00000080               : lck.o674 (.bios)
                  1180c0a0    00000080               : log.o674 (.bios)
                  1180c120    00000080     bios6748.a674 : idl_cal.o674 (.bios)
                  1180c1a0    00000060     bios.a674 : sys_erro.o674 (.bios:.near)
                  1180c200    00000060               : fxn.o674 (.bios)
                  1180c260    00000060               : hwi_c.o674 (.bios)
                  1180c2c0    00000060               : idl_busy.o674 (.bios)
                  1180c320    00000060               : sem_pend_counting.o674 (.bios)
                  1180c380    00000060               : sts.o674 (.bios)
                  1180c3e0    00000060               : sys_abor.o674 (.bios)
                  1180c440    00000060     bios6748.a674 : clk_meas.o674 (.bios)
                  1180c4a0    00000040     bios.a674 : idl_stub.o674 (.bios)
                  1180c4e0    00000040               : rta_andn.o674 (.bios)
                  1180c520    00000040               : utl_doab.o674 (.bios)
                  1180c560    00000040               : utl_putc.o674 (.bios)
                  1180c5a0    00000020               : fxn_c.o674 (.bios)
                  1180c5c0    00000020               : gbl_vers.o674 (.bios)
                  1180c5e0    00000020               : idl.o674 (.bios)
                  1180c600    00000020               : sts_set.o674 (.bios)
                  1180c620    00000020               : utl_doer.o674 (.bios)
                  1180c640    00000020               : utl_halt.o674 (.bios)
                  1180c660    00000020     bios6748.a674 : clk_gethtime.o674 (.bios)

.IRAM$heap 
*          0    1180c680    00002000     UNINITIALIZED
                  1180c680    00002000     --HOLE--

.cinit     0    1180e680    0000135c     
                  1180e680    000006c4     hellocfg.obj (.cinit)
                  1180ed44    00000004     --HOLE-- [fill = 0]
                  1180ed48    000002e4     hello.obj (.cinit)
                  1180f02c    00000004     --HOLE-- [fill = 0]
                  1180f030    0000026c     bios.a674 : biosdata.o674 (.cinit)
                  1180f29c    00000004     --HOLE-- [fill = 0]
                  1180f2a0    000001a4               : knl.o674 (.cinit)
                  1180f444    00000004     --HOLE-- [fill = 0]
                  1180f448    000000b0               : swi.o674 (.cinit)
                  1180f4f8    00000080               : tsk.o674 (.cinit)
                  1180f578    00000068     rtdx64xplus.lib : rtdx_mon.o64P (.cinit)
                  1180f5e0    00000060     bios.a674 : tsk_stup.o674 (.cinit)
                  1180f640    0000005c     lnkrtdx.a674 : rtdx.o674 (.cinit)
                  1180f69c    00000004     --HOLE-- [fill = 0]
                  1180f6a0    0000005c     rts6740.lib : defs.obj (.cinit)
                  1180f6fc    00000004     --HOLE-- [fill = 0]
                  1180f700    0000005c                 : lowlev.obj (.cinit)
                  1180f75c    00000004     --HOLE-- [fill = 0]
                  1180f760    0000004c     bios.a674 : rta.o674 (.cinit)
                  1180f7ac    00000004     --HOLE-- [fill = 0]
                  1180f7b0    0000004c     rtdx64xplus.lib : buffer1.o64P (.cinit)
                  1180f7fc    00000004     --HOLE-- [fill = 0]
                  1180f800    0000003c     bios.a674 : exc.o674 (.cinit)
                  1180f83c    00000004     --HOLE-- [fill = 0]
                  1180f840    00000034               : hwi.o674 (.cinit)
                  1180f874    00000004     --HOLE-- [fill = 0]
                  1180f878    0000002c               : utl_putc.o674 (.cinit)
                  1180f8a4    00000004     --HOLE-- [fill = 0]
                  1180f8a8    0000002c     rts6740.lib : exit.obj (.cinit)
                  1180f8d4    00000004     --HOLE-- [fill = 0]
                  1180f8d8    00000024     bios.a674 : obj_init.o674 (.cinit)
                  1180f8fc    00000004     --HOLE-- [fill = 0]
                  1180f900    0000001c               : exc_asm.o674 (.cinit)
                  1180f91c    00000004     --HOLE-- [fill = 0]
                  1180f920    0000001c               : sys.o674 (.cinit)
                  1180f93c    00000004     --HOLE-- [fill = 0]
                  1180f940    0000001c     rts6740.lib : _lock.obj (.cinit)
                  1180f95c    00000004     --HOLE-- [fill = 0]
                  1180f960    0000001c                 : atexit.obj (.cinit)
                  1180f97c    00000004     --HOLE-- [fill = 0]
                  1180f980    00000018     bios.a674 : knl_tick.o674 (.cinit)
                  1180f998    0000000c               : idl_busy.o674 (.cinit)
                  1180f9a4    00000004     --HOLE-- [fill = 0]
                  1180f9a8    0000000c               : knl_swit.o674 (.cinit)
                  1180f9b4    00000004     --HOLE-- [fill = 0]
                  1180f9b8    0000000c     rts6740.lib : fopen.obj (.cinit)
                  1180f9c4    00000004     --HOLE-- [fill = 0]
                  1180f9c8    0000000c                 : sinit.obj (.cinit)
                  1180f9d4    00000004     --HOLE-- [fill = 0]
                  1180f9d8    00000004     (.pad.cinit) [fill = 0]

.args      0    1180f9dc    00000004     
                  1180f9dc    00000004     --HOLE-- [fill = 0]

.sysinit   0    1180f9e0    00000560     
                  1180f9e0    00000380     hellocfg.obj (.sysinit)
                  1180fd60    000000c0     bios.a674 : boot.o674 (.sysinit)
                  1180fe20    000000c0               : mem_init.o674 (.sysinit)
                  1180fee0    00000060               : tsk_init.o674 (.sysinit)

.tsk       0    1180ff40    00000060     UNINITIALIZED
                  1180ff40    00000060     hellocfg.obj (.tsk)

.swi       0    1180ffa0    00000058     UNINITIALIZED
                  1180ffa0    00000058     hellocfg.obj (.swi)

.clk       0    1180fff8    00000008     UNINITIALIZED
                  1180fff8    00000008     hellocfg.obj (.clk)

.trace$buf 
*          0    11810000    00001000     UNINITIALIZED
                  11810000    00001000     hellocfg.obj (.trace$buf)

.rtdx_text 
*          0    11811000    00000fc0     
                  11811000    000002a0     rtdx64xplus.lib : rtdx_mon.o64P (.rtdx_text:_HSRTDX_rec)
                  118112a0    00000260                     : buffer1.o64P (.rtdx_text:_RTDX_Buffer_WriteCB)
                  11811500    00000260                     : buffer1.o64P (.rtdx_text:_RTDX_write_next)
                  11811760    000001a0                     : rtdx_mon.o64P (.rtdx_text:_HSRTDX_xmt)
                  11811900    00000160                     : rtdx_mon.o64P (.rtdx_text:_RTDX_Send_To_Host)
                  11811a60    000000e0                     : rtdx_mon.o64P (.rtdx_text:_RTDX_Mon_Queue)
                  11811b40    000000e0                     : buffer1.o64P (.rtdx_text:_claim)
                  11811c20    000000a0                     : rtdx_mon.o64P (.rtdx_text:_RTDX_GetH2THeader)
                  11811cc0    000000a0                     : rtdx_mon.o64P (.rtdx_text:_RTDX_Poll)
                  11811d60    00000080                     : rtdx_mon.o64P (.rtdx_text:_RTDX_Final_RT_Monitor)
                  11811de0    00000060                     : buffer1.o64P (.rtdx_text:_RTDX_Buffer_Initialize)
                  11811e40    00000060                     : rtdx_mon.o64P (.rtdx_text:_RTDX_Init_RT_Monitor)
                  11811ea0    00000040                     : buffer2.o64P (.rtdx_text:_RTDX_Buffer_ReadCB)
                  11811ee0    00000040                     : buffer1.o64P (.rtdx_text:_RTDX_Buffer_Size)
                  11811f20    00000040                     : memfill.o64P (.rtdx_text:_RTDX_memfill)
                  11811f60    00000020                     : buffer2.o64P (.rtdx_text:_RTDX_Buffer_Read)
                  11811f80    00000020                     : buffer1.o64P (.rtdx_text:_RTDX_Buffer_Write)
                  11811fa0    00000020                     : intr_tgt.o64P (.rtdx_text)

.far       0    11811fc0    00000c08     UNINITIALIZED
                  11811fc0    000003d4     hello.obj (.far)
                  11812394    00000004     bios6748.a674 : clk_data.o674 (.far)
                  11812398    00000324     rts6740.lib : defs.obj (.far)
                  118126bc    00000004                 : fopen.obj (.far)
                  118126c0    00000188                 : atexit.obj (.far)
                  11812848    0000011c                 : lowlev.obj (.far)
                  11812964    00000004                 : sinit.obj (.far)
                  11812968    000000d8     bios.a674 : knl.o674 (.far)
                  11812a40    0000005c               : tsk.o674 (.far)
                  11812a9c    00000004     --HOLE--
                  11812aa0    00000054               : obj_init.o674 (.far)
                  11812af4    00000050               : tsk_stup.o674 (.far)
                  11812b44    00000004     --HOLE--
                  11812b48    00000020               : sys.o674 (.far)
                  11812b68    00000018     rtdx64xplus.lib : rtdx_mon.o64P (.far)
                  11812b80    00000010     bios.a674 : exc.o674 (.far)
                  11812b90    00000010               : knl_tick.o674 (.far)
                  11812ba0    0000000c               : utl_putc.o674 (.far)
                  11812bac    0000000c     rts6740.lib : exit.obj (.far)
                  11812bb8    00000008                 : _lock.obj (.far)
                  11812bc0    00000008                 : trgdrv.obj (.far)

.const     0    11812bc8    00000419     
                  11812bc8    00000193     bios.a674 : exc.o674 (.const:.string)
                  11812d5b    00000004               : mem_allo.o674 (.const:.string)
                  11812d5f    00000001     --HOLE-- [fill = 0]
                  11812d60    00000101     rts6740.lib : ctype.obj (.const:.string:__ctypes_)
                  11812e61    00000004     bios.a674 : mem_free.o674 (.const:.string)
                  11812e65    00000002     rts6740.lib : fputs.obj (.const:.string)
                  11812e67    00000001     --HOLE-- [fill = 0]
                  11812e68    00000080     evmc6748_bsl.lib : evmc6748.obj (.const:_bitval_u32)
                  11812ee8    0000004e     bios.a674 : tsk_stup.o674 (.const:.string)
                  11812f36    00000002     --HOLE-- [fill = 0]
                  11812f38    00000040     evmc6748_bsl.lib : evmc6748.obj (.const:.string)
                  11812f78    00000023     bios.a674 : utl_doab.o674 (.const:.string)
                  11812f9b    00000023     rts6740.lib : _printfi.obj (.const:.string)
                  11812fbe    00000022     bios.a674 : utl_doer.o674 (.const:.string)
                  11812fe0    00000001               : tsk.o674 (.const:.string)

.printf    0    11812fe1    00000076     COPY SECTION
                  11812fe1    00000076     hellocfg.obj (.printf)

.hst1      0    11812fe4    00000010     UNINITIALIZED
                  11812fe4    00000010     hellocfg.obj (.hst1)

.pinit     0    11812ff4    0000000c     
                  11812ff4    00000004     rtdx64xplus.lib : buffer1.o64P (.pinit)
                  11812ff8    00000004                     : rtdx_mon.o64P (.pinit)
                  11812ffc    00000004     --HOLE-- [fill = 0]

.LOG_system$buf 
*          0    11813000    00000800     UNINITIALIZED
                  11813000    00000800     hellocfg.obj (.LOG_system$buf)

.rtdx_data 
*          0    11813800    000004f4     UNINITIALIZED
                  11813800    00000080     --HOLE--
                  11813880    00000410     hellocfg.obj (.rtdx_data)
                  11813c90    00000044     rtdx64xplus.lib : rtdx_mon.o64P (.rtdx_data)
                  11813cd4    00000020                     : buffer1.o64P (.rtdx_data)

.mem       0    11813cf4    00000004     UNINITIALIZED
                  11813cf4    00000004     hellocfg.obj (.mem)

.TSK_idle$stk 
*          0    11813cf8    00000400     UNINITIALIZED
                  11813cf8    00000400     hellocfg.obj (.TSK_idle$stk)

.stack     0    118140f8    00000400     UNINITIALIZED
                  118140f8    00000400     --HOLE--

.bss       0    118144f8    00000390     UNINITIALIZED
                  118144f8    00000100     bios.a674 : hwi_disp_asm.o674 (.bss)
                  118145f8    000000cc               : biosdata.o674 (.bss)
                  118146c4    0000009c               : swi.o674 (.bss)
                  11814760    00000048               : knl.o674 (.bss)
                  118147a8    00000028     hellocfg.obj (.bss)
                  118147d0    00000020     bios.a674 : exc_asm.o674 (.bss)
                  118147f0    00000018               : hwi.o674 (.bss)
                  11814808    00000018     lnkrtdx.a674 : rtdx.o674 (.bss)
                  11814820    00000010     bios.a674 : exc.o674 (.bss)
                  11814830    00000010     rtdx64xplus.lib : buffer1.o64P (.bss)
                  11814840    00000010                     : rtdx_mon.o64P (.bss)
                  11814850    0000000c     bios.a674 : tsk.o674 (.bss)
                  1181485c    0000000c     hello.obj (.bss)
                  11814868    00000008     bios.a674 : clk_data.o674 (.bss)
                  11814870    00000008               : sys.o674 (.bss)
                  11814878    00000004               : clk_data2.o674 (.bss)
                  1181487c    00000004               : idl_busy.o674 (.bss)
                  11814880    00000004               : mem_asm.o674 (.bss)
                  11814884    00000004     evmc6748_bsl.lib : evmc6748_i2c.obj (.bss)

.trace     0    11814888    00000200     
                  11814888    00000200     --HOLE-- [fill = 00000000]

.cio       0    11814a88    00000120     UNINITIALIZED
                  11814a88    00000120     rts6740.lib : trgmsg.obj (.cio)

.sts       0    11814ba8    00000050     
                  11814ba8    00000050     hellocfg.obj (.sts)

.hwi_vec   0    11814c00    00000200     
                  11814c00    00000200     hellocfg.obj (.hwi_vec)

.hst0      0    11814e00    00000100     UNINITIALIZED
                  11814e00    00000100     hellocfg.obj (.hst0)

.pip       0    11814f00    000000c8     UNINITIALIZED
                  11814f00    000000c8     hellocfg.obj (.pip)

.gblinit   0    11814fc8    0000004c     
                  11814fc8    0000004c     hellocfg.obj (.gblinit)

.switch    0    11815014    00000044     
                  11815014    00000024     evmc6748_bsl.lib : evmc6748_gpio.obj (.switch:_getRegisterBankAndBit)
                  11815038    00000020                      : evmc6748_dip.obj (.switch:_convertDipToI2CGpio)

.hst       0    11815058    0000003c     UNINITIALIZED
                  11815058    0000003c     hellocfg.obj (.hst)

.log       0    11815094    00000030     
                  11815094    00000030     hellocfg.obj (.log)

.prd       0    118150c4    00000020     UNINITIALIZED
                  118150c4    00000020     hellocfg.obj (.prd)

.idl       0    118150e4    00000010     UNINITIALIZED
                  118150e4    00000010     hellocfg.obj (.idl)

.idlcal    0    118150f4    00000010     UNINITIALIZED
                  118150f4    00000010     hellocfg.obj (.idlcal)

.sys       0    11815104    00000010     UNINITIALIZED
                  11815104    00000010     hellocfg.obj (.sys)

.trcdata   0    11815114    0000000c     
                  11815114    0000000c     bios.a674 : trc.o674 (.trcdata)


GLOBAL SYMBOLS: SORTED ALPHABETICALLY BY Name 

address    name
--------   ----
118144f8   $bss
118144f8   .bss
11800000   .data
11800000   .text
1180fba4   BIOS$$CLKOFF
1180fb64   BIOS$$CLKON
1180f9e0   BIOS_init
1180fc10   BIOS_start
00000000   BUF$
00000001   BUF_ENABLED
11808138   C$$IO$$
ffffffff   CACHE_L1D
ffffffff   CACHE_L1P
00000001   CLK$
1180fff8   CLK_A_TABBEG
00000001   CLK_CALDIV
00000001   CLK_CALMULT
000493e0   CLK_COUNTSPMS
00000004   CLK_COUNTSPMSHIGH
11814620   CLK_D_idletime
1181461c   CLK_D_isrhook
11814618   CLK_D_tabbeg
11814614   CLK_D_timefxn
00000001   CLK_ENABLEHTIME
1180c660   CLK_F_gethtime
1180b200   CLK_F_getltime
1180b210   CLK_F_isr
1180b350   CLK_F_itime
11808ee0   CLK_HOOKFXN
00000001   CLK_HTIMEDIV
00000001   CLK_HTIMEMULT
000493e0   CLK_HTIMEPERLTIME
00005dc0   CLK_INPUTCLK
00004000   CLK_INTBIT
00000001   CLK_LTIMEDIV
000493e0   CLK_LTIMEMULT
000003e8   CLK_MICROSECS
00000001   CLK_POWERENABLE
00005dc0   CLK_PRD
00000000   CLK_PRDHIGH
01c20000   CLK_REGS
00000001   CLK_RESETTIMER
11814610   CLK_R_time
00000020   CLK_TCR
00000000   CLK_TDDR
00000000   CLK_TDDRHIGH
1180c660   CLK_TIMEFXN
00000000   CLK_TIMERNUM
00000005   CLK_TIMMODE
00000001   CLK_USETIMER
1180fffc   CLK_null
ffffffff   DDR
00000000   DEV$
00000000   DGN$
00000000   DHL$
00000000   DHL_gChannelsAvailable
00000000   DIO$
00000000   DIO_NUMSWIBASE
00000000   DIO_NUMTSKBASE
00000000   DIO_STATIC
00000000   DPI$
00000000   ECM$
00000000   ECM_ENABLE
ffffffff   ECM_EVTMASK0
ffffffff   ECM_EVTMASK1
ffffffff   ECM_EVTMASK2
ffffffff   ECM_EVTMASK3
0000000a   EVENT10
00000064   EVENT100
00000065   EVENT101
00000066   EVENT102
00000067   EVENT103
00000068   EVENT104
00000069   EVENT105
0000006a   EVENT106
0000006b   EVENT107
0000006c   EVENT108
0000006d   EVENT109
0000000b   EVENT11
0000006e   EVENT110
0000006f   EVENT111
00000070   EVENT112
00000071   EVENT113
00000072   EVENT114
00000073   EVENT115
00000074   EVENT116
00000075   EVENT117
00000076   EVENT118
00000077   EVENT119
0000000c   EVENT12
00000078   EVENT120
00000079   EVENT121
0000007a   EVENT122
0000007b   EVENT123
0000007c   EVENT124
0000007d   EVENT125
0000007e   EVENT126
0000007f   EVENT127
0000000d   EVENT13
0000000e   EVENT14
0000000f   EVENT15
00000010   EVENT16
00000011   EVENT17
00000012   EVENT18
00000013   EVENT19
00000014   EVENT20
00000015   EVENT21
00000016   EVENT22
00000017   EVENT23
00000018   EVENT24
00000019   EVENT25
0000001a   EVENT26
0000001b   EVENT27
0000001c   EVENT28
0000001d   EVENT29
0000001e   EVENT30
0000001f   EVENT31
00000020   EVENT32
00000021   EVENT33
00000022   EVENT34
00000023   EVENT35
00000024   EVENT36
00000025   EVENT37
00000026   EVENT38
00000027   EVENT39
00000004   EVENT4
00000028   EVENT40
00000029   EVENT41
0000002a   EVENT42
0000002b   EVENT43
0000002c   EVENT44
0000002d   EVENT45
0000002e   EVENT46
0000002f   EVENT47
00000030   EVENT48
00000031   EVENT49
00000005   EVENT5
00000032   EVENT50
00000033   EVENT51
00000034   EVENT52
00000035   EVENT53
00000036   EVENT54
00000037   EVENT55
00000038   EVENT56
00000039   EVENT57
0000003a   EVENT58
0000003b   EVENT59
00000006   EVENT6
0000003c   EVENT60
0000003d   EVENT61
0000003e   EVENT62
0000003f   EVENT63
00000040   EVENT64
00000041   EVENT65
00000042   EVENT66
00000043   EVENT67
00000044   EVENT68
00000045   EVENT69
00000007   EVENT7
00000046   EVENT70
00000047   EVENT71
00000048   EVENT72
00000049   EVENT73
0000004a   EVENT74
0000004b   EVENT75
0000004c   EVENT76
0000004d   EVENT77
0000004e   EVENT78
0000004f   EVENT79
00000008   EVENT8
00000050   EVENT80
00000051   EVENT81
00000052   EVENT82
00000053   EVENT83
00000054   EVENT84
00000055   EVENT85
00000056   EVENT86
00000057   EVENT87
00000058   EVENT88
00000059   EVENT89
00000009   EVENT9
0000005a   EVENT90
0000005b   EVENT91
0000005c   EVENT92
0000005d   EVENT93
0000005e   EVENT94
0000005f   EVENT95
00000060   EVENT96
00000061   EVENT97
00000062   EVENT98
00000063   EVENT99
1180c200   FXN_F_nop
1180c204   FXN_F_run
1180c240   FXN_F_zero
00000001   GBL$
00005205   GBL_A_VERSION
00000000   GBL_BCACHEREADADDR0
00000000   GBL_BCACHEREADADDR1
00000000   GBL_BCACHEREADADDR2
00000000   GBL_BIGENDIAN
00000000   GBL_CACHE
00000000   GBL_CALLCSLCFGINIT
00004e20   GBL_CLKIN
00001a5b   GBL_CLKTYPE
00001a5c   GBL_DSPSUBTYPE
0000003e   GBL_DSPTYPE
00000001   GBL_ENABLEINST
00000000   GBL_ENABLE_SK
00000042   GBL_FOOTPRINT
000493e0   GBL_FREQ
00000000   GBL_GEMTRUECOMPEN
00000007   GBL_L1DMODE
00000007   GBL_L1PMODE
00000001   GBL_L2CONFIGURE
00000000   GBL_L2MAR0_31
00000001   GBL_L2MAR128_159
00000000   GBL_L2MAR160_191
ffffffff   GBL_L2MAR192_223
00000000   GBL_L2MAR224_255
00000000   GBL_L2MAR32_63
00000000   GBL_L2MAR64_95
00000000   GBL_L2MAR96_127
00000000   GBL_L2MODE
00000000   GBL_NULL
00000000   GBL_PROCID
00000000   GBL_ROM
00000000   GBL_SUPPORTCSL
0000dbef   GBL_TRCMASKVALUE
00000000   GBL_USERINIT
1180c5a0   GBL_USERINITFXN
00000001   GBL_boot
1181511c   GBL_initdone
118140f8   GBL_stackbeg
118144f7   GBL_stackend
00000000   GIO$
1180c5a0   GIO_CREATEFXN
1180c5a0   GIO_DELETEFXN
1180c5a0   GIO_PENDFXN
1180c5a0   GIO_POSTFXN
00000000   HOOK$
00000000   HOOK_KNLID
00000001   HST$
11815058   HST_A_TABBEG
11815094   HST_A_TABEND
00000000   HST_DSM
118147b4   HST_DSMBUFSEG
00000400   HST_DSMMEMSIZE
1181468c   HST_D_chanmask
11814690   HST_D_tabbeg
11814694   HST_D_tabend
000000ff   HST_MAXFRAMEALLOWED
00000040   HST_MAXFRAMESET
00000000   HST_NONE
00000001   HST_RTDX
00000001   HWI$
11814c00   HWI_A_VECS
00005828   HWI_CFGDISPATCHED
11814800   HWI_D_bss
11814804   HWI_D_ccmask
118147f0   HWI_D_spsave
00000001   HWI_ENABLE_EXC
11808ee0   HWI_F_dispatch
00000000   HWI_GENERATE_RESET_VEC
0000000a   HWI_INT10
00000000   HWI_INT10$hwi
0000000b   HWI_INT11
00000000   HWI_INT11$hwi
0000000c   HWI_INT12
00000000   HWI_INT12$hwi
0000000d   HWI_INT13
00000000   HWI_INT13$hwi
0000000e   HWI_INT14
00000000   HWI_INT14$hwi
0000000f   HWI_INT15
00000000   HWI_INT15$hwi
00000004   HWI_INT4
00000000   HWI_INT4$hwi
00000005   HWI_INT5
00000000   HWI_INT5$hwi
00000006   HWI_INT6
00000000   HWI_INT6$hwi
00000007   HWI_INT7
00000000   HWI_INT7$hwi
00000008   HWI_INT8
00000000   HWI_INT8$hwi
00000009   HWI_INT9
00000000   HWI_INT9$hwi
07063d04   HWI_INTRMUX1
0b0a0908   HWI_INTRMUX2
28040d0c   HWI_INTRMUX3
00000001   HWI_NMI
00000000   HWI_NMI$hwi
00000000   HWI_POLARITYMASK
00000002   HWI_RESERVED0
00000000   HWI_RESERVED0$hwi
00000003   HWI_RESERVED1
00000000   HWI_RESERVED1$hwi
00000000   HWI_RESET
00000000   HWI_RESET$hwi
00000000   HWI_ZEROTAB
00000001   IDL$
118150f4   IDL_A_CALBEG
118150e4   IDL_A_TABBEG
00000006   IDL_CALIBRERROR
1180c4a0   IDL_CALIBRFXN
1181487c   IDL_D_busyObj
11814600   IDL_D_calbeg
118145fc   IDL_D_calibrate
118145f8   IDL_D_tabbeg
118150f0   IDL_END
11815100   IDL_END$
1180c2c0   IDL_F_busy
1180c120   IDL_F_calibrate
1180c5e0   IDL_F_loop
1180c4a0   IDL_F_stub
00000001   IDL_USECLKIDLTIME
11814bec   IDL_busyObj
11813052   IDL_busyObj$avgfmt
00000001   IDL_busyObj$filter
00000001   IDL_busyObj$iA
00000000   IDL_busyObj$iB
00000001   IDL_busyObj$iC
1181304c   IDL_busyObj$maxfmt
00000000   IDL_busyObj$operation
11814be8   IDL_busyObj$stsobj
1181304f   IDL_busyObj$sumfmt
00000002   IDL_busyObj$unittype
118150e4   IDL_cpuLoad
118150f4   IDL_cpuLoad$
118147b4   IRAM
1180c680   IRAM$B
00002000   IRAM$L
00000001   ISRC$
1180b4f8   KNL_glue
1180ffcc   KNL_swi
00000001   KNL_swi$dorta
00000002   KNL_swi$ord
00000000   KNL_swi$pri
11814bcc   KNL_swi$sts
11813028   KNL_swi$sts$avgfmt
00000002   KNL_swi$sts$filter
00000001   KNL_swi$sts$filtmaxmult
00000001   KNL_swi$sts$filtsummult
11813018   KNL_swi$sts$maxfmt
11814bc8   KNL_swi$sts$stsobj
11813020   KNL_swi$sts$sumfmt
00000000   KNL_swi$sts$unittype
00000000   KNL_swi$swi
ffffffff   L3_CBA_RAM
00000001   LCK$
118083a0   LNK_F_checkBufferCall
11808420   LNK_F_dataPump
118083c0   LNK_F_getChanPtr
11808418   LNK_F_init
11808928   LNK_F_readCallBack
118150e8   LNK_dataPump
118150f8   LNK_dataPump$
1181480c   LNK_dspFrameReadyMask
11814808   LNK_dspFrameRequestMask
118086a0   LNK_newin
118087d4   LNK_newout
11808430   LNK_rcloop
118084f4   LNK_rdrtry
11814814   LNK_readDone
11814818   LNK_readFail
11814810   LNK_readPend
11808504   LNK_rrloop
1181481c   LNK_writeFail
118085d0   LNK_wrloop
118085c4   LNK_wrrtry
00000001   LOG$
11815094   LOG_A_TABBEG
118150c4   LOG_A_TABEND
00000002   LOG_A_TABLEN
11814604   LOG_D_system
00000001   LOG_ENABLED
1180c0a0   LOG_F_event
11815094   LOG_system
11813000   LOG_system$buf
00000000   LOG_system$datatype
00000000   LOG_system$log
00000200   LOG_system$size
00000000   MBX$
00000001   MEM$
118147b4   MEM_MALLOCSEG
00000000   MEM_NULL
118147b4   MEM_SEGZERO
00000000   MEM_USEMPC
00000001   MEM_gNumHeap
00000000   MSGQ$
00000000   MSGQ_USEMSGQ
00000000   OBJ$
00000000   PIP$
11814f00   PIP_A_TABBEG
11814fc8   PIP_A_TABEND
00000002   PIP_A_TABLEN
11814608   PIP_D_tabbeg
1181460c   PIP_D_tablen
1180ab78   PIP_F_give
1180ab78   PIP_F_probe
1180ac48   PIP_F_start
1180ab00   PIP_F_take
00000064   PIP_OBJSIZE
00000000   PIP_gNextId
00000002   PIP_gNumEmbed
00000000   POOL$
00000000   POOL_USEPOOL
00000001   PRD$
118150c4   PRD0
118150e0   PRD0$aaa
00000000   PRD0$mode
00000001   PRD0$ord
000001f4   PRD0$period
00000000   PRD0$prd
11814bac   PRD0$sts
11812ff3   PRD0$sts$avgfmt
00000000   PRD0$sts$filter
11812fe1   PRD0$sts$maxfmt
11814ba8   PRD0$sts$stsobj
11812fea   PRD0$sts$sumfmt
00000002   PRD0$sts$unittype
118150c4   PRD_A_TABBEG
118150e4   PRD_A_TABEND
00000001   PRD_A_TABLEN
11814648   PRD_D_cur
1181464c   PRD_D_elapsed
11814650   PRD_D_prevtim
11814654   PRD_D_scalar
11814658   PRD_D_swihandle
1181465c   PRD_D_tabbeg
11814660   PRD_D_tablen
11814664   PRD_D_thook
11814644   PRD_D_tick
11809880   PRD_F_swi
11809b04   PRD_F_tick
00000001   PRD_SCALAR
1180ffa0   PRD_SWIHANDLE
1180a714   PRD_THOOKFXN
1180fff8   PRD_clock
1180ffa0   PRD_swi
00000001   PRD_swi$dorta
00000001   PRD_swi$ord
00000001   PRD_swi$pri
11814bbc   PRD_swi$sts
1181300e   PRD_swi$sts$avgfmt
00000002   PRD_swi$sts$filter
00000001   PRD_swi$sts$filtmaxmult
00000001   PRD_swi$sts$filtsummult
11812ffe   PRD_swi$sts$maxfmt
11814bb8   PRD_swi$sts$stsobj
11813006   PRD_swi$sts$sumfmt
00000000   PRD_swi$sts$unittype
00000000   PRD_swi$swi
00000001   PWRM$
00000030   PWRM_PWRM_CAPSMASK
0000000a   PWRM_PWRM_CLKTICKSPERSLOT
00000000   PWRM_PWRM_ENABLE
00000002   PWRM_PWRM_INITSPCPU
00000000   PWRM_PWRM_INITSPPER
00000000   PWRM_PWRM_LOADENABLE
00000001   PWRM_PWRM_NUMSLOTS
00000000   PWRM_PWRM_RESOURCETRACKING
00000000   PWRM_PWRM_SCALING
1180c5a0   PWRM_PWRM_SHAREDRESOURCEFXN
1180c5a0   PWRM_PWRM_SLOTHOOKFXN
00000000   PWRM_PWRM_TIMERIDNUM
00000000   PWRM_PWRM_TIMERINTRMASK
00000000   PWRM_PWRM_TIMERWUGENMASK
00000000   PWRM_PWRM_USERRESOURCES
00000000   PWRM_PWRM_USETIMER
00000001   QUE$
11814668   RTA_D_fromHost
11814670   RTA_D_logval
11814680   RTA_D_stsval
1181466c   RTA_D_toHost
1180c4e0   RTA_F_andn
11809f60   RTA_F_dispatch
11809e80   RTA_F_getlog
11809eb8   RTA_F_getsts
1180c4f8   RTA_F_or
11809ef8   RTA_F_readblk
11809f20   RTA_F_resetmem
11809f14   RTA_F_writeword
118150ec   RTA_dispatcher
118150fc   RTA_dispatcher$
11809fac   RTA_execute
1181505c   RTA_fromHost
11812fe4   RTA_fromHost$buf
00000004   RTA_fromHost$framesize
00000000   RTA_fromHost$hst
00000001   RTA_fromHost$id
00000000   RTA_fromHost$mode
11814f00   RTA_fromHost$pipe
11814f30   RTA_fromHost$pipe$aaa
11814f60   RTA_fromHost$pipe$bbb
118147b8   RTA_fromHost$pipe$dtab
11814f04   RTA_fromHost$pipe$rd
11814f34   RTA_fromHost$pipe$wr
11815064   RTA_fromHost$rtdx
11815078   RTA_toHost
11814e00   RTA_toHost$buf
00000040   RTA_toHost$framesize
00000000   RTA_toHost$hst
00000000   RTA_toHost$id
00000001   RTA_toHost$mode
11814f64   RTA_toHost$pipe
11814f94   RTA_toHost$pipe$aaa
11814fc4   RTA_toHost$pipe$bbb
118147c4   RTA_toHost$pipe$dtab
11814f68   RTA_toHost$pipe$rd
11814f98   RTA_toHost$pipe$wr
11815080   RTA_toHost$rtdx
00000001   RTDX$
00000408   RTDX_BUFMEMSIZE
118147b4   RTDX_DATAMEMSEG
00000000   RTDX_MODE
00000001   RTDX_NORMALIZED_HDR
00000001   RTDX_USERTDX
00000000   RTDX_USERTEXECUTION
00000000   SEM$
00000000   SIO$
00000001   STS$
11814ba8   STS_A_TABBEG
11814bf8   STS_A_TABEND
1180c3ac   STS_F_add
1180c380   STS_F_delta
1180c3c8   STS_F_reset
00000001   SWI$
1180ffa0   SWI_A_TABBEG
1180fff8   SWI_A_TABEND
00000002   SWI_A_TABLEN
118146dc   SWI_D_curfxn
118146cc   SWI_D_curmask
118146d8   SWI_D_curmbox
118146d0   SWI_D_curset
118146c8   SWI_D_execaddr
118146e4   SWI_D_inswi
118146d4   SWI_D_lock
118146e0   SWI_D_rdybeg
118146e8   SWI_D_rdytab
118146c4   SWI_D_runaddr
00000000   SWI_EHOOKFXN
118095a4   SWI_EXECFXN
118093c0   SWI_F_enable
118095a4   SWI_F_exec
118095cc   SWI_F_iexec
11809430   SWI_F_post
1180964c   SWI_F_run
00000000   SWI_IHOOKFXN
1180964c   SWI_RUNFXN
00000001   SYS$
11815104   SYS$config
1180c520   SYS_ABORTFXN
1180c620   SYS_ERRORFXN
1180c640   SYS_EXITFXN
1180c560   SYS_PUTCFXN
11815118   TRC_R_mask
11815114   TRC_cinit
00000001   TSK$
00000000   TSK_NUM_HOOKS
00000001   TSK_PRIORITY
00000000   TSK_READYFXN
00000000   TSK_STACKSEG
00000400   TSK_STACKSIZE
00000000   TSK_SWITCHFXN
1180c5a0   TSK_VCREATEFXN
1180c5a0   TSK_VDELETEFXN
1180c5a0   TSK_VEXITFXN
1180ff4c   TSK_idle
00000000   TSK_idle$ord
00000000   TSK_idle$pri
11813cf8   TSK_idle$stack
11814090   TSK_idle$stkptr
11814bdc   TSK_idle$sts
11813042   TSK_idle$sts$avgfmt
00000002   TSK_idle$sts$filter
00000001   TSK_idle$sts$filtmaxmult
00000001   TSK_idle$sts$filtsummult
11813032   TSK_idle$sts$maxfmt
11814bd8   TSK_idle$sts$stsobj
1181303a   TSK_idle$sts$sumfmt
00000000   TSK_idle$sts$unittype
00000000   TSK_idle$tsk
00000000   UDEV$
1180190c   _AIC3106_Init
118019c0   _AIC3106_readRegister
11801a14   _AIC3106_writeRegister
1180c5a0   _BCACHE_bootInit
1180b8b4   _BCACHE_getMar
1180b864   _BCACHE_getSize
1180b834   _BCACHE_setCacheToSram
1180b7e4   _BCACHE_setMar
1180b7a0   _BCACHE_setSize
1180f9e0   _BIOS_init
1180fc10   _BIOS_start
ffffffff   _CACHE_L1D
ffffffff   _CACHE_L1P
000493e0   _CLK_COUNTSPMS
11814868   _CLK_DFLTMICROSECS
11814640   _CLK_D_countspms
11814634   _CLK_D_dirty
1181486c   _CLK_D_microseconds
11814638   _CLK_D_prd
1181463c   _CLK_D_tddr
1180b350   _CLK_F_itime
00005dc0   _CLK_PRD
01c20000   _CLK_REGS
00000000   _CLK_TDDR
00000000   _CLK_TIMERNUM
00000001   _CLK_USETIMER
1180c660   _CLK_gethtime
11814624   _CLK_htimeDiv
11814628   _CLK_htimeMult
11814878   _CLK_htimePerLtime
11812394   _CLK_inputClock
1180b350   _CLK_itime
1181462c   _CLK_ltimeDiv
11814630   _CLK_ltimeMult
1180c440   _CLK_measure
ffffffff   _DDR
11806044   _DIP_get
118060a8   _DIP_getAll
11806020   _DIP_init
0000000a   _EVENT10
00000064   _EVENT100
00000065   _EVENT101
00000066   _EVENT102
00000067   _EVENT103
00000068   _EVENT104
00000069   _EVENT105
0000006a   _EVENT106
0000006b   _EVENT107
0000006c   _EVENT108
0000006d   _EVENT109
0000000b   _EVENT11
0000006e   _EVENT110
0000006f   _EVENT111
00000070   _EVENT112
00000071   _EVENT113
00000072   _EVENT114
00000073   _EVENT115
00000074   _EVENT116
00000075   _EVENT117
00000076   _EVENT118
00000077   _EVENT119
0000000c   _EVENT12
00000078   _EVENT120
00000079   _EVENT121
0000007a   _EVENT122
0000007b   _EVENT123
0000007c   _EVENT124
0000007d   _EVENT125
0000007e   _EVENT126
0000007f   _EVENT127
0000000d   _EVENT13
0000000e   _EVENT14
0000000f   _EVENT15
00000010   _EVENT16
00000011   _EVENT17
00000012   _EVENT18
00000013   _EVENT19
00000014   _EVENT20
00000015   _EVENT21
00000016   _EVENT22
00000017   _EVENT23
00000018   _EVENT24
00000019   _EVENT25
0000001a   _EVENT26
0000001b   _EVENT27
0000001c   _EVENT28
0000001d   _EVENT29
0000001e   _EVENT30
0000001f   _EVENT31
00000020   _EVENT32
00000021   _EVENT33
00000022   _EVENT34
00000023   _EVENT35
00000024   _EVENT36
00000025   _EVENT37
00000026   _EVENT38
00000027   _EVENT39
00000004   _EVENT4
00000028   _EVENT40
00000029   _EVENT41
0000002a   _EVENT42
0000002b   _EVENT43
0000002c   _EVENT44
0000002d   _EVENT45
0000002e   _EVENT46
0000002f   _EVENT47
00000030   _EVENT48
00000031   _EVENT49
00000005   _EVENT5
00000032   _EVENT50
00000033   _EVENT51
00000034   _EVENT52
00000035   _EVENT53
00000036   _EVENT54
00000037   _EVENT55
00000038   _EVENT56
00000039   _EVENT57
0000003a   _EVENT58
0000003b   _EVENT59
00000006   _EVENT6
0000003c   _EVENT60
0000003d   _EVENT61
0000003e   _EVENT62
0000003f   _EVENT63
00000040   _EVENT64
00000041   _EVENT65
00000042   _EVENT66
00000043   _EVENT67
00000044   _EVENT68
00000045   _EVENT69
00000007   _EVENT7
00000046   _EVENT70
00000047   _EVENT71
00000048   _EVENT72
00000049   _EVENT73
0000004a   _EVENT74
0000004b   _EVENT75
0000004c   _EVENT76
0000004d   _EVENT77
0000004e   _EVENT78
0000004f   _EVENT79
00000008   _EVENT8
00000050   _EVENT80
00000051   _EVENT81
00000052   _EVENT82
00000053   _EVENT83
00000054   _EVENT84
00000055   _EVENT85
00000056   _EVENT86
00000057   _EVENT87
00000058   _EVENT88
00000059   _EVENT89
00000009   _EVENT9
0000005a   _EVENT90
0000005b   _EVENT91
0000005c   _EVENT92
0000005d   _EVENT93
0000005e   _EVENT94
0000005f   _EVENT95
00000060   _EVENT96
00000061   _EVENT97
00000062   _EVENT98
00000063   _EVENT99
118001e8   _EVMC6748_enableDsp
11800000   _EVMC6748_init
1180002c   _EVMC6748_initRAM
118002b0   _EVMC6748_lpscTransition
11800214   _EVMC6748_pinmuxConfig
11808eb0   _EXC_clearLastStatus
1180a920   _EXC_dispatch
11808cd4   _EXC_exceptionHandler
11814820   _EXC_exceptionHook
11808ca0   _EXC_external
11814828   _EXC_externalHook
11808c80   _EXC_getLastStatus
11808c40   _EXC_init
11808994   _EXC_internal
11814824   _EXC_internalHook
11808960   _EXC_nmi
1181482c   _EXC_nmiHook
118147d8   _EXC_returnPtr
1180aae4   _EXC_setReturnPtr
11812b80   _EXC_status
118147d0   _EXC_sysTrapTable
1180c5a0   _FXN_F_nop
1180c204   _FXN_F_run
1180c240   _FXN_F_zero
00000000   _GBL_CACHE
1180b948   _GBL_cacheInit64P
1181469c   _GBL_clkIn
118146a0   _GBL_freq
1180c5c0   _GBL_getVersion
11814698   _GBL_procId
11803878   _GPIO_getInput
11803800   _GPIO_setDir
118038ec   _GPIO_setOutput
1180396c   _GPIO_toggleLoop
11807740   _HOSTclose
11806760   _HOSTlseek
11806a60   _HOSTopen
11806b40   _HOSTread
11805ea0   _HOSTrename
11807080   _HOSTunlink
11807140   _HOSTwrite
11811000   _HSRTDX_rec
11811760   _HSRTDX_xmt
11815058   _HST_A_TABBEG
11815094   _HST_A_TABEND
00005828   _HWI_CFGDISPATCHED
118147fc   _HWI_D_inhwi
118147f0   _HWI_D_spsave
11808ee0   _HWI_F_dispatch
0000000a   _HWI_INT10
0000000b   _HWI_INT11
0000000c   _HWI_INT12
0000000d   _HWI_INT13
0000000e   _HWI_INT14
0000000f   _HWI_INT15
00000004   _HWI_INT4
00000005   _HWI_INT5
00000006   _HWI_INT6
00000007   _HWI_INT7
00000008   _HWI_INT8
00000009   _HWI_INT9
00000001   _HWI_NMI
00000002   _HWI_RESERVED0
00000003   _HWI_RESERVED1
00000000   _HWI_RESET
118144f0   _HWI_STKBOTTOM
118140f8   _HWI_STKTOP
118147f0   _HWI_data
1180c260   _HWI_disable
118144f8   _HWI_dispatchTab
1180c278   _HWI_enable
1180c28c   _HWI_restore
11802c14   _I2CGPIO_getInput
11802d30   _I2CGPIO_getInputAll
11802b40   _I2CGPIO_init
11802e40   _I2CGPIO_setOutput
11802f88   _I2CGPIO_setOutputAll
11803b80   _I2C_init
11803c6c   _I2C_read
11803dc8   _I2C_write
11814bec   _IDL_busyObj
118150e4   _IDL_cpuLoad
1180c5e0   _IDL_loop
118147b4   _IRAM
1180c680   _IRAM_base
00002000   _IRAM_length
11814768   _KNL_alarm
1180ba00   _KNL_check
1181478c   _KNL_curqueue
1181477c   _KNL_curtask
11814784   _KNL_curtime
11812a08   _KNL_dummy
1180bd60   _KNL_enter
1180bd20   _KNL_exit
1180bac8   _KNL_idle
118147a4   _KNL_idlefxn
11814770   _KNL_inactive
1180bf20   _KNL_ipost
1180baf0   _KNL_max
11814790   _KNL_maxqueue
1180bfa0   _KNL_post
11814780   _KNL_prevtask
11814774   _KNL_priority
11812968   _KNL_queues
1180a100   _KNL_run
1180b3a0   _KNL_saveIsrFrame
11814778   _KNL_set
1181476c   _KNL_setpri
1180ffcc   _KNL_swi
11814788   _KNL_swiptr
1180b44c   _KNL_switch
11814798   _KNL_tcreatefxn
1181479c   _KNL_tdeletefxn
1180a714   _KNL_tick
118147a0   _KNL_treadyfxn
11814794   _KNL_tswitchfxn
11814760   _KNL_wFlag
11814764   _KNL_wList
ffffffff   _L3_CBA_RAM
1180c040   _LCK_pend
1180c020   _LCK_post
11805960   _LED_init
118059ac   _LED_isOn
11805aac   _LED_toggle
11805a64   _LED_turnOff
11805a14   _LED_turnOn
118150e8   _LNK_dataPump
1181480c   _LNK_dspFrameReadyMask
11814808   _LNK_dspFrameRequestMask
11814814   _LNK_readDone
11814818   _LNK_readFail
11814810   _LNK_readPend
1181481c   _LNK_writeFail
11815094   _LOG_A_TABBEG
118150c4   _LOG_A_TABEND
00000002   _LOG_A_TABLEN
11814604   _LOG_D_system
1180c0a0   _LOG_event
11815094   _LOG_system
11814880   _MEM
118146a4   _MEM_D_NUMSEGMENTS
118146ac   _MEM_D_freelist
118146b0   _MEM_D_lockaddr
118146a8   _MEM_D_memtab
118146b4   _MEM_D_unlockaddr
1180a340   _MEM_alloc
1180a740   _MEM_free
1180fe20   _MEM_init
118147a8   _MEM_memtab
11801590   _McASP_Init
118016d4   _McASP_Start
11812ad8   _OBJ_segtab
11812aa0   _OBJ_table
11814f00   _PIP_A_TABBEG
11814fc8   _PIP_A_TABEND
118150c4   _PRD0
11814644   _PRD_D_tick
1180fff8   _PRD_clock
1180ffa0   _PRD_swi
118150ec   _RTA_dispatcher
1181505c   _RTA_fromHost
11815078   _RTA_toHost
11813880   _RTDX_Buffer
11813c8c   _RTDX_Buffer_End
11811de0   _RTDX_Buffer_Initialize
11811f60   _RTDX_Buffer_Read
11811ea0   _RTDX_Buffer_ReadCB
11811ee0   _RTDX_Buffer_Size
11813c88   _RTDX_Buffer_Start
11811f80   _RTDX_Buffer_Write
118112a0   _RTDX_Buffer_WriteCB
11811d60   _RTDX_Final_RT_Monitor
11811e40   _RTDX_Init_RT_Monitor
00000002   _RTDX_JTAGONLY
11811fa0   _RTDX_Mask_IER
11811a60   _RTDX_Mon_Queue
11811cc0   _RTDX_Poll
00000000   _RTDX_interrupt_mask
11811f20   _RTDX_memfill
11813ce0   _RTDX_writing
118147b4   _SEG0
1180c320   _SEM_pend
1180ace0   _SEM_pendEnterKnl
1180bc40   _SEM_post
1180bc40   _SEM_postBinary
1180bde0   _SEM_postEnterKnl
11814ba8   _STS_A_TABBEG
11814bf8   _STS_A_TABEND
1180c3ac   _STS_add
1180c380   _STS_delta
1180c3c8   _STS_reset
1180c600   _STS_set
118146dc   _SWI_D_curfxn
118146cc   _SWI_D_curmask
118146d0   _SWI_D_curset
118146c8   _SWI_D_execaddr
118146e4   _SWI_D_inswi
118146d4   _SWI_D_lock
118146e0   _SWI_D_rdybeg
118146c4   _SWI_D_runaddr
118146c4   _SWI_data
11809430   _SWI_post
118146b8   _SYS
11814888   _SYS_PUTCBEG
11814a87   _SYS_PUTCEND
1180c3e0   _SYS_abort
1180c1a0   _SYS_error
1180be80   _SYS_exit
11812b48   _SYS_exitStack
11814870   _SYS_exitStackPtr
11814874   _SYS_exitStackTop
11801ad0   _SetGpio
11815118   _TRC_R_mask
11814858   _TSK
11812a40   _TSK_ATTRS
11812a5c   _TSK_config
1180b660   _TSK_exit
1180ff4c   _TSK_idle
1180fee0   _TSK_init
11814850   _TSK_nTasks
11814854   _TSK_pid
1180b060   _TSK_setup
1180bbc4   _TSK_startup
11812a7c   _TSK_timerSem
11801a58   _USTIMER_delay
11800c00   _UTIL_isUIBoardAttached
11800aa8   _UTIL_printMem
1180c520   _UTL_doAbort
1180c620   _UTL_doError
1180c560   _UTL_doPutc
1180c640   _UTL_halt
11814a88   __CIOBUF_
1180b370   __CLK_lat1beg
1180b390   __CLK_lat1end
118146c0   __HOOK_NUMHOOKS
118146bc   __HOOK_knlId
11808ee0   __HWI_lat1beg
11809068   __HWI_lat1end
11809068   __HWI_lat2beg
11809244   __HWI_lat2end1
118091d0   __HWI_lat2end2
11809260   __HWI_lat3beg
11809200   __HWI_lat3end2
1180c2c0   __IDL_lat1beg
1180c300   __IDL_lat1end
1180ba4c   __KNL_lat1beg
1180bac8   __KNL_lat1end
1180c0a0   __LOG_lat1beg
11812b1c   __MEM_mutex
11809f20   __RTA_lat1beg
11809f54   __RTA_lat1end
1180aec0   __SEM_dopost
118144f8   __STACK_END
00000400   __STACK_SIZE
11809538   __SWI_lat1beg
118095e4   __SWI_lat1end
118095e8   __SWI_lat2beg
11809648   __SWI_lat2end
118093c0   __SWI_lat3beg
1180942c   __SWI_lat3end
11812af4   __TSK_mutex
11812bb4   ___TI_enable_exit_profile_output
ffffffff   ___TI_pprof_out_hndl
ffffffff   ___TI_prof_data_size
ffffffff   ___TI_prof_data_start
11808140   ___add_dtor
118126c0   ___atexit_func_id__
ffffffff   ___binit__
118144f8   ___bss__
ffffffff   ___c_args__
1180e680   ___cinit__
11800000   ___data__
11800000   ___edata__
11814888   ___end__
118083a0   ___etext__
11808180   ___isinf
11812ff4   ___pinit__
11800000   ___text__
1180b520   __auto_init
11806c20   __c6xabi_divi
118072c0   __c6xabi_divu
11807440   __c6xabi_remi
118077e0   __cleanup
11812bac   __cleanup_ptr
11806400   __closefile
11812d60   __ctypes_
11801b00   __divd
11806c20   __divi
11807880   __divli
118072c0   __divu
11805d00   __divul
11804a20   __divull
11807380   __doflush
11812bb0   __dtors_ptr
11807a60   __fixdli
11807e20   __fltlid
11808200   __frcmpyd_div
118126b8   __ft_end
11812398   __ftable
11807ea0   __llshl
11808240   __llshru
11812bb8   __lock
118082c0   __negll
118082e0   __nop
11803020   __printfi
11808340   __register_lock
11808360   __register_unlock
11807440   __remi
11808280   __remli
118140f8   __stack
11808020   __subcull
11812578   __tmpnams
11812bbc   __unlock
11806860   __wrt_ok
118121b8   _aHigh
118120c8   _aLow
118120f8   _aMid
11812158   _aPres
11807500   _atexit
11806d00   _atoi
11800e4c   _audioHWI
118121d0   _bHigh
118120e0   _bLow
11812128   _bMid
11812188   _bPres
11811fc0   _b_fir
11812e68   _bitval_u32
118121e8   _buffer
1180fd60   _c_int00
11806960   _call_dtors
11809e2c   _calloc
11806de0   _close
11800688   _config_pll0
118008c4   _config_pll1
11800d28   _dipPRD
11814863   _dist
11812964   _dtors
11814862   _eqBypass
11812270   _eqSignal
11805340   _fputc
11803460   _fputs
11809c00   _free
11806640   _fseek
11812338   _high
11814861   _highBoost
11801528   _initAll
118122f8   _low
1181485e   _lowBoost
11807c40   _lseek
118075c0   _ltoa
11800c20   _main
11809c24   _malloc
1181485c   _mask
11809d68   _memalign
11808080   _memccpy
11807ce0   _memcpy
11806ec0   _memset
11812308   _mid
1181485f   _midBoost
11812320   _pres
11814860   _presBoost
11806fa0   _printf
11805340   _putc
118014e0   _read_audio_sample
11807f20   _readmsg
11809c84   _realloc
11808380   _remove
11814838   _rtdxNullChanCnt
1181483c   _rtdxNullFuncCnt
11814844   _rtdxRecNotDoneCnt
1181484c   _rtdxXmtErrorCnt
11814840   _rtdxXmtNotDoneCnt
11814848   _rtdxXmtRestartCnt
11813cd4   _rtdx_buffer_state
11813c90   _rtdx_mon_state
11805760   _setvbuf
118150ac   _trace
11807fa0   _unlink
11812388   _wHigh
11812348   _wLow
11812358   _wMid
11812370   _wPres
11807d80   _write
11814864   _writeIndex
11801504   _write_audio_sample
118080e0   _writemsg
ffffffff   binit
1180e680   cinit
11800000   edata
11814888   end
118083a0   etext
11814c00   hwi0
11814c20   hwi1
11814d40   hwi10
11814d60   hwi11
11814d80   hwi12
11814da0   hwi13
11814dc0   hwi14
11814de0   hwi15
11814c40   hwi2
11814c60   hwi3
11814c80   hwi4
11814ca0   hwi5
11814cc0   hwi6
11814ce0   hwi7
11814d00   hwi8
11814d20   hwi9
11812ff4   pinit
118150ac   trace
11810000   trace$buf
00000001   trace$datatype
00000000   trace$log
00000400   trace$size


GLOBAL SYMBOLS: SORTED BY Symbol Address 

address    name
--------   ----
00000000   BUF$
00000000   CLK_PRDHIGH
00000000   CLK_TDDR
00000000   CLK_TDDRHIGH
00000000   CLK_TIMERNUM
00000000   DEV$
00000000   DGN$
00000000   DHL$
00000000   DHL_gChannelsAvailable
00000000   DIO$
00000000   DIO_NUMSWIBASE
00000000   DIO_NUMTSKBASE
00000000   DIO_STATIC
00000000   DPI$
00000000   ECM$
00000000   ECM_ENABLE
00000000   GBL_BCACHEREADADDR0
00000000   GBL_BCACHEREADADDR1
00000000   GBL_BCACHEREADADDR2
00000000   GBL_BIGENDIAN
00000000   GBL_CACHE
00000000   GBL_CALLCSLCFGINIT
00000000   GBL_ENABLE_SK
00000000   GBL_GEMTRUECOMPEN
00000000   GBL_L2MAR0_31
00000000   GBL_L2MAR160_191
00000000   GBL_L2MAR224_255
00000000   GBL_L2MAR32_63
00000000   GBL_L2MAR64_95
00000000   GBL_L2MAR96_127
00000000   GBL_L2MODE
00000000   GBL_NULL
00000000   GBL_PROCID
00000000   GBL_ROM
00000000   GBL_SUPPORTCSL
00000000   GBL_USERINIT
00000000   GIO$
00000000   HOOK$
00000000   HOOK_KNLID
00000000   HST_DSM
00000000   HST_NONE
00000000   HWI_GENERATE_RESET_VEC
00000000   HWI_INT10$hwi
00000000   HWI_INT11$hwi
00000000   HWI_INT12$hwi
00000000   HWI_INT13$hwi
00000000   HWI_INT14$hwi
00000000   HWI_INT15$hwi
00000000   HWI_INT4$hwi
00000000   HWI_INT5$hwi
00000000   HWI_INT6$hwi
00000000   HWI_INT7$hwi
00000000   HWI_INT8$hwi
00000000   HWI_INT9$hwi
00000000   HWI_NMI$hwi
00000000   HWI_POLARITYMASK
00000000   HWI_RESERVED0$hwi
00000000   HWI_RESERVED1$hwi
00000000   HWI_RESET
00000000   HWI_RESET$hwi
00000000   HWI_ZEROTAB
00000000   IDL_busyObj$iB
00000000   IDL_busyObj$operation
00000000   KNL_swi$pri
00000000   KNL_swi$sts$unittype
00000000   KNL_swi$swi
00000000   LOG_system$datatype
00000000   LOG_system$log
00000000   MBX$
00000000   MEM_NULL
00000000   MEM_USEMPC
00000000   MSGQ$
00000000   MSGQ_USEMSGQ
00000000   OBJ$
00000000   PIP$
00000000   PIP_gNextId
00000000   POOL$
00000000   POOL_USEPOOL
00000000   PRD0$mode
00000000   PRD0$prd
00000000   PRD0$sts$filter
00000000   PRD_swi$sts$unittype
00000000   PRD_swi$swi
00000000   PWRM_PWRM_ENABLE
00000000   PWRM_PWRM_INITSPPER
00000000   PWRM_PWRM_LOADENABLE
00000000   PWRM_PWRM_RESOURCETRACKING
00000000   PWRM_PWRM_SCALING
00000000   PWRM_PWRM_TIMERIDNUM
00000000   PWRM_PWRM_TIMERINTRMASK
00000000   PWRM_PWRM_TIMERWUGENMASK
00000000   PWRM_PWRM_USERRESOURCES
00000000   PWRM_PWRM_USETIMER
00000000   RTA_fromHost$hst
00000000   RTA_fromHost$mode
00000000   RTA_toHost$hst
00000000   RTA_toHost$id
00000000   RTDX_MODE
00000000   RTDX_USERTEXECUTION
00000000   SEM$
00000000   SIO$
00000000   SWI_EHOOKFXN
00000000   SWI_IHOOKFXN
00000000   TSK_NUM_HOOKS
00000000   TSK_READYFXN
00000000   TSK_STACKSEG
00000000   TSK_SWITCHFXN
00000000   TSK_idle$ord
00000000   TSK_idle$pri
00000000   TSK_idle$sts$unittype
00000000   TSK_idle$tsk
00000000   UDEV$
00000000   _CLK_TDDR
00000000   _CLK_TIMERNUM
00000000   _GBL_CACHE
00000000   _HWI_RESET
00000000   _RTDX_interrupt_mask
00000000   trace$log
00000001   BUF_ENABLED
00000001   CLK$
00000001   CLK_CALDIV
00000001   CLK_CALMULT
00000001   CLK_ENABLEHTIME
00000001   CLK_HTIMEDIV
00000001   CLK_HTIMEMULT
00000001   CLK_LTIMEDIV
00000001   CLK_POWERENABLE
00000001   CLK_RESETTIMER
00000001   CLK_USETIMER
00000001   GBL$
00000001   GBL_ENABLEINST
00000001   GBL_L2CONFIGURE
00000001   GBL_L2MAR128_159
00000001   GBL_boot
00000001   HST$
00000001   HST_RTDX
00000001   HWI$
00000001   HWI_ENABLE_EXC
00000001   HWI_NMI
00000001   IDL$
00000001   IDL_USECLKIDLTIME
00000001   IDL_busyObj$filter
00000001   IDL_busyObj$iA
00000001   IDL_busyObj$iC
00000001   ISRC$
00000001   KNL_swi$dorta
00000001   KNL_swi$sts$filtmaxmult
00000001   KNL_swi$sts$filtsummult
00000001   LCK$
00000001   LOG$
00000001   LOG_ENABLED
00000001   MEM$
00000001   MEM_gNumHeap
00000001   PRD$
00000001   PRD0$ord
00000001   PRD_A_TABLEN
00000001   PRD_SCALAR
00000001   PRD_swi$dorta
00000001   PRD_swi$ord
00000001   PRD_swi$pri
00000001   PRD_swi$sts$filtmaxmult
00000001   PRD_swi$sts$filtsummult
00000001   PWRM$
00000001   PWRM_PWRM_NUMSLOTS
00000001   QUE$
00000001   RTA_fromHost$id
00000001   RTA_toHost$mode
00000001   RTDX$
00000001   RTDX_NORMALIZED_HDR
00000001   RTDX_USERTDX
00000001   STS$
00000001   SWI$
00000001   SYS$
00000001   TSK$
00000001   TSK_PRIORITY
00000001   TSK_idle$sts$filtmaxmult
00000001   TSK_idle$sts$filtsummult
00000001   _CLK_USETIMER
00000001   _HWI_NMI
00000001   trace$datatype
00000002   HWI_RESERVED0
00000002   IDL_busyObj$unittype
00000002   KNL_swi$ord
00000002   KNL_swi$sts$filter
00000002   LOG_A_TABLEN
00000002   PIP_A_TABLEN
00000002   PIP_gNumEmbed
00000002   PRD0$sts$unittype
00000002   PRD_swi$sts$filter
00000002   PWRM_PWRM_INITSPCPU
00000002   SWI_A_TABLEN
00000002   TSK_idle$sts$filter
00000002   _HWI_RESERVED0
00000002   _LOG_A_TABLEN
00000002   _RTDX_JTAGONLY
00000003   HWI_RESERVED1
00000003   _HWI_RESERVED1
00000004   CLK_COUNTSPMSHIGH
00000004   EVENT4
00000004   HWI_INT4
00000004   RTA_fromHost$framesize
00000004   _EVENT4
00000004   _HWI_INT4
00000005   CLK_TIMMODE
00000005   EVENT5
00000005   HWI_INT5
00000005   _EVENT5
00000005   _HWI_INT5
00000006   EVENT6
00000006   HWI_INT6
00000006   IDL_CALIBRERROR
00000006   _EVENT6
00000006   _HWI_INT6
00000007   EVENT7
00000007   GBL_L1DMODE
00000007   GBL_L1PMODE
00000007   HWI_INT7
00000007   _EVENT7
00000007   _HWI_INT7
00000008   EVENT8
00000008   HWI_INT8
00000008   _EVENT8
00000008   _HWI_INT8
00000009   EVENT9
00000009   HWI_INT9
00000009   _EVENT9
00000009   _HWI_INT9
0000000a   EVENT10
0000000a   HWI_INT10
0000000a   PWRM_PWRM_CLKTICKSPERSLOT
0000000a   _EVENT10
0000000a   _HWI_INT10
0000000b   EVENT11
0000000b   HWI_INT11
0000000b   _EVENT11
0000000b   _HWI_INT11
0000000c   EVENT12
0000000c   HWI_INT12
0000000c   _EVENT12
0000000c   _HWI_INT12
0000000d   EVENT13
0000000d   HWI_INT13
0000000d   _EVENT13
0000000d   _HWI_INT13
0000000e   EVENT14
0000000e   HWI_INT14
0000000e   _EVENT14
0000000e   _HWI_INT14
0000000f   EVENT15
0000000f   HWI_INT15
0000000f   _EVENT15
0000000f   _HWI_INT15
00000010   EVENT16
00000010   _EVENT16
00000011   EVENT17
00000011   _EVENT17
00000012   EVENT18
00000012   _EVENT18
00000013   EVENT19
00000013   _EVENT19
00000014   EVENT20
00000014   _EVENT20
00000015   EVENT21
00000015   _EVENT21
00000016   EVENT22
00000016   _EVENT22
00000017   EVENT23
00000017   _EVENT23
00000018   EVENT24
00000018   _EVENT24
00000019   EVENT25
00000019   _EVENT25
0000001a   EVENT26
0000001a   _EVENT26
0000001b   EVENT27
0000001b   _EVENT27
0000001c   EVENT28
0000001c   _EVENT28
0000001d   EVENT29
0000001d   _EVENT29
0000001e   EVENT30
0000001e   _EVENT30
0000001f   EVENT31
0000001f   _EVENT31
00000020   CLK_TCR
00000020   EVENT32
00000020   _EVENT32
00000021   EVENT33
00000021   _EVENT33
00000022   EVENT34
00000022   _EVENT34
00000023   EVENT35
00000023   _EVENT35
00000024   EVENT36
00000024   _EVENT36
00000025   EVENT37
00000025   _EVENT37
00000026   EVENT38
00000026   _EVENT38
00000027   EVENT39
00000027   _EVENT39
00000028   EVENT40
00000028   _EVENT40
00000029   EVENT41
00000029   _EVENT41
0000002a   EVENT42
0000002a   _EVENT42
0000002b   EVENT43
0000002b   _EVENT43
0000002c   EVENT44
0000002c   _EVENT44
0000002d   EVENT45
0000002d   _EVENT45
0000002e   EVENT46
0000002e   _EVENT46
0000002f   EVENT47
0000002f   _EVENT47
00000030   EVENT48
00000030   PWRM_PWRM_CAPSMASK
00000030   _EVENT48
00000031   EVENT49
00000031   _EVENT49
00000032   EVENT50
00000032   _EVENT50
00000033   EVENT51
00000033   _EVENT51
00000034   EVENT52
00000034   _EVENT52
00000035   EVENT53
00000035   _EVENT53
00000036   EVENT54
00000036   _EVENT54
00000037   EVENT55
00000037   _EVENT55
00000038   EVENT56
00000038   _EVENT56
00000039   EVENT57
00000039   _EVENT57
0000003a   EVENT58
0000003a   _EVENT58
0000003b   EVENT59
0000003b   _EVENT59
0000003c   EVENT60
0000003c   _EVENT60
0000003d   EVENT61
0000003d   _EVENT61
0000003e   EVENT62
0000003e   GBL_DSPTYPE
0000003e   _EVENT62
0000003f   EVENT63
0000003f   _EVENT63
00000040   EVENT64
00000040   HST_MAXFRAMESET
00000040   RTA_toHost$framesize
00000040   _EVENT64
00000041   EVENT65
00000041   _EVENT65
00000042   EVENT66
00000042   GBL_FOOTPRINT
00000042   _EVENT66
00000043   EVENT67
00000043   _EVENT67
00000044   EVENT68
00000044   _EVENT68
00000045   EVENT69
00000045   _EVENT69
00000046   EVENT70
00000046   _EVENT70
00000047   EVENT71
00000047   _EVENT71
00000048   EVENT72
00000048   _EVENT72
00000049   EVENT73
00000049   _EVENT73
0000004a   EVENT74
0000004a   _EVENT74
0000004b   EVENT75
0000004b   _EVENT75
0000004c   EVENT76
0000004c   _EVENT76
0000004d   EVENT77
0000004d   _EVENT77
0000004e   EVENT78
0000004e   _EVENT78
0000004f   EVENT79
0000004f   _EVENT79
00000050   EVENT80
00000050   _EVENT80
00000051   EVENT81
00000051   _EVENT81
00000052   EVENT82
00000052   _EVENT82
00000053   EVENT83
00000053   _EVENT83
00000054   EVENT84
00000054   _EVENT84
00000055   EVENT85
00000055   _EVENT85
00000056   EVENT86
00000056   _EVENT86
00000057   EVENT87
00000057   _EVENT87
00000058   EVENT88
00000058   _EVENT88
00000059   EVENT89
00000059   _EVENT89
0000005a   EVENT90
0000005a   _EVENT90
0000005b   EVENT91
0000005b   _EVENT91
0000005c   EVENT92
0000005c   _EVENT92
0000005d   EVENT93
0000005d   _EVENT93
0000005e   EVENT94
0000005e   _EVENT94
0000005f   EVENT95
0000005f   _EVENT95
00000060   EVENT96
00000060   _EVENT96
00000061   EVENT97
00000061   _EVENT97
00000062   EVENT98
00000062   _EVENT98
00000063   EVENT99
00000063   _EVENT99
00000064   EVENT100
00000064   PIP_OBJSIZE
00000064   _EVENT100
00000065   EVENT101
00000065   _EVENT101
00000066   EVENT102
00000066   _EVENT102
00000067   EVENT103
00000067   _EVENT103
00000068   EVENT104
00000068   _EVENT104
00000069   EVENT105
00000069   _EVENT105
0000006a   EVENT106
0000006a   _EVENT106
0000006b   EVENT107
0000006b   _EVENT107
0000006c   EVENT108
0000006c   _EVENT108
0000006d   EVENT109
0000006d   _EVENT109
0000006e   EVENT110
0000006e   _EVENT110
0000006f   EVENT111
0000006f   _EVENT111
00000070   EVENT112
00000070   _EVENT112
00000071   EVENT113
00000071   _EVENT113
00000072   EVENT114
00000072   _EVENT114
00000073   EVENT115
00000073   _EVENT115
00000074   EVENT116
00000074   _EVENT116
00000075   EVENT117
00000075   _EVENT117
00000076   EVENT118
00000076   _EVENT118
00000077   EVENT119
00000077   _EVENT119
00000078   EVENT120
00000078   _EVENT120
00000079   EVENT121
00000079   _EVENT121
0000007a   EVENT122
0000007a   _EVENT122
0000007b   EVENT123
0000007b   _EVENT123
0000007c   EVENT124
0000007c   _EVENT124
0000007d   EVENT125
0000007d   _EVENT125
0000007e   EVENT126
0000007e   _EVENT126
0000007f   EVENT127
0000007f   _EVENT127
000000ff   HST_MAXFRAMEALLOWED
000001f4   PRD0$period
00000200   LOG_system$size
000003e8   CLK_MICROSECS
00000400   HST_DSMMEMSIZE
00000400   TSK_STACKSIZE
00000400   __STACK_SIZE
00000400   trace$size
00000408   RTDX_BUFMEMSIZE
00001a5b   GBL_CLKTYPE
00001a5c   GBL_DSPSUBTYPE
00002000   IRAM$L
00002000   _IRAM_length
00004000   CLK_INTBIT
00004e20   GBL_CLKIN
00005205   GBL_A_VERSION
00005828   HWI_CFGDISPATCHED
00005828   _HWI_CFGDISPATCHED
00005dc0   CLK_INPUTCLK
00005dc0   CLK_PRD
00005dc0   _CLK_PRD
0000dbef   GBL_TRCMASKVALUE
000493e0   CLK_COUNTSPMS
000493e0   CLK_HTIMEPERLTIME
000493e0   CLK_LTIMEMULT
000493e0   GBL_FREQ
000493e0   _CLK_COUNTSPMS
01c20000   CLK_REGS
01c20000   _CLK_REGS
07063d04   HWI_INTRMUX1
0b0a0908   HWI_INTRMUX2
11800000   .data
11800000   .text
11800000   _EVMC6748_init
11800000   ___data__
11800000   ___edata__
11800000   ___text__
11800000   edata
1180002c   _EVMC6748_initRAM
118001e8   _EVMC6748_enableDsp
11800214   _EVMC6748_pinmuxConfig
118002b0   _EVMC6748_lpscTransition
11800688   _config_pll0
118008c4   _config_pll1
11800aa8   _UTIL_printMem
11800c00   _UTIL_isUIBoardAttached
11800c20   _main
11800d28   _dipPRD
11800e4c   _audioHWI
118014e0   _read_audio_sample
11801504   _write_audio_sample
11801528   _initAll
11801590   _McASP_Init
118016d4   _McASP_Start
1180190c   _AIC3106_Init
118019c0   _AIC3106_readRegister
11801a14   _AIC3106_writeRegister
11801a58   _USTIMER_delay
11801ad0   _SetGpio
11801b00   __divd
11802b40   _I2CGPIO_init
11802c14   _I2CGPIO_getInput
11802d30   _I2CGPIO_getInputAll
11802e40   _I2CGPIO_setOutput
11802f88   _I2CGPIO_setOutputAll
11803020   __printfi
11803460   _fputs
11803800   _GPIO_setDir
11803878   _GPIO_getInput
118038ec   _GPIO_setOutput
1180396c   _GPIO_toggleLoop
11803b80   _I2C_init
11803c6c   _I2C_read
11803dc8   _I2C_write
11804a20   __divull
11805340   _fputc
11805340   _putc
11805760   _setvbuf
11805960   _LED_init
118059ac   _LED_isOn
11805a14   _LED_turnOn
11805a64   _LED_turnOff
11805aac   _LED_toggle
11805d00   __divul
11805ea0   _HOSTrename
11806020   _DIP_init
11806044   _DIP_get
118060a8   _DIP_getAll
11806400   __closefile
11806640   _fseek
11806760   _HOSTlseek
11806860   __wrt_ok
11806960   _call_dtors
11806a60   _HOSTopen
11806b40   _HOSTread
11806c20   __c6xabi_divi
11806c20   __divi
11806d00   _atoi
11806de0   _close
11806ec0   _memset
11806fa0   _printf
11807080   _HOSTunlink
11807140   _HOSTwrite
118072c0   __c6xabi_divu
118072c0   __divu
11807380   __doflush
11807440   __c6xabi_remi
11807440   __remi
11807500   _atexit
118075c0   _ltoa
11807740   _HOSTclose
118077e0   __cleanup
11807880   __divli
11807a60   __fixdli
11807c40   _lseek
11807ce0   _memcpy
11807d80   _write
11807e20   __fltlid
11807ea0   __llshl
11807f20   _readmsg
11807fa0   _unlink
11808020   __subcull
11808080   _memccpy
118080e0   _writemsg
11808138   C$$IO$$
11808140   ___add_dtor
11808180   ___isinf
11808200   __frcmpyd_div
11808240   __llshru
11808280   __remli
118082c0   __negll
118082e0   __nop
11808340   __register_lock
11808360   __register_unlock
11808380   _remove
118083a0   LNK_F_checkBufferCall
118083a0   ___etext__
118083a0   etext
118083c0   LNK_F_getChanPtr
11808418   LNK_F_init
11808420   LNK_F_dataPump
11808430   LNK_rcloop
118084f4   LNK_rdrtry
11808504   LNK_rrloop
118085c4   LNK_wrrtry
118085d0   LNK_wrloop
118086a0   LNK_newin
118087d4   LNK_newout
11808928   LNK_F_readCallBack
11808960   _EXC_nmi
11808994   _EXC_internal
11808c40   _EXC_init
11808c80   _EXC_getLastStatus
11808ca0   _EXC_external
11808cd4   _EXC_exceptionHandler
11808eb0   _EXC_clearLastStatus
11808ee0   CLK_HOOKFXN
11808ee0   HWI_F_dispatch
11808ee0   _HWI_F_dispatch
11808ee0   __HWI_lat1beg
11809068   __HWI_lat1end
11809068   __HWI_lat2beg
118091d0   __HWI_lat2end2
11809200   __HWI_lat3end2
11809244   __HWI_lat2end1
11809260   __HWI_lat3beg
118093c0   SWI_F_enable
118093c0   __SWI_lat3beg
1180942c   __SWI_lat3end
11809430   SWI_F_post
11809430   _SWI_post
11809538   __SWI_lat1beg
118095a4   SWI_EXECFXN
118095a4   SWI_F_exec
118095cc   SWI_F_iexec
118095e4   __SWI_lat1end
118095e8   __SWI_lat2beg
11809648   __SWI_lat2end
1180964c   SWI_F_run
1180964c   SWI_RUNFXN
11809880   PRD_F_swi
11809b04   PRD_F_tick
11809c00   _free
11809c24   _malloc
11809c84   _realloc
11809d68   _memalign
11809e2c   _calloc
11809e80   RTA_F_getlog
11809eb8   RTA_F_getsts
11809ef8   RTA_F_readblk
11809f14   RTA_F_writeword
11809f20   RTA_F_resetmem
11809f20   __RTA_lat1beg
11809f54   __RTA_lat1end
11809f60   RTA_F_dispatch
11809fac   RTA_execute
1180a100   _KNL_run
1180a340   _MEM_alloc
1180a714   PRD_THOOKFXN
1180a714   _KNL_tick
1180a740   _MEM_free
1180a920   _EXC_dispatch
1180aae4   _EXC_setReturnPtr
1180ab00   PIP_F_take
1180ab78   PIP_F_give
1180ab78   PIP_F_probe
1180ac48   PIP_F_start
1180ace0   _SEM_pendEnterKnl
1180aec0   __SEM_dopost
1180b060   _TSK_setup
1180b200   CLK_F_getltime
1180b210   CLK_F_isr
1180b350   CLK_F_itime
1180b350   _CLK_F_itime
1180b350   _CLK_itime
1180b370   __CLK_lat1beg
1180b390   __CLK_lat1end
1180b3a0   _KNL_saveIsrFrame
1180b44c   _KNL_switch
1180b4f8   KNL_glue
1180b520   __auto_init
1180b660   _TSK_exit
1180b7a0   _BCACHE_setSize
1180b7e4   _BCACHE_setMar
1180b834   _BCACHE_setCacheToSram
1180b864   _BCACHE_getSize
1180b8b4   _BCACHE_getMar
1180b948   _GBL_cacheInit64P
1180ba00   _KNL_check
1180ba4c   __KNL_lat1beg
1180bac8   _KNL_idle
1180bac8   __KNL_lat1end
1180baf0   _KNL_max
1180bbc4   _TSK_startup
1180bc40   _SEM_post
1180bc40   _SEM_postBinary
1180bd20   _KNL_exit
1180bd60   _KNL_enter
1180bde0   _SEM_postEnterKnl
1180be80   _SYS_exit
1180bf20   _KNL_ipost
1180bfa0   _KNL_post
1180c020   _LCK_post
1180c040   _LCK_pend
1180c0a0   LOG_F_event
1180c0a0   _LOG_event
1180c0a0   __LOG_lat1beg
1180c120   IDL_F_calibrate
1180c1a0   _SYS_error
1180c200   FXN_F_nop
1180c204   FXN_F_run
1180c204   _FXN_F_run
1180c240   FXN_F_zero
1180c240   _FXN_F_zero
1180c260   _HWI_disable
1180c278   _HWI_enable
1180c28c   _HWI_restore
1180c2c0   IDL_F_busy
1180c2c0   __IDL_lat1beg
1180c300   __IDL_lat1end
1180c320   _SEM_pend
1180c380   STS_F_delta
1180c380   _STS_delta
1180c3ac   STS_F_add
1180c3ac   _STS_add
1180c3c8   STS_F_reset
1180c3c8   _STS_reset
1180c3e0   _SYS_abort
1180c440   _CLK_measure
1180c4a0   IDL_CALIBRFXN
1180c4a0   IDL_F_stub
1180c4e0   RTA_F_andn
1180c4f8   RTA_F_or
1180c520   SYS_ABORTFXN
1180c520   _UTL_doAbort
1180c560   SYS_PUTCFXN
1180c560   _UTL_doPutc
1180c5a0   GBL_USERINITFXN
1180c5a0   GIO_CREATEFXN
1180c5a0   GIO_DELETEFXN
1180c5a0   GIO_PENDFXN
1180c5a0   GIO_POSTFXN
1180c5a0   PWRM_PWRM_SHAREDRESOURCEFXN
1180c5a0   PWRM_PWRM_SLOTHOOKFXN
1180c5a0   TSK_VCREATEFXN
1180c5a0   TSK_VDELETEFXN
1180c5a0   TSK_VEXITFXN
1180c5a0   _BCACHE_bootInit
1180c5a0   _FXN_F_nop
1180c5c0   _GBL_getVersion
1180c5e0   IDL_F_loop
1180c5e0   _IDL_loop
1180c600   _STS_set
1180c620   SYS_ERRORFXN
1180c620   _UTL_doError
1180c640   SYS_EXITFXN
1180c640   _UTL_halt
1180c660   CLK_F_gethtime
1180c660   CLK_TIMEFXN
1180c660   _CLK_gethtime
1180c680   IRAM$B
1180c680   _IRAM_base
1180e680   ___cinit__
1180e680   cinit
1180f9e0   BIOS_init
1180f9e0   _BIOS_init
1180fb64   BIOS$$CLKON
1180fba4   BIOS$$CLKOFF
1180fc10   BIOS_start
1180fc10   _BIOS_start
1180fd60   _c_int00
1180fe20   _MEM_init
1180fee0   _TSK_init
1180ff4c   TSK_idle
1180ff4c   _TSK_idle
1180ffa0   PRD_SWIHANDLE
1180ffa0   PRD_swi
1180ffa0   SWI_A_TABBEG
1180ffa0   _PRD_swi
1180ffcc   KNL_swi
1180ffcc   _KNL_swi
1180fff8   CLK_A_TABBEG
1180fff8   PRD_clock
1180fff8   SWI_A_TABEND
1180fff8   _PRD_clock
1180fffc   CLK_null
11810000   trace$buf
11811000   _HSRTDX_rec
118112a0   _RTDX_Buffer_WriteCB
11811760   _HSRTDX_xmt
11811a60   _RTDX_Mon_Queue
11811cc0   _RTDX_Poll
11811d60   _RTDX_Final_RT_Monitor
11811de0   _RTDX_Buffer_Initialize
11811e40   _RTDX_Init_RT_Monitor
11811ea0   _RTDX_Buffer_ReadCB
11811ee0   _RTDX_Buffer_Size
11811f20   _RTDX_memfill
11811f60   _RTDX_Buffer_Read
11811f80   _RTDX_Buffer_Write
11811fa0   _RTDX_Mask_IER
11811fc0   _b_fir
118120c8   _aLow
118120e0   _bLow
118120f8   _aMid
11812128   _bMid
11812158   _aPres
11812188   _bPres
118121b8   _aHigh
118121d0   _bHigh
118121e8   _buffer
11812270   _eqSignal
118122f8   _low
11812308   _mid
11812320   _pres
11812338   _high
11812348   _wLow
11812358   _wMid
11812370   _wPres
11812388   _wHigh
11812394   _CLK_inputClock
11812398   __ftable
11812578   __tmpnams
118126b8   __ft_end
118126c0   ___atexit_func_id__
11812964   _dtors
11812968   _KNL_queues
11812a08   _KNL_dummy
11812a40   _TSK_ATTRS
11812a5c   _TSK_config
11812a7c   _TSK_timerSem
11812aa0   _OBJ_table
11812ad8   _OBJ_segtab
11812af4   __TSK_mutex
11812b1c   __MEM_mutex
11812b48   _SYS_exitStack
11812b80   _EXC_status
11812bac   __cleanup_ptr
11812bb0   __dtors_ptr
11812bb4   ___TI_enable_exit_profile_output
11812bb8   __lock
11812bbc   __unlock
11812d60   __ctypes_
11812e68   _bitval_u32
11812fe1   PRD0$sts$maxfmt
11812fe4   RTA_fromHost$buf
11812fea   PRD0$sts$sumfmt
11812ff3   PRD0$sts$avgfmt
11812ff4   ___pinit__
11812ff4   pinit
11812ffe   PRD_swi$sts$maxfmt
11813000   LOG_system$buf
11813006   PRD_swi$sts$sumfmt
1181300e   PRD_swi$sts$avgfmt
11813018   KNL_swi$sts$maxfmt
11813020   KNL_swi$sts$sumfmt
11813028   KNL_swi$sts$avgfmt
11813032   TSK_idle$sts$maxfmt
1181303a   TSK_idle$sts$sumfmt
11813042   TSK_idle$sts$avgfmt
1181304c   IDL_busyObj$maxfmt
1181304f   IDL_busyObj$sumfmt
11813052   IDL_busyObj$avgfmt
11813880   _RTDX_Buffer
11813c88   _RTDX_Buffer_Start
11813c8c   _RTDX_Buffer_End
11813c90   _rtdx_mon_state
11813cd4   _rtdx_buffer_state
11813ce0   _RTDX_writing
11813cf8   TSK_idle$stack
11814090   TSK_idle$stkptr
118140f8   GBL_stackbeg
118140f8   _HWI_STKTOP
118140f8   __stack
118144f0   _HWI_STKBOTTOM
118144f7   GBL_stackend
118144f8   $bss
118144f8   .bss
118144f8   _HWI_dispatchTab
118144f8   __STACK_END
118144f8   ___bss__
118145f8   IDL_D_tabbeg
118145fc   IDL_D_calibrate
11814600   IDL_D_calbeg
11814604   LOG_D_system
11814604   _LOG_D_system
11814608   PIP_D_tabbeg
1181460c   PIP_D_tablen
11814610   CLK_R_time
11814614   CLK_D_timefxn
11814618   CLK_D_tabbeg
1181461c   CLK_D_isrhook
11814620   CLK_D_idletime
11814624   _CLK_htimeDiv
11814628   _CLK_htimeMult
1181462c   _CLK_ltimeDiv
11814630   _CLK_ltimeMult
11814634   _CLK_D_dirty
11814638   _CLK_D_prd
1181463c   _CLK_D_tddr
11814640   _CLK_D_countspms
11814644   PRD_D_tick
11814644   _PRD_D_tick
11814648   PRD_D_cur
1181464c   PRD_D_elapsed
11814650   PRD_D_prevtim
11814654   PRD_D_scalar
11814658   PRD_D_swihandle
1181465c   PRD_D_tabbeg
11814660   PRD_D_tablen
11814664   PRD_D_thook
11814668   RTA_D_fromHost
1181466c   RTA_D_toHost
11814670   RTA_D_logval
11814680   RTA_D_stsval
1181468c   HST_D_chanmask
11814690   HST_D_tabbeg
11814694   HST_D_tabend
11814698   _GBL_procId
1181469c   _GBL_clkIn
118146a0   _GBL_freq
118146a4   _MEM_D_NUMSEGMENTS
118146a8   _MEM_D_memtab
118146ac   _MEM_D_freelist
118146b0   _MEM_D_lockaddr
118146b4   _MEM_D_unlockaddr
118146b8   _SYS
118146bc   __HOOK_knlId
118146c0   __HOOK_NUMHOOKS
118146c4   SWI_D_runaddr
118146c4   _SWI_D_runaddr
118146c4   _SWI_data
118146c8   SWI_D_execaddr
118146c8   _SWI_D_execaddr
118146cc   SWI_D_curmask
118146cc   _SWI_D_curmask
118146d0   SWI_D_curset
118146d0   _SWI_D_curset
118146d4   SWI_D_lock
118146d4   _SWI_D_lock
118146d8   SWI_D_curmbox
118146dc   SWI_D_curfxn
118146dc   _SWI_D_curfxn
118146e0   SWI_D_rdybeg
118146e0   _SWI_D_rdybeg
118146e4   SWI_D_inswi
118146e4   _SWI_D_inswi
118146e8   SWI_D_rdytab
11814760   _KNL_wFlag
11814764   _KNL_wList
11814768   _KNL_alarm
1181476c   _KNL_setpri
11814770   _KNL_inactive
11814774   _KNL_priority
11814778   _KNL_set
1181477c   _KNL_curtask
11814780   _KNL_prevtask
11814784   _KNL_curtime
11814788   _KNL_swiptr
1181478c   _KNL_curqueue
11814790   _KNL_maxqueue
11814794   _KNL_tswitchfxn
11814798   _KNL_tcreatefxn
1181479c   _KNL_tdeletefxn
118147a0   _KNL_treadyfxn
118147a4   _KNL_idlefxn
118147a8   _MEM_memtab
118147b4   HST_DSMBUFSEG
118147b4   IRAM
118147b4   MEM_MALLOCSEG
118147b4   MEM_SEGZERO
118147b4   RTDX_DATAMEMSEG
118147b4   _IRAM
118147b4   _SEG0
118147b8   RTA_fromHost$pipe$dtab
118147c4   RTA_toHost$pipe$dtab
118147d0   _EXC_sysTrapTable
118147d8   _EXC_returnPtr
118147f0   HWI_D_spsave
118147f0   _HWI_D_spsave
118147f0   _HWI_data
118147fc   _HWI_D_inhwi
11814800   HWI_D_bss
11814804   HWI_D_ccmask
11814808   LNK_dspFrameRequestMask
11814808   _LNK_dspFrameRequestMask
1181480c   LNK_dspFrameReadyMask
1181480c   _LNK_dspFrameReadyMask
11814810   LNK_readPend
11814810   _LNK_readPend
11814814   LNK_readDone
11814814   _LNK_readDone
11814818   LNK_readFail
11814818   _LNK_readFail
1181481c   LNK_writeFail
1181481c   _LNK_writeFail
11814820   _EXC_exceptionHook
11814824   _EXC_internalHook
11814828   _EXC_externalHook
1181482c   _EXC_nmiHook
11814838   _rtdxNullChanCnt
1181483c   _rtdxNullFuncCnt
11814840   _rtdxXmtNotDoneCnt
11814844   _rtdxRecNotDoneCnt
11814848   _rtdxXmtRestartCnt
1181484c   _rtdxXmtErrorCnt
11814850   _TSK_nTasks
11814854   _TSK_pid
11814858   _TSK
1181485c   _mask
1181485e   _lowBoost
1181485f   _midBoost
11814860   _presBoost
11814861   _highBoost
11814862   _eqBypass
11814863   _dist
11814864   _writeIndex
11814868   _CLK_DFLTMICROSECS
1181486c   _CLK_D_microseconds
11814870   _SYS_exitStackPtr
11814874   _SYS_exitStackTop
11814878   _CLK_htimePerLtime
1181487c   IDL_D_busyObj
11814880   _MEM
11814888   _SYS_PUTCBEG
11814888   ___end__
11814888   end
11814a87   _SYS_PUTCEND
11814a88   __CIOBUF_
11814ba8   PRD0$sts$stsobj
11814ba8   STS_A_TABBEG
11814ba8   _STS_A_TABBEG
11814bac   PRD0$sts
11814bb8   PRD_swi$sts$stsobj
11814bbc   PRD_swi$sts
11814bc8   KNL_swi$sts$stsobj
11814bcc   KNL_swi$sts
11814bd8   TSK_idle$sts$stsobj
11814bdc   TSK_idle$sts
11814be8   IDL_busyObj$stsobj
11814bec   IDL_busyObj
11814bec   _IDL_busyObj
11814bf8   STS_A_TABEND
11814bf8   _STS_A_TABEND
11814c00   HWI_A_VECS
11814c00   hwi0
11814c20   hwi1
11814c40   hwi2
11814c60   hwi3
11814c80   hwi4
11814ca0   hwi5
11814cc0   hwi6
11814ce0   hwi7
11814d00   hwi8
11814d20   hwi9
11814d40   hwi10
11814d60   hwi11
11814d80   hwi12
11814da0   hwi13
11814dc0   hwi14
11814de0   hwi15
11814e00   RTA_toHost$buf
11814f00   PIP_A_TABBEG
11814f00   RTA_fromHost$pipe
11814f00   _PIP_A_TABBEG
11814f04   RTA_fromHost$pipe$rd
11814f30   RTA_fromHost$pipe$aaa
11814f34   RTA_fromHost$pipe$wr
11814f60   RTA_fromHost$pipe$bbb
11814f64   RTA_toHost$pipe
11814f68   RTA_toHost$pipe$rd
11814f94   RTA_toHost$pipe$aaa
11814f98   RTA_toHost$pipe$wr
11814fc4   RTA_toHost$pipe$bbb
11814fc8   PIP_A_TABEND
11814fc8   _PIP_A_TABEND
11815058   HST_A_TABBEG
11815058   _HST_A_TABBEG
1181505c   RTA_fromHost
1181505c   _RTA_fromHost
11815064   RTA_fromHost$rtdx
11815078   RTA_toHost
11815078   _RTA_toHost
11815080   RTA_toHost$rtdx
11815094   HST_A_TABEND
11815094   LOG_A_TABBEG
11815094   LOG_system
11815094   _HST_A_TABEND
11815094   _LOG_A_TABBEG
11815094   _LOG_system
118150ac   _trace
118150ac   trace
118150c4   LOG_A_TABEND
118150c4   PRD0
118150c4   PRD_A_TABBEG
118150c4   _LOG_A_TABEND
118150c4   _PRD0
118150e0   PRD0$aaa
118150e4   IDL_A_TABBEG
118150e4   IDL_cpuLoad
118150e4   PRD_A_TABEND
118150e4   _IDL_cpuLoad
118150e8   LNK_dataPump
118150e8   _LNK_dataPump
118150ec   RTA_dispatcher
118150ec   _RTA_dispatcher
118150f0   IDL_END
118150f4   IDL_A_CALBEG
118150f4   IDL_cpuLoad$
118150f8   LNK_dataPump$
118150fc   RTA_dispatcher$
11815100   IDL_END$
11815104   SYS$config
11815114   TRC_cinit
11815118   TRC_R_mask
11815118   _TRC_R_mask
1181511c   GBL_initdone
28040d0c   HWI_INTRMUX3
ffffffff   CACHE_L1D
ffffffff   CACHE_L1P
ffffffff   DDR
ffffffff   ECM_EVTMASK0
ffffffff   ECM_EVTMASK1
ffffffff   ECM_EVTMASK2
ffffffff   ECM_EVTMASK3
ffffffff   GBL_L2MAR192_223
ffffffff   L3_CBA_RAM
ffffffff   _CACHE_L1D
ffffffff   _CACHE_L1P
ffffffff   _DDR
ffffffff   _L3_CBA_RAM
ffffffff   ___TI_pprof_out_hndl
ffffffff   ___TI_prof_data_size
ffffffff   ___TI_prof_data_start
ffffffff   ___binit__
ffffffff   ___c_args__
ffffffff   binit

[1160 symbols]
