******************************************************************************
               TMS320C6x Linker PC v7.4.18                     
******************************************************************************
>> Linked Thu Jul 23 10:42:50 2020

OUTPUT FILE NAME:   <GuitarAmpGitVersion.out>
ENTRY POINT SYMBOL: "_c_int00"  address: 11818620


MEMORY CONFIGURATION

         name            origin    length      used     unused   attr    fill
----------------------  --------  ---------  --------  --------  ----  --------
  IRAM                  11800000   00040000  0001cdc5  0002323b  RWIX
  CACHE_L1P             11e00000   00008000  00000000  00008000  RWIX
  CACHE_L1D             11f00000   00008000  00000000  00008000  RWIX
  L3_CBA_RAM            80000000   00020000  00000000  00020000  RWIX
  DDR                   c3000000   01000000  00000000  01000000  RWIX


SECTION ALLOCATION MAP

 output                                  attributes/
section   page    origin      length       input sections
--------  ----  ----------  ----------   ----------------
.vers      0    00000000    0000003c     COPY SECTION
                  00000000    0000003c     hellocfg.obj (.vers)

.data      0    11800000    00000000     UNINITIALIZED

.text      0    11800000    000080e0     
                  11800000    00000c20     evmc6748_bsl.lib : evmc6748.obj (.text)
                  11800c20    000005a0     rts6740.lib : divd.obj (.text:__divd)
                  118011c0    00000580                 : _printfi.obj (.text:__getarg_diouxp)
                  11801740    00000540     framework.obj (.text)
                  11801c80    00000520     rts6740.lib : _printfi.obj (.text:__setfield)
                  118021a0    00000500     hello.obj (.text)
                  118026a0    000004e0     evmc6748_bsl.lib : evmc6748_i2c_gpio.obj (.text)
                  11802b80    00000440     rts6740.lib : _printfi.obj (.text:__printfi)
                  11802fc0    000003a0                 : fputs.obj (.text:_fputs)
                  11803360    00000380     evmc6748_bsl.lib : evmc6748_gpio.obj (.text)
                  118036e0    00000380                      : evmc6748_i2c.obj (.text)
                  11803a60    00000320     rts6740.lib : _printfi.obj (.text:__pproc_fge)
                  11803d80    000002c0                 : _printfi.obj (.text:__pproc_fwp)
                  11804040    000002a0                 : _printfi.obj (.text:_ecvt)
                  118042e0    000002a0                 : _printfi.obj (.text:_fcvt)
                  11804580    00000260                 : imath64.obj (.text:__divull)
                  118047e0    00000260                 : _printfi.obj (.text:__pconv_e)
                  11804a40    00000240                 : _printfi.obj (.text:__pproc_diouxp)
                  11804c80    00000220                 : _printfi.obj (.text:__pproc_str)
                  11804ea0    00000220                 : fputc.obj (.text:_fputc)
                  118050c0    00000200                 : _printfi.obj (.text:__pconv_g)
                  118052c0    00000200                 : setvbuf.obj (.text:_setvbuf)
                  118054c0    000001e0     evmc6748_bsl.lib : evmc6748_led.obj (.text)
                  118056a0    000001c0     rts6740.lib : _printfi.obj (.text:__mcpy)
                  11805860    000001a0                 : imath40.obj (.text:__divul)
                  11805a00    00000180                 : trgdrv.obj (.text:_HOSTrename)
                  11805b80    00000160     evmc6748_bsl.lib : evmc6748_dip.obj (.text)
                  11805ce0    00000140     rts6740.lib : _printfi.obj (.text:__pproc_fflags)
                  11805e20    00000140                 : lowlev.obj (.text:_getdevice)
                  11805f60    00000120                 : fclose.obj (.text:__closefile)
                  11806080    00000120                 : _printfi.obj (.text:__ltostr)
                  118061a0    00000120                 : fseek.obj (.text:_fseek)
                  118062c0    00000120     rb.obj (.text)
                  118063e0    00000100     rts6740.lib : trgdrv.obj (.text:_HOSTlseek)
                  118064e0    00000100                 : _io_perm.obj (.text:__wrt_ok)
                  118065e0    00000100                 : sinit.obj (.text:_call_dtors)
                  118066e0    000000e0                 : trgdrv.obj (.text:_HOSTopen)
                  118067c0    000000e0                 : trgdrv.obj (.text:_HOSTread)
                  118068a0    000000e0                 : atoi.obj (.text:_atoi)
                  11806980    000000e0                 : lowlev.obj (.text:_close)
                  11806a60    000000e0                 : memset.obj (.text:_memset)
                  11806b40    000000e0                 : printf.obj (.text:_printf)
                  11806c20    000000e0     biquad.obj (.text)
                  11806d00    000000c0     rts6740.lib : trgdrv.obj (.text:_HOSTunlink)
                  11806dc0    000000c0                 : trgdrv.obj (.text:_HOSTwrite)
                  11806e80    000000c0                 : _printfi.obj (.text:__div)
                  11806f40    000000c0                 : divu.obj (.text:__divu)
                  11807000    000000c0                 : fflush.obj (.text:__doflush)
                  118070c0    000000c0                 : atexit.obj (.text:_atexit)
                  11807180    000000c0                 : ltoa.obj (.text:_ltoa)
                  11807240    000000c0     bios.a674 : tsk_stup.o674 (.text)
                  11807300    000000a0     rts6740.lib : trgdrv.obj (.text:_HOSTclose)
                  118073a0    000000a0                 : fopen.obj (.text:__cleanup)
                  11807440    000000a0                 : imath40.obj (.text:__divli)
                  118074e0    000000a0                 : _printfi.obj (.text:__ecpy)
                  11807580    000000a0                 : _printfi.obj (.text:__fcpy)
                  11807620    000000a0                 : fixdli.obj (.text:__fixdli)
                  118076c0    000000a0                 : round.obj (.text:__nround)
                  11807760    000000a0                 : _printfi.obj (.text:__pconv_f)
                  11807800    000000a0                 : lowlev.obj (.text:_finddevice)
                  118078a0    000000a0                 : lowlev.obj (.text:_lseek)
                  11807940    000000a0                 : memcpy64.obj (.text:_memcpy)
                  118079e0    000000a0                 : modf.obj (.text:_modf)
                  11807a80    000000a0                 : lowlev.obj (.text:_write)
                  11807b20    00000080                 : fltlid.obj (.text:__fltlid)
                  11807ba0    00000080                 : llshift.obj (.text:__llshl)
                  11807c20    00000080                 : trgmsg.obj (.text:_readmsg)
                  11807ca0    00000080                 : lowlev.obj (.text:_unlink)
                  11807d20    00000060                 : imath64.obj (.text:__subcull)
                  11807d80    00000060                 : memccpy.obj (.text:_memccpy)
                  11807de0    00000060                 : trgmsg.obj (.text:_writemsg)
                  11807e40    00000040                 : sinit.obj (.text:___add_dtor)
                  11807e80    00000040                 : isinf.obj (.text:___isinf)
                  11807ec0    00000040                 : _printfi.obj (.text:___isnan)
                  11807f00    00000040                 : frcmpyd_div.obj (.text:__frcmpyd_div)
                  11807f40    00000040                 : llshift.obj (.text:__llshru)
                  11807f80    00000040                 : imath40.obj (.text:__remli)
                  11807fc0    00000020                 : negll.obj (.text:__negll)
                  11807fe0    00000020                 : _lock.obj (.text:__nop)
                  11808000    00000020                 : printf.obj (.text:__outc)
                  11808020    00000020                 : printf.obj (.text:__outs)
                  11808040    00000020                 : push.obj (.text:__pop_rts)
                  11808060    00000020                 : push.obj (.text:__push_rts)
                  11808080    00000020                 : _lock.obj (.text:__register_lock)
                  118080a0    00000020                 : _lock.obj (.text:__register_unlock)
                  118080c0    00000020                 : remove.obj (.text:_remove)

.far       0    118080e0    00006ba8     UNINITIALIZED
                  118080e0    00006368     hello.obj (.far)
                  1180e448    00000324     rts6740.lib : defs.obj (.far)
                  1180e76c    00000004     bios6748.a674 : clk_data.o674 (.far)
                  1180e770    00000188     rts6740.lib : atexit.obj (.far)
                  1180e8f8    0000011c                 : lowlev.obj (.far)
                  1180ea14    00000004                 : fopen.obj (.far)
                  1180ea18    000000d8     bios.a674 : knl.o674 (.far)
                  1180eaf0    0000005c               : tsk.o674 (.far)
                  1180eb4c    00000004     rts6740.lib : sinit.obj (.far)
                  1180eb50    00000054     bios.a674 : obj_init.o674 (.far)
                  1180eba4    00000050               : tsk_stup.o674 (.far)
                  1180ebf4    00000004     --HOLE--
                  1180ebf8    00000020               : sys.o674 (.far)
                  1180ec18    00000018     rtdx64xplus.lib : rtdx_mon.o64P (.far)
                  1180ec30    00000010     bios.a674 : exc.o674 (.far)
                  1180ec40    00000010               : knl_tick.o674 (.far)
                  1180ec50    0000000c               : utl_putc.o674 (.far)
                  1180ec5c    00000004     --HOLE--
                  1180ec60    0000000c     block_sine.obj (.far)
                  1180ec6c    0000000c     rts6740.lib : exit.obj (.far)
                  1180ec78    00000008                 : _lock.obj (.far)
                  1180ec80    00000008                 : trgdrv.obj (.far)

.hst1      0    1180ec88    00000010     UNINITIALIZED
                  1180ec88    00000010     hellocfg.obj (.hst1)

.clk       0    1180ec98    00000008     UNINITIALIZED
                  1180ec98    00000008     hellocfg.obj (.clk)

.bios      0    1180eca0    000042e0     
                  1180eca0    000005c0     lnkrtdx.a674 : rtdx.o674 (.bios)
                  1180f260    00000580     bios.a674 : exc.o674 (.bios)
                  1180f7e0    000004e0               : hwi_disp_asm.o674 (.bios)
                  1180fcc0    000004c0               : swi.o674 (.bios)
                  11810180    00000380               : prd.o674 (.bios)
                  11810500    00000280               : malloc.o674 (.bios)
                  11810780    00000280               : rta.o674 (.bios)
                  11810a00    00000240               : knl_run.o674 (.bios)
                  11810c40    00000200               : mem_allo.o674 (.bios:.near)
                  11810e40    00000200               : knl_tick.o674 (.bios)
                  11811040    000001e0               : mem_free.o674 (.bios:.near)
                  11811220    000001e0               : exc_asm.o674 (.bios)
                  11811400    000001e0               : pip.o674 (.bios)
                  118115e0    000001e0               : sem_pend.o674 (.bios)
                  118117c0    000001a0               : sem_dopo.o674 (.bios)
                  11811960    000001a0               : tsk_setu.o674 (.bios)
                  11811b00    000001a0     bios6748.a674 : clk.o674 (.bios)
                  11811ca0    00000180     bios.a674 : knl_swit.o674 (.bios)
                  11811e20    00000140               : autoinit.o674 (.bios)
                  11811f60    00000140               : tsk_exit.o674 (.bios)
                  118120a0    00000140     bios6748.a674 : bcache_init.o674 (.bios)
                  118121e0    00000120     bios.a674 : gbl_cacheinit64P.o674 (.bios)
                  11812300    00000120               : knl_chec.o674 (.bios)
                  11812420    00000120               : tsk_stup.o674 (.bios)
                  11812540    000000e0               : sem_post_asm.o674 (.bios)
                  11812620    000000c0               : knl_exit.o674 (.bios)
                  118126e0    000000a0               : sem_post.o674 (.bios)
                  11812780    000000a0               : sys_exit.o674 (.bios)
                  11812820    00000080               : knl_ipos.o674 (.bios)
                  118128a0    00000080               : knl_post.o674 (.bios)
                  11812920    00000080               : lck.o674 (.bios)
                  118129a0    00000080               : log.o674 (.bios)
                  11812a20    00000080     bios6748.a674 : idl_cal.o674 (.bios)
                  11812aa0    00000060     bios.a674 : sys_erro.o674 (.bios:.near)
                  11812b00    00000060               : fxn.o674 (.bios)
                  11812b60    00000060               : hwi_c.o674 (.bios)
                  11812bc0    00000060               : idl_busy.o674 (.bios)
                  11812c20    00000060               : sem_pend_counting.o674 (.bios)
                  11812c80    00000060               : sts.o674 (.bios)
                  11812ce0    00000060               : sys_abor.o674 (.bios)
                  11812d40    00000060     bios6748.a674 : clk_meas.o674 (.bios)
                  11812da0    00000040     bios.a674 : idl_stub.o674 (.bios)
                  11812de0    00000040               : rta_andn.o674 (.bios)
                  11812e20    00000040               : utl_doab.o674 (.bios)
                  11812e60    00000040               : utl_putc.o674 (.bios)
                  11812ea0    00000020               : fxn_c.o674 (.bios)
                  11812ec0    00000020               : gbl_vers.o674 (.bios)
                  11812ee0    00000020               : idl.o674 (.bios)
                  11812f00    00000020               : sts_set.o674 (.bios)
                  11812f20    00000020               : utl_doer.o674 (.bios)
                  11812f40    00000020               : utl_halt.o674 (.bios)
                  11812f60    00000020     bios6748.a674 : clk_gethtime.o674 (.bios)

.cinit     0    11812f80    0000330c     
                  11812f80    0000226c     hello.obj (.cinit)
                  118151ec    00000004     --HOLE-- [fill = 0]
                  118151f0    000006c4     hellocfg.obj (.cinit)
                  118158b4    00000004     --HOLE-- [fill = 0]
                  118158b8    0000026c     bios.a674 : biosdata.o674 (.cinit)
                  11815b24    00000004     --HOLE-- [fill = 0]
                  11815b28    000001a4               : knl.o674 (.cinit)
                  11815ccc    00000004     --HOLE-- [fill = 0]
                  11815cd0    000000b0               : swi.o674 (.cinit)
                  11815d80    00000080               : tsk.o674 (.cinit)
                  11815e00    00000068     rtdx64xplus.lib : rtdx_mon.o64P (.cinit)
                  11815e68    00000060     bios.a674 : tsk_stup.o674 (.cinit)
                  11815ec8    0000005c     lnkrtdx.a674 : rtdx.o674 (.cinit)
                  11815f24    00000004     --HOLE-- [fill = 0]
                  11815f28    0000005c     rts6740.lib : defs.obj (.cinit)
                  11815f84    00000004     --HOLE-- [fill = 0]
                  11815f88    0000005c                 : lowlev.obj (.cinit)
                  11815fe4    00000004     --HOLE-- [fill = 0]
                  11815fe8    0000004c     bios.a674 : rta.o674 (.cinit)
                  11816034    00000004     --HOLE-- [fill = 0]
                  11816038    0000004c     rtdx64xplus.lib : buffer1.o64P (.cinit)
                  11816084    00000004     --HOLE-- [fill = 0]
                  11816088    0000003c     bios.a674 : exc.o674 (.cinit)
                  118160c4    00000004     --HOLE-- [fill = 0]
                  118160c8    00000034               : hwi.o674 (.cinit)
                  118160fc    00000004     --HOLE-- [fill = 0]
                  11816100    0000002c               : utl_putc.o674 (.cinit)
                  1181612c    00000004     --HOLE-- [fill = 0]
                  11816130    0000002c     rts6740.lib : exit.obj (.cinit)
                  1181615c    00000004     --HOLE-- [fill = 0]
                  11816160    00000024     bios.a674 : obj_init.o674 (.cinit)
                  11816184    00000004     --HOLE-- [fill = 0]
                  11816188    00000024     block_sine.obj (.cinit)
                  118161ac    00000004     --HOLE-- [fill = 0]
                  118161b0    0000001c     bios.a674 : exc_asm.o674 (.cinit)
                  118161cc    00000004     --HOLE-- [fill = 0]
                  118161d0    0000001c               : sys.o674 (.cinit)
                  118161ec    00000004     --HOLE-- [fill = 0]
                  118161f0    0000001c     rts6740.lib : _lock.obj (.cinit)
                  1181620c    00000004     --HOLE-- [fill = 0]
                  11816210    0000001c                 : atexit.obj (.cinit)
                  1181622c    00000004     --HOLE-- [fill = 0]
                  11816230    00000018     bios.a674 : knl_tick.o674 (.cinit)
                  11816248    0000000c               : idl_busy.o674 (.cinit)
                  11816254    00000004     --HOLE-- [fill = 0]
                  11816258    0000000c               : knl_swit.o674 (.cinit)
                  11816264    00000004     --HOLE-- [fill = 0]
                  11816268    0000000c     rts6740.lib : fopen.obj (.cinit)
                  11816274    00000004     --HOLE-- [fill = 0]
                  11816278    0000000c                 : sinit.obj (.cinit)
                  11816284    00000004     --HOLE-- [fill = 0]
                  11816288    00000004     (.pad.cinit) [fill = 0]

.IRAM$heap 
*          0    1181628c    00002000     UNINITIALIZED
                  1181628c    00002000     --HOLE--

.idl       0    1181828c    00000010     UNINITIALIZED
                  1181828c    00000010     hellocfg.obj (.idl)

.args      0    1181829c    00000004     
                  1181829c    00000004     --HOLE-- [fill = 0]

.sysinit   0    118182a0    00000560     
                  118182a0    00000380     hellocfg.obj (.sysinit)
                  11818620    000000c0     bios.a674 : boot.o674 (.sysinit)
                  118186e0    000000c0               : mem_init.o674 (.sysinit)
                  118187a0    00000060               : tsk_init.o674 (.sysinit)

.LOG_system$buf 
*          0    11818800    00000800     UNINITIALIZED
                  11818800    00000800     hellocfg.obj (.LOG_system$buf)

.trace$buf 
*          0    11819000    00001000     UNINITIALIZED
                  11819000    00001000     hellocfg.obj (.trace$buf)

.rtdx_text 
*          0    1181a000    00000fc0     
                  1181a000    000002a0     rtdx64xplus.lib : rtdx_mon.o64P (.rtdx_text:_HSRTDX_rec)
                  1181a2a0    00000260                     : buffer1.o64P (.rtdx_text:_RTDX_Buffer_WriteCB)
                  1181a500    00000260                     : buffer1.o64P (.rtdx_text:_RTDX_write_next)
                  1181a760    000001a0                     : rtdx_mon.o64P (.rtdx_text:_HSRTDX_xmt)
                  1181a900    00000160                     : rtdx_mon.o64P (.rtdx_text:_RTDX_Send_To_Host)
                  1181aa60    000000e0                     : rtdx_mon.o64P (.rtdx_text:_RTDX_Mon_Queue)
                  1181ab40    000000e0                     : buffer1.o64P (.rtdx_text:_claim)
                  1181ac20    000000a0                     : rtdx_mon.o64P (.rtdx_text:_RTDX_GetH2THeader)
                  1181acc0    000000a0                     : rtdx_mon.o64P (.rtdx_text:_RTDX_Poll)
                  1181ad60    00000080                     : rtdx_mon.o64P (.rtdx_text:_RTDX_Final_RT_Monitor)
                  1181ade0    00000060                     : buffer1.o64P (.rtdx_text:_RTDX_Buffer_Initialize)
                  1181ae40    00000060                     : rtdx_mon.o64P (.rtdx_text:_RTDX_Init_RT_Monitor)
                  1181aea0    00000040                     : buffer2.o64P (.rtdx_text:_RTDX_Buffer_ReadCB)
                  1181aee0    00000040                     : buffer1.o64P (.rtdx_text:_RTDX_Buffer_Size)
                  1181af20    00000040                     : memfill.o64P (.rtdx_text:_RTDX_memfill)
                  1181af60    00000020                     : buffer2.o64P (.rtdx_text:_RTDX_Buffer_Read)
                  1181af80    00000020                     : buffer1.o64P (.rtdx_text:_RTDX_Buffer_Write)
                  1181afa0    00000020                     : intr_tgt.o64P (.rtdx_text)

.rtdx_data 
*          0    1181afc0    000004f4     UNINITIALIZED
                  1181afc0    00000080     --HOLE--
                  1181b040    00000410     hellocfg.obj (.rtdx_data)
                  1181b450    00000044     rtdx64xplus.lib : rtdx_mon.o64P (.rtdx_data)
                  1181b494    00000020                     : buffer1.o64P (.rtdx_data)

.mem       0    1181b4b4    00000004     UNINITIALIZED
                  1181b4b4    00000004     hellocfg.obj (.mem)

.const     0    1181b4b8    00000435     
                  1181b4b8    00000193     bios.a674 : exc.o674 (.const:.string)
                  1181b64b    00000004               : mem_allo.o674 (.const:.string)
                  1181b64f    00000001     --HOLE-- [fill = 0]
                  1181b650    00000101     rts6740.lib : ctype.obj (.const:.string:__ctypes_)
                  1181b751    00000004     bios.a674 : mem_free.o674 (.const:.string)
                  1181b755    00000002     rts6740.lib : fputs.obj (.const:.string)
                  1181b757    00000001     --HOLE-- [fill = 0]
                  1181b758    00000080     evmc6748_bsl.lib : evmc6748.obj (.const:_bitval_u32)
                  1181b7d8    0000004e     bios.a674 : tsk_stup.o674 (.const:.string)
                  1181b826    00000002     --HOLE-- [fill = 0]
                  1181b828    00000040     evmc6748_bsl.lib : evmc6748.obj (.const:.string)
                  1181b868    00000023     bios.a674 : utl_doab.o674 (.const:.string)
                  1181b88b    00000023     rts6740.lib : _printfi.obj (.const:.string)
                  1181b8ae    00000022     bios.a674 : utl_doer.o674 (.const:.string)
                  1181b8d0    0000001c     rb.obj (.const:.string)
                  1181b8ec    00000001     bios.a674 : tsk.o674 (.const:.string)

.printf    0    1181b8ed    00000076     COPY SECTION
                  1181b8ed    00000076     hellocfg.obj (.printf)

.TSK_idle$stk 
*          0    1181b8f0    00000400     UNINITIALIZED
                  1181b8f0    00000400     hellocfg.obj (.TSK_idle$stk)

.stack     0    1181bcf0    00000400     UNINITIALIZED
                  1181bcf0    00000400     --HOLE--

.bss       0    1181c0f0    00000394     UNINITIALIZED
                  1181c0f0    00000100     bios.a674 : hwi_disp_asm.o674 (.bss)
                  1181c1f0    000000cc               : biosdata.o674 (.bss)
                  1181c2bc    0000009c               : swi.o674 (.bss)
                  1181c358    00000048               : knl.o674 (.bss)
                  1181c3a0    00000028     hellocfg.obj (.bss)
                  1181c3c8    00000020     bios.a674 : exc_asm.o674 (.bss)
                  1181c3e8    00000018               : hwi.o674 (.bss)
                  1181c400    00000018     lnkrtdx.a674 : rtdx.o674 (.bss)
                  1181c418    00000010     bios.a674 : exc.o674 (.bss)
                  1181c428    00000010     rtdx64xplus.lib : buffer1.o64P (.bss)
                  1181c438    00000010                     : rtdx_mon.o64P (.bss)
                  1181c448    0000000c     bios.a674 : tsk.o674 (.bss)
                  1181c454    0000000c     hello.obj (.bss)
                  1181c460    00000008     bios.a674 : clk_data.o674 (.bss)
                  1181c468    00000008               : sys.o674 (.bss)
                  1181c470    00000004               : clk_data2.o674 (.bss)
                  1181c474    00000004               : idl_busy.o674 (.bss)
                  1181c478    00000004               : mem_asm.o674 (.bss)
                  1181c47c    00000004     block_sine.obj (.bss)
                  1181c480    00000004     evmc6748_bsl.lib : evmc6748_i2c.obj (.bss)

.trace     0    1181c484    00000200     
                  1181c484    00000200     --HOLE-- [fill = 00000000]

.cio       0    1181c688    00000120     UNINITIALIZED
                  1181c688    00000120     rts6740.lib : trgmsg.obj (.cio)

.swi       0    1181c7a8    00000058     UNINITIALIZED
                  1181c7a8    00000058     hellocfg.obj (.swi)

.hwi_vec   0    1181c800    00000200     
                  1181c800    00000200     hellocfg.obj (.hwi_vec)

.hst0      0    1181ca00    00000100     UNINITIALIZED
                  1181ca00    00000100     hellocfg.obj (.hst0)

.pip       0    1181cb00    000000c8     UNINITIALIZED
                  1181cb00    000000c8     hellocfg.obj (.pip)

.tsk       0    1181cbc8    00000060     UNINITIALIZED
                  1181cbc8    00000060     hellocfg.obj (.tsk)

.sts       0    1181cc28    00000050     
                  1181cc28    00000050     hellocfg.obj (.sts)

.gblinit   0    1181cc78    0000004c     
                  1181cc78    0000004c     hellocfg.obj (.gblinit)

.switch    0    1181ccc4    00000044     
                  1181ccc4    00000024     evmc6748_bsl.lib : evmc6748_gpio.obj (.switch:_getRegisterBankAndBit)
                  1181cce8    00000020                      : evmc6748_dip.obj (.switch:_convertDipToI2CGpio)

.hst       0    1181cd08    0000003c     UNINITIALIZED
                  1181cd08    0000003c     hellocfg.obj (.hst)

.log       0    1181cd44    00000030     
                  1181cd44    00000030     hellocfg.obj (.log)

.prd       0    1181cd74    00000020     UNINITIALIZED
                  1181cd74    00000020     hellocfg.obj (.prd)

.idlcal    0    1181cd94    00000010     UNINITIALIZED
                  1181cd94    00000010     hellocfg.obj (.idlcal)

.sys       0    1181cda4    00000010     UNINITIALIZED
                  1181cda4    00000010     hellocfg.obj (.sys)

.pinit     0    1181cdb4    0000000c     
                  1181cdb4    00000004     rtdx64xplus.lib : buffer1.o64P (.pinit)
                  1181cdb8    00000004                     : rtdx_mon.o64P (.pinit)
                  1181cdbc    00000004     --HOLE-- [fill = 0]

.trcdata   0    1181cdc0    0000000c     
                  1181cdc0    0000000c     bios.a674 : trc.o674 (.trcdata)


GLOBAL SYMBOLS: SORTED ALPHABETICALLY BY Name 

address    name
--------   ----
1181c0f0   $bss
1181c0f0   .bss
11800000   .data
11800000   .text
11818464   BIOS$$CLKOFF
11818424   BIOS$$CLKON
118182a0   BIOS_init
118184d0   BIOS_start
00000000   BUF$
00000001   BUF_ENABLED
11807e38   C$$IO$$
ffffffff   CACHE_L1D
ffffffff   CACHE_L1P
00000001   CLK$
1180ec98   CLK_A_TABBEG
00000001   CLK_CALDIV
00000001   CLK_CALMULT
000493e0   CLK_COUNTSPMS
00000004   CLK_COUNTSPMSHIGH
1181c218   CLK_D_idletime
1181c214   CLK_D_isrhook
1181c210   CLK_D_tabbeg
1181c20c   CLK_D_timefxn
00000001   CLK_ENABLEHTIME
11812f60   CLK_F_gethtime
11811b00   CLK_F_getltime
11811b10   CLK_F_isr
11811c50   CLK_F_itime
1180f7e0   CLK_HOOKFXN
00000001   CLK_HTIMEDIV
00000001   CLK_HTIMEMULT
000493e0   CLK_HTIMEPERLTIME
00005dc0   CLK_INPUTCLK
00004000   CLK_INTBIT
00000001   CLK_LTIMEDIV
000493e0   CLK_LTIMEMULT
000003e8   CLK_MICROSECS
00000001   CLK_POWERENABLE
00005dc0   CLK_PRD
00000000   CLK_PRDHIGH
01c20000   CLK_REGS
00000001   CLK_RESETTIMER
1181c208   CLK_R_time
00000020   CLK_TCR
00000000   CLK_TDDR
00000000   CLK_TDDRHIGH
11812f60   CLK_TIMEFXN
00000000   CLK_TIMERNUM
00000005   CLK_TIMMODE
00000001   CLK_USETIMER
1180ec9c   CLK_null
ffffffff   DDR
00000000   DEV$
00000000   DGN$
00000000   DHL$
00000000   DHL_gChannelsAvailable
00000000   DIO$
00000000   DIO_NUMSWIBASE
00000000   DIO_NUMTSKBASE
00000000   DIO_STATIC
00000000   DPI$
00000000   ECM$
00000000   ECM_ENABLE
ffffffff   ECM_EVTMASK0
ffffffff   ECM_EVTMASK1
ffffffff   ECM_EVTMASK2
ffffffff   ECM_EVTMASK3
0000000a   EVENT10
00000064   EVENT100
00000065   EVENT101
00000066   EVENT102
00000067   EVENT103
00000068   EVENT104
00000069   EVENT105
0000006a   EVENT106
0000006b   EVENT107
0000006c   EVENT108
0000006d   EVENT109
0000000b   EVENT11
0000006e   EVENT110
0000006f   EVENT111
00000070   EVENT112
00000071   EVENT113
00000072   EVENT114
00000073   EVENT115
00000074   EVENT116
00000075   EVENT117
00000076   EVENT118
00000077   EVENT119
0000000c   EVENT12
00000078   EVENT120
00000079   EVENT121
0000007a   EVENT122
0000007b   EVENT123
0000007c   EVENT124
0000007d   EVENT125
0000007e   EVENT126
0000007f   EVENT127
0000000d   EVENT13
0000000e   EVENT14
0000000f   EVENT15
00000010   EVENT16
00000011   EVENT17
00000012   EVENT18
00000013   EVENT19
00000014   EVENT20
00000015   EVENT21
00000016   EVENT22
00000017   EVENT23
00000018   EVENT24
00000019   EVENT25
0000001a   EVENT26
0000001b   EVENT27
0000001c   EVENT28
0000001d   EVENT29
0000001e   EVENT30
0000001f   EVENT31
00000020   EVENT32
00000021   EVENT33
00000022   EVENT34
00000023   EVENT35
00000024   EVENT36
00000025   EVENT37
00000026   EVENT38
00000027   EVENT39
00000004   EVENT4
00000028   EVENT40
00000029   EVENT41
0000002a   EVENT42
0000002b   EVENT43
0000002c   EVENT44
0000002d   EVENT45
0000002e   EVENT46
0000002f   EVENT47
00000030   EVENT48
00000031   EVENT49
00000005   EVENT5
00000032   EVENT50
00000033   EVENT51
00000034   EVENT52
00000035   EVENT53
00000036   EVENT54
00000037   EVENT55
00000038   EVENT56
00000039   EVENT57
0000003a   EVENT58
0000003b   EVENT59
00000006   EVENT6
0000003c   EVENT60
0000003d   EVENT61
0000003e   EVENT62
0000003f   EVENT63
00000040   EVENT64
00000041   EVENT65
00000042   EVENT66
00000043   EVENT67
00000044   EVENT68
00000045   EVENT69
00000007   EVENT7
00000046   EVENT70
00000047   EVENT71
00000048   EVENT72
00000049   EVENT73
0000004a   EVENT74
0000004b   EVENT75
0000004c   EVENT76
0000004d   EVENT77
0000004e   EVENT78
0000004f   EVENT79
00000008   EVENT8
00000050   EVENT80
00000051   EVENT81
00000052   EVENT82
00000053   EVENT83
00000054   EVENT84
00000055   EVENT85
00000056   EVENT86
00000057   EVENT87
00000058   EVENT88
00000059   EVENT89
00000009   EVENT9
0000005a   EVENT90
0000005b   EVENT91
0000005c   EVENT92
0000005d   EVENT93
0000005e   EVENT94
0000005f   EVENT95
00000060   EVENT96
00000061   EVENT97
00000062   EVENT98
00000063   EVENT99
11812b00   FXN_F_nop
11812b04   FXN_F_run
11812b40   FXN_F_zero
00000001   GBL$
00005205   GBL_A_VERSION
00000000   GBL_BCACHEREADADDR0
00000000   GBL_BCACHEREADADDR1
00000000   GBL_BCACHEREADADDR2
00000000   GBL_BIGENDIAN
00000000   GBL_CACHE
00000000   GBL_CALLCSLCFGINIT
00004e20   GBL_CLKIN
00001a5b   GBL_CLKTYPE
00001a5c   GBL_DSPSUBTYPE
0000003e   GBL_DSPTYPE
00000001   GBL_ENABLEINST
00000000   GBL_ENABLE_SK
00000042   GBL_FOOTPRINT
000493e0   GBL_FREQ
00000000   GBL_GEMTRUECOMPEN
00000007   GBL_L1DMODE
00000007   GBL_L1PMODE
00000001   GBL_L2CONFIGURE
00000000   GBL_L2MAR0_31
00000001   GBL_L2MAR128_159
00000000   GBL_L2MAR160_191
ffffffff   GBL_L2MAR192_223
00000000   GBL_L2MAR224_255
00000000   GBL_L2MAR32_63
00000000   GBL_L2MAR64_95
00000000   GBL_L2MAR96_127
00000000   GBL_L2MODE
00000000   GBL_NULL
00000000   GBL_PROCID
00000000   GBL_ROM
00000000   GBL_SUPPORTCSL
0000dbef   GBL_TRCMASKVALUE
00000000   GBL_USERINIT
11812ea0   GBL_USERINITFXN
00000001   GBL_boot
1181cdc8   GBL_initdone
1181bcf0   GBL_stackbeg
1181c0ef   GBL_stackend
00000000   GIO$
11812ea0   GIO_CREATEFXN
11812ea0   GIO_DELETEFXN
11812ea0   GIO_PENDFXN
11812ea0   GIO_POSTFXN
00000000   HOOK$
00000000   HOOK_KNLID
00000001   HST$
1181cd08   HST_A_TABBEG
1181cd44   HST_A_TABEND
00000000   HST_DSM
1181c3ac   HST_DSMBUFSEG
00000400   HST_DSMMEMSIZE
1181c284   HST_D_chanmask
1181c288   HST_D_tabbeg
1181c28c   HST_D_tabend
000000ff   HST_MAXFRAMEALLOWED
00000040   HST_MAXFRAMESET
00000000   HST_NONE
00000001   HST_RTDX
00000001   HWI$
1181c800   HWI_A_VECS
00005828   HWI_CFGDISPATCHED
1181c3f8   HWI_D_bss
1181c3fc   HWI_D_ccmask
1181c3e8   HWI_D_spsave
00000001   HWI_ENABLE_EXC
1180f7e0   HWI_F_dispatch
00000000   HWI_GENERATE_RESET_VEC
0000000a   HWI_INT10
00000000   HWI_INT10$hwi
0000000b   HWI_INT11
00000000   HWI_INT11$hwi
0000000c   HWI_INT12
00000000   HWI_INT12$hwi
0000000d   HWI_INT13
00000000   HWI_INT13$hwi
0000000e   HWI_INT14
00000000   HWI_INT14$hwi
0000000f   HWI_INT15
00000000   HWI_INT15$hwi
00000004   HWI_INT4
00000000   HWI_INT4$hwi
00000005   HWI_INT5
00000000   HWI_INT5$hwi
00000006   HWI_INT6
00000000   HWI_INT6$hwi
00000007   HWI_INT7
00000000   HWI_INT7$hwi
00000008   HWI_INT8
00000000   HWI_INT8$hwi
00000009   HWI_INT9
00000000   HWI_INT9$hwi
07063d04   HWI_INTRMUX1
0b0a0908   HWI_INTRMUX2
28040d0c   HWI_INTRMUX3
00000001   HWI_NMI
00000000   HWI_NMI$hwi
00000000   HWI_POLARITYMASK
00000002   HWI_RESERVED0
00000000   HWI_RESERVED0$hwi
00000003   HWI_RESERVED1
00000000   HWI_RESERVED1$hwi
00000000   HWI_RESET
00000000   HWI_RESET$hwi
00000000   HWI_ZEROTAB
00000001   IDL$
1181cd94   IDL_A_CALBEG
1181828c   IDL_A_TABBEG
00000006   IDL_CALIBRERROR
11812da0   IDL_CALIBRFXN
1181c474   IDL_D_busyObj
1181c1f8   IDL_D_calbeg
1181c1f4   IDL_D_calibrate
1181c1f0   IDL_D_tabbeg
11818298   IDL_END
1181cda0   IDL_END$
11812bc0   IDL_F_busy
11812a20   IDL_F_calibrate
11812ee0   IDL_F_loop
11812da0   IDL_F_stub
00000001   IDL_USECLKIDLTIME
1181cc6c   IDL_busyObj
1181b95e   IDL_busyObj$avgfmt
00000001   IDL_busyObj$filter
00000001   IDL_busyObj$iA
00000000   IDL_busyObj$iB
00000001   IDL_busyObj$iC
1181b958   IDL_busyObj$maxfmt
00000000   IDL_busyObj$operation
1181cc68   IDL_busyObj$stsobj
1181b95b   IDL_busyObj$sumfmt
00000002   IDL_busyObj$unittype
1181828c   IDL_cpuLoad
1181cd94   IDL_cpuLoad$
1181c3ac   IRAM
1181628c   IRAM$B
00002000   IRAM$L
00000001   ISRC$
11811df8   KNL_glue
1181c7d4   KNL_swi
00000001   KNL_swi$dorta
00000002   KNL_swi$ord
00000000   KNL_swi$pri
1181cc4c   KNL_swi$sts
1181b934   KNL_swi$sts$avgfmt
00000002   KNL_swi$sts$filter
00000001   KNL_swi$sts$filtmaxmult
00000001   KNL_swi$sts$filtsummult
1181b924   KNL_swi$sts$maxfmt
1181cc48   KNL_swi$sts$stsobj
1181b92c   KNL_swi$sts$sumfmt
00000000   KNL_swi$sts$unittype
00000000   KNL_swi$swi
ffffffff   L3_CBA_RAM
00000001   LCK$
1180eca0   LNK_F_checkBufferCall
1180ed20   LNK_F_dataPump
1180ecc0   LNK_F_getChanPtr
1180ed18   LNK_F_init
1180f228   LNK_F_readCallBack
11818290   LNK_dataPump
1181cd98   LNK_dataPump$
1181c404   LNK_dspFrameReadyMask
1181c400   LNK_dspFrameRequestMask
1180efa0   LNK_newin
1180f0d4   LNK_newout
1180ed30   LNK_rcloop
1180edf4   LNK_rdrtry
1181c40c   LNK_readDone
1181c410   LNK_readFail
1181c408   LNK_readPend
1180ee04   LNK_rrloop
1181c414   LNK_writeFail
1180eed0   LNK_wrloop
1180eec4   LNK_wrrtry
00000001   LOG$
1181cd44   LOG_A_TABBEG
1181cd74   LOG_A_TABEND
00000002   LOG_A_TABLEN
1181c1fc   LOG_D_system
00000001   LOG_ENABLED
118129a0   LOG_F_event
1181cd44   LOG_system
11818800   LOG_system$buf
00000000   LOG_system$datatype
00000000   LOG_system$log
00000200   LOG_system$size
00000000   MBX$
00000001   MEM$
1181c3ac   MEM_MALLOCSEG
00000000   MEM_NULL
1181c3ac   MEM_SEGZERO
00000000   MEM_USEMPC
00000001   MEM_gNumHeap
00000000   MSGQ$
00000000   MSGQ_USEMSGQ
00000000   OBJ$
00000000   PIP$
1181cb00   PIP_A_TABBEG
1181cbc8   PIP_A_TABEND
00000002   PIP_A_TABLEN
1181c200   PIP_D_tabbeg
1181c204   PIP_D_tablen
11811478   PIP_F_give
11811478   PIP_F_probe
11811548   PIP_F_start
11811400   PIP_F_take
00000064   PIP_OBJSIZE
00000000   PIP_gNextId
00000002   PIP_gNumEmbed
00000000   POOL$
00000000   POOL_USEPOOL
00000001   PRD$
1181cd74   PRD0
1181cd90   PRD0$aaa
00000000   PRD0$mode
00000001   PRD0$ord
000001f4   PRD0$period
00000000   PRD0$prd
1181cc2c   PRD0$sts
1181b8ff   PRD0$sts$avgfmt
00000000   PRD0$sts$filter
1181b8ed   PRD0$sts$maxfmt
1181cc28   PRD0$sts$stsobj
1181b8f6   PRD0$sts$sumfmt
00000002   PRD0$sts$unittype
1181cd74   PRD_A_TABBEG
1181cd94   PRD_A_TABEND
00000001   PRD_A_TABLEN
1181c240   PRD_D_cur
1181c244   PRD_D_elapsed
1181c248   PRD_D_prevtim
1181c24c   PRD_D_scalar
1181c250   PRD_D_swihandle
1181c254   PRD_D_tabbeg
1181c258   PRD_D_tablen
1181c25c   PRD_D_thook
1181c23c   PRD_D_tick
11810180   PRD_F_swi
11810404   PRD_F_tick
00000001   PRD_SCALAR
1181c7a8   PRD_SWIHANDLE
11811014   PRD_THOOKFXN
1180ec98   PRD_clock
1181c7a8   PRD_swi
00000001   PRD_swi$dorta
00000001   PRD_swi$ord
00000001   PRD_swi$pri
1181cc3c   PRD_swi$sts
1181b91a   PRD_swi$sts$avgfmt
00000002   PRD_swi$sts$filter
00000001   PRD_swi$sts$filtmaxmult
00000001   PRD_swi$sts$filtsummult
1181b90a   PRD_swi$sts$maxfmt
1181cc38   PRD_swi$sts$stsobj
1181b912   PRD_swi$sts$sumfmt
00000000   PRD_swi$sts$unittype
00000000   PRD_swi$swi
00000001   PWRM$
00000030   PWRM_PWRM_CAPSMASK
0000000a   PWRM_PWRM_CLKTICKSPERSLOT
00000000   PWRM_PWRM_ENABLE
00000002   PWRM_PWRM_INITSPCPU
00000000   PWRM_PWRM_INITSPPER
00000000   PWRM_PWRM_LOADENABLE
00000001   PWRM_PWRM_NUMSLOTS
00000000   PWRM_PWRM_RESOURCETRACKING
00000000   PWRM_PWRM_SCALING
11812ea0   PWRM_PWRM_SHAREDRESOURCEFXN
11812ea0   PWRM_PWRM_SLOTHOOKFXN
00000000   PWRM_PWRM_TIMERIDNUM
00000000   PWRM_PWRM_TIMERINTRMASK
00000000   PWRM_PWRM_TIMERWUGENMASK
00000000   PWRM_PWRM_USERRESOURCES
00000000   PWRM_PWRM_USETIMER
00000001   QUE$
1181c260   RTA_D_fromHost
1181c268   RTA_D_logval
1181c278   RTA_D_stsval
1181c264   RTA_D_toHost
11812de0   RTA_F_andn
11810860   RTA_F_dispatch
11810780   RTA_F_getlog
118107b8   RTA_F_getsts
11812df8   RTA_F_or
118107f8   RTA_F_readblk
11810820   RTA_F_resetmem
11810814   RTA_F_writeword
11818294   RTA_dispatcher
1181cd9c   RTA_dispatcher$
118108ac   RTA_execute
1181cd0c   RTA_fromHost
1180ec88   RTA_fromHost$buf
00000004   RTA_fromHost$framesize
00000000   RTA_fromHost$hst
00000001   RTA_fromHost$id
00000000   RTA_fromHost$mode
1181cb00   RTA_fromHost$pipe
1181cb30   RTA_fromHost$pipe$aaa
1181cb60   RTA_fromHost$pipe$bbb
1181c3b0   RTA_fromHost$pipe$dtab
1181cb04   RTA_fromHost$pipe$rd
1181cb34   RTA_fromHost$pipe$wr
1181cd14   RTA_fromHost$rtdx
1181cd28   RTA_toHost
1181ca00   RTA_toHost$buf
00000040   RTA_toHost$framesize
00000000   RTA_toHost$hst
00000000   RTA_toHost$id
00000001   RTA_toHost$mode
1181cb64   RTA_toHost$pipe
1181cb94   RTA_toHost$pipe$aaa
1181cbc4   RTA_toHost$pipe$bbb
1181c3bc   RTA_toHost$pipe$dtab
1181cb68   RTA_toHost$pipe$rd
1181cb98   RTA_toHost$pipe$wr
1181cd30   RTA_toHost$rtdx
00000001   RTDX$
00000408   RTDX_BUFMEMSIZE
1181c3ac   RTDX_DATAMEMSEG
00000000   RTDX_MODE
00000001   RTDX_NORMALIZED_HDR
00000001   RTDX_USERTDX
00000000   RTDX_USERTEXECUTION
00000000   SEM$
00000000   SIO$
00000001   STS$
1181cc28   STS_A_TABBEG
1181cc78   STS_A_TABEND
11812cac   STS_F_add
11812c80   STS_F_delta
11812cc8   STS_F_reset
00000001   SWI$
1181c7a8   SWI_A_TABBEG
1181c800   SWI_A_TABEND
00000002   SWI_A_TABLEN
1181c2d4   SWI_D_curfxn
1181c2c4   SWI_D_curmask
1181c2d0   SWI_D_curmbox
1181c2c8   SWI_D_curset
1181c2c0   SWI_D_execaddr
1181c2dc   SWI_D_inswi
1181c2cc   SWI_D_lock
1181c2d8   SWI_D_rdybeg
1181c2e0   SWI_D_rdytab
1181c2bc   SWI_D_runaddr
00000000   SWI_EHOOKFXN
1180fea4   SWI_EXECFXN
1180fcc0   SWI_F_enable
1180fea4   SWI_F_exec
1180fecc   SWI_F_iexec
1180fd30   SWI_F_post
1180ff4c   SWI_F_run
00000000   SWI_IHOOKFXN
1180ff4c   SWI_RUNFXN
00000001   SYS$
1181cda4   SYS$config
11812e20   SYS_ABORTFXN
11812f20   SYS_ERRORFXN
11812f40   SYS_EXITFXN
11812e60   SYS_PUTCFXN
1181cdc4   TRC_R_mask
1181cdc0   TRC_cinit
00000001   TSK$
00000000   TSK_NUM_HOOKS
00000001   TSK_PRIORITY
00000000   TSK_READYFXN
00000000   TSK_STACKSEG
00000400   TSK_STACKSIZE
00000000   TSK_SWITCHFXN
11812ea0   TSK_VCREATEFXN
11812ea0   TSK_VDELETEFXN
11812ea0   TSK_VEXITFXN
1181cbd4   TSK_idle
00000000   TSK_idle$ord
00000000   TSK_idle$pri
1181b8f0   TSK_idle$stack
1181bc88   TSK_idle$stkptr
1181cc5c   TSK_idle$sts
1181b94e   TSK_idle$sts$avgfmt
00000002   TSK_idle$sts$filter
00000001   TSK_idle$sts$filtmaxmult
00000001   TSK_idle$sts$filtsummult
1181b93e   TSK_idle$sts$maxfmt
1181cc58   TSK_idle$sts$stsobj
1181b946   TSK_idle$sts$sumfmt
00000000   TSK_idle$sts$unittype
00000000   TSK_idle$tsk
00000000   UDEV$
11801a64   _AIC3106_Init
11801b18   _AIC3106_readRegister
11801b84   _AIC3106_writeRegister
11812ea0   _BCACHE_bootInit
118121b4   _BCACHE_getMar
11812164   _BCACHE_getSize
11812134   _BCACHE_setCacheToSram
118120e4   _BCACHE_setMar
118120a0   _BCACHE_setSize
118182a0   _BIOS_init
118184d0   _BIOS_start
11806c20   _BQ_init
11806c78   _BQ_process
11806c68   _BQ_setDen
11806c54   _BQ_setNum
ffffffff   _CACHE_L1D
ffffffff   _CACHE_L1P
000493e0   _CLK_COUNTSPMS
1181c460   _CLK_DFLTMICROSECS
1181c238   _CLK_D_countspms
1181c22c   _CLK_D_dirty
1181c464   _CLK_D_microseconds
1181c230   _CLK_D_prd
1181c234   _CLK_D_tddr
11811c50   _CLK_F_itime
00005dc0   _CLK_PRD
01c20000   _CLK_REGS
00000000   _CLK_TDDR
00000000   _CLK_TIMERNUM
00000001   _CLK_USETIMER
11812f60   _CLK_gethtime
1181c21c   _CLK_htimeDiv
1181c220   _CLK_htimeMult
1181c470   _CLK_htimePerLtime
1180e76c   _CLK_inputClock
11811c50   _CLK_itime
1181c224   _CLK_ltimeDiv
1181c228   _CLK_ltimeMult
11812d40   _CLK_measure
ffffffff   _DDR
11805ba4   _DIP_get
11805c08   _DIP_getAll
11805b80   _DIP_init
0000000a   _EVENT10
00000064   _EVENT100
00000065   _EVENT101
00000066   _EVENT102
00000067   _EVENT103
00000068   _EVENT104
00000069   _EVENT105
0000006a   _EVENT106
0000006b   _EVENT107
0000006c   _EVENT108
0000006d   _EVENT109
0000000b   _EVENT11
0000006e   _EVENT110
0000006f   _EVENT111
00000070   _EVENT112
00000071   _EVENT113
00000072   _EVENT114
00000073   _EVENT115
00000074   _EVENT116
00000075   _EVENT117
00000076   _EVENT118
00000077   _EVENT119
0000000c   _EVENT12
00000078   _EVENT120
00000079   _EVENT121
0000007a   _EVENT122
0000007b   _EVENT123
0000007c   _EVENT124
0000007d   _EVENT125
0000007e   _EVENT126
0000007f   _EVENT127
0000000d   _EVENT13
0000000e   _EVENT14
0000000f   _EVENT15
00000010   _EVENT16
00000011   _EVENT17
00000012   _EVENT18
00000013   _EVENT19
00000014   _EVENT20
00000015   _EVENT21
00000016   _EVENT22
00000017   _EVENT23
00000018   _EVENT24
00000019   _EVENT25
0000001a   _EVENT26
0000001b   _EVENT27
0000001c   _EVENT28
0000001d   _EVENT29
0000001e   _EVENT30
0000001f   _EVENT31
00000020   _EVENT32
00000021   _EVENT33
00000022   _EVENT34
00000023   _EVENT35
00000024   _EVENT36
00000025   _EVENT37
00000026   _EVENT38
00000027   _EVENT39
00000004   _EVENT4
00000028   _EVENT40
00000029   _EVENT41
0000002a   _EVENT42
0000002b   _EVENT43
0000002c   _EVENT44
0000002d   _EVENT45
0000002e   _EVENT46
0000002f   _EVENT47
00000030   _EVENT48
00000031   _EVENT49
00000005   _EVENT5
00000032   _EVENT50
00000033   _EVENT51
00000034   _EVENT52
00000035   _EVENT53
00000036   _EVENT54
00000037   _EVENT55
00000038   _EVENT56
00000039   _EVENT57
0000003a   _EVENT58
0000003b   _EVENT59
00000006   _EVENT6
0000003c   _EVENT60
0000003d   _EVENT61
0000003e   _EVENT62
0000003f   _EVENT63
00000040   _EVENT64
00000041   _EVENT65
00000042   _EVENT66
00000043   _EVENT67
00000044   _EVENT68
00000045   _EVENT69
00000007   _EVENT7
00000046   _EVENT70
00000047   _EVENT71
00000048   _EVENT72
00000049   _EVENT73
0000004a   _EVENT74
0000004b   _EVENT75
0000004c   _EVENT76
0000004d   _EVENT77
0000004e   _EVENT78
0000004f   _EVENT79
00000008   _EVENT8
00000050   _EVENT80
00000051   _EVENT81
00000052   _EVENT82
00000053   _EVENT83
00000054   _EVENT84
00000055   _EVENT85
00000056   _EVENT86
00000057   _EVENT87
00000058   _EVENT88
00000059   _EVENT89
00000009   _EVENT9
0000005a   _EVENT90
0000005b   _EVENT91
0000005c   _EVENT92
0000005d   _EVENT93
0000005e   _EVENT94
0000005f   _EVENT95
00000060   _EVENT96
00000061   _EVENT97
00000062   _EVENT98
00000063   _EVENT99
118001e8   _EVMC6748_enableDsp
11800000   _EVMC6748_init
1180002c   _EVMC6748_initRAM
118002b0   _EVMC6748_lpscTransition
11800214   _EVMC6748_pinmuxConfig
1180f7b0   _EXC_clearLastStatus
11811220   _EXC_dispatch
1180f5d4   _EXC_exceptionHandler
1181c418   _EXC_exceptionHook
1180f5a0   _EXC_external
1181c420   _EXC_externalHook
1180f580   _EXC_getLastStatus
1180f540   _EXC_init
1180f294   _EXC_internal
1181c41c   _EXC_internalHook
1180f260   _EXC_nmi
1181c424   _EXC_nmiHook
1181c3d0   _EXC_returnPtr
118113e4   _EXC_setReturnPtr
1180ec30   _EXC_status
1181c3c8   _EXC_sysTrapTable
11812ea0   _FXN_F_nop
11812b04   _FXN_F_run
11812b40   _FXN_F_zero
00000000   _GBL_CACHE
11812248   _GBL_cacheInit64P
1181c294   _GBL_clkIn
1181c298   _GBL_freq
11812ec0   _GBL_getVersion
1181c290   _GBL_procId
118033d8   _GPIO_getInput
11803360   _GPIO_setDir
1180344c   _GPIO_setOutput
118034cc   _GPIO_toggleLoop
11807300   _HOSTclose
118063e0   _HOSTlseek
118066e0   _HOSTopen
118067c0   _HOSTread
11805a00   _HOSTrename
11806d00   _HOSTunlink
11806dc0   _HOSTwrite
1181a000   _HSRTDX_rec
1181a760   _HSRTDX_xmt
1181cd08   _HST_A_TABBEG
1181cd44   _HST_A_TABEND
00005828   _HWI_CFGDISPATCHED
1181c3f4   _HWI_D_inhwi
1181c3e8   _HWI_D_spsave
1180f7e0   _HWI_F_dispatch
0000000a   _HWI_INT10
0000000b   _HWI_INT11
0000000c   _HWI_INT12
0000000d   _HWI_INT13
0000000e   _HWI_INT14
0000000f   _HWI_INT15
00000004   _HWI_INT4
00000005   _HWI_INT5
00000006   _HWI_INT6
00000007   _HWI_INT7
00000008   _HWI_INT8
00000009   _HWI_INT9
00000001   _HWI_NMI
00000002   _HWI_RESERVED0
00000003   _HWI_RESERVED1
00000000   _HWI_RESET
1181c0e8   _HWI_STKBOTTOM
1181bcf0   _HWI_STKTOP
1181c3e8   _HWI_data
11812b60   _HWI_disable
1181c0f0   _HWI_dispatchTab
11812b78   _HWI_enable
11812b8c   _HWI_restore
11802774   _I2CGPIO_getInput
11802890   _I2CGPIO_getInputAll
118026a0   _I2CGPIO_init
118029a0   _I2CGPIO_setOutput
11802ae8   _I2CGPIO_setOutputAll
118036e0   _I2C_init
118037cc   _I2C_read
11803928   _I2C_write
1181cc6c   _IDL_busyObj
1181828c   _IDL_cpuLoad
11812ee0   _IDL_loop
1181c3ac   _IRAM
1181628c   _IRAM_base
00002000   _IRAM_length
1181c360   _KNL_alarm
11812300   _KNL_check
1181c384   _KNL_curqueue
1181c374   _KNL_curtask
1181c37c   _KNL_curtime
1180eab8   _KNL_dummy
11812660   _KNL_enter
11812620   _KNL_exit
118123c8   _KNL_idle
1181c39c   _KNL_idlefxn
1181c368   _KNL_inactive
11812820   _KNL_ipost
118123f0   _KNL_max
1181c388   _KNL_maxqueue
118128a0   _KNL_post
1181c378   _KNL_prevtask
1181c36c   _KNL_priority
1180ea18   _KNL_queues
11810a00   _KNL_run
11811ca0   _KNL_saveIsrFrame
1181c370   _KNL_set
1181c364   _KNL_setpri
1181c7d4   _KNL_swi
1181c380   _KNL_swiptr
11811d4c   _KNL_switch
1181c390   _KNL_tcreatefxn
1181c394   _KNL_tdeletefxn
11811014   _KNL_tick
1181c398   _KNL_treadyfxn
1181c38c   _KNL_tswitchfxn
1181c358   _KNL_wFlag
1181c35c   _KNL_wList
ffffffff   _L3_CBA_RAM
11812940   _LCK_pend
11812920   _LCK_post
118054c0   _LED_init
1180550c   _LED_isOn
1180560c   _LED_toggle
118055c4   _LED_turnOff
11805574   _LED_turnOn
11818290   _LNK_dataPump
1181c404   _LNK_dspFrameReadyMask
1181c400   _LNK_dspFrameRequestMask
1181c40c   _LNK_readDone
1181c410   _LNK_readFail
1181c408   _LNK_readPend
1181c414   _LNK_writeFail
1181cd44   _LOG_A_TABBEG
1181cd74   _LOG_A_TABEND
00000002   _LOG_A_TABLEN
1181c1fc   _LOG_D_system
118129a0   _LOG_event
1181cd44   _LOG_system
1181c478   _MEM
1181c29c   _MEM_D_NUMSEGMENTS
1181c2a4   _MEM_D_freelist
1181c2a8   _MEM_D_lockaddr
1181c2a0   _MEM_D_memtab
1181c2ac   _MEM_D_unlockaddr
11810c40   _MEM_alloc
11811040   _MEM_free
118186e0   _MEM_init
1181c3a0   _MEM_memtab
118017cc   _McASP_Init
118018f4   _McASP_Start
1180eb88   _OBJ_segtab
1180eb50   _OBJ_table
1181cb00   _PIP_A_TABBEG
1181cbc8   _PIP_A_TABEND
1181cd74   _PRD0
1181c23c   _PRD_D_tick
1180ec98   _PRD_clock
1181c7a8   _PRD_swi
118062c0   _RB3_init
11806324   _RB3_innerProduct
118062e4   _RB3_insert
11806370   _RB3_print
11806304   _RB3_push
118062f0   _RB3_rotate
11806318   _RB3_set
11818294   _RTA_dispatcher
1181cd0c   _RTA_fromHost
1181cd28   _RTA_toHost
1181b040   _RTDX_Buffer
1181b44c   _RTDX_Buffer_End
1181ade0   _RTDX_Buffer_Initialize
1181af60   _RTDX_Buffer_Read
1181aea0   _RTDX_Buffer_ReadCB
1181aee0   _RTDX_Buffer_Size
1181b448   _RTDX_Buffer_Start
1181af80   _RTDX_Buffer_Write
1181a2a0   _RTDX_Buffer_WriteCB
1181ad60   _RTDX_Final_RT_Monitor
1181ae40   _RTDX_Init_RT_Monitor
00000002   _RTDX_JTAGONLY
1181afa0   _RTDX_Mask_IER
1181aa60   _RTDX_Mon_Queue
1181acc0   _RTDX_Poll
00000000   _RTDX_interrupt_mask
1181af20   _RTDX_memfill
1181b4a0   _RTDX_writing
1181c3ac   _SEG0
11812c20   _SEM_pend
118115e0   _SEM_pendEnterKnl
11812540   _SEM_post
11812540   _SEM_postBinary
118126e0   _SEM_postEnterKnl
1181cc28   _STS_A_TABBEG
1181cc78   _STS_A_TABEND
11812cac   _STS_add
11812c80   _STS_delta
11812cc8   _STS_reset
11812f00   _STS_set
1181c2d4   _SWI_D_curfxn
1181c2c4   _SWI_D_curmask
1181c2c8   _SWI_D_curset
1181c2c0   _SWI_D_execaddr
1181c2dc   _SWI_D_inswi
1181c2cc   _SWI_D_lock
1181c2d8   _SWI_D_rdybeg
1181c2bc   _SWI_D_runaddr
1181c2bc   _SWI_data
1180fd30   _SWI_post
1181c2b0   _SYS
1181c484   _SYS_PUTCBEG
1181c683   _SYS_PUTCEND
11812ce0   _SYS_abort
11812aa0   _SYS_error
11812780   _SYS_exit
1180ebf8   _SYS_exitStack
1181c468   _SYS_exitStackPtr
1181c46c   _SYS_exitStackTop
11801c44   _SetGpio
1181cdc4   _TRC_R_mask
1181c450   _TSK
1180eaf0   _TSK_ATTRS
1180eb0c   _TSK_config
11811f60   _TSK_exit
1181cbd4   _TSK_idle
118187a0   _TSK_init
1181c448   _TSK_nTasks
1181c44c   _TSK_pid
11811960   _TSK_setup
118124c4   _TSK_startup
1180eb2c   _TSK_timerSem
11801bb8   _USTIMER_delay
11800c00   _UTIL_isUIBoardAttached
11800aa8   _UTIL_printMem
11812e20   _UTL_doAbort
11812f20   _UTL_doError
11812e60   _UTL_doPutc
11812f40   _UTL_halt
1181c688   __CIOBUF_
11811c70   __CLK_lat1beg
11811c90   __CLK_lat1end
1181c2b8   __HOOK_NUMHOOKS
1181c2b4   __HOOK_knlId
1180f7e0   __HWI_lat1beg
1180f968   __HWI_lat1end
1180f968   __HWI_lat2beg
1180fb44   __HWI_lat2end1
1180fad0   __HWI_lat2end2
1180fb60   __HWI_lat3beg
1180fb00   __HWI_lat3end2
11812bc0   __IDL_lat1beg
11812c00   __IDL_lat1end
1181234c   __KNL_lat1beg
118123c8   __KNL_lat1end
118129a0   __LOG_lat1beg
1180ebcc   __MEM_mutex
11810820   __RTA_lat1beg
11810854   __RTA_lat1end
118117c0   __SEM_dopost
1181c0f0   __STACK_END
00000400   __STACK_SIZE
1180fe38   __SWI_lat1beg
1180fee4   __SWI_lat1end
1180fee8   __SWI_lat2beg
1180ff48   __SWI_lat2end
1180fcc0   __SWI_lat3beg
1180fd2c   __SWI_lat3end
1180eba4   __TSK_mutex
1180ec74   ___TI_enable_exit_profile_output
ffffffff   ___TI_pprof_out_hndl
ffffffff   ___TI_prof_data_size
ffffffff   ___TI_prof_data_start
11807e40   ___add_dtor
1180e770   ___atexit_func_id__
ffffffff   ___binit__
1181c0f0   ___bss__
ffffffff   ___c_args__
11812f80   ___cinit__
11800000   ___data__
11800000   ___edata__
1181c484   ___end__
118080e0   ___etext__
11807e80   ___isinf
1181cdb4   ___pinit__
11800000   ___text__
11811e20   __auto_init
11806f40   __c6xabi_divu
11808040   __c6xabi_pop_rts
11808060   __c6xabi_push_rts
118073a0   __cleanup
1180ec6c   __cleanup_ptr
11805f60   __closefile
1181b650   __ctypes_
11800c20   __divd
11807440   __divli
11806f40   __divu
11805860   __divul
11804580   __divull
11807000   __doflush
1180ec70   __dtors_ptr
11807620   __fixdli
11807b20   __fltlid
11807f00   __frcmpyd_div
1180e768   __ft_end
1180e448   __ftable
11807ba0   __llshl
11807f40   __llshru
1180ec78   __lock
11807fc0   __negll
11807fe0   __nop
118076c0   __nround
11808040   __pop_rts
11802b80   __printfi
11808060   __push_rts
11808080   __register_lock
118080a0   __register_unlock
11807f80   __remli
1181bcf0   __stack
11807d20   __subcull
1180e628   __tmpnams
1180ec7c   __unlock
118064e0   __wrt_ok
1180a1d0   _aHigh
1180a0e0   _aLow
1180a110   _aMid
1180a170   _aPres
118070c0   _atexit
118068a0   _atoi
11802464   _audioHWI
1180a1e8   _bHigh
1180a0f8   _bLow
1180a140   _bMid
1180a1a0   _bPres
118080e0   _b_fir
1181b758   _bitval_u32
1180d288   _buffer
11818620   _c_int00
118065e0   _call_dtors
1181072c   _calloc
11806980   _close
11800688   _config_pll0
118008c4   _config_pll1
11802358   _dipPRD
1181c45b   _dist
1180eb4c   _dtors
1181c456   _eqBypass
1180a288   _eqSignal
1180b288   _fftSignal
11804ea0   _fputc
11802fc0   _fputs
11810500   _free
118061a0   _fseek
1180e3d8   _high
1181c45a   _highCut
11801764   _initAll
1180e288   _low
1181c457   _lowCut
118078a0   _lseek
11807180   _ltoa
118021a0   _main
11810524   _malloc
1181c454   _mask
11810668   _memalign
11807d80   _memccpy
11807940   _memcpy
11806a60   _memset
1180e2f8   _mid
1181c458   _midCut
118079e0   _modf
1180e368   _pres
1181c459   _presCut
11806b40   _printf
11804ea0   _putc
11801740   _read_audio_sample
11807c20   _readmsg
11810584   _realloc
118080c0   _remove
1181c430   _rtdxNullChanCnt
1181c434   _rtdxNullFuncCnt
1181c43c   _rtdxRecNotDoneCnt
1181c444   _rtdxXmtErrorCnt
1181c438   _rtdxXmtNotDoneCnt
1181c440   _rtdxXmtRestartCnt
1181b494   _rtdx_buffer_state
1181b450   _rtdx_mon_state
118052c0   _setvbuf
1180a200   _sine
1181cd5c   _trace
11807ca0   _unlink
11807a80   _write
1181c45c   _writeIndex
11801750   _write_audio_sample
11807de0   _writemsg
ffffffff   binit
11812f80   cinit
11800000   edata
1181c484   end
118080e0   etext
1181c800   hwi0
1181c820   hwi1
1181c940   hwi10
1181c960   hwi11
1181c980   hwi12
1181c9a0   hwi13
1181c9c0   hwi14
1181c9e0   hwi15
1181c840   hwi2
1181c860   hwi3
1181c880   hwi4
1181c8a0   hwi5
1181c8c0   hwi6
1181c8e0   hwi7
1181c900   hwi8
1181c920   hwi9
1181cdb4   pinit
1181cd5c   trace
11819000   trace$buf
00000001   trace$datatype
00000000   trace$log
00000400   trace$size


GLOBAL SYMBOLS: SORTED BY Symbol Address 

address    name
--------   ----
00000000   BUF$
00000000   CLK_PRDHIGH
00000000   CLK_TDDR
00000000   CLK_TDDRHIGH
00000000   CLK_TIMERNUM
00000000   DEV$
00000000   DGN$
00000000   DHL$
00000000   DHL_gChannelsAvailable
00000000   DIO$
00000000   DIO_NUMSWIBASE
00000000   DIO_NUMTSKBASE
00000000   DIO_STATIC
00000000   DPI$
00000000   ECM$
00000000   ECM_ENABLE
00000000   GBL_BCACHEREADADDR0
00000000   GBL_BCACHEREADADDR1
00000000   GBL_BCACHEREADADDR2
00000000   GBL_BIGENDIAN
00000000   GBL_CACHE
00000000   GBL_CALLCSLCFGINIT
00000000   GBL_ENABLE_SK
00000000   GBL_GEMTRUECOMPEN
00000000   GBL_L2MAR0_31
00000000   GBL_L2MAR160_191
00000000   GBL_L2MAR224_255
00000000   GBL_L2MAR32_63
00000000   GBL_L2MAR64_95
00000000   GBL_L2MAR96_127
00000000   GBL_L2MODE
00000000   GBL_NULL
00000000   GBL_PROCID
00000000   GBL_ROM
00000000   GBL_SUPPORTCSL
00000000   GBL_USERINIT
00000000   GIO$
00000000   HOOK$
00000000   HOOK_KNLID
00000000   HST_DSM
00000000   HST_NONE
00000000   HWI_GENERATE_RESET_VEC
00000000   HWI_INT10$hwi
00000000   HWI_INT11$hwi
00000000   HWI_INT12$hwi
00000000   HWI_INT13$hwi
00000000   HWI_INT14$hwi
00000000   HWI_INT15$hwi
00000000   HWI_INT4$hwi
00000000   HWI_INT5$hwi
00000000   HWI_INT6$hwi
00000000   HWI_INT7$hwi
00000000   HWI_INT8$hwi
00000000   HWI_INT9$hwi
00000000   HWI_NMI$hwi
00000000   HWI_POLARITYMASK
00000000   HWI_RESERVED0$hwi
00000000   HWI_RESERVED1$hwi
00000000   HWI_RESET
00000000   HWI_RESET$hwi
00000000   HWI_ZEROTAB
00000000   IDL_busyObj$iB
00000000   IDL_busyObj$operation
00000000   KNL_swi$pri
00000000   KNL_swi$sts$unittype
00000000   KNL_swi$swi
00000000   LOG_system$datatype
00000000   LOG_system$log
00000000   MBX$
00000000   MEM_NULL
00000000   MEM_USEMPC
00000000   MSGQ$
00000000   MSGQ_USEMSGQ
00000000   OBJ$
00000000   PIP$
00000000   PIP_gNextId
00000000   POOL$
00000000   POOL_USEPOOL
00000000   PRD0$mode
00000000   PRD0$prd
00000000   PRD0$sts$filter
00000000   PRD_swi$sts$unittype
00000000   PRD_swi$swi
00000000   PWRM_PWRM_ENABLE
00000000   PWRM_PWRM_INITSPPER
00000000   PWRM_PWRM_LOADENABLE
00000000   PWRM_PWRM_RESOURCETRACKING
00000000   PWRM_PWRM_SCALING
00000000   PWRM_PWRM_TIMERIDNUM
00000000   PWRM_PWRM_TIMERINTRMASK
00000000   PWRM_PWRM_TIMERWUGENMASK
00000000   PWRM_PWRM_USERRESOURCES
00000000   PWRM_PWRM_USETIMER
00000000   RTA_fromHost$hst
00000000   RTA_fromHost$mode
00000000   RTA_toHost$hst
00000000   RTA_toHost$id
00000000   RTDX_MODE
00000000   RTDX_USERTEXECUTION
00000000   SEM$
00000000   SIO$
00000000   SWI_EHOOKFXN
00000000   SWI_IHOOKFXN
00000000   TSK_NUM_HOOKS
00000000   TSK_READYFXN
00000000   TSK_STACKSEG
00000000   TSK_SWITCHFXN
00000000   TSK_idle$ord
00000000   TSK_idle$pri
00000000   TSK_idle$sts$unittype
00000000   TSK_idle$tsk
00000000   UDEV$
00000000   _CLK_TDDR
00000000   _CLK_TIMERNUM
00000000   _GBL_CACHE
00000000   _HWI_RESET
00000000   _RTDX_interrupt_mask
00000000   trace$log
00000001   BUF_ENABLED
00000001   CLK$
00000001   CLK_CALDIV
00000001   CLK_CALMULT
00000001   CLK_ENABLEHTIME
00000001   CLK_HTIMEDIV
00000001   CLK_HTIMEMULT
00000001   CLK_LTIMEDIV
00000001   CLK_POWERENABLE
00000001   CLK_RESETTIMER
00000001   CLK_USETIMER
00000001   GBL$
00000001   GBL_ENABLEINST
00000001   GBL_L2CONFIGURE
00000001   GBL_L2MAR128_159
00000001   GBL_boot
00000001   HST$
00000001   HST_RTDX
00000001   HWI$
00000001   HWI_ENABLE_EXC
00000001   HWI_NMI
00000001   IDL$
00000001   IDL_USECLKIDLTIME
00000001   IDL_busyObj$filter
00000001   IDL_busyObj$iA
00000001   IDL_busyObj$iC
00000001   ISRC$
00000001   KNL_swi$dorta
00000001   KNL_swi$sts$filtmaxmult
00000001   KNL_swi$sts$filtsummult
00000001   LCK$
00000001   LOG$
00000001   LOG_ENABLED
00000001   MEM$
00000001   MEM_gNumHeap
00000001   PRD$
00000001   PRD0$ord
00000001   PRD_A_TABLEN
00000001   PRD_SCALAR
00000001   PRD_swi$dorta
00000001   PRD_swi$ord
00000001   PRD_swi$pri
00000001   PRD_swi$sts$filtmaxmult
00000001   PRD_swi$sts$filtsummult
00000001   PWRM$
00000001   PWRM_PWRM_NUMSLOTS
00000001   QUE$
00000001   RTA_fromHost$id
00000001   RTA_toHost$mode
00000001   RTDX$
00000001   RTDX_NORMALIZED_HDR
00000001   RTDX_USERTDX
00000001   STS$
00000001   SWI$
00000001   SYS$
00000001   TSK$
00000001   TSK_PRIORITY
00000001   TSK_idle$sts$filtmaxmult
00000001   TSK_idle$sts$filtsummult
00000001   _CLK_USETIMER
00000001   _HWI_NMI
00000001   trace$datatype
00000002   HWI_RESERVED0
00000002   IDL_busyObj$unittype
00000002   KNL_swi$ord
00000002   KNL_swi$sts$filter
00000002   LOG_A_TABLEN
00000002   PIP_A_TABLEN
00000002   PIP_gNumEmbed
00000002   PRD0$sts$unittype
00000002   PRD_swi$sts$filter
00000002   PWRM_PWRM_INITSPCPU
00000002   SWI_A_TABLEN
00000002   TSK_idle$sts$filter
00000002   _HWI_RESERVED0
00000002   _LOG_A_TABLEN
00000002   _RTDX_JTAGONLY
00000003   HWI_RESERVED1
00000003   _HWI_RESERVED1
00000004   CLK_COUNTSPMSHIGH
00000004   EVENT4
00000004   HWI_INT4
00000004   RTA_fromHost$framesize
00000004   _EVENT4
00000004   _HWI_INT4
00000005   CLK_TIMMODE
00000005   EVENT5
00000005   HWI_INT5
00000005   _EVENT5
00000005   _HWI_INT5
00000006   EVENT6
00000006   HWI_INT6
00000006   IDL_CALIBRERROR
00000006   _EVENT6
00000006   _HWI_INT6
00000007   EVENT7
00000007   GBL_L1DMODE
00000007   GBL_L1PMODE
00000007   HWI_INT7
00000007   _EVENT7
00000007   _HWI_INT7
00000008   EVENT8
00000008   HWI_INT8
00000008   _EVENT8
00000008   _HWI_INT8
00000009   EVENT9
00000009   HWI_INT9
00000009   _EVENT9
00000009   _HWI_INT9
0000000a   EVENT10
0000000a   HWI_INT10
0000000a   PWRM_PWRM_CLKTICKSPERSLOT
0000000a   _EVENT10
0000000a   _HWI_INT10
0000000b   EVENT11
0000000b   HWI_INT11
0000000b   _EVENT11
0000000b   _HWI_INT11
0000000c   EVENT12
0000000c   HWI_INT12
0000000c   _EVENT12
0000000c   _HWI_INT12
0000000d   EVENT13
0000000d   HWI_INT13
0000000d   _EVENT13
0000000d   _HWI_INT13
0000000e   EVENT14
0000000e   HWI_INT14
0000000e   _EVENT14
0000000e   _HWI_INT14
0000000f   EVENT15
0000000f   HWI_INT15
0000000f   _EVENT15
0000000f   _HWI_INT15
00000010   EVENT16
00000010   _EVENT16
00000011   EVENT17
00000011   _EVENT17
00000012   EVENT18
00000012   _EVENT18
00000013   EVENT19
00000013   _EVENT19
00000014   EVENT20
00000014   _EVENT20
00000015   EVENT21
00000015   _EVENT21
00000016   EVENT22
00000016   _EVENT22
00000017   EVENT23
00000017   _EVENT23
00000018   EVENT24
00000018   _EVENT24
00000019   EVENT25
00000019   _EVENT25
0000001a   EVENT26
0000001a   _EVENT26
0000001b   EVENT27
0000001b   _EVENT27
0000001c   EVENT28
0000001c   _EVENT28
0000001d   EVENT29
0000001d   _EVENT29
0000001e   EVENT30
0000001e   _EVENT30
0000001f   EVENT31
0000001f   _EVENT31
00000020   CLK_TCR
00000020   EVENT32
00000020   _EVENT32
00000021   EVENT33
00000021   _EVENT33
00000022   EVENT34
00000022   _EVENT34
00000023   EVENT35
00000023   _EVENT35
00000024   EVENT36
00000024   _EVENT36
00000025   EVENT37
00000025   _EVENT37
00000026   EVENT38
00000026   _EVENT38
00000027   EVENT39
00000027   _EVENT39
00000028   EVENT40
00000028   _EVENT40
00000029   EVENT41
00000029   _EVENT41
0000002a   EVENT42
0000002a   _EVENT42
0000002b   EVENT43
0000002b   _EVENT43
0000002c   EVENT44
0000002c   _EVENT44
0000002d   EVENT45
0000002d   _EVENT45
0000002e   EVENT46
0000002e   _EVENT46
0000002f   EVENT47
0000002f   _EVENT47
00000030   EVENT48
00000030   PWRM_PWRM_CAPSMASK
00000030   _EVENT48
00000031   EVENT49
00000031   _EVENT49
00000032   EVENT50
00000032   _EVENT50
00000033   EVENT51
00000033   _EVENT51
00000034   EVENT52
00000034   _EVENT52
00000035   EVENT53
00000035   _EVENT53
00000036   EVENT54
00000036   _EVENT54
00000037   EVENT55
00000037   _EVENT55
00000038   EVENT56
00000038   _EVENT56
00000039   EVENT57
00000039   _EVENT57
0000003a   EVENT58
0000003a   _EVENT58
0000003b   EVENT59
0000003b   _EVENT59
0000003c   EVENT60
0000003c   _EVENT60
0000003d   EVENT61
0000003d   _EVENT61
0000003e   EVENT62
0000003e   GBL_DSPTYPE
0000003e   _EVENT62
0000003f   EVENT63
0000003f   _EVENT63
00000040   EVENT64
00000040   HST_MAXFRAMESET
00000040   RTA_toHost$framesize
00000040   _EVENT64
00000041   EVENT65
00000041   _EVENT65
00000042   EVENT66
00000042   GBL_FOOTPRINT
00000042   _EVENT66
00000043   EVENT67
00000043   _EVENT67
00000044   EVENT68
00000044   _EVENT68
00000045   EVENT69
00000045   _EVENT69
00000046   EVENT70
00000046   _EVENT70
00000047   EVENT71
00000047   _EVENT71
00000048   EVENT72
00000048   _EVENT72
00000049   EVENT73
00000049   _EVENT73
0000004a   EVENT74
0000004a   _EVENT74
0000004b   EVENT75
0000004b   _EVENT75
0000004c   EVENT76
0000004c   _EVENT76
0000004d   EVENT77
0000004d   _EVENT77
0000004e   EVENT78
0000004e   _EVENT78
0000004f   EVENT79
0000004f   _EVENT79
00000050   EVENT80
00000050   _EVENT80
00000051   EVENT81
00000051   _EVENT81
00000052   EVENT82
00000052   _EVENT82
00000053   EVENT83
00000053   _EVENT83
00000054   EVENT84
00000054   _EVENT84
00000055   EVENT85
00000055   _EVENT85
00000056   EVENT86
00000056   _EVENT86
00000057   EVENT87
00000057   _EVENT87
00000058   EVENT88
00000058   _EVENT88
00000059   EVENT89
00000059   _EVENT89
0000005a   EVENT90
0000005a   _EVENT90
0000005b   EVENT91
0000005b   _EVENT91
0000005c   EVENT92
0000005c   _EVENT92
0000005d   EVENT93
0000005d   _EVENT93
0000005e   EVENT94
0000005e   _EVENT94
0000005f   EVENT95
0000005f   _EVENT95
00000060   EVENT96
00000060   _EVENT96
00000061   EVENT97
00000061   _EVENT97
00000062   EVENT98
00000062   _EVENT98
00000063   EVENT99
00000063   _EVENT99
00000064   EVENT100
00000064   PIP_OBJSIZE
00000064   _EVENT100
00000065   EVENT101
00000065   _EVENT101
00000066   EVENT102
00000066   _EVENT102
00000067   EVENT103
00000067   _EVENT103
00000068   EVENT104
00000068   _EVENT104
00000069   EVENT105
00000069   _EVENT105
0000006a   EVENT106
0000006a   _EVENT106
0000006b   EVENT107
0000006b   _EVENT107
0000006c   EVENT108
0000006c   _EVENT108
0000006d   EVENT109
0000006d   _EVENT109
0000006e   EVENT110
0000006e   _EVENT110
0000006f   EVENT111
0000006f   _EVENT111
00000070   EVENT112
00000070   _EVENT112
00000071   EVENT113
00000071   _EVENT113
00000072   EVENT114
00000072   _EVENT114
00000073   EVENT115
00000073   _EVENT115
00000074   EVENT116
00000074   _EVENT116
00000075   EVENT117
00000075   _EVENT117
00000076   EVENT118
00000076   _EVENT118
00000077   EVENT119
00000077   _EVENT119
00000078   EVENT120
00000078   _EVENT120
00000079   EVENT121
00000079   _EVENT121
0000007a   EVENT122
0000007a   _EVENT122
0000007b   EVENT123
0000007b   _EVENT123
0000007c   EVENT124
0000007c   _EVENT124
0000007d   EVENT125
0000007d   _EVENT125
0000007e   EVENT126
0000007e   _EVENT126
0000007f   EVENT127
0000007f   _EVENT127
000000ff   HST_MAXFRAMEALLOWED
000001f4   PRD0$period
00000200   LOG_system$size
000003e8   CLK_MICROSECS
00000400   HST_DSMMEMSIZE
00000400   TSK_STACKSIZE
00000400   __STACK_SIZE
00000400   trace$size
00000408   RTDX_BUFMEMSIZE
00001a5b   GBL_CLKTYPE
00001a5c   GBL_DSPSUBTYPE
00002000   IRAM$L
00002000   _IRAM_length
00004000   CLK_INTBIT
00004e20   GBL_CLKIN
00005205   GBL_A_VERSION
00005828   HWI_CFGDISPATCHED
00005828   _HWI_CFGDISPATCHED
00005dc0   CLK_INPUTCLK
00005dc0   CLK_PRD
00005dc0   _CLK_PRD
0000dbef   GBL_TRCMASKVALUE
000493e0   CLK_COUNTSPMS
000493e0   CLK_HTIMEPERLTIME
000493e0   CLK_LTIMEMULT
000493e0   GBL_FREQ
000493e0   _CLK_COUNTSPMS
01c20000   CLK_REGS
01c20000   _CLK_REGS
07063d04   HWI_INTRMUX1
0b0a0908   HWI_INTRMUX2
11800000   .data
11800000   .text
11800000   _EVMC6748_init
11800000   ___data__
11800000   ___edata__
11800000   ___text__
11800000   edata
1180002c   _EVMC6748_initRAM
118001e8   _EVMC6748_enableDsp
11800214   _EVMC6748_pinmuxConfig
118002b0   _EVMC6748_lpscTransition
11800688   _config_pll0
118008c4   _config_pll1
11800aa8   _UTIL_printMem
11800c00   _UTIL_isUIBoardAttached
11800c20   __divd
11801740   _read_audio_sample
11801750   _write_audio_sample
11801764   _initAll
118017cc   _McASP_Init
118018f4   _McASP_Start
11801a64   _AIC3106_Init
11801b18   _AIC3106_readRegister
11801b84   _AIC3106_writeRegister
11801bb8   _USTIMER_delay
11801c44   _SetGpio
118021a0   _main
11802358   _dipPRD
11802464   _audioHWI
118026a0   _I2CGPIO_init
11802774   _I2CGPIO_getInput
11802890   _I2CGPIO_getInputAll
118029a0   _I2CGPIO_setOutput
11802ae8   _I2CGPIO_setOutputAll
11802b80   __printfi
11802fc0   _fputs
11803360   _GPIO_setDir
118033d8   _GPIO_getInput
1180344c   _GPIO_setOutput
118034cc   _GPIO_toggleLoop
118036e0   _I2C_init
118037cc   _I2C_read
11803928   _I2C_write
11804580   __divull
11804ea0   _fputc
11804ea0   _putc
118052c0   _setvbuf
118054c0   _LED_init
1180550c   _LED_isOn
11805574   _LED_turnOn
118055c4   _LED_turnOff
1180560c   _LED_toggle
11805860   __divul
11805a00   _HOSTrename
11805b80   _DIP_init
11805ba4   _DIP_get
11805c08   _DIP_getAll
11805f60   __closefile
118061a0   _fseek
118062c0   _RB3_init
118062e4   _RB3_insert
118062f0   _RB3_rotate
11806304   _RB3_push
11806318   _RB3_set
11806324   _RB3_innerProduct
11806370   _RB3_print
118063e0   _HOSTlseek
118064e0   __wrt_ok
118065e0   _call_dtors
118066e0   _HOSTopen
118067c0   _HOSTread
118068a0   _atoi
11806980   _close
11806a60   _memset
11806b40   _printf
11806c20   _BQ_init
11806c54   _BQ_setNum
11806c68   _BQ_setDen
11806c78   _BQ_process
11806d00   _HOSTunlink
11806dc0   _HOSTwrite
11806f40   __c6xabi_divu
11806f40   __divu
11807000   __doflush
118070c0   _atexit
11807180   _ltoa
11807300   _HOSTclose
118073a0   __cleanup
11807440   __divli
11807620   __fixdli
118076c0   __nround
118078a0   _lseek
11807940   _memcpy
118079e0   _modf
11807a80   _write
11807b20   __fltlid
11807ba0   __llshl
11807c20   _readmsg
11807ca0   _unlink
11807d20   __subcull
11807d80   _memccpy
11807de0   _writemsg
11807e38   C$$IO$$
11807e40   ___add_dtor
11807e80   ___isinf
11807f00   __frcmpyd_div
11807f40   __llshru
11807f80   __remli
11807fc0   __negll
11807fe0   __nop
11808040   __c6xabi_pop_rts
11808040   __pop_rts
11808060   __c6xabi_push_rts
11808060   __push_rts
11808080   __register_lock
118080a0   __register_unlock
118080c0   _remove
118080e0   ___etext__
118080e0   _b_fir
118080e0   etext
1180a0e0   _aLow
1180a0f8   _bLow
1180a110   _aMid
1180a140   _bMid
1180a170   _aPres
1180a1a0   _bPres
1180a1d0   _aHigh
1180a1e8   _bHigh
1180a200   _sine
1180a288   _eqSignal
1180b288   _fftSignal
1180d288   _buffer
1180e288   _low
1180e2f8   _mid
1180e368   _pres
1180e3d8   _high
1180e448   __ftable
1180e628   __tmpnams
1180e768   __ft_end
1180e76c   _CLK_inputClock
1180e770   ___atexit_func_id__
1180ea18   _KNL_queues
1180eab8   _KNL_dummy
1180eaf0   _TSK_ATTRS
1180eb0c   _TSK_config
1180eb2c   _TSK_timerSem
1180eb4c   _dtors
1180eb50   _OBJ_table
1180eb88   _OBJ_segtab
1180eba4   __TSK_mutex
1180ebcc   __MEM_mutex
1180ebf8   _SYS_exitStack
1180ec30   _EXC_status
1180ec6c   __cleanup_ptr
1180ec70   __dtors_ptr
1180ec74   ___TI_enable_exit_profile_output
1180ec78   __lock
1180ec7c   __unlock
1180ec88   RTA_fromHost$buf
1180ec98   CLK_A_TABBEG
1180ec98   PRD_clock
1180ec98   _PRD_clock
1180ec9c   CLK_null
1180eca0   LNK_F_checkBufferCall
1180ecc0   LNK_F_getChanPtr
1180ed18   LNK_F_init
1180ed20   LNK_F_dataPump
1180ed30   LNK_rcloop
1180edf4   LNK_rdrtry
1180ee04   LNK_rrloop
1180eec4   LNK_wrrtry
1180eed0   LNK_wrloop
1180efa0   LNK_newin
1180f0d4   LNK_newout
1180f228   LNK_F_readCallBack
1180f260   _EXC_nmi
1180f294   _EXC_internal
1180f540   _EXC_init
1180f580   _EXC_getLastStatus
1180f5a0   _EXC_external
1180f5d4   _EXC_exceptionHandler
1180f7b0   _EXC_clearLastStatus
1180f7e0   CLK_HOOKFXN
1180f7e0   HWI_F_dispatch
1180f7e0   _HWI_F_dispatch
1180f7e0   __HWI_lat1beg
1180f968   __HWI_lat1end
1180f968   __HWI_lat2beg
1180fad0   __HWI_lat2end2
1180fb00   __HWI_lat3end2
1180fb44   __HWI_lat2end1
1180fb60   __HWI_lat3beg
1180fcc0   SWI_F_enable
1180fcc0   __SWI_lat3beg
1180fd2c   __SWI_lat3end
1180fd30   SWI_F_post
1180fd30   _SWI_post
1180fe38   __SWI_lat1beg
1180fea4   SWI_EXECFXN
1180fea4   SWI_F_exec
1180fecc   SWI_F_iexec
1180fee4   __SWI_lat1end
1180fee8   __SWI_lat2beg
1180ff48   __SWI_lat2end
1180ff4c   SWI_F_run
1180ff4c   SWI_RUNFXN
11810180   PRD_F_swi
11810404   PRD_F_tick
11810500   _free
11810524   _malloc
11810584   _realloc
11810668   _memalign
1181072c   _calloc
11810780   RTA_F_getlog
118107b8   RTA_F_getsts
118107f8   RTA_F_readblk
11810814   RTA_F_writeword
11810820   RTA_F_resetmem
11810820   __RTA_lat1beg
11810854   __RTA_lat1end
11810860   RTA_F_dispatch
118108ac   RTA_execute
11810a00   _KNL_run
11810c40   _MEM_alloc
11811014   PRD_THOOKFXN
11811014   _KNL_tick
11811040   _MEM_free
11811220   _EXC_dispatch
118113e4   _EXC_setReturnPtr
11811400   PIP_F_take
11811478   PIP_F_give
11811478   PIP_F_probe
11811548   PIP_F_start
118115e0   _SEM_pendEnterKnl
118117c0   __SEM_dopost
11811960   _TSK_setup
11811b00   CLK_F_getltime
11811b10   CLK_F_isr
11811c50   CLK_F_itime
11811c50   _CLK_F_itime
11811c50   _CLK_itime
11811c70   __CLK_lat1beg
11811c90   __CLK_lat1end
11811ca0   _KNL_saveIsrFrame
11811d4c   _KNL_switch
11811df8   KNL_glue
11811e20   __auto_init
11811f60   _TSK_exit
118120a0   _BCACHE_setSize
118120e4   _BCACHE_setMar
11812134   _BCACHE_setCacheToSram
11812164   _BCACHE_getSize
118121b4   _BCACHE_getMar
11812248   _GBL_cacheInit64P
11812300   _KNL_check
1181234c   __KNL_lat1beg
118123c8   _KNL_idle
118123c8   __KNL_lat1end
118123f0   _KNL_max
118124c4   _TSK_startup
11812540   _SEM_post
11812540   _SEM_postBinary
11812620   _KNL_exit
11812660   _KNL_enter
118126e0   _SEM_postEnterKnl
11812780   _SYS_exit
11812820   _KNL_ipost
118128a0   _KNL_post
11812920   _LCK_post
11812940   _LCK_pend
118129a0   LOG_F_event
118129a0   _LOG_event
118129a0   __LOG_lat1beg
11812a20   IDL_F_calibrate
11812aa0   _SYS_error
11812b00   FXN_F_nop
11812b04   FXN_F_run
11812b04   _FXN_F_run
11812b40   FXN_F_zero
11812b40   _FXN_F_zero
11812b60   _HWI_disable
11812b78   _HWI_enable
11812b8c   _HWI_restore
11812bc0   IDL_F_busy
11812bc0   __IDL_lat1beg
11812c00   __IDL_lat1end
11812c20   _SEM_pend
11812c80   STS_F_delta
11812c80   _STS_delta
11812cac   STS_F_add
11812cac   _STS_add
11812cc8   STS_F_reset
11812cc8   _STS_reset
11812ce0   _SYS_abort
11812d40   _CLK_measure
11812da0   IDL_CALIBRFXN
11812da0   IDL_F_stub
11812de0   RTA_F_andn
11812df8   RTA_F_or
11812e20   SYS_ABORTFXN
11812e20   _UTL_doAbort
11812e60   SYS_PUTCFXN
11812e60   _UTL_doPutc
11812ea0   GBL_USERINITFXN
11812ea0   GIO_CREATEFXN
11812ea0   GIO_DELETEFXN
11812ea0   GIO_PENDFXN
11812ea0   GIO_POSTFXN
11812ea0   PWRM_PWRM_SHAREDRESOURCEFXN
11812ea0   PWRM_PWRM_SLOTHOOKFXN
11812ea0   TSK_VCREATEFXN
11812ea0   TSK_VDELETEFXN
11812ea0   TSK_VEXITFXN
11812ea0   _BCACHE_bootInit
11812ea0   _FXN_F_nop
11812ec0   _GBL_getVersion
11812ee0   IDL_F_loop
11812ee0   _IDL_loop
11812f00   _STS_set
11812f20   SYS_ERRORFXN
11812f20   _UTL_doError
11812f40   SYS_EXITFXN
11812f40   _UTL_halt
11812f60   CLK_F_gethtime
11812f60   CLK_TIMEFXN
11812f60   _CLK_gethtime
11812f80   ___cinit__
11812f80   cinit
1181628c   IRAM$B
1181628c   _IRAM_base
1181828c   IDL_A_TABBEG
1181828c   IDL_cpuLoad
1181828c   _IDL_cpuLoad
11818290   LNK_dataPump
11818290   _LNK_dataPump
11818294   RTA_dispatcher
11818294   _RTA_dispatcher
11818298   IDL_END
118182a0   BIOS_init
118182a0   _BIOS_init
11818424   BIOS$$CLKON
11818464   BIOS$$CLKOFF
118184d0   BIOS_start
118184d0   _BIOS_start
11818620   _c_int00
118186e0   _MEM_init
118187a0   _TSK_init
11818800   LOG_system$buf
11819000   trace$buf
1181a000   _HSRTDX_rec
1181a2a0   _RTDX_Buffer_WriteCB
1181a760   _HSRTDX_xmt
1181aa60   _RTDX_Mon_Queue
1181acc0   _RTDX_Poll
1181ad60   _RTDX_Final_RT_Monitor
1181ade0   _RTDX_Buffer_Initialize
1181ae40   _RTDX_Init_RT_Monitor
1181aea0   _RTDX_Buffer_ReadCB
1181aee0   _RTDX_Buffer_Size
1181af20   _RTDX_memfill
1181af60   _RTDX_Buffer_Read
1181af80   _RTDX_Buffer_Write
1181afa0   _RTDX_Mask_IER
1181b040   _RTDX_Buffer
1181b448   _RTDX_Buffer_Start
1181b44c   _RTDX_Buffer_End
1181b450   _rtdx_mon_state
1181b494   _rtdx_buffer_state
1181b4a0   _RTDX_writing
1181b650   __ctypes_
1181b758   _bitval_u32
1181b8ed   PRD0$sts$maxfmt
1181b8f0   TSK_idle$stack
1181b8f6   PRD0$sts$sumfmt
1181b8ff   PRD0$sts$avgfmt
1181b90a   PRD_swi$sts$maxfmt
1181b912   PRD_swi$sts$sumfmt
1181b91a   PRD_swi$sts$avgfmt
1181b924   KNL_swi$sts$maxfmt
1181b92c   KNL_swi$sts$sumfmt
1181b934   KNL_swi$sts$avgfmt
1181b93e   TSK_idle$sts$maxfmt
1181b946   TSK_idle$sts$sumfmt
1181b94e   TSK_idle$sts$avgfmt
1181b958   IDL_busyObj$maxfmt
1181b95b   IDL_busyObj$sumfmt
1181b95e   IDL_busyObj$avgfmt
1181bc88   TSK_idle$stkptr
1181bcf0   GBL_stackbeg
1181bcf0   _HWI_STKTOP
1181bcf0   __stack
1181c0e8   _HWI_STKBOTTOM
1181c0ef   GBL_stackend
1181c0f0   $bss
1181c0f0   .bss
1181c0f0   _HWI_dispatchTab
1181c0f0   __STACK_END
1181c0f0   ___bss__
1181c1f0   IDL_D_tabbeg
1181c1f4   IDL_D_calibrate
1181c1f8   IDL_D_calbeg
1181c1fc   LOG_D_system
1181c1fc   _LOG_D_system
1181c200   PIP_D_tabbeg
1181c204   PIP_D_tablen
1181c208   CLK_R_time
1181c20c   CLK_D_timefxn
1181c210   CLK_D_tabbeg
1181c214   CLK_D_isrhook
1181c218   CLK_D_idletime
1181c21c   _CLK_htimeDiv
1181c220   _CLK_htimeMult
1181c224   _CLK_ltimeDiv
1181c228   _CLK_ltimeMult
1181c22c   _CLK_D_dirty
1181c230   _CLK_D_prd
1181c234   _CLK_D_tddr
1181c238   _CLK_D_countspms
1181c23c   PRD_D_tick
1181c23c   _PRD_D_tick
1181c240   PRD_D_cur
1181c244   PRD_D_elapsed
1181c248   PRD_D_prevtim
1181c24c   PRD_D_scalar
1181c250   PRD_D_swihandle
1181c254   PRD_D_tabbeg
1181c258   PRD_D_tablen
1181c25c   PRD_D_thook
1181c260   RTA_D_fromHost
1181c264   RTA_D_toHost
1181c268   RTA_D_logval
1181c278   RTA_D_stsval
1181c284   HST_D_chanmask
1181c288   HST_D_tabbeg
1181c28c   HST_D_tabend
1181c290   _GBL_procId
1181c294   _GBL_clkIn
1181c298   _GBL_freq
1181c29c   _MEM_D_NUMSEGMENTS
1181c2a0   _MEM_D_memtab
1181c2a4   _MEM_D_freelist
1181c2a8   _MEM_D_lockaddr
1181c2ac   _MEM_D_unlockaddr
1181c2b0   _SYS
1181c2b4   __HOOK_knlId
1181c2b8   __HOOK_NUMHOOKS
1181c2bc   SWI_D_runaddr
1181c2bc   _SWI_D_runaddr
1181c2bc   _SWI_data
1181c2c0   SWI_D_execaddr
1181c2c0   _SWI_D_execaddr
1181c2c4   SWI_D_curmask
1181c2c4   _SWI_D_curmask
1181c2c8   SWI_D_curset
1181c2c8   _SWI_D_curset
1181c2cc   SWI_D_lock
1181c2cc   _SWI_D_lock
1181c2d0   SWI_D_curmbox
1181c2d4   SWI_D_curfxn
1181c2d4   _SWI_D_curfxn
1181c2d8   SWI_D_rdybeg
1181c2d8   _SWI_D_rdybeg
1181c2dc   SWI_D_inswi
1181c2dc   _SWI_D_inswi
1181c2e0   SWI_D_rdytab
1181c358   _KNL_wFlag
1181c35c   _KNL_wList
1181c360   _KNL_alarm
1181c364   _KNL_setpri
1181c368   _KNL_inactive
1181c36c   _KNL_priority
1181c370   _KNL_set
1181c374   _KNL_curtask
1181c378   _KNL_prevtask
1181c37c   _KNL_curtime
1181c380   _KNL_swiptr
1181c384   _KNL_curqueue
1181c388   _KNL_maxqueue
1181c38c   _KNL_tswitchfxn
1181c390   _KNL_tcreatefxn
1181c394   _KNL_tdeletefxn
1181c398   _KNL_treadyfxn
1181c39c   _KNL_idlefxn
1181c3a0   _MEM_memtab
1181c3ac   HST_DSMBUFSEG
1181c3ac   IRAM
1181c3ac   MEM_MALLOCSEG
1181c3ac   MEM_SEGZERO
1181c3ac   RTDX_DATAMEMSEG
1181c3ac   _IRAM
1181c3ac   _SEG0
1181c3b0   RTA_fromHost$pipe$dtab
1181c3bc   RTA_toHost$pipe$dtab
1181c3c8   _EXC_sysTrapTable
1181c3d0   _EXC_returnPtr
1181c3e8   HWI_D_spsave
1181c3e8   _HWI_D_spsave
1181c3e8   _HWI_data
1181c3f4   _HWI_D_inhwi
1181c3f8   HWI_D_bss
1181c3fc   HWI_D_ccmask
1181c400   LNK_dspFrameRequestMask
1181c400   _LNK_dspFrameRequestMask
1181c404   LNK_dspFrameReadyMask
1181c404   _LNK_dspFrameReadyMask
1181c408   LNK_readPend
1181c408   _LNK_readPend
1181c40c   LNK_readDone
1181c40c   _LNK_readDone
1181c410   LNK_readFail
1181c410   _LNK_readFail
1181c414   LNK_writeFail
1181c414   _LNK_writeFail
1181c418   _EXC_exceptionHook
1181c41c   _EXC_internalHook
1181c420   _EXC_externalHook
1181c424   _EXC_nmiHook
1181c430   _rtdxNullChanCnt
1181c434   _rtdxNullFuncCnt
1181c438   _rtdxXmtNotDoneCnt
1181c43c   _rtdxRecNotDoneCnt
1181c440   _rtdxXmtRestartCnt
1181c444   _rtdxXmtErrorCnt
1181c448   _TSK_nTasks
1181c44c   _TSK_pid
1181c450   _TSK
1181c454   _mask
1181c456   _eqBypass
1181c457   _lowCut
1181c458   _midCut
1181c459   _presCut
1181c45a   _highCut
1181c45b   _dist
1181c45c   _writeIndex
1181c460   _CLK_DFLTMICROSECS
1181c464   _CLK_D_microseconds
1181c468   _SYS_exitStackPtr
1181c46c   _SYS_exitStackTop
1181c470   _CLK_htimePerLtime
1181c474   IDL_D_busyObj
1181c478   _MEM
1181c484   _SYS_PUTCBEG
1181c484   ___end__
1181c484   end
1181c683   _SYS_PUTCEND
1181c688   __CIOBUF_
1181c7a8   PRD_SWIHANDLE
1181c7a8   PRD_swi
1181c7a8   SWI_A_TABBEG
1181c7a8   _PRD_swi
1181c7d4   KNL_swi
1181c7d4   _KNL_swi
1181c800   HWI_A_VECS
1181c800   SWI_A_TABEND
1181c800   hwi0
1181c820   hwi1
1181c840   hwi2
1181c860   hwi3
1181c880   hwi4
1181c8a0   hwi5
1181c8c0   hwi6
1181c8e0   hwi7
1181c900   hwi8
1181c920   hwi9
1181c940   hwi10
1181c960   hwi11
1181c980   hwi12
1181c9a0   hwi13
1181c9c0   hwi14
1181c9e0   hwi15
1181ca00   RTA_toHost$buf
1181cb00   PIP_A_TABBEG
1181cb00   RTA_fromHost$pipe
1181cb00   _PIP_A_TABBEG
1181cb04   RTA_fromHost$pipe$rd
1181cb30   RTA_fromHost$pipe$aaa
1181cb34   RTA_fromHost$pipe$wr
1181cb60   RTA_fromHost$pipe$bbb
1181cb64   RTA_toHost$pipe
1181cb68   RTA_toHost$pipe$rd
1181cb94   RTA_toHost$pipe$aaa
1181cb98   RTA_toHost$pipe$wr
1181cbc4   RTA_toHost$pipe$bbb
1181cbc8   PIP_A_TABEND
1181cbc8   _PIP_A_TABEND
1181cbd4   TSK_idle
1181cbd4   _TSK_idle
1181cc28   PRD0$sts$stsobj
1181cc28   STS_A_TABBEG
1181cc28   _STS_A_TABBEG
1181cc2c   PRD0$sts
1181cc38   PRD_swi$sts$stsobj
1181cc3c   PRD_swi$sts
1181cc48   KNL_swi$sts$stsobj
1181cc4c   KNL_swi$sts
1181cc58   TSK_idle$sts$stsobj
1181cc5c   TSK_idle$sts
1181cc68   IDL_busyObj$stsobj
1181cc6c   IDL_busyObj
1181cc6c   _IDL_busyObj
1181cc78   STS_A_TABEND
1181cc78   _STS_A_TABEND
1181cd08   HST_A_TABBEG
1181cd08   _HST_A_TABBEG
1181cd0c   RTA_fromHost
1181cd0c   _RTA_fromHost
1181cd14   RTA_fromHost$rtdx
1181cd28   RTA_toHost
1181cd28   _RTA_toHost
1181cd30   RTA_toHost$rtdx
1181cd44   HST_A_TABEND
1181cd44   LOG_A_TABBEG
1181cd44   LOG_system
1181cd44   _HST_A_TABEND
1181cd44   _LOG_A_TABBEG
1181cd44   _LOG_system
1181cd5c   _trace
1181cd5c   trace
1181cd74   LOG_A_TABEND
1181cd74   PRD0
1181cd74   PRD_A_TABBEG
1181cd74   _LOG_A_TABEND
1181cd74   _PRD0
1181cd90   PRD0$aaa
1181cd94   IDL_A_CALBEG
1181cd94   IDL_cpuLoad$
1181cd94   PRD_A_TABEND
1181cd98   LNK_dataPump$
1181cd9c   RTA_dispatcher$
1181cda0   IDL_END$
1181cda4   SYS$config
1181cdb4   ___pinit__
1181cdb4   pinit
1181cdc0   TRC_cinit
1181cdc4   TRC_R_mask
1181cdc4   _TRC_R_mask
1181cdc8   GBL_initdone
28040d0c   HWI_INTRMUX3
ffffffff   CACHE_L1D
ffffffff   CACHE_L1P
ffffffff   DDR
ffffffff   ECM_EVTMASK0
ffffffff   ECM_EVTMASK1
ffffffff   ECM_EVTMASK2
ffffffff   ECM_EVTMASK3
ffffffff   GBL_L2MAR192_223
ffffffff   L3_CBA_RAM
ffffffff   _CACHE_L1D
ffffffff   _CACHE_L1P
ffffffff   _DDR
ffffffff   _L3_CBA_RAM
ffffffff   ___TI_pprof_out_hndl
ffffffff   ___TI_prof_data_size
ffffffff   ___TI_prof_data_start
ffffffff   ___binit__
ffffffff   ___c_args__
ffffffff   binit

[1171 symbols]
