******************************************************************************
               TMS320C6x Linker PC v7.4.18                     
******************************************************************************
>> Linked Thu Jun 04 10:01:34 2020

OUTPUT FILE NAME:   <GuitarAmpGitVersion.out>
ENTRY POINT SYMBOL: "_c_int00"  address: 11812b80


MEMORY CONFIGURATION

         name            origin    length      used     unused   attr    fill
----------------------  --------  ---------  --------  --------  ----  --------
  IRAM                  11800000   00040000  000146e4  0002b91c  RWIX
  CACHE_L1P             11e00000   00008000  00000000  00008000  RWIX
  CACHE_L1D             11f00000   00008000  00000000  00008000  RWIX
  L3_CBA_RAM            80000000   00020000  00000000  00020000  RWIX
  DDR                   c3000000   01000000  00000000  01000000  RWIX


SECTION ALLOCATION MAP

 output                                  attributes/
section   page    origin      length       input sections
--------  ----  ----------  ----------   ----------------
.vers      0    00000000    0000003c     COPY SECTION
                  00000000    0000003c     hellocfg.obj (.vers)

.data      0    11800000    00000000     UNINITIALIZED

.text      0    11800000    00007ae0     
                  11800000    00000c20     evmc6748_bsl.lib : evmc6748.obj (.text)
                  11800c20    00000620     framework.obj (.text)
                  11801240    000005a0     rts6740.lib : divd.obj (.text:__divd)
                  118017e0    00000580                 : _printfi.obj (.text:__getarg_diouxp)
                  11801d60    00000520                 : _printfi.obj (.text:__setfield)
                  11802280    000004e0     evmc6748_bsl.lib : evmc6748_i2c_gpio.obj (.text)
                  11802760    00000440     rts6740.lib : _printfi.obj (.text:__printfi)
                  11802ba0    000003a0                 : fputs.obj (.text:_fputs)
                  11802f40    00000380     evmc6748_bsl.lib : evmc6748_gpio.obj (.text)
                  118032c0    00000380                      : evmc6748_i2c.obj (.text)
                  11803640    00000320     rts6740.lib : _printfi.obj (.text:__pproc_fge)
                  11803960    000002c0                 : _printfi.obj (.text:__pproc_fwp)
                  11803c20    000002a0                 : _printfi.obj (.text:_ecvt)
                  11803ec0    000002a0                 : _printfi.obj (.text:_fcvt)
                  11804160    00000260                 : imath64.obj (.text:__divull)
                  118043c0    00000260                 : _printfi.obj (.text:__pconv_e)
                  11804620    00000240                 : _printfi.obj (.text:__pproc_diouxp)
                  11804860    00000220                 : _printfi.obj (.text:__pproc_str)
                  11804a80    00000220                 : fputc.obj (.text:_fputc)
                  11804ca0    00000200                 : _printfi.obj (.text:__pconv_g)
                  11804ea0    00000200                 : setvbuf.obj (.text:_setvbuf)
                  118050a0    000001e0     evmc6748_bsl.lib : evmc6748_led.obj (.text)
                  11805280    000001c0     rts6740.lib : _printfi.obj (.text:__mcpy)
                  11805440    000001a0                 : imath40.obj (.text:__divul)
                  118055e0    000001a0     hello.obj (.text)
                  11805780    00000180     rts6740.lib : trgdrv.obj (.text:_HOSTrename)
                  11805900    00000160     evmc6748_bsl.lib : evmc6748_dip.obj (.text)
                  11805a60    00000140     rts6740.lib : _printfi.obj (.text:__pproc_fflags)
                  11805ba0    00000140                 : lowlev.obj (.text:_getdevice)
                  11805ce0    00000120                 : fclose.obj (.text:__closefile)
                  11805e00    00000120                 : _printfi.obj (.text:__ltostr)
                  11805f20    00000120                 : fseek.obj (.text:_fseek)
                  11806040    00000100                 : trgdrv.obj (.text:_HOSTlseek)
                  11806140    00000100                 : _io_perm.obj (.text:__wrt_ok)
                  11806240    00000100                 : sinit.obj (.text:_call_dtors)
                  11806340    000000e0                 : trgdrv.obj (.text:_HOSTopen)
                  11806420    000000e0                 : trgdrv.obj (.text:_HOSTread)
                  11806500    000000e0                 : atoi.obj (.text:_atoi)
                  118065e0    000000e0                 : lowlev.obj (.text:_close)
                  118066c0    000000e0                 : memset.obj (.text:_memset)
                  118067a0    000000e0                 : printf.obj (.text:_printf)
                  11806880    000000c0                 : trgdrv.obj (.text:_HOSTunlink)
                  11806940    000000c0                 : trgdrv.obj (.text:_HOSTwrite)
                  11806a00    000000c0                 : _printfi.obj (.text:__div)
                  11806ac0    000000c0                 : divu.obj (.text:__divu)
                  11806b80    000000c0                 : fflush.obj (.text:__doflush)
                  11806c40    000000c0                 : atexit.obj (.text:_atexit)
                  11806d00    000000c0                 : ltoa.obj (.text:_ltoa)
                  11806dc0    000000c0     bios.a674 : tsk_stup.o674 (.text)
                  11806e80    000000a0     rts6740.lib : trgdrv.obj (.text:_HOSTclose)
                  11806f20    000000a0                 : fopen.obj (.text:__cleanup)
                  11806fc0    000000a0                 : imath40.obj (.text:__divli)
                  11807060    000000a0                 : _printfi.obj (.text:__ecpy)
                  11807100    000000a0                 : _printfi.obj (.text:__fcpy)
                  118071a0    000000a0                 : fixdli.obj (.text:__fixdli)
                  11807240    000000a0                 : _printfi.obj (.text:__pconv_f)
                  118072e0    000000a0                 : lowlev.obj (.text:_finddevice)
                  11807380    000000a0                 : lowlev.obj (.text:_lseek)
                  11807420    000000a0                 : memcpy64.obj (.text:_memcpy)
                  118074c0    000000a0                 : lowlev.obj (.text:_write)
                  11807560    00000080                 : fltlid.obj (.text:__fltlid)
                  118075e0    00000080                 : llshift.obj (.text:__llshl)
                  11807660    00000080                 : trgmsg.obj (.text:_readmsg)
                  118076e0    00000080                 : lowlev.obj (.text:_unlink)
                  11807760    00000060                 : imath64.obj (.text:__subcull)
                  118077c0    00000060                 : memccpy.obj (.text:_memccpy)
                  11807820    00000060                 : trgmsg.obj (.text:_writemsg)
                  11807880    00000040                 : sinit.obj (.text:___add_dtor)
                  118078c0    00000040                 : isinf.obj (.text:___isinf)
                  11807900    00000040                 : _printfi.obj (.text:___isnan)
                  11807940    00000040                 : frcmpyd_div.obj (.text:__frcmpyd_div)
                  11807980    00000040                 : llshift.obj (.text:__llshru)
                  118079c0    00000040                 : imath40.obj (.text:__remli)
                  11807a00    00000020                 : negll.obj (.text:__negll)
                  11807a20    00000020                 : _lock.obj (.text:__nop)
                  11807a40    00000020                 : printf.obj (.text:__outc)
                  11807a60    00000020                 : printf.obj (.text:__outs)
                  11807a80    00000020                 : _lock.obj (.text:__register_lock)
                  11807aa0    00000020                 : _lock.obj (.text:__register_unlock)
                  11807ac0    00000020                 : remove.obj (.text:_remove)

.bios      0    11807ae0    000042e0     
                  11807ae0    000005c0     lnkrtdx.a674 : rtdx.o674 (.bios)
                  118080a0    00000580     bios.a674 : exc.o674 (.bios)
                  11808620    000004e0               : hwi_disp_asm.o674 (.bios)
                  11808b00    000004c0               : swi.o674 (.bios)
                  11808fc0    00000380               : prd.o674 (.bios)
                  11809340    00000280               : malloc.o674 (.bios)
                  118095c0    00000280               : rta.o674 (.bios)
                  11809840    00000240               : knl_run.o674 (.bios)
                  11809a80    00000200               : mem_allo.o674 (.bios:.near)
                  11809c80    00000200               : knl_tick.o674 (.bios)
                  11809e80    000001e0               : mem_free.o674 (.bios:.near)
                  1180a060    000001e0               : exc_asm.o674 (.bios)
                  1180a240    000001e0               : pip.o674 (.bios)
                  1180a420    000001e0               : sem_pend.o674 (.bios)
                  1180a600    000001a0               : sem_dopo.o674 (.bios)
                  1180a7a0    000001a0               : tsk_setu.o674 (.bios)
                  1180a940    000001a0     bios6748.a674 : clk.o674 (.bios)
                  1180aae0    00000180     bios.a674 : knl_swit.o674 (.bios)
                  1180ac60    00000140               : autoinit.o674 (.bios)
                  1180ada0    00000140               : tsk_exit.o674 (.bios)
                  1180aee0    00000140     bios6748.a674 : bcache_init.o674 (.bios)
                  1180b020    00000120     bios.a674 : gbl_cacheinit64P.o674 (.bios)
                  1180b140    00000120               : knl_chec.o674 (.bios)
                  1180b260    00000120               : tsk_stup.o674 (.bios)
                  1180b380    000000e0               : sem_post_asm.o674 (.bios)
                  1180b460    000000c0               : knl_exit.o674 (.bios)
                  1180b520    000000a0               : sem_post.o674 (.bios)
                  1180b5c0    000000a0               : sys_exit.o674 (.bios)
                  1180b660    00000080               : knl_ipos.o674 (.bios)
                  1180b6e0    00000080               : knl_post.o674 (.bios)
                  1180b760    00000080               : lck.o674 (.bios)
                  1180b7e0    00000080               : log.o674 (.bios)
                  1180b860    00000080     bios6748.a674 : idl_cal.o674 (.bios)
                  1180b8e0    00000060     bios.a674 : sys_erro.o674 (.bios:.near)
                  1180b940    00000060               : fxn.o674 (.bios)
                  1180b9a0    00000060               : hwi_c.o674 (.bios)
                  1180ba00    00000060               : idl_busy.o674 (.bios)
                  1180ba60    00000060               : sem_pend_counting.o674 (.bios)
                  1180bac0    00000060               : sts.o674 (.bios)
                  1180bb20    00000060               : sys_abor.o674 (.bios)
                  1180bb80    00000060     bios6748.a674 : clk_meas.o674 (.bios)
                  1180bbe0    00000040     bios.a674 : idl_stub.o674 (.bios)
                  1180bc20    00000040               : rta_andn.o674 (.bios)
                  1180bc60    00000040               : utl_doab.o674 (.bios)
                  1180bca0    00000040               : utl_putc.o674 (.bios)
                  1180bce0    00000020               : fxn_c.o674 (.bios)
                  1180bd00    00000020               : gbl_vers.o674 (.bios)
                  1180bd20    00000020               : idl.o674 (.bios)
                  1180bd40    00000020               : sts_set.o674 (.bios)
                  1180bd60    00000020               : utl_doer.o674 (.bios)
                  1180bd80    00000020               : utl_halt.o674 (.bios)
                  1180bda0    00000020     bios6748.a674 : clk_gethtime.o674 (.bios)

.IRAM$heap 
*          0    1180bdc0    00002000     UNINITIALIZED
                  1180bdc0    00002000     --HOLE--

.cinit     0    1180ddc0    0000133c     
                  1180ddc0    000006c4     hellocfg.obj (.cinit)
                  1180e484    00000004     --HOLE-- [fill = 0]
                  1180e488    000002c8     hello.obj (.cinit)
                  1180e750    0000026c     bios.a674 : biosdata.o674 (.cinit)
                  1180e9bc    00000004     --HOLE-- [fill = 0]
                  1180e9c0    000001a4               : knl.o674 (.cinit)
                  1180eb64    00000004     --HOLE-- [fill = 0]
                  1180eb68    000000b0               : swi.o674 (.cinit)
                  1180ec18    00000080               : tsk.o674 (.cinit)
                  1180ec98    00000068     rtdx64xplus.lib : rtdx_mon.o64P (.cinit)
                  1180ed00    00000060     bios.a674 : tsk_stup.o674 (.cinit)
                  1180ed60    0000005c     lnkrtdx.a674 : rtdx.o674 (.cinit)
                  1180edbc    00000004     --HOLE-- [fill = 0]
                  1180edc0    0000005c     rts6740.lib : defs.obj (.cinit)
                  1180ee1c    00000004     --HOLE-- [fill = 0]
                  1180ee20    0000005c                 : lowlev.obj (.cinit)
                  1180ee7c    00000004     --HOLE-- [fill = 0]
                  1180ee80    0000004c     bios.a674 : rta.o674 (.cinit)
                  1180eecc    00000004     --HOLE-- [fill = 0]
                  1180eed0    0000004c     rtdx64xplus.lib : buffer1.o64P (.cinit)
                  1180ef1c    00000004     --HOLE-- [fill = 0]
                  1180ef20    0000003c     bios.a674 : exc.o674 (.cinit)
                  1180ef5c    00000004     --HOLE-- [fill = 0]
                  1180ef60    00000034               : hwi.o674 (.cinit)
                  1180ef94    00000004     --HOLE-- [fill = 0]
                  1180ef98    0000002c               : utl_putc.o674 (.cinit)
                  1180efc4    00000004     --HOLE-- [fill = 0]
                  1180efc8    0000002c     rts6740.lib : exit.obj (.cinit)
                  1180eff4    00000004     --HOLE-- [fill = 0]
                  1180eff8    00000024     bios.a674 : obj_init.o674 (.cinit)
                  1180f01c    00000004     --HOLE-- [fill = 0]
                  1180f020    0000001c               : exc_asm.o674 (.cinit)
                  1180f03c    00000004     --HOLE-- [fill = 0]
                  1180f040    0000001c               : sys.o674 (.cinit)
                  1180f05c    00000004     --HOLE-- [fill = 0]
                  1180f060    0000001c     rts6740.lib : _lock.obj (.cinit)
                  1180f07c    00000004     --HOLE-- [fill = 0]
                  1180f080    0000001c                 : atexit.obj (.cinit)
                  1180f09c    00000004     --HOLE-- [fill = 0]
                  1180f0a0    00000018     bios.a674 : knl_tick.o674 (.cinit)
                  1180f0b8    0000000c               : idl_busy.o674 (.cinit)
                  1180f0c4    00000004     --HOLE-- [fill = 0]
                  1180f0c8    0000000c               : knl_swit.o674 (.cinit)
                  1180f0d4    00000004     --HOLE-- [fill = 0]
                  1180f0d8    0000000c     rts6740.lib : fopen.obj (.cinit)
                  1180f0e4    00000004     --HOLE-- [fill = 0]
                  1180f0e8    0000000c                 : sinit.obj (.cinit)
                  1180f0f4    00000004     --HOLE-- [fill = 0]
                  1180f0f8    00000004     (.pad.cinit) [fill = 0]

.args      0    1180f0fc    00000004     
                  1180f0fc    00000004     --HOLE-- [fill = 0]

.far       0    1180f100    00000ac0     UNINITIALIZED
                  1180f100    00000324     rts6740.lib : defs.obj (.far)
                  1180f424    00000004     bios6748.a674 : clk_data.o674 (.far)
                  1180f428    00000290     hello.obj (.far)
                  1180f6b8    00000188     rts6740.lib : atexit.obj (.far)
                  1180f840    0000011c                 : lowlev.obj (.far)
                  1180f95c    00000004                 : fopen.obj (.far)
                  1180f960    000000d8     bios.a674 : knl.o674 (.far)
                  1180fa38    0000005c               : tsk.o674 (.far)
                  1180fa94    00000004     rts6740.lib : sinit.obj (.far)
                  1180fa98    00000054     bios.a674 : obj_init.o674 (.far)
                  1180faec    00000050               : tsk_stup.o674 (.far)
                  1180fb3c    00000004     --HOLE--
                  1180fb40    00000020               : sys.o674 (.far)
                  1180fb60    00000018     rtdx64xplus.lib : rtdx_mon.o64P (.far)
                  1180fb78    00000010     bios.a674 : exc.o674 (.far)
                  1180fb88    00000010               : knl_tick.o674 (.far)
                  1180fb98    0000000c               : utl_putc.o674 (.far)
                  1180fba4    0000000c     rts6740.lib : exit.obj (.far)
                  1180fbb0    00000008                 : _lock.obj (.far)
                  1180fbb8    00000008                 : trgdrv.obj (.far)

.const     0    1180fbc0    00000419     
                  1180fbc0    00000193     bios.a674 : exc.o674 (.const:.string)
                  1180fd53    00000004               : mem_allo.o674 (.const:.string)
                  1180fd57    00000001     --HOLE-- [fill = 0]
                  1180fd58    00000101     rts6740.lib : ctype.obj (.const:.string:__ctypes_)
                  1180fe59    00000004     bios.a674 : mem_free.o674 (.const:.string)
                  1180fe5d    00000002     rts6740.lib : fputs.obj (.const:.string)
                  1180fe5f    00000001     --HOLE-- [fill = 0]
                  1180fe60    00000080     evmc6748_bsl.lib : evmc6748.obj (.const:_bitval_u32)
                  1180fee0    0000004e     bios.a674 : tsk_stup.o674 (.const:.string)
                  1180ff2e    00000002     --HOLE-- [fill = 0]
                  1180ff30    00000040     evmc6748_bsl.lib : evmc6748.obj (.const:.string)
                  1180ff70    00000023     bios.a674 : utl_doab.o674 (.const:.string)
                  1180ff93    00000023     rts6740.lib : _printfi.obj (.const:.string)
                  1180ffb6    00000022     bios.a674 : utl_doer.o674 (.const:.string)
                  1180ffd8    00000001               : tsk.o674 (.const:.string)

.printf    0    1180ffd9    00000076     COPY SECTION
                  1180ffd9    00000076     hellocfg.obj (.printf)

.prd       0    1180ffdc    00000020     UNINITIALIZED
                  1180ffdc    00000020     hellocfg.obj (.prd)

.mem       0    1180fffc    00000004     UNINITIALIZED
                  1180fffc    00000004     hellocfg.obj (.mem)

.trace$buf 
*          0    11810000    00001000     UNINITIALIZED
                  11810000    00001000     hellocfg.obj (.trace$buf)

.rtdx_text 
*          0    11811000    00000fc0     
                  11811000    000002a0     rtdx64xplus.lib : rtdx_mon.o64P (.rtdx_text:_HSRTDX_rec)
                  118112a0    00000260                     : buffer1.o64P (.rtdx_text:_RTDX_Buffer_WriteCB)
                  11811500    00000260                     : buffer1.o64P (.rtdx_text:_RTDX_write_next)
                  11811760    000001a0                     : rtdx_mon.o64P (.rtdx_text:_HSRTDX_xmt)
                  11811900    00000160                     : rtdx_mon.o64P (.rtdx_text:_RTDX_Send_To_Host)
                  11811a60    000000e0                     : rtdx_mon.o64P (.rtdx_text:_RTDX_Mon_Queue)
                  11811b40    000000e0                     : buffer1.o64P (.rtdx_text:_claim)
                  11811c20    000000a0                     : rtdx_mon.o64P (.rtdx_text:_RTDX_GetH2THeader)
                  11811cc0    000000a0                     : rtdx_mon.o64P (.rtdx_text:_RTDX_Poll)
                  11811d60    00000080                     : rtdx_mon.o64P (.rtdx_text:_RTDX_Final_RT_Monitor)
                  11811de0    00000060                     : buffer1.o64P (.rtdx_text:_RTDX_Buffer_Initialize)
                  11811e40    00000060                     : rtdx_mon.o64P (.rtdx_text:_RTDX_Init_RT_Monitor)
                  11811ea0    00000040                     : buffer2.o64P (.rtdx_text:_RTDX_Buffer_ReadCB)
                  11811ee0    00000040                     : buffer1.o64P (.rtdx_text:_RTDX_Buffer_Size)
                  11811f20    00000040                     : memfill.o64P (.rtdx_text:_RTDX_memfill)
                  11811f60    00000020                     : buffer2.o64P (.rtdx_text:_RTDX_Buffer_Read)
                  11811f80    00000020                     : buffer1.o64P (.rtdx_text:_RTDX_Buffer_Write)
                  11811fa0    00000020                     : intr_tgt.o64P (.rtdx_text)

.hst       0    11811fc0    0000003c     UNINITIALIZED
                  11811fc0    0000003c     hellocfg.obj (.hst)

.LOG_system$buf 
*          0    11812000    00000800     UNINITIALIZED
                  11812000    00000800     hellocfg.obj (.LOG_system$buf)

.sysinit   0    11812800    00000560     
                  11812800    00000380     hellocfg.obj (.sysinit)
                  11812b80    000000c0     bios.a674 : boot.o674 (.sysinit)
                  11812c40    000000c0               : mem_init.o674 (.sysinit)
                  11812d00    00000060               : tsk_init.o674 (.sysinit)

.hst1      0    11812d60    00000010     UNINITIALIZED
                  11812d60    00000010     hellocfg.obj (.hst1)

.idl       0    11812d70    00000010     UNINITIALIZED
                  11812d70    00000010     hellocfg.obj (.idl)

.rtdx_data 
*          0    11812d80    000004f4     UNINITIALIZED
                  11812d80    00000080     --HOLE--
                  11812e00    00000410     hellocfg.obj (.rtdx_data)
                  11813210    00000044     rtdx64xplus.lib : rtdx_mon.o64P (.rtdx_data)
                  11813254    00000020                     : buffer1.o64P (.rtdx_data)

.TSK_idle$stk 
*          0    11813278    00000400     UNINITIALIZED
                  11813278    00000400     hellocfg.obj (.TSK_idle$stk)

.stack     0    11813678    00000400     UNINITIALIZED
                  11813678    00000400     --HOLE--

.bss       0    11813a78    00000387     UNINITIALIZED
                  11813a78    00000100     bios.a674 : hwi_disp_asm.o674 (.bss)
                  11813b78    000000cc               : biosdata.o674 (.bss)
                  11813c44    0000009c               : swi.o674 (.bss)
                  11813ce0    00000048               : knl.o674 (.bss)
                  11813d28    00000028     hellocfg.obj (.bss)
                  11813d50    00000020     bios.a674 : exc_asm.o674 (.bss)
                  11813d70    00000018               : hwi.o674 (.bss)
                  11813d88    00000018     lnkrtdx.a674 : rtdx.o674 (.bss)
                  11813da0    00000010     bios.a674 : exc.o674 (.bss)
                  11813db0    00000010     rtdx64xplus.lib : buffer1.o64P (.bss)
                  11813dc0    00000010                     : rtdx_mon.o64P (.bss)
                  11813dd0    0000000c     bios.a674 : tsk.o674 (.bss)
                  11813ddc    00000008               : clk_data.o674 (.bss)
                  11813de4    00000008               : sys.o674 (.bss)
                  11813dec    00000004               : clk_data2.o674 (.bss)
                  11813df0    00000004               : idl_busy.o674 (.bss)
                  11813df4    00000004               : mem_asm.o674 (.bss)
                  11813df8    00000004     evmc6748_bsl.lib : evmc6748_i2c.obj (.bss)
                  11813dfc    00000003     hello.obj (.bss)

.trace     0    11813e00    00000200     
                  11813e00    00000200     --HOLE-- [fill = 00000000]

.hwi_vec   0    11814000    00000200     
                  11814000    00000200     hellocfg.obj (.hwi_vec)

.cio       0    11814200    00000120     UNINITIALIZED
                  11814200    00000120     rts6740.lib : trgmsg.obj (.cio)

.hst0      0    11814320    00000100     UNINITIALIZED
                  11814320    00000100     hellocfg.obj (.hst0)

.pip       0    11814420    000000c8     UNINITIALIZED
                  11814420    000000c8     hellocfg.obj (.pip)

.tsk       0    118144e8    00000060     UNINITIALIZED
                  118144e8    00000060     hellocfg.obj (.tsk)

.swi       0    11814548    00000058     UNINITIALIZED
                  11814548    00000058     hellocfg.obj (.swi)

.sts       0    118145a0    00000050     
                  118145a0    00000050     hellocfg.obj (.sts)

.gblinit   0    118145f0    0000004c     
                  118145f0    0000004c     hellocfg.obj (.gblinit)

.switch    0    1181463c    00000044     
                  1181463c    00000024     evmc6748_bsl.lib : evmc6748_gpio.obj (.switch:_getRegisterBankAndBit)
                  11814660    00000020                      : evmc6748_dip.obj (.switch:_convertDipToI2CGpio)

.log       0    11814680    00000030     
                  11814680    00000030     hellocfg.obj (.log)

.idlcal    0    118146b0    00000010     UNINITIALIZED
                  118146b0    00000010     hellocfg.obj (.idlcal)

.sys       0    118146c0    00000010     UNINITIALIZED
                  118146c0    00000010     hellocfg.obj (.sys)

.pinit     0    118146d0    0000000c     
                  118146d0    00000004     rtdx64xplus.lib : buffer1.o64P (.pinit)
                  118146d4    00000004                     : rtdx_mon.o64P (.pinit)
                  118146d8    00000004     --HOLE-- [fill = 0]

.trcdata   0    118146dc    0000000c     
                  118146dc    0000000c     bios.a674 : trc.o674 (.trcdata)

.clk       0    118146e8    00000008     UNINITIALIZED
                  118146e8    00000008     hellocfg.obj (.clk)


GLOBAL SYMBOLS: SORTED ALPHABETICALLY BY Name 

address    name
--------   ----
11813a78   $bss
11813a78   .bss
11800000   .data
11800000   .text
118129c4   BIOS$$CLKOFF
11812984   BIOS$$CLKON
11812800   BIOS_init
11812a30   BIOS_start
00000000   BUF$
00000001   BUF_ENABLED
11807878   C$$IO$$
ffffffff   CACHE_L1D
ffffffff   CACHE_L1P
00000001   CLK$
118146e8   CLK_A_TABBEG
00000001   CLK_CALDIV
00000001   CLK_CALMULT
000493e0   CLK_COUNTSPMS
00000004   CLK_COUNTSPMSHIGH
11813ba0   CLK_D_idletime
11813b9c   CLK_D_isrhook
11813b98   CLK_D_tabbeg
11813b94   CLK_D_timefxn
00000001   CLK_ENABLEHTIME
1180bda0   CLK_F_gethtime
1180a940   CLK_F_getltime
1180a950   CLK_F_isr
1180aa90   CLK_F_itime
11808620   CLK_HOOKFXN
00000001   CLK_HTIMEDIV
00000001   CLK_HTIMEMULT
000493e0   CLK_HTIMEPERLTIME
00005dc0   CLK_INPUTCLK
00004000   CLK_INTBIT
00000001   CLK_LTIMEDIV
000493e0   CLK_LTIMEMULT
000003e8   CLK_MICROSECS
00000001   CLK_POWERENABLE
00005dc0   CLK_PRD
00000000   CLK_PRDHIGH
01c20000   CLK_REGS
00000001   CLK_RESETTIMER
11813b90   CLK_R_time
00000020   CLK_TCR
00000000   CLK_TDDR
00000000   CLK_TDDRHIGH
1180bda0   CLK_TIMEFXN
00000000   CLK_TIMERNUM
00000005   CLK_TIMMODE
00000001   CLK_USETIMER
118146ec   CLK_null
ffffffff   DDR
00000000   DEV$
00000000   DGN$
00000000   DHL$
00000000   DHL_gChannelsAvailable
00000000   DIO$
00000000   DIO_NUMSWIBASE
00000000   DIO_NUMTSKBASE
00000000   DIO_STATIC
00000000   DPI$
00000000   ECM$
00000000   ECM_ENABLE
ffffffff   ECM_EVTMASK0
ffffffff   ECM_EVTMASK1
ffffffff   ECM_EVTMASK2
ffffffff   ECM_EVTMASK3
0000000a   EVENT10
00000064   EVENT100
00000065   EVENT101
00000066   EVENT102
00000067   EVENT103
00000068   EVENT104
00000069   EVENT105
0000006a   EVENT106
0000006b   EVENT107
0000006c   EVENT108
0000006d   EVENT109
0000000b   EVENT11
0000006e   EVENT110
0000006f   EVENT111
00000070   EVENT112
00000071   EVENT113
00000072   EVENT114
00000073   EVENT115
00000074   EVENT116
00000075   EVENT117
00000076   EVENT118
00000077   EVENT119
0000000c   EVENT12
00000078   EVENT120
00000079   EVENT121
0000007a   EVENT122
0000007b   EVENT123
0000007c   EVENT124
0000007d   EVENT125
0000007e   EVENT126
0000007f   EVENT127
0000000d   EVENT13
0000000e   EVENT14
0000000f   EVENT15
00000010   EVENT16
00000011   EVENT17
00000012   EVENT18
00000013   EVENT19
00000014   EVENT20
00000015   EVENT21
00000016   EVENT22
00000017   EVENT23
00000018   EVENT24
00000019   EVENT25
0000001a   EVENT26
0000001b   EVENT27
0000001c   EVENT28
0000001d   EVENT29
0000001e   EVENT30
0000001f   EVENT31
00000020   EVENT32
00000021   EVENT33
00000022   EVENT34
00000023   EVENT35
00000024   EVENT36
00000025   EVENT37
00000026   EVENT38
00000027   EVENT39
00000004   EVENT4
00000028   EVENT40
00000029   EVENT41
0000002a   EVENT42
0000002b   EVENT43
0000002c   EVENT44
0000002d   EVENT45
0000002e   EVENT46
0000002f   EVENT47
00000030   EVENT48
00000031   EVENT49
00000005   EVENT5
00000032   EVENT50
00000033   EVENT51
00000034   EVENT52
00000035   EVENT53
00000036   EVENT54
00000037   EVENT55
00000038   EVENT56
00000039   EVENT57
0000003a   EVENT58
0000003b   EVENT59
00000006   EVENT6
0000003c   EVENT60
0000003d   EVENT61
0000003e   EVENT62
0000003f   EVENT63
00000040   EVENT64
00000041   EVENT65
00000042   EVENT66
00000043   EVENT67
00000044   EVENT68
00000045   EVENT69
00000007   EVENT7
00000046   EVENT70
00000047   EVENT71
00000048   EVENT72
00000049   EVENT73
0000004a   EVENT74
0000004b   EVENT75
0000004c   EVENT76
0000004d   EVENT77
0000004e   EVENT78
0000004f   EVENT79
00000008   EVENT8
00000050   EVENT80
00000051   EVENT81
00000052   EVENT82
00000053   EVENT83
00000054   EVENT84
00000055   EVENT85
00000056   EVENT86
00000057   EVENT87
00000058   EVENT88
00000059   EVENT89
00000009   EVENT9
0000005a   EVENT90
0000005b   EVENT91
0000005c   EVENT92
0000005d   EVENT93
0000005e   EVENT94
0000005f   EVENT95
00000060   EVENT96
00000061   EVENT97
00000062   EVENT98
00000063   EVENT99
1180b940   FXN_F_nop
1180b944   FXN_F_run
1180b980   FXN_F_zero
00000001   GBL$
00005205   GBL_A_VERSION
00000000   GBL_BCACHEREADADDR0
00000000   GBL_BCACHEREADADDR1
00000000   GBL_BCACHEREADADDR2
00000000   GBL_BIGENDIAN
00000000   GBL_CACHE
00000000   GBL_CALLCSLCFGINIT
00004e20   GBL_CLKIN
00001a5b   GBL_CLKTYPE
00001a5c   GBL_DSPSUBTYPE
0000003e   GBL_DSPTYPE
00000001   GBL_ENABLEINST
00000000   GBL_ENABLE_SK
00000042   GBL_FOOTPRINT
000493e0   GBL_FREQ
00000000   GBL_GEMTRUECOMPEN
00000007   GBL_L1DMODE
00000007   GBL_L1PMODE
00000001   GBL_L2CONFIGURE
00000000   GBL_L2MAR0_31
00000001   GBL_L2MAR128_159
00000000   GBL_L2MAR160_191
ffffffff   GBL_L2MAR192_223
00000000   GBL_L2MAR224_255
00000000   GBL_L2MAR32_63
00000000   GBL_L2MAR64_95
00000000   GBL_L2MAR96_127
00000000   GBL_L2MODE
00000000   GBL_NULL
00000000   GBL_PROCID
00000000   GBL_ROM
00000000   GBL_SUPPORTCSL
0000dbef   GBL_TRCMASKVALUE
00000000   GBL_USERINIT
1180bce0   GBL_USERINITFXN
00000001   GBL_boot
118146e4   GBL_initdone
11813678   GBL_stackbeg
11813a77   GBL_stackend
00000000   GIO$
1180bce0   GIO_CREATEFXN
1180bce0   GIO_DELETEFXN
1180bce0   GIO_PENDFXN
1180bce0   GIO_POSTFXN
00000000   HOOK$
00000000   HOOK_KNLID
00000001   HST$
11811fc0   HST_A_TABBEG
11811ffc   HST_A_TABEND
00000000   HST_DSM
11813d34   HST_DSMBUFSEG
00000400   HST_DSMMEMSIZE
11813c0c   HST_D_chanmask
11813c10   HST_D_tabbeg
11813c14   HST_D_tabend
000000ff   HST_MAXFRAMEALLOWED
00000040   HST_MAXFRAMESET
00000000   HST_NONE
00000001   HST_RTDX
00000001   HWI$
11814000   HWI_A_VECS
00005828   HWI_CFGDISPATCHED
11813d80   HWI_D_bss
11813d84   HWI_D_ccmask
11813d70   HWI_D_spsave
00000001   HWI_ENABLE_EXC
11808620   HWI_F_dispatch
00000000   HWI_GENERATE_RESET_VEC
0000000a   HWI_INT10
00000000   HWI_INT10$hwi
0000000b   HWI_INT11
00000000   HWI_INT11$hwi
0000000c   HWI_INT12
00000000   HWI_INT12$hwi
0000000d   HWI_INT13
00000000   HWI_INT13$hwi
0000000e   HWI_INT14
00000000   HWI_INT14$hwi
0000000f   HWI_INT15
00000000   HWI_INT15$hwi
00000004   HWI_INT4
00000000   HWI_INT4$hwi
00000005   HWI_INT5
00000000   HWI_INT5$hwi
00000006   HWI_INT6
00000000   HWI_INT6$hwi
00000007   HWI_INT7
00000000   HWI_INT7$hwi
00000008   HWI_INT8
00000000   HWI_INT8$hwi
00000009   HWI_INT9
00000000   HWI_INT9$hwi
07063d04   HWI_INTRMUX1
0b0a0908   HWI_INTRMUX2
28040d0c   HWI_INTRMUX3
00000001   HWI_NMI
00000000   HWI_NMI$hwi
00000000   HWI_POLARITYMASK
00000002   HWI_RESERVED0
00000000   HWI_RESERVED0$hwi
00000003   HWI_RESERVED1
00000000   HWI_RESERVED1$hwi
00000000   HWI_RESET
00000000   HWI_RESET$hwi
00000000   HWI_ZEROTAB
00000001   IDL$
118146b0   IDL_A_CALBEG
11812d70   IDL_A_TABBEG
00000006   IDL_CALIBRERROR
1180bbe0   IDL_CALIBRFXN
11813df0   IDL_D_busyObj
11813b80   IDL_D_calbeg
11813b7c   IDL_D_calibrate
11813b78   IDL_D_tabbeg
11812d7c   IDL_END
118146bc   IDL_END$
1180ba00   IDL_F_busy
1180b860   IDL_F_calibrate
1180bd20   IDL_F_loop
1180bbe0   IDL_F_stub
00000001   IDL_USECLKIDLTIME
118145e4   IDL_busyObj
1181004a   IDL_busyObj$avgfmt
00000001   IDL_busyObj$filter
00000001   IDL_busyObj$iA
00000000   IDL_busyObj$iB
00000001   IDL_busyObj$iC
11810044   IDL_busyObj$maxfmt
00000000   IDL_busyObj$operation
118145e0   IDL_busyObj$stsobj
11810047   IDL_busyObj$sumfmt
00000002   IDL_busyObj$unittype
11812d70   IDL_cpuLoad
118146b0   IDL_cpuLoad$
11813d34   IRAM
1180bdc0   IRAM$B
00002000   IRAM$L
00000001   ISRC$
1180ac38   KNL_glue
11814574   KNL_swi
00000001   KNL_swi$dorta
00000002   KNL_swi$ord
00000000   KNL_swi$pri
118145c4   KNL_swi$sts
11810020   KNL_swi$sts$avgfmt
00000002   KNL_swi$sts$filter
00000001   KNL_swi$sts$filtmaxmult
00000001   KNL_swi$sts$filtsummult
11810010   KNL_swi$sts$maxfmt
118145c0   KNL_swi$sts$stsobj
11810018   KNL_swi$sts$sumfmt
00000000   KNL_swi$sts$unittype
00000000   KNL_swi$swi
ffffffff   L3_CBA_RAM
00000001   LCK$
11807ae0   LNK_F_checkBufferCall
11807b60   LNK_F_dataPump
11807b00   LNK_F_getChanPtr
11807b58   LNK_F_init
11808068   LNK_F_readCallBack
11812d74   LNK_dataPump
118146b4   LNK_dataPump$
11813d8c   LNK_dspFrameReadyMask
11813d88   LNK_dspFrameRequestMask
11807de0   LNK_newin
11807f14   LNK_newout
11807b70   LNK_rcloop
11807c34   LNK_rdrtry
11813d94   LNK_readDone
11813d98   LNK_readFail
11813d90   LNK_readPend
11807c44   LNK_rrloop
11813d9c   LNK_writeFail
11807d10   LNK_wrloop
11807d04   LNK_wrrtry
00000001   LOG$
11814680   LOG_A_TABBEG
118146b0   LOG_A_TABEND
00000002   LOG_A_TABLEN
11813b84   LOG_D_system
00000001   LOG_ENABLED
1180b7e0   LOG_F_event
11814680   LOG_system
11812000   LOG_system$buf
00000000   LOG_system$datatype
00000000   LOG_system$log
00000200   LOG_system$size
00000000   MBX$
00000001   MEM$
11813d34   MEM_MALLOCSEG
00000000   MEM_NULL
11813d34   MEM_SEGZERO
00000000   MEM_USEMPC
00000001   MEM_gNumHeap
00000000   MSGQ$
00000000   MSGQ_USEMSGQ
00000000   OBJ$
00000000   PIP$
11814420   PIP_A_TABBEG
118144e8   PIP_A_TABEND
00000002   PIP_A_TABLEN
11813b88   PIP_D_tabbeg
11813b8c   PIP_D_tablen
1180a2b8   PIP_F_give
1180a2b8   PIP_F_probe
1180a388   PIP_F_start
1180a240   PIP_F_take
00000064   PIP_OBJSIZE
00000000   PIP_gNextId
00000002   PIP_gNumEmbed
00000000   POOL$
00000000   POOL_USEPOOL
00000001   PRD$
1180ffdc   PRD0
1180fff8   PRD0$aaa
00000000   PRD0$mode
00000001   PRD0$ord
000001f4   PRD0$period
00000000   PRD0$prd
118145a4   PRD0$sts
1180ffeb   PRD0$sts$avgfmt
00000000   PRD0$sts$filter
1180ffd9   PRD0$sts$maxfmt
118145a0   PRD0$sts$stsobj
1180ffe2   PRD0$sts$sumfmt
00000002   PRD0$sts$unittype
1180ffdc   PRD_A_TABBEG
1180fffc   PRD_A_TABEND
00000001   PRD_A_TABLEN
11813bc8   PRD_D_cur
11813bcc   PRD_D_elapsed
11813bd0   PRD_D_prevtim
11813bd4   PRD_D_scalar
11813bd8   PRD_D_swihandle
11813bdc   PRD_D_tabbeg
11813be0   PRD_D_tablen
11813be4   PRD_D_thook
11813bc4   PRD_D_tick
11808fc0   PRD_F_swi
11809244   PRD_F_tick
00000001   PRD_SCALAR
11814548   PRD_SWIHANDLE
11809e54   PRD_THOOKFXN
118146e8   PRD_clock
11814548   PRD_swi
00000001   PRD_swi$dorta
00000001   PRD_swi$ord
00000001   PRD_swi$pri
118145b4   PRD_swi$sts
11810006   PRD_swi$sts$avgfmt
00000002   PRD_swi$sts$filter
00000001   PRD_swi$sts$filtmaxmult
00000001   PRD_swi$sts$filtsummult
1180fff6   PRD_swi$sts$maxfmt
118145b0   PRD_swi$sts$stsobj
1180fffe   PRD_swi$sts$sumfmt
00000000   PRD_swi$sts$unittype
00000000   PRD_swi$swi
00000001   PWRM$
00000030   PWRM_PWRM_CAPSMASK
0000000a   PWRM_PWRM_CLKTICKSPERSLOT
00000000   PWRM_PWRM_ENABLE
00000002   PWRM_PWRM_INITSPCPU
00000000   PWRM_PWRM_INITSPPER
00000000   PWRM_PWRM_LOADENABLE
00000001   PWRM_PWRM_NUMSLOTS
00000000   PWRM_PWRM_RESOURCETRACKING
00000000   PWRM_PWRM_SCALING
1180bce0   PWRM_PWRM_SHAREDRESOURCEFXN
1180bce0   PWRM_PWRM_SLOTHOOKFXN
00000000   PWRM_PWRM_TIMERIDNUM
00000000   PWRM_PWRM_TIMERINTRMASK
00000000   PWRM_PWRM_TIMERWUGENMASK
00000000   PWRM_PWRM_USERRESOURCES
00000000   PWRM_PWRM_USETIMER
00000001   QUE$
11813be8   RTA_D_fromHost
11813bf0   RTA_D_logval
11813c00   RTA_D_stsval
11813bec   RTA_D_toHost
1180bc20   RTA_F_andn
118096a0   RTA_F_dispatch
118095c0   RTA_F_getlog
118095f8   RTA_F_getsts
1180bc38   RTA_F_or
11809638   RTA_F_readblk
11809660   RTA_F_resetmem
11809654   RTA_F_writeword
11812d78   RTA_dispatcher
118146b8   RTA_dispatcher$
118096ec   RTA_execute
11811fc4   RTA_fromHost
11812d60   RTA_fromHost$buf
00000004   RTA_fromHost$framesize
00000000   RTA_fromHost$hst
00000001   RTA_fromHost$id
00000000   RTA_fromHost$mode
11814420   RTA_fromHost$pipe
11814450   RTA_fromHost$pipe$aaa
11814480   RTA_fromHost$pipe$bbb
11813d38   RTA_fromHost$pipe$dtab
11814424   RTA_fromHost$pipe$rd
11814454   RTA_fromHost$pipe$wr
11811fcc   RTA_fromHost$rtdx
11811fe0   RTA_toHost
11814320   RTA_toHost$buf
00000040   RTA_toHost$framesize
00000000   RTA_toHost$hst
00000000   RTA_toHost$id
00000001   RTA_toHost$mode
11814484   RTA_toHost$pipe
118144b4   RTA_toHost$pipe$aaa
118144e4   RTA_toHost$pipe$bbb
11813d44   RTA_toHost$pipe$dtab
11814488   RTA_toHost$pipe$rd
118144b8   RTA_toHost$pipe$wr
11811fe8   RTA_toHost$rtdx
00000001   RTDX$
00000408   RTDX_BUFMEMSIZE
11813d34   RTDX_DATAMEMSEG
00000000   RTDX_MODE
00000001   RTDX_NORMALIZED_HDR
00000001   RTDX_USERTDX
00000000   RTDX_USERTEXECUTION
00000000   SEM$
00000000   SIO$
00000001   STS$
118145a0   STS_A_TABBEG
118145f0   STS_A_TABEND
1180baec   STS_F_add
1180bac0   STS_F_delta
1180bb08   STS_F_reset
00000001   SWI$
11814548   SWI_A_TABBEG
118145a0   SWI_A_TABEND
00000002   SWI_A_TABLEN
11813c5c   SWI_D_curfxn
11813c4c   SWI_D_curmask
11813c58   SWI_D_curmbox
11813c50   SWI_D_curset
11813c48   SWI_D_execaddr
11813c64   SWI_D_inswi
11813c54   SWI_D_lock
11813c60   SWI_D_rdybeg
11813c68   SWI_D_rdytab
11813c44   SWI_D_runaddr
00000000   SWI_EHOOKFXN
11808ce4   SWI_EXECFXN
11808b00   SWI_F_enable
11808ce4   SWI_F_exec
11808d0c   SWI_F_iexec
11808b70   SWI_F_post
11808d8c   SWI_F_run
00000000   SWI_IHOOKFXN
11808d8c   SWI_RUNFXN
00000001   SYS$
118146c0   SYS$config
1180bc60   SYS_ABORTFXN
1180bd60   SYS_ERRORFXN
1180bd80   SYS_EXITFXN
1180bca0   SYS_PUTCFXN
118146e0   TRC_R_mask
118146dc   TRC_cinit
00000001   TSK$
00000000   TSK_NUM_HOOKS
00000001   TSK_PRIORITY
00000000   TSK_READYFXN
00000000   TSK_STACKSEG
00000400   TSK_STACKSIZE
00000000   TSK_SWITCHFXN
1180bce0   TSK_VCREATEFXN
1180bce0   TSK_VDELETEFXN
1180bce0   TSK_VEXITFXN
118144f4   TSK_idle
00000000   TSK_idle$ord
00000000   TSK_idle$pri
11813278   TSK_idle$stack
11813610   TSK_idle$stkptr
118145d4   TSK_idle$sts
1181003a   TSK_idle$sts$avgfmt
00000002   TSK_idle$sts$filter
00000001   TSK_idle$sts$filtmaxmult
00000001   TSK_idle$sts$filtsummult
1181002a   TSK_idle$sts$maxfmt
118145d0   TSK_idle$sts$stsobj
11810032   TSK_idle$sts$sumfmt
00000000   TSK_idle$sts$unittype
00000000   TSK_idle$tsk
00000000   UDEV$
1180104c   _AIC3106_Init
11801100   _AIC3106_readRegister
11801154   _AIC3106_writeRegister
1180bce0   _BCACHE_bootInit
1180aff4   _BCACHE_getMar
1180afa4   _BCACHE_getSize
1180af74   _BCACHE_setCacheToSram
1180af24   _BCACHE_setMar
1180aee0   _BCACHE_setSize
11812800   _BIOS_init
11812a30   _BIOS_start
ffffffff   _CACHE_L1D
ffffffff   _CACHE_L1P
000493e0   _CLK_COUNTSPMS
11813ddc   _CLK_DFLTMICROSECS
11813bc0   _CLK_D_countspms
11813bb4   _CLK_D_dirty
11813de0   _CLK_D_microseconds
11813bb8   _CLK_D_prd
11813bbc   _CLK_D_tddr
1180aa90   _CLK_F_itime
00005dc0   _CLK_PRD
01c20000   _CLK_REGS
00000000   _CLK_TDDR
00000000   _CLK_TIMERNUM
00000001   _CLK_USETIMER
1180bda0   _CLK_gethtime
11813ba4   _CLK_htimeDiv
11813ba8   _CLK_htimeMult
11813dec   _CLK_htimePerLtime
1180f424   _CLK_inputClock
1180aa90   _CLK_itime
11813bac   _CLK_ltimeDiv
11813bb0   _CLK_ltimeMult
1180bb80   _CLK_measure
ffffffff   _DDR
11805924   _DIP_get
11805988   _DIP_getAll
11805900   _DIP_init
0000000a   _EVENT10
00000064   _EVENT100
00000065   _EVENT101
00000066   _EVENT102
00000067   _EVENT103
00000068   _EVENT104
00000069   _EVENT105
0000006a   _EVENT106
0000006b   _EVENT107
0000006c   _EVENT108
0000006d   _EVENT109
0000000b   _EVENT11
0000006e   _EVENT110
0000006f   _EVENT111
00000070   _EVENT112
00000071   _EVENT113
00000072   _EVENT114
00000073   _EVENT115
00000074   _EVENT116
00000075   _EVENT117
00000076   _EVENT118
00000077   _EVENT119
0000000c   _EVENT12
00000078   _EVENT120
00000079   _EVENT121
0000007a   _EVENT122
0000007b   _EVENT123
0000007c   _EVENT124
0000007d   _EVENT125
0000007e   _EVENT126
0000007f   _EVENT127
0000000d   _EVENT13
0000000e   _EVENT14
0000000f   _EVENT15
00000010   _EVENT16
00000011   _EVENT17
00000012   _EVENT18
00000013   _EVENT19
00000014   _EVENT20
00000015   _EVENT21
00000016   _EVENT22
00000017   _EVENT23
00000018   _EVENT24
00000019   _EVENT25
0000001a   _EVENT26
0000001b   _EVENT27
0000001c   _EVENT28
0000001d   _EVENT29
0000001e   _EVENT30
0000001f   _EVENT31
00000020   _EVENT32
00000021   _EVENT33
00000022   _EVENT34
00000023   _EVENT35
00000024   _EVENT36
00000025   _EVENT37
00000026   _EVENT38
00000027   _EVENT39
00000004   _EVENT4
00000028   _EVENT40
00000029   _EVENT41
0000002a   _EVENT42
0000002b   _EVENT43
0000002c   _EVENT44
0000002d   _EVENT45
0000002e   _EVENT46
0000002f   _EVENT47
00000030   _EVENT48
00000031   _EVENT49
00000005   _EVENT5
00000032   _EVENT50
00000033   _EVENT51
00000034   _EVENT52
00000035   _EVENT53
00000036   _EVENT54
00000037   _EVENT55
00000038   _EVENT56
00000039   _EVENT57
0000003a   _EVENT58
0000003b   _EVENT59
00000006   _EVENT6
0000003c   _EVENT60
0000003d   _EVENT61
0000003e   _EVENT62
0000003f   _EVENT63
00000040   _EVENT64
00000041   _EVENT65
00000042   _EVENT66
00000043   _EVENT67
00000044   _EVENT68
00000045   _EVENT69
00000007   _EVENT7
00000046   _EVENT70
00000047   _EVENT71
00000048   _EVENT72
00000049   _EVENT73
0000004a   _EVENT74
0000004b   _EVENT75
0000004c   _EVENT76
0000004d   _EVENT77
0000004e   _EVENT78
0000004f   _EVENT79
00000008   _EVENT8
00000050   _EVENT80
00000051   _EVENT81
00000052   _EVENT82
00000053   _EVENT83
00000054   _EVENT84
00000055   _EVENT85
00000056   _EVENT86
00000057   _EVENT87
00000058   _EVENT88
00000059   _EVENT89
00000009   _EVENT9
0000005a   _EVENT90
0000005b   _EVENT91
0000005c   _EVENT92
0000005d   _EVENT93
0000005e   _EVENT94
0000005f   _EVENT95
00000060   _EVENT96
00000061   _EVENT97
00000062   _EVENT98
00000063   _EVENT99
118001e8   _EVMC6748_enableDsp
11800000   _EVMC6748_init
1180002c   _EVMC6748_initRAM
118002b0   _EVMC6748_lpscTransition
11800214   _EVMC6748_pinmuxConfig
118085f0   _EXC_clearLastStatus
1180a060   _EXC_dispatch
11808414   _EXC_exceptionHandler
11813da0   _EXC_exceptionHook
118083e0   _EXC_external
11813da8   _EXC_externalHook
118083c0   _EXC_getLastStatus
11808380   _EXC_init
118080d4   _EXC_internal
11813da4   _EXC_internalHook
118080a0   _EXC_nmi
11813dac   _EXC_nmiHook
11813d58   _EXC_returnPtr
1180a224   _EXC_setReturnPtr
1180fb78   _EXC_status
11813d50   _EXC_sysTrapTable
1180bce0   _FXN_F_nop
1180b944   _FXN_F_run
1180b980   _FXN_F_zero
00000000   _GBL_CACHE
1180b088   _GBL_cacheInit64P
11813c1c   _GBL_clkIn
11813c20   _GBL_freq
1180bd00   _GBL_getVersion
11813c18   _GBL_procId
11802fb8   _GPIO_getInput
11802f40   _GPIO_setDir
1180302c   _GPIO_setOutput
118030ac   _GPIO_toggleLoop
11806e80   _HOSTclose
11806040   _HOSTlseek
11806340   _HOSTopen
11806420   _HOSTread
11805780   _HOSTrename
11806880   _HOSTunlink
11806940   _HOSTwrite
11811000   _HSRTDX_rec
11811760   _HSRTDX_xmt
11811fc0   _HST_A_TABBEG
11811ffc   _HST_A_TABEND
00005828   _HWI_CFGDISPATCHED
11813d7c   _HWI_D_inhwi
11813d70   _HWI_D_spsave
11808620   _HWI_F_dispatch
0000000a   _HWI_INT10
0000000b   _HWI_INT11
0000000c   _HWI_INT12
0000000d   _HWI_INT13
0000000e   _HWI_INT14
0000000f   _HWI_INT15
00000004   _HWI_INT4
00000005   _HWI_INT5
00000006   _HWI_INT6
00000007   _HWI_INT7
00000008   _HWI_INT8
00000009   _HWI_INT9
00000001   _HWI_NMI
00000002   _HWI_RESERVED0
00000003   _HWI_RESERVED1
00000000   _HWI_RESET
11813a70   _HWI_STKBOTTOM
11813678   _HWI_STKTOP
11813d70   _HWI_data
1180b9a0   _HWI_disable
11813a78   _HWI_dispatchTab
1180b9b8   _HWI_enable
1180b9cc   _HWI_restore
11802354   _I2CGPIO_getInput
11802470   _I2CGPIO_getInputAll
11802280   _I2CGPIO_init
11802580   _I2CGPIO_setOutput
118026c8   _I2CGPIO_setOutputAll
118032c0   _I2C_init
118033ac   _I2C_read
11803508   _I2C_write
118145e4   _IDL_busyObj
11812d70   _IDL_cpuLoad
1180bd20   _IDL_loop
11813d34   _IRAM
1180bdc0   _IRAM_base
00002000   _IRAM_length
11813ce8   _KNL_alarm
1180b140   _KNL_check
11813d0c   _KNL_curqueue
11813cfc   _KNL_curtask
11813d04   _KNL_curtime
1180fa00   _KNL_dummy
1180b4a0   _KNL_enter
1180b460   _KNL_exit
1180b208   _KNL_idle
11813d24   _KNL_idlefxn
11813cf0   _KNL_inactive
1180b660   _KNL_ipost
1180b230   _KNL_max
11813d10   _KNL_maxqueue
1180b6e0   _KNL_post
11813d00   _KNL_prevtask
11813cf4   _KNL_priority
1180f960   _KNL_queues
11809840   _KNL_run
1180aae0   _KNL_saveIsrFrame
11813cf8   _KNL_set
11813cec   _KNL_setpri
11814574   _KNL_swi
11813d08   _KNL_swiptr
1180ab8c   _KNL_switch
11813d18   _KNL_tcreatefxn
11813d1c   _KNL_tdeletefxn
11809e54   _KNL_tick
11813d20   _KNL_treadyfxn
11813d14   _KNL_tswitchfxn
11813ce0   _KNL_wFlag
11813ce4   _KNL_wList
ffffffff   _L3_CBA_RAM
1180b780   _LCK_pend
1180b760   _LCK_post
118050a0   _LED_init
118050ec   _LED_isOn
118051ec   _LED_toggle
118051a4   _LED_turnOff
11805154   _LED_turnOn
11812d74   _LNK_dataPump
11813d8c   _LNK_dspFrameReadyMask
11813d88   _LNK_dspFrameRequestMask
11813d94   _LNK_readDone
11813d98   _LNK_readFail
11813d90   _LNK_readPend
11813d9c   _LNK_writeFail
11814680   _LOG_A_TABBEG
118146b0   _LOG_A_TABEND
00000002   _LOG_A_TABLEN
11813b84   _LOG_D_system
1180b7e0   _LOG_event
11814680   _LOG_system
11813df4   _MEM
11813c24   _MEM_D_NUMSEGMENTS
11813c2c   _MEM_D_freelist
11813c30   _MEM_D_lockaddr
11813c28   _MEM_D_memtab
11813c34   _MEM_D_unlockaddr
11809a80   _MEM_alloc
11809e80   _MEM_free
11812c40   _MEM_init
11813d28   _MEM_memtab
11800cd0   _McASP_Init
11800e14   _McASP_Start
1180fad0   _OBJ_segtab
1180fa98   _OBJ_table
11814420   _PIP_A_TABBEG
118144e8   _PIP_A_TABEND
1180ffdc   _PRD0
11813bc4   _PRD_D_tick
118146e8   _PRD_clock
11814548   _PRD_swi
11812d78   _RTA_dispatcher
11811fc4   _RTA_fromHost
11811fe0   _RTA_toHost
11812e00   _RTDX_Buffer
1181320c   _RTDX_Buffer_End
11811de0   _RTDX_Buffer_Initialize
11811f60   _RTDX_Buffer_Read
11811ea0   _RTDX_Buffer_ReadCB
11811ee0   _RTDX_Buffer_Size
11813208   _RTDX_Buffer_Start
11811f80   _RTDX_Buffer_Write
118112a0   _RTDX_Buffer_WriteCB
11811d60   _RTDX_Final_RT_Monitor
11811e40   _RTDX_Init_RT_Monitor
00000002   _RTDX_JTAGONLY
11811fa0   _RTDX_Mask_IER
11811a60   _RTDX_Mon_Queue
11811cc0   _RTDX_Poll
00000000   _RTDX_interrupt_mask
11811f20   _RTDX_memfill
11813260   _RTDX_writing
11813d34   _SEG0
1180ba60   _SEM_pend
1180a420   _SEM_pendEnterKnl
1180b380   _SEM_post
1180b380   _SEM_postBinary
1180b520   _SEM_postEnterKnl
118145a0   _STS_A_TABBEG
118145f0   _STS_A_TABEND
1180baec   _STS_add
1180bac0   _STS_delta
1180bb08   _STS_reset
1180bd40   _STS_set
11813c5c   _SWI_D_curfxn
11813c4c   _SWI_D_curmask
11813c50   _SWI_D_curset
11813c48   _SWI_D_execaddr
11813c64   _SWI_D_inswi
11813c54   _SWI_D_lock
11813c60   _SWI_D_rdybeg
11813c44   _SWI_D_runaddr
11813c44   _SWI_data
11808b70   _SWI_post
11813c38   _SYS
11813e00   _SYS_PUTCBEG
11813fff   _SYS_PUTCEND
1180bb20   _SYS_abort
1180b8e0   _SYS_error
1180b5c0   _SYS_exit
1180fb40   _SYS_exitStack
11813de4   _SYS_exitStackPtr
11813de8   _SYS_exitStackTop
11801210   _SetGpio
118146e0   _TRC_R_mask
11813dd8   _TSK
1180fa38   _TSK_ATTRS
1180fa54   _TSK_config
1180ada0   _TSK_exit
118144f4   _TSK_idle
11812d00   _TSK_init
11813dd0   _TSK_nTasks
11813dd4   _TSK_pid
1180a7a0   _TSK_setup
1180b304   _TSK_startup
1180fa74   _TSK_timerSem
11801198   _USTIMER_delay
11800c00   _UTIL_isUIBoardAttached
11800aa8   _UTIL_printMem
1180bc60   _UTL_doAbort
1180bd60   _UTL_doError
1180bca0   _UTL_doPutc
1180bd80   _UTL_halt
11814200   __CIOBUF_
1180aab0   __CLK_lat1beg
1180aad0   __CLK_lat1end
11813c40   __HOOK_NUMHOOKS
11813c3c   __HOOK_knlId
11808620   __HWI_lat1beg
118087a8   __HWI_lat1end
118087a8   __HWI_lat2beg
11808984   __HWI_lat2end1
11808910   __HWI_lat2end2
118089a0   __HWI_lat3beg
11808940   __HWI_lat3end2
1180ba00   __IDL_lat1beg
1180ba40   __IDL_lat1end
1180b18c   __KNL_lat1beg
1180b208   __KNL_lat1end
1180b7e0   __LOG_lat1beg
1180fb14   __MEM_mutex
11809660   __RTA_lat1beg
11809694   __RTA_lat1end
1180a600   __SEM_dopost
11813a78   __STACK_END
00000400   __STACK_SIZE
11808c78   __SWI_lat1beg
11808d24   __SWI_lat1end
11808d28   __SWI_lat2beg
11808d88   __SWI_lat2end
11808b00   __SWI_lat3beg
11808b6c   __SWI_lat3end
1180faec   __TSK_mutex
1180fbac   ___TI_enable_exit_profile_output
ffffffff   ___TI_pprof_out_hndl
ffffffff   ___TI_prof_data_size
ffffffff   ___TI_prof_data_start
11807880   ___add_dtor
1180f6b8   ___atexit_func_id__
ffffffff   ___binit__
11813a78   ___bss__
ffffffff   ___c_args__
1180ddc0   ___cinit__
11800000   ___data__
11800000   ___edata__
11813dff   ___end__
11807ae0   ___etext__
118078c0   ___isinf
118146d0   ___pinit__
11800000   ___text__
1180ac60   __auto_init
11806ac0   __c6xabi_divu
11806f20   __cleanup
1180fba4   __cleanup_ptr
11805ce0   __closefile
1180fd58   __ctypes_
11801240   __divd
11806fc0   __divli
11806ac0   __divu
11805440   __divul
11804160   __divull
11806b80   __doflush
1180fba8   __dtors_ptr
118071a0   __fixdli
11807560   __fltlid
11807940   __frcmpyd_div
1180f420   __ft_end
1180f100   __ftable
118075e0   __llshl
11807980   __llshru
1180fbb0   __lock
11807a00   __negll
11807a20   __nop
11802760   __printfi
11807a80   __register_lock
11807aa0   __register_unlock
118079c0   __remli
11813678   __stack
11807760   __subcull
1180f2e0   __tmpnams
1180fbb4   __unlock
11806140   __wrt_ok
11806c40   _atexit
11806500   _atoi
11805684   _audioHWI
1180fe60   _bitval_u32
1180f638   _buffer
11812b80   _c_int00
11806240   _call_dtors
1180956c   _calloc
118065e0   _close
11800688   _config_pll0
118008c4   _config_pll1
11805618   _dipPRD
1180fa94   _dtors
1180f428   _filterCoef
11813dfe   _filterOn
11804a80   _fputc
11802ba0   _fputs
11809340   _free
11805f20   _fseek
11800c68   _initAll
11807380   _lseek
11806d00   _ltoa
118055e0   _main
11809364   _malloc
11813dfc   _mask
118094a8   _memalign
118077c0   _memccpy
11807420   _memcpy
118066c0   _memset
118067a0   _printf
11804a80   _putc
11800c20   _read_audio_sample
11807660   _readmsg
118093c4   _realloc
11807ac0   _remove
11813db8   _rtdxNullChanCnt
11813dbc   _rtdxNullFuncCnt
11813dc4   _rtdxRecNotDoneCnt
11813dcc   _rtdxXmtErrorCnt
11813dc0   _rtdxXmtNotDoneCnt
11813dc8   _rtdxXmtRestartCnt
11813254   _rtdx_buffer_state
11813210   _rtdx_mon_state
11804ea0   _setvbuf
11814698   _trace
1180f530   _unfilteredCoef
118076e0   _unlink
118074c0   _write
11800c44   _write_audio_sample
11807820   _writemsg
ffffffff   binit
1180ddc0   cinit
11800000   edata
11813dff   end
11807ae0   etext
11814000   hwi0
11814020   hwi1
11814140   hwi10
11814160   hwi11
11814180   hwi12
118141a0   hwi13
118141c0   hwi14
118141e0   hwi15
11814040   hwi2
11814060   hwi3
11814080   hwi4
118140a0   hwi5
118140c0   hwi6
118140e0   hwi7
11814100   hwi8
11814120   hwi9
118146d0   pinit
11814698   trace
11810000   trace$buf
00000001   trace$datatype
00000000   trace$log
00000400   trace$size


GLOBAL SYMBOLS: SORTED BY Symbol Address 

address    name
--------   ----
00000000   BUF$
00000000   CLK_PRDHIGH
00000000   CLK_TDDR
00000000   CLK_TDDRHIGH
00000000   CLK_TIMERNUM
00000000   DEV$
00000000   DGN$
00000000   DHL$
00000000   DHL_gChannelsAvailable
00000000   DIO$
00000000   DIO_NUMSWIBASE
00000000   DIO_NUMTSKBASE
00000000   DIO_STATIC
00000000   DPI$
00000000   ECM$
00000000   ECM_ENABLE
00000000   GBL_BCACHEREADADDR0
00000000   GBL_BCACHEREADADDR1
00000000   GBL_BCACHEREADADDR2
00000000   GBL_BIGENDIAN
00000000   GBL_CACHE
00000000   GBL_CALLCSLCFGINIT
00000000   GBL_ENABLE_SK
00000000   GBL_GEMTRUECOMPEN
00000000   GBL_L2MAR0_31
00000000   GBL_L2MAR160_191
00000000   GBL_L2MAR224_255
00000000   GBL_L2MAR32_63
00000000   GBL_L2MAR64_95
00000000   GBL_L2MAR96_127
00000000   GBL_L2MODE
00000000   GBL_NULL
00000000   GBL_PROCID
00000000   GBL_ROM
00000000   GBL_SUPPORTCSL
00000000   GBL_USERINIT
00000000   GIO$
00000000   HOOK$
00000000   HOOK_KNLID
00000000   HST_DSM
00000000   HST_NONE
00000000   HWI_GENERATE_RESET_VEC
00000000   HWI_INT10$hwi
00000000   HWI_INT11$hwi
00000000   HWI_INT12$hwi
00000000   HWI_INT13$hwi
00000000   HWI_INT14$hwi
00000000   HWI_INT15$hwi
00000000   HWI_INT4$hwi
00000000   HWI_INT5$hwi
00000000   HWI_INT6$hwi
00000000   HWI_INT7$hwi
00000000   HWI_INT8$hwi
00000000   HWI_INT9$hwi
00000000   HWI_NMI$hwi
00000000   HWI_POLARITYMASK
00000000   HWI_RESERVED0$hwi
00000000   HWI_RESERVED1$hwi
00000000   HWI_RESET
00000000   HWI_RESET$hwi
00000000   HWI_ZEROTAB
00000000   IDL_busyObj$iB
00000000   IDL_busyObj$operation
00000000   KNL_swi$pri
00000000   KNL_swi$sts$unittype
00000000   KNL_swi$swi
00000000   LOG_system$datatype
00000000   LOG_system$log
00000000   MBX$
00000000   MEM_NULL
00000000   MEM_USEMPC
00000000   MSGQ$
00000000   MSGQ_USEMSGQ
00000000   OBJ$
00000000   PIP$
00000000   PIP_gNextId
00000000   POOL$
00000000   POOL_USEPOOL
00000000   PRD0$mode
00000000   PRD0$prd
00000000   PRD0$sts$filter
00000000   PRD_swi$sts$unittype
00000000   PRD_swi$swi
00000000   PWRM_PWRM_ENABLE
00000000   PWRM_PWRM_INITSPPER
00000000   PWRM_PWRM_LOADENABLE
00000000   PWRM_PWRM_RESOURCETRACKING
00000000   PWRM_PWRM_SCALING
00000000   PWRM_PWRM_TIMERIDNUM
00000000   PWRM_PWRM_TIMERINTRMASK
00000000   PWRM_PWRM_TIMERWUGENMASK
00000000   PWRM_PWRM_USERRESOURCES
00000000   PWRM_PWRM_USETIMER
00000000   RTA_fromHost$hst
00000000   RTA_fromHost$mode
00000000   RTA_toHost$hst
00000000   RTA_toHost$id
00000000   RTDX_MODE
00000000   RTDX_USERTEXECUTION
00000000   SEM$
00000000   SIO$
00000000   SWI_EHOOKFXN
00000000   SWI_IHOOKFXN
00000000   TSK_NUM_HOOKS
00000000   TSK_READYFXN
00000000   TSK_STACKSEG
00000000   TSK_SWITCHFXN
00000000   TSK_idle$ord
00000000   TSK_idle$pri
00000000   TSK_idle$sts$unittype
00000000   TSK_idle$tsk
00000000   UDEV$
00000000   _CLK_TDDR
00000000   _CLK_TIMERNUM
00000000   _GBL_CACHE
00000000   _HWI_RESET
00000000   _RTDX_interrupt_mask
00000000   trace$log
00000001   BUF_ENABLED
00000001   CLK$
00000001   CLK_CALDIV
00000001   CLK_CALMULT
00000001   CLK_ENABLEHTIME
00000001   CLK_HTIMEDIV
00000001   CLK_HTIMEMULT
00000001   CLK_LTIMEDIV
00000001   CLK_POWERENABLE
00000001   CLK_RESETTIMER
00000001   CLK_USETIMER
00000001   GBL$
00000001   GBL_ENABLEINST
00000001   GBL_L2CONFIGURE
00000001   GBL_L2MAR128_159
00000001   GBL_boot
00000001   HST$
00000001   HST_RTDX
00000001   HWI$
00000001   HWI_ENABLE_EXC
00000001   HWI_NMI
00000001   IDL$
00000001   IDL_USECLKIDLTIME
00000001   IDL_busyObj$filter
00000001   IDL_busyObj$iA
00000001   IDL_busyObj$iC
00000001   ISRC$
00000001   KNL_swi$dorta
00000001   KNL_swi$sts$filtmaxmult
00000001   KNL_swi$sts$filtsummult
00000001   LCK$
00000001   LOG$
00000001   LOG_ENABLED
00000001   MEM$
00000001   MEM_gNumHeap
00000001   PRD$
00000001   PRD0$ord
00000001   PRD_A_TABLEN
00000001   PRD_SCALAR
00000001   PRD_swi$dorta
00000001   PRD_swi$ord
00000001   PRD_swi$pri
00000001   PRD_swi$sts$filtmaxmult
00000001   PRD_swi$sts$filtsummult
00000001   PWRM$
00000001   PWRM_PWRM_NUMSLOTS
00000001   QUE$
00000001   RTA_fromHost$id
00000001   RTA_toHost$mode
00000001   RTDX$
00000001   RTDX_NORMALIZED_HDR
00000001   RTDX_USERTDX
00000001   STS$
00000001   SWI$
00000001   SYS$
00000001   TSK$
00000001   TSK_PRIORITY
00000001   TSK_idle$sts$filtmaxmult
00000001   TSK_idle$sts$filtsummult
00000001   _CLK_USETIMER
00000001   _HWI_NMI
00000001   trace$datatype
00000002   HWI_RESERVED0
00000002   IDL_busyObj$unittype
00000002   KNL_swi$ord
00000002   KNL_swi$sts$filter
00000002   LOG_A_TABLEN
00000002   PIP_A_TABLEN
00000002   PIP_gNumEmbed
00000002   PRD0$sts$unittype
00000002   PRD_swi$sts$filter
00000002   PWRM_PWRM_INITSPCPU
00000002   SWI_A_TABLEN
00000002   TSK_idle$sts$filter
00000002   _HWI_RESERVED0
00000002   _LOG_A_TABLEN
00000002   _RTDX_JTAGONLY
00000003   HWI_RESERVED1
00000003   _HWI_RESERVED1
00000004   CLK_COUNTSPMSHIGH
00000004   EVENT4
00000004   HWI_INT4
00000004   RTA_fromHost$framesize
00000004   _EVENT4
00000004   _HWI_INT4
00000005   CLK_TIMMODE
00000005   EVENT5
00000005   HWI_INT5
00000005   _EVENT5
00000005   _HWI_INT5
00000006   EVENT6
00000006   HWI_INT6
00000006   IDL_CALIBRERROR
00000006   _EVENT6
00000006   _HWI_INT6
00000007   EVENT7
00000007   GBL_L1DMODE
00000007   GBL_L1PMODE
00000007   HWI_INT7
00000007   _EVENT7
00000007   _HWI_INT7
00000008   EVENT8
00000008   HWI_INT8
00000008   _EVENT8
00000008   _HWI_INT8
00000009   EVENT9
00000009   HWI_INT9
00000009   _EVENT9
00000009   _HWI_INT9
0000000a   EVENT10
0000000a   HWI_INT10
0000000a   PWRM_PWRM_CLKTICKSPERSLOT
0000000a   _EVENT10
0000000a   _HWI_INT10
0000000b   EVENT11
0000000b   HWI_INT11
0000000b   _EVENT11
0000000b   _HWI_INT11
0000000c   EVENT12
0000000c   HWI_INT12
0000000c   _EVENT12
0000000c   _HWI_INT12
0000000d   EVENT13
0000000d   HWI_INT13
0000000d   _EVENT13
0000000d   _HWI_INT13
0000000e   EVENT14
0000000e   HWI_INT14
0000000e   _EVENT14
0000000e   _HWI_INT14
0000000f   EVENT15
0000000f   HWI_INT15
0000000f   _EVENT15
0000000f   _HWI_INT15
00000010   EVENT16
00000010   _EVENT16
00000011   EVENT17
00000011   _EVENT17
00000012   EVENT18
00000012   _EVENT18
00000013   EVENT19
00000013   _EVENT19
00000014   EVENT20
00000014   _EVENT20
00000015   EVENT21
00000015   _EVENT21
00000016   EVENT22
00000016   _EVENT22
00000017   EVENT23
00000017   _EVENT23
00000018   EVENT24
00000018   _EVENT24
00000019   EVENT25
00000019   _EVENT25
0000001a   EVENT26
0000001a   _EVENT26
0000001b   EVENT27
0000001b   _EVENT27
0000001c   EVENT28
0000001c   _EVENT28
0000001d   EVENT29
0000001d   _EVENT29
0000001e   EVENT30
0000001e   _EVENT30
0000001f   EVENT31
0000001f   _EVENT31
00000020   CLK_TCR
00000020   EVENT32
00000020   _EVENT32
00000021   EVENT33
00000021   _EVENT33
00000022   EVENT34
00000022   _EVENT34
00000023   EVENT35
00000023   _EVENT35
00000024   EVENT36
00000024   _EVENT36
00000025   EVENT37
00000025   _EVENT37
00000026   EVENT38
00000026   _EVENT38
00000027   EVENT39
00000027   _EVENT39
00000028   EVENT40
00000028   _EVENT40
00000029   EVENT41
00000029   _EVENT41
0000002a   EVENT42
0000002a   _EVENT42
0000002b   EVENT43
0000002b   _EVENT43
0000002c   EVENT44
0000002c   _EVENT44
0000002d   EVENT45
0000002d   _EVENT45
0000002e   EVENT46
0000002e   _EVENT46
0000002f   EVENT47
0000002f   _EVENT47
00000030   EVENT48
00000030   PWRM_PWRM_CAPSMASK
00000030   _EVENT48
00000031   EVENT49
00000031   _EVENT49
00000032   EVENT50
00000032   _EVENT50
00000033   EVENT51
00000033   _EVENT51
00000034   EVENT52
00000034   _EVENT52
00000035   EVENT53
00000035   _EVENT53
00000036   EVENT54
00000036   _EVENT54
00000037   EVENT55
00000037   _EVENT55
00000038   EVENT56
00000038   _EVENT56
00000039   EVENT57
00000039   _EVENT57
0000003a   EVENT58
0000003a   _EVENT58
0000003b   EVENT59
0000003b   _EVENT59
0000003c   EVENT60
0000003c   _EVENT60
0000003d   EVENT61
0000003d   _EVENT61
0000003e   EVENT62
0000003e   GBL_DSPTYPE
0000003e   _EVENT62
0000003f   EVENT63
0000003f   _EVENT63
00000040   EVENT64
00000040   HST_MAXFRAMESET
00000040   RTA_toHost$framesize
00000040   _EVENT64
00000041   EVENT65
00000041   _EVENT65
00000042   EVENT66
00000042   GBL_FOOTPRINT
00000042   _EVENT66
00000043   EVENT67
00000043   _EVENT67
00000044   EVENT68
00000044   _EVENT68
00000045   EVENT69
00000045   _EVENT69
00000046   EVENT70
00000046   _EVENT70
00000047   EVENT71
00000047   _EVENT71
00000048   EVENT72
00000048   _EVENT72
00000049   EVENT73
00000049   _EVENT73
0000004a   EVENT74
0000004a   _EVENT74
0000004b   EVENT75
0000004b   _EVENT75
0000004c   EVENT76
0000004c   _EVENT76
0000004d   EVENT77
0000004d   _EVENT77
0000004e   EVENT78
0000004e   _EVENT78
0000004f   EVENT79
0000004f   _EVENT79
00000050   EVENT80
00000050   _EVENT80
00000051   EVENT81
00000051   _EVENT81
00000052   EVENT82
00000052   _EVENT82
00000053   EVENT83
00000053   _EVENT83
00000054   EVENT84
00000054   _EVENT84
00000055   EVENT85
00000055   _EVENT85
00000056   EVENT86
00000056   _EVENT86
00000057   EVENT87
00000057   _EVENT87
00000058   EVENT88
00000058   _EVENT88
00000059   EVENT89
00000059   _EVENT89
0000005a   EVENT90
0000005a   _EVENT90
0000005b   EVENT91
0000005b   _EVENT91
0000005c   EVENT92
0000005c   _EVENT92
0000005d   EVENT93
0000005d   _EVENT93
0000005e   EVENT94
0000005e   _EVENT94
0000005f   EVENT95
0000005f   _EVENT95
00000060   EVENT96
00000060   _EVENT96
00000061   EVENT97
00000061   _EVENT97
00000062   EVENT98
00000062   _EVENT98
00000063   EVENT99
00000063   _EVENT99
00000064   EVENT100
00000064   PIP_OBJSIZE
00000064   _EVENT100
00000065   EVENT101
00000065   _EVENT101
00000066   EVENT102
00000066   _EVENT102
00000067   EVENT103
00000067   _EVENT103
00000068   EVENT104
00000068   _EVENT104
00000069   EVENT105
00000069   _EVENT105
0000006a   EVENT106
0000006a   _EVENT106
0000006b   EVENT107
0000006b   _EVENT107
0000006c   EVENT108
0000006c   _EVENT108
0000006d   EVENT109
0000006d   _EVENT109
0000006e   EVENT110
0000006e   _EVENT110
0000006f   EVENT111
0000006f   _EVENT111
00000070   EVENT112
00000070   _EVENT112
00000071   EVENT113
00000071   _EVENT113
00000072   EVENT114
00000072   _EVENT114
00000073   EVENT115
00000073   _EVENT115
00000074   EVENT116
00000074   _EVENT116
00000075   EVENT117
00000075   _EVENT117
00000076   EVENT118
00000076   _EVENT118
00000077   EVENT119
00000077   _EVENT119
00000078   EVENT120
00000078   _EVENT120
00000079   EVENT121
00000079   _EVENT121
0000007a   EVENT122
0000007a   _EVENT122
0000007b   EVENT123
0000007b   _EVENT123
0000007c   EVENT124
0000007c   _EVENT124
0000007d   EVENT125
0000007d   _EVENT125
0000007e   EVENT126
0000007e   _EVENT126
0000007f   EVENT127
0000007f   _EVENT127
000000ff   HST_MAXFRAMEALLOWED
000001f4   PRD0$period
00000200   LOG_system$size
000003e8   CLK_MICROSECS
00000400   HST_DSMMEMSIZE
00000400   TSK_STACKSIZE
00000400   __STACK_SIZE
00000400   trace$size
00000408   RTDX_BUFMEMSIZE
00001a5b   GBL_CLKTYPE
00001a5c   GBL_DSPSUBTYPE
00002000   IRAM$L
00002000   _IRAM_length
00004000   CLK_INTBIT
00004e20   GBL_CLKIN
00005205   GBL_A_VERSION
00005828   HWI_CFGDISPATCHED
00005828   _HWI_CFGDISPATCHED
00005dc0   CLK_INPUTCLK
00005dc0   CLK_PRD
00005dc0   _CLK_PRD
0000dbef   GBL_TRCMASKVALUE
000493e0   CLK_COUNTSPMS
000493e0   CLK_HTIMEPERLTIME
000493e0   CLK_LTIMEMULT
000493e0   GBL_FREQ
000493e0   _CLK_COUNTSPMS
01c20000   CLK_REGS
01c20000   _CLK_REGS
07063d04   HWI_INTRMUX1
0b0a0908   HWI_INTRMUX2
11800000   .data
11800000   .text
11800000   _EVMC6748_init
11800000   ___data__
11800000   ___edata__
11800000   ___text__
11800000   edata
1180002c   _EVMC6748_initRAM
118001e8   _EVMC6748_enableDsp
11800214   _EVMC6748_pinmuxConfig
118002b0   _EVMC6748_lpscTransition
11800688   _config_pll0
118008c4   _config_pll1
11800aa8   _UTIL_printMem
11800c00   _UTIL_isUIBoardAttached
11800c20   _read_audio_sample
11800c44   _write_audio_sample
11800c68   _initAll
11800cd0   _McASP_Init
11800e14   _McASP_Start
1180104c   _AIC3106_Init
11801100   _AIC3106_readRegister
11801154   _AIC3106_writeRegister
11801198   _USTIMER_delay
11801210   _SetGpio
11801240   __divd
11802280   _I2CGPIO_init
11802354   _I2CGPIO_getInput
11802470   _I2CGPIO_getInputAll
11802580   _I2CGPIO_setOutput
118026c8   _I2CGPIO_setOutputAll
11802760   __printfi
11802ba0   _fputs
11802f40   _GPIO_setDir
11802fb8   _GPIO_getInput
1180302c   _GPIO_setOutput
118030ac   _GPIO_toggleLoop
118032c0   _I2C_init
118033ac   _I2C_read
11803508   _I2C_write
11804160   __divull
11804a80   _fputc
11804a80   _putc
11804ea0   _setvbuf
118050a0   _LED_init
118050ec   _LED_isOn
11805154   _LED_turnOn
118051a4   _LED_turnOff
118051ec   _LED_toggle
11805440   __divul
118055e0   _main
11805618   _dipPRD
11805684   _audioHWI
11805780   _HOSTrename
11805900   _DIP_init
11805924   _DIP_get
11805988   _DIP_getAll
11805ce0   __closefile
11805f20   _fseek
11806040   _HOSTlseek
11806140   __wrt_ok
11806240   _call_dtors
11806340   _HOSTopen
11806420   _HOSTread
11806500   _atoi
118065e0   _close
118066c0   _memset
118067a0   _printf
11806880   _HOSTunlink
11806940   _HOSTwrite
11806ac0   __c6xabi_divu
11806ac0   __divu
11806b80   __doflush
11806c40   _atexit
11806d00   _ltoa
11806e80   _HOSTclose
11806f20   __cleanup
11806fc0   __divli
118071a0   __fixdli
11807380   _lseek
11807420   _memcpy
118074c0   _write
11807560   __fltlid
118075e0   __llshl
11807660   _readmsg
118076e0   _unlink
11807760   __subcull
118077c0   _memccpy
11807820   _writemsg
11807878   C$$IO$$
11807880   ___add_dtor
118078c0   ___isinf
11807940   __frcmpyd_div
11807980   __llshru
118079c0   __remli
11807a00   __negll
11807a20   __nop
11807a80   __register_lock
11807aa0   __register_unlock
11807ac0   _remove
11807ae0   LNK_F_checkBufferCall
11807ae0   ___etext__
11807ae0   etext
11807b00   LNK_F_getChanPtr
11807b58   LNK_F_init
11807b60   LNK_F_dataPump
11807b70   LNK_rcloop
11807c34   LNK_rdrtry
11807c44   LNK_rrloop
11807d04   LNK_wrrtry
11807d10   LNK_wrloop
11807de0   LNK_newin
11807f14   LNK_newout
11808068   LNK_F_readCallBack
118080a0   _EXC_nmi
118080d4   _EXC_internal
11808380   _EXC_init
118083c0   _EXC_getLastStatus
118083e0   _EXC_external
11808414   _EXC_exceptionHandler
118085f0   _EXC_clearLastStatus
11808620   CLK_HOOKFXN
11808620   HWI_F_dispatch
11808620   _HWI_F_dispatch
11808620   __HWI_lat1beg
118087a8   __HWI_lat1end
118087a8   __HWI_lat2beg
11808910   __HWI_lat2end2
11808940   __HWI_lat3end2
11808984   __HWI_lat2end1
118089a0   __HWI_lat3beg
11808b00   SWI_F_enable
11808b00   __SWI_lat3beg
11808b6c   __SWI_lat3end
11808b70   SWI_F_post
11808b70   _SWI_post
11808c78   __SWI_lat1beg
11808ce4   SWI_EXECFXN
11808ce4   SWI_F_exec
11808d0c   SWI_F_iexec
11808d24   __SWI_lat1end
11808d28   __SWI_lat2beg
11808d88   __SWI_lat2end
11808d8c   SWI_F_run
11808d8c   SWI_RUNFXN
11808fc0   PRD_F_swi
11809244   PRD_F_tick
11809340   _free
11809364   _malloc
118093c4   _realloc
118094a8   _memalign
1180956c   _calloc
118095c0   RTA_F_getlog
118095f8   RTA_F_getsts
11809638   RTA_F_readblk
11809654   RTA_F_writeword
11809660   RTA_F_resetmem
11809660   __RTA_lat1beg
11809694   __RTA_lat1end
118096a0   RTA_F_dispatch
118096ec   RTA_execute
11809840   _KNL_run
11809a80   _MEM_alloc
11809e54   PRD_THOOKFXN
11809e54   _KNL_tick
11809e80   _MEM_free
1180a060   _EXC_dispatch
1180a224   _EXC_setReturnPtr
1180a240   PIP_F_take
1180a2b8   PIP_F_give
1180a2b8   PIP_F_probe
1180a388   PIP_F_start
1180a420   _SEM_pendEnterKnl
1180a600   __SEM_dopost
1180a7a0   _TSK_setup
1180a940   CLK_F_getltime
1180a950   CLK_F_isr
1180aa90   CLK_F_itime
1180aa90   _CLK_F_itime
1180aa90   _CLK_itime
1180aab0   __CLK_lat1beg
1180aad0   __CLK_lat1end
1180aae0   _KNL_saveIsrFrame
1180ab8c   _KNL_switch
1180ac38   KNL_glue
1180ac60   __auto_init
1180ada0   _TSK_exit
1180aee0   _BCACHE_setSize
1180af24   _BCACHE_setMar
1180af74   _BCACHE_setCacheToSram
1180afa4   _BCACHE_getSize
1180aff4   _BCACHE_getMar
1180b088   _GBL_cacheInit64P
1180b140   _KNL_check
1180b18c   __KNL_lat1beg
1180b208   _KNL_idle
1180b208   __KNL_lat1end
1180b230   _KNL_max
1180b304   _TSK_startup
1180b380   _SEM_post
1180b380   _SEM_postBinary
1180b460   _KNL_exit
1180b4a0   _KNL_enter
1180b520   _SEM_postEnterKnl
1180b5c0   _SYS_exit
1180b660   _KNL_ipost
1180b6e0   _KNL_post
1180b760   _LCK_post
1180b780   _LCK_pend
1180b7e0   LOG_F_event
1180b7e0   _LOG_event
1180b7e0   __LOG_lat1beg
1180b860   IDL_F_calibrate
1180b8e0   _SYS_error
1180b940   FXN_F_nop
1180b944   FXN_F_run
1180b944   _FXN_F_run
1180b980   FXN_F_zero
1180b980   _FXN_F_zero
1180b9a0   _HWI_disable
1180b9b8   _HWI_enable
1180b9cc   _HWI_restore
1180ba00   IDL_F_busy
1180ba00   __IDL_lat1beg
1180ba40   __IDL_lat1end
1180ba60   _SEM_pend
1180bac0   STS_F_delta
1180bac0   _STS_delta
1180baec   STS_F_add
1180baec   _STS_add
1180bb08   STS_F_reset
1180bb08   _STS_reset
1180bb20   _SYS_abort
1180bb80   _CLK_measure
1180bbe0   IDL_CALIBRFXN
1180bbe0   IDL_F_stub
1180bc20   RTA_F_andn
1180bc38   RTA_F_or
1180bc60   SYS_ABORTFXN
1180bc60   _UTL_doAbort
1180bca0   SYS_PUTCFXN
1180bca0   _UTL_doPutc
1180bce0   GBL_USERINITFXN
1180bce0   GIO_CREATEFXN
1180bce0   GIO_DELETEFXN
1180bce0   GIO_PENDFXN
1180bce0   GIO_POSTFXN
1180bce0   PWRM_PWRM_SHAREDRESOURCEFXN
1180bce0   PWRM_PWRM_SLOTHOOKFXN
1180bce0   TSK_VCREATEFXN
1180bce0   TSK_VDELETEFXN
1180bce0   TSK_VEXITFXN
1180bce0   _BCACHE_bootInit
1180bce0   _FXN_F_nop
1180bd00   _GBL_getVersion
1180bd20   IDL_F_loop
1180bd20   _IDL_loop
1180bd40   _STS_set
1180bd60   SYS_ERRORFXN
1180bd60   _UTL_doError
1180bd80   SYS_EXITFXN
1180bd80   _UTL_halt
1180bda0   CLK_F_gethtime
1180bda0   CLK_TIMEFXN
1180bda0   _CLK_gethtime
1180bdc0   IRAM$B
1180bdc0   _IRAM_base
1180ddc0   ___cinit__
1180ddc0   cinit
1180f100   __ftable
1180f2e0   __tmpnams
1180f420   __ft_end
1180f424   _CLK_inputClock
1180f428   _filterCoef
1180f530   _unfilteredCoef
1180f638   _buffer
1180f6b8   ___atexit_func_id__
1180f960   _KNL_queues
1180fa00   _KNL_dummy
1180fa38   _TSK_ATTRS
1180fa54   _TSK_config
1180fa74   _TSK_timerSem
1180fa94   _dtors
1180fa98   _OBJ_table
1180fad0   _OBJ_segtab
1180faec   __TSK_mutex
1180fb14   __MEM_mutex
1180fb40   _SYS_exitStack
1180fb78   _EXC_status
1180fba4   __cleanup_ptr
1180fba8   __dtors_ptr
1180fbac   ___TI_enable_exit_profile_output
1180fbb0   __lock
1180fbb4   __unlock
1180fd58   __ctypes_
1180fe60   _bitval_u32
1180ffd9   PRD0$sts$maxfmt
1180ffdc   PRD0
1180ffdc   PRD_A_TABBEG
1180ffdc   _PRD0
1180ffe2   PRD0$sts$sumfmt
1180ffeb   PRD0$sts$avgfmt
1180fff6   PRD_swi$sts$maxfmt
1180fff8   PRD0$aaa
1180fffc   PRD_A_TABEND
1180fffe   PRD_swi$sts$sumfmt
11810000   trace$buf
11810006   PRD_swi$sts$avgfmt
11810010   KNL_swi$sts$maxfmt
11810018   KNL_swi$sts$sumfmt
11810020   KNL_swi$sts$avgfmt
1181002a   TSK_idle$sts$maxfmt
11810032   TSK_idle$sts$sumfmt
1181003a   TSK_idle$sts$avgfmt
11810044   IDL_busyObj$maxfmt
11810047   IDL_busyObj$sumfmt
1181004a   IDL_busyObj$avgfmt
11811000   _HSRTDX_rec
118112a0   _RTDX_Buffer_WriteCB
11811760   _HSRTDX_xmt
11811a60   _RTDX_Mon_Queue
11811cc0   _RTDX_Poll
11811d60   _RTDX_Final_RT_Monitor
11811de0   _RTDX_Buffer_Initialize
11811e40   _RTDX_Init_RT_Monitor
11811ea0   _RTDX_Buffer_ReadCB
11811ee0   _RTDX_Buffer_Size
11811f20   _RTDX_memfill
11811f60   _RTDX_Buffer_Read
11811f80   _RTDX_Buffer_Write
11811fa0   _RTDX_Mask_IER
11811fc0   HST_A_TABBEG
11811fc0   _HST_A_TABBEG
11811fc4   RTA_fromHost
11811fc4   _RTA_fromHost
11811fcc   RTA_fromHost$rtdx
11811fe0   RTA_toHost
11811fe0   _RTA_toHost
11811fe8   RTA_toHost$rtdx
11811ffc   HST_A_TABEND
11811ffc   _HST_A_TABEND
11812000   LOG_system$buf
11812800   BIOS_init
11812800   _BIOS_init
11812984   BIOS$$CLKON
118129c4   BIOS$$CLKOFF
11812a30   BIOS_start
11812a30   _BIOS_start
11812b80   _c_int00
11812c40   _MEM_init
11812d00   _TSK_init
11812d60   RTA_fromHost$buf
11812d70   IDL_A_TABBEG
11812d70   IDL_cpuLoad
11812d70   _IDL_cpuLoad
11812d74   LNK_dataPump
11812d74   _LNK_dataPump
11812d78   RTA_dispatcher
11812d78   _RTA_dispatcher
11812d7c   IDL_END
11812e00   _RTDX_Buffer
11813208   _RTDX_Buffer_Start
1181320c   _RTDX_Buffer_End
11813210   _rtdx_mon_state
11813254   _rtdx_buffer_state
11813260   _RTDX_writing
11813278   TSK_idle$stack
11813610   TSK_idle$stkptr
11813678   GBL_stackbeg
11813678   _HWI_STKTOP
11813678   __stack
11813a70   _HWI_STKBOTTOM
11813a77   GBL_stackend
11813a78   $bss
11813a78   .bss
11813a78   _HWI_dispatchTab
11813a78   __STACK_END
11813a78   ___bss__
11813b78   IDL_D_tabbeg
11813b7c   IDL_D_calibrate
11813b80   IDL_D_calbeg
11813b84   LOG_D_system
11813b84   _LOG_D_system
11813b88   PIP_D_tabbeg
11813b8c   PIP_D_tablen
11813b90   CLK_R_time
11813b94   CLK_D_timefxn
11813b98   CLK_D_tabbeg
11813b9c   CLK_D_isrhook
11813ba0   CLK_D_idletime
11813ba4   _CLK_htimeDiv
11813ba8   _CLK_htimeMult
11813bac   _CLK_ltimeDiv
11813bb0   _CLK_ltimeMult
11813bb4   _CLK_D_dirty
11813bb8   _CLK_D_prd
11813bbc   _CLK_D_tddr
11813bc0   _CLK_D_countspms
11813bc4   PRD_D_tick
11813bc4   _PRD_D_tick
11813bc8   PRD_D_cur
11813bcc   PRD_D_elapsed
11813bd0   PRD_D_prevtim
11813bd4   PRD_D_scalar
11813bd8   PRD_D_swihandle
11813bdc   PRD_D_tabbeg
11813be0   PRD_D_tablen
11813be4   PRD_D_thook
11813be8   RTA_D_fromHost
11813bec   RTA_D_toHost
11813bf0   RTA_D_logval
11813c00   RTA_D_stsval
11813c0c   HST_D_chanmask
11813c10   HST_D_tabbeg
11813c14   HST_D_tabend
11813c18   _GBL_procId
11813c1c   _GBL_clkIn
11813c20   _GBL_freq
11813c24   _MEM_D_NUMSEGMENTS
11813c28   _MEM_D_memtab
11813c2c   _MEM_D_freelist
11813c30   _MEM_D_lockaddr
11813c34   _MEM_D_unlockaddr
11813c38   _SYS
11813c3c   __HOOK_knlId
11813c40   __HOOK_NUMHOOKS
11813c44   SWI_D_runaddr
11813c44   _SWI_D_runaddr
11813c44   _SWI_data
11813c48   SWI_D_execaddr
11813c48   _SWI_D_execaddr
11813c4c   SWI_D_curmask
11813c4c   _SWI_D_curmask
11813c50   SWI_D_curset
11813c50   _SWI_D_curset
11813c54   SWI_D_lock
11813c54   _SWI_D_lock
11813c58   SWI_D_curmbox
11813c5c   SWI_D_curfxn
11813c5c   _SWI_D_curfxn
11813c60   SWI_D_rdybeg
11813c60   _SWI_D_rdybeg
11813c64   SWI_D_inswi
11813c64   _SWI_D_inswi
11813c68   SWI_D_rdytab
11813ce0   _KNL_wFlag
11813ce4   _KNL_wList
11813ce8   _KNL_alarm
11813cec   _KNL_setpri
11813cf0   _KNL_inactive
11813cf4   _KNL_priority
11813cf8   _KNL_set
11813cfc   _KNL_curtask
11813d00   _KNL_prevtask
11813d04   _KNL_curtime
11813d08   _KNL_swiptr
11813d0c   _KNL_curqueue
11813d10   _KNL_maxqueue
11813d14   _KNL_tswitchfxn
11813d18   _KNL_tcreatefxn
11813d1c   _KNL_tdeletefxn
11813d20   _KNL_treadyfxn
11813d24   _KNL_idlefxn
11813d28   _MEM_memtab
11813d34   HST_DSMBUFSEG
11813d34   IRAM
11813d34   MEM_MALLOCSEG
11813d34   MEM_SEGZERO
11813d34   RTDX_DATAMEMSEG
11813d34   _IRAM
11813d34   _SEG0
11813d38   RTA_fromHost$pipe$dtab
11813d44   RTA_toHost$pipe$dtab
11813d50   _EXC_sysTrapTable
11813d58   _EXC_returnPtr
11813d70   HWI_D_spsave
11813d70   _HWI_D_spsave
11813d70   _HWI_data
11813d7c   _HWI_D_inhwi
11813d80   HWI_D_bss
11813d84   HWI_D_ccmask
11813d88   LNK_dspFrameRequestMask
11813d88   _LNK_dspFrameRequestMask
11813d8c   LNK_dspFrameReadyMask
11813d8c   _LNK_dspFrameReadyMask
11813d90   LNK_readPend
11813d90   _LNK_readPend
11813d94   LNK_readDone
11813d94   _LNK_readDone
11813d98   LNK_readFail
11813d98   _LNK_readFail
11813d9c   LNK_writeFail
11813d9c   _LNK_writeFail
11813da0   _EXC_exceptionHook
11813da4   _EXC_internalHook
11813da8   _EXC_externalHook
11813dac   _EXC_nmiHook
11813db8   _rtdxNullChanCnt
11813dbc   _rtdxNullFuncCnt
11813dc0   _rtdxXmtNotDoneCnt
11813dc4   _rtdxRecNotDoneCnt
11813dc8   _rtdxXmtRestartCnt
11813dcc   _rtdxXmtErrorCnt
11813dd0   _TSK_nTasks
11813dd4   _TSK_pid
11813dd8   _TSK
11813ddc   _CLK_DFLTMICROSECS
11813de0   _CLK_D_microseconds
11813de4   _SYS_exitStackPtr
11813de8   _SYS_exitStackTop
11813dec   _CLK_htimePerLtime
11813df0   IDL_D_busyObj
11813df4   _MEM
11813dfc   _mask
11813dfe   _filterOn
11813dff   ___end__
11813dff   end
11813e00   _SYS_PUTCBEG
11813fff   _SYS_PUTCEND
11814000   HWI_A_VECS
11814000   hwi0
11814020   hwi1
11814040   hwi2
11814060   hwi3
11814080   hwi4
118140a0   hwi5
118140c0   hwi6
118140e0   hwi7
11814100   hwi8
11814120   hwi9
11814140   hwi10
11814160   hwi11
11814180   hwi12
118141a0   hwi13
118141c0   hwi14
118141e0   hwi15
11814200   __CIOBUF_
11814320   RTA_toHost$buf
11814420   PIP_A_TABBEG
11814420   RTA_fromHost$pipe
11814420   _PIP_A_TABBEG
11814424   RTA_fromHost$pipe$rd
11814450   RTA_fromHost$pipe$aaa
11814454   RTA_fromHost$pipe$wr
11814480   RTA_fromHost$pipe$bbb
11814484   RTA_toHost$pipe
11814488   RTA_toHost$pipe$rd
118144b4   RTA_toHost$pipe$aaa
118144b8   RTA_toHost$pipe$wr
118144e4   RTA_toHost$pipe$bbb
118144e8   PIP_A_TABEND
118144e8   _PIP_A_TABEND
118144f4   TSK_idle
118144f4   _TSK_idle
11814548   PRD_SWIHANDLE
11814548   PRD_swi
11814548   SWI_A_TABBEG
11814548   _PRD_swi
11814574   KNL_swi
11814574   _KNL_swi
118145a0   PRD0$sts$stsobj
118145a0   STS_A_TABBEG
118145a0   SWI_A_TABEND
118145a0   _STS_A_TABBEG
118145a4   PRD0$sts
118145b0   PRD_swi$sts$stsobj
118145b4   PRD_swi$sts
118145c0   KNL_swi$sts$stsobj
118145c4   KNL_swi$sts
118145d0   TSK_idle$sts$stsobj
118145d4   TSK_idle$sts
118145e0   IDL_busyObj$stsobj
118145e4   IDL_busyObj
118145e4   _IDL_busyObj
118145f0   STS_A_TABEND
118145f0   _STS_A_TABEND
11814680   LOG_A_TABBEG
11814680   LOG_system
11814680   _LOG_A_TABBEG
11814680   _LOG_system
11814698   _trace
11814698   trace
118146b0   IDL_A_CALBEG
118146b0   IDL_cpuLoad$
118146b0   LOG_A_TABEND
118146b0   _LOG_A_TABEND
118146b4   LNK_dataPump$
118146b8   RTA_dispatcher$
118146bc   IDL_END$
118146c0   SYS$config
118146d0   ___pinit__
118146d0   pinit
118146dc   TRC_cinit
118146e0   TRC_R_mask
118146e0   _TRC_R_mask
118146e4   GBL_initdone
118146e8   CLK_A_TABBEG
118146e8   PRD_clock
118146e8   _PRD_clock
118146ec   CLK_null
28040d0c   HWI_INTRMUX3
ffffffff   CACHE_L1D
ffffffff   CACHE_L1P
ffffffff   DDR
ffffffff   ECM_EVTMASK0
ffffffff   ECM_EVTMASK1
ffffffff   ECM_EVTMASK2
ffffffff   ECM_EVTMASK3
ffffffff   GBL_L2MAR192_223
ffffffff   L3_CBA_RAM
ffffffff   _CACHE_L1D
ffffffff   _CACHE_L1P
ffffffff   _DDR
ffffffff   _L3_CBA_RAM
ffffffff   ___TI_pprof_out_hndl
ffffffff   ___TI_prof_data_size
ffffffff   ___TI_prof_data_start
ffffffff   ___binit__
ffffffff   ___c_args__
ffffffff   binit

[1134 symbols]
