<?xml version="1.0"?>
<link_info>
   <banner>TMS320C6x Linker PC v7.4.18</banner>
   <copyright>Copyright (c) 1996-2015 Texas Instruments Incorporated</copyright>
   <link_time>0x5f196d1b</link_time>
   <output_file>GuitarAmpGitVersion.out</output_file>
   <entry_point>
      <name>_c_int00</name>
      <address>0x1181a5a0</address>
   </entry_point>
   <input_file_list>
      <input_file id="fl-2">
         <path>.\</path>
         <kind>object</kind>
         <file>biquad.obj</file>
         <name>biquad.obj</name>
      </input_file>
      <input_file id="fl-3">
         <path>.\</path>
         <kind>object</kind>
         <file>block_sine.obj</file>
         <name>block_sine.obj</name>
      </input_file>
      <input_file id="fl-4">
         <path>.\</path>
         <kind>object</kind>
         <file>framework.obj</file>
         <name>framework.obj</name>
      </input_file>
      <input_file id="fl-5">
         <path>.\</path>
         <kind>object</kind>
         <file>hello.obj</file>
         <name>hello.obj</name>
      </input_file>
      <input_file id="fl-6">
         <path>.\</path>
         <kind>object</kind>
         <file>hellocfg.obj</file>
         <name>hellocfg.obj</name>
      </input_file>
      <input_file id="fl-7">
         <path>.\</path>
         <kind>object</kind>
         <file>hellocfg_c.obj</file>
         <name>hellocfg_c.obj</name>
      </input_file>
      <input_file id="fl-8">
         <path>.\</path>
         <kind>object</kind>
         <file>ignore.obj</file>
         <name>ignore.obj</name>
      </input_file>
      <input_file id="fl-9">
         <path>.\</path>
         <kind>object</kind>
         <file>rb.obj</file>
         <name>rb.obj</name>
      </input_file>
      <input_file id="fl-8c">
         <path>C:\ti\bios_5_42_02_10\packages\ti\bios\lib\</path>
         <kind>archive</kind>
         <file>bios.a674</file>
         <name>biosdata.o674</name>
      </input_file>
      <input_file id="fl-8d">
         <path>C:\ti\bios_5_42_02_10\packages\ti\bios\lib\</path>
         <kind>archive</kind>
         <file>bios.a674</file>
         <name>hwi_disp_asm.o674</name>
      </input_file>
      <input_file id="fl-8e">
         <path>C:\ti\bios_5_42_02_10\packages\ti\bios\lib\</path>
         <kind>archive</kind>
         <file>bios.a674</file>
         <name>idl_stub.o674</name>
      </input_file>
      <input_file id="fl-8f">
         <path>C:\ti\bios_5_42_02_10\packages\ti\bios\lib\</path>
         <kind>archive</kind>
         <file>lnkrtdx.a674</file>
         <name>rtdx.o674</name>
      </input_file>
      <input_file id="fl-90">
         <path>C:\ti\bios_5_42_02_10\packages\ti\bios\lib\</path>
         <kind>archive</kind>
         <file>bios.a674</file>
         <name>swi.o674</name>
      </input_file>
      <input_file id="fl-91">
         <path>C:\ti\bios_5_42_02_10\packages\ti\bios\lib\</path>
         <kind>archive</kind>
         <file>bios6748.a674</file>
         <name>clk_gethtime.o674</name>
      </input_file>
      <input_file id="fl-92">
         <path>C:\ti\bios_5_42_02_10\packages\ti\bios\lib\</path>
         <kind>archive</kind>
         <file>bios.a674</file>
         <name>fxn_c.o674</name>
      </input_file>
      <input_file id="fl-93">
         <path>C:\ti\bios_5_42_02_10\packages\ti\bios\lib\</path>
         <kind>archive</kind>
         <file>bios.a674</file>
         <name>knl_tick.o674</name>
      </input_file>
      <input_file id="fl-94">
         <path>C:\ti\bios_5_42_02_10\packages\ti\bios\lib\</path>
         <kind>archive</kind>
         <file>bios.a674</file>
         <name>utl_doab.o674</name>
      </input_file>
      <input_file id="fl-95">
         <path>C:\ti\bios_5_42_02_10\packages\ti\bios\lib\</path>
         <kind>archive</kind>
         <file>bios.a674</file>
         <name>utl_doer.o674</name>
      </input_file>
      <input_file id="fl-96">
         <path>C:\ti\bios_5_42_02_10\packages\ti\bios\lib\</path>
         <kind>archive</kind>
         <file>bios.a674</file>
         <name>utl_putc.o674</name>
      </input_file>
      <input_file id="fl-97">
         <path>C:\ti\bios_5_42_02_10\packages\ti\bios\lib\</path>
         <kind>archive</kind>
         <file>bios.a674</file>
         <name>utl_halt.o674</name>
      </input_file>
      <input_file id="fl-98">
         <path>C:\ti\bios_5_42_02_10\packages\ti\bios\lib\</path>
         <kind>archive</kind>
         <file>bios6748.a674</file>
         <name>clk.o674</name>
      </input_file>
      <input_file id="fl-99">
         <path>C:\ti\bios_5_42_02_10\packages\ti\bios\lib\</path>
         <kind>archive</kind>
         <file>bios.a674</file>
         <name>fxn.o674</name>
      </input_file>
      <input_file id="fl-9a">
         <path>C:\ti\bios_5_42_02_10\packages\ti\bios\lib\</path>
         <kind>archive</kind>
         <file>bios.a674</file>
         <name>boot.o674</name>
      </input_file>
      <input_file id="fl-9b">
         <path>C:\ti\bios_5_42_02_10\packages\ti\bios\lib\</path>
         <kind>archive</kind>
         <file>bios.a674</file>
         <name>trc.o674</name>
      </input_file>
      <input_file id="fl-9c">
         <path>C:\ti\bios_5_42_02_10\packages\ti\bios\lib\</path>
         <kind>archive</kind>
         <file>bios.a674</file>
         <name>hwi.o674</name>
      </input_file>
      <input_file id="fl-9d">
         <path>C:\ti\bios_5_42_02_10\packages\ti\bios\lib\</path>
         <kind>archive</kind>
         <file>bios.a674</file>
         <name>idl_busy.o674</name>
      </input_file>
      <input_file id="fl-9e">
         <path>C:\ti\bios_5_42_02_10\packages\ti\bios\lib\</path>
         <kind>archive</kind>
         <file>bios6748.a674</file>
         <name>idl_cal.o674</name>
      </input_file>
      <input_file id="fl-9f">
         <path>C:\ti\bios_5_42_02_10\packages\ti\bios\lib\</path>
         <kind>archive</kind>
         <file>bios.a674</file>
         <name>idl.o674</name>
      </input_file>
      <input_file id="fl-a0">
         <path>C:\ti\bios_5_42_02_10\packages\ti\bios\lib\</path>
         <kind>archive</kind>
         <file>bios.a674</file>
         <name>knl_swit.o674</name>
      </input_file>
      <input_file id="fl-a1">
         <path>C:\ti\bios_5_42_02_10\packages\ti\bios\lib\</path>
         <kind>archive</kind>
         <file>bios.a674</file>
         <name>log.o674</name>
      </input_file>
      <input_file id="fl-a2">
         <path>C:\ti\bios_5_42_02_10\packages\ti\bios\lib\</path>
         <kind>archive</kind>
         <file>bios.a674</file>
         <name>pip.o674</name>
      </input_file>
      <input_file id="fl-a3">
         <path>C:\ti\bios_5_42_02_10\packages\ti\bios\lib\</path>
         <kind>archive</kind>
         <file>bios.a674</file>
         <name>prd.o674</name>
      </input_file>
      <input_file id="fl-a4">
         <path>C:\ti\bios_5_42_02_10\packages\ti\bios\lib\</path>
         <kind>archive</kind>
         <file>bios.a674</file>
         <name>rta.o674</name>
      </input_file>
      <input_file id="fl-a5">
         <path>C:\ti\bios_5_42_02_10\packages\ti\bios\lib\</path>
         <kind>archive</kind>
         <file>bios.a674</file>
         <name>rta_andn.o674</name>
      </input_file>
      <input_file id="fl-a6">
         <path>C:\ti\bios_5_42_02_10\packages\ti\bios\lib\</path>
         <kind>archive</kind>
         <file>bios.a674</file>
         <name>sts.o674</name>
      </input_file>
      <input_file id="fl-a7">
         <path>C:\ti\bios_5_42_02_10\packages\ti\bios\lib\</path>
         <kind>archive</kind>
         <file>bios.a674</file>
         <name>clk_data.o674</name>
      </input_file>
      <input_file id="fl-a8">
         <path>C:\ti\bios_5_42_02_10\packages\ti\bios\lib\</path>
         <kind>archive</kind>
         <file>bios.a674</file>
         <name>clk_data2.o674</name>
      </input_file>
      <input_file id="fl-a9">
         <path>C:\ti\bios_5_42_02_10\packages\ti\bios\lib\</path>
         <kind>archive</kind>
         <file>bios6748.a674</file>
         <name>clk_data.o674</name>
      </input_file>
      <input_file id="fl-aa">
         <path>C:\ti\bios_5_42_02_10\packages\ti\bios\lib\</path>
         <kind>archive</kind>
         <file>bios6748.a674</file>
         <name>clk_meas.o674</name>
      </input_file>
      <input_file id="fl-ab">
         <path>C:\eXperimenter\c6748\bsl\lib\</path>
         <kind>archive</kind>
         <file>evmc6748_bsl.lib</file>
         <name>evmc6748_dip.obj</name>
      </input_file>
      <input_file id="fl-ac">
         <path>C:\eXperimenter\c6748\bsl\lib\</path>
         <kind>archive</kind>
         <file>evmc6748_bsl.lib</file>
         <name>evmc6748.obj</name>
      </input_file>
      <input_file id="fl-ad">
         <path>C:\ti\bios_5_42_02_10\packages\ti\bios\lib\</path>
         <kind>archive</kind>
         <file>bios.a674</file>
         <name>exc_asm.o674</name>
      </input_file>
      <input_file id="fl-ae">
         <path>C:\ti\bios_5_42_02_10\packages\ti\bios\lib\</path>
         <kind>archive</kind>
         <file>bios.a674</file>
         <name>exc.o674</name>
      </input_file>
      <input_file id="fl-af">
         <path>C:\ti\bios_5_42_02_10\packages\ti\bios\lib\</path>
         <kind>archive</kind>
         <file>bios.a674</file>
         <name>gbl_cacheinit64P.o674</name>
      </input_file>
      <input_file id="fl-b0">
         <path>C:\ti\bios_5_42_02_10\packages\ti\bios\lib\</path>
         <kind>archive</kind>
         <file>bios6748.a674</file>
         <name>bcache_init.o674</name>
      </input_file>
      <input_file id="fl-b1">
         <path>C:\ti\bios_5_42_02_10\packages\ti\bios\lib\</path>
         <kind>archive</kind>
         <file>bios.a674</file>
         <name>gbl_vers.o674</name>
      </input_file>
      <input_file id="fl-b2">
         <path>C:\eXperimenter\c6748\bsl\lib\</path>
         <kind>archive</kind>
         <file>evmc6748_bsl.lib</file>
         <name>evmc6748_gpio.obj</name>
      </input_file>
      <input_file id="fl-b3">
         <path>C:\ti\bios_5_42_02_10\packages\ti\rtdx\lib\c6000\</path>
         <kind>archive</kind>
         <file>rtdx64xplus.lib</file>
         <name>rtdx_mon.o64P</name>
      </input_file>
      <input_file id="fl-b4">
         <path>C:\ti\bios_5_42_02_10\packages\ti\bios\lib\</path>
         <kind>archive</kind>
         <file>bios.a674</file>
         <name>hwi_c.o674</name>
      </input_file>
      <input_file id="fl-b5">
         <path>C:\eXperimenter\c6748\bsl\lib\</path>
         <kind>archive</kind>
         <file>evmc6748_bsl.lib</file>
         <name>evmc6748_i2c_gpio.obj</name>
      </input_file>
      <input_file id="fl-b6">
         <path>C:\eXperimenter\c6748\bsl\lib\</path>
         <kind>archive</kind>
         <file>evmc6748_bsl.lib</file>
         <name>evmc6748_i2c.obj</name>
      </input_file>
      <input_file id="fl-b7">
         <path>C:\ti\bios_5_42_02_10\packages\ti\bios\lib\</path>
         <kind>archive</kind>
         <file>bios.a674</file>
         <name>knl.o674</name>
      </input_file>
      <input_file id="fl-b8">
         <path>C:\ti\bios_5_42_02_10\packages\ti\bios\lib\</path>
         <kind>archive</kind>
         <file>bios.a674</file>
         <name>knl_exit.o674</name>
      </input_file>
      <input_file id="fl-b9">
         <path>C:\ti\bios_5_42_02_10\packages\ti\bios\lib\</path>
         <kind>archive</kind>
         <file>bios.a674</file>
         <name>knl_chec.o674</name>
      </input_file>
      <input_file id="fl-ba">
         <path>C:\ti\bios_5_42_02_10\packages\ti\bios\lib\</path>
         <kind>archive</kind>
         <file>bios.a674</file>
         <name>knl_post.o674</name>
      </input_file>
      <input_file id="fl-bb">
         <path>C:\ti\bios_5_42_02_10\packages\ti\bios\lib\</path>
         <kind>archive</kind>
         <file>bios.a674</file>
         <name>knl_ipos.o674</name>
      </input_file>
      <input_file id="fl-bc">
         <path>C:\ti\bios_5_42_02_10\packages\ti\bios\lib\</path>
         <kind>archive</kind>
         <file>bios.a674</file>
         <name>knl_run.o674</name>
      </input_file>
      <input_file id="fl-bd">
         <path>C:\eXperimenter\c6748\bsl\lib\</path>
         <kind>archive</kind>
         <file>evmc6748_bsl.lib</file>
         <name>evmc6748_led.obj</name>
      </input_file>
      <input_file id="fl-be">
         <path>C:\ti\bios_5_42_02_10\packages\ti\bios\lib\</path>
         <kind>archive</kind>
         <file>bios.a674</file>
         <name>mem_asm.o674</name>
      </input_file>
      <input_file id="fl-bf">
         <path>C:\ti\bios_5_42_02_10\packages\ti\bios\lib\</path>
         <kind>archive</kind>
         <file>bios.a674</file>
         <name>mem_init.o674</name>
      </input_file>
      <input_file id="fl-c0">
         <path>C:\ti\bios_5_42_02_10\packages\ti\bios\lib\</path>
         <kind>archive</kind>
         <file>bios.a674</file>
         <name>obj_init.o674</name>
      </input_file>
      <input_file id="fl-c1">
         <path>C:\ti\bios_5_42_02_10\packages\ti\rtdx\lib\c6000\</path>
         <kind>archive</kind>
         <file>rtdx64xplus.lib</file>
         <name>buffer2.o64P</name>
      </input_file>
      <input_file id="fl-c2">
         <path>C:\ti\bios_5_42_02_10\packages\ti\rtdx\lib\c6000\</path>
         <kind>archive</kind>
         <file>rtdx64xplus.lib</file>
         <name>buffer1.o64P</name>
      </input_file>
      <input_file id="fl-c3">
         <path>C:\ti\bios_5_42_02_10\packages\ti\rtdx\lib\c6000\</path>
         <kind>archive</kind>
         <file>rtdx64xplus.lib</file>
         <name>intr_tgt.o64P</name>
      </input_file>
      <input_file id="fl-c4">
         <path>C:\ti\bios_5_42_02_10\packages\ti\rtdx\lib\c6000\</path>
         <kind>archive</kind>
         <file>rtdx64xplus.lib</file>
         <name>memfill.o64P</name>
      </input_file>
      <input_file id="fl-c5">
         <path>C:\ti\bios_5_42_02_10\packages\ti\bios\lib\</path>
         <kind>archive</kind>
         <file>bios.a674</file>
         <name>sts_set.o674</name>
      </input_file>
      <input_file id="fl-c6">
         <path>C:\ti\bios_5_42_02_10\packages\ti\bios\lib\</path>
         <kind>archive</kind>
         <file>bios.a674</file>
         <name>sys_abor.o674</name>
      </input_file>
      <input_file id="fl-c7">
         <path>C:\ti\bios_5_42_02_10\packages\ti\bios\lib\</path>
         <kind>archive</kind>
         <file>bios.a674</file>
         <name>tsk.o674</name>
      </input_file>
      <input_file id="fl-c8">
         <path>C:\ti\bios_5_42_02_10\packages\ti\bios\lib\</path>
         <kind>archive</kind>
         <file>bios.a674</file>
         <name>tsk_exit.o674</name>
      </input_file>
      <input_file id="fl-c9">
         <path>C:\ti\bios_5_42_02_10\packages\ti\bios\lib\</path>
         <kind>archive</kind>
         <file>bios.a674</file>
         <name>sys_exit.o674</name>
      </input_file>
      <input_file id="fl-ca">
         <path>C:\ti\bios_5_42_02_10\packages\ti\bios\lib\</path>
         <kind>archive</kind>
         <file>bios.a674</file>
         <name>sys.o674</name>
      </input_file>
      <input_file id="fl-cb">
         <path>C:\ti\bios_5_42_02_10\packages\ti\bios\lib\</path>
         <kind>archive</kind>
         <file>bios.a674</file>
         <name>tsk_init.o674</name>
      </input_file>
      <input_file id="fl-cc">
         <path>C:\ti\bios_5_42_02_10\packages\ti\bios\lib\</path>
         <kind>archive</kind>
         <file>bios.a674</file>
         <name>tsk_setu.o674</name>
      </input_file>
      <input_file id="fl-cd">
         <path>C:\ti\bios_5_42_02_10\packages\ti\bios\lib\</path>
         <kind>archive</kind>
         <file>bios.a674</file>
         <name>tsk_stup.o674</name>
      </input_file>
      <input_file id="fl-ce">
         <path>C:\ti\bios_5_42_02_10\packages\ti\bios\lib\</path>
         <kind>archive</kind>
         <file>bios.a674</file>
         <name>lck.o674</name>
      </input_file>
      <input_file id="fl-cf">
         <path>C:\ti\bios_5_42_02_10\packages\ti\bios\lib\</path>
         <kind>archive</kind>
         <file>bios.a674</file>
         <name>sem_pend_counting.o674</name>
      </input_file>
      <input_file id="fl-d0">
         <path>C:\ti\bios_5_42_02_10\packages\ti\bios\lib\</path>
         <kind>archive</kind>
         <file>bios.a674</file>
         <name>sem_pend.o674</name>
      </input_file>
      <input_file id="fl-d1">
         <path>C:\ti\bios_5_42_02_10\packages\ti\bios\lib\</path>
         <kind>archive</kind>
         <file>bios.a674</file>
         <name>sem_post_asm.o674</name>
      </input_file>
      <input_file id="fl-d2">
         <path>C:\ti\bios_5_42_02_10\packages\ti\bios\lib\</path>
         <kind>archive</kind>
         <file>bios.a674</file>
         <name>sem_post.o674</name>
      </input_file>
      <input_file id="fl-d3">
         <path>C:\ti\bios_5_42_02_10\packages\ti\bios\lib\</path>
         <kind>archive</kind>
         <file>bios.a674</file>
         <name>sem_dopo.o674</name>
      </input_file>
      <input_file id="fl-d4">
         <path>C:\ti\bios_5_42_02_10\packages\ti\bios\lib\</path>
         <kind>archive</kind>
         <file>bios.a674</file>
         <name>autoinit.o674</name>
      </input_file>
      <input_file id="fl-d5">
         <path>C:\ti\ccsv6\tools\compiler\c6000_7.4.18\lib\</path>
         <kind>archive</kind>
         <file>rts6740.lib</file>
         <name>round.obj</name>
      </input_file>
      <input_file id="fl-d6">
         <path>C:\ti\ccsv6\tools\compiler\c6000_7.4.18\lib\</path>
         <kind>archive</kind>
         <file>rts6740.lib</file>
         <name>push.obj</name>
      </input_file>
      <input_file id="fl-d7">
         <path>C:\ti\ccsv6\tools\compiler\c6000_7.4.18\lib\</path>
         <kind>archive</kind>
         <file>rts6740.lib</file>
         <name>_lock.obj</name>
      </input_file>
      <input_file id="fl-d8">
         <path>C:\ti\ccsv6\tools\compiler\c6000_7.4.18\lib\</path>
         <kind>archive</kind>
         <file>rts6740.lib</file>
         <name>atexit.obj</name>
      </input_file>
      <input_file id="fl-d9">
         <path>C:\ti\ccsv6\tools\compiler\c6000_7.4.18\lib\</path>
         <kind>archive</kind>
         <file>rts6740.lib</file>
         <name>sinit.obj</name>
      </input_file>
      <input_file id="fl-da">
         <path>C:\ti\ccsv6\tools\compiler\c6000_7.4.18\lib\</path>
         <kind>archive</kind>
         <file>rts6740.lib</file>
         <name>exit.obj</name>
      </input_file>
      <input_file id="fl-db">
         <path>C:\ti\ccsv6\tools\compiler\c6000_7.4.18\lib\</path>
         <kind>archive</kind>
         <file>rts6740.lib</file>
         <name>memcpy64.obj</name>
      </input_file>
      <input_file id="fl-dc">
         <path>C:\ti\ccsv6\tools\compiler\c6000_7.4.18\lib\</path>
         <kind>archive</kind>
         <file>rts6740.lib</file>
         <name>modf.obj</name>
      </input_file>
      <input_file id="fl-dd">
         <path>C:\ti\ccsv6\tools\compiler\c6000_7.4.18\lib\</path>
         <kind>archive</kind>
         <file>rts6740.lib</file>
         <name>printf.obj</name>
      </input_file>
      <input_file id="fl-de">
         <path>C:\ti\ccsv6\tools\compiler\c6000_7.4.18\lib\</path>
         <kind>archive</kind>
         <file>rts6740.lib</file>
         <name>defs.obj</name>
      </input_file>
      <input_file id="fl-df">
         <path>C:\ti\ccsv6\tools\compiler\c6000_7.4.18\lib\</path>
         <kind>archive</kind>
         <file>rts6740.lib</file>
         <name>_printfi.obj</name>
      </input_file>
      <input_file id="fl-e0">
         <path>C:\ti\ccsv6\tools\compiler\c6000_7.4.18\lib\</path>
         <kind>archive</kind>
         <file>rts6740.lib</file>
         <name>isinf.obj</name>
      </input_file>
      <input_file id="fl-e1">
         <path>C:\ti\ccsv6\tools\compiler\c6000_7.4.18\lib\</path>
         <kind>archive</kind>
         <file>rts6740.lib</file>
         <name>divd.obj</name>
      </input_file>
      <input_file id="fl-e2">
         <path>C:\ti\ccsv6\tools\compiler\c6000_7.4.18\lib\</path>
         <kind>archive</kind>
         <file>rts6740.lib</file>
         <name>divu.obj</name>
      </input_file>
      <input_file id="fl-e3">
         <path>C:\ti\ccsv6\tools\compiler\c6000_7.4.18\lib\</path>
         <kind>archive</kind>
         <file>rts6740.lib</file>
         <name>imath40.obj</name>
      </input_file>
      <input_file id="fl-e4">
         <path>C:\ti\ccsv6\tools\compiler\c6000_7.4.18\lib\</path>
         <kind>archive</kind>
         <file>rts6740.lib</file>
         <name>imath64.obj</name>
      </input_file>
      <input_file id="fl-e5">
         <path>C:\ti\ccsv6\tools\compiler\c6000_7.4.18\lib\</path>
         <kind>archive</kind>
         <file>rts6740.lib</file>
         <name>fixdli.obj</name>
      </input_file>
      <input_file id="fl-e6">
         <path>C:\ti\ccsv6\tools\compiler\c6000_7.4.18\lib\</path>
         <kind>archive</kind>
         <file>rts6740.lib</file>
         <name>fltlid.obj</name>
      </input_file>
      <input_file id="fl-e7">
         <path>C:\ti\ccsv6\tools\compiler\c6000_7.4.18\lib\</path>
         <kind>archive</kind>
         <file>rts6740.lib</file>
         <name>frcmpyd_div.obj</name>
      </input_file>
      <input_file id="fl-e8">
         <path>C:\ti\ccsv6\tools\compiler\c6000_7.4.18\lib\</path>
         <kind>archive</kind>
         <file>rts6740.lib</file>
         <name>llshift.obj</name>
      </input_file>
      <input_file id="fl-e9">
         <path>C:\ti\ccsv6\tools\compiler\c6000_7.4.18\lib\</path>
         <kind>archive</kind>
         <file>rts6740.lib</file>
         <name>negll.obj</name>
      </input_file>
      <input_file id="fl-ea">
         <path>C:\ti\ccsv6\tools\compiler\c6000_7.4.18\lib\</path>
         <kind>archive</kind>
         <file>rts6740.lib</file>
         <name>atoi.obj</name>
      </input_file>
      <input_file id="fl-eb">
         <path>C:\ti\ccsv6\tools\compiler\c6000_7.4.18\lib\</path>
         <kind>archive</kind>
         <file>rts6740.lib</file>
         <name>ctype.obj</name>
      </input_file>
      <input_file id="fl-ec">
         <path>C:\ti\ccsv6\tools\compiler\c6000_7.4.18\lib\</path>
         <kind>archive</kind>
         <file>rts6740.lib</file>
         <name>fputc.obj</name>
      </input_file>
      <input_file id="fl-ed">
         <path>C:\ti\ccsv6\tools\compiler\c6000_7.4.18\lib\</path>
         <kind>archive</kind>
         <file>rts6740.lib</file>
         <name>fflush.obj</name>
      </input_file>
      <input_file id="fl-ee">
         <path>C:\ti\ccsv6\tools\compiler\c6000_7.4.18\lib\</path>
         <kind>archive</kind>
         <file>rts6740.lib</file>
         <name>_io_perm.obj</name>
      </input_file>
      <input_file id="fl-ef">
         <path>C:\ti\ccsv6\tools\compiler\c6000_7.4.18\lib\</path>
         <kind>archive</kind>
         <file>rts6740.lib</file>
         <name>fputs.obj</name>
      </input_file>
      <input_file id="fl-f0">
         <path>C:\ti\ccsv6\tools\compiler\c6000_7.4.18\lib\</path>
         <kind>archive</kind>
         <file>rts6740.lib</file>
         <name>fseek.obj</name>
      </input_file>
      <input_file id="fl-f1">
         <path>C:\ti\ccsv6\tools\compiler\c6000_7.4.18\lib\</path>
         <kind>archive</kind>
         <file>rts6740.lib</file>
         <name>abs.obj</name>
      </input_file>
      <input_file id="fl-f2">
         <path>C:\ti\ccsv6\tools\compiler\c6000_7.4.18\lib\</path>
         <kind>archive</kind>
         <file>rts6740.lib</file>
         <name>lowlev.obj</name>
      </input_file>
      <input_file id="fl-f3">
         <path>C:\ti\ccsv6\tools\compiler\c6000_7.4.18\lib\</path>
         <kind>archive</kind>
         <file>rts6740.lib</file>
         <name>trgdrv.obj</name>
      </input_file>
      <input_file id="fl-f4">
         <path>C:\ti\ccsv6\tools\compiler\c6000_7.4.18\lib\</path>
         <kind>archive</kind>
         <file>rts6740.lib</file>
         <name>ltoa.obj</name>
      </input_file>
      <input_file id="fl-f5">
         <path>C:\ti\ccsv6\tools\compiler\c6000_7.4.18\lib\</path>
         <kind>archive</kind>
         <file>rts6740.lib</file>
         <name>memccpy.obj</name>
      </input_file>
      <input_file id="fl-f6">
         <path>C:\ti\ccsv6\tools\compiler\c6000_7.4.18\lib\</path>
         <kind>archive</kind>
         <file>rts6740.lib</file>
         <name>memset.obj</name>
      </input_file>
      <input_file id="fl-f7">
         <path>C:\ti\ccsv6\tools\compiler\c6000_7.4.18\lib\</path>
         <kind>archive</kind>
         <file>rts6740.lib</file>
         <name>trgmsg.obj</name>
      </input_file>
      <input_file id="fl-f8">
         <path>C:\ti\ccsv6\tools\compiler\c6000_7.4.18\lib\</path>
         <kind>archive</kind>
         <file>rts6740.lib</file>
         <name>setvbuf.obj</name>
      </input_file>
      <input_file id="fl-f9">
         <path>C:\ti\ccsv6\tools\compiler\c6000_7.4.18\lib\</path>
         <kind>archive</kind>
         <file>rts6740.lib</file>
         <name>fopen.obj</name>
      </input_file>
      <input_file id="fl-fa">
         <path>C:\ti\ccsv6\tools\compiler\c6000_7.4.18\lib\</path>
         <kind>archive</kind>
         <file>rts6740.lib</file>
         <name>fclose.obj</name>
      </input_file>
      <input_file id="fl-fb">
         <path>C:\ti\bios_5_42_02_10\packages\ti\bios\lib\</path>
         <kind>archive</kind>
         <file>bios.a674</file>
         <name>malloc.o674</name>
      </input_file>
      <input_file id="fl-fc">
         <path>C:\ti\bios_5_42_02_10\packages\ti\bios\lib\</path>
         <kind>archive</kind>
         <file>bios.a674</file>
         <name>mem_allo.o674</name>
      </input_file>
      <input_file id="fl-fd">
         <path>C:\ti\bios_5_42_02_10\packages\ti\bios\lib\</path>
         <kind>archive</kind>
         <file>bios.a674</file>
         <name>mem_free.o674</name>
      </input_file>
      <input_file id="fl-fe">
         <path>C:\ti\bios_5_42_02_10\packages\ti\bios\lib\</path>
         <kind>archive</kind>
         <file>bios.a674</file>
         <name>sys_erro.o674</name>
      </input_file>
      <input_file id="fl-ff">
         <path>C:\ti\ccsv6\tools\compiler\c6000_7.4.18\lib\</path>
         <kind>archive</kind>
         <file>rts6740.lib</file>
         <name>remove.obj</name>
      </input_file>
   </input_file_list>
   <object_component_list>
      <object_component id="oc-7a">
         <name>.vers</name>
         <load_address>0x0</load_address>
         <run_address>0x0</run_address>
         <size>0x3c</size>
         <input_file_ref idref="fl-6"/>
      </object_component>
      <object_component id="oc-68">
         <name>.clk</name>
         <uninitialized>true</uninitialized>
         <run_address>0x11808b98</run_address>
         <size>0x8</size>
         <input_file_ref idref="fl-6"/>
      </object_component>
      <object_component id="oc-69">
         <name>.prd</name>
         <uninitialized>true</uninitialized>
         <run_address>0x1181a7e0</run_address>
         <size>0x20</size>
         <input_file_ref idref="fl-6"/>
      </object_component>
      <object_component id="oc-71">
         <name>.swi</name>
         <uninitialized>true</uninitialized>
         <run_address>0x1181e7a8</run_address>
         <size>0x58</size>
         <input_file_ref idref="fl-6"/>
      </object_component>
      <object_component id="oc-72">
         <name>.tsk</name>
         <uninitialized>true</uninitialized>
         <run_address>0x1181a780</run_address>
         <size>0x60</size>
         <input_file_ref idref="fl-6"/>
      </object_component>
      <object_component id="oc-75">
         <name>.idl</name>
         <uninitialized>true</uninitialized>
         <run_address>0x1181ed24</run_address>
         <size>0x10</size>
         <input_file_ref idref="fl-6"/>
      </object_component>
      <object_component id="oc-74">
         <name>.idlcal</name>
         <uninitialized>true</uninitialized>
         <run_address>0x1181ed34</run_address>
         <size>0x10</size>
         <input_file_ref idref="fl-6"/>
      </object_component>
      <object_component id="oc-45">
         <name>.bss</name>
         <uninitialized>true</uninitialized>
         <run_address>0x1181e3a0</run_address>
         <size>0x28</size>
         <input_file_ref idref="fl-6"/>
      </object_component>
      <object_component id="oc-51">
         <name>.bss</name>
         <uninitialized>true</uninitialized>
         <run_address>0x1181e47c</run_address>
         <size>0x4</size>
         <input_file_ref idref="fl-3"/>
      </object_component>
      <object_component id="oc-5c">
         <name>.bss</name>
         <uninitialized>true</uninitialized>
         <run_address>0x1181e454</run_address>
         <size>0xc</size>
         <input_file_ref idref="fl-5"/>
      </object_component>
      <object_component id="oc-87">
         <name>.bss</name>
         <uninitialized>true</uninitialized>
         <run_address>0x1181e1f0</run_address>
         <size>0xcc</size>
         <input_file_ref idref="fl-8c"/>
      </object_component>
      <object_component id="oc-89">
         <name>.bss</name>
         <uninitialized>true</uninitialized>
         <run_address>0x1181e0f0</run_address>
         <size>0x100</size>
         <input_file_ref idref="fl-8d"/>
      </object_component>
      <object_component id="oc-90">
         <name>.bss</name>
         <uninitialized>true</uninitialized>
         <run_address>0x1181e400</run_address>
         <size>0x18</size>
         <input_file_ref idref="fl-8f"/>
      </object_component>
      <object_component id="oc-96">
         <name>.bss</name>
         <uninitialized>true</uninitialized>
         <run_address>0x1181e2bc</run_address>
         <size>0x9c</size>
         <input_file_ref idref="fl-90"/>
      </object_component>
      <object_component id="oc-c4">
         <name>.bss</name>
         <uninitialized>true</uninitialized>
         <run_address>0x1181e3e8</run_address>
         <size>0x18</size>
         <input_file_ref idref="fl-9c"/>
      </object_component>
      <object_component id="oc-c6">
         <name>.bss</name>
         <uninitialized>true</uninitialized>
         <run_address>0x1181e474</run_address>
         <size>0x4</size>
         <input_file_ref idref="fl-9d"/>
      </object_component>
      <object_component id="oc-f2">
         <name>.bss</name>
         <uninitialized>true</uninitialized>
         <run_address>0x1181e460</run_address>
         <size>0x8</size>
         <input_file_ref idref="fl-a7"/>
      </object_component>
      <object_component id="oc-f5">
         <name>.bss</name>
         <uninitialized>true</uninitialized>
         <run_address>0x1181e470</run_address>
         <size>0x4</size>
         <input_file_ref idref="fl-a8"/>
      </object_component>
      <object_component id="oc-108">
         <name>.bss</name>
         <uninitialized>true</uninitialized>
         <run_address>0x1181e3c8</run_address>
         <size>0x20</size>
         <input_file_ref idref="fl-ad"/>
      </object_component>
      <object_component id="oc-10e">
         <name>.bss</name>
         <uninitialized>true</uninitialized>
         <run_address>0x1181e418</run_address>
         <size>0x10</size>
         <input_file_ref idref="fl-ae"/>
      </object_component>
      <object_component id="oc-123">
         <name>.bss</name>
         <uninitialized>true</uninitialized>
         <run_address>0x1181e438</run_address>
         <size>0x10</size>
         <input_file_ref idref="fl-b3"/>
      </object_component>
      <object_component id="oc-133">
         <name>.bss</name>
         <uninitialized>true</uninitialized>
         <run_address>0x1181e480</run_address>
         <size>0x4</size>
         <input_file_ref idref="fl-b6"/>
      </object_component>
      <object_component id="oc-138">
         <name>.bss</name>
         <uninitialized>true</uninitialized>
         <run_address>0x1181e358</run_address>
         <size>0x48</size>
         <input_file_ref idref="fl-b7"/>
      </object_component>
      <object_component id="oc-151">
         <name>.bss</name>
         <uninitialized>true</uninitialized>
         <run_address>0x1181e478</run_address>
         <size>0x4</size>
         <input_file_ref idref="fl-be"/>
      </object_component>
      <object_component id="oc-15d">
         <name>.bss</name>
         <uninitialized>true</uninitialized>
         <run_address>0x1181e428</run_address>
         <size>0x10</size>
         <input_file_ref idref="fl-c2"/>
      </object_component>
      <object_component id="oc-172">
         <name>.bss</name>
         <uninitialized>true</uninitialized>
         <run_address>0x1181e448</run_address>
         <size>0xc</size>
         <input_file_ref idref="fl-c7"/>
      </object_component>
      <object_component id="oc-17e">
         <name>.bss</name>
         <uninitialized>true</uninitialized>
         <run_address>0x1181e468</run_address>
         <size>0x8</size>
         <input_file_ref idref="fl-ca"/>
      </object_component>
      <object_component id="oc-70">
         <name>.hwi_vec</name>
         <load_address>0x1181e800</load_address>
         <run_address>0x1181e800</run_address>
         <size>0x200</size>
         <input_file_ref idref="fl-6"/>
      </object_component>
      <object_component id="oc-54">
         <name>.far</name>
         <uninitialized>true</uninitialized>
         <run_address>0x11808b70</run_address>
         <size>0xc</size>
         <input_file_ref idref="fl-3"/>
      </object_component>
      <object_component id="oc-5f">
         <name>.far</name>
         <uninitialized>true</uninitialized>
         <run_address>0x11800000</run_address>
         <size>0x8358</size>
         <input_file_ref idref="fl-5"/>
      </object_component>
      <object_component id="oc-a3">
         <name>.far</name>
         <uninitialized>true</uninitialized>
         <run_address>0x11808b50</run_address>
         <size>0x10</size>
         <input_file_ref idref="fl-93"/>
      </object_component>
      <object_component id="oc-b0">
         <name>.far</name>
         <uninitialized>true</uninitialized>
         <run_address>0x11808b60</run_address>
         <size>0xc</size>
         <input_file_ref idref="fl-96"/>
      </object_component>
      <object_component id="oc-f9">
         <name>.far</name>
         <uninitialized>true</uninitialized>
         <run_address>0x1180867c</run_address>
         <size>0x4</size>
         <input_file_ref idref="fl-a9"/>
      </object_component>
      <object_component id="oc-111">
         <name>.far</name>
         <uninitialized>true</uninitialized>
         <run_address>0x11808b40</run_address>
         <size>0x10</size>
         <input_file_ref idref="fl-ae"/>
      </object_component>
      <object_component id="oc-127">
         <name>.far</name>
         <uninitialized>true</uninitialized>
         <run_address>0x11808b28</run_address>
         <size>0x18</size>
         <input_file_ref idref="fl-b3"/>
      </object_component>
      <object_component id="oc-13b">
         <name>.far</name>
         <uninitialized>true</uninitialized>
         <run_address>0x11808928</run_address>
         <size>0xd8</size>
         <input_file_ref idref="fl-b7"/>
      </object_component>
      <object_component id="oc-157">
         <name>.far</name>
         <uninitialized>true</uninitialized>
         <run_address>0x11808a60</run_address>
         <size>0x54</size>
         <input_file_ref idref="fl-c0"/>
      </object_component>
      <object_component id="oc-175">
         <name>.far</name>
         <uninitialized>true</uninitialized>
         <run_address>0x11808a00</run_address>
         <size>0x5c</size>
         <input_file_ref idref="fl-c7"/>
      </object_component>
      <object_component id="oc-181">
         <name>.far</name>
         <uninitialized>true</uninitialized>
         <run_address>0x11808b08</run_address>
         <size>0x20</size>
         <input_file_ref idref="fl-ca"/>
      </object_component>
      <object_component id="oc-18b">
         <name>.far</name>
         <uninitialized>true</uninitialized>
         <run_address>0x11808ab4</run_address>
         <size>0x50</size>
         <input_file_ref idref="fl-cd"/>
      </object_component>
      <object_component id="oc-1af">
         <name>.far</name>
         <uninitialized>true</uninitialized>
         <run_address>0x11808b88</run_address>
         <size>0x8</size>
         <input_file_ref idref="fl-d7"/>
      </object_component>
      <object_component id="oc-1b4">
         <name>.far</name>
         <uninitialized>true</uninitialized>
         <run_address>0x11808680</run_address>
         <size>0x188</size>
         <input_file_ref idref="fl-d8"/>
      </object_component>
      <object_component id="oc-1b9">
         <name>.far</name>
         <uninitialized>true</uninitialized>
         <run_address>0x11808a5c</run_address>
         <size>0x4</size>
         <input_file_ref idref="fl-d9"/>
      </object_component>
      <object_component id="oc-1be">
         <name>.far</name>
         <uninitialized>true</uninitialized>
         <run_address>0x11808b7c</run_address>
         <size>0xc</size>
         <input_file_ref idref="fl-da"/>
      </object_component>
      <object_component id="oc-1cc">
         <name>.far</name>
         <uninitialized>true</uninitialized>
         <run_address>0x11808358</run_address>
         <size>0x324</size>
         <input_file_ref idref="fl-de"/>
      </object_component>
      <object_component id="oc-20a">
         <name>.far</name>
         <uninitialized>true</uninitialized>
         <run_address>0x11808808</run_address>
         <size>0x11c</size>
         <input_file_ref idref="fl-f2"/>
      </object_component>
      <object_component id="oc-20e">
         <name>.far</name>
         <uninitialized>true</uninitialized>
         <run_address>0x11808b90</run_address>
         <size>0x8</size>
         <input_file_ref idref="fl-f3"/>
      </object_component>
      <object_component id="oc-223">
         <name>.far</name>
         <uninitialized>true</uninitialized>
         <run_address>0x11808924</run_address>
         <size>0x4</size>
         <input_file_ref idref="fl-f9"/>
      </object_component>
      <object_component id="oc-64">
         <name>.mem</name>
         <uninitialized>true</uninitialized>
         <run_address>0x1181d4b4</run_address>
         <size>0x4</size>
         <input_file_ref idref="fl-6"/>
      </object_component>
      <object_component id="oc-92">
         <name>.bios</name>
         <load_address>0x11810c40</load_address>
         <run_address>0x11810c40</run_address>
         <size>0x5c0</size>
         <input_file_ref idref="fl-8f"/>
      </object_component>
      <object_component id="oc-245">
         <name>.bios</name>
         <load_address>0x11811200</load_address>
         <run_address>0x11811200</run_address>
         <size>0x580</size>
         <input_file_ref idref="fl-ae"/>
      </object_component>
      <object_component id="oc-46">
         <name>.bios</name>
         <load_address>0x11811780</load_address>
         <run_address>0x11811780</run_address>
         <size>0x4e0</size>
         <input_file_ref idref="fl-8d"/>
      </object_component>
      <object_component id="oc-44">
         <name>.bios</name>
         <load_address>0x11811c60</load_address>
         <run_address>0x11811c60</run_address>
         <size>0x4c0</size>
         <input_file_ref idref="fl-90"/>
      </object_component>
      <object_component id="oc-e1">
         <name>.bios</name>
         <load_address>0x11812120</load_address>
         <run_address>0x11812120</run_address>
         <size>0x380</size>
         <input_file_ref idref="fl-a3"/>
      </object_component>
      <object_component id="oc-29d">
         <name>.bios</name>
         <load_address>0x118124a0</load_address>
         <run_address>0x118124a0</run_address>
         <size>0x280</size>
         <input_file_ref idref="fl-fb"/>
      </object_component>
      <object_component id="oc-e6">
         <name>.bios</name>
         <load_address>0x11812720</load_address>
         <run_address>0x11812720</run_address>
         <size>0x280</size>
         <input_file_ref idref="fl-a4"/>
      </object_component>
      <object_component id="oc-240">
         <name>.bios</name>
         <load_address>0x118129a0</load_address>
         <run_address>0x118129a0</run_address>
         <size>0x240</size>
         <input_file_ref idref="fl-bc"/>
      </object_component>
      <object_component id="oc-2a7">
         <name>.bios:.near</name>
         <load_address>0x11812be0</load_address>
         <run_address>0x11812be0</run_address>
         <size>0x200</size>
         <input_file_ref idref="fl-fc"/>
      </object_component>
      <object_component id="oc-49">
         <name>.bios</name>
         <load_address>0x11812de0</load_address>
         <run_address>0x11812de0</run_address>
         <size>0x200</size>
         <input_file_ref idref="fl-93"/>
      </object_component>
      <object_component id="oc-2a6">
         <name>.bios:.near</name>
         <load_address>0x11812fe0</load_address>
         <run_address>0x11812fe0</run_address>
         <size>0x1e0</size>
         <input_file_ref idref="fl-fd"/>
      </object_component>
      <object_component id="oc-10a">
         <name>.bios</name>
         <load_address>0x118131c0</load_address>
         <run_address>0x118131c0</run_address>
         <size>0x1e0</size>
         <input_file_ref idref="fl-ad"/>
      </object_component>
      <object_component id="oc-dd">
         <name>.bios</name>
         <load_address>0x118133a0</load_address>
         <run_address>0x118133a0</run_address>
         <size>0x1e0</size>
         <input_file_ref idref="fl-a2"/>
      </object_component>
      <object_component id="oc-24e">
         <name>.bios</name>
         <load_address>0x11813580</load_address>
         <run_address>0x11813580</run_address>
         <size>0x1e0</size>
         <input_file_ref idref="fl-d0"/>
      </object_component>
      <object_component id="oc-24d">
         <name>.bios</name>
         <load_address>0x11813760</load_address>
         <run_address>0x11813760</run_address>
         <size>0x1a0</size>
         <input_file_ref idref="fl-d3"/>
      </object_component>
      <object_component id="oc-247">
         <name>.bios</name>
         <load_address>0x11813900</load_address>
         <run_address>0x11813900</run_address>
         <size>0x1a0</size>
         <input_file_ref idref="fl-cc"/>
      </object_component>
      <object_component id="oc-b6">
         <name>.bios</name>
         <load_address>0x11813aa0</load_address>
         <run_address>0x11813aa0</run_address>
         <size>0x1a0</size>
         <input_file_ref idref="fl-98"/>
      </object_component>
      <object_component id="oc-d5">
         <name>.bios</name>
         <load_address>0x11813c40</load_address>
         <run_address>0x11813c40</run_address>
         <size>0x180</size>
         <input_file_ref idref="fl-a0"/>
      </object_component>
      <object_component id="oc-23a">
         <name>.bios</name>
         <load_address>0x11813dc0</load_address>
         <run_address>0x11813dc0</run_address>
         <size>0x140</size>
         <input_file_ref idref="fl-d4"/>
      </object_component>
      <object_component id="oc-242">
         <name>.bios</name>
         <load_address>0x11813f00</load_address>
         <run_address>0x11813f00</run_address>
         <size>0x140</size>
         <input_file_ref idref="fl-c8"/>
      </object_component>
      <object_component id="oc-265">
         <name>.bios</name>
         <load_address>0x11814040</load_address>
         <run_address>0x11814040</run_address>
         <size>0x140</size>
         <input_file_ref idref="fl-b0"/>
      </object_component>
      <object_component id="oc-243">
         <name>.bios</name>
         <load_address>0x11814180</load_address>
         <run_address>0x11814180</run_address>
         <size>0x120</size>
         <input_file_ref idref="fl-af"/>
      </object_component>
      <object_component id="oc-140">
         <name>.bios</name>
         <load_address>0x118142a0</load_address>
         <run_address>0x118142a0</run_address>
         <size>0x120</size>
         <input_file_ref idref="fl-b9"/>
      </object_component>
      <object_component id="oc-248">
         <name>.bios</name>
         <load_address>0x118143c0</load_address>
         <run_address>0x118143c0</run_address>
         <size>0x120</size>
         <input_file_ref idref="fl-cd"/>
      </object_component>
      <object_component id="oc-199">
         <name>.bios</name>
         <load_address>0x118144e0</load_address>
         <run_address>0x118144e0</run_address>
         <size>0xe0</size>
         <input_file_ref idref="fl-d1"/>
      </object_component>
      <object_component id="oc-241">
         <name>.bios</name>
         <load_address>0x118145c0</load_address>
         <run_address>0x118145c0</run_address>
         <size>0xc0</size>
         <input_file_ref idref="fl-b8"/>
      </object_component>
      <object_component id="oc-250">
         <name>.bios</name>
         <load_address>0x11814680</load_address>
         <run_address>0x11814680</run_address>
         <size>0xa0</size>
         <input_file_ref idref="fl-d2"/>
      </object_component>
      <object_component id="oc-264">
         <name>.bios</name>
         <load_address>0x11814720</load_address>
         <run_address>0x11814720</run_address>
         <size>0xa0</size>
         <input_file_ref idref="fl-c9"/>
      </object_component>
      <object_component id="oc-24f">
         <name>.bios</name>
         <load_address>0x118147c0</load_address>
         <run_address>0x118147c0</run_address>
         <size>0x80</size>
         <input_file_ref idref="fl-bb"/>
      </object_component>
      <object_component id="oc-23c">
         <name>.bios</name>
         <load_address>0x11814840</load_address>
         <run_address>0x11814840</run_address>
         <size>0x80</size>
         <input_file_ref idref="fl-ba"/>
      </object_component>
      <object_component id="oc-267">
         <name>.bios</name>
         <load_address>0x118148c0</load_address>
         <run_address>0x118148c0</run_address>
         <size>0x80</size>
         <input_file_ref idref="fl-ce"/>
      </object_component>
      <object_component id="oc-d9">
         <name>.bios</name>
         <load_address>0x11814940</load_address>
         <run_address>0x11814940</run_address>
         <size>0x80</size>
         <input_file_ref idref="fl-a1"/>
      </object_component>
      <object_component id="oc-cc">
         <name>.bios</name>
         <load_address>0x118149c0</load_address>
         <run_address>0x118149c0</run_address>
         <size>0x80</size>
         <input_file_ref idref="fl-9e"/>
      </object_component>
      <object_component id="oc-2b1">
         <name>.bios:.near</name>
         <load_address>0x11814a40</load_address>
         <run_address>0x11814a40</run_address>
         <size>0x60</size>
         <input_file_ref idref="fl-fe"/>
      </object_component>
      <object_component id="oc-ba">
         <name>.bios</name>
         <load_address>0x11814aa0</load_address>
         <run_address>0x11814aa0</run_address>
         <size>0x60</size>
         <input_file_ref idref="fl-99"/>
      </object_component>
      <object_component id="oc-12b">
         <name>.bios</name>
         <load_address>0x11814b00</load_address>
         <run_address>0x11814b00</run_address>
         <size>0x60</size>
         <input_file_ref idref="fl-b4"/>
      </object_component>
      <object_component id="oc-c8">
         <name>.bios</name>
         <load_address>0x11814b60</load_address>
         <run_address>0x11814b60</run_address>
         <size>0x60</size>
         <input_file_ref idref="fl-9d"/>
      </object_component>
      <object_component id="oc-192">
         <name>.bios</name>
         <load_address>0x11814bc0</load_address>
         <run_address>0x11814bc0</run_address>
         <size>0x60</size>
         <input_file_ref idref="fl-cf"/>
      </object_component>
      <object_component id="oc-ee">
         <name>.bios</name>
         <load_address>0x11814c20</load_address>
         <run_address>0x11814c20</run_address>
         <size>0x60</size>
         <input_file_ref idref="fl-a6"/>
      </object_component>
      <object_component id="oc-266">
         <name>.bios</name>
         <load_address>0x11814c80</load_address>
         <run_address>0x11814c80</run_address>
         <size>0x60</size>
         <input_file_ref idref="fl-c6"/>
      </object_component>
      <object_component id="oc-fb">
         <name>.bios</name>
         <load_address>0x11814ce0</load_address>
         <run_address>0x11814ce0</run_address>
         <size>0x60</size>
         <input_file_ref idref="fl-aa"/>
      </object_component>
      <object_component id="oc-42">
         <name>.bios</name>
         <load_address>0x11814d40</load_address>
         <run_address>0x11814d40</run_address>
         <size>0x40</size>
         <input_file_ref idref="fl-8e"/>
      </object_component>
      <object_component id="oc-ea">
         <name>.bios</name>
         <load_address>0x11814d80</load_address>
         <run_address>0x11814d80</run_address>
         <size>0x40</size>
         <input_file_ref idref="fl-a5"/>
      </object_component>
      <object_component id="oc-41">
         <name>.bios</name>
         <load_address>0x11814dc0</load_address>
         <run_address>0x11814dc0</run_address>
         <size>0x40</size>
         <input_file_ref idref="fl-94"/>
      </object_component>
      <object_component id="oc-48">
         <name>.bios</name>
         <load_address>0x11814e00</load_address>
         <run_address>0x11814e00</run_address>
         <size>0x40</size>
         <input_file_ref idref="fl-96"/>
      </object_component>
      <object_component id="oc-4c">
         <name>.bios</name>
         <load_address>0x11814e40</load_address>
         <run_address>0x11814e40</run_address>
         <size>0x20</size>
         <input_file_ref idref="fl-92"/>
      </object_component>
      <object_component id="oc-11b">
         <name>.bios</name>
         <load_address>0x11814e60</load_address>
         <run_address>0x11814e60</run_address>
         <size>0x20</size>
         <input_file_ref idref="fl-b1"/>
      </object_component>
      <object_component id="oc-d0">
         <name>.bios</name>
         <load_address>0x11814e80</load_address>
         <run_address>0x11814e80</run_address>
         <size>0x20</size>
         <input_file_ref idref="fl-9f"/>
      </object_component>
      <object_component id="oc-16b">
         <name>.bios</name>
         <load_address>0x11814ea0</load_address>
         <run_address>0x11814ea0</run_address>
         <size>0x20</size>
         <input_file_ref idref="fl-c5"/>
      </object_component>
      <object_component id="oc-4b">
         <name>.bios</name>
         <load_address>0x11814ec0</load_address>
         <run_address>0x11814ec0</run_address>
         <size>0x20</size>
         <input_file_ref idref="fl-95"/>
      </object_component>
      <object_component id="oc-4a">
         <name>.bios</name>
         <load_address>0x11814ee0</load_address>
         <run_address>0x11814ee0</run_address>
         <size>0x20</size>
         <input_file_ref idref="fl-97"/>
      </object_component>
      <object_component id="oc-47">
         <name>.bios</name>
         <load_address>0x11814f00</load_address>
         <run_address>0x11814f00</run_address>
         <size>0x20</size>
         <input_file_ref idref="fl-91"/>
      </object_component>
      <object_component id="oc-21b">
         <name>.cio</name>
         <uninitialized>true</uninitialized>
         <run_address>0x1181e688</run_address>
         <size>0x120</size>
         <input_file_ref idref="fl-f7"/>
      </object_component>
      <object_component id="oc-161">
         <name>.pinit</name>
         <load_address>0x1181ed54</load_address>
         <run_address>0x1181ed54</run_address>
         <size>0x4</size>
         <input_file_ref idref="fl-c2"/>
      </object_component>
      <object_component id="oc-128">
         <name>.pinit</name>
         <load_address>0x1181ed58</load_address>
         <run_address>0x1181ed58</run_address>
         <size>0x4</size>
         <input_file_ref idref="fl-b3"/>
      </object_component>
      <object_component id="oc-67">
         <name>.sys</name>
         <uninitialized>true</uninitialized>
         <run_address>0x1181ed44</run_address>
         <size>0x10</size>
         <input_file_ref idref="fl-6"/>
      </object_component>
      <object_component id="oc-273">
         <name>.text</name>
         <load_address>0x11808ba0</load_address>
         <run_address>0x11808ba0</run_address>
         <size>0xc20</size>
         <input_file_ref idref="fl-ac"/>
      </object_component>
      <object_component id="oc-2a4">
         <name>.text:__divd</name>
         <load_address>0x118097c0</load_address>
         <run_address>0x118097c0</run_address>
         <size>0x5a0</size>
         <input_file_ref idref="fl-e1"/>
      </object_component>
      <object_component id="oc-299">
         <name>.text:__getarg_diouxp</name>
         <load_address>0x11809d60</load_address>
         <run_address>0x11809d60</run_address>
         <size>0x580</size>
         <input_file_ref idref="fl-df"/>
      </object_component>
      <object_component id="oc-25c">
         <name>.text</name>
         <load_address>0x1180a2e0</load_address>
         <run_address>0x1180a2e0</run_address>
         <size>0x540</size>
         <input_file_ref idref="fl-4"/>
      </object_component>
      <object_component id="oc-286">
         <name>.text:__setfield</name>
         <load_address>0x1180a820</load_address>
         <run_address>0x1180a820</run_address>
         <size>0x520</size>
         <input_file_ref idref="fl-df"/>
      </object_component>
      <object_component id="oc-275">
         <name>.text</name>
         <load_address>0x1180ad40</load_address>
         <run_address>0x1180ad40</run_address>
         <size>0x4e0</size>
         <input_file_ref idref="fl-b5"/>
      </object_component>
      <object_component id="oc-23b">
         <name>.text</name>
         <load_address>0x1180b220</load_address>
         <run_address>0x1180b220</run_address>
         <size>0x4c0</size>
         <input_file_ref idref="fl-5"/>
      </object_component>
      <object_component id="oc-281">
         <name>.text:__printfi</name>
         <load_address>0x1180b6e0</load_address>
         <run_address>0x1180b6e0</run_address>
         <size>0x440</size>
         <input_file_ref idref="fl-df"/>
      </object_component>
      <object_component id="oc-283">
         <name>.text:_fputs</name>
         <load_address>0x1180bb20</load_address>
         <run_address>0x1180bb20</run_address>
         <size>0x3a0</size>
         <input_file_ref idref="fl-ef"/>
      </object_component>
      <object_component id="oc-274">
         <name>.text</name>
         <load_address>0x1180bec0</load_address>
         <run_address>0x1180bec0</run_address>
         <size>0x380</size>
         <input_file_ref idref="fl-b2"/>
      </object_component>
      <object_component id="oc-272">
         <name>.text</name>
         <load_address>0x1180c240</load_address>
         <run_address>0x1180c240</run_address>
         <size>0x380</size>
         <input_file_ref idref="fl-b6"/>
      </object_component>
      <object_component id="oc-28e">
         <name>.text:__pproc_fge</name>
         <load_address>0x1180c5c0</load_address>
         <run_address>0x1180c5c0</run_address>
         <size>0x320</size>
         <input_file_ref idref="fl-df"/>
      </object_component>
      <object_component id="oc-285">
         <name>.text:__pproc_fwp</name>
         <load_address>0x1180c8e0</load_address>
         <run_address>0x1180c8e0</run_address>
         <size>0x2c0</size>
         <input_file_ref idref="fl-df"/>
      </object_component>
      <object_component id="oc-29f">
         <name>.text:_ecvt</name>
         <load_address>0x1180cba0</load_address>
         <run_address>0x1180cba0</run_address>
         <size>0x2a0</size>
         <input_file_ref idref="fl-df"/>
      </object_component>
      <object_component id="oc-2a2">
         <name>.text:_fcvt</name>
         <load_address>0x1180ce40</load_address>
         <run_address>0x1180ce40</run_address>
         <size>0x2a0</size>
         <input_file_ref idref="fl-df"/>
      </object_component>
      <object_component id="oc-2b0">
         <name>.text:__divull</name>
         <load_address>0x1180d0e0</load_address>
         <run_address>0x1180d0e0</run_address>
         <size>0x260</size>
         <input_file_ref idref="fl-e4"/>
      </object_component>
      <object_component id="oc-298">
         <name>.text:__pconv_e</name>
         <load_address>0x1180d340</load_address>
         <run_address>0x1180d340</run_address>
         <size>0x260</size>
         <input_file_ref idref="fl-df"/>
      </object_component>
      <object_component id="oc-28f">
         <name>.text:__pproc_diouxp</name>
         <load_address>0x1180d5a0</load_address>
         <run_address>0x1180d5a0</run_address>
         <size>0x240</size>
         <input_file_ref idref="fl-df"/>
      </object_component>
      <object_component id="oc-287">
         <name>.text:__pproc_str</name>
         <load_address>0x1180d7e0</load_address>
         <run_address>0x1180d7e0</run_address>
         <size>0x220</size>
         <input_file_ref idref="fl-df"/>
      </object_component>
      <object_component id="oc-288">
         <name>.text:_fputc</name>
         <load_address>0x1180da00</load_address>
         <run_address>0x1180da00</run_address>
         <size>0x220</size>
         <input_file_ref idref="fl-ec"/>
      </object_component>
      <object_component id="oc-296">
         <name>.text:__pconv_g</name>
         <load_address>0x1180dc20</load_address>
         <run_address>0x1180dc20</run_address>
         <size>0x200</size>
         <input_file_ref idref="fl-df"/>
      </object_component>
      <object_component id="oc-292">
         <name>.text:_setvbuf</name>
         <load_address>0x1180de20</load_address>
         <run_address>0x1180de20</run_address>
         <size>0x200</size>
         <input_file_ref idref="fl-f8"/>
      </object_component>
      <object_component id="oc-25e">
         <name>.text</name>
         <load_address>0x1180e020</load_address>
         <run_address>0x1180e020</run_address>
         <size>0x1e0</size>
         <input_file_ref idref="fl-bd"/>
      </object_component>
      <object_component id="oc-2a1">
         <name>.text:__mcpy</name>
         <load_address>0x1180e200</load_address>
         <run_address>0x1180e200</run_address>
         <size>0x1c0</size>
         <input_file_ref idref="fl-df"/>
      </object_component>
      <object_component id="oc-2af">
         <name>.text:__divul</name>
         <load_address>0x1180e3c0</load_address>
         <run_address>0x1180e3c0</run_address>
         <size>0x1a0</size>
         <input_file_ref idref="fl-e3"/>
      </object_component>
      <object_component id="oc-258">
         <name>.text:_HOSTrename</name>
         <load_address>0x1180e560</load_address>
         <run_address>0x1180e560</run_address>
         <size>0x180</size>
         <input_file_ref idref="fl-f3"/>
      </object_component>
      <object_component id="oc-25d">
         <name>.text</name>
         <load_address>0x1180e6e0</load_address>
         <run_address>0x1180e6e0</run_address>
         <size>0x160</size>
         <input_file_ref idref="fl-ab"/>
      </object_component>
      <object_component id="oc-284">
         <name>.text:__pproc_fflags</name>
         <load_address>0x1180e840</load_address>
         <run_address>0x1180e840</run_address>
         <size>0x140</size>
         <input_file_ref idref="fl-df"/>
      </object_component>
      <object_component id="oc-2b9">
         <name>.text:_getdevice</name>
         <load_address>0x1180e980</load_address>
         <run_address>0x1180e980</run_address>
         <size>0x140</size>
         <input_file_ref idref="fl-f2"/>
      </object_component>
      <object_component id="oc-2a8">
         <name>.text:__closefile</name>
         <load_address>0x1180eac0</load_address>
         <run_address>0x1180eac0</run_address>
         <size>0x120</size>
         <input_file_ref idref="fl-fa"/>
      </object_component>
      <object_component id="oc-29b">
         <name>.text:__ltostr</name>
         <load_address>0x1180ebe0</load_address>
         <run_address>0x1180ebe0</run_address>
         <size>0x120</size>
         <input_file_ref idref="fl-df"/>
      </object_component>
      <object_component id="oc-291">
         <name>.text:_fseek</name>
         <load_address>0x1180ed00</load_address>
         <run_address>0x1180ed00</run_address>
         <size>0x120</size>
         <input_file_ref idref="fl-f0"/>
      </object_component>
      <object_component id="oc-271">
         <name>.text</name>
         <load_address>0x1180ee20</load_address>
         <run_address>0x1180ee20</run_address>
         <size>0x120</size>
         <input_file_ref idref="fl-9"/>
      </object_component>
      <object_component id="oc-256">
         <name>.text:_HOSTlseek</name>
         <load_address>0x1180ef40</load_address>
         <run_address>0x1180ef40</run_address>
         <size>0x100</size>
         <input_file_ref idref="fl-f3"/>
      </object_component>
      <object_component id="oc-289">
         <name>.text:__wrt_ok</name>
         <load_address>0x1180f040</load_address>
         <run_address>0x1180f040</run_address>
         <size>0x100</size>
         <input_file_ref idref="fl-ee"/>
      </object_component>
      <object_component id="oc-27f">
         <name>.text:_call_dtors</name>
         <load_address>0x1180f140</load_address>
         <run_address>0x1180f140</run_address>
         <size>0x100</size>
         <input_file_ref idref="fl-d9"/>
      </object_component>
      <object_component id="oc-252">
         <name>.text:_HOSTopen</name>
         <load_address>0x1180f240</load_address>
         <run_address>0x1180f240</run_address>
         <size>0xe0</size>
         <input_file_ref idref="fl-f3"/>
      </object_component>
      <object_component id="oc-254">
         <name>.text:_HOSTread</name>
         <load_address>0x1180f320</load_address>
         <run_address>0x1180f320</run_address>
         <size>0xe0</size>
         <input_file_ref idref="fl-f3"/>
      </object_component>
      <object_component id="oc-28d">
         <name>.text:_atoi</name>
         <load_address>0x1180f400</load_address>
         <run_address>0x1180f400</run_address>
         <size>0xe0</size>
         <input_file_ref idref="fl-ea"/>
      </object_component>
      <object_component id="oc-2b2">
         <name>.text:_close</name>
         <load_address>0x1180f4e0</load_address>
         <run_address>0x1180f4e0</run_address>
         <size>0xe0</size>
         <input_file_ref idref="fl-f2"/>
      </object_component>
      <object_component id="oc-28c">
         <name>.text:_memset</name>
         <load_address>0x1180f5c0</load_address>
         <run_address>0x1180f5c0</run_address>
         <size>0xe0</size>
         <input_file_ref idref="fl-f6"/>
      </object_component>
      <object_component id="oc-27c">
         <name>.text:_printf</name>
         <load_address>0x1180f6a0</load_address>
         <run_address>0x1180f6a0</run_address>
         <size>0xe0</size>
         <input_file_ref idref="fl-dd"/>
      </object_component>
      <object_component id="oc-25b">
         <name>.text</name>
         <load_address>0x1180f780</load_address>
         <run_address>0x1180f780</run_address>
         <size>0xe0</size>
         <input_file_ref idref="fl-2"/>
      </object_component>
      <object_component id="oc-257">
         <name>.text:_HOSTunlink</name>
         <load_address>0x1180f860</load_address>
         <run_address>0x1180f860</run_address>
         <size>0xc0</size>
         <input_file_ref idref="fl-f3"/>
      </object_component>
      <object_component id="oc-255">
         <name>.text:_HOSTwrite</name>
         <load_address>0x1180f920</load_address>
         <run_address>0x1180f920</run_address>
         <size>0xc0</size>
         <input_file_ref idref="fl-f3"/>
      </object_component>
      <object_component id="oc-2a5">
         <name>.text:__div</name>
         <load_address>0x1180f9e0</load_address>
         <run_address>0x1180f9e0</run_address>
         <size>0xc0</size>
         <input_file_ref idref="fl-df"/>
      </object_component>
      <object_component id="oc-2ae">
         <name>.text:__divu</name>
         <load_address>0x1180faa0</load_address>
         <run_address>0x1180faa0</run_address>
         <size>0xc0</size>
         <input_file_ref idref="fl-e2"/>
      </object_component>
      <object_component id="oc-28a">
         <name>.text:__doflush</name>
         <load_address>0x1180fb60</load_address>
         <run_address>0x1180fb60</run_address>
         <size>0xc0</size>
         <input_file_ref idref="fl-ed"/>
      </object_component>
      <object_component id="oc-26e">
         <name>.text:_atexit</name>
         <load_address>0x1180fc20</load_address>
         <run_address>0x1180fc20</run_address>
         <size>0xc0</size>
         <input_file_ref idref="fl-d8"/>
      </object_component>
      <object_component id="oc-2aa">
         <name>.text:_ltoa</name>
         <load_address>0x1180fce0</load_address>
         <run_address>0x1180fce0</run_address>
         <size>0xc0</size>
         <input_file_ref idref="fl-f4"/>
      </object_component>
      <object_component id="oc-26a">
         <name>.text</name>
         <load_address>0x1180fda0</load_address>
         <run_address>0x1180fda0</run_address>
         <size>0xc0</size>
         <input_file_ref idref="fl-cd"/>
      </object_component>
      <object_component id="oc-253">
         <name>.text:_HOSTclose</name>
         <load_address>0x1180fe60</load_address>
         <run_address>0x1180fe60</run_address>
         <size>0xa0</size>
         <input_file_ref idref="fl-f3"/>
      </object_component>
      <object_component id="oc-29e">
         <name>.text:__cleanup</name>
         <load_address>0x1180ff00</load_address>
         <run_address>0x1180ff00</run_address>
         <size>0xa0</size>
         <input_file_ref idref="fl-f9"/>
      </object_component>
      <object_component id="oc-2b5">
         <name>.text:__divli</name>
         <load_address>0x1180ffa0</load_address>
         <run_address>0x1180ffa0</run_address>
         <size>0xa0</size>
         <input_file_ref idref="fl-e3"/>
      </object_component>
      <object_component id="oc-2a0">
         <name>.text:__ecpy</name>
         <load_address>0x11810040</load_address>
         <run_address>0x11810040</run_address>
         <size>0xa0</size>
         <input_file_ref idref="fl-df"/>
      </object_component>
      <object_component id="oc-2a3">
         <name>.text:__fcpy</name>
         <load_address>0x118100e0</load_address>
         <run_address>0x118100e0</run_address>
         <size>0xa0</size>
         <input_file_ref idref="fl-df"/>
      </object_component>
      <object_component id="oc-2a9">
         <name>.text:__fixdli</name>
         <load_address>0x11810180</load_address>
         <run_address>0x11810180</run_address>
         <size>0xa0</size>
         <input_file_ref idref="fl-e5"/>
      </object_component>
      <object_component id="oc-25f">
         <name>.text:__nround</name>
         <load_address>0x11810220</load_address>
         <run_address>0x11810220</run_address>
         <size>0xa0</size>
         <input_file_ref idref="fl-d5"/>
      </object_component>
      <object_component id="oc-297">
         <name>.text:__pconv_f</name>
         <load_address>0x118102c0</load_address>
         <run_address>0x118102c0</run_address>
         <size>0xa0</size>
         <input_file_ref idref="fl-df"/>
      </object_component>
      <object_component id="oc-2ba">
         <name>.text:_finddevice</name>
         <load_address>0x11810360</load_address>
         <run_address>0x11810360</run_address>
         <size>0xa0</size>
         <input_file_ref idref="fl-f2"/>
      </object_component>
      <object_component id="oc-29c">
         <name>.text:_lseek</name>
         <load_address>0x11810400</load_address>
         <run_address>0x11810400</run_address>
         <size>0xa0</size>
         <input_file_ref idref="fl-f2"/>
      </object_component>
      <object_component id="oc-259">
         <name>.text:_memcpy</name>
         <load_address>0x118104a0</load_address>
         <run_address>0x118104a0</run_address>
         <size>0xa0</size>
         <input_file_ref idref="fl-db"/>
      </object_component>
      <object_component id="oc-277">
         <name>.text:_modf</name>
         <load_address>0x11810540</load_address>
         <run_address>0x11810540</run_address>
         <size>0xa0</size>
         <input_file_ref idref="fl-dc"/>
      </object_component>
      <object_component id="oc-28b">
         <name>.text:_write</name>
         <load_address>0x118105e0</load_address>
         <run_address>0x118105e0</run_address>
         <size>0xa0</size>
         <input_file_ref idref="fl-f2"/>
      </object_component>
      <object_component id="oc-2ab">
         <name>.text:__fltlid</name>
         <load_address>0x11810680</load_address>
         <run_address>0x11810680</run_address>
         <size>0x80</size>
         <input_file_ref idref="fl-e6"/>
      </object_component>
      <object_component id="oc-2b6">
         <name>.text:__llshl</name>
         <load_address>0x11810700</load_address>
         <run_address>0x11810700</run_address>
         <size>0x80</size>
         <input_file_ref idref="fl-e8"/>
      </object_component>
      <object_component id="oc-270">
         <name>.text:_readmsg</name>
         <load_address>0x11810780</load_address>
         <run_address>0x11810780</run_address>
         <size>0x80</size>
         <input_file_ref idref="fl-f7"/>
      </object_component>
      <object_component id="oc-2b8">
         <name>.text:_unlink</name>
         <load_address>0x11810800</load_address>
         <run_address>0x11810800</run_address>
         <size>0x80</size>
         <input_file_ref idref="fl-f2"/>
      </object_component>
      <object_component id="oc-2b7">
         <name>.text:__subcull</name>
         <load_address>0x11810880</load_address>
         <run_address>0x11810880</run_address>
         <size>0x60</size>
         <input_file_ref idref="fl-e4"/>
      </object_component>
      <object_component id="oc-290">
         <name>.text:_memccpy</name>
         <load_address>0x118108e0</load_address>
         <run_address>0x118108e0</run_address>
         <size>0x60</size>
         <input_file_ref idref="fl-f5"/>
      </object_component>
      <object_component id="oc-26f">
         <name>.text:_writemsg</name>
         <load_address>0x11810940</load_address>
         <run_address>0x11810940</run_address>
         <size>0x60</size>
         <input_file_ref idref="fl-f7"/>
      </object_component>
      <object_component id="oc-27b">
         <name>.text:___add_dtor</name>
         <load_address>0x118109a0</load_address>
         <run_address>0x118109a0</run_address>
         <size>0x40</size>
         <input_file_ref idref="fl-d9"/>
      </object_component>
      <object_component id="oc-295">
         <name>.text:___isinf</name>
         <load_address>0x118109e0</load_address>
         <run_address>0x118109e0</run_address>
         <size>0x40</size>
         <input_file_ref idref="fl-e0"/>
      </object_component>
      <object_component id="oc-294">
         <name>.text:___isnan</name>
         <load_address>0x11810a20</load_address>
         <run_address>0x11810a20</run_address>
         <size>0x40</size>
         <input_file_ref idref="fl-df"/>
      </object_component>
      <object_component id="oc-2ad">
         <name>.text:__frcmpyd_div</name>
         <load_address>0x11810a60</load_address>
         <run_address>0x11810a60</run_address>
         <size>0x40</size>
         <input_file_ref idref="fl-e7"/>
      </object_component>
      <object_component id="oc-2ac">
         <name>.text:__llshru</name>
         <load_address>0x11810aa0</load_address>
         <run_address>0x11810aa0</run_address>
         <size>0x40</size>
         <input_file_ref idref="fl-e8"/>
      </object_component>
      <object_component id="oc-2b4">
         <name>.text:__remli</name>
         <load_address>0x11810ae0</load_address>
         <run_address>0x11810ae0</run_address>
         <size>0x40</size>
         <input_file_ref idref="fl-e3"/>
      </object_component>
      <object_component id="oc-29a">
         <name>.text:__negll</name>
         <load_address>0x11810b20</load_address>
         <run_address>0x11810b20</run_address>
         <size>0x20</size>
         <input_file_ref idref="fl-e9"/>
      </object_component>
      <object_component id="oc-251">
         <name>.text:__nop</name>
         <load_address>0x11810b40</load_address>
         <run_address>0x11810b40</run_address>
         <size>0x20</size>
         <input_file_ref idref="fl-d7"/>
      </object_component>
      <object_component id="oc-282">
         <name>.text:__outc</name>
         <load_address>0x11810b60</load_address>
         <run_address>0x11810b60</run_address>
         <size>0x20</size>
         <input_file_ref idref="fl-dd"/>
      </object_component>
      <object_component id="oc-280">
         <name>.text:__outs</name>
         <load_address>0x11810b80</load_address>
         <run_address>0x11810b80</run_address>
         <size>0x20</size>
         <input_file_ref idref="fl-dd"/>
      </object_component>
      <object_component id="oc-1a9">
         <name>.text:__pop_rts</name>
         <load_address>0x11810ba0</load_address>
         <run_address>0x11810ba0</run_address>
         <size>0x20</size>
         <input_file_ref idref="fl-d6"/>
      </object_component>
      <object_component id="oc-25a">
         <name>.text:__push_rts</name>
         <load_address>0x11810bc0</load_address>
         <run_address>0x11810bc0</run_address>
         <size>0x20</size>
         <input_file_ref idref="fl-d6"/>
      </object_component>
      <object_component id="oc-268">
         <name>.text:__register_lock</name>
         <load_address>0x11810be0</load_address>
         <run_address>0x11810be0</run_address>
         <size>0x20</size>
         <input_file_ref idref="fl-d7"/>
      </object_component>
      <object_component id="oc-269">
         <name>.text:__register_unlock</name>
         <load_address>0x11810c00</load_address>
         <run_address>0x11810c00</run_address>
         <size>0x20</size>
         <input_file_ref idref="fl-d7"/>
      </object_component>
      <object_component id="oc-2b3">
         <name>.text:_remove</name>
         <load_address>0x11810c20</load_address>
         <run_address>0x11810c20</run_address>
         <size>0x20</size>
         <input_file_ref idref="fl-ff"/>
      </object_component>
      <object_component id="oc-5e">
         <name>.cinit</name>
         <load_address>0x11814f20</load_address>
         <run_address>0x11814f20</run_address>
         <size>0x225c</size>
         <input_file_ref idref="fl-5"/>
      </object_component>
      <object_component id="oc-65">
         <name>.cinit</name>
         <load_address>0x11817180</load_address>
         <run_address>0x11817180</run_address>
         <size>0x6c4</size>
         <input_file_ref idref="fl-6"/>
      </object_component>
      <object_component id="oc-88">
         <name>.cinit</name>
         <load_address>0x11817848</load_address>
         <run_address>0x11817848</run_address>
         <size>0x26c</size>
         <input_file_ref idref="fl-8c"/>
      </object_component>
      <object_component id="oc-13a">
         <name>.cinit</name>
         <load_address>0x11817ab8</load_address>
         <run_address>0x11817ab8</run_address>
         <size>0x1a4</size>
         <input_file_ref idref="fl-b7"/>
      </object_component>
      <object_component id="oc-97">
         <name>.cinit</name>
         <load_address>0x11817c60</load_address>
         <run_address>0x11817c60</run_address>
         <size>0xb0</size>
         <input_file_ref idref="fl-90"/>
      </object_component>
      <object_component id="oc-174">
         <name>.cinit</name>
         <load_address>0x11817d10</load_address>
         <run_address>0x11817d10</run_address>
         <size>0x80</size>
         <input_file_ref idref="fl-c7"/>
      </object_component>
      <object_component id="oc-125">
         <name>.cinit</name>
         <load_address>0x11817d90</load_address>
         <run_address>0x11817d90</run_address>
         <size>0x68</size>
         <input_file_ref idref="fl-b3"/>
      </object_component>
      <object_component id="oc-18a">
         <name>.cinit</name>
         <load_address>0x11817df8</load_address>
         <run_address>0x11817df8</run_address>
         <size>0x60</size>
         <input_file_ref idref="fl-cd"/>
      </object_component>
      <object_component id="oc-91">
         <name>.cinit</name>
         <load_address>0x11817e58</load_address>
         <run_address>0x11817e58</run_address>
         <size>0x5c</size>
         <input_file_ref idref="fl-8f"/>
      </object_component>
      <object_component id="oc-1cb">
         <name>.cinit</name>
         <load_address>0x11817eb8</load_address>
         <run_address>0x11817eb8</run_address>
         <size>0x5c</size>
         <input_file_ref idref="fl-de"/>
      </object_component>
      <object_component id="oc-209">
         <name>.cinit</name>
         <load_address>0x11817f18</load_address>
         <run_address>0x11817f18</run_address>
         <size>0x5c</size>
         <input_file_ref idref="fl-f2"/>
      </object_component>
      <object_component id="oc-e5">
         <name>.cinit</name>
         <load_address>0x11817f78</load_address>
         <run_address>0x11817f78</run_address>
         <size>0x4c</size>
         <input_file_ref idref="fl-a4"/>
      </object_component>
      <object_component id="oc-15f">
         <name>.cinit</name>
         <load_address>0x11817fc8</load_address>
         <run_address>0x11817fc8</run_address>
         <size>0x4c</size>
         <input_file_ref idref="fl-c2"/>
      </object_component>
      <object_component id="oc-110">
         <name>.cinit</name>
         <load_address>0x11818018</load_address>
         <run_address>0x11818018</run_address>
         <size>0x3c</size>
         <input_file_ref idref="fl-ae"/>
      </object_component>
      <object_component id="oc-c5">
         <name>.cinit</name>
         <load_address>0x11818058</load_address>
         <run_address>0x11818058</run_address>
         <size>0x34</size>
         <input_file_ref idref="fl-9c"/>
      </object_component>
      <object_component id="oc-af">
         <name>.cinit</name>
         <load_address>0x11818090</load_address>
         <run_address>0x11818090</run_address>
         <size>0x2c</size>
         <input_file_ref idref="fl-96"/>
      </object_component>
      <object_component id="oc-1bd">
         <name>.cinit</name>
         <load_address>0x118180c0</load_address>
[...]
         <value>0x1180e16c</value>
         <object_component_ref idref="oc-25e"/>
      </symbol>
      <symbol id="sm-a31">
         <name>_LED_turnOn</name>
         <value>0x1180e0d4</value>
         <object_component_ref idref="oc-25e"/>
      </symbol>
      <symbol id="sm-a32">
         <name>_LED_turnOff</name>
         <value>0x1180e124</value>
         <object_component_ref idref="oc-25e"/>
      </symbol>
      <symbol id="sm-a33">
         <name>_LED_init</name>
         <value>0x1180e020</value>
         <object_component_ref idref="oc-25e"/>
      </symbol>
      <symbol id="sm-a37">
         <name>_MEM</name>
         <value>0x1181e478</value>
         <object_component_ref idref="oc-151"/>
      </symbol>
      <symbol id="sm-a43">
         <name>_MEM_init</name>
         <value>0x1181a660</value>
         <object_component_ref idref="oc-244"/>
      </symbol>
      <symbol id="sm-a4f">
         <name>_OBJ_table</name>
         <value>0x11808a60</value>
         <object_component_ref idref="oc-157"/>
      </symbol>
      <symbol id="sm-a50">
         <name>_OBJ_segtab</name>
         <value>0x11808a98</value>
         <object_component_ref idref="oc-157"/>
      </symbol>
      <symbol id="sm-a5c">
         <name>_RTDX_Buffer_ReadCB</name>
         <value>0x1181cea0</value>
         <object_component_ref idref="oc-26b"/>
      </symbol>
      <symbol id="sm-a5d">
         <name>RTDX_NORMALIZED_HDR</name>
         <value>0x1</value>
      </symbol>
      <symbol id="sm-a5e">
         <name>_RTDX_Buffer_Read</name>
         <value>0x1181cf60</value>
         <object_component_ref idref="oc-249"/>
      </symbol>
      <symbol id="sm-a9e">
         <name>_rtdx_buffer_state</name>
         <value>0x1181d494</value>
         <object_component_ref idref="oc-160"/>
      </symbol>
      <symbol id="sm-a9f">
         <name>_RTDX_Buffer_WriteCB</name>
         <value>0x1181c2a0</value>
         <object_component_ref idref="oc-26c"/>
      </symbol>
      <symbol id="sm-aa0">
         <name>_rtdxNullChanCnt</name>
         <value>0x1181e430</value>
         <object_component_ref idref="oc-15d"/>
      </symbol>
      <symbol id="sm-aa1">
         <name>_RTDX_writing</name>
         <value>0x1181d4a0</value>
         <object_component_ref idref="oc-160"/>
      </symbol>
      <symbol id="sm-aa2">
         <name>_RTDX_Buffer_Initialize</name>
         <value>0x1181cde0</value>
         <object_component_ref idref="oc-24c"/>
      </symbol>
      <symbol id="sm-aa3">
         <name>_RTDX_Buffer_Write</name>
         <value>0x1181cf80</value>
         <object_component_ref idref="oc-24a"/>
      </symbol>
      <symbol id="sm-aa4">
         <name>_rtdxNullFuncCnt</name>
         <value>0x1181e434</value>
         <object_component_ref idref="oc-15d"/>
      </symbol>
      <symbol id="sm-aa5">
         <name>_RTDX_Buffer_Size</name>
         <value>0x1181cee0</value>
         <object_component_ref idref="oc-278"/>
      </symbol>
      <symbol id="sm-aaf">
         <name>_RTDX_Mask_IER</name>
         <value>0x1181cfa0</value>
         <object_component_ref idref="oc-165"/>
      </symbol>
      <symbol id="sm-aba">
         <name>_RTDX_memfill</name>
         <value>0x1181cf20</value>
         <object_component_ref idref="oc-26d"/>
      </symbol>
      <symbol id="sm-ac2">
         <name>_STS_set</name>
         <value>0x11814ea0</value>
         <object_component_ref idref="oc-16b"/>
      </symbol>
      <symbol id="sm-acf">
         <name>_SYS_abort</name>
         <value>0x11814c80</value>
         <object_component_ref idref="oc-266"/>
      </symbol>
      <symbol id="sm-ade">
         <name>_TSK_timerSem</name>
         <value>0x11808a3c</value>
         <object_component_ref idref="oc-175"/>
      </symbol>
      <symbol id="sm-adf">
         <name>_TSK_nTasks</name>
         <value>0x1181e448</value>
         <object_component_ref idref="oc-172"/>
      </symbol>
      <symbol id="sm-ae0">
         <name>_TSK</name>
         <value>0x1181e450</value>
         <object_component_ref idref="oc-172"/>
      </symbol>
      <symbol id="sm-ae1">
         <name>_TSK_ATTRS</name>
         <value>0x11808a00</value>
         <object_component_ref idref="oc-175"/>
      </symbol>
      <symbol id="sm-ae2">
         <name>_TSK_pid</name>
         <value>0x1181e44c</value>
         <object_component_ref idref="oc-172"/>
      </symbol>
      <symbol id="sm-ae3">
         <name>_TSK_config</name>
         <value>0x11808a1c</value>
         <object_component_ref idref="oc-175"/>
      </symbol>
      <symbol id="sm-af4">
         <name>_TSK_exit</name>
         <value>0x11813f00</value>
         <object_component_ref idref="oc-242"/>
      </symbol>
      <symbol id="sm-b02">
         <name>_SYS_exit</name>
         <value>0x11814720</value>
         <object_component_ref idref="oc-264"/>
      </symbol>
      <symbol id="sm-b0e">
         <name>_SYS_exitStack</name>
         <value>0x11808b08</value>
         <object_component_ref idref="oc-181"/>
      </symbol>
      <symbol id="sm-b0f">
         <name>_SYS_exitStackPtr</name>
         <value>0x1181e468</value>
         <object_component_ref idref="oc-17e"/>
      </symbol>
      <symbol id="sm-b10">
         <name>_SYS_exitStackTop</name>
         <value>0x1181e46c</value>
         <object_component_ref idref="oc-17e"/>
      </symbol>
      <symbol id="sm-b1a">
         <name>_TSK_init</name>
         <value>0x1181a720</value>
         <object_component_ref idref="oc-246"/>
      </symbol>
      <symbol id="sm-b2e">
         <name>_TSK_setup</name>
         <value>0x11813900</value>
         <object_component_ref idref="oc-247"/>
      </symbol>
      <symbol id="sm-b4e">
         <name>__MEM_mutex</name>
         <value>0x11808adc</value>
         <object_component_ref idref="oc-18b"/>
      </symbol>
      <symbol id="sm-b4f">
         <name>__TSK_mutex</name>
         <value>0x11808ab4</value>
         <object_component_ref idref="oc-18b"/>
      </symbol>
      <symbol id="sm-b50">
         <name>_TSK_startup</name>
         <value>0x11814464</value>
         <object_component_ref idref="oc-248"/>
      </symbol>
      <symbol id="sm-b5d">
         <name>_LCK_pend</name>
         <value>0x118148e0</value>
         <object_component_ref idref="oc-267"/>
      </symbol>
      <symbol id="sm-b5e">
         <name>_LCK_post</name>
         <value>0x118148c0</value>
         <object_component_ref idref="oc-267"/>
      </symbol>
      <symbol id="sm-b67">
         <name>_SEM_pend</name>
         <value>0x11814bc0</value>
         <object_component_ref idref="oc-192"/>
      </symbol>
      <symbol id="sm-b7b">
         <name>_SEM_pendEnterKnl</name>
         <value>0x11813580</value>
         <object_component_ref idref="oc-24e"/>
      </symbol>
      <symbol id="sm-b87">
         <name>_SEM_postBinary</name>
         <value>0x118144e0</value>
         <object_component_ref idref="oc-199"/>
      </symbol>
      <symbol id="sm-b88">
         <name>_SEM_post</name>
         <value>0x118144e0</value>
         <object_component_ref idref="oc-199"/>
      </symbol>
      <symbol id="sm-b97">
         <name>_SEM_postEnterKnl</name>
         <value>0x11814680</value>
         <object_component_ref idref="oc-250"/>
      </symbol>
      <symbol id="sm-ba9">
         <name>__SEM_dopost</name>
         <value>0x11813760</value>
         <object_component_ref idref="oc-24d"/>
      </symbol>
      <symbol id="sm-bbc">
         <name>__auto_init</name>
         <value>0x11813dc0</value>
         <object_component_ref idref="oc-23a"/>
      </symbol>
      <symbol id="sm-bc6">
         <name>__nround</name>
         <value>0x11810220</value>
         <object_component_ref idref="oc-25f"/>
      </symbol>
      <symbol id="sm-bd0">
         <name>__c6xabi_push_rts</name>
         <value>0x11810bc0</value>
         <object_component_ref idref="oc-25a"/>
      </symbol>
      <symbol id="sm-bd1">
         <name>__pop_rts</name>
         <value>0x11810ba0</value>
         <object_component_ref idref="oc-1a9"/>
      </symbol>
      <symbol id="sm-bd2">
         <name>__c6xabi_pop_rts</name>
         <value>0x11810ba0</value>
         <object_component_ref idref="oc-1a9"/>
      </symbol>
      <symbol id="sm-bd3">
         <name>__push_rts</name>
         <value>0x11810bc0</value>
         <object_component_ref idref="oc-25a"/>
      </symbol>
      <symbol id="sm-be5">
         <name>__unlock</name>
         <value>0x11808b8c</value>
         <object_component_ref idref="oc-1af"/>
      </symbol>
      <symbol id="sm-be6">
         <name>__lock</name>
         <value>0x11808b88</value>
         <object_component_ref idref="oc-1af"/>
      </symbol>
      <symbol id="sm-be7">
         <name>__register_lock</name>
         <value>0x11810be0</value>
         <object_component_ref idref="oc-268"/>
      </symbol>
      <symbol id="sm-be8">
         <name>__nop</name>
         <value>0x11810b40</value>
         <object_component_ref idref="oc-251"/>
      </symbol>
      <symbol id="sm-be9">
         <name>__register_unlock</name>
         <value>0x11810c00</value>
         <object_component_ref idref="oc-269"/>
      </symbol>
      <symbol id="sm-bfd">
         <name>_atexit</name>
         <value>0x1180fc20</value>
         <object_component_ref idref="oc-26e"/>
      </symbol>
      <symbol id="sm-bfe">
         <name>___atexit_func_id__</name>
         <value>0x11808680</value>
         <object_component_ref idref="oc-1b4"/>
      </symbol>
      <symbol id="sm-c16">
         <name>_dtors</name>
         <value>0x11808a5c</value>
         <object_component_ref idref="oc-1b9"/>
      </symbol>
      <symbol id="sm-c17">
         <name>_call_dtors</name>
         <value>0x1180f140</value>
         <object_component_ref idref="oc-27f"/>
      </symbol>
      <symbol id="sm-c18">
         <name>___add_dtor</name>
         <value>0x118109a0</value>
         <object_component_ref idref="oc-27b"/>
      </symbol>
      <symbol id="sm-c24">
         <name>___TI_enable_exit_profile_output</name>
         <value>0x11808b84</value>
         <object_component_ref idref="oc-1be"/>
      </symbol>
      <symbol id="sm-c25">
         <name>__cleanup_ptr</name>
         <value>0x11808b7c</value>
         <object_component_ref idref="oc-1be"/>
      </symbol>
      <symbol id="sm-c26">
         <name>__dtors_ptr</name>
         <value>0x11808b80</value>
         <object_component_ref idref="oc-1be"/>
      </symbol>
      <symbol id="sm-c2e">
         <name>_memcpy</name>
         <value>0x118104a0</value>
         <object_component_ref idref="oc-259"/>
      </symbol>
      <symbol id="sm-c3a">
         <name>_modf</name>
         <value>0x11810540</value>
         <object_component_ref idref="oc-277"/>
      </symbol>
      <symbol id="sm-c4f">
         <name>_printf</name>
         <value>0x1180f6a0</value>
         <object_component_ref idref="oc-27c"/>
      </symbol>
      <symbol id="sm-c59">
         <name>__tmpnams</name>
         <value>0x11808538</value>
         <object_component_ref idref="oc-1cc"/>
      </symbol>
      <symbol id="sm-c5a">
         <name>__ft_end</name>
         <value>0x11808678</value>
         <object_component_ref idref="oc-1cc"/>
      </symbol>
      <symbol id="sm-c5b">
         <name>__ftable</name>
         <value>0x11808358</value>
         <object_component_ref idref="oc-1cc"/>
      </symbol>
      <symbol id="sm-d64">
         <name>__printfi</name>
         <value>0x1180b6e0</value>
         <object_component_ref idref="oc-281"/>
      </symbol>
      <symbol id="sm-d6e">
         <name>___isinf</name>
         <value>0x118109e0</value>
         <object_component_ref idref="oc-295"/>
      </symbol>
      <symbol id="sm-d80">
         <name>__divd</name>
         <value>0x118097c0</value>
         <object_component_ref idref="oc-2a4"/>
      </symbol>
      <symbol id="sm-d89">
         <name>__c6xabi_divu</name>
         <value>0x1180faa0</value>
         <object_component_ref idref="oc-2ae"/>
      </symbol>
      <symbol id="sm-d8a">
         <name>__divu</name>
         <value>0x1180faa0</value>
         <object_component_ref idref="oc-2ae"/>
      </symbol>
      <symbol id="sm-d9a">
         <name>__divul</name>
         <value>0x1180e3c0</value>
         <object_component_ref idref="oc-2af"/>
      </symbol>
      <symbol id="sm-d9b">
         <name>__remli</name>
         <value>0x11810ae0</value>
         <object_component_ref idref="oc-2b4"/>
      </symbol>
      <symbol id="sm-d9c">
         <name>__divli</name>
         <value>0x1180ffa0</value>
         <object_component_ref idref="oc-2b5"/>
      </symbol>
      <symbol id="sm-db0">
         <name>__subcull</name>
         <value>0x11810880</value>
         <object_component_ref idref="oc-2b7"/>
      </symbol>
      <symbol id="sm-db1">
         <name>__divull</name>
         <value>0x1180d0e0</value>
         <object_component_ref idref="oc-2b0"/>
      </symbol>
      <symbol id="sm-dbe">
         <name>__fixdli</name>
         <value>0x11810180</value>
         <object_component_ref idref="oc-2a9"/>
      </symbol>
      <symbol id="sm-dc9">
         <name>__fltlid</name>
         <value>0x11810680</value>
         <object_component_ref idref="oc-2ab"/>
      </symbol>
      <symbol id="sm-dd3">
         <name>__frcmpyd_div</name>
         <value>0x11810a60</value>
         <object_component_ref idref="oc-2ad"/>
      </symbol>
      <symbol id="sm-de1">
         <name>__llshl</name>
         <value>0x11810700</value>
         <object_component_ref idref="oc-2b6"/>
      </symbol>
      <symbol id="sm-de2">
         <name>__llshru</name>
         <value>0x11810aa0</value>
         <object_component_ref idref="oc-2ac"/>
      </symbol>
      <symbol id="sm-dec">
         <name>__negll</name>
         <value>0x11810b20</value>
         <object_component_ref idref="oc-29a"/>
      </symbol>
      <symbol id="sm-dfa">
         <name>_atoi</name>
         <value>0x1180f400</value>
         <object_component_ref idref="oc-28d"/>
      </symbol>
      <symbol id="sm-e02">
         <name>__ctypes_</name>
         <value>0x1181d650</value>
         <object_component_ref idref="oc-293"/>
      </symbol>
      <symbol id="sm-e1d">
         <name>_putc</name>
         <value>0x1180da00</value>
         <object_component_ref idref="oc-288"/>
      </symbol>
      <symbol id="sm-e1e">
         <name>_fputc</name>
         <value>0x1180da00</value>
         <object_component_ref idref="oc-288"/>
      </symbol>
      <symbol id="sm-e2b">
         <name>__doflush</name>
         <value>0x1180fb60</value>
         <object_component_ref idref="oc-28a"/>
      </symbol>
      <symbol id="sm-e3a">
         <name>__wrt_ok</name>
         <value>0x1180f040</value>
         <object_component_ref idref="oc-289"/>
      </symbol>
      <symbol id="sm-e5c">
         <name>_fputs</name>
         <value>0x1180bb20</value>
         <object_component_ref idref="oc-283"/>
      </symbol>
      <symbol id="sm-e6d">
         <name>_fseek</name>
         <value>0x1180ed00</value>
         <object_component_ref idref="oc-291"/>
      </symbol>
      <symbol id="sm-eb1">
         <name>_unlink</name>
         <value>0x11810800</value>
         <object_component_ref idref="oc-2b8"/>
      </symbol>
      <symbol id="sm-eb2">
         <name>_lseek</name>
         <value>0x11810400</value>
         <object_component_ref idref="oc-29c"/>
      </symbol>
      <symbol id="sm-eb3">
         <name>_close</name>
         <value>0x1180f4e0</value>
         <object_component_ref idref="oc-2b2"/>
      </symbol>
      <symbol id="sm-eb4">
         <name>_write</name>
         <value>0x118105e0</value>
         <object_component_ref idref="oc-28b"/>
      </symbol>
      <symbol id="sm-edd">
         <name>_HOSTopen</name>
         <value>0x1180f240</value>
         <object_component_ref idref="oc-252"/>
      </symbol>
      <symbol id="sm-ede">
         <name>_HOSTread</name>
         <value>0x1180f320</value>
         <object_component_ref idref="oc-254"/>
      </symbol>
      <symbol id="sm-edf">
         <name>_HOSTrename</name>
         <value>0x1180e560</value>
         <object_component_ref idref="oc-258"/>
      </symbol>
      <symbol id="sm-ee0">
         <name>_HOSTwrite</name>
         <value>0x1180f920</value>
         <object_component_ref idref="oc-255"/>
      </symbol>
      <symbol id="sm-ee1">
         <name>_HOSTlseek</name>
         <value>0x1180ef40</value>
         <object_component_ref idref="oc-256"/>
      </symbol>
      <symbol id="sm-ee2">
         <name>_HOSTunlink</name>
         <value>0x1180f860</value>
         <object_component_ref idref="oc-257"/>
      </symbol>
      <symbol id="sm-ee3">
         <name>_HOSTclose</name>
         <value>0x1180fe60</value>
         <object_component_ref idref="oc-253"/>
      </symbol>
      <symbol id="sm-ef0">
         <name>_ltoa</name>
         <value>0x1180fce0</value>
         <object_component_ref idref="oc-2aa"/>
      </symbol>
      <symbol id="sm-efd">
         <name>_memccpy</name>
         <value>0x118108e0</value>
         <object_component_ref idref="oc-290"/>
      </symbol>
      <symbol id="sm-f08">
         <name>_memset</name>
         <value>0x1180f5c0</value>
         <object_component_ref idref="oc-28c"/>
      </symbol>
      <symbol id="sm-f18">
         <name>C$$IO$$</name>
         <value>0x11810998</value>
         <object_component_ref idref="oc-26f"/>
      </symbol>
      <symbol id="sm-f19">
         <name>__CIOBUF_</name>
         <value>0x1181e688</value>
         <object_component_ref idref="oc-21b"/>
      </symbol>
      <symbol id="sm-f1a">
         <name>_readmsg</name>
         <value>0x11810780</value>
         <object_component_ref idref="oc-270"/>
      </symbol>
      <symbol id="sm-f1b">
         <name>_writemsg</name>
         <value>0x11810940</value>
         <object_component_ref idref="oc-26f"/>
      </symbol>
      <symbol id="sm-f32">
         <name>_setvbuf</name>
         <value>0x1180de20</value>
         <object_component_ref idref="oc-292"/>
      </symbol>
      <symbol id="sm-f45">
         <name>__cleanup</name>
         <value>0x1180ff00</value>
         <object_component_ref idref="oc-29e"/>
      </symbol>
      <symbol id="sm-f57">
         <name>__closefile</name>
         <value>0x1180eac0</value>
         <object_component_ref idref="oc-2a8"/>
      </symbol>
      <symbol id="sm-f73">
         <name>_free</name>
         <value>0x118124a0</value>
         <object_component_ref idref="oc-29d"/>
      </symbol>
      <symbol id="sm-f74">
         <name>_calloc</name>
         <value>0x118126cc</value>
         <object_component_ref idref="oc-29d"/>
      </symbol>
      <symbol id="sm-f75">
         <name>_memalign</name>
         <value>0x11812608</value>
         <object_component_ref idref="oc-29d"/>
      </symbol>
      <symbol id="sm-f76">
         <name>_realloc</name>
         <value>0x11812524</value>
         <object_component_ref idref="oc-29d"/>
      </symbol>
      <symbol id="sm-f77">
         <name>_malloc</name>
         <value>0x118124c4</value>
         <object_component_ref idref="oc-29d"/>
      </symbol>
      <symbol id="sm-f8e">
         <name>_MEM_alloc</name>
         <value>0x11812be0</value>
         <object_component_ref idref="oc-2a7"/>
      </symbol>
      <symbol id="sm-fa0">
         <name>_MEM_free</name>
         <value>0x11812fe0</value>
         <object_component_ref idref="oc-2a6"/>
      </symbol>
      <symbol id="sm-fab">
         <name>_SYS_error</name>
         <value>0x11814a40</value>
         <object_component_ref idref="oc-2b1"/>
      </symbol>
      <symbol id="sm-fb5">
         <name>_remove</name>
         <value>0x11810c20</value>
         <object_component_ref idref="oc-2b3"/>
      </symbol>
   </symbol_table>
</link_info>
