******************************************************************************
               TMS320C6x Linker PC v7.4.18                     
******************************************************************************
>> Linked Wed Jul 29 12:53:32 2020

OUTPUT FILE NAME:   <GuitarAmpGitVersion.out>
ENTRY POINT SYMBOL: "_c_int00"  address: 11825b80


MEMORY CONFIGURATION

         name            origin    length      used     unused   attr    fill
----------------------  --------  ---------  --------  --------  ----  --------
  IRAM                  11800000   00040000  00027929  000186d7  RWIX
  CACHE_L1P             11e00000   00008000  00000000  00008000  RWIX
  CACHE_L1D             11f00000   00008000  00000000  00008000  RWIX
  L3_CBA_RAM            80000000   00020000  00000000  00020000  RWIX
  DDR                   c3000000   01000000  00000000  01000000  RWIX


SECTION ALLOCATION MAP

 output                                  attributes/
section   page    origin      length       input sections
--------  ----  ----------  ----------   ----------------
.vers      0    00000000    0000003c     COPY SECTION
                  00000000    0000003c     hellocfg.obj (.vers)

.data      0    11800000    00000000     UNINITIALIZED

.far       0    11800000    00011c40     UNINITIALIZED
                  11800000    0001137c     hello.obj (.far)
                  1181137c    00000004     bios6748.a674 : clk_data.o674 (.far)
                  11811380    00000324     rts6740.lib : defs.obj (.far)
                  118116a4    00000004                 : errno.obj (.far)
                  118116a8    00000188                 : atexit.obj (.far)
                  11811830    0000011c                 : lowlev.obj (.far)
                  1181194c    00000004                 : fopen.obj (.far)
                  11811950    000000d8     bios.a674 : knl.o674 (.far)
                  11811a28    0000005c               : tsk.o674 (.far)
                  11811a84    00000004     rts6740.lib : sinit.obj (.far)
                  11811a88    00000054     bios.a674 : obj_init.o674 (.far)
                  11811adc    00000050               : tsk_stup.o674 (.far)
                  11811b2c    00000004     --HOLE--
                  11811b30    00000040     rts6740.lib : cos.obj (.far)
                  11811b70    00000040                 : sin.obj (.far)
                  11811bb0    00000020     bios.a674 : sys.o674 (.far)
                  11811bd0    00000018     rtdx64xplus.lib : rtdx_mon.o64P (.far)
                  11811be8    00000010     bios.a674 : exc.o674 (.far)
                  11811bf8    00000010               : knl_tick.o674 (.far)
                  11811c08    0000000c               : utl_putc.o674 (.far)
                  11811c14    00000004     --HOLE--
                  11811c18    0000000c     block_sine.obj (.far)
                  11811c24    0000000c     rts6740.lib : exit.obj (.far)
                  11811c30    00000008                 : _lock.obj (.far)
                  11811c38    00000008                 : trgdrv.obj (.far)

.text      0    11811c40    00009960     
                  11811c40    00000f20     kiss_fft.obj (.text)
                  11812b60    00000c20     evmc6748_bsl.lib : evmc6748.obj (.text)
                  11813780    00000600     hello.obj (.text)
                  11813d80    000005a0     rts6740.lib : divd.obj (.text:__divd)
                  11814320    00000580                 : _printfi.obj (.text:__getarg_diouxp)
                  118148a0    00000540     framework.obj (.text)
                  11814de0    00000520     rts6740.lib : _printfi.obj (.text:__setfield)
                  11815300    000004e0     evmc6748_bsl.lib : evmc6748_i2c_gpio.obj (.text)
                  118157e0    00000440     rts6740.lib : _printfi.obj (.text:__printfi)
                  11815c20    000003a0                 : fputs.obj (.text:_fputs)
                  11815fc0    00000380     evmc6748_bsl.lib : evmc6748_gpio.obj (.text)
                  11816340    00000380                      : evmc6748_i2c.obj (.text)
                  118166c0    00000320     rts6740.lib : _printfi.obj (.text:__pproc_fge)
                  118169e0    000002e0                 : cos.obj (.text:_cos)
                  11816cc0    000002c0                 : _printfi.obj (.text:__pproc_fwp)
                  11816f80    000002a0                 : _printfi.obj (.text:_ecvt)
                  11817220    000002a0                 : _printfi.obj (.text:_fcvt)
                  118174c0    00000280                 : divf.obj (.text:__divf)
                  11817740    00000280                 : sin.obj (.text:_sin)
                  118179c0    00000260                 : imath64.obj (.text:__divull)
                  11817c20    00000260                 : _printfi.obj (.text:__pconv_e)
                  11817e80    00000240                 : _printfi.obj (.text:__pproc_diouxp)
                  118180c0    00000220                 : _printfi.obj (.text:__pproc_str)
                  118182e0    00000220                 : fputc.obj (.text:_fputc)
                  11818500    00000200                 : _printfi.obj (.text:__pconv_g)
                  11818700    00000200                 : setvbuf.obj (.text:_setvbuf)
                  11818900    000001e0     evmc6748_bsl.lib : evmc6748_led.obj (.text)
                  11818ae0    000001c0     rts6740.lib : _printfi.obj (.text:__mcpy)
                  11818ca0    000001a0                 : imath40.obj (.text:__divul)
                  11818e40    00000180                 : trgdrv.obj (.text:_HOSTrename)
                  11818fc0    00000160     evmc6748_bsl.lib : evmc6748_dip.obj (.text)
                  11819120    00000140     rts6740.lib : _printfi.obj (.text:__pproc_fflags)
                  11819260    00000140                 : lowlev.obj (.text:_getdevice)
                  118193a0    00000120                 : fclose.obj (.text:__closefile)
                  118194c0    00000120                 : _printfi.obj (.text:__ltostr)
                  118195e0    00000120                 : fseek.obj (.text:_fseek)
                  11819700    00000100                 : trgdrv.obj (.text:_HOSTlseek)
                  11819800    00000100                 : _io_perm.obj (.text:__wrt_ok)
                  11819900    00000100                 : sinit.obj (.text:_call_dtors)
                  11819a00    00000100                 : sqrt.obj (.text:_sqrt)
                  11819b00    000000e0                 : trgdrv.obj (.text:_HOSTopen)
                  11819be0    000000e0                 : trgdrv.obj (.text:_HOSTread)
                  11819cc0    000000e0                 : divi.obj (.text:__divi)
                  11819da0    000000e0                 : atoi.obj (.text:_atoi)
                  11819e80    000000e0                 : lowlev.obj (.text:_close)
                  11819f60    000000e0                 : memset.obj (.text:_memset)
                  1181a040    000000e0                 : printf.obj (.text:_printf)
                  1181a120    000000c0                 : trgdrv.obj (.text:_HOSTunlink)
                  1181a1e0    000000c0                 : trgdrv.obj (.text:_HOSTwrite)
                  1181a2a0    000000c0                 : _printfi.obj (.text:__div)
                  1181a360    000000c0                 : divu.obj (.text:__divu)
                  1181a420    000000c0                 : fflush.obj (.text:__doflush)
                  1181a4e0    000000c0                 : remi.obj (.text:__remi)
                  1181a5a0    000000c0                 : atexit.obj (.text:_atexit)
                  1181a660    000000c0                 : ltoa.obj (.text:_ltoa)
                  1181a720    000000c0     bios.a674 : tsk_stup.o674 (.text)
                  1181a7e0    000000a0     rts6740.lib : trgdrv.obj (.text:_HOSTclose)
                  1181a880    000000a0                 : fopen.obj (.text:__cleanup)
                  1181a920    000000a0                 : imath40.obj (.text:__divli)
                  1181a9c0    000000a0                 : _printfi.obj (.text:__ecpy)
                  1181aa60    000000a0                 : _printfi.obj (.text:__fcpy)
                  1181ab00    000000a0                 : fixdli.obj (.text:__fixdli)
                  1181aba0    000000a0                 : round.obj (.text:__nround)
                  1181ac40    000000a0                 : _printfi.obj (.text:__pconv_f)
                  1181ace0    000000a0                 : lowlev.obj (.text:_finddevice)
                  1181ad80    000000a0                 : lowlev.obj (.text:_lseek)
                  1181ae20    000000a0                 : memcpy64.obj (.text:_memcpy)
                  1181aec0    000000a0                 : modf.obj (.text:_modf)
                  1181af60    000000a0                 : lowlev.obj (.text:_write)
                  1181b000    00000080                 : fltlid.obj (.text:__fltlid)
                  1181b080    00000080                 : llshift.obj (.text:__llshl)
                  1181b100    00000080                 : trgmsg.obj (.text:_readmsg)
                  1181b180    00000080                 : lowlev.obj (.text:_unlink)
                  1181b200    00000060                 : imath64.obj (.text:__subcull)
                  1181b260    00000060                 : memccpy.obj (.text:_memccpy)
                  1181b2c0    00000060                 : trgmsg.obj (.text:_writemsg)
                  1181b320    00000040                 : sinit.obj (.text:___add_dtor)
                  1181b360    00000040                 : isinf.obj (.text:___isinf)
                  1181b3a0    00000040                 : _printfi.obj (.text:___isnan)
                  1181b3e0    00000040                 : frcmpyd_div.obj (.text:__frcmpyd_div)
                  1181b420    00000040                 : llshift.obj (.text:__llshru)
                  1181b460    00000040                 : imath40.obj (.text:__remli)
                  1181b4a0    00000020                 : negll.obj (.text:__negll)
                  1181b4c0    00000020                 : _lock.obj (.text:__nop)
                  1181b4e0    00000020                 : printf.obj (.text:__outc)
                  1181b500    00000020                 : printf.obj (.text:__outs)
                  1181b520    00000020                 : _lock.obj (.text:__register_lock)
                  1181b540    00000020                 : _lock.obj (.text:__register_unlock)
                  1181b560    00000020                 : trunc.obj (.text:__trunc)
                  1181b580    00000020                 : remove.obj (.text:_remove)

.bios      0    1181b5a0    000042e0     
                  1181b5a0    000005c0     lnkrtdx.a674 : rtdx.o674 (.bios)
                  1181bb60    00000580     bios.a674 : exc.o674 (.bios)
                  1181c0e0    000004e0               : hwi_disp_asm.o674 (.bios)
                  1181c5c0    000004c0               : swi.o674 (.bios)
                  1181ca80    00000380               : prd.o674 (.bios)
                  1181ce00    00000280               : malloc.o674 (.bios)
                  1181d080    00000280               : rta.o674 (.bios)
                  1181d300    00000240               : knl_run.o674 (.bios)
                  1181d540    00000200               : mem_allo.o674 (.bios:.near)
                  1181d740    00000200               : knl_tick.o674 (.bios)
                  1181d940    000001e0               : mem_free.o674 (.bios:.near)
                  1181db20    000001e0               : exc_asm.o674 (.bios)
                  1181dd00    000001e0               : pip.o674 (.bios)
                  1181dee0    000001e0               : sem_pend.o674 (.bios)
                  1181e0c0    000001a0               : sem_dopo.o674 (.bios)
                  1181e260    000001a0               : tsk_setu.o674 (.bios)
                  1181e400    000001a0     bios6748.a674 : clk.o674 (.bios)
                  1181e5a0    00000180     bios.a674 : knl_swit.o674 (.bios)
                  1181e720    00000140               : autoinit.o674 (.bios)
                  1181e860    00000140               : tsk_exit.o674 (.bios)
                  1181e9a0    00000140     bios6748.a674 : bcache_init.o674 (.bios)
                  1181eae0    00000120     bios.a674 : gbl_cacheinit64P.o674 (.bios)
                  1181ec00    00000120               : knl_chec.o674 (.bios)
                  1181ed20    00000120               : tsk_stup.o674 (.bios)
                  1181ee40    000000e0               : sem_post_asm.o674 (.bios)
                  1181ef20    000000c0               : knl_exit.o674 (.bios)
                  1181efe0    000000a0               : sem_post.o674 (.bios)
                  1181f080    000000a0               : sys_exit.o674 (.bios)
                  1181f120    00000080               : knl_ipos.o674 (.bios)
                  1181f1a0    00000080               : knl_post.o674 (.bios)
                  1181f220    00000080               : lck.o674 (.bios)
                  1181f2a0    00000080               : log.o674 (.bios)
                  1181f320    00000080     bios6748.a674 : idl_cal.o674 (.bios)
                  1181f3a0    00000060     bios.a674 : sys_erro.o674 (.bios:.near)
                  1181f400    00000060               : fxn.o674 (.bios)
                  1181f460    00000060               : hwi_c.o674 (.bios)
                  1181f4c0    00000060               : idl_busy.o674 (.bios)
                  1181f520    00000060               : sem_pend_counting.o674 (.bios)
                  1181f580    00000060               : sts.o674 (.bios)
                  1181f5e0    00000060               : sys_abor.o674 (.bios)
                  1181f640    00000060     bios6748.a674 : clk_meas.o674 (.bios)
                  1181f6a0    00000040     bios.a674 : idl_stub.o674 (.bios)
                  1181f6e0    00000040               : rta_andn.o674 (.bios)
                  1181f720    00000040               : utl_doab.o674 (.bios)
                  1181f760    00000040               : utl_putc.o674 (.bios)
                  1181f7a0    00000020               : fxn_c.o674 (.bios)
                  1181f7c0    00000020               : gbl_vers.o674 (.bios)
                  1181f7e0    00000020               : idl.o674 (.bios)
                  1181f800    00000020               : sts_set.o674 (.bios)
                  1181f820    00000020               : utl_doer.o674 (.bios)
                  1181f840    00000020               : utl_halt.o674 (.bios)
                  1181f860    00000020     bios6748.a674 : clk_gethtime.o674 (.bios)

.IRAM$heap 
*          0    1181f880    00002000     UNINITIALIZED
                  1181f880    00002000     --HOLE--

.cinit     0    11821880    000014f4     
                  11821880    000006c4     hellocfg.obj (.cinit)
                  11821f44    00000004     --HOLE-- [fill = 0]
                  11821f48    000003b4     hello.obj (.cinit)
                  118222fc    00000004     --HOLE-- [fill = 0]
                  11822300    0000026c     bios.a674 : biosdata.o674 (.cinit)
                  1182256c    00000004     --HOLE-- [fill = 0]
                  11822570    000001a4               : knl.o674 (.cinit)
                  11822714    00000004     --HOLE-- [fill = 0]
                  11822718    000000b0               : swi.o674 (.cinit)
                  118227c8    00000080               : tsk.o674 (.cinit)
                  11822848    00000068     rtdx64xplus.lib : rtdx_mon.o64P (.cinit)
                  118228b0    00000060     bios.a674 : tsk_stup.o674 (.cinit)
                  11822910    0000005c     lnkrtdx.a674 : rtdx.o674 (.cinit)
                  1182296c    00000004     --HOLE-- [fill = 0]
                  11822970    0000005c     rts6740.lib : defs.obj (.cinit)
                  118229cc    00000004     --HOLE-- [fill = 0]
                  118229d0    0000005c                 : lowlev.obj (.cinit)
                  11822a2c    00000004     --HOLE-- [fill = 0]
                  11822a30    0000004c     bios.a674 : rta.o674 (.cinit)
                  11822a7c    00000004     --HOLE-- [fill = 0]
                  11822a80    0000004c     rtdx64xplus.lib : buffer1.o64P (.cinit)
                  11822acc    00000004     --HOLE-- [fill = 0]
                  11822ad0    00000048     rts6740.lib : cos.obj (.cinit)
                  11822b18    00000048                 : sin.obj (.cinit)
                  11822b60    0000003c     bios.a674 : exc.o674 (.cinit)
                  11822b9c    00000004     --HOLE-- [fill = 0]
                  11822ba0    00000034               : hwi.o674 (.cinit)
                  11822bd4    00000004     --HOLE-- [fill = 0]
                  11822bd8    0000002c               : utl_putc.o674 (.cinit)
                  11822c04    00000004     --HOLE-- [fill = 0]
                  11822c08    0000002c     rts6740.lib : exit.obj (.cinit)
                  11822c34    00000004     --HOLE-- [fill = 0]
                  11822c38    00000024     bios.a674 : obj_init.o674 (.cinit)
                  11822c5c    00000004     --HOLE-- [fill = 0]
                  11822c60    00000024     block_sine.obj (.cinit)
                  11822c84    00000004     --HOLE-- [fill = 0]
                  11822c88    0000001c     bios.a674 : exc_asm.o674 (.cinit)
                  11822ca4    00000004     --HOLE-- [fill = 0]
                  11822ca8    0000001c               : sys.o674 (.cinit)
                  11822cc4    00000004     --HOLE-- [fill = 0]
                  11822cc8    0000001c     rts6740.lib : _lock.obj (.cinit)
                  11822ce4    00000004     --HOLE-- [fill = 0]
                  11822ce8    0000001c                 : atexit.obj (.cinit)
                  11822d04    00000004     --HOLE-- [fill = 0]
                  11822d08    00000018     bios.a674 : knl_tick.o674 (.cinit)
                  11822d20    0000000c               : idl_busy.o674 (.cinit)
                  11822d2c    00000004     --HOLE-- [fill = 0]
                  11822d30    0000000c               : knl_swit.o674 (.cinit)
                  11822d3c    00000004     --HOLE-- [fill = 0]
                  11822d40    0000000c     rts6740.lib : errno.obj (.cinit)
                  11822d4c    00000004     --HOLE-- [fill = 0]
                  11822d50    0000000c                 : fopen.obj (.cinit)
                  11822d5c    00000004     --HOLE-- [fill = 0]
                  11822d60    0000000c                 : sinit.obj (.cinit)
                  11822d6c    00000004     --HOLE-- [fill = 0]
                  11822d70    00000004     (.pad.cinit) [fill = 0]

.trace     0    11822d74    00000200     
                  11822d74    00000200     --HOLE-- [fill = 00000000]

.tsk       0    11822f74    00000060     UNINITIALIZED
                  11822f74    00000060     hellocfg.obj (.tsk)

.prd       0    11822fd4    00000020     UNINITIALIZED
                  11822fd4    00000020     hellocfg.obj (.prd)

.pinit     0    11822ff4    0000000c     
                  11822ff4    00000004     rtdx64xplus.lib : buffer1.o64P (.pinit)
                  11822ff8    00000004                     : rtdx_mon.o64P (.pinit)
                  11822ffc    00000004     --HOLE-- [fill = 0]

.trace$buf 
*          0    11823000    00001000     UNINITIALIZED
                  11823000    00001000     hellocfg.obj (.trace$buf)

.rtdx_text 
*          0    11824000    00000fc0     
                  11824000    000002a0     rtdx64xplus.lib : rtdx_mon.o64P (.rtdx_text:_HSRTDX_rec)
                  118242a0    00000260                     : buffer1.o64P (.rtdx_text:_RTDX_Buffer_WriteCB)
                  11824500    00000260                     : buffer1.o64P (.rtdx_text:_RTDX_write_next)
                  11824760    000001a0                     : rtdx_mon.o64P (.rtdx_text:_HSRTDX_xmt)
                  11824900    00000160                     : rtdx_mon.o64P (.rtdx_text:_RTDX_Send_To_Host)
                  11824a60    000000e0                     : rtdx_mon.o64P (.rtdx_text:_RTDX_Mon_Queue)
                  11824b40    000000e0                     : buffer1.o64P (.rtdx_text:_claim)
                  11824c20    000000a0                     : rtdx_mon.o64P (.rtdx_text:_RTDX_GetH2THeader)
                  11824cc0    000000a0                     : rtdx_mon.o64P (.rtdx_text:_RTDX_Poll)
                  11824d60    00000080                     : rtdx_mon.o64P (.rtdx_text:_RTDX_Final_RT_Monitor)
                  11824de0    00000060                     : buffer1.o64P (.rtdx_text:_RTDX_Buffer_Initialize)
                  11824e40    00000060                     : rtdx_mon.o64P (.rtdx_text:_RTDX_Init_RT_Monitor)
                  11824ea0    00000040                     : buffer2.o64P (.rtdx_text:_RTDX_Buffer_ReadCB)
                  11824ee0    00000040                     : buffer1.o64P (.rtdx_text:_RTDX_Buffer_Size)
                  11824f20    00000040                     : memfill.o64P (.rtdx_text:_RTDX_memfill)
                  11824f60    00000020                     : buffer2.o64P (.rtdx_text:_RTDX_Buffer_Read)
                  11824f80    00000020                     : buffer1.o64P (.rtdx_text:_RTDX_Buffer_Write)
                  11824fa0    00000020                     : intr_tgt.o64P (.rtdx_text)

.hst       0    11824fc0    0000003c     UNINITIALIZED
                  11824fc0    0000003c     hellocfg.obj (.hst)

.args      0    11824ffc    00000004     
                  11824ffc    00000004     --HOLE-- [fill = 0]

.LOG_system$buf 
*          0    11825000    00000800     UNINITIALIZED
                  11825000    00000800     hellocfg.obj (.LOG_system$buf)

.sysinit   0    11825800    00000560     
                  11825800    00000380     hellocfg.obj (.sysinit)
                  11825b80    000000c0     bios.a674 : boot.o674 (.sysinit)
                  11825c40    000000c0               : mem_init.o674 (.sysinit)
                  11825d00    00000060               : tsk_init.o674 (.sysinit)

.hst1      0    11825d60    00000010     UNINITIALIZED
                  11825d60    00000010     hellocfg.obj (.hst1)

.idl       0    11825d70    00000010     UNINITIALIZED
                  11825d70    00000010     hellocfg.obj (.idl)

.rtdx_data 
*          0    11825d80    000004f4     UNINITIALIZED
                  11825d80    00000080     --HOLE--
                  11825e00    00000410     hellocfg.obj (.rtdx_data)
                  11826210    00000044     rtdx64xplus.lib : rtdx_mon.o64P (.rtdx_data)
                  11826254    00000020                     : buffer1.o64P (.rtdx_data)

.mem       0    11826274    00000004     UNINITIALIZED
                  11826274    00000004     hellocfg.obj (.mem)

.const     0    11826278    00000481     
                  11826278    00000193     bios.a674 : exc.o674 (.const:.string)
                  1182640b    00000004               : mem_allo.o674 (.const:.string)
                  1182640f    00000001     --HOLE-- [fill = 0]
                  11826410    00000101     rts6740.lib : ctype.obj (.const:.string:__ctypes_)
                  11826511    00000004     bios.a674 : mem_free.o674 (.const:.string)
                  11826515    00000002     rts6740.lib : fputs.obj (.const:.string)
                  11826517    00000001     --HOLE-- [fill = 0]
                  11826518    00000080     evmc6748_bsl.lib : evmc6748.obj (.const:_bitval_u32)
                  11826598    0000004e     bios.a674 : tsk_stup.o674 (.const:.string)
                  118265e6    00000002     --HOLE-- [fill = 0]
                  118265e8    0000004c     kiss_fftr.obj (.const:.string)
                  11826634    00000040     evmc6748_bsl.lib : evmc6748.obj (.const:.string)
                  11826674    00000023     bios.a674 : utl_doab.o674 (.const:.string)
                  11826697    00000023     rts6740.lib : _printfi.obj (.const:.string)
                  118266ba    00000022     bios.a674 : utl_doer.o674 (.const:.string)
                  118266dc    0000001c     rb.obj (.const:.string)
                  118266f8    00000001     bios.a674 : tsk.o674 (.const:.string)

.printf    0    118266f9    00000076     COPY SECTION
                  118266f9    00000076     hellocfg.obj (.printf)

.TSK_idle$stk 
*          0    11826700    00000400     UNINITIALIZED
                  11826700    00000400     hellocfg.obj (.TSK_idle$stk)

.stack     0    11826b00    00000400     UNINITIALIZED
                  11826b00    00000400     --HOLE--

.bss       0    11826f00    0000039c     UNINITIALIZED
                  11826f00    00000100     bios.a674 : hwi_disp_asm.o674 (.bss)
                  11827000    000000cc               : biosdata.o674 (.bss)
                  118270cc    0000009c               : swi.o674 (.bss)
                  11827168    00000048               : knl.o674 (.bss)
                  118271b0    00000028     hellocfg.obj (.bss)
                  118271d8    00000020     bios.a674 : exc_asm.o674 (.bss)
                  118271f8    00000018               : hwi.o674 (.bss)
                  11827210    00000018     lnkrtdx.a674 : rtdx.o674 (.bss)
                  11827228    00000014     hello.obj (.bss)
                  1182723c    00000010     bios.a674 : exc.o674 (.bss)
                  1182724c    00000010     rtdx64xplus.lib : buffer1.o64P (.bss)
                  1182725c    00000010                     : rtdx_mon.o64P (.bss)
                  1182726c    0000000c     bios.a674 : tsk.o674 (.bss)
                  11827278    00000008               : clk_data.o674 (.bss)
                  11827280    00000008               : sys.o674 (.bss)
                  11827288    00000004               : clk_data2.o674 (.bss)
                  1182728c    00000004               : idl_busy.o674 (.bss)
                  11827290    00000004               : mem_asm.o674 (.bss)
                  11827294    00000004     block_sine.obj (.bss)
                  11827298    00000004     evmc6748_bsl.lib : evmc6748_i2c.obj (.bss)

.cio       0    118272a0    00000120     UNINITIALIZED
                  118272a0    00000120     rts6740.lib : trgmsg.obj (.cio)

.log       0    118273c0    00000030     
                  118273c0    00000030     hellocfg.obj (.log)

.idlcal    0    118273f0    00000010     UNINITIALIZED
                  118273f0    00000010     hellocfg.obj (.idlcal)

.hwi_vec   0    11827400    00000200     
                  11827400    00000200     hellocfg.obj (.hwi_vec)

.hst0      0    11827600    00000100     UNINITIALIZED
                  11827600    00000100     hellocfg.obj (.hst0)

.pip       0    11827700    000000c8     UNINITIALIZED
                  11827700    000000c8     hellocfg.obj (.pip)

.swi       0    118277c8    00000058     UNINITIALIZED
                  118277c8    00000058     hellocfg.obj (.swi)

.switch    0    11827820    00000054     
                  11827820    00000024     evmc6748_bsl.lib : evmc6748_gpio.obj (.switch:_getRegisterBankAndBit)
                  11827844    00000020                      : evmc6748_dip.obj (.switch:_convertDipToI2CGpio)
                  11827864    00000010     kiss_fft.obj (.switch:_kf_work)

.sts       0    11827874    00000050     
                  11827874    00000050     hellocfg.obj (.sts)

.gblinit   0    118278c4    0000004c     
                  118278c4    0000004c     hellocfg.obj (.gblinit)

.sys       0    11827910    00000010     UNINITIALIZED
                  11827910    00000010     hellocfg.obj (.sys)

.trcdata   0    11827920    0000000c     
                  11827920    0000000c     bios.a674 : trc.o674 (.trcdata)

.clk       0    1182792c    00000008     UNINITIALIZED
                  1182792c    00000008     hellocfg.obj (.clk)


GLOBAL SYMBOLS: SORTED ALPHABETICALLY BY Name 

address    name
--------   ----
11826f00   $bss
11826f00   .bss
11800000   .data
11811c40   .text
118259c4   BIOS$$CLKOFF
11825984   BIOS$$CLKON
11825800   BIOS_init
11825a30   BIOS_start
00000000   BUF$
00000001   BUF_ENABLED
1181b318   C$$IO$$
ffffffff   CACHE_L1D
ffffffff   CACHE_L1P
00000001   CLK$
1182792c   CLK_A_TABBEG
00000001   CLK_CALDIV
00000001   CLK_CALMULT
000493e0   CLK_COUNTSPMS
00000004   CLK_COUNTSPMSHIGH
11827028   CLK_D_idletime
11827024   CLK_D_isrhook
11827020   CLK_D_tabbeg
1182701c   CLK_D_timefxn
00000001   CLK_ENABLEHTIME
1181f860   CLK_F_gethtime
1181e400   CLK_F_getltime
1181e410   CLK_F_isr
1181e550   CLK_F_itime
1181c0e0   CLK_HOOKFXN
00000001   CLK_HTIMEDIV
00000001   CLK_HTIMEMULT
000493e0   CLK_HTIMEPERLTIME
00005dc0   CLK_INPUTCLK
00004000   CLK_INTBIT
00000001   CLK_LTIMEDIV
000493e0   CLK_LTIMEMULT
000003e8   CLK_MICROSECS
00000001   CLK_POWERENABLE
00005dc0   CLK_PRD
00000000   CLK_PRDHIGH
01c20000   CLK_REGS
00000001   CLK_RESETTIMER
11827018   CLK_R_time
00000020   CLK_TCR
00000000   CLK_TDDR
00000000   CLK_TDDRHIGH
1181f860   CLK_TIMEFXN
00000000   CLK_TIMERNUM
00000005   CLK_TIMMODE
00000001   CLK_USETIMER
11827930   CLK_null
ffffffff   DDR
00000000   DEV$
00000000   DGN$
00000000   DHL$
00000000   DHL_gChannelsAvailable
00000000   DIO$
00000000   DIO_NUMSWIBASE
00000000   DIO_NUMTSKBASE
00000000   DIO_STATIC
00000000   DPI$
00000000   ECM$
00000000   ECM_ENABLE
ffffffff   ECM_EVTMASK0
ffffffff   ECM_EVTMASK1
ffffffff   ECM_EVTMASK2
ffffffff   ECM_EVTMASK3
0000000a   EVENT10
00000064   EVENT100
00000065   EVENT101
00000066   EVENT102
00000067   EVENT103
00000068   EVENT104
00000069   EVENT105
0000006a   EVENT106
0000006b   EVENT107
0000006c   EVENT108
0000006d   EVENT109
0000000b   EVENT11
0000006e   EVENT110
0000006f   EVENT111
00000070   EVENT112
00000071   EVENT113
00000072   EVENT114
00000073   EVENT115
00000074   EVENT116
00000075   EVENT117
00000076   EVENT118
00000077   EVENT119
0000000c   EVENT12
00000078   EVENT120
00000079   EVENT121
0000007a   EVENT122
0000007b   EVENT123
0000007c   EVENT124
0000007d   EVENT125
0000007e   EVENT126
0000007f   EVENT127
0000000d   EVENT13
0000000e   EVENT14
0000000f   EVENT15
00000010   EVENT16
00000011   EVENT17
00000012   EVENT18
00000013   EVENT19
00000014   EVENT20
00000015   EVENT21
00000016   EVENT22
00000017   EVENT23
00000018   EVENT24
00000019   EVENT25
0000001a   EVENT26
0000001b   EVENT27
0000001c   EVENT28
0000001d   EVENT29
0000001e   EVENT30
0000001f   EVENT31
00000020   EVENT32
00000021   EVENT33
00000022   EVENT34
00000023   EVENT35
00000024   EVENT36
00000025   EVENT37
00000026   EVENT38
00000027   EVENT39
00000004   EVENT4
00000028   EVENT40
00000029   EVENT41
0000002a   EVENT42
0000002b   EVENT43
0000002c   EVENT44
0000002d   EVENT45
0000002e   EVENT46
0000002f   EVENT47
00000030   EVENT48
00000031   EVENT49
00000005   EVENT5
00000032   EVENT50
00000033   EVENT51
00000034   EVENT52
00000035   EVENT53
00000036   EVENT54
00000037   EVENT55
00000038   EVENT56
00000039   EVENT57
0000003a   EVENT58
0000003b   EVENT59
00000006   EVENT6
0000003c   EVENT60
0000003d   EVENT61
0000003e   EVENT62
0000003f   EVENT63
00000040   EVENT64
00000041   EVENT65
00000042   EVENT66
00000043   EVENT67
00000044   EVENT68
00000045   EVENT69
00000007   EVENT7
00000046   EVENT70
00000047   EVENT71
00000048   EVENT72
00000049   EVENT73
0000004a   EVENT74
0000004b   EVENT75
0000004c   EVENT76
0000004d   EVENT77
0000004e   EVENT78
0000004f   EVENT79
00000008   EVENT8
00000050   EVENT80
00000051   EVENT81
00000052   EVENT82
00000053   EVENT83
00000054   EVENT84
00000055   EVENT85
00000056   EVENT86
00000057   EVENT87
00000058   EVENT88
00000059   EVENT89
00000009   EVENT9
0000005a   EVENT90
0000005b   EVENT91
0000005c   EVENT92
0000005d   EVENT93
0000005e   EVENT94
0000005f   EVENT95
00000060   EVENT96
00000061   EVENT97
00000062   EVENT98
00000063   EVENT99
1181f400   FXN_F_nop
1181f404   FXN_F_run
1181f440   FXN_F_zero
00000001   GBL$
00005205   GBL_A_VERSION
00000000   GBL_BCACHEREADADDR0
00000000   GBL_BCACHEREADADDR1
00000000   GBL_BCACHEREADADDR2
00000000   GBL_BIGENDIAN
00000000   GBL_CACHE
00000000   GBL_CALLCSLCFGINIT
00004e20   GBL_CLKIN
00001a5b   GBL_CLKTYPE
00001a5c   GBL_DSPSUBTYPE
0000003e   GBL_DSPTYPE
00000001   GBL_ENABLEINST
00000000   GBL_ENABLE_SK
00000042   GBL_FOOTPRINT
000493e0   GBL_FREQ
00000000   GBL_GEMTRUECOMPEN
00000007   GBL_L1DMODE
00000007   GBL_L1PMODE
00000001   GBL_L2CONFIGURE
00000000   GBL_L2MAR0_31
00000001   GBL_L2MAR128_159
00000000   GBL_L2MAR160_191
ffffffff   GBL_L2MAR192_223
00000000   GBL_L2MAR224_255
00000000   GBL_L2MAR32_63
00000000   GBL_L2MAR64_95
00000000   GBL_L2MAR96_127
00000000   GBL_L2MODE
00000000   GBL_NULL
00000000   GBL_PROCID
00000000   GBL_ROM
00000000   GBL_SUPPORTCSL
0000dbef   GBL_TRCMASKVALUE
00000000   GBL_USERINIT
1181f7a0   GBL_USERINITFXN
00000001   GBL_boot
11827928   GBL_initdone
11826b00   GBL_stackbeg
11826eff   GBL_stackend
00000000   GIO$
1181f7a0   GIO_CREATEFXN
1181f7a0   GIO_DELETEFXN
1181f7a0   GIO_PENDFXN
1181f7a0   GIO_POSTFXN
00000000   HOOK$
00000000   HOOK_KNLID
00000001   HST$
11824fc0   HST_A_TABBEG
11824ffc   HST_A_TABEND
00000000   HST_DSM
118271bc   HST_DSMBUFSEG
00000400   HST_DSMMEMSIZE
11827094   HST_D_chanmask
11827098   HST_D_tabbeg
1182709c   HST_D_tabend
000000ff   HST_MAXFRAMEALLOWED
00000040   HST_MAXFRAMESET
00000000   HST_NONE
00000001   HST_RTDX
00000001   HWI$
11827400   HWI_A_VECS
00005828   HWI_CFGDISPATCHED
11827208   HWI_D_bss
1182720c   HWI_D_ccmask
118271f8   HWI_D_spsave
00000001   HWI_ENABLE_EXC
1181c0e0   HWI_F_dispatch
00000000   HWI_GENERATE_RESET_VEC
0000000a   HWI_INT10
00000000   HWI_INT10$hwi
0000000b   HWI_INT11
00000000   HWI_INT11$hwi
0000000c   HWI_INT12
00000000   HWI_INT12$hwi
0000000d   HWI_INT13
00000000   HWI_INT13$hwi
0000000e   HWI_INT14
00000000   HWI_INT14$hwi
0000000f   HWI_INT15
00000000   HWI_INT15$hwi
00000004   HWI_INT4
00000000   HWI_INT4$hwi
00000005   HWI_INT5
00000000   HWI_INT5$hwi
00000006   HWI_INT6
00000000   HWI_INT6$hwi
00000007   HWI_INT7
00000000   HWI_INT7$hwi
00000008   HWI_INT8
00000000   HWI_INT8$hwi
00000009   HWI_INT9
00000000   HWI_INT9$hwi
07063d04   HWI_INTRMUX1
0b0a0908   HWI_INTRMUX2
28040d0c   HWI_INTRMUX3
00000001   HWI_NMI
00000000   HWI_NMI$hwi
00000000   HWI_POLARITYMASK
00000002   HWI_RESERVED0
00000000   HWI_RESERVED0$hwi
00000003   HWI_RESERVED1
00000000   HWI_RESERVED1$hwi
00000000   HWI_RESET
00000000   HWI_RESET$hwi
00000000   HWI_ZEROTAB
00000001   IDL$
118273f0   IDL_A_CALBEG
11825d70   IDL_A_TABBEG
00000006   IDL_CALIBRERROR
1181f6a0   IDL_CALIBRFXN
1182728c   IDL_D_busyObj
11827008   IDL_D_calbeg
11827004   IDL_D_calibrate
11827000   IDL_D_tabbeg
11825d7c   IDL_END
118273fc   IDL_END$
1181f4c0   IDL_F_busy
1181f320   IDL_F_calibrate
1181f7e0   IDL_F_loop
1181f6a0   IDL_F_stub
00000001   IDL_USECLKIDLTIME
118278b8   IDL_busyObj
1182676a   IDL_busyObj$avgfmt
00000001   IDL_busyObj$filter
00000001   IDL_busyObj$iA
00000000   IDL_busyObj$iB
00000001   IDL_busyObj$iC
11826764   IDL_busyObj$maxfmt
00000000   IDL_busyObj$operation
118278b4   IDL_busyObj$stsobj
11826767   IDL_busyObj$sumfmt
00000002   IDL_busyObj$unittype
11825d70   IDL_cpuLoad
118273f0   IDL_cpuLoad$
118271bc   IRAM
1181f880   IRAM$B
00002000   IRAM$L
00000001   ISRC$
1181e6f8   KNL_glue
118277f4   KNL_swi
00000001   KNL_swi$dorta
00000002   KNL_swi$ord
00000000   KNL_swi$pri
11827898   KNL_swi$sts
11826740   KNL_swi$sts$avgfmt
00000002   KNL_swi$sts$filter
00000001   KNL_swi$sts$filtmaxmult
00000001   KNL_swi$sts$filtsummult
11826730   KNL_swi$sts$maxfmt
11827894   KNL_swi$sts$stsobj
11826738   KNL_swi$sts$sumfmt
00000000   KNL_swi$sts$unittype
00000000   KNL_swi$swi
ffffffff   L3_CBA_RAM
00000001   LCK$
1181b5a0   LNK_F_checkBufferCall
1181b620   LNK_F_dataPump
1181b5c0   LNK_F_getChanPtr
1181b618   LNK_F_init
1181bb28   LNK_F_readCallBack
11825d74   LNK_dataPump
118273f4   LNK_dataPump$
11827214   LNK_dspFrameReadyMask
11827210   LNK_dspFrameRequestMask
1181b8a0   LNK_newin
1181b9d4   LNK_newout
1181b630   LNK_rcloop
1181b6f4   LNK_rdrtry
1182721c   LNK_readDone
11827220   LNK_readFail
11827218   LNK_readPend
1181b704   LNK_rrloop
11827224   LNK_writeFail
1181b7d0   LNK_wrloop
1181b7c4   LNK_wrrtry
00000001   LOG$
118273c0   LOG_A_TABBEG
118273f0   LOG_A_TABEND
00000002   LOG_A_TABLEN
1182700c   LOG_D_system
00000001   LOG_ENABLED
1181f2a0   LOG_F_event
118273c0   LOG_system
11825000   LOG_system$buf
00000000   LOG_system$datatype
00000000   LOG_system$log
00000200   LOG_system$size
00000000   MBX$
00000001   MEM$
118271bc   MEM_MALLOCSEG
00000000   MEM_NULL
118271bc   MEM_SEGZERO
00000000   MEM_USEMPC
00000001   MEM_gNumHeap
00000000   MSGQ$
00000000   MSGQ_USEMSGQ
00000000   OBJ$
00000000   PIP$
11827700   PIP_A_TABBEG
118277c8   PIP_A_TABEND
00000002   PIP_A_TABLEN
11827010   PIP_D_tabbeg
11827014   PIP_D_tablen
1181dd78   PIP_F_give
1181dd78   PIP_F_probe
1181de48   PIP_F_start
1181dd00   PIP_F_take
00000064   PIP_OBJSIZE
00000000   PIP_gNextId
00000002   PIP_gNumEmbed
00000000   POOL$
00000000   POOL_USEPOOL
00000001   PRD$
11822fd4   PRD0
11822ff0   PRD0$aaa
00000000   PRD0$mode
00000001   PRD0$ord
000001f4   PRD0$period
00000000   PRD0$prd
11827878   PRD0$sts
1182670b   PRD0$sts$avgfmt
00000000   PRD0$sts$filter
118266f9   PRD0$sts$maxfmt
11827874   PRD0$sts$stsobj
11826702   PRD0$sts$sumfmt
00000002   PRD0$sts$unittype
11822fd4   PRD_A_TABBEG
11822ff4   PRD_A_TABEND
00000001   PRD_A_TABLEN
11827050   PRD_D_cur
11827054   PRD_D_elapsed
11827058   PRD_D_prevtim
1182705c   PRD_D_scalar
11827060   PRD_D_swihandle
11827064   PRD_D_tabbeg
11827068   PRD_D_tablen
1182706c   PRD_D_thook
1182704c   PRD_D_tick
1181ca80   PRD_F_swi
1181cd04   PRD_F_tick
00000001   PRD_SCALAR
118277c8   PRD_SWIHANDLE
1181d914   PRD_THOOKFXN
1182792c   PRD_clock
118277c8   PRD_swi
00000001   PRD_swi$dorta
00000001   PRD_swi$ord
00000001   PRD_swi$pri
11827888   PRD_swi$sts
11826726   PRD_swi$sts$avgfmt
00000002   PRD_swi$sts$filter
00000001   PRD_swi$sts$filtmaxmult
00000001   PRD_swi$sts$filtsummult
11826716   PRD_swi$sts$maxfmt
11827884   PRD_swi$sts$stsobj
1182671e   PRD_swi$sts$sumfmt
00000000   PRD_swi$sts$unittype
00000000   PRD_swi$swi
00000001   PWRM$
00000030   PWRM_PWRM_CAPSMASK
0000000a   PWRM_PWRM_CLKTICKSPERSLOT
00000000   PWRM_PWRM_ENABLE
00000002   PWRM_PWRM_INITSPCPU
00000000   PWRM_PWRM_INITSPPER
00000000   PWRM_PWRM_LOADENABLE
00000001   PWRM_PWRM_NUMSLOTS
00000000   PWRM_PWRM_RESOURCETRACKING
00000000   PWRM_PWRM_SCALING
1181f7a0   PWRM_PWRM_SHAREDRESOURCEFXN
1181f7a0   PWRM_PWRM_SLOTHOOKFXN
00000000   PWRM_PWRM_TIMERIDNUM
00000000   PWRM_PWRM_TIMERINTRMASK
00000000   PWRM_PWRM_TIMERWUGENMASK
00000000   PWRM_PWRM_USERRESOURCES
00000000   PWRM_PWRM_USETIMER
00000001   QUE$
11827070   RTA_D_fromHost
11827078   RTA_D_logval
11827088   RTA_D_stsval
11827074   RTA_D_toHost
1181f6e0   RTA_F_andn
1181d160   RTA_F_dispatch
1181d080   RTA_F_getlog
1181d0b8   RTA_F_getsts
1181f6f8   RTA_F_or
1181d0f8   RTA_F_readblk
1181d120   RTA_F_resetmem
1181d114   RTA_F_writeword
11825d78   RTA_dispatcher
118273f8   RTA_dispatcher$
1181d1ac   RTA_execute
11824fc4   RTA_fromHost
11825d60   RTA_fromHost$buf
00000004   RTA_fromHost$framesize
00000000   RTA_fromHost$hst
00000001   RTA_fromHost$id
00000000   RTA_fromHost$mode
11827700   RTA_fromHost$pipe
11827730   RTA_fromHost$pipe$aaa
11827760   RTA_fromHost$pipe$bbb
118271c0   RTA_fromHost$pipe$dtab
11827704   RTA_fromHost$pipe$rd
11827734   RTA_fromHost$pipe$wr
11824fcc   RTA_fromHost$rtdx
11824fe0   RTA_toHost
11827600   RTA_toHost$buf
00000040   RTA_toHost$framesize
00000000   RTA_toHost$hst
00000000   RTA_toHost$id
00000001   RTA_toHost$mode
11827764   RTA_toHost$pipe
11827794   RTA_toHost$pipe$aaa
118277c4   RTA_toHost$pipe$bbb
118271cc   RTA_toHost$pipe$dtab
11827768   RTA_toHost$pipe$rd
11827798   RTA_toHost$pipe$wr
11824fe8   RTA_toHost$rtdx
00000001   RTDX$
00000408   RTDX_BUFMEMSIZE
118271bc   RTDX_DATAMEMSEG
00000000   RTDX_MODE
00000001   RTDX_NORMALIZED_HDR
00000001   RTDX_USERTDX
00000000   RTDX_USERTEXECUTION
00000000   SEM$
00000000   SIO$
00000001   STS$
11827874   STS_A_TABBEG
118278c4   STS_A_TABEND
1181f5ac   STS_F_add
1181f580   STS_F_delta
1181f5c8   STS_F_reset
00000001   SWI$
118277c8   SWI_A_TABBEG
11827820   SWI_A_TABEND
00000002   SWI_A_TABLEN
118270e4   SWI_D_curfxn
118270d4   SWI_D_curmask
118270e0   SWI_D_curmbox
118270d8   SWI_D_curset
118270d0   SWI_D_execaddr
118270ec   SWI_D_inswi
118270dc   SWI_D_lock
118270e8   SWI_D_rdybeg
118270f0   SWI_D_rdytab
118270cc   SWI_D_runaddr
00000000   SWI_EHOOKFXN
1181c7a4   SWI_EXECFXN
1181c5c0   SWI_F_enable
1181c7a4   SWI_F_exec
1181c7cc   SWI_F_iexec
1181c630   SWI_F_post
1181c84c   SWI_F_run
00000000   SWI_IHOOKFXN
1181c84c   SWI_RUNFXN
00000001   SYS$
11827910   SYS$config
1181f720   SYS_ABORTFXN
1181f820   SYS_ERRORFXN
1181f840   SYS_EXITFXN
1181f760   SYS_PUTCFXN
11827924   TRC_R_mask
11827920   TRC_cinit
00000001   TSK$
00000000   TSK_NUM_HOOKS
00000001   TSK_PRIORITY
00000000   TSK_READYFXN
00000000   TSK_STACKSEG
00000400   TSK_STACKSIZE
00000000   TSK_SWITCHFXN
1181f7a0   TSK_VCREATEFXN
1181f7a0   TSK_VDELETEFXN
1181f7a0   TSK_VEXITFXN
11822f80   TSK_idle
00000000   TSK_idle$ord
00000000   TSK_idle$pri
11826700   TSK_idle$stack
11826a98   TSK_idle$stkptr
118278a8   TSK_idle$sts
1182675a   TSK_idle$sts$avgfmt
00000002   TSK_idle$sts$filter
00000001   TSK_idle$sts$filtmaxmult
00000001   TSK_idle$sts$filtsummult
1182674a   TSK_idle$sts$maxfmt
118278a4   TSK_idle$sts$stsobj
11826752   TSK_idle$sts$sumfmt
00000000   TSK_idle$sts$unittype
00000000   TSK_idle$tsk
00000000   UDEV$
11814bc4   _AIC3106_Init
11814c78   _AIC3106_readRegister
11814ce4   _AIC3106_writeRegister
1181f7a0   _BCACHE_bootInit
1181eab4   _BCACHE_getMar
1181ea64   _BCACHE_getSize
1181ea34   _BCACHE_setCacheToSram
1181e9e4   _BCACHE_setMar
1181e9a0   _BCACHE_setSize
11825800   _BIOS_init
11825a30   _BIOS_start
ffffffff   _CACHE_L1D
ffffffff   _CACHE_L1P
000493e0   _CLK_COUNTSPMS
11827278   _CLK_DFLTMICROSECS
11827048   _CLK_D_countspms
1182703c   _CLK_D_dirty
1182727c   _CLK_D_microseconds
11827040   _CLK_D_prd
11827044   _CLK_D_tddr
1181e550   _CLK_F_itime
00005dc0   _CLK_PRD
01c20000   _CLK_REGS
00000000   _CLK_TDDR
00000000   _CLK_TIMERNUM
00000001   _CLK_USETIMER
1181f860   _CLK_gethtime
1182702c   _CLK_htimeDiv
11827030   _CLK_htimeMult
11827288   _CLK_htimePerLtime
1181137c   _CLK_inputClock
1181e550   _CLK_itime
11827034   _CLK_ltimeDiv
11827038   _CLK_ltimeMult
1181f640   _CLK_measure
ffffffff   _DDR
11818fe4   _DIP_get
11819048   _DIP_getAll
11818fc0   _DIP_init
0000000a   _EVENT10
00000064   _EVENT100
00000065   _EVENT101
00000066   _EVENT102
00000067   _EVENT103
00000068   _EVENT104
00000069   _EVENT105
0000006a   _EVENT106
0000006b   _EVENT107
0000006c   _EVENT108
0000006d   _EVENT109
0000000b   _EVENT11
0000006e   _EVENT110
0000006f   _EVENT111
00000070   _EVENT112
00000071   _EVENT113
00000072   _EVENT114
00000073   _EVENT115
00000074   _EVENT116
00000075   _EVENT117
00000076   _EVENT118
00000077   _EVENT119
0000000c   _EVENT12
00000078   _EVENT120
00000079   _EVENT121
0000007a   _EVENT122
0000007b   _EVENT123
0000007c   _EVENT124
0000007d   _EVENT125
0000007e   _EVENT126
0000007f   _EVENT127
0000000d   _EVENT13
0000000e   _EVENT14
0000000f   _EVENT15
00000010   _EVENT16
00000011   _EVENT17
00000012   _EVENT18
00000013   _EVENT19
00000014   _EVENT20
00000015   _EVENT21
00000016   _EVENT22
00000017   _EVENT23
00000018   _EVENT24
00000019   _EVENT25
0000001a   _EVENT26
0000001b   _EVENT27
0000001c   _EVENT28
0000001d   _EVENT29
0000001e   _EVENT30
0000001f   _EVENT31
00000020   _EVENT32
00000021   _EVENT33
00000022   _EVENT34
00000023   _EVENT35
00000024   _EVENT36
00000025   _EVENT37
00000026   _EVENT38
00000027   _EVENT39
00000004   _EVENT4
00000028   _EVENT40
00000029   _EVENT41
0000002a   _EVENT42
0000002b   _EVENT43
0000002c   _EVENT44
0000002d   _EVENT45
0000002e   _EVENT46
0000002f   _EVENT47
00000030   _EVENT48
00000031   _EVENT49
00000005   _EVENT5
00000032   _EVENT50
00000033   _EVENT51
00000034   _EVENT52
00000035   _EVENT53
00000036   _EVENT54
00000037   _EVENT55
00000038   _EVENT56
00000039   _EVENT57
0000003a   _EVENT58
0000003b   _EVENT59
00000006   _EVENT6
0000003c   _EVENT60
0000003d   _EVENT61
0000003e   _EVENT62
0000003f   _EVENT63
00000040   _EVENT64
00000041   _EVENT65
00000042   _EVENT66
00000043   _EVENT67
00000044   _EVENT68
00000045   _EVENT69
00000007   _EVENT7
00000046   _EVENT70
00000047   _EVENT71
00000048   _EVENT72
00000049   _EVENT73
0000004a   _EVENT74
0000004b   _EVENT75
0000004c   _EVENT76
0000004d   _EVENT77
0000004e   _EVENT78
0000004f   _EVENT79
00000008   _EVENT8
00000050   _EVENT80
00000051   _EVENT81
00000052   _EVENT82
00000053   _EVENT83
00000054   _EVENT84
00000055   _EVENT85
00000056   _EVENT86
00000057   _EVENT87
00000058   _EVENT88
00000059   _EVENT89
00000009   _EVENT9
0000005a   _EVENT90
0000005b   _EVENT91
0000005c   _EVENT92
0000005d   _EVENT93
0000005e   _EVENT94
0000005f   _EVENT95
00000060   _EVENT96
00000061   _EVENT97
00000062   _EVENT98
00000063   _EVENT99
11812d48   _EVMC6748_enableDsp
11812b60   _EVMC6748_init
11812b8c   _EVMC6748_initRAM
11812e10   _EVMC6748_lpscTransition
11812d74   _EVMC6748_pinmuxConfig
1181c0b0   _EXC_clearLastStatus
1181db20   _EXC_dispatch
1181bed4   _EXC_exceptionHandler
1182723c   _EXC_exceptionHook
1181bea0   _EXC_external
11827244   _EXC_externalHook
1181be80   _EXC_getLastStatus
1181be40   _EXC_init
1181bb94   _EXC_internal
11827240   _EXC_internalHook
1181bb60   _EXC_nmi
11827248   _EXC_nmiHook
118271e0   _EXC_returnPtr
1181dce4   _EXC_setReturnPtr
11811be8   _EXC_status
118271d8   _EXC_sysTrapTable
1181f7a0   _FXN_F_nop
1181f404   _FXN_F_run
1181f440   _FXN_F_zero
00000000   _GBL_CACHE
1181eb48   _GBL_cacheInit64P
118270a4   _GBL_clkIn
118270a8   _GBL_freq
1181f7c0   _GBL_getVersion
118270a0   _GBL_procId
11816038   _GPIO_getInput
11815fc0   _GPIO_setDir
118160ac   _GPIO_setOutput
1181612c   _GPIO_toggleLoop
1181a7e0   _HOSTclose
11819700   _HOSTlseek
11819b00   _HOSTopen
11819be0   _HOSTread
11818e40   _HOSTrename
1181a120   _HOSTunlink
1181a1e0   _HOSTwrite
11824000   _HSRTDX_rec
11824760   _HSRTDX_xmt
11824fc0   _HST_A_TABBEG
11824ffc   _HST_A_TABEND
00005828   _HWI_CFGDISPATCHED
11827204   _HWI_D_inhwi
118271f8   _HWI_D_spsave
1181c0e0   _HWI_F_dispatch
0000000a   _HWI_INT10
0000000b   _HWI_INT11
0000000c   _HWI_INT12
0000000d   _HWI_INT13
0000000e   _HWI_INT14
0000000f   _HWI_INT15
00000004   _HWI_INT4
00000005   _HWI_INT5
00000006   _HWI_INT6
00000007   _HWI_INT7
00000008   _HWI_INT8
00000009   _HWI_INT9
00000001   _HWI_NMI
00000002   _HWI_RESERVED0
00000003   _HWI_RESERVED1
00000000   _HWI_RESET
11826ef8   _HWI_STKBOTTOM
11826b00   _HWI_STKTOP
118271f8   _HWI_data
1181f460   _HWI_disable
11826f00   _HWI_dispatchTab
1181f478   _HWI_enable
1181f48c   _HWI_restore
118153d4   _I2CGPIO_getInput
118154f0   _I2CGPIO_getInputAll
11815300   _I2CGPIO_init
11815600   _I2CGPIO_setOutput
11815748   _I2CGPIO_setOutputAll
11816340   _I2C_init
1181642c   _I2C_read
11816588   _I2C_write
118278b8   _IDL_busyObj
11825d70   _IDL_cpuLoad
1181f7e0   _IDL_loop
118271bc   _IRAM
1181f880   _IRAM_base
00002000   _IRAM_length
11827170   _KNL_alarm
1181ec00   _KNL_check
11827194   _KNL_curqueue
11827184   _KNL_curtask
1182718c   _KNL_curtime
118119f0   _KNL_dummy
1181ef60   _KNL_enter
1181ef20   _KNL_exit
1181ecc8   _KNL_idle
118271ac   _KNL_idlefxn
11827178   _KNL_inactive
1181f120   _KNL_ipost
1181ecf0   _KNL_max
11827198   _KNL_maxqueue
1181f1a0   _KNL_post
11827188   _KNL_prevtask
1182717c   _KNL_priority
11811950   _KNL_queues
1181d300   _KNL_run
1181e5a0   _KNL_saveIsrFrame
11827180   _KNL_set
11827174   _KNL_setpri
118277f4   _KNL_swi
11827190   _KNL_swiptr
1181e64c   _KNL_switch
118271a0   _KNL_tcreatefxn
118271a4   _KNL_tdeletefxn
1181d914   _KNL_tick
118271a8   _KNL_treadyfxn
1182719c   _KNL_tswitchfxn
11827168   _KNL_wFlag
1182716c   _KNL_wList
ffffffff   _L3_CBA_RAM
1181f240   _LCK_pend
1181f220   _LCK_post
11818900   _LED_init
1181894c   _LED_isOn
11818a4c   _LED_toggle
11818a04   _LED_turnOff
118189b4   _LED_turnOn
11825d74   _LNK_dataPump
11827214   _LNK_dspFrameReadyMask
11827210   _LNK_dspFrameRequestMask
1182721c   _LNK_readDone
11827220   _LNK_readFail
11827218   _LNK_readPend
11827224   _LNK_writeFail
118273c0   _LOG_A_TABBEG
118273f0   _LOG_A_TABEND
00000002   _LOG_A_TABLEN
1182700c   _LOG_D_system
1181f2a0   _LOG_event
118273c0   _LOG_system
11827290   _MEM
118270ac   _MEM_D_NUMSEGMENTS
118270b4   _MEM_D_freelist
118270b8   _MEM_D_lockaddr
118270b0   _MEM_D_memtab
118270bc   _MEM_D_unlockaddr
1181d540   _MEM_alloc
1181d940   _MEM_free
11825c40   _MEM_init
118271b0   _MEM_memtab
1181492c   _McASP_Init
11814a54   _McASP_Start
11811ac0   _OBJ_segtab
11811a88   _OBJ_table
11827700   _PIP_A_TABBEG
118277c8   _PIP_A_TABEND
11822fd4   _PRD0
1182704c   _PRD_D_tick
1182792c   _PRD_clock
118277c8   _PRD_swi
11825d78   _RTA_dispatcher
11824fc4   _RTA_fromHost
11824fe0   _RTA_toHost
11825e00   _RTDX_Buffer
1182620c   _RTDX_Buffer_End
11824de0   _RTDX_Buffer_Initialize
11824f60   _RTDX_Buffer_Read
11824ea0   _RTDX_Buffer_ReadCB
11824ee0   _RTDX_Buffer_Size
11826208   _RTDX_Buffer_Start
11824f80   _RTDX_Buffer_Write
118242a0   _RTDX_Buffer_WriteCB
11824d60   _RTDX_Final_RT_Monitor
11824e40   _RTDX_Init_RT_Monitor
00000002   _RTDX_JTAGONLY
11824fa0   _RTDX_Mask_IER
11824a60   _RTDX_Mon_Queue
11824cc0   _RTDX_Poll
00000000   _RTDX_interrupt_mask
11824f20   _RTDX_memfill
11826260   _RTDX_writing
118271bc   _SEG0
1181f520   _SEM_pend
1181dee0   _SEM_pendEnterKnl
1181ee40   _SEM_post
1181ee40   _SEM_postBinary
1181efe0   _SEM_postEnterKnl
11827874   _STS_A_TABBEG
118278c4   _STS_A_TABEND
1181f5ac   _STS_add
1181f580   _STS_delta
1181f5c8   _STS_reset
1181f800   _STS_set
118270e4   _SWI_D_curfxn
118270d4   _SWI_D_curmask
118270d8   _SWI_D_curset
118270d0   _SWI_D_execaddr
118270ec   _SWI_D_inswi
118270dc   _SWI_D_lock
118270e8   _SWI_D_rdybeg
118270cc   _SWI_D_runaddr
118270cc   _SWI_data
1181c630   _SWI_post
118270c0   _SYS
11822d74   _SYS_PUTCBEG
11822f73   _SYS_PUTCEND
1181f5e0   _SYS_abort
1181f3a0   _SYS_error
1181f080   _SYS_exit
11811bb0   _SYS_exitStack
11827280   _SYS_exitStackPtr
11827284   _SYS_exitStackTop
11814da4   _SetGpio
11827924   _TRC_R_mask
11827274   _TSK
11811a28   _TSK_ATTRS
11811a44   _TSK_config
1181e860   _TSK_exit
11822f80   _TSK_idle
11825d00   _TSK_init
1182726c   _TSK_nTasks
11827270   _TSK_pid
1181e260   _TSK_setup
1181edc4   _TSK_startup
11811a64   _TSK_timerSem
11814d18   _USTIMER_delay
11813760   _UTIL_isUIBoardAttached
11813608   _UTIL_printMem
1181f720   _UTL_doAbort
1181f820   _UTL_doError
1181f760   _UTL_doPutc
1181f840   _UTL_halt
118272a0   __CIOBUF_
1181e570   __CLK_lat1beg
1181e590   __CLK_lat1end
118270c8   __HOOK_NUMHOOKS
118270c4   __HOOK_knlId
1181c0e0   __HWI_lat1beg
1181c268   __HWI_lat1end
1181c268   __HWI_lat2beg
1181c444   __HWI_lat2end1
1181c3d0   __HWI_lat2end2
1181c460   __HWI_lat3beg
1181c400   __HWI_lat3end2
1181f4c0   __IDL_lat1beg
1181f500   __IDL_lat1end
1181ec4c   __KNL_lat1beg
1181ecc8   __KNL_lat1end
1181f2a0   __LOG_lat1beg
11811b04   __MEM_mutex
1181d120   __RTA_lat1beg
1181d154   __RTA_lat1end
1181e0c0   __SEM_dopost
11826f00   __STACK_END
00000400   __STACK_SIZE
1181c738   __SWI_lat1beg
1181c7e4   __SWI_lat1end
1181c7e8   __SWI_lat2beg
1181c848   __SWI_lat2end
1181c5c0   __SWI_lat3beg
1181c62c   __SWI_lat3end
11811adc   __TSK_mutex
11811c2c   ___TI_enable_exit_profile_output
ffffffff   ___TI_pprof_out_hndl
ffffffff   ___TI_prof_data_size
ffffffff   ___TI_prof_data_start
1181b320   ___add_dtor
118116a8   ___atexit_func_id__
ffffffff   ___binit__
11826f00   ___bss__
ffffffff   ___c_args__
11821880   ___cinit__
11800000   ___data__
11800000   ___edata__
1182729c   ___end__
1181b5a0   ___etext__
1181b360   ___isinf
11822ff4   ___pinit__
11811c40   ___text__
1181e720   __auto_init
11819cc0   __c6xabi_divi
1181a360   __c6xabi_divu
1181a4e0   __c6xabi_remi
1181a880   __cleanup
11811c24   __cleanup_ptr
118193a0   __closefile
11826410   __ctypes_
11813d80   __divd
118174c0   __divf
11819cc0   __divi
1181a920   __divli
1181a360   __divu
11818ca0   __divul
118179c0   __divull
1181a420   __doflush
11811c28   __dtors_ptr
1181ab00   __fixdli
1181b000   __fltlid
1181b3e0   __frcmpyd_div
118116a0   __ft_end
11811380   __ftable
1181b080   __llshl
1181b420   __llshru
11811c30   __lock
1181b4a0   __negll
1181b4c0   __nop
1181aba0   __nround
118157e0   __printfi
1181b520   __register_lock
1181b540   __register_unlock
1181a4e0   __remi
1181b460   __remli
11826b00   __stack
1181b200   __subcull
11811560   __tmpnams
1181b560   __trunc
11811c34   __unlock
11819800   __wrt_ok
118000d8   _aHigh
11800078   _aLow
11800098   _aMid
118000b8   _aPres
1181a5a0   _atexit
11819da0   _atoi
118138d4   _audioHWI
118000e8   _bHigh
11800088   _bLow
118000a8   _bMid
118000c8   _bPres
1180d180   _b_fir
11826518   _bitval_u32
11805180   _buffer
11825b80   _c_int00
11800000   _cab
11809180   _cabFFT
11819900   _call_dtors
1181d02c   _calloc
11819e80   _close
118131e8   _config_pll0
11813424   _config_pll1
118169e0   _cos
118137c4   _dipPRD
1182722f   _dist
11811a84   _dtors
1182722a   _eqBypass
11800180   _eqSignal
118116a4   _errno
11827230   _fft
11801180   _fftSignal
118182e0   _fputc
11815c20   _fputs
1181ce00   _free
118195e0   _fseek
1181130c   _high
1182722e   _highCut
11827234   _ifft
118148c4   _initAll
11812a38   _kiss_fft
11812880   _kiss_fft_alloc
11812a48   _kiss_fft_cleanup
11812a4c   _kiss_fft_next_fast_size
118129a4   _kiss_fft_stride
118111bc   _low
1182722b   _lowCut
1181ad80   _lseek
1181a660   _ltoa
11813780   _main
1181ce24   _malloc
11827228   _mask
1181cf68   _memalign
1181b260   _memccpy
1181ae20   _memcpy
11819f60   _memset
1181122c   _mid
1182722c   _midCut
1181aec0   _modf
1181129c   _pres
1182722d   _presCut
1181a040   _printf
118182e0   _putc
118148a0   _read_audio_sample
1181b100   _readmsg
1181ce84   _realloc
1181b580   _remove
11827254   _rtdxNullChanCnt
11827258   _rtdxNullFuncCnt
11827260   _rtdxRecNotDoneCnt
11827268   _rtdxXmtErrorCnt
1182725c   _rtdxXmtNotDoneCnt
11827264   _rtdxXmtRestartCnt
11826254   _rtdx_buffer_state
11826210   _rtdx_mon_state
11818700   _setvbuf
11817740   _sin
118000f8   _sine
11819a00   _sqrt
118273d8   _trace
1181b180   _unlink
118111b0   _wHigh
11811180   _wLow
11811190   _wMid
118111a0   _wPres
1181af60   _write
11827238   _writeIndex
118148b0   _write_audio_sample
1181b2c0   _writemsg
ffffffff   binit
11821880   cinit
11800000   edata
1182729c   end
1181b5a0   etext
11827400   hwi0
11827420   hwi1
11827540   hwi10
11827560   hwi11
11827580   hwi12
118275a0   hwi13
118275c0   hwi14
118275e0   hwi15
11827440   hwi2
11827460   hwi3
11827480   hwi4
118274a0   hwi5
118274c0   hwi6
118274e0   hwi7
11827500   hwi8
11827520   hwi9
11822ff4   pinit
118273d8   trace
11823000   trace$buf
00000001   trace$datatype
00000000   trace$log
00000400   trace$size


GLOBAL SYMBOLS: SORTED BY Symbol Address 

address    name
--------   ----
00000000   BUF$
00000000   CLK_PRDHIGH
00000000   CLK_TDDR
00000000   CLK_TDDRHIGH
00000000   CLK_TIMERNUM
00000000   DEV$
00000000   DGN$
00000000   DHL$
00000000   DHL_gChannelsAvailable
00000000   DIO$
00000000   DIO_NUMSWIBASE
00000000   DIO_NUMTSKBASE
00000000   DIO_STATIC
00000000   DPI$
00000000   ECM$
00000000   ECM_ENABLE
00000000   GBL_BCACHEREADADDR0
00000000   GBL_BCACHEREADADDR1
00000000   GBL_BCACHEREADADDR2
00000000   GBL_BIGENDIAN
00000000   GBL_CACHE
00000000   GBL_CALLCSLCFGINIT
00000000   GBL_ENABLE_SK
00000000   GBL_GEMTRUECOMPEN
00000000   GBL_L2MAR0_31
00000000   GBL_L2MAR160_191
00000000   GBL_L2MAR224_255
00000000   GBL_L2MAR32_63
00000000   GBL_L2MAR64_95
00000000   GBL_L2MAR96_127
00000000   GBL_L2MODE
00000000   GBL_NULL
00000000   GBL_PROCID
00000000   GBL_ROM
00000000   GBL_SUPPORTCSL
00000000   GBL_USERINIT
00000000   GIO$
00000000   HOOK$
00000000   HOOK_KNLID
00000000   HST_DSM
00000000   HST_NONE
00000000   HWI_GENERATE_RESET_VEC
00000000   HWI_INT10$hwi
00000000   HWI_INT11$hwi
00000000   HWI_INT12$hwi
00000000   HWI_INT13$hwi
00000000   HWI_INT14$hwi
00000000   HWI_INT15$hwi
00000000   HWI_INT4$hwi
00000000   HWI_INT5$hwi
00000000   HWI_INT6$hwi
00000000   HWI_INT7$hwi
00000000   HWI_INT8$hwi
00000000   HWI_INT9$hwi
00000000   HWI_NMI$hwi
00000000   HWI_POLARITYMASK
00000000   HWI_RESERVED0$hwi
00000000   HWI_RESERVED1$hwi
00000000   HWI_RESET
00000000   HWI_RESET$hwi
00000000   HWI_ZEROTAB
00000000   IDL_busyObj$iB
00000000   IDL_busyObj$operation
00000000   KNL_swi$pri
00000000   KNL_swi$sts$unittype
00000000   KNL_swi$swi
00000000   LOG_system$datatype
00000000   LOG_system$log
00000000   MBX$
00000000   MEM_NULL
00000000   MEM_USEMPC
00000000   MSGQ$
00000000   MSGQ_USEMSGQ
00000000   OBJ$
00000000   PIP$
00000000   PIP_gNextId
00000000   POOL$
00000000   POOL_USEPOOL
00000000   PRD0$mode
00000000   PRD0$prd
00000000   PRD0$sts$filter
00000000   PRD_swi$sts$unittype
00000000   PRD_swi$swi
00000000   PWRM_PWRM_ENABLE
00000000   PWRM_PWRM_INITSPPER
00000000   PWRM_PWRM_LOADENABLE
00000000   PWRM_PWRM_RESOURCETRACKING
00000000   PWRM_PWRM_SCALING
00000000   PWRM_PWRM_TIMERIDNUM
00000000   PWRM_PWRM_TIMERINTRMASK
00000000   PWRM_PWRM_TIMERWUGENMASK
00000000   PWRM_PWRM_USERRESOURCES
00000000   PWRM_PWRM_USETIMER
00000000   RTA_fromHost$hst
00000000   RTA_fromHost$mode
00000000   RTA_toHost$hst
00000000   RTA_toHost$id
00000000   RTDX_MODE
00000000   RTDX_USERTEXECUTION
00000000   SEM$
00000000   SIO$
00000000   SWI_EHOOKFXN
00000000   SWI_IHOOKFXN
00000000   TSK_NUM_HOOKS
00000000   TSK_READYFXN
00000000   TSK_STACKSEG
00000000   TSK_SWITCHFXN
00000000   TSK_idle$ord
00000000   TSK_idle$pri
00000000   TSK_idle$sts$unittype
00000000   TSK_idle$tsk
00000000   UDEV$
00000000   _CLK_TDDR
00000000   _CLK_TIMERNUM
00000000   _GBL_CACHE
00000000   _HWI_RESET
00000000   _RTDX_interrupt_mask
00000000   trace$log
00000001   BUF_ENABLED
00000001   CLK$
00000001   CLK_CALDIV
00000001   CLK_CALMULT
00000001   CLK_ENABLEHTIME
00000001   CLK_HTIMEDIV
00000001   CLK_HTIMEMULT
00000001   CLK_LTIMEDIV
00000001   CLK_POWERENABLE
00000001   CLK_RESETTIMER
00000001   CLK_USETIMER
00000001   GBL$
00000001   GBL_ENABLEINST
00000001   GBL_L2CONFIGURE
00000001   GBL_L2MAR128_159
00000001   GBL_boot
00000001   HST$
00000001   HST_RTDX
00000001   HWI$
00000001   HWI_ENABLE_EXC
00000001   HWI_NMI
00000001   IDL$
00000001   IDL_USECLKIDLTIME
00000001   IDL_busyObj$filter
00000001   IDL_busyObj$iA
00000001   IDL_busyObj$iC
00000001   ISRC$
00000001   KNL_swi$dorta
00000001   KNL_swi$sts$filtmaxmult
00000001   KNL_swi$sts$filtsummult
00000001   LCK$
00000001   LOG$
00000001   LOG_ENABLED
00000001   MEM$
00000001   MEM_gNumHeap
00000001   PRD$
00000001   PRD0$ord
00000001   PRD_A_TABLEN
00000001   PRD_SCALAR
00000001   PRD_swi$dorta
00000001   PRD_swi$ord
00000001   PRD_swi$pri
00000001   PRD_swi$sts$filtmaxmult
00000001   PRD_swi$sts$filtsummult
00000001   PWRM$
00000001   PWRM_PWRM_NUMSLOTS
00000001   QUE$
00000001   RTA_fromHost$id
00000001   RTA_toHost$mode
00000001   RTDX$
00000001   RTDX_NORMALIZED_HDR
00000001   RTDX_USERTDX
00000001   STS$
00000001   SWI$
00000001   SYS$
00000001   TSK$
00000001   TSK_PRIORITY
00000001   TSK_idle$sts$filtmaxmult
00000001   TSK_idle$sts$filtsummult
00000001   _CLK_USETIMER
00000001   _HWI_NMI
00000001   trace$datatype
00000002   HWI_RESERVED0
00000002   IDL_busyObj$unittype
00000002   KNL_swi$ord
00000002   KNL_swi$sts$filter
00000002   LOG_A_TABLEN
00000002   PIP_A_TABLEN
00000002   PIP_gNumEmbed
00000002   PRD0$sts$unittype
00000002   PRD_swi$sts$filter
00000002   PWRM_PWRM_INITSPCPU
00000002   SWI_A_TABLEN
00000002   TSK_idle$sts$filter
00000002   _HWI_RESERVED0
00000002   _LOG_A_TABLEN
00000002   _RTDX_JTAGONLY
00000003   HWI_RESERVED1
00000003   _HWI_RESERVED1
00000004   CLK_COUNTSPMSHIGH
00000004   EVENT4
00000004   HWI_INT4
00000004   RTA_fromHost$framesize
00000004   _EVENT4
00000004   _HWI_INT4
00000005   CLK_TIMMODE
00000005   EVENT5
00000005   HWI_INT5
00000005   _EVENT5
00000005   _HWI_INT5
00000006   EVENT6
00000006   HWI_INT6
00000006   IDL_CALIBRERROR
00000006   _EVENT6
00000006   _HWI_INT6
00000007   EVENT7
00000007   GBL_L1DMODE
00000007   GBL_L1PMODE
00000007   HWI_INT7
00000007   _EVENT7
00000007   _HWI_INT7
00000008   EVENT8
00000008   HWI_INT8
00000008   _EVENT8
00000008   _HWI_INT8
00000009   EVENT9
00000009   HWI_INT9
00000009   _EVENT9
00000009   _HWI_INT9
0000000a   EVENT10
0000000a   HWI_INT10
0000000a   PWRM_PWRM_CLKTICKSPERSLOT
0000000a   _EVENT10
0000000a   _HWI_INT10
0000000b   EVENT11
0000000b   HWI_INT11
0000000b   _EVENT11
0000000b   _HWI_INT11
0000000c   EVENT12
0000000c   HWI_INT12
0000000c   _EVENT12
0000000c   _HWI_INT12
0000000d   EVENT13
0000000d   HWI_INT13
0000000d   _EVENT13
0000000d   _HWI_INT13
0000000e   EVENT14
0000000e   HWI_INT14
0000000e   _EVENT14
0000000e   _HWI_INT14
0000000f   EVENT15
0000000f   HWI_INT15
0000000f   _EVENT15
0000000f   _HWI_INT15
00000010   EVENT16
00000010   _EVENT16
00000011   EVENT17
00000011   _EVENT17
00000012   EVENT18
00000012   _EVENT18
00000013   EVENT19
00000013   _EVENT19
00000014   EVENT20
00000014   _EVENT20
00000015   EVENT21
00000015   _EVENT21
00000016   EVENT22
00000016   _EVENT22
00000017   EVENT23
00000017   _EVENT23
00000018   EVENT24
00000018   _EVENT24
00000019   EVENT25
00000019   _EVENT25
0000001a   EVENT26
0000001a   _EVENT26
0000001b   EVENT27
0000001b   _EVENT27
0000001c   EVENT28
0000001c   _EVENT28
0000001d   EVENT29
0000001d   _EVENT29
0000001e   EVENT30
0000001e   _EVENT30
0000001f   EVENT31
0000001f   _EVENT31
00000020   CLK_TCR
00000020   EVENT32
00000020   _EVENT32
00000021   EVENT33
00000021   _EVENT33
00000022   EVENT34
00000022   _EVENT34
00000023   EVENT35
00000023   _EVENT35
00000024   EVENT36
00000024   _EVENT36
00000025   EVENT37
00000025   _EVENT37
00000026   EVENT38
00000026   _EVENT38
00000027   EVENT39
00000027   _EVENT39
00000028   EVENT40
00000028   _EVENT40
00000029   EVENT41
00000029   _EVENT41
0000002a   EVENT42
0000002a   _EVENT42
0000002b   EVENT43
0000002b   _EVENT43
0000002c   EVENT44
0000002c   _EVENT44
0000002d   EVENT45
0000002d   _EVENT45
0000002e   EVENT46
0000002e   _EVENT46
0000002f   EVENT47
0000002f   _EVENT47
00000030   EVENT48
00000030   PWRM_PWRM_CAPSMASK
00000030   _EVENT48
00000031   EVENT49
00000031   _EVENT49
00000032   EVENT50
00000032   _EVENT50
00000033   EVENT51
00000033   _EVENT51
00000034   EVENT52
00000034   _EVENT52
00000035   EVENT53
00000035   _EVENT53
00000036   EVENT54
00000036   _EVENT54
00000037   EVENT55
00000037   _EVENT55
00000038   EVENT56
00000038   _EVENT56
00000039   EVENT57
00000039   _EVENT57
0000003a   EVENT58
0000003a   _EVENT58
0000003b   EVENT59
0000003b   _EVENT59
0000003c   EVENT60
0000003c   _EVENT60
0000003d   EVENT61
0000003d   _EVENT61
0000003e   EVENT62
0000003e   GBL_DSPTYPE
0000003e   _EVENT62
0000003f   EVENT63
0000003f   _EVENT63
00000040   EVENT64
00000040   HST_MAXFRAMESET
00000040   RTA_toHost$framesize
00000040   _EVENT64
00000041   EVENT65
00000041   _EVENT65
00000042   EVENT66
00000042   GBL_FOOTPRINT
00000042   _EVENT66
00000043   EVENT67
00000043   _EVENT67
00000044   EVENT68
00000044   _EVENT68
00000045   EVENT69
00000045   _EVENT69
00000046   EVENT70
00000046   _EVENT70
00000047   EVENT71
00000047   _EVENT71
00000048   EVENT72
00000048   _EVENT72
00000049   EVENT73
00000049   _EVENT73
0000004a   EVENT74
0000004a   _EVENT74
0000004b   EVENT75
0000004b   _EVENT75
0000004c   EVENT76
0000004c   _EVENT76
0000004d   EVENT77
0000004d   _EVENT77
0000004e   EVENT78
0000004e   _EVENT78
0000004f   EVENT79
0000004f   _EVENT79
00000050   EVENT80
00000050   _EVENT80
00000051   EVENT81
00000051   _EVENT81
00000052   EVENT82
00000052   _EVENT82
00000053   EVENT83
00000053   _EVENT83
00000054   EVENT84
00000054   _EVENT84
00000055   EVENT85
00000055   _EVENT85
00000056   EVENT86
00000056   _EVENT86
00000057   EVENT87
00000057   _EVENT87
00000058   EVENT88
00000058   _EVENT88
00000059   EVENT89
00000059   _EVENT89
0000005a   EVENT90
0000005a   _EVENT90
0000005b   EVENT91
0000005b   _EVENT91
0000005c   EVENT92
0000005c   _EVENT92
0000005d   EVENT93
0000005d   _EVENT93
0000005e   EVENT94
0000005e   _EVENT94
0000005f   EVENT95
0000005f   _EVENT95
00000060   EVENT96
00000060   _EVENT96
00000061   EVENT97
00000061   _EVENT97
00000062   EVENT98
00000062   _EVENT98
00000063   EVENT99
00000063   _EVENT99
00000064   EVENT100
00000064   PIP_OBJSIZE
00000064   _EVENT100
00000065   EVENT101
00000065   _EVENT101
00000066   EVENT102
00000066   _EVENT102
00000067   EVENT103
00000067   _EVENT103
00000068   EVENT104
00000068   _EVENT104
00000069   EVENT105
00000069   _EVENT105
0000006a   EVENT106
0000006a   _EVENT106
0000006b   EVENT107
0000006b   _EVENT107
0000006c   EVENT108
0000006c   _EVENT108
0000006d   EVENT109
0000006d   _EVENT109
0000006e   EVENT110
0000006e   _EVENT110
0000006f   EVENT111
0000006f   _EVENT111
00000070   EVENT112
00000070   _EVENT112
00000071   EVENT113
00000071   _EVENT113
00000072   EVENT114
00000072   _EVENT114
00000073   EVENT115
00000073   _EVENT115
00000074   EVENT116
00000074   _EVENT116
00000075   EVENT117
00000075   _EVENT117
00000076   EVENT118
00000076   _EVENT118
00000077   EVENT119
00000077   _EVENT119
00000078   EVENT120
00000078   _EVENT120
00000079   EVENT121
00000079   _EVENT121
0000007a   EVENT122
0000007a   _EVENT122
0000007b   EVENT123
0000007b   _EVENT123
0000007c   EVENT124
0000007c   _EVENT124
0000007d   EVENT125
0000007d   _EVENT125
0000007e   EVENT126
0000007e   _EVENT126
0000007f   EVENT127
0000007f   _EVENT127
000000ff   HST_MAXFRAMEALLOWED
000001f4   PRD0$period
00000200   LOG_system$size
000003e8   CLK_MICROSECS
00000400   HST_DSMMEMSIZE
00000400   TSK_STACKSIZE
00000400   __STACK_SIZE
00000400   trace$size
00000408   RTDX_BUFMEMSIZE
00001a5b   GBL_CLKTYPE
00001a5c   GBL_DSPSUBTYPE
00002000   IRAM$L
00002000   _IRAM_length
00004000   CLK_INTBIT
00004e20   GBL_CLKIN
00005205   GBL_A_VERSION
00005828   HWI_CFGDISPATCHED
00005828   _HWI_CFGDISPATCHED
00005dc0   CLK_INPUTCLK
00005dc0   CLK_PRD
00005dc0   _CLK_PRD
0000dbef   GBL_TRCMASKVALUE
000493e0   CLK_COUNTSPMS
000493e0   CLK_HTIMEPERLTIME
000493e0   CLK_LTIMEMULT
000493e0   GBL_FREQ
000493e0   _CLK_COUNTSPMS
01c20000   CLK_REGS
01c20000   _CLK_REGS
07063d04   HWI_INTRMUX1
0b0a0908   HWI_INTRMUX2
11800000   .data
11800000   ___data__
11800000   ___edata__
11800000   _cab
11800000   edata
11800078   _aLow
11800088   _bLow
11800098   _aMid
118000a8   _bMid
118000b8   _aPres
118000c8   _bPres
118000d8   _aHigh
118000e8   _bHigh
118000f8   _sine
11800180   _eqSignal
11801180   _fftSignal
11805180   _buffer
11809180   _cabFFT
1180d180   _b_fir
11811180   _wLow
11811190   _wMid
118111a0   _wPres
118111b0   _wHigh
118111bc   _low
1181122c   _mid
1181129c   _pres
1181130c   _high
1181137c   _CLK_inputClock
11811380   __ftable
11811560   __tmpnams
118116a0   __ft_end
118116a4   _errno
118116a8   ___atexit_func_id__
11811950   _KNL_queues
118119f0   _KNL_dummy
11811a28   _TSK_ATTRS
11811a44   _TSK_config
11811a64   _TSK_timerSem
11811a84   _dtors
11811a88   _OBJ_table
11811ac0   _OBJ_segtab
11811adc   __TSK_mutex
11811b04   __MEM_mutex
11811bb0   _SYS_exitStack
11811be8   _EXC_status
11811c24   __cleanup_ptr
11811c28   __dtors_ptr
11811c2c   ___TI_enable_exit_profile_output
11811c30   __lock
11811c34   __unlock
11811c40   .text
11811c40   ___text__
11812880   _kiss_fft_alloc
118129a4   _kiss_fft_stride
11812a38   _kiss_fft
11812a48   _kiss_fft_cleanup
11812a4c   _kiss_fft_next_fast_size
11812b60   _EVMC6748_init
11812b8c   _EVMC6748_initRAM
11812d48   _EVMC6748_enableDsp
11812d74   _EVMC6748_pinmuxConfig
11812e10   _EVMC6748_lpscTransition
118131e8   _config_pll0
11813424   _config_pll1
11813608   _UTIL_printMem
11813760   _UTIL_isUIBoardAttached
11813780   _main
118137c4   _dipPRD
118138d4   _audioHWI
11813d80   __divd
118148a0   _read_audio_sample
118148b0   _write_audio_sample
118148c4   _initAll
1181492c   _McASP_Init
11814a54   _McASP_Start
11814bc4   _AIC3106_Init
11814c78   _AIC3106_readRegister
11814ce4   _AIC3106_writeRegister
11814d18   _USTIMER_delay
11814da4   _SetGpio
11815300   _I2CGPIO_init
118153d4   _I2CGPIO_getInput
118154f0   _I2CGPIO_getInputAll
11815600   _I2CGPIO_setOutput
11815748   _I2CGPIO_setOutputAll
118157e0   __printfi
11815c20   _fputs
11815fc0   _GPIO_setDir
11816038   _GPIO_getInput
118160ac   _GPIO_setOutput
1181612c   _GPIO_toggleLoop
11816340   _I2C_init
1181642c   _I2C_read
11816588   _I2C_write
118169e0   _cos
118174c0   __divf
11817740   _sin
118179c0   __divull
118182e0   _fputc
118182e0   _putc
11818700   _setvbuf
11818900   _LED_init
1181894c   _LED_isOn
118189b4   _LED_turnOn
11818a04   _LED_turnOff
11818a4c   _LED_toggle
11818ca0   __divul
11818e40   _HOSTrename
11818fc0   _DIP_init
11818fe4   _DIP_get
11819048   _DIP_getAll
118193a0   __closefile
118195e0   _fseek
11819700   _HOSTlseek
11819800   __wrt_ok
11819900   _call_dtors
11819a00   _sqrt
11819b00   _HOSTopen
11819be0   _HOSTread
11819cc0   __c6xabi_divi
11819cc0   __divi
11819da0   _atoi
11819e80   _close
11819f60   _memset
1181a040   _printf
1181a120   _HOSTunlink
1181a1e0   _HOSTwrite
1181a360   __c6xabi_divu
1181a360   __divu
1181a420   __doflush
1181a4e0   __c6xabi_remi
1181a4e0   __remi
1181a5a0   _atexit
1181a660   _ltoa
1181a7e0   _HOSTclose
1181a880   __cleanup
1181a920   __divli
1181ab00   __fixdli
1181aba0   __nround
1181ad80   _lseek
1181ae20   _memcpy
1181aec0   _modf
1181af60   _write
1181b000   __fltlid
1181b080   __llshl
1181b100   _readmsg
1181b180   _unlink
1181b200   __subcull
1181b260   _memccpy
1181b2c0   _writemsg
1181b318   C$$IO$$
1181b320   ___add_dtor
1181b360   ___isinf
1181b3e0   __frcmpyd_div
1181b420   __llshru
1181b460   __remli
1181b4a0   __negll
1181b4c0   __nop
1181b520   __register_lock
1181b540   __register_unlock
1181b560   __trunc
1181b580   _remove
1181b5a0   LNK_F_checkBufferCall
1181b5a0   ___etext__
1181b5a0   etext
1181b5c0   LNK_F_getChanPtr
1181b618   LNK_F_init
1181b620   LNK_F_dataPump
1181b630   LNK_rcloop
1181b6f4   LNK_rdrtry
1181b704   LNK_rrloop
1181b7c4   LNK_wrrtry
1181b7d0   LNK_wrloop
1181b8a0   LNK_newin
1181b9d4   LNK_newout
1181bb28   LNK_F_readCallBack
1181bb60   _EXC_nmi
1181bb94   _EXC_internal
1181be40   _EXC_init
1181be80   _EXC_getLastStatus
1181bea0   _EXC_external
1181bed4   _EXC_exceptionHandler
1181c0b0   _EXC_clearLastStatus
1181c0e0   CLK_HOOKFXN
1181c0e0   HWI_F_dispatch
1181c0e0   _HWI_F_dispatch
1181c0e0   __HWI_lat1beg
1181c268   __HWI_lat1end
1181c268   __HWI_lat2beg
1181c3d0   __HWI_lat2end2
1181c400   __HWI_lat3end2
1181c444   __HWI_lat2end1
1181c460   __HWI_lat3beg
1181c5c0   SWI_F_enable
1181c5c0   __SWI_lat3beg
1181c62c   __SWI_lat3end
1181c630   SWI_F_post
1181c630   _SWI_post
1181c738   __SWI_lat1beg
1181c7a4   SWI_EXECFXN
1181c7a4   SWI_F_exec
1181c7cc   SWI_F_iexec
1181c7e4   __SWI_lat1end
1181c7e8   __SWI_lat2beg
1181c848   __SWI_lat2end
1181c84c   SWI_F_run
1181c84c   SWI_RUNFXN
1181ca80   PRD_F_swi
1181cd04   PRD_F_tick
1181ce00   _free
1181ce24   _malloc
1181ce84   _realloc
1181cf68   _memalign
1181d02c   _calloc
1181d080   RTA_F_getlog
1181d0b8   RTA_F_getsts
1181d0f8   RTA_F_readblk
1181d114   RTA_F_writeword
1181d120   RTA_F_resetmem
1181d120   __RTA_lat1beg
1181d154   __RTA_lat1end
1181d160   RTA_F_dispatch
1181d1ac   RTA_execute
1181d300   _KNL_run
1181d540   _MEM_alloc
1181d914   PRD_THOOKFXN
1181d914   _KNL_tick
1181d940   _MEM_free
1181db20   _EXC_dispatch
1181dce4   _EXC_setReturnPtr
1181dd00   PIP_F_take
1181dd78   PIP_F_give
1181dd78   PIP_F_probe
1181de48   PIP_F_start
1181dee0   _SEM_pendEnterKnl
1181e0c0   __SEM_dopost
1181e260   _TSK_setup
1181e400   CLK_F_getltime
1181e410   CLK_F_isr
1181e550   CLK_F_itime
1181e550   _CLK_F_itime
1181e550   _CLK_itime
1181e570   __CLK_lat1beg
1181e590   __CLK_lat1end
1181e5a0   _KNL_saveIsrFrame
1181e64c   _KNL_switch
1181e6f8   KNL_glue
1181e720   __auto_init
1181e860   _TSK_exit
1181e9a0   _BCACHE_setSize
1181e9e4   _BCACHE_setMar
1181ea34   _BCACHE_setCacheToSram
1181ea64   _BCACHE_getSize
1181eab4   _BCACHE_getMar
1181eb48   _GBL_cacheInit64P
1181ec00   _KNL_check
1181ec4c   __KNL_lat1beg
1181ecc8   _KNL_idle
1181ecc8   __KNL_lat1end
1181ecf0   _KNL_max
1181edc4   _TSK_startup
1181ee40   _SEM_post
1181ee40   _SEM_postBinary
1181ef20   _KNL_exit
1181ef60   _KNL_enter
1181efe0   _SEM_postEnterKnl
1181f080   _SYS_exit
1181f120   _KNL_ipost
1181f1a0   _KNL_post
1181f220   _LCK_post
1181f240   _LCK_pend
1181f2a0   LOG_F_event
1181f2a0   _LOG_event
1181f2a0   __LOG_lat1beg
1181f320   IDL_F_calibrate
1181f3a0   _SYS_error
1181f400   FXN_F_nop
1181f404   FXN_F_run
1181f404   _FXN_F_run
1181f440   FXN_F_zero
1181f440   _FXN_F_zero
1181f460   _HWI_disable
1181f478   _HWI_enable
1181f48c   _HWI_restore
1181f4c0   IDL_F_busy
1181f4c0   __IDL_lat1beg
1181f500   __IDL_lat1end
1181f520   _SEM_pend
1181f580   STS_F_delta
1181f580   _STS_delta
1181f5ac   STS_F_add
1181f5ac   _STS_add
1181f5c8   STS_F_reset
1181f5c8   _STS_reset
1181f5e0   _SYS_abort
1181f640   _CLK_measure
1181f6a0   IDL_CALIBRFXN
1181f6a0   IDL_F_stub
1181f6e0   RTA_F_andn
1181f6f8   RTA_F_or
1181f720   SYS_ABORTFXN
1181f720   _UTL_doAbort
1181f760   SYS_PUTCFXN
1181f760   _UTL_doPutc
1181f7a0   GBL_USERINITFXN
1181f7a0   GIO_CREATEFXN
1181f7a0   GIO_DELETEFXN
1181f7a0   GIO_PENDFXN
1181f7a0   GIO_POSTFXN
1181f7a0   PWRM_PWRM_SHAREDRESOURCEFXN
1181f7a0   PWRM_PWRM_SLOTHOOKFXN
1181f7a0   TSK_VCREATEFXN
1181f7a0   TSK_VDELETEFXN
1181f7a0   TSK_VEXITFXN
1181f7a0   _BCACHE_bootInit
1181f7a0   _FXN_F_nop
1181f7c0   _GBL_getVersion
1181f7e0   IDL_F_loop
1181f7e0   _IDL_loop
1181f800   _STS_set
1181f820   SYS_ERRORFXN
1181f820   _UTL_doError
1181f840   SYS_EXITFXN
1181f840   _UTL_halt
1181f860   CLK_F_gethtime
1181f860   CLK_TIMEFXN
1181f860   _CLK_gethtime
1181f880   IRAM$B
1181f880   _IRAM_base
11821880   ___cinit__
11821880   cinit
11822d74   _SYS_PUTCBEG
11822f73   _SYS_PUTCEND
11822f80   TSK_idle
11822f80   _TSK_idle
11822fd4   PRD0
11822fd4   PRD_A_TABBEG
11822fd4   _PRD0
11822ff0   PRD0$aaa
11822ff4   PRD_A_TABEND
11822ff4   ___pinit__
11822ff4   pinit
11823000   trace$buf
11824000   _HSRTDX_rec
118242a0   _RTDX_Buffer_WriteCB
11824760   _HSRTDX_xmt
11824a60   _RTDX_Mon_Queue
11824cc0   _RTDX_Poll
11824d60   _RTDX_Final_RT_Monitor
11824de0   _RTDX_Buffer_Initialize
11824e40   _RTDX_Init_RT_Monitor
11824ea0   _RTDX_Buffer_ReadCB
11824ee0   _RTDX_Buffer_Size
11824f20   _RTDX_memfill
11824f60   _RTDX_Buffer_Read
11824f80   _RTDX_Buffer_Write
11824fa0   _RTDX_Mask_IER
11824fc0   HST_A_TABBEG
11824fc0   _HST_A_TABBEG
11824fc4   RTA_fromHost
11824fc4   _RTA_fromHost
11824fcc   RTA_fromHost$rtdx
11824fe0   RTA_toHost
11824fe0   _RTA_toHost
11824fe8   RTA_toHost$rtdx
11824ffc   HST_A_TABEND
11824ffc   _HST_A_TABEND
11825000   LOG_system$buf
11825800   BIOS_init
11825800   _BIOS_init
11825984   BIOS$$CLKON
118259c4   BIOS$$CLKOFF
11825a30   BIOS_start
11825a30   _BIOS_start
11825b80   _c_int00
11825c40   _MEM_init
11825d00   _TSK_init
11825d60   RTA_fromHost$buf
11825d70   IDL_A_TABBEG
11825d70   IDL_cpuLoad
11825d70   _IDL_cpuLoad
11825d74   LNK_dataPump
11825d74   _LNK_dataPump
11825d78   RTA_dispatcher
11825d78   _RTA_dispatcher
11825d7c   IDL_END
11825e00   _RTDX_Buffer
11826208   _RTDX_Buffer_Start
1182620c   _RTDX_Buffer_End
11826210   _rtdx_mon_state
11826254   _rtdx_buffer_state
11826260   _RTDX_writing
11826410   __ctypes_
11826518   _bitval_u32
118266f9   PRD0$sts$maxfmt
11826700   TSK_idle$stack
11826702   PRD0$sts$sumfmt
1182670b   PRD0$sts$avgfmt
11826716   PRD_swi$sts$maxfmt
1182671e   PRD_swi$sts$sumfmt
11826726   PRD_swi$sts$avgfmt
11826730   KNL_swi$sts$maxfmt
11826738   KNL_swi$sts$sumfmt
11826740   KNL_swi$sts$avgfmt
1182674a   TSK_idle$sts$maxfmt
11826752   TSK_idle$sts$sumfmt
1182675a   TSK_idle$sts$avgfmt
11826764   IDL_busyObj$maxfmt
11826767   IDL_busyObj$sumfmt
1182676a   IDL_busyObj$avgfmt
11826a98   TSK_idle$stkptr
11826b00   GBL_stackbeg
11826b00   _HWI_STKTOP
11826b00   __stack
11826ef8   _HWI_STKBOTTOM
11826eff   GBL_stackend
11826f00   $bss
11826f00   .bss
11826f00   _HWI_dispatchTab
11826f00   __STACK_END
11826f00   ___bss__
11827000   IDL_D_tabbeg
11827004   IDL_D_calibrate
11827008   IDL_D_calbeg
1182700c   LOG_D_system
1182700c   _LOG_D_system
11827010   PIP_D_tabbeg
11827014   PIP_D_tablen
11827018   CLK_R_time
1182701c   CLK_D_timefxn
11827020   CLK_D_tabbeg
11827024   CLK_D_isrhook
11827028   CLK_D_idletime
1182702c   _CLK_htimeDiv
11827030   _CLK_htimeMult
11827034   _CLK_ltimeDiv
11827038   _CLK_ltimeMult
1182703c   _CLK_D_dirty
11827040   _CLK_D_prd
11827044   _CLK_D_tddr
11827048   _CLK_D_countspms
1182704c   PRD_D_tick
1182704c   _PRD_D_tick
11827050   PRD_D_cur
11827054   PRD_D_elapsed
11827058   PRD_D_prevtim
1182705c   PRD_D_scalar
11827060   PRD_D_swihandle
11827064   PRD_D_tabbeg
11827068   PRD_D_tablen
1182706c   PRD_D_thook
11827070   RTA_D_fromHost
11827074   RTA_D_toHost
11827078   RTA_D_logval
11827088   RTA_D_stsval
11827094   HST_D_chanmask
11827098   HST_D_tabbeg
1182709c   HST_D_tabend
118270a0   _GBL_procId
118270a4   _GBL_clkIn
118270a8   _GBL_freq
118270ac   _MEM_D_NUMSEGMENTS
118270b0   _MEM_D_memtab
118270b4   _MEM_D_freelist
118270b8   _MEM_D_lockaddr
118270bc   _MEM_D_unlockaddr
118270c0   _SYS
118270c4   __HOOK_knlId
118270c8   __HOOK_NUMHOOKS
118270cc   SWI_D_runaddr
118270cc   _SWI_D_runaddr
118270cc   _SWI_data
118270d0   SWI_D_execaddr
118270d0   _SWI_D_execaddr
118270d4   SWI_D_curmask
118270d4   _SWI_D_curmask
118270d8   SWI_D_curset
118270d8   _SWI_D_curset
118270dc   SWI_D_lock
118270dc   _SWI_D_lock
118270e0   SWI_D_curmbox
118270e4   SWI_D_curfxn
118270e4   _SWI_D_curfxn
118270e8   SWI_D_rdybeg
118270e8   _SWI_D_rdybeg
118270ec   SWI_D_inswi
118270ec   _SWI_D_inswi
118270f0   SWI_D_rdytab
11827168   _KNL_wFlag
1182716c   _KNL_wList
11827170   _KNL_alarm
11827174   _KNL_setpri
11827178   _KNL_inactive
1182717c   _KNL_priority
11827180   _KNL_set
11827184   _KNL_curtask
11827188   _KNL_prevtask
1182718c   _KNL_curtime
11827190   _KNL_swiptr
11827194   _KNL_curqueue
11827198   _KNL_maxqueue
1182719c   _KNL_tswitchfxn
118271a0   _KNL_tcreatefxn
118271a4   _KNL_tdeletefxn
118271a8   _KNL_treadyfxn
118271ac   _KNL_idlefxn
118271b0   _MEM_memtab
118271bc   HST_DSMBUFSEG
118271bc   IRAM
118271bc   MEM_MALLOCSEG
118271bc   MEM_SEGZERO
118271bc   RTDX_DATAMEMSEG
118271bc   _IRAM
118271bc   _SEG0
118271c0   RTA_fromHost$pipe$dtab
118271cc   RTA_toHost$pipe$dtab
118271d8   _EXC_sysTrapTable
118271e0   _EXC_returnPtr
118271f8   HWI_D_spsave
118271f8   _HWI_D_spsave
118271f8   _HWI_data
11827204   _HWI_D_inhwi
11827208   HWI_D_bss
1182720c   HWI_D_ccmask
11827210   LNK_dspFrameRequestMask
11827210   _LNK_dspFrameRequestMask
11827214   LNK_dspFrameReadyMask
11827214   _LNK_dspFrameReadyMask
11827218   LNK_readPend
11827218   _LNK_readPend
1182721c   LNK_readDone
1182721c   _LNK_readDone
11827220   LNK_readFail
11827220   _LNK_readFail
11827224   LNK_writeFail
11827224   _LNK_writeFail
11827228   _mask
1182722a   _eqBypass
1182722b   _lowCut
1182722c   _midCut
1182722d   _presCut
1182722e   _highCut
1182722f   _dist
11827230   _fft
11827234   _ifft
11827238   _writeIndex
1182723c   _EXC_exceptionHook
11827240   _EXC_internalHook
11827244   _EXC_externalHook
11827248   _EXC_nmiHook
11827254   _rtdxNullChanCnt
11827258   _rtdxNullFuncCnt
1182725c   _rtdxXmtNotDoneCnt
11827260   _rtdxRecNotDoneCnt
11827264   _rtdxXmtRestartCnt
11827268   _rtdxXmtErrorCnt
1182726c   _TSK_nTasks
11827270   _TSK_pid
11827274   _TSK
11827278   _CLK_DFLTMICROSECS
1182727c   _CLK_D_microseconds
11827280   _SYS_exitStackPtr
11827284   _SYS_exitStackTop
11827288   _CLK_htimePerLtime
1182728c   IDL_D_busyObj
11827290   _MEM
1182729c   ___end__
1182729c   end
118272a0   __CIOBUF_
118273c0   LOG_A_TABBEG
118273c0   LOG_system
118273c0   _LOG_A_TABBEG
118273c0   _LOG_system
118273d8   _trace
118273d8   trace
118273f0   IDL_A_CALBEG
118273f0   IDL_cpuLoad$
118273f0   LOG_A_TABEND
118273f0   _LOG_A_TABEND
118273f4   LNK_dataPump$
118273f8   RTA_dispatcher$
118273fc   IDL_END$
11827400   HWI_A_VECS
11827400   hwi0
11827420   hwi1
11827440   hwi2
11827460   hwi3
11827480   hwi4
118274a0   hwi5
118274c0   hwi6
118274e0   hwi7
11827500   hwi8
11827520   hwi9
11827540   hwi10
11827560   hwi11
11827580   hwi12
118275a0   hwi13
118275c0   hwi14
118275e0   hwi15
11827600   RTA_toHost$buf
11827700   PIP_A_TABBEG
11827700   RTA_fromHost$pipe
11827700   _PIP_A_TABBEG
11827704   RTA_fromHost$pipe$rd
11827730   RTA_fromHost$pipe$aaa
11827734   RTA_fromHost$pipe$wr
11827760   RTA_fromHost$pipe$bbb
11827764   RTA_toHost$pipe
11827768   RTA_toHost$pipe$rd
11827794   RTA_toHost$pipe$aaa
11827798   RTA_toHost$pipe$wr
118277c4   RTA_toHost$pipe$bbb
118277c8   PIP_A_TABEND
118277c8   PRD_SWIHANDLE
118277c8   PRD_swi
118277c8   SWI_A_TABBEG
118277c8   _PIP_A_TABEND
118277c8   _PRD_swi
118277f4   KNL_swi
118277f4   _KNL_swi
11827820   SWI_A_TABEND
11827874   PRD0$sts$stsobj
11827874   STS_A_TABBEG
11827874   _STS_A_TABBEG
11827878   PRD0$sts
11827884   PRD_swi$sts$stsobj
11827888   PRD_swi$sts
11827894   KNL_swi$sts$stsobj
11827898   KNL_swi$sts
118278a4   TSK_idle$sts$stsobj
118278a8   TSK_idle$sts
118278b4   IDL_busyObj$stsobj
118278b8   IDL_busyObj
118278b8   _IDL_busyObj
118278c4   STS_A_TABEND
118278c4   _STS_A_TABEND
11827910   SYS$config
11827920   TRC_cinit
11827924   TRC_R_mask
11827924   _TRC_R_mask
11827928   GBL_initdone
1182792c   CLK_A_TABBEG
1182792c   PRD_clock
1182792c   _PRD_clock
11827930   CLK_null
28040d0c   HWI_INTRMUX3
ffffffff   CACHE_L1D
ffffffff   CACHE_L1P
ffffffff   DDR
ffffffff   ECM_EVTMASK0
ffffffff   ECM_EVTMASK1
ffffffff   ECM_EVTMASK2
ffffffff   ECM_EVTMASK3
ffffffff   GBL_L2MAR192_223
ffffffff   L3_CBA_RAM
ffffffff   _CACHE_L1D
ffffffff   _CACHE_L1P
ffffffff   _DDR
ffffffff   _L3_CBA_RAM
ffffffff   ___TI_pprof_out_hndl
ffffffff   ___TI_prof_data_size
ffffffff   ___TI_prof_data_start
ffffffff   ___binit__
ffffffff   ___c_args__
ffffffff   binit

[1179 symbols]
