******************************************************************************
               TMS320C6x Linker PC v7.4.18                     
******************************************************************************
>> Linked Wed Jul 22 11:59:02 2020

OUTPUT FILE NAME:   <GuitarAmpGitVersion.out>
ENTRY POINT SYMBOL: "_c_int00"  address: 1181b340


MEMORY CONFIGURATION

         name            origin    length      used     unused   attr    fill
----------------------  --------  ---------  --------  --------  ----  --------
  IRAM                  11800000   00040000  0001d0a5  00022f5b  RWIX
  CACHE_L1P             11e00000   00008000  00000000  00008000  RWIX
  CACHE_L1D             11f00000   00008000  00000000  00008000  RWIX
  L3_CBA_RAM            80000000   00020000  00000000  00020000  RWIX
  DDR                   c3000000   01000000  00000000  01000000  RWIX


SECTION ALLOCATION MAP

 output                                  attributes/
section   page    origin      length       input sections
--------  ----  ----------  ----------   ----------------
.vers      0    00000000    0000003c     COPY SECTION
                  00000000    0000003c     hellocfg.obj (.vers)

.data      0    11800000    00000000     UNINITIALIZED

.text      0    11800000    000083c0     
                  11800000    00000c20     evmc6748_bsl.lib : evmc6748.obj (.text)
                  11800c20    00000620     framework.obj (.text)
                  11801240    000005a0     rts6740.lib : divd.obj (.text:__divd)
                  118017e0    00000580                 : _printfi.obj (.text:__getarg_diouxp)
                  11801d60    00000540     hello.obj (.text)
                  118022a0    00000520     rts6740.lib : _printfi.obj (.text:__setfield)
                  118027c0    000004e0     evmc6748_bsl.lib : evmc6748_i2c_gpio.obj (.text)
                  11802ca0    00000440     rts6740.lib : _printfi.obj (.text:__printfi)
                  118030e0    000003a0                 : fputs.obj (.text:_fputs)
                  11803480    00000380     evmc6748_bsl.lib : evmc6748_gpio.obj (.text)
                  11803800    00000380                      : evmc6748_i2c.obj (.text)
                  11803b80    00000320     rts6740.lib : _printfi.obj (.text:__pproc_fge)
                  11803ea0    000002c0                 : _printfi.obj (.text:__pproc_fwp)
                  11804160    000002a0                 : _printfi.obj (.text:_ecvt)
                  11804400    000002a0                 : _printfi.obj (.text:_fcvt)
                  118046a0    00000260                 : imath64.obj (.text:__divull)
                  11804900    00000260                 : _printfi.obj (.text:__pconv_e)
                  11804b60    00000240                 : _printfi.obj (.text:__pproc_diouxp)
                  11804da0    00000220                 : _printfi.obj (.text:__pproc_str)
                  11804fc0    00000220                 : fputc.obj (.text:_fputc)
                  118051e0    00000200                 : _printfi.obj (.text:__pconv_g)
                  118053e0    00000200                 : setvbuf.obj (.text:_setvbuf)
                  118055e0    00000200     rb.obj (.text)
                  118057e0    000001e0     evmc6748_bsl.lib : evmc6748_led.obj (.text)
                  118059c0    000001c0     rts6740.lib : _printfi.obj (.text:__mcpy)
                  11805b80    000001a0                 : imath40.obj (.text:__divul)
                  11805d20    00000180                 : trgdrv.obj (.text:_HOSTrename)
                  11805ea0    00000160     evmc6748_bsl.lib : evmc6748_dip.obj (.text)
                  11806000    00000140     rts6740.lib : _printfi.obj (.text:__pproc_fflags)
                  11806140    00000140                 : lowlev.obj (.text:_getdevice)
                  11806280    00000120                 : fclose.obj (.text:__closefile)
                  118063a0    00000120                 : _printfi.obj (.text:__ltostr)
                  118064c0    00000120                 : fseek.obj (.text:_fseek)
                  118065e0    00000120     biquad.obj (.text)
                  11806700    00000100     rts6740.lib : trgdrv.obj (.text:_HOSTlseek)
                  11806800    00000100                 : _io_perm.obj (.text:__wrt_ok)
                  11806900    00000100                 : sinit.obj (.text:_call_dtors)
                  11806a00    000000e0                 : trgdrv.obj (.text:_HOSTopen)
                  11806ae0    000000e0                 : trgdrv.obj (.text:_HOSTread)
                  11806bc0    000000e0                 : divi.obj (.text:__divi)
                  11806ca0    000000e0                 : atoi.obj (.text:_atoi)
                  11806d80    000000e0                 : lowlev.obj (.text:_close)
                  11806e60    000000e0                 : memset.obj (.text:_memset)
                  11806f40    000000e0                 : printf.obj (.text:_printf)
                  11807020    000000c0                 : trgdrv.obj (.text:_HOSTunlink)
                  118070e0    000000c0                 : trgdrv.obj (.text:_HOSTwrite)
                  118071a0    000000c0                 : _printfi.obj (.text:__div)
                  11807260    000000c0                 : divu.obj (.text:__divu)
                  11807320    000000c0                 : fflush.obj (.text:__doflush)
                  118073e0    000000c0                 : atexit.obj (.text:_atexit)
                  118074a0    000000c0                 : ltoa.obj (.text:_ltoa)
                  11807560    000000c0     bios.a674 : tsk_stup.o674 (.text)
                  11807620    000000a0     rts6740.lib : trgdrv.obj (.text:_HOSTclose)
                  118076c0    000000a0                 : fopen.obj (.text:__cleanup)
                  11807760    000000a0                 : imath40.obj (.text:__divli)
                  11807800    000000a0                 : _printfi.obj (.text:__ecpy)
                  118078a0    000000a0                 : _printfi.obj (.text:__fcpy)
                  11807940    000000a0                 : fixdli.obj (.text:__fixdli)
                  118079e0    000000a0                 : round.obj (.text:__nround)
                  11807a80    000000a0                 : _printfi.obj (.text:__pconv_f)
                  11807b20    000000a0                 : lowlev.obj (.text:_finddevice)
                  11807bc0    000000a0                 : lowlev.obj (.text:_lseek)
                  11807c60    000000a0                 : memcpy64.obj (.text:_memcpy)
                  11807d00    000000a0                 : modf.obj (.text:_modf)
                  11807da0    000000a0                 : lowlev.obj (.text:_write)
                  11807e40    00000080                 : fltlid.obj (.text:__fltlid)
                  11807ec0    00000080                 : llshift.obj (.text:__llshl)
                  11807f40    00000080                 : trgmsg.obj (.text:_readmsg)
                  11807fc0    00000080                 : lowlev.obj (.text:_unlink)
                  11808040    00000060                 : imath64.obj (.text:__subcull)
                  118080a0    00000060                 : memccpy.obj (.text:_memccpy)
                  11808100    00000060                 : trgmsg.obj (.text:_writemsg)
                  11808160    00000040                 : sinit.obj (.text:___add_dtor)
                  118081a0    00000040                 : isinf.obj (.text:___isinf)
                  118081e0    00000040                 : _printfi.obj (.text:___isnan)
                  11808220    00000040                 : frcmpyd_div.obj (.text:__frcmpyd_div)
                  11808260    00000040                 : llshift.obj (.text:__llshru)
                  118082a0    00000040                 : imath40.obj (.text:__remli)
                  118082e0    00000020                 : negll.obj (.text:__negll)
                  11808300    00000020                 : _lock.obj (.text:__nop)
                  11808320    00000020                 : printf.obj (.text:__outc)
                  11808340    00000020                 : printf.obj (.text:__outs)
                  11808360    00000020                 : _lock.obj (.text:__register_lock)
                  11808380    00000020                 : _lock.obj (.text:__register_unlock)
                  118083a0    00000020                 : remove.obj (.text:_remove)

.far       0    118083c0    00006ba8     UNINITIALIZED
                  118083c0    00006368     hello.obj (.far)
                  1180e728    00000324     rts6740.lib : defs.obj (.far)
                  1180ea4c    00000004     bios6748.a674 : clk_data.o674 (.far)
                  1180ea50    00000188     rts6740.lib : atexit.obj (.far)
                  1180ebd8    0000011c                 : lowlev.obj (.far)
                  1180ecf4    00000004                 : fopen.obj (.far)
                  1180ecf8    000000d8     bios.a674 : knl.o674 (.far)
                  1180edd0    0000005c               : tsk.o674 (.far)
                  1180ee2c    00000004     rts6740.lib : sinit.obj (.far)
                  1180ee30    00000054     bios.a674 : obj_init.o674 (.far)
                  1180ee84    00000050               : tsk_stup.o674 (.far)
                  1180eed4    00000004     --HOLE--
                  1180eed8    00000020               : sys.o674 (.far)
                  1180eef8    00000018     rtdx64xplus.lib : rtdx_mon.o64P (.far)
                  1180ef10    00000010     bios.a674 : exc.o674 (.far)
                  1180ef20    00000010               : knl_tick.o674 (.far)
                  1180ef30    0000000c               : utl_putc.o674 (.far)
                  1180ef3c    00000004     --HOLE--
                  1180ef40    0000000c     block_sine.obj (.far)
                  1180ef4c    0000000c     rts6740.lib : exit.obj (.far)
                  1180ef58    00000008                 : _lock.obj (.far)
                  1180ef60    00000008                 : trgdrv.obj (.far)

.hst1      0    1180ef68    00000010     UNINITIALIZED
                  1180ef68    00000010     hellocfg.obj (.hst1)

.clk       0    1180ef78    00000008     UNINITIALIZED
                  1180ef78    00000008     hellocfg.obj (.clk)

.bios      0    1180ef80    000042e0     
                  1180ef80    000005c0     lnkrtdx.a674 : rtdx.o674 (.bios)
                  1180f540    00000580     bios.a674 : exc.o674 (.bios)
                  1180fac0    000004e0               : hwi_disp_asm.o674 (.bios)
                  1180ffa0    000004c0               : swi.o674 (.bios)
                  11810460    00000380               : prd.o674 (.bios)
                  118107e0    00000280               : malloc.o674 (.bios)
                  11810a60    00000280               : rta.o674 (.bios)
                  11810ce0    00000240               : knl_run.o674 (.bios)
                  11810f20    00000200               : mem_allo.o674 (.bios:.near)
                  11811120    00000200               : knl_tick.o674 (.bios)
                  11811320    000001e0               : mem_free.o674 (.bios:.near)
                  11811500    000001e0               : exc_asm.o674 (.bios)
                  118116e0    000001e0               : pip.o674 (.bios)
                  118118c0    000001e0               : sem_pend.o674 (.bios)
                  11811aa0    000001a0               : sem_dopo.o674 (.bios)
                  11811c40    000001a0               : tsk_setu.o674 (.bios)
                  11811de0    000001a0     bios6748.a674 : clk.o674 (.bios)
                  11811f80    00000180     bios.a674 : knl_swit.o674 (.bios)
                  11812100    00000140               : autoinit.o674 (.bios)
                  11812240    00000140               : tsk_exit.o674 (.bios)
                  11812380    00000140     bios6748.a674 : bcache_init.o674 (.bios)
                  118124c0    00000120     bios.a674 : gbl_cacheinit64P.o674 (.bios)
                  118125e0    00000120               : knl_chec.o674 (.bios)
                  11812700    00000120               : tsk_stup.o674 (.bios)
                  11812820    000000e0               : sem_post_asm.o674 (.bios)
                  11812900    000000c0               : knl_exit.o674 (.bios)
                  118129c0    000000a0               : sem_post.o674 (.bios)
                  11812a60    000000a0               : sys_exit.o674 (.bios)
                  11812b00    00000080               : knl_ipos.o674 (.bios)
                  11812b80    00000080               : knl_post.o674 (.bios)
                  11812c00    00000080               : lck.o674 (.bios)
                  11812c80    00000080               : log.o674 (.bios)
                  11812d00    00000080     bios6748.a674 : idl_cal.o674 (.bios)
                  11812d80    00000060     bios.a674 : sys_erro.o674 (.bios:.near)
                  11812de0    00000060               : fxn.o674 (.bios)
                  11812e40    00000060               : hwi_c.o674 (.bios)
                  11812ea0    00000060               : idl_busy.o674 (.bios)
                  11812f00    00000060               : sem_pend_counting.o674 (.bios)
                  11812f60    00000060               : sts.o674 (.bios)
                  11812fc0    00000060               : sys_abor.o674 (.bios)
                  11813020    00000060     bios6748.a674 : clk_meas.o674 (.bios)
                  11813080    00000040     bios.a674 : idl_stub.o674 (.bios)
                  118130c0    00000040               : rta_andn.o674 (.bios)
                  11813100    00000040               : utl_doab.o674 (.bios)
                  11813140    00000040               : utl_putc.o674 (.bios)
                  11813180    00000020               : fxn_c.o674 (.bios)
                  118131a0    00000020               : gbl_vers.o674 (.bios)
                  118131c0    00000020               : idl.o674 (.bios)
                  118131e0    00000020               : sts_set.o674 (.bios)
                  11813200    00000020               : utl_doer.o674 (.bios)
                  11813220    00000020               : utl_halt.o674 (.bios)
                  11813240    00000020     bios6748.a674 : clk_gethtime.o674 (.bios)

.cinit     0    11813260    0000330c     
                  11813260    0000226c     hello.obj (.cinit)
                  118154cc    00000004     --HOLE-- [fill = 0]
                  118154d0    000006c4     hellocfg.obj (.cinit)
                  11815b94    00000004     --HOLE-- [fill = 0]
                  11815b98    0000026c     bios.a674 : biosdata.o674 (.cinit)
                  11815e04    00000004     --HOLE-- [fill = 0]
                  11815e08    000001a4               : knl.o674 (.cinit)
                  11815fac    00000004     --HOLE-- [fill = 0]
                  11815fb0    000000b0               : swi.o674 (.cinit)
                  11816060    00000080               : tsk.o674 (.cinit)
                  118160e0    00000068     rtdx64xplus.lib : rtdx_mon.o64P (.cinit)
                  11816148    00000060     bios.a674 : tsk_stup.o674 (.cinit)
                  118161a8    0000005c     lnkrtdx.a674 : rtdx.o674 (.cinit)
                  11816204    00000004     --HOLE-- [fill = 0]
                  11816208    0000005c     rts6740.lib : defs.obj (.cinit)
                  11816264    00000004     --HOLE-- [fill = 0]
                  11816268    0000005c                 : lowlev.obj (.cinit)
                  118162c4    00000004     --HOLE-- [fill = 0]
                  118162c8    0000004c     bios.a674 : rta.o674 (.cinit)
                  11816314    00000004     --HOLE-- [fill = 0]
                  11816318    0000004c     rtdx64xplus.lib : buffer1.o64P (.cinit)
                  11816364    00000004     --HOLE-- [fill = 0]
                  11816368    0000003c     bios.a674 : exc.o674 (.cinit)
                  118163a4    00000004     --HOLE-- [fill = 0]
                  118163a8    00000034               : hwi.o674 (.cinit)
                  118163dc    00000004     --HOLE-- [fill = 0]
                  118163e0    0000002c               : utl_putc.o674 (.cinit)
                  1181640c    00000004     --HOLE-- [fill = 0]
                  11816410    0000002c     rts6740.lib : exit.obj (.cinit)
                  1181643c    00000004     --HOLE-- [fill = 0]
                  11816440    00000024     bios.a674 : obj_init.o674 (.cinit)
                  11816464    00000004     --HOLE-- [fill = 0]
                  11816468    00000024     block_sine.obj (.cinit)
                  1181648c    00000004     --HOLE-- [fill = 0]
                  11816490    0000001c     bios.a674 : exc_asm.o674 (.cinit)
                  118164ac    00000004     --HOLE-- [fill = 0]
                  118164b0    0000001c               : sys.o674 (.cinit)
                  118164cc    00000004     --HOLE-- [fill = 0]
                  118164d0    0000001c     rts6740.lib : _lock.obj (.cinit)
                  118164ec    00000004     --HOLE-- [fill = 0]
                  118164f0    0000001c                 : atexit.obj (.cinit)
                  1181650c    00000004     --HOLE-- [fill = 0]
                  11816510    00000018     bios.a674 : knl_tick.o674 (.cinit)
                  11816528    0000000c               : idl_busy.o674 (.cinit)
                  11816534    00000004     --HOLE-- [fill = 0]
                  11816538    0000000c               : knl_swit.o674 (.cinit)
                  11816544    00000004     --HOLE-- [fill = 0]
                  11816548    0000000c     rts6740.lib : fopen.obj (.cinit)
                  11816554    00000004     --HOLE-- [fill = 0]
                  11816558    0000000c                 : sinit.obj (.cinit)
                  11816564    00000004     --HOLE-- [fill = 0]
                  11816568    00000004     (.pad.cinit) [fill = 0]

.IRAM$heap 
*          0    1181656c    00002000     UNINITIALIZED
                  1181656c    00002000     --HOLE--

.trace     0    1181856c    00000200     
                  1181856c    00000200     --HOLE-- [fill = 00000000]

.tsk       0    1181876c    00000060     UNINITIALIZED
                  1181876c    00000060     hellocfg.obj (.tsk)

.log       0    118187cc    00000030     
                  118187cc    00000030     hellocfg.obj (.log)

.args      0    118187fc    00000004     
                  118187fc    00000004     --HOLE-- [fill = 0]

.LOG_system$buf 
*          0    11818800    00000800     UNINITIALIZED
                  11818800    00000800     hellocfg.obj (.LOG_system$buf)

.trace$buf 
*          0    11819000    00001000     UNINITIALIZED
                  11819000    00001000     hellocfg.obj (.trace$buf)

.rtdx_text 
*          0    1181a000    00000fc0     
                  1181a000    000002a0     rtdx64xplus.lib : rtdx_mon.o64P (.rtdx_text:_HSRTDX_rec)
                  1181a2a0    00000260                     : buffer1.o64P (.rtdx_text:_RTDX_Buffer_WriteCB)
                  1181a500    00000260                     : buffer1.o64P (.rtdx_text:_RTDX_write_next)
                  1181a760    000001a0                     : rtdx_mon.o64P (.rtdx_text:_HSRTDX_xmt)
                  1181a900    00000160                     : rtdx_mon.o64P (.rtdx_text:_RTDX_Send_To_Host)
                  1181aa60    000000e0                     : rtdx_mon.o64P (.rtdx_text:_RTDX_Mon_Queue)
                  1181ab40    000000e0                     : buffer1.o64P (.rtdx_text:_claim)
                  1181ac20    000000a0                     : rtdx_mon.o64P (.rtdx_text:_RTDX_GetH2THeader)
                  1181acc0    000000a0                     : rtdx_mon.o64P (.rtdx_text:_RTDX_Poll)
                  1181ad60    00000080                     : rtdx_mon.o64P (.rtdx_text:_RTDX_Final_RT_Monitor)
                  1181ade0    00000060                     : buffer1.o64P (.rtdx_text:_RTDX_Buffer_Initialize)
                  1181ae40    00000060                     : rtdx_mon.o64P (.rtdx_text:_RTDX_Init_RT_Monitor)
                  1181aea0    00000040                     : buffer2.o64P (.rtdx_text:_RTDX_Buffer_ReadCB)
                  1181aee0    00000040                     : buffer1.o64P (.rtdx_text:_RTDX_Buffer_Size)
                  1181af20    00000040                     : memfill.o64P (.rtdx_text:_RTDX_memfill)
                  1181af60    00000020                     : buffer2.o64P (.rtdx_text:_RTDX_Buffer_Read)
                  1181af80    00000020                     : buffer1.o64P (.rtdx_text:_RTDX_Buffer_Write)
                  1181afa0    00000020                     : intr_tgt.o64P (.rtdx_text)

.sysinit   0    1181afc0    00000560     
                  1181afc0    00000380     hellocfg.obj (.sysinit)
                  1181b340    000000c0     bios.a674 : boot.o674 (.sysinit)
                  1181b400    000000c0               : mem_init.o674 (.sysinit)
                  1181b4c0    00000060               : tsk_init.o674 (.sysinit)

.prd       0    1181b520    00000020     UNINITIALIZED
                  1181b520    00000020     hellocfg.obj (.prd)

.rtdx_data 
*          0    1181b540    000004f4     UNINITIALIZED
                  1181b540    00000080     --HOLE--
                  1181b5c0    00000410     hellocfg.obj (.rtdx_data)
                  1181b9d0    00000044     rtdx64xplus.lib : rtdx_mon.o64P (.rtdx_data)
                  1181ba14    00000020                     : buffer1.o64P (.rtdx_data)

.mem       0    1181ba34    00000004     UNINITIALIZED
                  1181ba34    00000004     hellocfg.obj (.mem)

.const     0    1181ba38    00000435     
                  1181ba38    00000193     bios.a674 : exc.o674 (.const:.string)
                  1181bbcb    00000004               : mem_allo.o674 (.const:.string)
                  1181bbcf    00000001     --HOLE-- [fill = 0]
                  1181bbd0    00000101     rts6740.lib : ctype.obj (.const:.string:__ctypes_)
                  1181bcd1    00000004     bios.a674 : mem_free.o674 (.const:.string)
                  1181bcd5    00000002     rts6740.lib : fputs.obj (.const:.string)
                  1181bcd7    00000001     --HOLE-- [fill = 0]
                  1181bcd8    00000080     evmc6748_bsl.lib : evmc6748.obj (.const:_bitval_u32)
                  1181bd58    0000004e     bios.a674 : tsk_stup.o674 (.const:.string)
                  1181bda6    00000002     --HOLE-- [fill = 0]
                  1181bda8    00000040     evmc6748_bsl.lib : evmc6748.obj (.const:.string)
                  1181bde8    00000023     bios.a674 : utl_doab.o674 (.const:.string)
                  1181be0b    00000023     rts6740.lib : _printfi.obj (.const:.string)
                  1181be2e    00000022     bios.a674 : utl_doer.o674 (.const:.string)
                  1181be50    0000001c     rb.obj (.const:.string)
                  1181be6c    00000001     bios.a674 : tsk.o674 (.const:.string)

.printf    0    1181be6d    00000076     COPY SECTION
                  1181be6d    00000076     hellocfg.obj (.printf)

.TSK_idle$stk 
*          0    1181be70    00000400     UNINITIALIZED
                  1181be70    00000400     hellocfg.obj (.TSK_idle$stk)

.stack     0    1181c270    00000400     UNINITIALIZED
                  1181c270    00000400     --HOLE--

.bss       0    1181c670    00000394     UNINITIALIZED
                  1181c670    00000100     bios.a674 : hwi_disp_asm.o674 (.bss)
                  1181c770    000000cc               : biosdata.o674 (.bss)
                  1181c83c    0000009c               : swi.o674 (.bss)
                  1181c8d8    00000048               : knl.o674 (.bss)
                  1181c920    00000028     hellocfg.obj (.bss)
                  1181c948    00000020     bios.a674 : exc_asm.o674 (.bss)
                  1181c968    00000018               : hwi.o674 (.bss)
                  1181c980    00000018     lnkrtdx.a674 : rtdx.o674 (.bss)
                  1181c998    00000010     bios.a674 : exc.o674 (.bss)
                  1181c9a8    00000010     rtdx64xplus.lib : buffer1.o64P (.bss)
                  1181c9b8    00000010                     : rtdx_mon.o64P (.bss)
                  1181c9c8    0000000c     bios.a674 : tsk.o674 (.bss)
                  1181c9d4    0000000c     hello.obj (.bss)
                  1181c9e0    00000008     bios.a674 : clk_data.o674 (.bss)
                  1181c9e8    00000008               : sys.o674 (.bss)
                  1181c9f0    00000004               : clk_data2.o674 (.bss)
                  1181c9f4    00000004               : idl_busy.o674 (.bss)
                  1181c9f8    00000004               : mem_asm.o674 (.bss)
                  1181c9fc    00000004     block_sine.obj (.bss)
                  1181ca00    00000004     evmc6748_bsl.lib : evmc6748_i2c.obj (.bss)

.cio       0    1181ca08    00000120     UNINITIALIZED
                  1181ca08    00000120     rts6740.lib : trgmsg.obj (.cio)

.pip       0    1181cb28    000000c8     UNINITIALIZED
                  1181cb28    000000c8     hellocfg.obj (.pip)

.idl       0    1181cbf0    00000010     UNINITIALIZED
                  1181cbf0    00000010     hellocfg.obj (.idl)

.hwi_vec   0    1181cc00    00000200     
                  1181cc00    00000200     hellocfg.obj (.hwi_vec)

.hst0      0    1181ce00    00000100     UNINITIALIZED
                  1181ce00    00000100     hellocfg.obj (.hst0)

.swi       0    1181cf00    00000058     UNINITIALIZED
                  1181cf00    00000058     hellocfg.obj (.swi)

.sts       0    1181cf58    00000050     
                  1181cf58    00000050     hellocfg.obj (.sts)

.gblinit   0    1181cfa8    0000004c     
                  1181cfa8    0000004c     hellocfg.obj (.gblinit)

.switch    0    1181cff4    00000044     
                  1181cff4    00000024     evmc6748_bsl.lib : evmc6748_gpio.obj (.switch:_getRegisterBankAndBit)
                  1181d018    00000020                      : evmc6748_dip.obj (.switch:_convertDipToI2CGpio)

.hst       0    1181d038    0000003c     UNINITIALIZED
                  1181d038    0000003c     hellocfg.obj (.hst)

.idlcal    0    1181d074    00000010     UNINITIALIZED
                  1181d074    00000010     hellocfg.obj (.idlcal)

.sys       0    1181d084    00000010     UNINITIALIZED
                  1181d084    00000010     hellocfg.obj (.sys)

.pinit     0    1181d094    0000000c     
                  1181d094    00000004     rtdx64xplus.lib : buffer1.o64P (.pinit)
                  1181d098    00000004                     : rtdx_mon.o64P (.pinit)
                  1181d09c    00000004     --HOLE-- [fill = 0]

.trcdata   0    1181d0a0    0000000c     
                  1181d0a0    0000000c     bios.a674 : trc.o674 (.trcdata)


GLOBAL SYMBOLS: SORTED ALPHABETICALLY BY Name 

address    name
--------   ----
1181c670   $bss
1181c670   .bss
11800000   .data
11800000   .text
1181b184   BIOS$$CLKOFF
1181b144   BIOS$$CLKON
1181afc0   BIOS_init
1181b1f0   BIOS_start
00000000   BUF$
00000001   BUF_ENABLED
11808158   C$$IO$$
ffffffff   CACHE_L1D
ffffffff   CACHE_L1P
00000001   CLK$
1180ef78   CLK_A_TABBEG
00000001   CLK_CALDIV
00000001   CLK_CALMULT
000493e0   CLK_COUNTSPMS
00000004   CLK_COUNTSPMSHIGH
1181c798   CLK_D_idletime
1181c794   CLK_D_isrhook
1181c790   CLK_D_tabbeg
1181c78c   CLK_D_timefxn
00000001   CLK_ENABLEHTIME
11813240   CLK_F_gethtime
11811de0   CLK_F_getltime
11811df0   CLK_F_isr
11811f30   CLK_F_itime
1180fac0   CLK_HOOKFXN
00000001   CLK_HTIMEDIV
00000001   CLK_HTIMEMULT
000493e0   CLK_HTIMEPERLTIME
00005dc0   CLK_INPUTCLK
00004000   CLK_INTBIT
00000001   CLK_LTIMEDIV
000493e0   CLK_LTIMEMULT
000003e8   CLK_MICROSECS
00000001   CLK_POWERENABLE
00005dc0   CLK_PRD
00000000   CLK_PRDHIGH
01c20000   CLK_REGS
00000001   CLK_RESETTIMER
1181c788   CLK_R_time
00000020   CLK_TCR
00000000   CLK_TDDR
00000000   CLK_TDDRHIGH
11813240   CLK_TIMEFXN
00000000   CLK_TIMERNUM
00000005   CLK_TIMMODE
00000001   CLK_USETIMER
1180ef7c   CLK_null
ffffffff   DDR
00000000   DEV$
00000000   DGN$
00000000   DHL$
00000000   DHL_gChannelsAvailable
00000000   DIO$
00000000   DIO_NUMSWIBASE
00000000   DIO_NUMTSKBASE
00000000   DIO_STATIC
00000000   DPI$
00000000   ECM$
00000000   ECM_ENABLE
ffffffff   ECM_EVTMASK0
ffffffff   ECM_EVTMASK1
ffffffff   ECM_EVTMASK2
ffffffff   ECM_EVTMASK3
0000000a   EVENT10
00000064   EVENT100
00000065   EVENT101
00000066   EVENT102
00000067   EVENT103
00000068   EVENT104
00000069   EVENT105
0000006a   EVENT106
0000006b   EVENT107
0000006c   EVENT108
0000006d   EVENT109
0000000b   EVENT11
0000006e   EVENT110
0000006f   EVENT111
00000070   EVENT112
00000071   EVENT113
00000072   EVENT114
00000073   EVENT115
00000074   EVENT116
00000075   EVENT117
00000076   EVENT118
00000077   EVENT119
0000000c   EVENT12
00000078   EVENT120
00000079   EVENT121
0000007a   EVENT122
0000007b   EVENT123
0000007c   EVENT124
0000007d   EVENT125
0000007e   EVENT126
0000007f   EVENT127
0000000d   EVENT13
0000000e   EVENT14
0000000f   EVENT15
00000010   EVENT16
00000011   EVENT17
00000012   EVENT18
00000013   EVENT19
00000014   EVENT20
00000015   EVENT21
00000016   EVENT22
00000017   EVENT23
00000018   EVENT24
00000019   EVENT25
0000001a   EVENT26
0000001b   EVENT27
0000001c   EVENT28
0000001d   EVENT29
0000001e   EVENT30
0000001f   EVENT31
00000020   EVENT32
00000021   EVENT33
00000022   EVENT34
00000023   EVENT35
00000024   EVENT36
00000025   EVENT37
00000026   EVENT38
00000027   EVENT39
00000004   EVENT4
00000028   EVENT40
00000029   EVENT41
0000002a   EVENT42
0000002b   EVENT43
0000002c   EVENT44
0000002d   EVENT45
0000002e   EVENT46
0000002f   EVENT47
00000030   EVENT48
00000031   EVENT49
00000005   EVENT5
00000032   EVENT50
00000033   EVENT51
00000034   EVENT52
00000035   EVENT53
00000036   EVENT54
00000037   EVENT55
00000038   EVENT56
00000039   EVENT57
0000003a   EVENT58
0000003b   EVENT59
00000006   EVENT6
0000003c   EVENT60
0000003d   EVENT61
0000003e   EVENT62
0000003f   EVENT63
00000040   EVENT64
00000041   EVENT65
00000042   EVENT66
00000043   EVENT67
00000044   EVENT68
00000045   EVENT69
00000007   EVENT7
00000046   EVENT70
00000047   EVENT71
00000048   EVENT72
00000049   EVENT73
0000004a   EVENT74
0000004b   EVENT75
0000004c   EVENT76
0000004d   EVENT77
0000004e   EVENT78
0000004f   EVENT79
00000008   EVENT8
00000050   EVENT80
00000051   EVENT81
00000052   EVENT82
00000053   EVENT83
00000054   EVENT84
00000055   EVENT85
00000056   EVENT86
00000057   EVENT87
00000058   EVENT88
00000059   EVENT89
00000009   EVENT9
0000005a   EVENT90
0000005b   EVENT91
0000005c   EVENT92
0000005d   EVENT93
0000005e   EVENT94
0000005f   EVENT95
00000060   EVENT96
00000061   EVENT97
00000062   EVENT98
00000063   EVENT99
11812de0   FXN_F_nop
11812de4   FXN_F_run
11812e20   FXN_F_zero
00000001   GBL$
00005205   GBL_A_VERSION
00000000   GBL_BCACHEREADADDR0
00000000   GBL_BCACHEREADADDR1
00000000   GBL_BCACHEREADADDR2
00000000   GBL_BIGENDIAN
00000000   GBL_CACHE
00000000   GBL_CALLCSLCFGINIT
00004e20   GBL_CLKIN
00001a5b   GBL_CLKTYPE
00001a5c   GBL_DSPSUBTYPE
0000003e   GBL_DSPTYPE
00000001   GBL_ENABLEINST
00000000   GBL_ENABLE_SK
00000042   GBL_FOOTPRINT
000493e0   GBL_FREQ
00000000   GBL_GEMTRUECOMPEN
00000007   GBL_L1DMODE
00000007   GBL_L1PMODE
00000001   GBL_L2CONFIGURE
00000000   GBL_L2MAR0_31
00000001   GBL_L2MAR128_159
00000000   GBL_L2MAR160_191
ffffffff   GBL_L2MAR192_223
00000000   GBL_L2MAR224_255
00000000   GBL_L2MAR32_63
00000000   GBL_L2MAR64_95
00000000   GBL_L2MAR96_127
00000000   GBL_L2MODE
00000000   GBL_NULL
00000000   GBL_PROCID
00000000   GBL_ROM
00000000   GBL_SUPPORTCSL
0000dbef   GBL_TRCMASKVALUE
00000000   GBL_USERINIT
11813180   GBL_USERINITFXN
00000001   GBL_boot
1181d0a8   GBL_initdone
1181c270   GBL_stackbeg
1181c66f   GBL_stackend
00000000   GIO$
11813180   GIO_CREATEFXN
11813180   GIO_DELETEFXN
11813180   GIO_PENDFXN
11813180   GIO_POSTFXN
00000000   HOOK$
00000000   HOOK_KNLID
00000001   HST$
1181d038   HST_A_TABBEG
1181d074   HST_A_TABEND
00000000   HST_DSM
1181c92c   HST_DSMBUFSEG
00000400   HST_DSMMEMSIZE
1181c804   HST_D_chanmask
1181c808   HST_D_tabbeg
1181c80c   HST_D_tabend
000000ff   HST_MAXFRAMEALLOWED
00000040   HST_MAXFRAMESET
00000000   HST_NONE
00000001   HST_RTDX
00000001   HWI$
1181cc00   HWI_A_VECS
00005828   HWI_CFGDISPATCHED
1181c978   HWI_D_bss
1181c97c   HWI_D_ccmask
1181c968   HWI_D_spsave
00000001   HWI_ENABLE_EXC
1180fac0   HWI_F_dispatch
00000000   HWI_GENERATE_RESET_VEC
0000000a   HWI_INT10
00000000   HWI_INT10$hwi
0000000b   HWI_INT11
00000000   HWI_INT11$hwi
0000000c   HWI_INT12
00000000   HWI_INT12$hwi
0000000d   HWI_INT13
00000000   HWI_INT13$hwi
0000000e   HWI_INT14
00000000   HWI_INT14$hwi
0000000f   HWI_INT15
00000000   HWI_INT15$hwi
00000004   HWI_INT4
00000000   HWI_INT4$hwi
00000005   HWI_INT5
00000000   HWI_INT5$hwi
00000006   HWI_INT6
00000000   HWI_INT6$hwi
00000007   HWI_INT7
00000000   HWI_INT7$hwi
00000008   HWI_INT8
00000000   HWI_INT8$hwi
00000009   HWI_INT9
00000000   HWI_INT9$hwi
07063d04   HWI_INTRMUX1
0b0a0908   HWI_INTRMUX2
28040d0c   HWI_INTRMUX3
00000001   HWI_NMI
00000000   HWI_NMI$hwi
00000000   HWI_POLARITYMASK
00000002   HWI_RESERVED0
00000000   HWI_RESERVED0$hwi
00000003   HWI_RESERVED1
00000000   HWI_RESERVED1$hwi
00000000   HWI_RESET
00000000   HWI_RESET$hwi
00000000   HWI_ZEROTAB
00000001   IDL$
1181d074   IDL_A_CALBEG
1181cbf0   IDL_A_TABBEG
00000006   IDL_CALIBRERROR
11813080   IDL_CALIBRFXN
1181c9f4   IDL_D_busyObj
1181c778   IDL_D_calbeg
1181c774   IDL_D_calibrate
1181c770   IDL_D_tabbeg
1181cbfc   IDL_END
1181d080   IDL_END$
11812ea0   IDL_F_busy
11812d00   IDL_F_calibrate
118131c0   IDL_F_loop
11813080   IDL_F_stub
00000001   IDL_USECLKIDLTIME
1181cf9c   IDL_busyObj
1181bede   IDL_busyObj$avgfmt
00000001   IDL_busyObj$filter
00000001   IDL_busyObj$iA
00000000   IDL_busyObj$iB
00000001   IDL_busyObj$iC
1181bed8   IDL_busyObj$maxfmt
00000000   IDL_busyObj$operation
1181cf98   IDL_busyObj$stsobj
1181bedb   IDL_busyObj$sumfmt
00000002   IDL_busyObj$unittype
1181cbf0   IDL_cpuLoad
1181d074   IDL_cpuLoad$
1181c92c   IRAM
1181656c   IRAM$B
00002000   IRAM$L
00000001   ISRC$
118120d8   KNL_glue
1181cf2c   KNL_swi
00000001   KNL_swi$dorta
00000002   KNL_swi$ord
00000000   KNL_swi$pri
1181cf7c   KNL_swi$sts
1181beb4   KNL_swi$sts$avgfmt
00000002   KNL_swi$sts$filter
00000001   KNL_swi$sts$filtmaxmult
00000001   KNL_swi$sts$filtsummult
1181bea4   KNL_swi$sts$maxfmt
1181cf78   KNL_swi$sts$stsobj
1181beac   KNL_swi$sts$sumfmt
00000000   KNL_swi$sts$unittype
00000000   KNL_swi$swi
ffffffff   L3_CBA_RAM
00000001   LCK$
1180ef80   LNK_F_checkBufferCall
1180f000   LNK_F_dataPump
1180efa0   LNK_F_getChanPtr
1180eff8   LNK_F_init
1180f508   LNK_F_readCallBack
1181cbf4   LNK_dataPump
1181d078   LNK_dataPump$
1181c984   LNK_dspFrameReadyMask
1181c980   LNK_dspFrameRequestMask
1180f280   LNK_newin
1180f3b4   LNK_newout
1180f010   LNK_rcloop
1180f0d4   LNK_rdrtry
1181c98c   LNK_readDone
1181c990   LNK_readFail
1181c988   LNK_readPend
1180f0e4   LNK_rrloop
1181c994   LNK_writeFail
1180f1b0   LNK_wrloop
1180f1a4   LNK_wrrtry
00000001   LOG$
118187cc   LOG_A_TABBEG
118187fc   LOG_A_TABEND
00000002   LOG_A_TABLEN
1181c77c   LOG_D_system
00000001   LOG_ENABLED
11812c80   LOG_F_event
118187cc   LOG_system
11818800   LOG_system$buf
00000000   LOG_system$datatype
00000000   LOG_system$log
00000200   LOG_system$size
00000000   MBX$
00000001   MEM$
1181c92c   MEM_MALLOCSEG
00000000   MEM_NULL
1181c92c   MEM_SEGZERO
00000000   MEM_USEMPC
00000001   MEM_gNumHeap
00000000   MSGQ$
00000000   MSGQ_USEMSGQ
00000000   OBJ$
00000000   PIP$
1181cb28   PIP_A_TABBEG
1181cbf0   PIP_A_TABEND
00000002   PIP_A_TABLEN
1181c780   PIP_D_tabbeg
1181c784   PIP_D_tablen
11811758   PIP_F_give
11811758   PIP_F_probe
11811828   PIP_F_start
118116e0   PIP_F_take
00000064   PIP_OBJSIZE
00000000   PIP_gNextId
00000002   PIP_gNumEmbed
00000000   POOL$
00000000   POOL_USEPOOL
00000001   PRD$
1181b520   PRD0
1181b53c   PRD0$aaa
00000000   PRD0$mode
00000001   PRD0$ord
000001f4   PRD0$period
00000000   PRD0$prd
1181cf5c   PRD0$sts
1181be7f   PRD0$sts$avgfmt
00000000   PRD0$sts$filter
1181be6d   PRD0$sts$maxfmt
1181cf58   PRD0$sts$stsobj
1181be76   PRD0$sts$sumfmt
00000002   PRD0$sts$unittype
1181b520   PRD_A_TABBEG
1181b540   PRD_A_TABEND
00000001   PRD_A_TABLEN
1181c7c0   PRD_D_cur
1181c7c4   PRD_D_elapsed
1181c7c8   PRD_D_prevtim
1181c7cc   PRD_D_scalar
1181c7d0   PRD_D_swihandle
1181c7d4   PRD_D_tabbeg
1181c7d8   PRD_D_tablen
1181c7dc   PRD_D_thook
1181c7bc   PRD_D_tick
11810460   PRD_F_swi
118106e4   PRD_F_tick
00000001   PRD_SCALAR
1181cf00   PRD_SWIHANDLE
118112f4   PRD_THOOKFXN
1180ef78   PRD_clock
1181cf00   PRD_swi
00000001   PRD_swi$dorta
00000001   PRD_swi$ord
00000001   PRD_swi$pri
1181cf6c   PRD_swi$sts
1181be9a   PRD_swi$sts$avgfmt
00000002   PRD_swi$sts$filter
00000001   PRD_swi$sts$filtmaxmult
00000001   PRD_swi$sts$filtsummult
1181be8a   PRD_swi$sts$maxfmt
1181cf68   PRD_swi$sts$stsobj
1181be92   PRD_swi$sts$sumfmt
00000000   PRD_swi$sts$unittype
00000000   PRD_swi$swi
00000001   PWRM$
00000030   PWRM_PWRM_CAPSMASK
0000000a   PWRM_PWRM_CLKTICKSPERSLOT
00000000   PWRM_PWRM_ENABLE
00000002   PWRM_PWRM_INITSPCPU
00000000   PWRM_PWRM_INITSPPER
00000000   PWRM_PWRM_LOADENABLE
00000001   PWRM_PWRM_NUMSLOTS
00000000   PWRM_PWRM_RESOURCETRACKING
00000000   PWRM_PWRM_SCALING
11813180   PWRM_PWRM_SHAREDRESOURCEFXN
11813180   PWRM_PWRM_SLOTHOOKFXN
00000000   PWRM_PWRM_TIMERIDNUM
00000000   PWRM_PWRM_TIMERINTRMASK
00000000   PWRM_PWRM_TIMERWUGENMASK
00000000   PWRM_PWRM_USERRESOURCES
00000000   PWRM_PWRM_USETIMER
00000001   QUE$
1181c7e0   RTA_D_fromHost
1181c7e8   RTA_D_logval
1181c7f8   RTA_D_stsval
1181c7e4   RTA_D_toHost
118130c0   RTA_F_andn
11810b40   RTA_F_dispatch
11810a60   RTA_F_getlog
11810a98   RTA_F_getsts
118130d8   RTA_F_or
11810ad8   RTA_F_readblk
11810b00   RTA_F_resetmem
11810af4   RTA_F_writeword
1181cbf8   RTA_dispatcher
1181d07c   RTA_dispatcher$
11810b8c   RTA_execute
1181d03c   RTA_fromHost
1180ef68   RTA_fromHost$buf
00000004   RTA_fromHost$framesize
00000000   RTA_fromHost$hst
00000001   RTA_fromHost$id
00000000   RTA_fromHost$mode
1181cb28   RTA_fromHost$pipe
1181cb58   RTA_fromHost$pipe$aaa
1181cb88   RTA_fromHost$pipe$bbb
1181c930   RTA_fromHost$pipe$dtab
1181cb2c   RTA_fromHost$pipe$rd
1181cb5c   RTA_fromHost$pipe$wr
1181d044   RTA_fromHost$rtdx
1181d058   RTA_toHost
1181ce00   RTA_toHost$buf
00000040   RTA_toHost$framesize
00000000   RTA_toHost$hst
00000000   RTA_toHost$id
00000001   RTA_toHost$mode
1181cb8c   RTA_toHost$pipe
1181cbbc   RTA_toHost$pipe$aaa
1181cbec   RTA_toHost$pipe$bbb
1181c93c   RTA_toHost$pipe$dtab
1181cb90   RTA_toHost$pipe$rd
1181cbc0   RTA_toHost$pipe$wr
1181d060   RTA_toHost$rtdx
00000001   RTDX$
00000408   RTDX_BUFMEMSIZE
1181c92c   RTDX_DATAMEMSEG
00000000   RTDX_MODE
00000001   RTDX_NORMALIZED_HDR
00000001   RTDX_USERTDX
00000000   RTDX_USERTEXECUTION
00000000   SEM$
00000000   SIO$
00000001   STS$
1181cf58   STS_A_TABBEG
1181cfa8   STS_A_TABEND
11812f8c   STS_F_add
11812f60   STS_F_delta
11812fa8   STS_F_reset
00000001   SWI$
1181cf00   SWI_A_TABBEG
1181cf58   SWI_A_TABEND
00000002   SWI_A_TABLEN
1181c854   SWI_D_curfxn
1181c844   SWI_D_curmask
1181c850   SWI_D_curmbox
1181c848   SWI_D_curset
1181c840   SWI_D_execaddr
1181c85c   SWI_D_inswi
1181c84c   SWI_D_lock
1181c858   SWI_D_rdybeg
1181c860   SWI_D_rdytab
1181c83c   SWI_D_runaddr
00000000   SWI_EHOOKFXN
11810184   SWI_EXECFXN
1180ffa0   SWI_F_enable
11810184   SWI_F_exec
118101ac   SWI_F_iexec
11810010   SWI_F_post
1181022c   SWI_F_run
00000000   SWI_IHOOKFXN
1181022c   SWI_RUNFXN
00000001   SYS$
1181d084   SYS$config
11813100   SYS_ABORTFXN
11813200   SYS_ERRORFXN
11813220   SYS_EXITFXN
11813140   SYS_PUTCFXN
1181d0a4   TRC_R_mask
1181d0a0   TRC_cinit
00000001   TSK$
00000000   TSK_NUM_HOOKS
00000001   TSK_PRIORITY
00000000   TSK_READYFXN
00000000   TSK_STACKSEG
00000400   TSK_STACKSIZE
00000000   TSK_SWITCHFXN
11813180   TSK_VCREATEFXN
11813180   TSK_VDELETEFXN
11813180   TSK_VEXITFXN
11818778   TSK_idle
00000000   TSK_idle$ord
00000000   TSK_idle$pri
1181be70   TSK_idle$stack
1181c208   TSK_idle$stkptr
1181cf8c   TSK_idle$sts
1181bece   TSK_idle$sts$avgfmt
00000002   TSK_idle$sts$filter
00000001   TSK_idle$sts$filtmaxmult
00000001   TSK_idle$sts$filtsummult
1181bebe   TSK_idle$sts$maxfmt
1181cf88   TSK_idle$sts$stsobj
1181bec6   TSK_idle$sts$sumfmt
00000000   TSK_idle$sts$unittype
00000000   TSK_idle$tsk
00000000   UDEV$
1180104c   _AIC3106_Init
11801100   _AIC3106_readRegister
11801154   _AIC3106_writeRegister
11813180   _BCACHE_bootInit
11812494   _BCACHE_getMar
11812444   _BCACHE_getSize
11812414   _BCACHE_setCacheToSram
118123c4   _BCACHE_setMar
11812380   _BCACHE_setSize
1181afc0   _BIOS_init
1181b1f0   _BIOS_start
118065e0   _BQ_init
11806668   _BQ_process
11806640   _BQ_setDen
11806614   _BQ_setNum
ffffffff   _CACHE_L1D
ffffffff   _CACHE_L1P
000493e0   _CLK_COUNTSPMS
1181c9e0   _CLK_DFLTMICROSECS
1181c7b8   _CLK_D_countspms
1181c7ac   _CLK_D_dirty
1181c9e4   _CLK_D_microseconds
1181c7b0   _CLK_D_prd
1181c7b4   _CLK_D_tddr
11811f30   _CLK_F_itime
00005dc0   _CLK_PRD
01c20000   _CLK_REGS
00000000   _CLK_TDDR
00000000   _CLK_TIMERNUM
00000001   _CLK_USETIMER
11813240   _CLK_gethtime
1181c79c   _CLK_htimeDiv
1181c7a0   _CLK_htimeMult
1181c9f0   _CLK_htimePerLtime
1180ea4c   _CLK_inputClock
11811f30   _CLK_itime
1181c7a4   _CLK_ltimeDiv
1181c7a8   _CLK_ltimeMult
11813020   _CLK_measure
ffffffff   _DDR
11805ec4   _DIP_get
11805f28   _DIP_getAll
11805ea0   _DIP_init
0000000a   _EVENT10
00000064   _EVENT100
00000065   _EVENT101
00000066   _EVENT102
00000067   _EVENT103
00000068   _EVENT104
00000069   _EVENT105
0000006a   _EVENT106
0000006b   _EVENT107
0000006c   _EVENT108
0000006d   _EVENT109
0000000b   _EVENT11
0000006e   _EVENT110
0000006f   _EVENT111
00000070   _EVENT112
00000071   _EVENT113
00000072   _EVENT114
00000073   _EVENT115
00000074   _EVENT116
00000075   _EVENT117
00000076   _EVENT118
00000077   _EVENT119
0000000c   _EVENT12
00000078   _EVENT120
00000079   _EVENT121
0000007a   _EVENT122
0000007b   _EVENT123
0000007c   _EVENT124
0000007d   _EVENT125
0000007e   _EVENT126
0000007f   _EVENT127
0000000d   _EVENT13
0000000e   _EVENT14
0000000f   _EVENT15
00000010   _EVENT16
00000011   _EVENT17
00000012   _EVENT18
00000013   _EVENT19
00000014   _EVENT20
00000015   _EVENT21
00000016   _EVENT22
00000017   _EVENT23
00000018   _EVENT24
00000019   _EVENT25
0000001a   _EVENT26
0000001b   _EVENT27
0000001c   _EVENT28
0000001d   _EVENT29
0000001e   _EVENT30
0000001f   _EVENT31
00000020   _EVENT32
00000021   _EVENT33
00000022   _EVENT34
00000023   _EVENT35
00000024   _EVENT36
00000025   _EVENT37
00000026   _EVENT38
00000027   _EVENT39
00000004   _EVENT4
00000028   _EVENT40
00000029   _EVENT41
0000002a   _EVENT42
0000002b   _EVENT43
0000002c   _EVENT44
0000002d   _EVENT45
0000002e   _EVENT46
0000002f   _EVENT47
00000030   _EVENT48
00000031   _EVENT49
00000005   _EVENT5
00000032   _EVENT50
00000033   _EVENT51
00000034   _EVENT52
00000035   _EVENT53
00000036   _EVENT54
00000037   _EVENT55
00000038   _EVENT56
00000039   _EVENT57
0000003a   _EVENT58
0000003b   _EVENT59
00000006   _EVENT6
0000003c   _EVENT60
0000003d   _EVENT61
0000003e   _EVENT62
0000003f   _EVENT63
00000040   _EVENT64
00000041   _EVENT65
00000042   _EVENT66
00000043   _EVENT67
00000044   _EVENT68
00000045   _EVENT69
00000007   _EVENT7
00000046   _EVENT70
00000047   _EVENT71
00000048   _EVENT72
00000049   _EVENT73
0000004a   _EVENT74
0000004b   _EVENT75
0000004c   _EVENT76
0000004d   _EVENT77
0000004e   _EVENT78
0000004f   _EVENT79
00000008   _EVENT8
00000050   _EVENT80
00000051   _EVENT81
00000052   _EVENT82
00000053   _EVENT83
00000054   _EVENT84
00000055   _EVENT85
00000056   _EVENT86
00000057   _EVENT87
00000058   _EVENT88
00000059   _EVENT89
00000009   _EVENT9
0000005a   _EVENT90
0000005b   _EVENT91
0000005c   _EVENT92
0000005d   _EVENT93
0000005e   _EVENT94
0000005f   _EVENT95
00000060   _EVENT96
00000061   _EVENT97
00000062   _EVENT98
00000063   _EVENT99
118001e8   _EVMC6748_enableDsp
11800000   _EVMC6748_init
1180002c   _EVMC6748_initRAM
118002b0   _EVMC6748_lpscTransition
11800214   _EVMC6748_pinmuxConfig
1180fa90   _EXC_clearLastStatus
11811500   _EXC_dispatch
1180f8b4   _EXC_exceptionHandler
1181c998   _EXC_exceptionHook
1180f880   _EXC_external
1181c9a0   _EXC_externalHook
1180f860   _EXC_getLastStatus
1180f820   _EXC_init
1180f574   _EXC_internal
1181c99c   _EXC_internalHook
1180f540   _EXC_nmi
1181c9a4   _EXC_nmiHook
1181c950   _EXC_returnPtr
118116c4   _EXC_setReturnPtr
1180ef10   _EXC_status
1181c948   _EXC_sysTrapTable
11813180   _FXN_F_nop
11812de4   _FXN_F_run
11812e20   _FXN_F_zero
00000000   _GBL_CACHE
11812528   _GBL_cacheInit64P
1181c814   _GBL_clkIn
1181c818   _GBL_freq
118131a0   _GBL_getVersion
1181c810   _GBL_procId
118034f8   _GPIO_getInput
11803480   _GPIO_setDir
1180356c   _GPIO_setOutput
118035ec   _GPIO_toggleLoop
11807620   _HOSTclose
11806700   _HOSTlseek
11806a00   _HOSTopen
11806ae0   _HOSTread
11805d20   _HOSTrename
11807020   _HOSTunlink
118070e0   _HOSTwrite
1181a000   _HSRTDX_rec
1181a760   _HSRTDX_xmt
1181d038   _HST_A_TABBEG
1181d074   _HST_A_TABEND
00005828   _HWI_CFGDISPATCHED
1181c974   _HWI_D_inhwi
1181c968   _HWI_D_spsave
1180fac0   _HWI_F_dispatch
0000000a   _HWI_INT10
0000000b   _HWI_INT11
0000000c   _HWI_INT12
0000000d   _HWI_INT13
0000000e   _HWI_INT14
0000000f   _HWI_INT15
00000004   _HWI_INT4
00000005   _HWI_INT5
00000006   _HWI_INT6
00000007   _HWI_INT7
00000008   _HWI_INT8
00000009   _HWI_INT9
00000001   _HWI_NMI
00000002   _HWI_RESERVED0
00000003   _HWI_RESERVED1
00000000   _HWI_RESET
1181c668   _HWI_STKBOTTOM
1181c270   _HWI_STKTOP
1181c968   _HWI_data
11812e40   _HWI_disable
1181c670   _HWI_dispatchTab
11812e58   _HWI_enable
11812e6c   _HWI_restore
11802894   _I2CGPIO_getInput
118029b0   _I2CGPIO_getInputAll
118027c0   _I2CGPIO_init
11802ac0   _I2CGPIO_setOutput
11802c08   _I2CGPIO_setOutputAll
11803800   _I2C_init
118038ec   _I2C_read
11803a48   _I2C_write
1181cf9c   _IDL_busyObj
1181cbf0   _IDL_cpuLoad
118131c0   _IDL_loop
1181c92c   _IRAM
1181656c   _IRAM_base
00002000   _IRAM_length
1181c8e0   _KNL_alarm
118125e0   _KNL_check
1181c904   _KNL_curqueue
1181c8f4   _KNL_curtask
1181c8fc   _KNL_curtime
1180ed98   _KNL_dummy
11812940   _KNL_enter
11812900   _KNL_exit
118126a8   _KNL_idle
1181c91c   _KNL_idlefxn
1181c8e8   _KNL_inactive
11812b00   _KNL_ipost
118126d0   _KNL_max
1181c908   _KNL_maxqueue
11812b80   _KNL_post
1181c8f8   _KNL_prevtask
1181c8ec   _KNL_priority
1180ecf8   _KNL_queues
11810ce0   _KNL_run
11811f80   _KNL_saveIsrFrame
1181c8f0   _KNL_set
1181c8e4   _KNL_setpri
1181cf2c   _KNL_swi
1181c900   _KNL_swiptr
1181202c   _KNL_switch
1181c910   _KNL_tcreatefxn
1181c914   _KNL_tdeletefxn
118112f4   _KNL_tick
1181c918   _KNL_treadyfxn
1181c90c   _KNL_tswitchfxn
1181c8d8   _KNL_wFlag
1181c8dc   _KNL_wList
ffffffff   _L3_CBA_RAM
11812c20   _LCK_pend
11812c00   _LCK_post
118057e0   _LED_init
1180582c   _LED_isOn
1180592c   _LED_toggle
118058e4   _LED_turnOff
11805894   _LED_turnOn
1181cbf4   _LNK_dataPump
1181c984   _LNK_dspFrameReadyMask
1181c980   _LNK_dspFrameRequestMask
1181c98c   _LNK_readDone
1181c990   _LNK_readFail
1181c988   _LNK_readPend
1181c994   _LNK_writeFail
118187cc   _LOG_A_TABBEG
118187fc   _LOG_A_TABEND
00000002   _LOG_A_TABLEN
1181c77c   _LOG_D_system
11812c80   _LOG_event
118187cc   _LOG_system
1181c9f8   _MEM
1181c81c   _MEM_D_NUMSEGMENTS
1181c824   _MEM_D_freelist
1181c828   _MEM_D_lockaddr
1181c820   _MEM_D_memtab
1181c82c   _MEM_D_unlockaddr
11810f20   _MEM_alloc
11811320   _MEM_free
1181b400   _MEM_init
1181c920   _MEM_memtab
11800cd0   _McASP_Init
11800e14   _McASP_Start
1180ee68   _OBJ_segtab
1180ee30   _OBJ_table
1181cb28   _PIP_A_TABBEG
1181cbf0   _PIP_A_TABEND
1181b520   _PRD0
1181c7bc   _PRD_D_tick
1180ef78   _PRD_clock
1181cf00   _PRD_swi
118055e0   _RB3_init
118056e0   _RB3_innerProduct
11805634   _RB3_insert
11805758   _RB3_print
11805674   _RB3_push
11805650   _RB3_rotate
118056b0   _RB3_set
1181cbf8   _RTA_dispatcher
1181d03c   _RTA_fromHost
1181d058   _RTA_toHost
1181b5c0   _RTDX_Buffer
1181b9cc   _RTDX_Buffer_End
1181ade0   _RTDX_Buffer_Initialize
1181af60   _RTDX_Buffer_Read
1181aea0   _RTDX_Buffer_ReadCB
1181aee0   _RTDX_Buffer_Size
1181b9c8   _RTDX_Buffer_Start
1181af80   _RTDX_Buffer_Write
1181a2a0   _RTDX_Buffer_WriteCB
1181ad60   _RTDX_Final_RT_Monitor
1181ae40   _RTDX_Init_RT_Monitor
00000002   _RTDX_JTAGONLY
1181afa0   _RTDX_Mask_IER
1181aa60   _RTDX_Mon_Queue
1181acc0   _RTDX_Poll
00000000   _RTDX_interrupt_mask
1181af20   _RTDX_memfill
1181ba20   _RTDX_writing
1181c92c   _SEG0
11812f00   _SEM_pend
118118c0   _SEM_pendEnterKnl
11812820   _SEM_post
11812820   _SEM_postBinary
118129c0   _SEM_postEnterKnl
1181cf58   _STS_A_TABBEG
1181cfa8   _STS_A_TABEND
11812f8c   _STS_add
11812f60   _STS_delta
11812fa8   _STS_reset
118131e0   _STS_set
1181c854   _SWI_D_curfxn
1181c844   _SWI_D_curmask
1181c848   _SWI_D_curset
1181c840   _SWI_D_execaddr
1181c85c   _SWI_D_inswi
1181c84c   _SWI_D_lock
1181c858   _SWI_D_rdybeg
1181c83c   _SWI_D_runaddr
1181c83c   _SWI_data
11810010   _SWI_post
1181c830   _SYS
1181856c   _SYS_PUTCBEG
1181876b   _SYS_PUTCEND
11812fc0   _SYS_abort
11812d80   _SYS_error
11812a60   _SYS_exit
1180eed8   _SYS_exitStack
1181c9e8   _SYS_exitStackPtr
1181c9ec   _SYS_exitStackTop
11801210   _SetGpio
1181d0a4   _TRC_R_mask
1181c9d0   _TSK
1180edd0   _TSK_ATTRS
1180edec   _TSK_config
11812240   _TSK_exit
11818778   _TSK_idle
1181b4c0   _TSK_init
1181c9c8   _TSK_nTasks
1181c9cc   _TSK_pid
11811c40   _TSK_setup
118127a4   _TSK_startup
1180ee0c   _TSK_timerSem
11801198   _USTIMER_delay
11800c00   _UTIL_isUIBoardAttached
11800aa8   _UTIL_printMem
11813100   _UTL_doAbort
11813200   _UTL_doError
11813140   _UTL_doPutc
11813220   _UTL_halt
1181ca08   __CIOBUF_
11811f50   __CLK_lat1beg
11811f70   __CLK_lat1end
1181c838   __HOOK_NUMHOOKS
1181c834   __HOOK_knlId
1180fac0   __HWI_lat1beg
1180fc48   __HWI_lat1end
1180fc48   __HWI_lat2beg
1180fe24   __HWI_lat2end1
1180fdb0   __HWI_lat2end2
1180fe40   __HWI_lat3beg
1180fde0   __HWI_lat3end2
11812ea0   __IDL_lat1beg
11812ee0   __IDL_lat1end
1181262c   __KNL_lat1beg
118126a8   __KNL_lat1end
11812c80   __LOG_lat1beg
1180eeac   __MEM_mutex
11810b00   __RTA_lat1beg
11810b34   __RTA_lat1end
11811aa0   __SEM_dopost
1181c670   __STACK_END
00000400   __STACK_SIZE
11810118   __SWI_lat1beg
118101c4   __SWI_lat1end
118101c8   __SWI_lat2beg
11810228   __SWI_lat2end
1180ffa0   __SWI_lat3beg
1181000c   __SWI_lat3end
1180ee84   __TSK_mutex
1180ef54   ___TI_enable_exit_profile_output
ffffffff   ___TI_pprof_out_hndl
ffffffff   ___TI_prof_data_size
ffffffff   ___TI_prof_data_start
11808160   ___add_dtor
1180ea50   ___atexit_func_id__
ffffffff   ___binit__
1181c670   ___bss__
ffffffff   ___c_args__
11813260   ___cinit__
11800000   ___data__
11800000   ___edata__
1181ca04   ___end__
118083c0   ___etext__
118081a0   ___isinf
1181d094   ___pinit__
11800000   ___text__
11812100   __auto_init
11806bc0   __c6xabi_divi
11807260   __c6xabi_divu
118076c0   __cleanup
1180ef4c   __cleanup_ptr
11806280   __closefile
1181bbd0   __ctypes_
11801240   __divd
11806bc0   __divi
11807760   __divli
11807260   __divu
11805b80   __divul
118046a0   __divull
11807320   __doflush
1180ef50   __dtors_ptr
11807940   __fixdli
11807e40   __fltlid
11808220   __frcmpyd_div
1180ea48   __ft_end
1180e728   __ftable
11807ec0   __llshl
11808260   __llshru
1180ef58   __lock
118082e0   __negll
11808300   __nop
118079e0   __nround
11802ca0   __printfi
11808360   __register_lock
11808380   __register_unlock
118082a0   __remli
1181c270   __stack
11808040   __subcull
1180e908   __tmpnams
1180ef5c   __unlock
11806800   __wrt_ok
1180a4b0   _aHigh
1180a3c0   _aLow
1180a3f0   _aMid
1180a450   _aPres
118073e0   _atexit
11806ca0   _atoi
11801fec   _audioHWI
1180a4c8   _bHigh
1180a3d8   _bLow
1180a420   _bMid
1180a480   _bPres
118083c0   _b_fir
1181bcd8   _bitval_u32
1180d568   _buffer
1181b340   _c_int00
11806900   _call_dtors
11810a0c   _calloc
11806d80   _close
11800688   _config_pll0
118008c4   _config_pll1
11801ed4   _dipPRD
1181c9db   _dist
1180ee2c   _dtors
1181c9d6   _eqBypass
1180a568   _eqSignal
1180b568   _fftSignal
11804fc0   _fputc
118030e0   _fputs
118107e0   _free
118064c0   _fseek
1180e6b8   _high
1181c9da   _highCut
11800c68   _initAll
1180e568   _low
1181c9d7   _lowCut
11807bc0   _lseek
118074a0   _ltoa
11801d60   _main
11810804   _malloc
1181c9d4   _mask
11810948   _memalign
118080a0   _memccpy
11807c60   _memcpy
11806e60   _memset
1180e5d8   _mid
1181c9d8   _midCut
11807d00   _modf
1180e648   _pres
1181c9d9   _presCut
11806f40   _printf
11804fc0   _putc
11800c20   _read_audio_sample
11807f40   _readmsg
11810864   _realloc
118083a0   _remove
1181c9b0   _rtdxNullChanCnt
1181c9b4   _rtdxNullFuncCnt
1181c9bc   _rtdxRecNotDoneCnt
1181c9c4   _rtdxXmtErrorCnt
1181c9b8   _rtdxXmtNotDoneCnt
1181c9c0   _rtdxXmtRestartCnt
1181ba14   _rtdx_buffer_state
1181b9d0   _rtdx_mon_state
118053e0   _setvbuf
1180a4e0   _sine
118187e4   _trace
11807fc0   _unlink
11807da0   _write
1181c9dc   _writeIndex
11800c44   _write_audio_sample
11808100   _writemsg
ffffffff   binit
11813260   cinit
11800000   edata
1181ca04   end
118083c0   etext
1181cc00   hwi0
1181cc20   hwi1
1181cd40   hwi10
1181cd60   hwi11
1181cd80   hwi12
1181cda0   hwi13
1181cdc0   hwi14
1181cde0   hwi15
1181cc40   hwi2
1181cc60   hwi3
1181cc80   hwi4
1181cca0   hwi5
1181ccc0   hwi6
1181cce0   hwi7
1181cd00   hwi8
1181cd20   hwi9
1181d094   pinit
118187e4   trace
11819000   trace$buf
00000001   trace$datatype
00000000   trace$log
00000400   trace$size


GLOBAL SYMBOLS: SORTED BY Symbol Address 

address    name
--------   ----
00000000   BUF$
00000000   CLK_PRDHIGH
00000000   CLK_TDDR
00000000   CLK_TDDRHIGH
00000000   CLK_TIMERNUM
00000000   DEV$
00000000   DGN$
00000000   DHL$
00000000   DHL_gChannelsAvailable
00000000   DIO$
00000000   DIO_NUMSWIBASE
00000000   DIO_NUMTSKBASE
00000000   DIO_STATIC
00000000   DPI$
00000000   ECM$
00000000   ECM_ENABLE
00000000   GBL_BCACHEREADADDR0
00000000   GBL_BCACHEREADADDR1
00000000   GBL_BCACHEREADADDR2
00000000   GBL_BIGENDIAN
00000000   GBL_CACHE
00000000   GBL_CALLCSLCFGINIT
00000000   GBL_ENABLE_SK
00000000   GBL_GEMTRUECOMPEN
00000000   GBL_L2MAR0_31
00000000   GBL_L2MAR160_191
00000000   GBL_L2MAR224_255
00000000   GBL_L2MAR32_63
00000000   GBL_L2MAR64_95
00000000   GBL_L2MAR96_127
00000000   GBL_L2MODE
00000000   GBL_NULL
00000000   GBL_PROCID
00000000   GBL_ROM
00000000   GBL_SUPPORTCSL
00000000   GBL_USERINIT
00000000   GIO$
00000000   HOOK$
00000000   HOOK_KNLID
00000000   HST_DSM
00000000   HST_NONE
00000000   HWI_GENERATE_RESET_VEC
00000000   HWI_INT10$hwi
00000000   HWI_INT11$hwi
00000000   HWI_INT12$hwi
00000000   HWI_INT13$hwi
00000000   HWI_INT14$hwi
00000000   HWI_INT15$hwi
00000000   HWI_INT4$hwi
00000000   HWI_INT5$hwi
00000000   HWI_INT6$hwi
00000000   HWI_INT7$hwi
00000000   HWI_INT8$hwi
00000000   HWI_INT9$hwi
00000000   HWI_NMI$hwi
00000000   HWI_POLARITYMASK
00000000   HWI_RESERVED0$hwi
00000000   HWI_RESERVED1$hwi
00000000   HWI_RESET
00000000   HWI_RESET$hwi
00000000   HWI_ZEROTAB
00000000   IDL_busyObj$iB
00000000   IDL_busyObj$operation
00000000   KNL_swi$pri
00000000   KNL_swi$sts$unittype
00000000   KNL_swi$swi
00000000   LOG_system$datatype
00000000   LOG_system$log
00000000   MBX$
00000000   MEM_NULL
00000000   MEM_USEMPC
00000000   MSGQ$
00000000   MSGQ_USEMSGQ
00000000   OBJ$
00000000   PIP$
00000000   PIP_gNextId
00000000   POOL$
00000000   POOL_USEPOOL
00000000   PRD0$mode
00000000   PRD0$prd
00000000   PRD0$sts$filter
00000000   PRD_swi$sts$unittype
00000000   PRD_swi$swi
00000000   PWRM_PWRM_ENABLE
00000000   PWRM_PWRM_INITSPPER
00000000   PWRM_PWRM_LOADENABLE
00000000   PWRM_PWRM_RESOURCETRACKING
00000000   PWRM_PWRM_SCALING
00000000   PWRM_PWRM_TIMERIDNUM
00000000   PWRM_PWRM_TIMERINTRMASK
00000000   PWRM_PWRM_TIMERWUGENMASK
00000000   PWRM_PWRM_USERRESOURCES
00000000   PWRM_PWRM_USETIMER
00000000   RTA_fromHost$hst
00000000   RTA_fromHost$mode
00000000   RTA_toHost$hst
00000000   RTA_toHost$id
00000000   RTDX_MODE
00000000   RTDX_USERTEXECUTION
00000000   SEM$
00000000   SIO$
00000000   SWI_EHOOKFXN
00000000   SWI_IHOOKFXN
00000000   TSK_NUM_HOOKS
00000000   TSK_READYFXN
00000000   TSK_STACKSEG
00000000   TSK_SWITCHFXN
00000000   TSK_idle$ord
00000000   TSK_idle$pri
00000000   TSK_idle$sts$unittype
00000000   TSK_idle$tsk
00000000   UDEV$
00000000   _CLK_TDDR
00000000   _CLK_TIMERNUM
00000000   _GBL_CACHE
00000000   _HWI_RESET
00000000   _RTDX_interrupt_mask
00000000   trace$log
00000001   BUF_ENABLED
00000001   CLK$
00000001   CLK_CALDIV
00000001   CLK_CALMULT
00000001   CLK_ENABLEHTIME
00000001   CLK_HTIMEDIV
00000001   CLK_HTIMEMULT
00000001   CLK_LTIMEDIV
00000001   CLK_POWERENABLE
00000001   CLK_RESETTIMER
00000001   CLK_USETIMER
00000001   GBL$
00000001   GBL_ENABLEINST
00000001   GBL_L2CONFIGURE
00000001   GBL_L2MAR128_159
00000001   GBL_boot
00000001   HST$
00000001   HST_RTDX
00000001   HWI$
00000001   HWI_ENABLE_EXC
00000001   HWI_NMI
00000001   IDL$
00000001   IDL_USECLKIDLTIME
00000001   IDL_busyObj$filter
00000001   IDL_busyObj$iA
00000001   IDL_busyObj$iC
00000001   ISRC$
00000001   KNL_swi$dorta
00000001   KNL_swi$sts$filtmaxmult
00000001   KNL_swi$sts$filtsummult
00000001   LCK$
00000001   LOG$
00000001   LOG_ENABLED
00000001   MEM$
00000001   MEM_gNumHeap
00000001   PRD$
00000001   PRD0$ord
00000001   PRD_A_TABLEN
00000001   PRD_SCALAR
00000001   PRD_swi$dorta
00000001   PRD_swi$ord
00000001   PRD_swi$pri
00000001   PRD_swi$sts$filtmaxmult
00000001   PRD_swi$sts$filtsummult
00000001   PWRM$
00000001   PWRM_PWRM_NUMSLOTS
00000001   QUE$
00000001   RTA_fromHost$id
00000001   RTA_toHost$mode
00000001   RTDX$
00000001   RTDX_NORMALIZED_HDR
00000001   RTDX_USERTDX
00000001   STS$
00000001   SWI$
00000001   SYS$
00000001   TSK$
00000001   TSK_PRIORITY
00000001   TSK_idle$sts$filtmaxmult
00000001   TSK_idle$sts$filtsummult
00000001   _CLK_USETIMER
00000001   _HWI_NMI
00000001   trace$datatype
00000002   HWI_RESERVED0
00000002   IDL_busyObj$unittype
00000002   KNL_swi$ord
00000002   KNL_swi$sts$filter
00000002   LOG_A_TABLEN
00000002   PIP_A_TABLEN
00000002   PIP_gNumEmbed
00000002   PRD0$sts$unittype
00000002   PRD_swi$sts$filter
00000002   PWRM_PWRM_INITSPCPU
00000002   SWI_A_TABLEN
00000002   TSK_idle$sts$filter
00000002   _HWI_RESERVED0
00000002   _LOG_A_TABLEN
00000002   _RTDX_JTAGONLY
00000003   HWI_RESERVED1
00000003   _HWI_RESERVED1
00000004   CLK_COUNTSPMSHIGH
00000004   EVENT4
00000004   HWI_INT4
00000004   RTA_fromHost$framesize
00000004   _EVENT4
00000004   _HWI_INT4
00000005   CLK_TIMMODE
00000005   EVENT5
00000005   HWI_INT5
00000005   _EVENT5
00000005   _HWI_INT5
00000006   EVENT6
00000006   HWI_INT6
00000006   IDL_CALIBRERROR
00000006   _EVENT6
00000006   _HWI_INT6
00000007   EVENT7
00000007   GBL_L1DMODE
00000007   GBL_L1PMODE
00000007   HWI_INT7
00000007   _EVENT7
00000007   _HWI_INT7
00000008   EVENT8
00000008   HWI_INT8
00000008   _EVENT8
00000008   _HWI_INT8
00000009   EVENT9
00000009   HWI_INT9
00000009   _EVENT9
00000009   _HWI_INT9
0000000a   EVENT10
0000000a   HWI_INT10
0000000a   PWRM_PWRM_CLKTICKSPERSLOT
0000000a   _EVENT10
0000000a   _HWI_INT10
0000000b   EVENT11
0000000b   HWI_INT11
0000000b   _EVENT11
0000000b   _HWI_INT11
0000000c   EVENT12
0000000c   HWI_INT12
0000000c   _EVENT12
0000000c   _HWI_INT12
0000000d   EVENT13
0000000d   HWI_INT13
0000000d   _EVENT13
0000000d   _HWI_INT13
0000000e   EVENT14
0000000e   HWI_INT14
0000000e   _EVENT14
0000000e   _HWI_INT14
0000000f   EVENT15
0000000f   HWI_INT15
0000000f   _EVENT15
0000000f   _HWI_INT15
00000010   EVENT16
00000010   _EVENT16
00000011   EVENT17
00000011   _EVENT17
00000012   EVENT18
00000012   _EVENT18
00000013   EVENT19
00000013   _EVENT19
00000014   EVENT20
00000014   _EVENT20
00000015   EVENT21
00000015   _EVENT21
00000016   EVENT22
00000016   _EVENT22
00000017   EVENT23
00000017   _EVENT23
00000018   EVENT24
00000018   _EVENT24
00000019   EVENT25
00000019   _EVENT25
0000001a   EVENT26
0000001a   _EVENT26
0000001b   EVENT27
0000001b   _EVENT27
0000001c   EVENT28
0000001c   _EVENT28
0000001d   EVENT29
0000001d   _EVENT29
0000001e   EVENT30
0000001e   _EVENT30
0000001f   EVENT31
0000001f   _EVENT31
00000020   CLK_TCR
00000020   EVENT32
00000020   _EVENT32
00000021   EVENT33
00000021   _EVENT33
00000022   EVENT34
00000022   _EVENT34
00000023   EVENT35
00000023   _EVENT35
00000024   EVENT36
00000024   _EVENT36
00000025   EVENT37
00000025   _EVENT37
00000026   EVENT38
00000026   _EVENT38
00000027   EVENT39
00000027   _EVENT39
00000028   EVENT40
00000028   _EVENT40
00000029   EVENT41
00000029   _EVENT41
0000002a   EVENT42
0000002a   _EVENT42
0000002b   EVENT43
0000002b   _EVENT43
0000002c   EVENT44
0000002c   _EVENT44
0000002d   EVENT45
0000002d   _EVENT45
0000002e   EVENT46
0000002e   _EVENT46
0000002f   EVENT47
0000002f   _EVENT47
00000030   EVENT48
00000030   PWRM_PWRM_CAPSMASK
00000030   _EVENT48
00000031   EVENT49
00000031   _EVENT49
00000032   EVENT50
00000032   _EVENT50
00000033   EVENT51
00000033   _EVENT51
00000034   EVENT52
00000034   _EVENT52
00000035   EVENT53
00000035   _EVENT53
00000036   EVENT54
00000036   _EVENT54
00000037   EVENT55
00000037   _EVENT55
00000038   EVENT56
00000038   _EVENT56
00000039   EVENT57
00000039   _EVENT57
0000003a   EVENT58
0000003a   _EVENT58
0000003b   EVENT59
0000003b   _EVENT59
0000003c   EVENT60
0000003c   _EVENT60
0000003d   EVENT61
0000003d   _EVENT61
0000003e   EVENT62
0000003e   GBL_DSPTYPE
0000003e   _EVENT62
0000003f   EVENT63
0000003f   _EVENT63
00000040   EVENT64
00000040   HST_MAXFRAMESET
00000040   RTA_toHost$framesize
00000040   _EVENT64
00000041   EVENT65
00000041   _EVENT65
00000042   EVENT66
00000042   GBL_FOOTPRINT
00000042   _EVENT66
00000043   EVENT67
00000043   _EVENT67
00000044   EVENT68
00000044   _EVENT68
00000045   EVENT69
00000045   _EVENT69
00000046   EVENT70
00000046   _EVENT70
00000047   EVENT71
00000047   _EVENT71
00000048   EVENT72
00000048   _EVENT72
00000049   EVENT73
00000049   _EVENT73
0000004a   EVENT74
0000004a   _EVENT74
0000004b   EVENT75
0000004b   _EVENT75
0000004c   EVENT76
0000004c   _EVENT76
0000004d   EVENT77
0000004d   _EVENT77
0000004e   EVENT78
0000004e   _EVENT78
0000004f   EVENT79
0000004f   _EVENT79
00000050   EVENT80
00000050   _EVENT80
00000051   EVENT81
00000051   _EVENT81
00000052   EVENT82
00000052   _EVENT82
00000053   EVENT83
00000053   _EVENT83
00000054   EVENT84
00000054   _EVENT84
00000055   EVENT85
00000055   _EVENT85
00000056   EVENT86
00000056   _EVENT86
00000057   EVENT87
00000057   _EVENT87
00000058   EVENT88
00000058   _EVENT88
00000059   EVENT89
00000059   _EVENT89
0000005a   EVENT90
0000005a   _EVENT90
0000005b   EVENT91
0000005b   _EVENT91
0000005c   EVENT92
0000005c   _EVENT92
0000005d   EVENT93
0000005d   _EVENT93
0000005e   EVENT94
0000005e   _EVENT94
0000005f   EVENT95
0000005f   _EVENT95
00000060   EVENT96
00000060   _EVENT96
00000061   EVENT97
00000061   _EVENT97
00000062   EVENT98
00000062   _EVENT98
00000063   EVENT99
00000063   _EVENT99
00000064   EVENT100
00000064   PIP_OBJSIZE
00000064   _EVENT100
00000065   EVENT101
00000065   _EVENT101
00000066   EVENT102
00000066   _EVENT102
00000067   EVENT103
00000067   _EVENT103
00000068   EVENT104
00000068   _EVENT104
00000069   EVENT105
00000069   _EVENT105
0000006a   EVENT106
0000006a   _EVENT106
0000006b   EVENT107
0000006b   _EVENT107
0000006c   EVENT108
0000006c   _EVENT108
0000006d   EVENT109
0000006d   _EVENT109
0000006e   EVENT110
0000006e   _EVENT110
0000006f   EVENT111
0000006f   _EVENT111
00000070   EVENT112
00000070   _EVENT112
00000071   EVENT113
00000071   _EVENT113
00000072   EVENT114
00000072   _EVENT114
00000073   EVENT115
00000073   _EVENT115
00000074   EVENT116
00000074   _EVENT116
00000075   EVENT117
00000075   _EVENT117
00000076   EVENT118
00000076   _EVENT118
00000077   EVENT119
00000077   _EVENT119
00000078   EVENT120
00000078   _EVENT120
00000079   EVENT121
00000079   _EVENT121
0000007a   EVENT122
0000007a   _EVENT122
0000007b   EVENT123
0000007b   _EVENT123
0000007c   EVENT124
0000007c   _EVENT124
0000007d   EVENT125
0000007d   _EVENT125
0000007e   EVENT126
0000007e   _EVENT126
0000007f   EVENT127
0000007f   _EVENT127
000000ff   HST_MAXFRAMEALLOWED
000001f4   PRD0$period
00000200   LOG_system$size
000003e8   CLK_MICROSECS
00000400   HST_DSMMEMSIZE
00000400   TSK_STACKSIZE
00000400   __STACK_SIZE
00000400   trace$size
00000408   RTDX_BUFMEMSIZE
00001a5b   GBL_CLKTYPE
00001a5c   GBL_DSPSUBTYPE
00002000   IRAM$L
00002000   _IRAM_length
00004000   CLK_INTBIT
00004e20   GBL_CLKIN
00005205   GBL_A_VERSION
00005828   HWI_CFGDISPATCHED
00005828   _HWI_CFGDISPATCHED
00005dc0   CLK_INPUTCLK
00005dc0   CLK_PRD
00005dc0   _CLK_PRD
0000dbef   GBL_TRCMASKVALUE
000493e0   CLK_COUNTSPMS
000493e0   CLK_HTIMEPERLTIME
000493e0   CLK_LTIMEMULT
000493e0   GBL_FREQ
000493e0   _CLK_COUNTSPMS
01c20000   CLK_REGS
01c20000   _CLK_REGS
07063d04   HWI_INTRMUX1
0b0a0908   HWI_INTRMUX2
11800000   .data
11800000   .text
11800000   _EVMC6748_init
11800000   ___data__
11800000   ___edata__
11800000   ___text__
11800000   edata
1180002c   _EVMC6748_initRAM
118001e8   _EVMC6748_enableDsp
11800214   _EVMC6748_pinmuxConfig
118002b0   _EVMC6748_lpscTransition
11800688   _config_pll0
118008c4   _config_pll1
11800aa8   _UTIL_printMem
11800c00   _UTIL_isUIBoardAttached
11800c20   _read_audio_sample
11800c44   _write_audio_sample
11800c68   _initAll
11800cd0   _McASP_Init
11800e14   _McASP_Start
1180104c   _AIC3106_Init
11801100   _AIC3106_readRegister
11801154   _AIC3106_writeRegister
11801198   _USTIMER_delay
11801210   _SetGpio
11801240   __divd
11801d60   _main
11801ed4   _dipPRD
11801fec   _audioHWI
118027c0   _I2CGPIO_init
11802894   _I2CGPIO_getInput
118029b0   _I2CGPIO_getInputAll
11802ac0   _I2CGPIO_setOutput
11802c08   _I2CGPIO_setOutputAll
11802ca0   __printfi
118030e0   _fputs
11803480   _GPIO_setDir
118034f8   _GPIO_getInput
1180356c   _GPIO_setOutput
118035ec   _GPIO_toggleLoop
11803800   _I2C_init
118038ec   _I2C_read
11803a48   _I2C_write
118046a0   __divull
11804fc0   _fputc
11804fc0   _putc
118053e0   _setvbuf
118055e0   _RB3_init
11805634   _RB3_insert
11805650   _RB3_rotate
11805674   _RB3_push
118056b0   _RB3_set
118056e0   _RB3_innerProduct
11805758   _RB3_print
118057e0   _LED_init
1180582c   _LED_isOn
11805894   _LED_turnOn
118058e4   _LED_turnOff
1180592c   _LED_toggle
11805b80   __divul
11805d20   _HOSTrename
11805ea0   _DIP_init
11805ec4   _DIP_get
11805f28   _DIP_getAll
11806280   __closefile
118064c0   _fseek
118065e0   _BQ_init
11806614   _BQ_setNum
11806640   _BQ_setDen
11806668   _BQ_process
11806700   _HOSTlseek
11806800   __wrt_ok
11806900   _call_dtors
11806a00   _HOSTopen
11806ae0   _HOSTread
11806bc0   __c6xabi_divi
11806bc0   __divi
11806ca0   _atoi
11806d80   _close
11806e60   _memset
11806f40   _printf
11807020   _HOSTunlink
118070e0   _HOSTwrite
11807260   __c6xabi_divu
11807260   __divu
11807320   __doflush
118073e0   _atexit
118074a0   _ltoa
11807620   _HOSTclose
118076c0   __cleanup
11807760   __divli
11807940   __fixdli
118079e0   __nround
11807bc0   _lseek
11807c60   _memcpy
11807d00   _modf
11807da0   _write
11807e40   __fltlid
11807ec0   __llshl
11807f40   _readmsg
11807fc0   _unlink
11808040   __subcull
118080a0   _memccpy
11808100   _writemsg
11808158   C$$IO$$
11808160   ___add_dtor
118081a0   ___isinf
11808220   __frcmpyd_div
11808260   __llshru
118082a0   __remli
118082e0   __negll
11808300   __nop
11808360   __register_lock
11808380   __register_unlock
118083a0   _remove
118083c0   ___etext__
118083c0   _b_fir
118083c0   etext
1180a3c0   _aLow
1180a3d8   _bLow
1180a3f0   _aMid
1180a420   _bMid
1180a450   _aPres
1180a480   _bPres
1180a4b0   _aHigh
1180a4c8   _bHigh
1180a4e0   _sine
1180a568   _eqSignal
1180b568   _fftSignal
1180d568   _buffer
1180e568   _low
1180e5d8   _mid
1180e648   _pres
1180e6b8   _high
1180e728   __ftable
1180e908   __tmpnams
1180ea48   __ft_end
1180ea4c   _CLK_inputClock
1180ea50   ___atexit_func_id__
1180ecf8   _KNL_queues
1180ed98   _KNL_dummy
1180edd0   _TSK_ATTRS
1180edec   _TSK_config
1180ee0c   _TSK_timerSem
1180ee2c   _dtors
1180ee30   _OBJ_table
1180ee68   _OBJ_segtab
1180ee84   __TSK_mutex
1180eeac   __MEM_mutex
1180eed8   _SYS_exitStack
1180ef10   _EXC_status
1180ef4c   __cleanup_ptr
1180ef50   __dtors_ptr
1180ef54   ___TI_enable_exit_profile_output
1180ef58   __lock
1180ef5c   __unlock
1180ef68   RTA_fromHost$buf
1180ef78   CLK_A_TABBEG
1180ef78   PRD_clock
1180ef78   _PRD_clock
1180ef7c   CLK_null
1180ef80   LNK_F_checkBufferCall
1180efa0   LNK_F_getChanPtr
1180eff8   LNK_F_init
1180f000   LNK_F_dataPump
1180f010   LNK_rcloop
1180f0d4   LNK_rdrtry
1180f0e4   LNK_rrloop
1180f1a4   LNK_wrrtry
1180f1b0   LNK_wrloop
1180f280   LNK_newin
1180f3b4   LNK_newout
1180f508   LNK_F_readCallBack
1180f540   _EXC_nmi
1180f574   _EXC_internal
1180f820   _EXC_init
1180f860   _EXC_getLastStatus
1180f880   _EXC_external
1180f8b4   _EXC_exceptionHandler
1180fa90   _EXC_clearLastStatus
1180fac0   CLK_HOOKFXN
1180fac0   HWI_F_dispatch
1180fac0   _HWI_F_dispatch
1180fac0   __HWI_lat1beg
1180fc48   __HWI_lat1end
1180fc48   __HWI_lat2beg
1180fdb0   __HWI_lat2end2
1180fde0   __HWI_lat3end2
1180fe24   __HWI_lat2end1
1180fe40   __HWI_lat3beg
1180ffa0   SWI_F_enable
1180ffa0   __SWI_lat3beg
1181000c   __SWI_lat3end
11810010   SWI_F_post
11810010   _SWI_post
11810118   __SWI_lat1beg
11810184   SWI_EXECFXN
11810184   SWI_F_exec
118101ac   SWI_F_iexec
118101c4   __SWI_lat1end
118101c8   __SWI_lat2beg
11810228   __SWI_lat2end
1181022c   SWI_F_run
1181022c   SWI_RUNFXN
11810460   PRD_F_swi
118106e4   PRD_F_tick
118107e0   _free
11810804   _malloc
11810864   _realloc
11810948   _memalign
11810a0c   _calloc
11810a60   RTA_F_getlog
11810a98   RTA_F_getsts
11810ad8   RTA_F_readblk
11810af4   RTA_F_writeword
11810b00   RTA_F_resetmem
11810b00   __RTA_lat1beg
11810b34   __RTA_lat1end
11810b40   RTA_F_dispatch
11810b8c   RTA_execute
11810ce0   _KNL_run
11810f20   _MEM_alloc
118112f4   PRD_THOOKFXN
118112f4   _KNL_tick
11811320   _MEM_free
11811500   _EXC_dispatch
118116c4   _EXC_setReturnPtr
118116e0   PIP_F_take
11811758   PIP_F_give
11811758   PIP_F_probe
11811828   PIP_F_start
118118c0   _SEM_pendEnterKnl
11811aa0   __SEM_dopost
11811c40   _TSK_setup
11811de0   CLK_F_getltime
11811df0   CLK_F_isr
11811f30   CLK_F_itime
11811f30   _CLK_F_itime
11811f30   _CLK_itime
11811f50   __CLK_lat1beg
11811f70   __CLK_lat1end
11811f80   _KNL_saveIsrFrame
1181202c   _KNL_switch
118120d8   KNL_glue
11812100   __auto_init
11812240   _TSK_exit
11812380   _BCACHE_setSize
118123c4   _BCACHE_setMar
11812414   _BCACHE_setCacheToSram
11812444   _BCACHE_getSize
11812494   _BCACHE_getMar
11812528   _GBL_cacheInit64P
118125e0   _KNL_check
1181262c   __KNL_lat1beg
118126a8   _KNL_idle
118126a8   __KNL_lat1end
118126d0   _KNL_max
118127a4   _TSK_startup
11812820   _SEM_post
11812820   _SEM_postBinary
11812900   _KNL_exit
11812940   _KNL_enter
118129c0   _SEM_postEnterKnl
11812a60   _SYS_exit
11812b00   _KNL_ipost
11812b80   _KNL_post
11812c00   _LCK_post
11812c20   _LCK_pend
11812c80   LOG_F_event
11812c80   _LOG_event
11812c80   __LOG_lat1beg
11812d00   IDL_F_calibrate
11812d80   _SYS_error
11812de0   FXN_F_nop
11812de4   FXN_F_run
11812de4   _FXN_F_run
11812e20   FXN_F_zero
11812e20   _FXN_F_zero
11812e40   _HWI_disable
11812e58   _HWI_enable
11812e6c   _HWI_restore
11812ea0   IDL_F_busy
11812ea0   __IDL_lat1beg
11812ee0   __IDL_lat1end
11812f00   _SEM_pend
11812f60   STS_F_delta
11812f60   _STS_delta
11812f8c   STS_F_add
11812f8c   _STS_add
11812fa8   STS_F_reset
11812fa8   _STS_reset
11812fc0   _SYS_abort
11813020   _CLK_measure
11813080   IDL_CALIBRFXN
11813080   IDL_F_stub
118130c0   RTA_F_andn
118130d8   RTA_F_or
11813100   SYS_ABORTFXN
11813100   _UTL_doAbort
11813140   SYS_PUTCFXN
11813140   _UTL_doPutc
11813180   GBL_USERINITFXN
11813180   GIO_CREATEFXN
11813180   GIO_DELETEFXN
11813180   GIO_PENDFXN
11813180   GIO_POSTFXN
11813180   PWRM_PWRM_SHAREDRESOURCEFXN
11813180   PWRM_PWRM_SLOTHOOKFXN
11813180   TSK_VCREATEFXN
11813180   TSK_VDELETEFXN
11813180   TSK_VEXITFXN
11813180   _BCACHE_bootInit
11813180   _FXN_F_nop
118131a0   _GBL_getVersion
118131c0   IDL_F_loop
118131c0   _IDL_loop
118131e0   _STS_set
11813200   SYS_ERRORFXN
11813200   _UTL_doError
11813220   SYS_EXITFXN
11813220   _UTL_halt
11813240   CLK_F_gethtime
11813240   CLK_TIMEFXN
11813240   _CLK_gethtime
11813260   ___cinit__
11813260   cinit
1181656c   IRAM$B
1181656c   _IRAM_base
1181856c   _SYS_PUTCBEG
1181876b   _SYS_PUTCEND
11818778   TSK_idle
11818778   _TSK_idle
118187cc   LOG_A_TABBEG
118187cc   LOG_system
118187cc   _LOG_A_TABBEG
118187cc   _LOG_system
118187e4   _trace
118187e4   trace
118187fc   LOG_A_TABEND
118187fc   _LOG_A_TABEND
11818800   LOG_system$buf
11819000   trace$buf
1181a000   _HSRTDX_rec
1181a2a0   _RTDX_Buffer_WriteCB
1181a760   _HSRTDX_xmt
1181aa60   _RTDX_Mon_Queue
1181acc0   _RTDX_Poll
1181ad60   _RTDX_Final_RT_Monitor
1181ade0   _RTDX_Buffer_Initialize
1181ae40   _RTDX_Init_RT_Monitor
1181aea0   _RTDX_Buffer_ReadCB
1181aee0   _RTDX_Buffer_Size
1181af20   _RTDX_memfill
1181af60   _RTDX_Buffer_Read
1181af80   _RTDX_Buffer_Write
1181afa0   _RTDX_Mask_IER
1181afc0   BIOS_init
1181afc0   _BIOS_init
1181b144   BIOS$$CLKON
1181b184   BIOS$$CLKOFF
1181b1f0   BIOS_start
1181b1f0   _BIOS_start
1181b340   _c_int00
1181b400   _MEM_init
1181b4c0   _TSK_init
1181b520   PRD0
1181b520   PRD_A_TABBEG
1181b520   _PRD0
1181b53c   PRD0$aaa
1181b540   PRD_A_TABEND
1181b5c0   _RTDX_Buffer
1181b9c8   _RTDX_Buffer_Start
1181b9cc   _RTDX_Buffer_End
1181b9d0   _rtdx_mon_state
1181ba14   _rtdx_buffer_state
1181ba20   _RTDX_writing
1181bbd0   __ctypes_
1181bcd8   _bitval_u32
1181be6d   PRD0$sts$maxfmt
1181be70   TSK_idle$stack
1181be76   PRD0$sts$sumfmt
1181be7f   PRD0$sts$avgfmt
1181be8a   PRD_swi$sts$maxfmt
1181be92   PRD_swi$sts$sumfmt
1181be9a   PRD_swi$sts$avgfmt
1181bea4   KNL_swi$sts$maxfmt
1181beac   KNL_swi$sts$sumfmt
1181beb4   KNL_swi$sts$avgfmt
1181bebe   TSK_idle$sts$maxfmt
1181bec6   TSK_idle$sts$sumfmt
1181bece   TSK_idle$sts$avgfmt
1181bed8   IDL_busyObj$maxfmt
1181bedb   IDL_busyObj$sumfmt
1181bede   IDL_busyObj$avgfmt
1181c208   TSK_idle$stkptr
1181c270   GBL_stackbeg
1181c270   _HWI_STKTOP
1181c270   __stack
1181c668   _HWI_STKBOTTOM
1181c66f   GBL_stackend
1181c670   $bss
1181c670   .bss
1181c670   _HWI_dispatchTab
1181c670   __STACK_END
1181c670   ___bss__
1181c770   IDL_D_tabbeg
1181c774   IDL_D_calibrate
1181c778   IDL_D_calbeg
1181c77c   LOG_D_system
1181c77c   _LOG_D_system
1181c780   PIP_D_tabbeg
1181c784   PIP_D_tablen
1181c788   CLK_R_time
1181c78c   CLK_D_timefxn
1181c790   CLK_D_tabbeg
1181c794   CLK_D_isrhook
1181c798   CLK_D_idletime
1181c79c   _CLK_htimeDiv
1181c7a0   _CLK_htimeMult
1181c7a4   _CLK_ltimeDiv
1181c7a8   _CLK_ltimeMult
1181c7ac   _CLK_D_dirty
1181c7b0   _CLK_D_prd
1181c7b4   _CLK_D_tddr
1181c7b8   _CLK_D_countspms
1181c7bc   PRD_D_tick
1181c7bc   _PRD_D_tick
1181c7c0   PRD_D_cur
1181c7c4   PRD_D_elapsed
1181c7c8   PRD_D_prevtim
1181c7cc   PRD_D_scalar
1181c7d0   PRD_D_swihandle
1181c7d4   PRD_D_tabbeg
1181c7d8   PRD_D_tablen
1181c7dc   PRD_D_thook
1181c7e0   RTA_D_fromHost
1181c7e4   RTA_D_toHost
1181c7e8   RTA_D_logval
1181c7f8   RTA_D_stsval
1181c804   HST_D_chanmask
1181c808   HST_D_tabbeg
1181c80c   HST_D_tabend
1181c810   _GBL_procId
1181c814   _GBL_clkIn
1181c818   _GBL_freq
1181c81c   _MEM_D_NUMSEGMENTS
1181c820   _MEM_D_memtab
1181c824   _MEM_D_freelist
1181c828   _MEM_D_lockaddr
1181c82c   _MEM_D_unlockaddr
1181c830   _SYS
1181c834   __HOOK_knlId
1181c838   __HOOK_NUMHOOKS
1181c83c   SWI_D_runaddr
1181c83c   _SWI_D_runaddr
1181c83c   _SWI_data
1181c840   SWI_D_execaddr
1181c840   _SWI_D_execaddr
1181c844   SWI_D_curmask
1181c844   _SWI_D_curmask
1181c848   SWI_D_curset
1181c848   _SWI_D_curset
1181c84c   SWI_D_lock
1181c84c   _SWI_D_lock
1181c850   SWI_D_curmbox
1181c854   SWI_D_curfxn
1181c854   _SWI_D_curfxn
1181c858   SWI_D_rdybeg
1181c858   _SWI_D_rdybeg
1181c85c   SWI_D_inswi
1181c85c   _SWI_D_inswi
1181c860   SWI_D_rdytab
1181c8d8   _KNL_wFlag
1181c8dc   _KNL_wList
1181c8e0   _KNL_alarm
1181c8e4   _KNL_setpri
1181c8e8   _KNL_inactive
1181c8ec   _KNL_priority
1181c8f0   _KNL_set
1181c8f4   _KNL_curtask
1181c8f8   _KNL_prevtask
1181c8fc   _KNL_curtime
1181c900   _KNL_swiptr
1181c904   _KNL_curqueue
1181c908   _KNL_maxqueue
1181c90c   _KNL_tswitchfxn
1181c910   _KNL_tcreatefxn
1181c914   _KNL_tdeletefxn
1181c918   _KNL_treadyfxn
1181c91c   _KNL_idlefxn
1181c920   _MEM_memtab
1181c92c   HST_DSMBUFSEG
1181c92c   IRAM
1181c92c   MEM_MALLOCSEG
1181c92c   MEM_SEGZERO
1181c92c   RTDX_DATAMEMSEG
1181c92c   _IRAM
1181c92c   _SEG0
1181c930   RTA_fromHost$pipe$dtab
1181c93c   RTA_toHost$pipe$dtab
1181c948   _EXC_sysTrapTable
1181c950   _EXC_returnPtr
1181c968   HWI_D_spsave
1181c968   _HWI_D_spsave
1181c968   _HWI_data
1181c974   _HWI_D_inhwi
1181c978   HWI_D_bss
1181c97c   HWI_D_ccmask
1181c980   LNK_dspFrameRequestMask
1181c980   _LNK_dspFrameRequestMask
1181c984   LNK_dspFrameReadyMask
1181c984   _LNK_dspFrameReadyMask
1181c988   LNK_readPend
1181c988   _LNK_readPend
1181c98c   LNK_readDone
1181c98c   _LNK_readDone
1181c990   LNK_readFail
1181c990   _LNK_readFail
1181c994   LNK_writeFail
1181c994   _LNK_writeFail
1181c998   _EXC_exceptionHook
1181c99c   _EXC_internalHook
1181c9a0   _EXC_externalHook
1181c9a4   _EXC_nmiHook
1181c9b0   _rtdxNullChanCnt
1181c9b4   _rtdxNullFuncCnt
1181c9b8   _rtdxXmtNotDoneCnt
1181c9bc   _rtdxRecNotDoneCnt
1181c9c0   _rtdxXmtRestartCnt
1181c9c4   _rtdxXmtErrorCnt
1181c9c8   _TSK_nTasks
1181c9cc   _TSK_pid
1181c9d0   _TSK
1181c9d4   _mask
1181c9d6   _eqBypass
1181c9d7   _lowCut
1181c9d8   _midCut
1181c9d9   _presCut
1181c9da   _highCut
1181c9db   _dist
1181c9dc   _writeIndex
1181c9e0   _CLK_DFLTMICROSECS
1181c9e4   _CLK_D_microseconds
1181c9e8   _SYS_exitStackPtr
1181c9ec   _SYS_exitStackTop
1181c9f0   _CLK_htimePerLtime
1181c9f4   IDL_D_busyObj
1181c9f8   _MEM
1181ca04   ___end__
1181ca04   end
1181ca08   __CIOBUF_
1181cb28   PIP_A_TABBEG
1181cb28   RTA_fromHost$pipe
1181cb28   _PIP_A_TABBEG
1181cb2c   RTA_fromHost$pipe$rd
1181cb58   RTA_fromHost$pipe$aaa
1181cb5c   RTA_fromHost$pipe$wr
1181cb88   RTA_fromHost$pipe$bbb
1181cb8c   RTA_toHost$pipe
1181cb90   RTA_toHost$pipe$rd
1181cbbc   RTA_toHost$pipe$aaa
1181cbc0   RTA_toHost$pipe$wr
1181cbec   RTA_toHost$pipe$bbb
1181cbf0   IDL_A_TABBEG
1181cbf0   IDL_cpuLoad
1181cbf0   PIP_A_TABEND
1181cbf0   _IDL_cpuLoad
1181cbf0   _PIP_A_TABEND
1181cbf4   LNK_dataPump
1181cbf4   _LNK_dataPump
1181cbf8   RTA_dispatcher
1181cbf8   _RTA_dispatcher
1181cbfc   IDL_END
1181cc00   HWI_A_VECS
1181cc00   hwi0
1181cc20   hwi1
1181cc40   hwi2
1181cc60   hwi3
1181cc80   hwi4
1181cca0   hwi5
1181ccc0   hwi6
1181cce0   hwi7
1181cd00   hwi8
1181cd20   hwi9
1181cd40   hwi10
1181cd60   hwi11
1181cd80   hwi12
1181cda0   hwi13
1181cdc0   hwi14
1181cde0   hwi15
1181ce00   RTA_toHost$buf
1181cf00   PRD_SWIHANDLE
1181cf00   PRD_swi
1181cf00   SWI_A_TABBEG
1181cf00   _PRD_swi
1181cf2c   KNL_swi
1181cf2c   _KNL_swi
1181cf58   PRD0$sts$stsobj
1181cf58   STS_A_TABBEG
1181cf58   SWI_A_TABEND
1181cf58   _STS_A_TABBEG
1181cf5c   PRD0$sts
1181cf68   PRD_swi$sts$stsobj
1181cf6c   PRD_swi$sts
1181cf78   KNL_swi$sts$stsobj
1181cf7c   KNL_swi$sts
1181cf88   TSK_idle$sts$stsobj
1181cf8c   TSK_idle$sts
1181cf98   IDL_busyObj$stsobj
1181cf9c   IDL_busyObj
1181cf9c   _IDL_busyObj
1181cfa8   STS_A_TABEND
1181cfa8   _STS_A_TABEND
1181d038   HST_A_TABBEG
1181d038   _HST_A_TABBEG
1181d03c   RTA_fromHost
1181d03c   _RTA_fromHost
1181d044   RTA_fromHost$rtdx
1181d058   RTA_toHost
1181d058   _RTA_toHost
1181d060   RTA_toHost$rtdx
1181d074   HST_A_TABEND
1181d074   IDL_A_CALBEG
1181d074   IDL_cpuLoad$
1181d074   _HST_A_TABEND
1181d078   LNK_dataPump$
1181d07c   RTA_dispatcher$
1181d080   IDL_END$
1181d084   SYS$config
1181d094   ___pinit__
1181d094   pinit
1181d0a0   TRC_cinit
1181d0a4   TRC_R_mask
1181d0a4   _TRC_R_mask
1181d0a8   GBL_initdone
28040d0c   HWI_INTRMUX3
ffffffff   CACHE_L1D
ffffffff   CACHE_L1P
ffffffff   DDR
ffffffff   ECM_EVTMASK0
ffffffff   ECM_EVTMASK1
ffffffff   ECM_EVTMASK2
ffffffff   ECM_EVTMASK3
ffffffff   GBL_L2MAR192_223
ffffffff   L3_CBA_RAM
ffffffff   _CACHE_L1D
ffffffff   _CACHE_L1P
ffffffff   _DDR
ffffffff   _L3_CBA_RAM
ffffffff   ___TI_pprof_out_hndl
ffffffff   ___TI_prof_data_size
ffffffff   ___TI_prof_data_start
ffffffff   ___binit__
ffffffff   ___c_args__
ffffffff   binit

[1169 symbols]
