******************************************************************************
               TMS320C6x Linker PC v7.4.18                     
******************************************************************************
>> Linked Thu Jul 23 11:57:31 2020

OUTPUT FILE NAME:   <GuitarAmpGitVersion.out>
ENTRY POINT SYMBOL: "_c_int00"  address: 1181a5a0


MEMORY CONFIGURATION

         name            origin    length      used     unused   attr    fill
----------------------  --------  ---------  --------  --------  ----  --------
  IRAM                  11800000   00040000  0001ed65  0002129b  RWIX
  CACHE_L1P             11e00000   00008000  00000000  00008000  RWIX
  CACHE_L1D             11f00000   00008000  00000000  00008000  RWIX
  L3_CBA_RAM            80000000   00020000  00000000  00020000  RWIX
  DDR                   c3000000   01000000  00000000  01000000  RWIX


SECTION ALLOCATION MAP

 output                                  attributes/
section   page    origin      length       input sections
--------  ----  ----------  ----------   ----------------
.vers      0    00000000    0000003c     COPY SECTION
                  00000000    0000003c     hellocfg.obj (.vers)

.data      0    11800000    00000000     UNINITIALIZED

.far       0    11800000    00008b98     UNINITIALIZED
                  11800000    00008358     hello.obj (.far)
                  11808358    00000324     rts6740.lib : defs.obj (.far)
                  1180867c    00000004     bios6748.a674 : clk_data.o674 (.far)
                  11808680    00000188     rts6740.lib : atexit.obj (.far)
                  11808808    0000011c                 : lowlev.obj (.far)
                  11808924    00000004                 : fopen.obj (.far)
                  11808928    000000d8     bios.a674 : knl.o674 (.far)
                  11808a00    0000005c               : tsk.o674 (.far)
                  11808a5c    00000004     rts6740.lib : sinit.obj (.far)
                  11808a60    00000054     bios.a674 : obj_init.o674 (.far)
                  11808ab4    00000050               : tsk_stup.o674 (.far)
                  11808b04    00000004     --HOLE--
                  11808b08    00000020               : sys.o674 (.far)
                  11808b28    00000018     rtdx64xplus.lib : rtdx_mon.o64P (.far)
                  11808b40    00000010     bios.a674 : exc.o674 (.far)
                  11808b50    00000010               : knl_tick.o674 (.far)
                  11808b60    0000000c               : utl_putc.o674 (.far)
                  11808b6c    00000004     --HOLE--
                  11808b70    0000000c     block_sine.obj (.far)
                  11808b7c    0000000c     rts6740.lib : exit.obj (.far)
                  11808b88    00000008                 : _lock.obj (.far)
                  11808b90    00000008                 : trgdrv.obj (.far)

.clk       0    11808b98    00000008     UNINITIALIZED
                  11808b98    00000008     hellocfg.obj (.clk)

.text      0    11808ba0    000080a0     
                  11808ba0    00000c20     evmc6748_bsl.lib : evmc6748.obj (.text)
                  118097c0    000005a0     rts6740.lib : divd.obj (.text:__divd)
                  11809d60    00000580                 : _printfi.obj (.text:__getarg_diouxp)
                  1180a2e0    00000540     framework.obj (.text)
                  1180a820    00000520     rts6740.lib : _printfi.obj (.text:__setfield)
                  1180ad40    000004e0     evmc6748_bsl.lib : evmc6748_i2c_gpio.obj (.text)
                  1180b220    000004c0     hello.obj (.text)
                  1180b6e0    00000440     rts6740.lib : _printfi.obj (.text:__printfi)
                  1180bb20    000003a0                 : fputs.obj (.text:_fputs)
                  1180bec0    00000380     evmc6748_bsl.lib : evmc6748_gpio.obj (.text)
                  1180c240    00000380                      : evmc6748_i2c.obj (.text)
                  1180c5c0    00000320     rts6740.lib : _printfi.obj (.text:__pproc_fge)
                  1180c8e0    000002c0                 : _printfi.obj (.text:__pproc_fwp)
                  1180cba0    000002a0                 : _printfi.obj (.text:_ecvt)
                  1180ce40    000002a0                 : _printfi.obj (.text:_fcvt)
                  1180d0e0    00000260                 : imath64.obj (.text:__divull)
                  1180d340    00000260                 : _printfi.obj (.text:__pconv_e)
                  1180d5a0    00000240                 : _printfi.obj (.text:__pproc_diouxp)
                  1180d7e0    00000220                 : _printfi.obj (.text:__pproc_str)
                  1180da00    00000220                 : fputc.obj (.text:_fputc)
                  1180dc20    00000200                 : _printfi.obj (.text:__pconv_g)
                  1180de20    00000200                 : setvbuf.obj (.text:_setvbuf)
                  1180e020    000001e0     evmc6748_bsl.lib : evmc6748_led.obj (.text)
                  1180e200    000001c0     rts6740.lib : _printfi.obj (.text:__mcpy)
                  1180e3c0    000001a0                 : imath40.obj (.text:__divul)
                  1180e560    00000180                 : trgdrv.obj (.text:_HOSTrename)
                  1180e6e0    00000160     evmc6748_bsl.lib : evmc6748_dip.obj (.text)
                  1180e840    00000140     rts6740.lib : _printfi.obj (.text:__pproc_fflags)
                  1180e980    00000140                 : lowlev.obj (.text:_getdevice)
                  1180eac0    00000120                 : fclose.obj (.text:__closefile)
                  1180ebe0    00000120                 : _printfi.obj (.text:__ltostr)
                  1180ed00    00000120                 : fseek.obj (.text:_fseek)
                  1180ee20    00000120     rb.obj (.text)
                  1180ef40    00000100     rts6740.lib : trgdrv.obj (.text:_HOSTlseek)
                  1180f040    00000100                 : _io_perm.obj (.text:__wrt_ok)
                  1180f140    00000100                 : sinit.obj (.text:_call_dtors)
                  1180f240    000000e0                 : trgdrv.obj (.text:_HOSTopen)
                  1180f320    000000e0                 : trgdrv.obj (.text:_HOSTread)
                  1180f400    000000e0                 : atoi.obj (.text:_atoi)
                  1180f4e0    000000e0                 : lowlev.obj (.text:_close)
                  1180f5c0    000000e0                 : memset.obj (.text:_memset)
                  1180f6a0    000000e0                 : printf.obj (.text:_printf)
                  1180f780    000000e0     biquad.obj (.text)
                  1180f860    000000c0     rts6740.lib : trgdrv.obj (.text:_HOSTunlink)
                  1180f920    000000c0                 : trgdrv.obj (.text:_HOSTwrite)
                  1180f9e0    000000c0                 : _printfi.obj (.text:__div)
                  1180faa0    000000c0                 : divu.obj (.text:__divu)
                  1180fb60    000000c0                 : fflush.obj (.text:__doflush)
                  1180fc20    000000c0                 : atexit.obj (.text:_atexit)
                  1180fce0    000000c0                 : ltoa.obj (.text:_ltoa)
                  1180fda0    000000c0     bios.a674 : tsk_stup.o674 (.text)
                  1180fe60    000000a0     rts6740.lib : trgdrv.obj (.text:_HOSTclose)
                  1180ff00    000000a0                 : fopen.obj (.text:__cleanup)
                  1180ffa0    000000a0                 : imath40.obj (.text:__divli)
                  11810040    000000a0                 : _printfi.obj (.text:__ecpy)
                  118100e0    000000a0                 : _printfi.obj (.text:__fcpy)
                  11810180    000000a0                 : fixdli.obj (.text:__fixdli)
                  11810220    000000a0                 : round.obj (.text:__nround)
                  118102c0    000000a0                 : _printfi.obj (.text:__pconv_f)
                  11810360    000000a0                 : lowlev.obj (.text:_finddevice)
                  11810400    000000a0                 : lowlev.obj (.text:_lseek)
                  118104a0    000000a0                 : memcpy64.obj (.text:_memcpy)
                  11810540    000000a0                 : modf.obj (.text:_modf)
                  118105e0    000000a0                 : lowlev.obj (.text:_write)
                  11810680    00000080                 : fltlid.obj (.text:__fltlid)
                  11810700    00000080                 : llshift.obj (.text:__llshl)
                  11810780    00000080                 : trgmsg.obj (.text:_readmsg)
                  11810800    00000080                 : lowlev.obj (.text:_unlink)
                  11810880    00000060                 : imath64.obj (.text:__subcull)
                  118108e0    00000060                 : memccpy.obj (.text:_memccpy)
                  11810940    00000060                 : trgmsg.obj (.text:_writemsg)
                  118109a0    00000040                 : sinit.obj (.text:___add_dtor)
                  118109e0    00000040                 : isinf.obj (.text:___isinf)
                  11810a20    00000040                 : _printfi.obj (.text:___isnan)
                  11810a60    00000040                 : frcmpyd_div.obj (.text:__frcmpyd_div)
                  11810aa0    00000040                 : llshift.obj (.text:__llshru)
                  11810ae0    00000040                 : imath40.obj (.text:__remli)
                  11810b20    00000020                 : negll.obj (.text:__negll)
                  11810b40    00000020                 : _lock.obj (.text:__nop)
                  11810b60    00000020                 : printf.obj (.text:__outc)
                  11810b80    00000020                 : printf.obj (.text:__outs)
                  11810ba0    00000020                 : push.obj (.text:__pop_rts)
                  11810bc0    00000020                 : push.obj (.text:__push_rts)
                  11810be0    00000020                 : _lock.obj (.text:__register_lock)
                  11810c00    00000020                 : _lock.obj (.text:__register_unlock)
                  11810c20    00000020                 : remove.obj (.text:_remove)

.bios      0    11810c40    000042e0     
                  11810c40    000005c0     lnkrtdx.a674 : rtdx.o674 (.bios)
                  11811200    00000580     bios.a674 : exc.o674 (.bios)
                  11811780    000004e0               : hwi_disp_asm.o674 (.bios)
                  11811c60    000004c0               : swi.o674 (.bios)
                  11812120    00000380               : prd.o674 (.bios)
                  118124a0    00000280               : malloc.o674 (.bios)
                  11812720    00000280               : rta.o674 (.bios)
                  118129a0    00000240               : knl_run.o674 (.bios)
                  11812be0    00000200               : mem_allo.o674 (.bios:.near)
                  11812de0    00000200               : knl_tick.o674 (.bios)
                  11812fe0    000001e0               : mem_free.o674 (.bios:.near)
                  118131c0    000001e0               : exc_asm.o674 (.bios)
                  118133a0    000001e0               : pip.o674 (.bios)
                  11813580    000001e0               : sem_pend.o674 (.bios)
                  11813760    000001a0               : sem_dopo.o674 (.bios)
                  11813900    000001a0               : tsk_setu.o674 (.bios)
                  11813aa0    000001a0     bios6748.a674 : clk.o674 (.bios)
                  11813c40    00000180     bios.a674 : knl_swit.o674 (.bios)
                  11813dc0    00000140               : autoinit.o674 (.bios)
                  11813f00    00000140               : tsk_exit.o674 (.bios)
                  11814040    00000140     bios6748.a674 : bcache_init.o674 (.bios)
                  11814180    00000120     bios.a674 : gbl_cacheinit64P.o674 (.bios)
                  118142a0    00000120               : knl_chec.o674 (.bios)
                  118143c0    00000120               : tsk_stup.o674 (.bios)
                  118144e0    000000e0               : sem_post_asm.o674 (.bios)
                  118145c0    000000c0               : knl_exit.o674 (.bios)
                  11814680    000000a0               : sem_post.o674 (.bios)
                  11814720    000000a0               : sys_exit.o674 (.bios)
                  118147c0    00000080               : knl_ipos.o674 (.bios)
                  11814840    00000080               : knl_post.o674 (.bios)
                  118148c0    00000080               : lck.o674 (.bios)
                  11814940    00000080               : log.o674 (.bios)
                  118149c0    00000080     bios6748.a674 : idl_cal.o674 (.bios)
                  11814a40    00000060     bios.a674 : sys_erro.o674 (.bios:.near)
                  11814aa0    00000060               : fxn.o674 (.bios)
                  11814b00    00000060               : hwi_c.o674 (.bios)
                  11814b60    00000060               : idl_busy.o674 (.bios)
                  11814bc0    00000060               : sem_pend_counting.o674 (.bios)
                  11814c20    00000060               : sts.o674 (.bios)
                  11814c80    00000060               : sys_abor.o674 (.bios)
                  11814ce0    00000060     bios6748.a674 : clk_meas.o674 (.bios)
                  11814d40    00000040     bios.a674 : idl_stub.o674 (.bios)
                  11814d80    00000040               : rta_andn.o674 (.bios)
                  11814dc0    00000040               : utl_doab.o674 (.bios)
                  11814e00    00000040               : utl_putc.o674 (.bios)
                  11814e40    00000020               : fxn_c.o674 (.bios)
                  11814e60    00000020               : gbl_vers.o674 (.bios)
                  11814e80    00000020               : idl.o674 (.bios)
                  11814ea0    00000020               : sts_set.o674 (.bios)
                  11814ec0    00000020               : utl_doer.o674 (.bios)
                  11814ee0    00000020               : utl_halt.o674 (.bios)
                  11814f00    00000020     bios6748.a674 : clk_gethtime.o674 (.bios)

.cinit     0    11814f20    000032fc     
                  11814f20    0000225c     hello.obj (.cinit)
                  1181717c    00000004     --HOLE-- [fill = 0]
                  11817180    000006c4     hellocfg.obj (.cinit)
                  11817844    00000004     --HOLE-- [fill = 0]
                  11817848    0000026c     bios.a674 : biosdata.o674 (.cinit)
                  11817ab4    00000004     --HOLE-- [fill = 0]
                  11817ab8    000001a4               : knl.o674 (.cinit)
                  11817c5c    00000004     --HOLE-- [fill = 0]
                  11817c60    000000b0               : swi.o674 (.cinit)
                  11817d10    00000080               : tsk.o674 (.cinit)
                  11817d90    00000068     rtdx64xplus.lib : rtdx_mon.o64P (.cinit)
                  11817df8    00000060     bios.a674 : tsk_stup.o674 (.cinit)
                  11817e58    0000005c     lnkrtdx.a674 : rtdx.o674 (.cinit)
                  11817eb4    00000004     --HOLE-- [fill = 0]
                  11817eb8    0000005c     rts6740.lib : defs.obj (.cinit)
                  11817f14    00000004     --HOLE-- [fill = 0]
                  11817f18    0000005c                 : lowlev.obj (.cinit)
                  11817f74    00000004     --HOLE-- [fill = 0]
                  11817f78    0000004c     bios.a674 : rta.o674 (.cinit)
                  11817fc4    00000004     --HOLE-- [fill = 0]
                  11817fc8    0000004c     rtdx64xplus.lib : buffer1.o64P (.cinit)
                  11818014    00000004     --HOLE-- [fill = 0]
                  11818018    0000003c     bios.a674 : exc.o674 (.cinit)
                  11818054    00000004     --HOLE-- [fill = 0]
                  11818058    00000034               : hwi.o674 (.cinit)
                  1181808c    00000004     --HOLE-- [fill = 0]
                  11818090    0000002c               : utl_putc.o674 (.cinit)
                  118180bc    00000004     --HOLE-- [fill = 0]
                  118180c0    0000002c     rts6740.lib : exit.obj (.cinit)
                  118180ec    00000004     --HOLE-- [fill = 0]
                  118180f0    00000024     bios.a674 : obj_init.o674 (.cinit)
                  11818114    00000004     --HOLE-- [fill = 0]
                  11818118    00000024     block_sine.obj (.cinit)
                  1181813c    00000004     --HOLE-- [fill = 0]
                  11818140    0000001c     bios.a674 : exc_asm.o674 (.cinit)
                  1181815c    00000004     --HOLE-- [fill = 0]
                  11818160    0000001c               : sys.o674 (.cinit)
                  1181817c    00000004     --HOLE-- [fill = 0]
                  11818180    0000001c     rts6740.lib : _lock.obj (.cinit)
                  1181819c    00000004     --HOLE-- [fill = 0]
                  118181a0    0000001c                 : atexit.obj (.cinit)
                  118181bc    00000004     --HOLE-- [fill = 0]
                  118181c0    00000018     bios.a674 : knl_tick.o674 (.cinit)
                  118181d8    0000000c               : idl_busy.o674 (.cinit)
                  118181e4    00000004     --HOLE-- [fill = 0]
                  118181e8    0000000c               : knl_swit.o674 (.cinit)
                  118181f4    00000004     --HOLE-- [fill = 0]
                  118181f8    0000000c     rts6740.lib : fopen.obj (.cinit)
                  11818204    00000004     --HOLE-- [fill = 0]
                  11818208    0000000c                 : sinit.obj (.cinit)
                  11818214    00000004     --HOLE-- [fill = 0]
                  11818218    00000004     (.pad.cinit) [fill = 0]

.IRAM$heap 
*          0    1181821c    00002000     UNINITIALIZED
                  1181821c    00002000     --HOLE--

.args      0    1181a21c    00000004     
                  1181a21c    00000004     --HOLE-- [fill = 0]

.sysinit   0    1181a220    00000560     
                  1181a220    00000380     hellocfg.obj (.sysinit)
                  1181a5a0    000000c0     bios.a674 : boot.o674 (.sysinit)
                  1181a660    000000c0               : mem_init.o674 (.sysinit)
                  1181a720    00000060               : tsk_init.o674 (.sysinit)

.tsk       0    1181a780    00000060     UNINITIALIZED
                  1181a780    00000060     hellocfg.obj (.tsk)

.prd       0    1181a7e0    00000020     UNINITIALIZED
                  1181a7e0    00000020     hellocfg.obj (.prd)

.LOG_system$buf 
*          0    1181a800    00000800     UNINITIALIZED
                  1181a800    00000800     hellocfg.obj (.LOG_system$buf)

.trace$buf 
*          0    1181b000    00001000     UNINITIALIZED
                  1181b000    00001000     hellocfg.obj (.trace$buf)

.rtdx_text 
*          0    1181c000    00000fc0     
                  1181c000    000002a0     rtdx64xplus.lib : rtdx_mon.o64P (.rtdx_text:_HSRTDX_rec)
                  1181c2a0    00000260                     : buffer1.o64P (.rtdx_text:_RTDX_Buffer_WriteCB)
                  1181c500    00000260                     : buffer1.o64P (.rtdx_text:_RTDX_write_next)
                  1181c760    000001a0                     : rtdx_mon.o64P (.rtdx_text:_HSRTDX_xmt)
                  1181c900    00000160                     : rtdx_mon.o64P (.rtdx_text:_RTDX_Send_To_Host)
                  1181ca60    000000e0                     : rtdx_mon.o64P (.rtdx_text:_RTDX_Mon_Queue)
                  1181cb40    000000e0                     : buffer1.o64P (.rtdx_text:_claim)
                  1181cc20    000000a0                     : rtdx_mon.o64P (.rtdx_text:_RTDX_GetH2THeader)
                  1181ccc0    000000a0                     : rtdx_mon.o64P (.rtdx_text:_RTDX_Poll)
                  1181cd60    00000080                     : rtdx_mon.o64P (.rtdx_text:_RTDX_Final_RT_Monitor)
                  1181cde0    00000060                     : buffer1.o64P (.rtdx_text:_RTDX_Buffer_Initialize)
                  1181ce40    00000060                     : rtdx_mon.o64P (.rtdx_text:_RTDX_Init_RT_Monitor)
                  1181cea0    00000040                     : buffer2.o64P (.rtdx_text:_RTDX_Buffer_ReadCB)
                  1181cee0    00000040                     : buffer1.o64P (.rtdx_text:_RTDX_Buffer_Size)
                  1181cf20    00000040                     : memfill.o64P (.rtdx_text:_RTDX_memfill)
                  1181cf60    00000020                     : buffer2.o64P (.rtdx_text:_RTDX_Buffer_Read)
                  1181cf80    00000020                     : buffer1.o64P (.rtdx_text:_RTDX_Buffer_Write)
                  1181cfa0    00000020                     : intr_tgt.o64P (.rtdx_text)

.rtdx_data 
*          0    1181cfc0    000004f4     UNINITIALIZED
                  1181cfc0    00000080     --HOLE--
                  1181d040    00000410     hellocfg.obj (.rtdx_data)
                  1181d450    00000044     rtdx64xplus.lib : rtdx_mon.o64P (.rtdx_data)
                  1181d494    00000020                     : buffer1.o64P (.rtdx_data)

.mem       0    1181d4b4    00000004     UNINITIALIZED
                  1181d4b4    00000004     hellocfg.obj (.mem)

.const     0    1181d4b8    00000435     
                  1181d4b8    00000193     bios.a674 : exc.o674 (.const:.string)
                  1181d64b    00000004               : mem_allo.o674 (.const:.string)
                  1181d64f    00000001     --HOLE-- [fill = 0]
                  1181d650    00000101     rts6740.lib : ctype.obj (.const:.string:__ctypes_)
                  1181d751    00000004     bios.a674 : mem_free.o674 (.const:.string)
                  1181d755    00000002     rts6740.lib : fputs.obj (.const:.string)
                  1181d757    00000001     --HOLE-- [fill = 0]
                  1181d758    00000080     evmc6748_bsl.lib : evmc6748.obj (.const:_bitval_u32)
                  1181d7d8    0000004e     bios.a674 : tsk_stup.o674 (.const:.string)
                  1181d826    00000002     --HOLE-- [fill = 0]
                  1181d828    00000040     evmc6748_bsl.lib : evmc6748.obj (.const:.string)
                  1181d868    00000023     bios.a674 : utl_doab.o674 (.const:.string)
                  1181d88b    00000023     rts6740.lib : _printfi.obj (.const:.string)
                  1181d8ae    00000022     bios.a674 : utl_doer.o674 (.const:.string)
                  1181d8d0    0000001c     rb.obj (.const:.string)
                  1181d8ec    00000001     bios.a674 : tsk.o674 (.const:.string)

.printf    0    1181d8ed    00000076     COPY SECTION
                  1181d8ed    00000076     hellocfg.obj (.printf)

.TSK_idle$stk 
*          0    1181d8f0    00000400     UNINITIALIZED
                  1181d8f0    00000400     hellocfg.obj (.TSK_idle$stk)

.stack     0    1181dcf0    00000400     UNINITIALIZED
                  1181dcf0    00000400     --HOLE--

.bss       0    1181e0f0    00000394     UNINITIALIZED
                  1181e0f0    00000100     bios.a674 : hwi_disp_asm.o674 (.bss)
                  1181e1f0    000000cc               : biosdata.o674 (.bss)
                  1181e2bc    0000009c               : swi.o674 (.bss)
                  1181e358    00000048               : knl.o674 (.bss)
                  1181e3a0    00000028     hellocfg.obj (.bss)
                  1181e3c8    00000020     bios.a674 : exc_asm.o674 (.bss)
                  1181e3e8    00000018               : hwi.o674 (.bss)
                  1181e400    00000018     lnkrtdx.a674 : rtdx.o674 (.bss)
                  1181e418    00000010     bios.a674 : exc.o674 (.bss)
                  1181e428    00000010     rtdx64xplus.lib : buffer1.o64P (.bss)
                  1181e438    00000010                     : rtdx_mon.o64P (.bss)
                  1181e448    0000000c     bios.a674 : tsk.o674 (.bss)
                  1181e454    0000000c     hello.obj (.bss)
                  1181e460    00000008     bios.a674 : clk_data.o674 (.bss)
                  1181e468    00000008               : sys.o674 (.bss)
                  1181e470    00000004               : clk_data2.o674 (.bss)
                  1181e474    00000004               : idl_busy.o674 (.bss)
                  1181e478    00000004               : mem_asm.o674 (.bss)
                  1181e47c    00000004     block_sine.obj (.bss)
                  1181e480    00000004     evmc6748_bsl.lib : evmc6748_i2c.obj (.bss)

.trace     0    1181e484    00000200     
                  1181e484    00000200     --HOLE-- [fill = 00000000]

.cio       0    1181e688    00000120     UNINITIALIZED
                  1181e688    00000120     rts6740.lib : trgmsg.obj (.cio)

.swi       0    1181e7a8    00000058     UNINITIALIZED
                  1181e7a8    00000058     hellocfg.obj (.swi)

.hwi_vec   0    1181e800    00000200     
                  1181e800    00000200     hellocfg.obj (.hwi_vec)

.hst0      0    1181ea00    00000100     UNINITIALIZED
                  1181ea00    00000100     hellocfg.obj (.hst0)

.pip       0    1181eb00    000000c8     UNINITIALIZED
                  1181eb00    000000c8     hellocfg.obj (.pip)

.sts       0    1181ebc8    00000050     
                  1181ebc8    00000050     hellocfg.obj (.sts)

.gblinit   0    1181ec18    0000004c     
                  1181ec18    0000004c     hellocfg.obj (.gblinit)

.switch    0    1181ec64    00000044     
                  1181ec64    00000024     evmc6748_bsl.lib : evmc6748_gpio.obj (.switch:_getRegisterBankAndBit)
                  1181ec88    00000020                      : evmc6748_dip.obj (.switch:_convertDipToI2CGpio)

.hst       0    1181eca8    0000003c     UNINITIALIZED
                  1181eca8    0000003c     hellocfg.obj (.hst)

.log       0    1181ece4    00000030     
                  1181ece4    00000030     hellocfg.obj (.log)

.hst1      0    1181ed14    00000010     UNINITIALIZED
                  1181ed14    00000010     hellocfg.obj (.hst1)

.idl       0    1181ed24    00000010     UNINITIALIZED
                  1181ed24    00000010     hellocfg.obj (.idl)

.idlcal    0    1181ed34    00000010     UNINITIALIZED
                  1181ed34    00000010     hellocfg.obj (.idlcal)

.sys       0    1181ed44    00000010     UNINITIALIZED
                  1181ed44    00000010     hellocfg.obj (.sys)

.pinit     0    1181ed54    0000000c     
                  1181ed54    00000004     rtdx64xplus.lib : buffer1.o64P (.pinit)
                  1181ed58    00000004                     : rtdx_mon.o64P (.pinit)
                  1181ed5c    00000004     --HOLE-- [fill = 0]

.trcdata   0    1181ed60    0000000c     
                  1181ed60    0000000c     bios.a674 : trc.o674 (.trcdata)


GLOBAL SYMBOLS: SORTED ALPHABETICALLY BY Name 

address    name
--------   ----
1181e0f0   $bss
1181e0f0   .bss
11800000   .data
11808ba0   .text
1181a3e4   BIOS$$CLKOFF
1181a3a4   BIOS$$CLKON
1181a220   BIOS_init
1181a450   BIOS_start
00000000   BUF$
00000001   BUF_ENABLED
11810998   C$$IO$$
ffffffff   CACHE_L1D
ffffffff   CACHE_L1P
00000001   CLK$
11808b98   CLK_A_TABBEG
00000001   CLK_CALDIV
00000001   CLK_CALMULT
000493e0   CLK_COUNTSPMS
00000004   CLK_COUNTSPMSHIGH
1181e218   CLK_D_idletime
1181e214   CLK_D_isrhook
1181e210   CLK_D_tabbeg
1181e20c   CLK_D_timefxn
00000001   CLK_ENABLEHTIME
11814f00   CLK_F_gethtime
11813aa0   CLK_F_getltime
11813ab0   CLK_F_isr
11813bf0   CLK_F_itime
11811780   CLK_HOOKFXN
00000001   CLK_HTIMEDIV
00000001   CLK_HTIMEMULT
000493e0   CLK_HTIMEPERLTIME
00005dc0   CLK_INPUTCLK
00004000   CLK_INTBIT
00000001   CLK_LTIMEDIV
000493e0   CLK_LTIMEMULT
000003e8   CLK_MICROSECS
00000001   CLK_POWERENABLE
00005dc0   CLK_PRD
00000000   CLK_PRDHIGH
01c20000   CLK_REGS
00000001   CLK_RESETTIMER
1181e208   CLK_R_time
00000020   CLK_TCR
00000000   CLK_TDDR
00000000   CLK_TDDRHIGH
11814f00   CLK_TIMEFXN
00000000   CLK_TIMERNUM
00000005   CLK_TIMMODE
00000001   CLK_USETIMER
11808b9c   CLK_null
ffffffff   DDR
00000000   DEV$
00000000   DGN$
00000000   DHL$
00000000   DHL_gChannelsAvailable
00000000   DIO$
00000000   DIO_NUMSWIBASE
00000000   DIO_NUMTSKBASE
00000000   DIO_STATIC
00000000   DPI$
00000000   ECM$
00000000   ECM_ENABLE
ffffffff   ECM_EVTMASK0
ffffffff   ECM_EVTMASK1
ffffffff   ECM_EVTMASK2
ffffffff   ECM_EVTMASK3
0000000a   EVENT10
00000064   EVENT100
00000065   EVENT101
00000066   EVENT102
00000067   EVENT103
00000068   EVENT104
00000069   EVENT105
0000006a   EVENT106
0000006b   EVENT107
0000006c   EVENT108
0000006d   EVENT109
0000000b   EVENT11
0000006e   EVENT110
0000006f   EVENT111
00000070   EVENT112
00000071   EVENT113
00000072   EVENT114
00000073   EVENT115
00000074   EVENT116
00000075   EVENT117
00000076   EVENT118
00000077   EVENT119
0000000c   EVENT12
00000078   EVENT120
00000079   EVENT121
0000007a   EVENT122
0000007b   EVENT123
0000007c   EVENT124
0000007d   EVENT125
0000007e   EVENT126
0000007f   EVENT127
0000000d   EVENT13
0000000e   EVENT14
0000000f   EVENT15
00000010   EVENT16
00000011   EVENT17
00000012   EVENT18
00000013   EVENT19
00000014   EVENT20
00000015   EVENT21
00000016   EVENT22
00000017   EVENT23
00000018   EVENT24
00000019   EVENT25
0000001a   EVENT26
0000001b   EVENT27
0000001c   EVENT28
0000001d   EVENT29
0000001e   EVENT30
0000001f   EVENT31
00000020   EVENT32
00000021   EVENT33
00000022   EVENT34
00000023   EVENT35
00000024   EVENT36
00000025   EVENT37
00000026   EVENT38
00000027   EVENT39
00000004   EVENT4
00000028   EVENT40
00000029   EVENT41
0000002a   EVENT42
0000002b   EVENT43
0000002c   EVENT44
0000002d   EVENT45
0000002e   EVENT46
0000002f   EVENT47
00000030   EVENT48
00000031   EVENT49
00000005   EVENT5
00000032   EVENT50
00000033   EVENT51
00000034   EVENT52
00000035   EVENT53
00000036   EVENT54
00000037   EVENT55
00000038   EVENT56
00000039   EVENT57
0000003a   EVENT58
0000003b   EVENT59
00000006   EVENT6
0000003c   EVENT60
0000003d   EVENT61
0000003e   EVENT62
0000003f   EVENT63
00000040   EVENT64
00000041   EVENT65
00000042   EVENT66
00000043   EVENT67
00000044   EVENT68
00000045   EVENT69
00000007   EVENT7
00000046   EVENT70
00000047   EVENT71
00000048   EVENT72
00000049   EVENT73
0000004a   EVENT74
0000004b   EVENT75
0000004c   EVENT76
0000004d   EVENT77
0000004e   EVENT78
0000004f   EVENT79
00000008   EVENT8
00000050   EVENT80
00000051   EVENT81
00000052   EVENT82
00000053   EVENT83
00000054   EVENT84
00000055   EVENT85
00000056   EVENT86
00000057   EVENT87
00000058   EVENT88
00000059   EVENT89
00000009   EVENT9
0000005a   EVENT90
0000005b   EVENT91
0000005c   EVENT92
0000005d   EVENT93
0000005e   EVENT94
0000005f   EVENT95
00000060   EVENT96
00000061   EVENT97
00000062   EVENT98
00000063   EVENT99
11814aa0   FXN_F_nop
11814aa4   FXN_F_run
11814ae0   FXN_F_zero
00000001   GBL$
00005205   GBL_A_VERSION
00000000   GBL_BCACHEREADADDR0
00000000   GBL_BCACHEREADADDR1
00000000   GBL_BCACHEREADADDR2
00000000   GBL_BIGENDIAN
00000000   GBL_CACHE
00000000   GBL_CALLCSLCFGINIT
00004e20   GBL_CLKIN
00001a5b   GBL_CLKTYPE
00001a5c   GBL_DSPSUBTYPE
0000003e   GBL_DSPTYPE
00000001   GBL_ENABLEINST
00000000   GBL_ENABLE_SK
00000042   GBL_FOOTPRINT
000493e0   GBL_FREQ
00000000   GBL_GEMTRUECOMPEN
00000007   GBL_L1DMODE
00000007   GBL_L1PMODE
00000001   GBL_L2CONFIGURE
00000000   GBL_L2MAR0_31
00000001   GBL_L2MAR128_159
00000000   GBL_L2MAR160_191
ffffffff   GBL_L2MAR192_223
00000000   GBL_L2MAR224_255
00000000   GBL_L2MAR32_63
00000000   GBL_L2MAR64_95
00000000   GBL_L2MAR96_127
00000000   GBL_L2MODE
00000000   GBL_NULL
00000000   GBL_PROCID
00000000   GBL_ROM
00000000   GBL_SUPPORTCSL
0000dbef   GBL_TRCMASKVALUE
00000000   GBL_USERINIT
11814e40   GBL_USERINITFXN
00000001   GBL_boot
1181ed68   GBL_initdone
1181dcf0   GBL_stackbeg
1181e0ef   GBL_stackend
00000000   GIO$
11814e40   GIO_CREATEFXN
11814e40   GIO_DELETEFXN
11814e40   GIO_PENDFXN
11814e40   GIO_POSTFXN
00000000   HOOK$
00000000   HOOK_KNLID
00000001   HST$
1181eca8   HST_A_TABBEG
1181ece4   HST_A_TABEND
00000000   HST_DSM
1181e3ac   HST_DSMBUFSEG
00000400   HST_DSMMEMSIZE
1181e284   HST_D_chanmask
1181e288   HST_D_tabbeg
1181e28c   HST_D_tabend
000000ff   HST_MAXFRAMEALLOWED
00000040   HST_MAXFRAMESET
00000000   HST_NONE
00000001   HST_RTDX
00000001   HWI$
1181e800   HWI_A_VECS
00005828   HWI_CFGDISPATCHED
1181e3f8   HWI_D_bss
1181e3fc   HWI_D_ccmask
1181e3e8   HWI_D_spsave
00000001   HWI_ENABLE_EXC
11811780   HWI_F_dispatch
00000000   HWI_GENERATE_RESET_VEC
0000000a   HWI_INT10
00000000   HWI_INT10$hwi
0000000b   HWI_INT11
00000000   HWI_INT11$hwi
0000000c   HWI_INT12
00000000   HWI_INT12$hwi
0000000d   HWI_INT13
00000000   HWI_INT13$hwi
0000000e   HWI_INT14
00000000   HWI_INT14$hwi
0000000f   HWI_INT15
00000000   HWI_INT15$hwi
00000004   HWI_INT4
00000000   HWI_INT4$hwi
00000005   HWI_INT5
00000000   HWI_INT5$hwi
00000006   HWI_INT6
00000000   HWI_INT6$hwi
00000007   HWI_INT7
00000000   HWI_INT7$hwi
00000008   HWI_INT8
00000000   HWI_INT8$hwi
00000009   HWI_INT9
00000000   HWI_INT9$hwi
07063d04   HWI_INTRMUX1
0b0a0908   HWI_INTRMUX2
28040d0c   HWI_INTRMUX3
00000001   HWI_NMI
00000000   HWI_NMI$hwi
00000000   HWI_POLARITYMASK
00000002   HWI_RESERVED0
00000000   HWI_RESERVED0$hwi
00000003   HWI_RESERVED1
00000000   HWI_RESERVED1$hwi
00000000   HWI_RESET
00000000   HWI_RESET$hwi
00000000   HWI_ZEROTAB
00000001   IDL$
1181ed34   IDL_A_CALBEG
1181ed24   IDL_A_TABBEG
00000006   IDL_CALIBRERROR
11814d40   IDL_CALIBRFXN
1181e474   IDL_D_busyObj
1181e1f8   IDL_D_calbeg
1181e1f4   IDL_D_calibrate
1181e1f0   IDL_D_tabbeg
1181ed30   IDL_END
1181ed40   IDL_END$
11814b60   IDL_F_busy
118149c0   IDL_F_calibrate
11814e80   IDL_F_loop
11814d40   IDL_F_stub
00000001   IDL_USECLKIDLTIME
1181ec0c   IDL_busyObj
1181d95e   IDL_busyObj$avgfmt
00000001   IDL_busyObj$filter
00000001   IDL_busyObj$iA
00000000   IDL_busyObj$iB
00000001   IDL_busyObj$iC
1181d958   IDL_busyObj$maxfmt
00000000   IDL_busyObj$operation
1181ec08   IDL_busyObj$stsobj
1181d95b   IDL_busyObj$sumfmt
00000002   IDL_busyObj$unittype
1181ed24   IDL_cpuLoad
1181ed34   IDL_cpuLoad$
1181e3ac   IRAM
1181821c   IRAM$B
00002000   IRAM$L
00000001   ISRC$
11813d98   KNL_glue
1181e7d4   KNL_swi
00000001   KNL_swi$dorta
00000002   KNL_swi$ord
00000000   KNL_swi$pri
1181ebec   KNL_swi$sts
1181d934   KNL_swi$sts$avgfmt
00000002   KNL_swi$sts$filter
00000001   KNL_swi$sts$filtmaxmult
00000001   KNL_swi$sts$filtsummult
1181d924   KNL_swi$sts$maxfmt
1181ebe8   KNL_swi$sts$stsobj
1181d92c   KNL_swi$sts$sumfmt
00000000   KNL_swi$sts$unittype
00000000   KNL_swi$swi
ffffffff   L3_CBA_RAM
00000001   LCK$
11810c40   LNK_F_checkBufferCall
11810cc0   LNK_F_dataPump
11810c60   LNK_F_getChanPtr
11810cb8   LNK_F_init
118111c8   LNK_F_readCallBack
1181ed28   LNK_dataPump
1181ed38   LNK_dataPump$
1181e404   LNK_dspFrameReadyMask
1181e400   LNK_dspFrameRequestMask
11810f40   LNK_newin
11811074   LNK_newout
11810cd0   LNK_rcloop
11810d94   LNK_rdrtry
1181e40c   LNK_readDone
1181e410   LNK_readFail
1181e408   LNK_readPend
11810da4   LNK_rrloop
1181e414   LNK_writeFail
11810e70   LNK_wrloop
11810e64   LNK_wrrtry
00000001   LOG$
1181ece4   LOG_A_TABBEG
1181ed14   LOG_A_TABEND
00000002   LOG_A_TABLEN
1181e1fc   LOG_D_system
00000001   LOG_ENABLED
11814940   LOG_F_event
1181ece4   LOG_system
1181a800   LOG_system$buf
00000000   LOG_system$datatype
00000000   LOG_system$log
00000200   LOG_system$size
00000000   MBX$
00000001   MEM$
1181e3ac   MEM_MALLOCSEG
00000000   MEM_NULL
1181e3ac   MEM_SEGZERO
00000000   MEM_USEMPC
00000001   MEM_gNumHeap
00000000   MSGQ$
00000000   MSGQ_USEMSGQ
00000000   OBJ$
00000000   PIP$
1181eb00   PIP_A_TABBEG
1181ebc8   PIP_A_TABEND
00000002   PIP_A_TABLEN
1181e200   PIP_D_tabbeg
1181e204   PIP_D_tablen
11813418   PIP_F_give
11813418   PIP_F_probe
118134e8   PIP_F_start
118133a0   PIP_F_take
00000064   PIP_OBJSIZE
00000000   PIP_gNextId
00000002   PIP_gNumEmbed
00000000   POOL$
00000000   POOL_USEPOOL
00000001   PRD$
1181a7e0   PRD0
1181a7fc   PRD0$aaa
00000000   PRD0$mode
00000001   PRD0$ord
000001f4   PRD0$period
00000000   PRD0$prd
1181ebcc   PRD0$sts
1181d8ff   PRD0$sts$avgfmt
00000000   PRD0$sts$filter
1181d8ed   PRD0$sts$maxfmt
1181ebc8   PRD0$sts$stsobj
1181d8f6   PRD0$sts$sumfmt
00000002   PRD0$sts$unittype
1181a7e0   PRD_A_TABBEG
1181a800   PRD_A_TABEND
00000001   PRD_A_TABLEN
1181e240   PRD_D_cur
1181e244   PRD_D_elapsed
1181e248   PRD_D_prevtim
1181e24c   PRD_D_scalar
1181e250   PRD_D_swihandle
1181e254   PRD_D_tabbeg
1181e258   PRD_D_tablen
1181e25c   PRD_D_thook
1181e23c   PRD_D_tick
11812120   PRD_F_swi
118123a4   PRD_F_tick
00000001   PRD_SCALAR
1181e7a8   PRD_SWIHANDLE
11812fb4   PRD_THOOKFXN
11808b98   PRD_clock
1181e7a8   PRD_swi
00000001   PRD_swi$dorta
00000001   PRD_swi$ord
00000001   PRD_swi$pri
1181ebdc   PRD_swi$sts
1181d91a   PRD_swi$sts$avgfmt
00000002   PRD_swi$sts$filter
00000001   PRD_swi$sts$filtmaxmult
00000001   PRD_swi$sts$filtsummult
1181d90a   PRD_swi$sts$maxfmt
1181ebd8   PRD_swi$sts$stsobj
1181d912   PRD_swi$sts$sumfmt
00000000   PRD_swi$sts$unittype
00000000   PRD_swi$swi
00000001   PWRM$
00000030   PWRM_PWRM_CAPSMASK
0000000a   PWRM_PWRM_CLKTICKSPERSLOT
00000000   PWRM_PWRM_ENABLE
00000002   PWRM_PWRM_INITSPCPU
00000000   PWRM_PWRM_INITSPPER
00000000   PWRM_PWRM_LOADENABLE
00000001   PWRM_PWRM_NUMSLOTS
00000000   PWRM_PWRM_RESOURCETRACKING
00000000   PWRM_PWRM_SCALING
11814e40   PWRM_PWRM_SHAREDRESOURCEFXN
11814e40   PWRM_PWRM_SLOTHOOKFXN
00000000   PWRM_PWRM_TIMERIDNUM
00000000   PWRM_PWRM_TIMERINTRMASK
00000000   PWRM_PWRM_TIMERWUGENMASK
00000000   PWRM_PWRM_USERRESOURCES
00000000   PWRM_PWRM_USETIMER
00000001   QUE$
1181e260   RTA_D_fromHost
1181e268   RTA_D_logval
1181e278   RTA_D_stsval
1181e264   RTA_D_toHost
11814d80   RTA_F_andn
11812800   RTA_F_dispatch
11812720   RTA_F_getlog
11812758   RTA_F_getsts
11814d98   RTA_F_or
11812798   RTA_F_readblk
118127c0   RTA_F_resetmem
118127b4   RTA_F_writeword
1181ed2c   RTA_dispatcher
1181ed3c   RTA_dispatcher$
1181284c   RTA_execute
1181ecac   RTA_fromHost
1181ed14   RTA_fromHost$buf
00000004   RTA_fromHost$framesize
00000000   RTA_fromHost$hst
00000001   RTA_fromHost$id
00000000   RTA_fromHost$mode
1181eb00   RTA_fromHost$pipe
1181eb30   RTA_fromHost$pipe$aaa
1181eb60   RTA_fromHost$pipe$bbb
1181e3b0   RTA_fromHost$pipe$dtab
1181eb04   RTA_fromHost$pipe$rd
1181eb34   RTA_fromHost$pipe$wr
1181ecb4   RTA_fromHost$rtdx
1181ecc8   RTA_toHost
1181ea00   RTA_toHost$buf
00000040   RTA_toHost$framesize
00000000   RTA_toHost$hst
00000000   RTA_toHost$id
00000001   RTA_toHost$mode
1181eb64   RTA_toHost$pipe
1181eb94   RTA_toHost$pipe$aaa
1181ebc4   RTA_toHost$pipe$bbb
1181e3bc   RTA_toHost$pipe$dtab
1181eb68   RTA_toHost$pipe$rd
1181eb98   RTA_toHost$pipe$wr
1181ecd0   RTA_toHost$rtdx
00000001   RTDX$
00000408   RTDX_BUFMEMSIZE
1181e3ac   RTDX_DATAMEMSEG
00000000   RTDX_MODE
00000001   RTDX_NORMALIZED_HDR
00000001   RTDX_USERTDX
00000000   RTDX_USERTEXECUTION
00000000   SEM$
00000000   SIO$
00000001   STS$
1181ebc8   STS_A_TABBEG
1181ec18   STS_A_TABEND
11814c4c   STS_F_add
11814c20   STS_F_delta
11814c68   STS_F_reset
00000001   SWI$
1181e7a8   SWI_A_TABBEG
1181e800   SWI_A_TABEND
00000002   SWI_A_TABLEN
1181e2d4   SWI_D_curfxn
1181e2c4   SWI_D_curmask
1181e2d0   SWI_D_curmbox
1181e2c8   SWI_D_curset
1181e2c0   SWI_D_execaddr
1181e2dc   SWI_D_inswi
1181e2cc   SWI_D_lock
1181e2d8   SWI_D_rdybeg
1181e2e0   SWI_D_rdytab
1181e2bc   SWI_D_runaddr
00000000   SWI_EHOOKFXN
11811e44   SWI_EXECFXN
11811c60   SWI_F_enable
11811e44   SWI_F_exec
11811e6c   SWI_F_iexec
11811cd0   SWI_F_post
11811eec   SWI_F_run
00000000   SWI_IHOOKFXN
11811eec   SWI_RUNFXN
00000001   SYS$
1181ed44   SYS$config
11814dc0   SYS_ABORTFXN
11814ec0   SYS_ERRORFXN
11814ee0   SYS_EXITFXN
11814e00   SYS_PUTCFXN
1181ed64   TRC_R_mask
1181ed60   TRC_cinit
00000001   TSK$
00000000   TSK_NUM_HOOKS
00000001   TSK_PRIORITY
00000000   TSK_READYFXN
00000000   TSK_STACKSEG
00000400   TSK_STACKSIZE
00000000   TSK_SWITCHFXN
11814e40   TSK_VCREATEFXN
11814e40   TSK_VDELETEFXN
11814e40   TSK_VEXITFXN
1181a78c   TSK_idle
00000000   TSK_idle$ord
00000000   TSK_idle$pri
1181d8f0   TSK_idle$stack
1181dc88   TSK_idle$stkptr
1181ebfc   TSK_idle$sts
1181d94e   TSK_idle$sts$avgfmt
00000002   TSK_idle$sts$filter
00000001   TSK_idle$sts$filtmaxmult
00000001   TSK_idle$sts$filtsummult
1181d93e   TSK_idle$sts$maxfmt
1181ebf8   TSK_idle$sts$stsobj
1181d946   TSK_idle$sts$sumfmt
00000000   TSK_idle$sts$unittype
00000000   TSK_idle$tsk
00000000   UDEV$
1180a604   _AIC3106_Init
1180a6b8   _AIC3106_readRegister
1180a724   _AIC3106_writeRegister
11814e40   _BCACHE_bootInit
11814154   _BCACHE_getMar
11814104   _BCACHE_getSize
118140d4   _BCACHE_setCacheToSram
11814084   _BCACHE_setMar
11814040   _BCACHE_setSize
1181a220   _BIOS_init
1181a450   _BIOS_start
1180f780   _BQ_init
1180f7d8   _BQ_process
1180f7c8   _BQ_setDen
1180f7b4   _BQ_setNum
ffffffff   _CACHE_L1D
ffffffff   _CACHE_L1P
000493e0   _CLK_COUNTSPMS
1181e460   _CLK_DFLTMICROSECS
1181e238   _CLK_D_countspms
1181e22c   _CLK_D_dirty
1181e464   _CLK_D_microseconds
1181e230   _CLK_D_prd
1181e234   _CLK_D_tddr
11813bf0   _CLK_F_itime
00005dc0   _CLK_PRD
01c20000   _CLK_REGS
00000000   _CLK_TDDR
00000000   _CLK_TIMERNUM
00000001   _CLK_USETIMER
11814f00   _CLK_gethtime
1181e21c   _CLK_htimeDiv
1181e220   _CLK_htimeMult
1181e470   _CLK_htimePerLtime
1180867c   _CLK_inputClock
11813bf0   _CLK_itime
1181e224   _CLK_ltimeDiv
1181e228   _CLK_ltimeMult
11814ce0   _CLK_measure
ffffffff   _DDR
1180e704   _DIP_get
1180e768   _DIP_getAll
1180e6e0   _DIP_init
0000000a   _EVENT10
00000064   _EVENT100
00000065   _EVENT101
00000066   _EVENT102
00000067   _EVENT103
00000068   _EVENT104
00000069   _EVENT105
0000006a   _EVENT106
0000006b   _EVENT107
0000006c   _EVENT108
0000006d   _EVENT109
0000000b   _EVENT11
0000006e   _EVENT110
0000006f   _EVENT111
00000070   _EVENT112
00000071   _EVENT113
00000072   _EVENT114
00000073   _EVENT115
00000074   _EVENT116
00000075   _EVENT117
00000076   _EVENT118
00000077   _EVENT119
0000000c   _EVENT12
00000078   _EVENT120
00000079   _EVENT121
0000007a   _EVENT122
0000007b   _EVENT123
0000007c   _EVENT124
0000007d   _EVENT125
0000007e   _EVENT126
0000007f   _EVENT127
0000000d   _EVENT13
0000000e   _EVENT14
0000000f   _EVENT15
00000010   _EVENT16
00000011   _EVENT17
00000012   _EVENT18
00000013   _EVENT19
00000014   _EVENT20
00000015   _EVENT21
00000016   _EVENT22
00000017   _EVENT23
00000018   _EVENT24
00000019   _EVENT25
0000001a   _EVENT26
0000001b   _EVENT27
0000001c   _EVENT28
0000001d   _EVENT29
0000001e   _EVENT30
0000001f   _EVENT31
00000020   _EVENT32
00000021   _EVENT33
00000022   _EVENT34
00000023   _EVENT35
00000024   _EVENT36
00000025   _EVENT37
00000026   _EVENT38
00000027   _EVENT39
00000004   _EVENT4
00000028   _EVENT40
00000029   _EVENT41
0000002a   _EVENT42
0000002b   _EVENT43
0000002c   _EVENT44
0000002d   _EVENT45
0000002e   _EVENT46
0000002f   _EVENT47
00000030   _EVENT48
00000031   _EVENT49
00000005   _EVENT5
00000032   _EVENT50
00000033   _EVENT51
00000034   _EVENT52
00000035   _EVENT53
00000036   _EVENT54
00000037   _EVENT55
00000038   _EVENT56
00000039   _EVENT57
0000003a   _EVENT58
0000003b   _EVENT59
00000006   _EVENT6
0000003c   _EVENT60
0000003d   _EVENT61
0000003e   _EVENT62
0000003f   _EVENT63
00000040   _EVENT64
00000041   _EVENT65
00000042   _EVENT66
00000043   _EVENT67
00000044   _EVENT68
00000045   _EVENT69
00000007   _EVENT7
00000046   _EVENT70
00000047   _EVENT71
00000048   _EVENT72
00000049   _EVENT73
0000004a   _EVENT74
0000004b   _EVENT75
0000004c   _EVENT76
0000004d   _EVENT77
0000004e   _EVENT78
0000004f   _EVENT79
00000008   _EVENT8
00000050   _EVENT80
00000051   _EVENT81
00000052   _EVENT82
00000053   _EVENT83
00000054   _EVENT84
00000055   _EVENT85
00000056   _EVENT86
00000057   _EVENT87
00000058   _EVENT88
00000059   _EVENT89
00000009   _EVENT9
0000005a   _EVENT90
0000005b   _EVENT91
0000005c   _EVENT92
0000005d   _EVENT93
0000005e   _EVENT94
0000005f   _EVENT95
00000060   _EVENT96
00000061   _EVENT97
00000062   _EVENT98
00000063   _EVENT99
11808d88   _EVMC6748_enableDsp
11808ba0   _EVMC6748_init
11808bcc   _EVMC6748_initRAM
11808e50   _EVMC6748_lpscTransition
11808db4   _EVMC6748_pinmuxConfig
11811750   _EXC_clearLastStatus
118131c0   _EXC_dispatch
11811574   _EXC_exceptionHandler
1181e418   _EXC_exceptionHook
11811540   _EXC_external
1181e420   _EXC_externalHook
11811520   _EXC_getLastStatus
118114e0   _EXC_init
11811234   _EXC_internal
1181e41c   _EXC_internalHook
11811200   _EXC_nmi
1181e424   _EXC_nmiHook
1181e3d0   _EXC_returnPtr
11813384   _EXC_setReturnPtr
11808b40   _EXC_status
1181e3c8   _EXC_sysTrapTable
11814e40   _FXN_F_nop
11814aa4   _FXN_F_run
11814ae0   _FXN_F_zero
00000000   _GBL_CACHE
118141e8   _GBL_cacheInit64P
1181e294   _GBL_clkIn
1181e298   _GBL_freq
11814e60   _GBL_getVersion
1181e290   _GBL_procId
1180bf38   _GPIO_getInput
1180bec0   _GPIO_setDir
1180bfac   _GPIO_setOutput
1180c02c   _GPIO_toggleLoop
1180fe60   _HOSTclose
1180ef40   _HOSTlseek
1180f240   _HOSTopen
1180f320   _HOSTread
1180e560   _HOSTrename
1180f860   _HOSTunlink
1180f920   _HOSTwrite
1181c000   _HSRTDX_rec
1181c760   _HSRTDX_xmt
1181eca8   _HST_A_TABBEG
1181ece4   _HST_A_TABEND
00005828   _HWI_CFGDISPATCHED
1181e3f4   _HWI_D_inhwi
1181e3e8   _HWI_D_spsave
11811780   _HWI_F_dispatch
0000000a   _HWI_INT10
0000000b   _HWI_INT11
0000000c   _HWI_INT12
0000000d   _HWI_INT13
0000000e   _HWI_INT14
0000000f   _HWI_INT15
00000004   _HWI_INT4
00000005   _HWI_INT5
00000006   _HWI_INT6
00000007   _HWI_INT7
00000008   _HWI_INT8
00000009   _HWI_INT9
00000001   _HWI_NMI
00000002   _HWI_RESERVED0
00000003   _HWI_RESERVED1
00000000   _HWI_RESET
1181e0e8   _HWI_STKBOTTOM
1181dcf0   _HWI_STKTOP
1181e3e8   _HWI_data
11814b00   _HWI_disable
1181e0f0   _HWI_dispatchTab
11814b18   _HWI_enable
11814b2c   _HWI_restore
1180ae14   _I2CGPIO_getInput
1180af30   _I2CGPIO_getInputAll
1180ad40   _I2CGPIO_init
1180b040   _I2CGPIO_setOutput
1180b188   _I2CGPIO_setOutputAll
1180c240   _I2C_init
1180c32c   _I2C_read
1180c488   _I2C_write
1181ec0c   _IDL_busyObj
1181ed24   _IDL_cpuLoad
11814e80   _IDL_loop
1181e3ac   _IRAM
1181821c   _IRAM_base
00002000   _IRAM_length
1181e360   _KNL_alarm
118142a0   _KNL_check
1181e384   _KNL_curqueue
1181e374   _KNL_curtask
1181e37c   _KNL_curtime
118089c8   _KNL_dummy
11814600   _KNL_enter
118145c0   _KNL_exit
11814368   _KNL_idle
1181e39c   _KNL_idlefxn
1181e368   _KNL_inactive
118147c0   _KNL_ipost
11814390   _KNL_max
1181e388   _KNL_maxqueue
11814840   _KNL_post
1181e378   _KNL_prevtask
1181e36c   _KNL_priority
11808928   _KNL_queues
118129a0   _KNL_run
11813c40   _KNL_saveIsrFrame
1181e370   _KNL_set
1181e364   _KNL_setpri
1181e7d4   _KNL_swi
1181e380   _KNL_swiptr
11813cec   _KNL_switch
1181e390   _KNL_tcreatefxn
1181e394   _KNL_tdeletefxn
11812fb4   _KNL_tick
1181e398   _KNL_treadyfxn
1181e38c   _KNL_tswitchfxn
1181e358   _KNL_wFlag
1181e35c   _KNL_wList
ffffffff   _L3_CBA_RAM
118148e0   _LCK_pend
118148c0   _LCK_post
1180e020   _LED_init
1180e06c   _LED_isOn
1180e16c   _LED_toggle
1180e124   _LED_turnOff
1180e0d4   _LED_turnOn
1181ed28   _LNK_dataPump
1181e404   _LNK_dspFrameReadyMask
1181e400   _LNK_dspFrameRequestMask
1181e40c   _LNK_readDone
1181e410   _LNK_readFail
1181e408   _LNK_readPend
1181e414   _LNK_writeFail
1181ece4   _LOG_A_TABBEG
1181ed14   _LOG_A_TABEND
00000002   _LOG_A_TABLEN
1181e1fc   _LOG_D_system
11814940   _LOG_event
1181ece4   _LOG_system
1181e478   _MEM
1181e29c   _MEM_D_NUMSEGMENTS
1181e2a4   _MEM_D_freelist
1181e2a8   _MEM_D_lockaddr
1181e2a0   _MEM_D_memtab
1181e2ac   _MEM_D_unlockaddr
11812be0   _MEM_alloc
11812fe0   _MEM_free
1181a660   _MEM_init
1181e3a0   _MEM_memtab
1180a36c   _McASP_Init
1180a494   _McASP_Start
11808a98   _OBJ_segtab
11808a60   _OBJ_table
1181eb00   _PIP_A_TABBEG
1181ebc8   _PIP_A_TABEND
1181a7e0   _PRD0
1181e23c   _PRD_D_tick
11808b98   _PRD_clock
1181e7a8   _PRD_swi
1180ee20   _RB3_init
1180ee84   _RB3_innerProduct
1180ee44   _RB3_insert
1180eed0   _RB3_print
1180ee64   _RB3_push
1180ee50   _RB3_rotate
1180ee78   _RB3_set
1181ed2c   _RTA_dispatcher
1181ecac   _RTA_fromHost
1181ecc8   _RTA_toHost
1181d040   _RTDX_Buffer
1181d44c   _RTDX_Buffer_End
1181cde0   _RTDX_Buffer_Initialize
1181cf60   _RTDX_Buffer_Read
1181cea0   _RTDX_Buffer_ReadCB
1181cee0   _RTDX_Buffer_Size
1181d448   _RTDX_Buffer_Start
1181cf80   _RTDX_Buffer_Write
1181c2a0   _RTDX_Buffer_WriteCB
1181cd60   _RTDX_Final_RT_Monitor
1181ce40   _RTDX_Init_RT_Monitor
00000002   _RTDX_JTAGONLY
1181cfa0   _RTDX_Mask_IER
1181ca60   _RTDX_Mon_Queue
1181ccc0   _RTDX_Poll
00000000   _RTDX_interrupt_mask
1181cf20   _RTDX_memfill
1181d4a0   _RTDX_writing
1181e3ac   _SEG0
11814bc0   _SEM_pend
11813580   _SEM_pendEnterKnl
118144e0   _SEM_post
118144e0   _SEM_postBinary
11814680   _SEM_postEnterKnl
1181ebc8   _STS_A_TABBEG
1181ec18   _STS_A_TABEND
11814c4c   _STS_add
11814c20   _STS_delta
11814c68   _STS_reset
11814ea0   _STS_set
1181e2d4   _SWI_D_curfxn
1181e2c4   _SWI_D_curmask
1181e2c8   _SWI_D_curset
1181e2c0   _SWI_D_execaddr
1181e2dc   _SWI_D_inswi
1181e2cc   _SWI_D_lock
1181e2d8   _SWI_D_rdybeg
1181e2bc   _SWI_D_runaddr
1181e2bc   _SWI_data
11811cd0   _SWI_post
1181e2b0   _SYS
1181e484   _SYS_PUTCBEG
1181e683   _SYS_PUTCEND
11814c80   _SYS_abort
11814a40   _SYS_error
11814720   _SYS_exit
11808b08   _SYS_exitStack
1181e468   _SYS_exitStackPtr
1181e46c   _SYS_exitStackTop
1180a7e4   _SetGpio
1181ed64   _TRC_R_mask
1181e450   _TSK
11808a00   _TSK_ATTRS
11808a1c   _TSK_config
11813f00   _TSK_exit
1181a78c   _TSK_idle
1181a720   _TSK_init
1181e448   _TSK_nTasks
1181e44c   _TSK_pid
11813900   _TSK_setup
11814464   _TSK_startup
11808a3c   _TSK_timerSem
1180a758   _USTIMER_delay
118097a0   _UTIL_isUIBoardAttached
11809648   _UTIL_printMem
11814dc0   _UTL_doAbort
11814ec0   _UTL_doError
11814e00   _UTL_doPutc
11814ee0   _UTL_halt
1181e688   __CIOBUF_
11813c10   __CLK_lat1beg
11813c30   __CLK_lat1end
1181e2b8   __HOOK_NUMHOOKS
1181e2b4   __HOOK_knlId
11811780   __HWI_lat1beg
11811908   __HWI_lat1end
11811908   __HWI_lat2beg
11811ae4   __HWI_lat2end1
11811a70   __HWI_lat2end2
11811b00   __HWI_lat3beg
11811aa0   __HWI_lat3end2
11814b60   __IDL_lat1beg
11814ba0   __IDL_lat1end
118142ec   __KNL_lat1beg
11814368   __KNL_lat1end
11814940   __LOG_lat1beg
11808adc   __MEM_mutex
118127c0   __RTA_lat1beg
118127f4   __RTA_lat1end
11813760   __SEM_dopost
1181e0f0   __STACK_END
00000400   __STACK_SIZE
11811dd8   __SWI_lat1beg
11811e84   __SWI_lat1end
11811e88   __SWI_lat2beg
11811ee8   __SWI_lat2end
11811c60   __SWI_lat3beg
11811ccc   __SWI_lat3end
11808ab4   __TSK_mutex
11808b84   ___TI_enable_exit_profile_output
ffffffff   ___TI_pprof_out_hndl
ffffffff   ___TI_prof_data_size
ffffffff   ___TI_prof_data_start
118109a0   ___add_dtor
11808680   ___atexit_func_id__
ffffffff   ___binit__
1181e0f0   ___bss__
ffffffff   ___c_args__
11814f20   ___cinit__
11800000   ___data__
11800000   ___edata__
1181e484   ___end__
11810c40   ___etext__
118109e0   ___isinf
1181ed54   ___pinit__
11808ba0   ___text__
11813dc0   __auto_init
1180faa0   __c6xabi_divu
11810ba0   __c6xabi_pop_rts
11810bc0   __c6xabi_push_rts
1180ff00   __cleanup
11808b7c   __cleanup_ptr
1180eac0   __closefile
1181d650   __ctypes_
118097c0   __divd
1180ffa0   __divli
1180faa0   __divu
1180e3c0   __divul
1180d0e0   __divull
1180fb60   __doflush
11808b80   __dtors_ptr
11810180   __fixdli
11810680   __fltlid
11810a60   __frcmpyd_div
11808678   __ft_end
11808358   __ftable
11810700   __llshl
11810aa0   __llshru
11808b88   __lock
11810b20   __negll
11810b40   __nop
11810220   __nround
11810ba0   __pop_rts
1180b6e0   __printfi
11810bc0   __push_rts
11810be0   __register_lock
11810c00   __register_unlock
11810ae0   __remli
1181dcf0   __stack
11810880   __subcull
11808538   __tmpnams
11808b8c   __unlock
1180f040   __wrt_ok
118020e0   _aHigh
11802000   _aLow
11802020   _aMid
11802080   _aPres
1180fc20   _atexit
1180f400   _atoi
1180b4d4   _audioHWI
118020f8   _bHigh
11802010   _bLow
11802050   _bMid
118020b0   _bPres
11800000   _b_fir
1181d758   _bitval_u32
11806198   _buffer
1181a5a0   _c_int00
1180f140   _call_dtors
118126cc   _calloc
1180f4e0   _close
11809228   _config_pll0
11809464   _config_pll1
1180b3c8   _dipPRD
1181e45b   _dist
11808a5c   _dtors
1181e456   _eqBypass
11802198   _eqSignal
11804198   _fftSignal
1180da00   _fputc
1180bb20   _fputs
118124a0   _free
1180ed00   _fseek
118082e8   _high
1181e45a   _highCut
1180a304   _initAll
11808198   _low
1181e457   _lowCut
11810400   _lseek
1180fce0   _ltoa
1180b220   _main
118124c4   _malloc
1181e454   _mask
11812608   _memalign
118108e0   _memccpy
118104a0   _memcpy
1180f5c0   _memset
11808208   _mid
1181e458   _midCut
11810540   _modf
11808278   _pres
1181e459   _presCut
1180f6a0   _printf
1180da00   _putc
1180a2e0   _read_audio_sample
11810780   _readmsg
11812524   _realloc
11810c20   _remove
1181e430   _rtdxNullChanCnt
1181e434   _rtdxNullFuncCnt
1181e43c   _rtdxRecNotDoneCnt
1181e444   _rtdxXmtErrorCnt
1181e438   _rtdxXmtNotDoneCnt
1181e440   _rtdxXmtRestartCnt
1181d494   _rtdx_buffer_state
1181d450   _rtdx_mon_state
1180de20   _setvbuf
11802110   _sine
1181ecfc   _trace
11810800   _unlink
118105e0   _write
1181e45c   _writeIndex
1180a2f0   _write_audio_sample
11810940   _writemsg
ffffffff   binit
11814f20   cinit
11800000   edata
1181e484   end
11810c40   etext
1181e800   hwi0
1181e820   hwi1
1181e940   hwi10
1181e960   hwi11
1181e980   hwi12
1181e9a0   hwi13
1181e9c0   hwi14
1181e9e0   hwi15
1181e840   hwi2
1181e860   hwi3
1181e880   hwi4
1181e8a0   hwi5
1181e8c0   hwi6
1181e8e0   hwi7
1181e900   hwi8
1181e920   hwi9
1181ed54   pinit
1181ecfc   trace
1181b000   trace$buf
00000001   trace$datatype
00000000   trace$log
00000400   trace$size


GLOBAL SYMBOLS: SORTED BY Symbol Address 

address    name
--------   ----
00000000   BUF$
00000000   CLK_PRDHIGH
00000000   CLK_TDDR
00000000   CLK_TDDRHIGH
00000000   CLK_TIMERNUM
00000000   DEV$
00000000   DGN$
00000000   DHL$
00000000   DHL_gChannelsAvailable
00000000   DIO$
00000000   DIO_NUMSWIBASE
00000000   DIO_NUMTSKBASE
00000000   DIO_STATIC
00000000   DPI$
00000000   ECM$
00000000   ECM_ENABLE
00000000   GBL_BCACHEREADADDR0
00000000   GBL_BCACHEREADADDR1
00000000   GBL_BCACHEREADADDR2
00000000   GBL_BIGENDIAN
00000000   GBL_CACHE
00000000   GBL_CALLCSLCFGINIT
00000000   GBL_ENABLE_SK
00000000   GBL_GEMTRUECOMPEN
00000000   GBL_L2MAR0_31
00000000   GBL_L2MAR160_191
00000000   GBL_L2MAR224_255
00000000   GBL_L2MAR32_63
00000000   GBL_L2MAR64_95
00000000   GBL_L2MAR96_127
00000000   GBL_L2MODE
00000000   GBL_NULL
00000000   GBL_PROCID
00000000   GBL_ROM
00000000   GBL_SUPPORTCSL
00000000   GBL_USERINIT
00000000   GIO$
00000000   HOOK$
00000000   HOOK_KNLID
00000000   HST_DSM
00000000   HST_NONE
00000000   HWI_GENERATE_RESET_VEC
00000000   HWI_INT10$hwi
00000000   HWI_INT11$hwi
00000000   HWI_INT12$hwi
00000000   HWI_INT13$hwi
00000000   HWI_INT14$hwi
00000000   HWI_INT15$hwi
00000000   HWI_INT4$hwi
00000000   HWI_INT5$hwi
00000000   HWI_INT6$hwi
00000000   HWI_INT7$hwi
00000000   HWI_INT8$hwi
00000000   HWI_INT9$hwi
00000000   HWI_NMI$hwi
00000000   HWI_POLARITYMASK
00000000   HWI_RESERVED0$hwi
00000000   HWI_RESERVED1$hwi
00000000   HWI_RESET
00000000   HWI_RESET$hwi
00000000   HWI_ZEROTAB
00000000   IDL_busyObj$iB
00000000   IDL_busyObj$operation
00000000   KNL_swi$pri
00000000   KNL_swi$sts$unittype
00000000   KNL_swi$swi
00000000   LOG_system$datatype
00000000   LOG_system$log
00000000   MBX$
00000000   MEM_NULL
00000000   MEM_USEMPC
00000000   MSGQ$
00000000   MSGQ_USEMSGQ
00000000   OBJ$
00000000   PIP$
00000000   PIP_gNextId
00000000   POOL$
00000000   POOL_USEPOOL
00000000   PRD0$mode
00000000   PRD0$prd
00000000   PRD0$sts$filter
00000000   PRD_swi$sts$unittype
00000000   PRD_swi$swi
00000000   PWRM_PWRM_ENABLE
00000000   PWRM_PWRM_INITSPPER
00000000   PWRM_PWRM_LOADENABLE
00000000   PWRM_PWRM_RESOURCETRACKING
00000000   PWRM_PWRM_SCALING
00000000   PWRM_PWRM_TIMERIDNUM
00000000   PWRM_PWRM_TIMERINTRMASK
00000000   PWRM_PWRM_TIMERWUGENMASK
00000000   PWRM_PWRM_USERRESOURCES
00000000   PWRM_PWRM_USETIMER
00000000   RTA_fromHost$hst
00000000   RTA_fromHost$mode
00000000   RTA_toHost$hst
00000000   RTA_toHost$id
00000000   RTDX_MODE
00000000   RTDX_USERTEXECUTION
00000000   SEM$
00000000   SIO$
00000000   SWI_EHOOKFXN
00000000   SWI_IHOOKFXN
00000000   TSK_NUM_HOOKS
00000000   TSK_READYFXN
00000000   TSK_STACKSEG
00000000   TSK_SWITCHFXN
00000000   TSK_idle$ord
00000000   TSK_idle$pri
00000000   TSK_idle$sts$unittype
00000000   TSK_idle$tsk
00000000   UDEV$
00000000   _CLK_TDDR
00000000   _CLK_TIMERNUM
00000000   _GBL_CACHE
00000000   _HWI_RESET
00000000   _RTDX_interrupt_mask
00000000   trace$log
00000001   BUF_ENABLED
00000001   CLK$
00000001   CLK_CALDIV
00000001   CLK_CALMULT
00000001   CLK_ENABLEHTIME
00000001   CLK_HTIMEDIV
00000001   CLK_HTIMEMULT
00000001   CLK_LTIMEDIV
00000001   CLK_POWERENABLE
00000001   CLK_RESETTIMER
00000001   CLK_USETIMER
00000001   GBL$
00000001   GBL_ENABLEINST
00000001   GBL_L2CONFIGURE
00000001   GBL_L2MAR128_159
00000001   GBL_boot
00000001   HST$
00000001   HST_RTDX
00000001   HWI$
00000001   HWI_ENABLE_EXC
00000001   HWI_NMI
00000001   IDL$
00000001   IDL_USECLKIDLTIME
00000001   IDL_busyObj$filter
00000001   IDL_busyObj$iA
00000001   IDL_busyObj$iC
00000001   ISRC$
00000001   KNL_swi$dorta
00000001   KNL_swi$sts$filtmaxmult
00000001   KNL_swi$sts$filtsummult
00000001   LCK$
00000001   LOG$
00000001   LOG_ENABLED
00000001   MEM$
00000001   MEM_gNumHeap
00000001   PRD$
00000001   PRD0$ord
00000001   PRD_A_TABLEN
00000001   PRD_SCALAR
00000001   PRD_swi$dorta
00000001   PRD_swi$ord
00000001   PRD_swi$pri
00000001   PRD_swi$sts$filtmaxmult
00000001   PRD_swi$sts$filtsummult
00000001   PWRM$
00000001   PWRM_PWRM_NUMSLOTS
00000001   QUE$
00000001   RTA_fromHost$id
00000001   RTA_toHost$mode
00000001   RTDX$
00000001   RTDX_NORMALIZED_HDR
00000001   RTDX_USERTDX
00000001   STS$
00000001   SWI$
00000001   SYS$
00000001   TSK$
00000001   TSK_PRIORITY
00000001   TSK_idle$sts$filtmaxmult
00000001   TSK_idle$sts$filtsummult
00000001   _CLK_USETIMER
00000001   _HWI_NMI
00000001   trace$datatype
00000002   HWI_RESERVED0
00000002   IDL_busyObj$unittype
00000002   KNL_swi$ord
00000002   KNL_swi$sts$filter
00000002   LOG_A_TABLEN
00000002   PIP_A_TABLEN
00000002   PIP_gNumEmbed
00000002   PRD0$sts$unittype
00000002   PRD_swi$sts$filter
00000002   PWRM_PWRM_INITSPCPU
00000002   SWI_A_TABLEN
00000002   TSK_idle$sts$filter
00000002   _HWI_RESERVED0
00000002   _LOG_A_TABLEN
00000002   _RTDX_JTAGONLY
00000003   HWI_RESERVED1
00000003   _HWI_RESERVED1
00000004   CLK_COUNTSPMSHIGH
00000004   EVENT4
00000004   HWI_INT4
00000004   RTA_fromHost$framesize
00000004   _EVENT4
00000004   _HWI_INT4
00000005   CLK_TIMMODE
00000005   EVENT5
00000005   HWI_INT5
00000005   _EVENT5
00000005   _HWI_INT5
00000006   EVENT6
00000006   HWI_INT6
00000006   IDL_CALIBRERROR
00000006   _EVENT6
00000006   _HWI_INT6
00000007   EVENT7
00000007   GBL_L1DMODE
00000007   GBL_L1PMODE
00000007   HWI_INT7
00000007   _EVENT7
00000007   _HWI_INT7
00000008   EVENT8
00000008   HWI_INT8
00000008   _EVENT8
00000008   _HWI_INT8
00000009   EVENT9
00000009   HWI_INT9
00000009   _EVENT9
00000009   _HWI_INT9
0000000a   EVENT10
0000000a   HWI_INT10
0000000a   PWRM_PWRM_CLKTICKSPERSLOT
0000000a   _EVENT10
0000000a   _HWI_INT10
0000000b   EVENT11
0000000b   HWI_INT11
0000000b   _EVENT11
0000000b   _HWI_INT11
0000000c   EVENT12
0000000c   HWI_INT12
0000000c   _EVENT12
0000000c   _HWI_INT12
0000000d   EVENT13
0000000d   HWI_INT13
0000000d   _EVENT13
0000000d   _HWI_INT13
0000000e   EVENT14
0000000e   HWI_INT14
0000000e   _EVENT14
0000000e   _HWI_INT14
0000000f   EVENT15
0000000f   HWI_INT15
0000000f   _EVENT15
0000000f   _HWI_INT15
00000010   EVENT16
00000010   _EVENT16
00000011   EVENT17
00000011   _EVENT17
00000012   EVENT18
00000012   _EVENT18
00000013   EVENT19
00000013   _EVENT19
00000014   EVENT20
00000014   _EVENT20
00000015   EVENT21
00000015   _EVENT21
00000016   EVENT22
00000016   _EVENT22
00000017   EVENT23
00000017   _EVENT23
00000018   EVENT24
00000018   _EVENT24
00000019   EVENT25
00000019   _EVENT25
0000001a   EVENT26
0000001a   _EVENT26
0000001b   EVENT27
0000001b   _EVENT27
0000001c   EVENT28
0000001c   _EVENT28
0000001d   EVENT29
0000001d   _EVENT29
0000001e   EVENT30
0000001e   _EVENT30
0000001f   EVENT31
0000001f   _EVENT31
00000020   CLK_TCR
00000020   EVENT32
00000020   _EVENT32
00000021   EVENT33
00000021   _EVENT33
00000022   EVENT34
00000022   _EVENT34
00000023   EVENT35
00000023   _EVENT35
00000024   EVENT36
00000024   _EVENT36
00000025   EVENT37
00000025   _EVENT37
00000026   EVENT38
00000026   _EVENT38
00000027   EVENT39
00000027   _EVENT39
00000028   EVENT40
00000028   _EVENT40
00000029   EVENT41
00000029   _EVENT41
0000002a   EVENT42
0000002a   _EVENT42
0000002b   EVENT43
0000002b   _EVENT43
0000002c   EVENT44
0000002c   _EVENT44
0000002d   EVENT45
0000002d   _EVENT45
0000002e   EVENT46
0000002e   _EVENT46
0000002f   EVENT47
0000002f   _EVENT47
00000030   EVENT48
00000030   PWRM_PWRM_CAPSMASK
00000030   _EVENT48
00000031   EVENT49
00000031   _EVENT49
00000032   EVENT50
00000032   _EVENT50
00000033   EVENT51
00000033   _EVENT51
00000034   EVENT52
00000034   _EVENT52
00000035   EVENT53
00000035   _EVENT53
00000036   EVENT54
00000036   _EVENT54
00000037   EVENT55
00000037   _EVENT55
00000038   EVENT56
00000038   _EVENT56
00000039   EVENT57
00000039   _EVENT57
0000003a   EVENT58
0000003a   _EVENT58
0000003b   EVENT59
0000003b   _EVENT59
0000003c   EVENT60
0000003c   _EVENT60
0000003d   EVENT61
0000003d   _EVENT61
0000003e   EVENT62
0000003e   GBL_DSPTYPE
0000003e   _EVENT62
0000003f   EVENT63
0000003f   _EVENT63
00000040   EVENT64
00000040   HST_MAXFRAMESET
00000040   RTA_toHost$framesize
00000040   _EVENT64
00000041   EVENT65
00000041   _EVENT65
00000042   EVENT66
00000042   GBL_FOOTPRINT
00000042   _EVENT66
00000043   EVENT67
00000043   _EVENT67
00000044   EVENT68
00000044   _EVENT68
00000045   EVENT69
00000045   _EVENT69
00000046   EVENT70
00000046   _EVENT70
00000047   EVENT71
00000047   _EVENT71
00000048   EVENT72
00000048   _EVENT72
00000049   EVENT73
00000049   _EVENT73
0000004a   EVENT74
0000004a   _EVENT74
0000004b   EVENT75
0000004b   _EVENT75
0000004c   EVENT76
0000004c   _EVENT76
0000004d   EVENT77
0000004d   _EVENT77
0000004e   EVENT78
0000004e   _EVENT78
0000004f   EVENT79
0000004f   _EVENT79
00000050   EVENT80
00000050   _EVENT80
00000051   EVENT81
00000051   _EVENT81
00000052   EVENT82
00000052   _EVENT82
00000053   EVENT83
00000053   _EVENT83
00000054   EVENT84
00000054   _EVENT84
00000055   EVENT85
00000055   _EVENT85
00000056   EVENT86
00000056   _EVENT86
00000057   EVENT87
00000057   _EVENT87
00000058   EVENT88
00000058   _EVENT88
00000059   EVENT89
00000059   _EVENT89
0000005a   EVENT90
0000005a   _EVENT90
0000005b   EVENT91
0000005b   _EVENT91
0000005c   EVENT92
0000005c   _EVENT92
0000005d   EVENT93
0000005d   _EVENT93
0000005e   EVENT94
0000005e   _EVENT94
0000005f   EVENT95
0000005f   _EVENT95
00000060   EVENT96
00000060   _EVENT96
00000061   EVENT97
00000061   _EVENT97
00000062   EVENT98
00000062   _EVENT98
00000063   EVENT99
00000063   _EVENT99
00000064   EVENT100
00000064   PIP_OBJSIZE
00000064   _EVENT100
00000065   EVENT101
00000065   _EVENT101
00000066   EVENT102
00000066   _EVENT102
00000067   EVENT103
00000067   _EVENT103
00000068   EVENT104
00000068   _EVENT104
00000069   EVENT105
00000069   _EVENT105
0000006a   EVENT106
0000006a   _EVENT106
0000006b   EVENT107
0000006b   _EVENT107
0000006c   EVENT108
0000006c   _EVENT108
0000006d   EVENT109
0000006d   _EVENT109
0000006e   EVENT110
0000006e   _EVENT110
0000006f   EVENT111
0000006f   _EVENT111
00000070   EVENT112
00000070   _EVENT112
00000071   EVENT113
00000071   _EVENT113
00000072   EVENT114
00000072   _EVENT114
00000073   EVENT115
00000073   _EVENT115
00000074   EVENT116
00000074   _EVENT116
00000075   EVENT117
00000075   _EVENT117
00000076   EVENT118
00000076   _EVENT118
00000077   EVENT119
00000077   _EVENT119
00000078   EVENT120
00000078   _EVENT120
00000079   EVENT121
00000079   _EVENT121
0000007a   EVENT122
0000007a   _EVENT122
0000007b   EVENT123
0000007b   _EVENT123
0000007c   EVENT124
0000007c   _EVENT124
0000007d   EVENT125
0000007d   _EVENT125
0000007e   EVENT126
0000007e   _EVENT126
0000007f   EVENT127
0000007f   _EVENT127
000000ff   HST_MAXFRAMEALLOWED
000001f4   PRD0$period
00000200   LOG_system$size
000003e8   CLK_MICROSECS
00000400   HST_DSMMEMSIZE
00000400   TSK_STACKSIZE
00000400   __STACK_SIZE
00000400   trace$size
00000408   RTDX_BUFMEMSIZE
00001a5b   GBL_CLKTYPE
00001a5c   GBL_DSPSUBTYPE
00002000   IRAM$L
00002000   _IRAM_length
00004000   CLK_INTBIT
00004e20   GBL_CLKIN
00005205   GBL_A_VERSION
00005828   HWI_CFGDISPATCHED
00005828   _HWI_CFGDISPATCHED
00005dc0   CLK_INPUTCLK
00005dc0   CLK_PRD
00005dc0   _CLK_PRD
0000dbef   GBL_TRCMASKVALUE
000493e0   CLK_COUNTSPMS
000493e0   CLK_HTIMEPERLTIME
000493e0   CLK_LTIMEMULT
000493e0   GBL_FREQ
000493e0   _CLK_COUNTSPMS
01c20000   CLK_REGS
01c20000   _CLK_REGS
07063d04   HWI_INTRMUX1
0b0a0908   HWI_INTRMUX2
11800000   .data
11800000   ___data__
11800000   ___edata__
11800000   _b_fir
11800000   edata
11802000   _aLow
11802010   _bLow
11802020   _aMid
11802050   _bMid
11802080   _aPres
118020b0   _bPres
118020e0   _aHigh
118020f8   _bHigh
11802110   _sine
11802198   _eqSignal
11804198   _fftSignal
11806198   _buffer
11808198   _low
11808208   _mid
11808278   _pres
118082e8   _high
11808358   __ftable
11808538   __tmpnams
11808678   __ft_end
1180867c   _CLK_inputClock
11808680   ___atexit_func_id__
11808928   _KNL_queues
118089c8   _KNL_dummy
11808a00   _TSK_ATTRS
11808a1c   _TSK_config
11808a3c   _TSK_timerSem
11808a5c   _dtors
11808a60   _OBJ_table
11808a98   _OBJ_segtab
11808ab4   __TSK_mutex
11808adc   __MEM_mutex
11808b08   _SYS_exitStack
11808b40   _EXC_status
11808b7c   __cleanup_ptr
11808b80   __dtors_ptr
11808b84   ___TI_enable_exit_profile_output
11808b88   __lock
11808b8c   __unlock
11808b98   CLK_A_TABBEG
11808b98   PRD_clock
11808b98   _PRD_clock
11808b9c   CLK_null
11808ba0   .text
11808ba0   _EVMC6748_init
11808ba0   ___text__
11808bcc   _EVMC6748_initRAM
11808d88   _EVMC6748_enableDsp
11808db4   _EVMC6748_pinmuxConfig
11808e50   _EVMC6748_lpscTransition
11809228   _config_pll0
11809464   _config_pll1
11809648   _UTIL_printMem
118097a0   _UTIL_isUIBoardAttached
118097c0   __divd
1180a2e0   _read_audio_sample
1180a2f0   _write_audio_sample
1180a304   _initAll
1180a36c   _McASP_Init
1180a494   _McASP_Start
1180a604   _AIC3106_Init
1180a6b8   _AIC3106_readRegister
1180a724   _AIC3106_writeRegister
1180a758   _USTIMER_delay
1180a7e4   _SetGpio
1180ad40   _I2CGPIO_init
1180ae14   _I2CGPIO_getInput
1180af30   _I2CGPIO_getInputAll
1180b040   _I2CGPIO_setOutput
1180b188   _I2CGPIO_setOutputAll
1180b220   _main
1180b3c8   _dipPRD
1180b4d4   _audioHWI
1180b6e0   __printfi
1180bb20   _fputs
1180bec0   _GPIO_setDir
1180bf38   _GPIO_getInput
1180bfac   _GPIO_setOutput
1180c02c   _GPIO_toggleLoop
1180c240   _I2C_init
1180c32c   _I2C_read
1180c488   _I2C_write
1180d0e0   __divull
1180da00   _fputc
1180da00   _putc
1180de20   _setvbuf
1180e020   _LED_init
1180e06c   _LED_isOn
1180e0d4   _LED_turnOn
1180e124   _LED_turnOff
1180e16c   _LED_toggle
1180e3c0   __divul
1180e560   _HOSTrename
1180e6e0   _DIP_init
1180e704   _DIP_get
1180e768   _DIP_getAll
1180eac0   __closefile
1180ed00   _fseek
1180ee20   _RB3_init
1180ee44   _RB3_insert
1180ee50   _RB3_rotate
1180ee64   _RB3_push
1180ee78   _RB3_set
1180ee84   _RB3_innerProduct
1180eed0   _RB3_print
1180ef40   _HOSTlseek
1180f040   __wrt_ok
1180f140   _call_dtors
1180f240   _HOSTopen
1180f320   _HOSTread
1180f400   _atoi
1180f4e0   _close
1180f5c0   _memset
1180f6a0   _printf
1180f780   _BQ_init
1180f7b4   _BQ_setNum
1180f7c8   _BQ_setDen
1180f7d8   _BQ_process
1180f860   _HOSTunlink
1180f920   _HOSTwrite
1180faa0   __c6xabi_divu
1180faa0   __divu
1180fb60   __doflush
1180fc20   _atexit
1180fce0   _ltoa
1180fe60   _HOSTclose
1180ff00   __cleanup
1180ffa0   __divli
11810180   __fixdli
11810220   __nround
11810400   _lseek
118104a0   _memcpy
11810540   _modf
118105e0   _write
11810680   __fltlid
11810700   __llshl
11810780   _readmsg
11810800   _unlink
11810880   __subcull
118108e0   _memccpy
11810940   _writemsg
11810998   C$$IO$$
118109a0   ___add_dtor
118109e0   ___isinf
11810a60   __frcmpyd_div
11810aa0   __llshru
11810ae0   __remli
11810b20   __negll
11810b40   __nop
11810ba0   __c6xabi_pop_rts
11810ba0   __pop_rts
11810bc0   __c6xabi_push_rts
11810bc0   __push_rts
11810be0   __register_lock
11810c00   __register_unlock
11810c20   _remove
11810c40   LNK_F_checkBufferCall
11810c40   ___etext__
11810c40   etext
11810c60   LNK_F_getChanPtr
11810cb8   LNK_F_init
11810cc0   LNK_F_dataPump
11810cd0   LNK_rcloop
11810d94   LNK_rdrtry
11810da4   LNK_rrloop
11810e64   LNK_wrrtry
11810e70   LNK_wrloop
11810f40   LNK_newin
11811074   LNK_newout
118111c8   LNK_F_readCallBack
11811200   _EXC_nmi
11811234   _EXC_internal
118114e0   _EXC_init
11811520   _EXC_getLastStatus
11811540   _EXC_external
11811574   _EXC_exceptionHandler
11811750   _EXC_clearLastStatus
11811780   CLK_HOOKFXN
11811780   HWI_F_dispatch
11811780   _HWI_F_dispatch
11811780   __HWI_lat1beg
11811908   __HWI_lat1end
11811908   __HWI_lat2beg
11811a70   __HWI_lat2end2
11811aa0   __HWI_lat3end2
11811ae4   __HWI_lat2end1
11811b00   __HWI_lat3beg
11811c60   SWI_F_enable
11811c60   __SWI_lat3beg
11811ccc   __SWI_lat3end
11811cd0   SWI_F_post
11811cd0   _SWI_post
11811dd8   __SWI_lat1beg
11811e44   SWI_EXECFXN
11811e44   SWI_F_exec
11811e6c   SWI_F_iexec
11811e84   __SWI_lat1end
11811e88   __SWI_lat2beg
11811ee8   __SWI_lat2end
11811eec   SWI_F_run
11811eec   SWI_RUNFXN
11812120   PRD_F_swi
118123a4   PRD_F_tick
118124a0   _free
118124c4   _malloc
11812524   _realloc
11812608   _memalign
118126cc   _calloc
11812720   RTA_F_getlog
11812758   RTA_F_getsts
11812798   RTA_F_readblk
118127b4   RTA_F_writeword
118127c0   RTA_F_resetmem
118127c0   __RTA_lat1beg
118127f4   __RTA_lat1end
11812800   RTA_F_dispatch
1181284c   RTA_execute
118129a0   _KNL_run
11812be0   _MEM_alloc
11812fb4   PRD_THOOKFXN
11812fb4   _KNL_tick
11812fe0   _MEM_free
118131c0   _EXC_dispatch
11813384   _EXC_setReturnPtr
118133a0   PIP_F_take
11813418   PIP_F_give
11813418   PIP_F_probe
118134e8   PIP_F_start
11813580   _SEM_pendEnterKnl
11813760   __SEM_dopost
11813900   _TSK_setup
11813aa0   CLK_F_getltime
11813ab0   CLK_F_isr
11813bf0   CLK_F_itime
11813bf0   _CLK_F_itime
11813bf0   _CLK_itime
11813c10   __CLK_lat1beg
11813c30   __CLK_lat1end
11813c40   _KNL_saveIsrFrame
11813cec   _KNL_switch
11813d98   KNL_glue
11813dc0   __auto_init
11813f00   _TSK_exit
11814040   _BCACHE_setSize
11814084   _BCACHE_setMar
118140d4   _BCACHE_setCacheToSram
11814104   _BCACHE_getSize
11814154   _BCACHE_getMar
118141e8   _GBL_cacheInit64P
118142a0   _KNL_check
118142ec   __KNL_lat1beg
11814368   _KNL_idle
11814368   __KNL_lat1end
11814390   _KNL_max
11814464   _TSK_startup
118144e0   _SEM_post
118144e0   _SEM_postBinary
118145c0   _KNL_exit
11814600   _KNL_enter
11814680   _SEM_postEnterKnl
11814720   _SYS_exit
118147c0   _KNL_ipost
11814840   _KNL_post
118148c0   _LCK_post
118148e0   _LCK_pend
11814940   LOG_F_event
11814940   _LOG_event
11814940   __LOG_lat1beg
118149c0   IDL_F_calibrate
11814a40   _SYS_error
11814aa0   FXN_F_nop
11814aa4   FXN_F_run
11814aa4   _FXN_F_run
11814ae0   FXN_F_zero
11814ae0   _FXN_F_zero
11814b00   _HWI_disable
11814b18   _HWI_enable
11814b2c   _HWI_restore
11814b60   IDL_F_busy
11814b60   __IDL_lat1beg
11814ba0   __IDL_lat1end
11814bc0   _SEM_pend
11814c20   STS_F_delta
11814c20   _STS_delta
11814c4c   STS_F_add
11814c4c   _STS_add
11814c68   STS_F_reset
11814c68   _STS_reset
11814c80   _SYS_abort
11814ce0   _CLK_measure
11814d40   IDL_CALIBRFXN
11814d40   IDL_F_stub
11814d80   RTA_F_andn
11814d98   RTA_F_or
11814dc0   SYS_ABORTFXN
11814dc0   _UTL_doAbort
11814e00   SYS_PUTCFXN
11814e00   _UTL_doPutc
11814e40   GBL_USERINITFXN
11814e40   GIO_CREATEFXN
11814e40   GIO_DELETEFXN
11814e40   GIO_PENDFXN
11814e40   GIO_POSTFXN
11814e40   PWRM_PWRM_SHAREDRESOURCEFXN
11814e40   PWRM_PWRM_SLOTHOOKFXN
11814e40   TSK_VCREATEFXN
11814e40   TSK_VDELETEFXN
11814e40   TSK_VEXITFXN
11814e40   _BCACHE_bootInit
11814e40   _FXN_F_nop
11814e60   _GBL_getVersion
11814e80   IDL_F_loop
11814e80   _IDL_loop
11814ea0   _STS_set
11814ec0   SYS_ERRORFXN
11814ec0   _UTL_doError
11814ee0   SYS_EXITFXN
11814ee0   _UTL_halt
11814f00   CLK_F_gethtime
11814f00   CLK_TIMEFXN
11814f00   _CLK_gethtime
11814f20   ___cinit__
11814f20   cinit
1181821c   IRAM$B
1181821c   _IRAM_base
1181a220   BIOS_init
1181a220   _BIOS_init
1181a3a4   BIOS$$CLKON
1181a3e4   BIOS$$CLKOFF
1181a450   BIOS_start
1181a450   _BIOS_start
1181a5a0   _c_int00
1181a660   _MEM_init
1181a720   _TSK_init
1181a78c   TSK_idle
1181a78c   _TSK_idle
1181a7e0   PRD0
1181a7e0   PRD_A_TABBEG
1181a7e0   _PRD0
1181a7fc   PRD0$aaa
1181a800   LOG_system$buf
1181a800   PRD_A_TABEND
1181b000   trace$buf
1181c000   _HSRTDX_rec
1181c2a0   _RTDX_Buffer_WriteCB
1181c760   _HSRTDX_xmt
1181ca60   _RTDX_Mon_Queue
1181ccc0   _RTDX_Poll
1181cd60   _RTDX_Final_RT_Monitor
1181cde0   _RTDX_Buffer_Initialize
1181ce40   _RTDX_Init_RT_Monitor
1181cea0   _RTDX_Buffer_ReadCB
1181cee0   _RTDX_Buffer_Size
1181cf20   _RTDX_memfill
1181cf60   _RTDX_Buffer_Read
1181cf80   _RTDX_Buffer_Write
1181cfa0   _RTDX_Mask_IER
1181d040   _RTDX_Buffer
1181d448   _RTDX_Buffer_Start
1181d44c   _RTDX_Buffer_End
1181d450   _rtdx_mon_state
1181d494   _rtdx_buffer_state
1181d4a0   _RTDX_writing
1181d650   __ctypes_
1181d758   _bitval_u32
1181d8ed   PRD0$sts$maxfmt
1181d8f0   TSK_idle$stack
1181d8f6   PRD0$sts$sumfmt
1181d8ff   PRD0$sts$avgfmt
1181d90a   PRD_swi$sts$maxfmt
1181d912   PRD_swi$sts$sumfmt
1181d91a   PRD_swi$sts$avgfmt
1181d924   KNL_swi$sts$maxfmt
1181d92c   KNL_swi$sts$sumfmt
1181d934   KNL_swi$sts$avgfmt
1181d93e   TSK_idle$sts$maxfmt
1181d946   TSK_idle$sts$sumfmt
1181d94e   TSK_idle$sts$avgfmt
1181d958   IDL_busyObj$maxfmt
1181d95b   IDL_busyObj$sumfmt
1181d95e   IDL_busyObj$avgfmt
1181dc88   TSK_idle$stkptr
1181dcf0   GBL_stackbeg
1181dcf0   _HWI_STKTOP
1181dcf0   __stack
1181e0e8   _HWI_STKBOTTOM
1181e0ef   GBL_stackend
1181e0f0   $bss
1181e0f0   .bss
1181e0f0   _HWI_dispatchTab
1181e0f0   __STACK_END
1181e0f0   ___bss__
1181e1f0   IDL_D_tabbeg
1181e1f4   IDL_D_calibrate
1181e1f8   IDL_D_calbeg
1181e1fc   LOG_D_system
1181e1fc   _LOG_D_system
1181e200   PIP_D_tabbeg
1181e204   PIP_D_tablen
1181e208   CLK_R_time
1181e20c   CLK_D_timefxn
1181e210   CLK_D_tabbeg
1181e214   CLK_D_isrhook
1181e218   CLK_D_idletime
1181e21c   _CLK_htimeDiv
1181e220   _CLK_htimeMult
1181e224   _CLK_ltimeDiv
1181e228   _CLK_ltimeMult
1181e22c   _CLK_D_dirty
1181e230   _CLK_D_prd
1181e234   _CLK_D_tddr
1181e238   _CLK_D_countspms
1181e23c   PRD_D_tick
1181e23c   _PRD_D_tick
1181e240   PRD_D_cur
1181e244   PRD_D_elapsed
1181e248   PRD_D_prevtim
1181e24c   PRD_D_scalar
1181e250   PRD_D_swihandle
1181e254   PRD_D_tabbeg
1181e258   PRD_D_tablen
1181e25c   PRD_D_thook
1181e260   RTA_D_fromHost
1181e264   RTA_D_toHost
1181e268   RTA_D_logval
1181e278   RTA_D_stsval
1181e284   HST_D_chanmask
1181e288   HST_D_tabbeg
1181e28c   HST_D_tabend
1181e290   _GBL_procId
1181e294   _GBL_clkIn
1181e298   _GBL_freq
1181e29c   _MEM_D_NUMSEGMENTS
1181e2a0   _MEM_D_memtab
1181e2a4   _MEM_D_freelist
1181e2a8   _MEM_D_lockaddr
1181e2ac   _MEM_D_unlockaddr
1181e2b0   _SYS
1181e2b4   __HOOK_knlId
1181e2b8   __HOOK_NUMHOOKS
1181e2bc   SWI_D_runaddr
1181e2bc   _SWI_D_runaddr
1181e2bc   _SWI_data
1181e2c0   SWI_D_execaddr
1181e2c0   _SWI_D_execaddr
1181e2c4   SWI_D_curmask
1181e2c4   _SWI_D_curmask
1181e2c8   SWI_D_curset
1181e2c8   _SWI_D_curset
1181e2cc   SWI_D_lock
1181e2cc   _SWI_D_lock
1181e2d0   SWI_D_curmbox
1181e2d4   SWI_D_curfxn
1181e2d4   _SWI_D_curfxn
1181e2d8   SWI_D_rdybeg
1181e2d8   _SWI_D_rdybeg
1181e2dc   SWI_D_inswi
1181e2dc   _SWI_D_inswi
1181e2e0   SWI_D_rdytab
1181e358   _KNL_wFlag
1181e35c   _KNL_wList
1181e360   _KNL_alarm
1181e364   _KNL_setpri
1181e368   _KNL_inactive
1181e36c   _KNL_priority
1181e370   _KNL_set
1181e374   _KNL_curtask
1181e378   _KNL_prevtask
1181e37c   _KNL_curtime
1181e380   _KNL_swiptr
1181e384   _KNL_curqueue
1181e388   _KNL_maxqueue
1181e38c   _KNL_tswitchfxn
1181e390   _KNL_tcreatefxn
1181e394   _KNL_tdeletefxn
1181e398   _KNL_treadyfxn
1181e39c   _KNL_idlefxn
1181e3a0   _MEM_memtab
1181e3ac   HST_DSMBUFSEG
1181e3ac   IRAM
1181e3ac   MEM_MALLOCSEG
1181e3ac   MEM_SEGZERO
1181e3ac   RTDX_DATAMEMSEG
1181e3ac   _IRAM
1181e3ac   _SEG0
1181e3b0   RTA_fromHost$pipe$dtab
1181e3bc   RTA_toHost$pipe$dtab
1181e3c8   _EXC_sysTrapTable
1181e3d0   _EXC_returnPtr
1181e3e8   HWI_D_spsave
1181e3e8   _HWI_D_spsave
1181e3e8   _HWI_data
1181e3f4   _HWI_D_inhwi
1181e3f8   HWI_D_bss
1181e3fc   HWI_D_ccmask
1181e400   LNK_dspFrameRequestMask
1181e400   _LNK_dspFrameRequestMask
1181e404   LNK_dspFrameReadyMask
1181e404   _LNK_dspFrameReadyMask
1181e408   LNK_readPend
1181e408   _LNK_readPend
1181e40c   LNK_readDone
1181e40c   _LNK_readDone
1181e410   LNK_readFail
1181e410   _LNK_readFail
1181e414   LNK_writeFail
1181e414   _LNK_writeFail
1181e418   _EXC_exceptionHook
1181e41c   _EXC_internalHook
1181e420   _EXC_externalHook
1181e424   _EXC_nmiHook
1181e430   _rtdxNullChanCnt
1181e434   _rtdxNullFuncCnt
1181e438   _rtdxXmtNotDoneCnt
1181e43c   _rtdxRecNotDoneCnt
1181e440   _rtdxXmtRestartCnt
1181e444   _rtdxXmtErrorCnt
1181e448   _TSK_nTasks
1181e44c   _TSK_pid
1181e450   _TSK
1181e454   _mask
1181e456   _eqBypass
1181e457   _lowCut
1181e458   _midCut
1181e459   _presCut
1181e45a   _highCut
1181e45b   _dist
1181e45c   _writeIndex
1181e460   _CLK_DFLTMICROSECS
1181e464   _CLK_D_microseconds
1181e468   _SYS_exitStackPtr
1181e46c   _SYS_exitStackTop
1181e470   _CLK_htimePerLtime
1181e474   IDL_D_busyObj
1181e478   _MEM
1181e484   _SYS_PUTCBEG
1181e484   ___end__
1181e484   end
1181e683   _SYS_PUTCEND
1181e688   __CIOBUF_
1181e7a8   PRD_SWIHANDLE
1181e7a8   PRD_swi
1181e7a8   SWI_A_TABBEG
1181e7a8   _PRD_swi
1181e7d4   KNL_swi
1181e7d4   _KNL_swi
1181e800   HWI_A_VECS
1181e800   SWI_A_TABEND
1181e800   hwi0
1181e820   hwi1
1181e840   hwi2
1181e860   hwi3
1181e880   hwi4
1181e8a0   hwi5
1181e8c0   hwi6
1181e8e0   hwi7
1181e900   hwi8
1181e920   hwi9
1181e940   hwi10
1181e960   hwi11
1181e980   hwi12
1181e9a0   hwi13
1181e9c0   hwi14
1181e9e0   hwi15
1181ea00   RTA_toHost$buf
1181eb00   PIP_A_TABBEG
1181eb00   RTA_fromHost$pipe
1181eb00   _PIP_A_TABBEG
1181eb04   RTA_fromHost$pipe$rd
1181eb30   RTA_fromHost$pipe$aaa
1181eb34   RTA_fromHost$pipe$wr
1181eb60   RTA_fromHost$pipe$bbb
1181eb64   RTA_toHost$pipe
1181eb68   RTA_toHost$pipe$rd
1181eb94   RTA_toHost$pipe$aaa
1181eb98   RTA_toHost$pipe$wr
1181ebc4   RTA_toHost$pipe$bbb
1181ebc8   PIP_A_TABEND
1181ebc8   PRD0$sts$stsobj
1181ebc8   STS_A_TABBEG
1181ebc8   _PIP_A_TABEND
1181ebc8   _STS_A_TABBEG
1181ebcc   PRD0$sts
1181ebd8   PRD_swi$sts$stsobj
1181ebdc   PRD_swi$sts
1181ebe8   KNL_swi$sts$stsobj
1181ebec   KNL_swi$sts
1181ebf8   TSK_idle$sts$stsobj
1181ebfc   TSK_idle$sts
1181ec08   IDL_busyObj$stsobj
1181ec0c   IDL_busyObj
1181ec0c   _IDL_busyObj
1181ec18   STS_A_TABEND
1181ec18   _STS_A_TABEND
1181eca8   HST_A_TABBEG
1181eca8   _HST_A_TABBEG
1181ecac   RTA_fromHost
1181ecac   _RTA_fromHost
1181ecb4   RTA_fromHost$rtdx
1181ecc8   RTA_toHost
1181ecc8   _RTA_toHost
1181ecd0   RTA_toHost$rtdx
1181ece4   HST_A_TABEND
1181ece4   LOG_A_TABBEG
1181ece4   LOG_system
1181ece4   _HST_A_TABEND
1181ece4   _LOG_A_TABBEG
1181ece4   _LOG_system
1181ecfc   _trace
1181ecfc   trace
1181ed14   LOG_A_TABEND
1181ed14   RTA_fromHost$buf
1181ed14   _LOG_A_TABEND
1181ed24   IDL_A_TABBEG
1181ed24   IDL_cpuLoad
1181ed24   _IDL_cpuLoad
1181ed28   LNK_dataPump
1181ed28   _LNK_dataPump
1181ed2c   RTA_dispatcher
1181ed2c   _RTA_dispatcher
1181ed30   IDL_END
1181ed34   IDL_A_CALBEG
1181ed34   IDL_cpuLoad$
1181ed38   LNK_dataPump$
1181ed3c   RTA_dispatcher$
1181ed40   IDL_END$
1181ed44   SYS$config
1181ed54   ___pinit__
1181ed54   pinit
1181ed60   TRC_cinit
1181ed64   TRC_R_mask
1181ed64   _TRC_R_mask
1181ed68   GBL_initdone
28040d0c   HWI_INTRMUX3
ffffffff   CACHE_L1D
ffffffff   CACHE_L1P
ffffffff   DDR
ffffffff   ECM_EVTMASK0
ffffffff   ECM_EVTMASK1
ffffffff   ECM_EVTMASK2
ffffffff   ECM_EVTMASK3
ffffffff   GBL_L2MAR192_223
ffffffff   L3_CBA_RAM
ffffffff   _CACHE_L1D
ffffffff   _CACHE_L1P
ffffffff   _DDR
ffffffff   _L3_CBA_RAM
ffffffff   ___TI_pprof_out_hndl
ffffffff   ___TI_prof_data_size
ffffffff   ___TI_prof_data_start
ffffffff   ___binit__
ffffffff   ___c_args__
ffffffff   binit

[1171 symbols]
