******************************************************************************
               TMS320C6x Linker PC v7.4.18                     
******************************************************************************
>> Linked Fri Jul 10 11:20:25 2020

OUTPUT FILE NAME:   <GuitarAmpGitVersion.out>
ENTRY POINT SYMBOL: "_c_int00"  address: 11813b80


MEMORY CONFIGURATION

         name            origin    length      used     unused   attr    fill
----------------------  --------  ---------  --------  --------  ----  --------
  IRAM                  11800000   00040000  00015389  0002ac77  RWIX
  CACHE_L1P             11e00000   00008000  00000000  00008000  RWIX
  CACHE_L1D             11f00000   00008000  00000000  00008000  RWIX
  L3_CBA_RAM            80000000   00020000  00000000  00020000  RWIX
  DDR                   c3000000   01000000  00000000  01000000  RWIX


SECTION ALLOCATION MAP

 output                                  attributes/
section   page    origin      length       input sections
--------  ----  ----------  ----------   ----------------
.vers      0    00000000    0000003c     COPY SECTION
                  00000000    0000003c     hellocfg.obj (.vers)

.data      0    11800000    00000000     UNINITIALIZED

.text      0    11800000    000084c0     
                  11800000    00000c20     evmc6748_bsl.lib : evmc6748.obj (.text)
                  11800c20    000009e0     hello.obj (.text)
                  11801600    00000620     framework.obj (.text)
                  11801c20    000005a0     rts6740.lib : divd.obj (.text:__divd)
                  118021c0    00000580                 : _printfi.obj (.text:__getarg_diouxp)
                  11802740    00000520                 : _printfi.obj (.text:__setfield)
                  11802c60    000004e0     evmc6748_bsl.lib : evmc6748_i2c_gpio.obj (.text)
                  11803140    00000440     rts6740.lib : _printfi.obj (.text:__printfi)
                  11803580    000003a0                 : fputs.obj (.text:_fputs)
                  11803920    00000380     evmc6748_bsl.lib : evmc6748_gpio.obj (.text)
                  11803ca0    00000380                      : evmc6748_i2c.obj (.text)
                  11804020    00000320     rts6740.lib : _printfi.obj (.text:__pproc_fge)
                  11804340    000002c0                 : _printfi.obj (.text:__pproc_fwp)
                  11804600    000002a0                 : _printfi.obj (.text:_ecvt)
                  118048a0    000002a0                 : _printfi.obj (.text:_fcvt)
                  11804b40    00000260                 : imath64.obj (.text:__divull)
                  11804da0    00000260                 : _printfi.obj (.text:__pconv_e)
                  11805000    00000240                 : _printfi.obj (.text:__pproc_diouxp)
                  11805240    00000220                 : _printfi.obj (.text:__pproc_str)
                  11805460    00000220                 : fputc.obj (.text:_fputc)
                  11805680    00000200                 : _printfi.obj (.text:__pconv_g)
                  11805880    00000200                 : setvbuf.obj (.text:_setvbuf)
                  11805a80    000001e0     evmc6748_bsl.lib : evmc6748_led.obj (.text)
                  11805c60    000001c0     rts6740.lib : _printfi.obj (.text:__mcpy)
                  11805e20    000001a0                 : imath40.obj (.text:__divul)
                  11805fc0    00000180                 : trgdrv.obj (.text:_HOSTrename)
                  11806140    00000160     evmc6748_bsl.lib : evmc6748_dip.obj (.text)
                  118062a0    00000140     rts6740.lib : _printfi.obj (.text:__pproc_fflags)
                  118063e0    00000140                 : lowlev.obj (.text:_getdevice)
                  11806520    00000120                 : fclose.obj (.text:__closefile)
                  11806640    00000120                 : _printfi.obj (.text:__ltostr)
                  11806760    00000120                 : fseek.obj (.text:_fseek)
                  11806880    00000100                 : trgdrv.obj (.text:_HOSTlseek)
                  11806980    00000100                 : _io_perm.obj (.text:__wrt_ok)
                  11806a80    00000100                 : sinit.obj (.text:_call_dtors)
                  11806b80    000000e0                 : trgdrv.obj (.text:_HOSTopen)
                  11806c60    000000e0                 : trgdrv.obj (.text:_HOSTread)
                  11806d40    000000e0                 : divi.obj (.text:__divi)
                  11806e20    000000e0                 : atoi.obj (.text:_atoi)
                  11806f00    000000e0                 : lowlev.obj (.text:_close)
                  11806fe0    000000e0                 : memset.obj (.text:_memset)
                  118070c0    000000e0                 : printf.obj (.text:_printf)
                  118071a0    000000c0                 : trgdrv.obj (.text:_HOSTunlink)
                  11807260    000000c0                 : trgdrv.obj (.text:_HOSTwrite)
                  11807320    000000c0                 : _printfi.obj (.text:__div)
                  118073e0    000000c0                 : divu.obj (.text:__divu)
                  118074a0    000000c0                 : fflush.obj (.text:__doflush)
                  11807560    000000c0                 : remi.obj (.text:__remi)
                  11807620    000000c0                 : atexit.obj (.text:_atexit)
                  118076e0    000000c0                 : ltoa.obj (.text:_ltoa)
                  118077a0    000000c0     bios.a674 : tsk_stup.o674 (.text)
                  11807860    000000a0     rts6740.lib : trgdrv.obj (.text:_HOSTclose)
                  11807900    000000a0                 : fopen.obj (.text:__cleanup)
                  118079a0    000000a0                 : imath40.obj (.text:__divli)
                  11807a40    000000a0                 : _printfi.obj (.text:__ecpy)
                  11807ae0    000000a0                 : _printfi.obj (.text:__fcpy)
                  11807b80    000000a0                 : fixdli.obj (.text:__fixdli)
                  11807c20    000000a0                 : _printfi.obj (.text:__pconv_f)
                  11807cc0    000000a0                 : lowlev.obj (.text:_finddevice)
                  11807d60    000000a0                 : lowlev.obj (.text:_lseek)
                  11807e00    000000a0                 : memcpy64.obj (.text:_memcpy)
                  11807ea0    000000a0                 : lowlev.obj (.text:_write)
                  11807f40    00000080                 : fltlid.obj (.text:__fltlid)
                  11807fc0    00000080                 : llshift.obj (.text:__llshl)
                  11808040    00000080                 : trgmsg.obj (.text:_readmsg)
                  118080c0    00000080                 : lowlev.obj (.text:_unlink)
                  11808140    00000060                 : imath64.obj (.text:__subcull)
                  118081a0    00000060                 : memccpy.obj (.text:_memccpy)
                  11808200    00000060                 : trgmsg.obj (.text:_writemsg)
                  11808260    00000040                 : sinit.obj (.text:___add_dtor)
                  118082a0    00000040                 : isinf.obj (.text:___isinf)
                  118082e0    00000040                 : _printfi.obj (.text:___isnan)
                  11808320    00000040                 : frcmpyd_div.obj (.text:__frcmpyd_div)
                  11808360    00000040                 : llshift.obj (.text:__llshru)
                  118083a0    00000040                 : imath40.obj (.text:__remli)
                  118083e0    00000020                 : negll.obj (.text:__negll)
                  11808400    00000020                 : _lock.obj (.text:__nop)
                  11808420    00000020                 : printf.obj (.text:__outc)
                  11808440    00000020                 : printf.obj (.text:__outs)
                  11808460    00000020                 : _lock.obj (.text:__register_lock)
                  11808480    00000020                 : _lock.obj (.text:__register_unlock)
                  118084a0    00000020                 : remove.obj (.text:_remove)

.bios      0    118084c0    000042e0     
                  118084c0    000005c0     lnkrtdx.a674 : rtdx.o674 (.bios)
                  11808a80    00000580     bios.a674 : exc.o674 (.bios)
                  11809000    000004e0               : hwi_disp_asm.o674 (.bios)
                  118094e0    000004c0               : swi.o674 (.bios)
                  118099a0    00000380               : prd.o674 (.bios)
                  11809d20    00000280               : malloc.o674 (.bios)
                  11809fa0    00000280               : rta.o674 (.bios)
                  1180a220    00000240               : knl_run.o674 (.bios)
                  1180a460    00000200               : mem_allo.o674 (.bios:.near)
                  1180a660    00000200               : knl_tick.o674 (.bios)
                  1180a860    000001e0               : mem_free.o674 (.bios:.near)
                  1180aa40    000001e0               : exc_asm.o674 (.bios)
                  1180ac20    000001e0               : pip.o674 (.bios)
                  1180ae00    000001e0               : sem_pend.o674 (.bios)
                  1180afe0    000001a0               : sem_dopo.o674 (.bios)
                  1180b180    000001a0               : tsk_setu.o674 (.bios)
                  1180b320    000001a0     bios6748.a674 : clk.o674 (.bios)
                  1180b4c0    00000180     bios.a674 : knl_swit.o674 (.bios)
                  1180b640    00000140               : autoinit.o674 (.bios)
                  1180b780    00000140               : tsk_exit.o674 (.bios)
                  1180b8c0    00000140     bios6748.a674 : bcache_init.o674 (.bios)
                  1180ba00    00000120     bios.a674 : gbl_cacheinit64P.o674 (.bios)
                  1180bb20    00000120               : knl_chec.o674 (.bios)
                  1180bc40    00000120               : tsk_stup.o674 (.bios)
                  1180bd60    000000e0               : sem_post_asm.o674 (.bios)
                  1180be40    000000c0               : knl_exit.o674 (.bios)
                  1180bf00    000000a0               : sem_post.o674 (.bios)
                  1180bfa0    000000a0               : sys_exit.o674 (.bios)
                  1180c040    00000080               : knl_ipos.o674 (.bios)
                  1180c0c0    00000080               : knl_post.o674 (.bios)
                  1180c140    00000080               : lck.o674 (.bios)
                  1180c1c0    00000080               : log.o674 (.bios)
                  1180c240    00000080     bios6748.a674 : idl_cal.o674 (.bios)
                  1180c2c0    00000060     bios.a674 : sys_erro.o674 (.bios:.near)
                  1180c320    00000060               : fxn.o674 (.bios)
                  1180c380    00000060               : hwi_c.o674 (.bios)
                  1180c3e0    00000060               : idl_busy.o674 (.bios)
                  1180c440    00000060               : sem_pend_counting.o674 (.bios)
                  1180c4a0    00000060               : sts.o674 (.bios)
                  1180c500    00000060               : sys_abor.o674 (.bios)
                  1180c560    00000060     bios6748.a674 : clk_meas.o674 (.bios)
                  1180c5c0    00000040     bios.a674 : idl_stub.o674 (.bios)
                  1180c600    00000040               : rta_andn.o674 (.bios)
                  1180c640    00000040               : utl_doab.o674 (.bios)
                  1180c680    00000040               : utl_putc.o674 (.bios)
                  1180c6c0    00000020               : fxn_c.o674 (.bios)
                  1180c6e0    00000020               : gbl_vers.o674 (.bios)
                  1180c700    00000020               : idl.o674 (.bios)
                  1180c720    00000020               : sts_set.o674 (.bios)
                  1180c740    00000020               : utl_doer.o674 (.bios)
                  1180c760    00000020               : utl_halt.o674 (.bios)
                  1180c780    00000020     bios6748.a674 : clk_gethtime.o674 (.bios)

.IRAM$heap 
*          0    1180c7a0    00002000     UNINITIALIZED
                  1180c7a0    00002000     --HOLE--

.cinit     0    1180e7a0    00001414     
                  1180e7a0    000006c4     hellocfg.obj (.cinit)
                  1180ee64    00000004     --HOLE-- [fill = 0]
                  1180ee68    00000374     hello.obj (.cinit)
                  1180f1dc    00000004     --HOLE-- [fill = 0]
                  1180f1e0    0000026c     bios.a674 : biosdata.o674 (.cinit)
                  1180f44c    00000004     --HOLE-- [fill = 0]
                  1180f450    000001a4               : knl.o674 (.cinit)
                  1180f5f4    00000004     --HOLE-- [fill = 0]
                  1180f5f8    000000b0               : swi.o674 (.cinit)
                  1180f6a8    00000080               : tsk.o674 (.cinit)
                  1180f728    00000068     rtdx64xplus.lib : rtdx_mon.o64P (.cinit)
                  1180f790    00000060     bios.a674 : tsk_stup.o674 (.cinit)
                  1180f7f0    0000005c     lnkrtdx.a674 : rtdx.o674 (.cinit)
                  1180f84c    00000004     --HOLE-- [fill = 0]
                  1180f850    0000005c     rts6740.lib : defs.obj (.cinit)
                  1180f8ac    00000004     --HOLE-- [fill = 0]
                  1180f8b0    0000005c                 : lowlev.obj (.cinit)
                  1180f90c    00000004     --HOLE-- [fill = 0]
                  1180f910    0000004c     bios.a674 : rta.o674 (.cinit)
                  1180f95c    00000004     --HOLE-- [fill = 0]
                  1180f960    0000004c     rtdx64xplus.lib : buffer1.o64P (.cinit)
                  1180f9ac    00000004     --HOLE-- [fill = 0]
                  1180f9b0    0000003c     bios.a674 : exc.o674 (.cinit)
                  1180f9ec    00000004     --HOLE-- [fill = 0]
                  1180f9f0    00000034               : hwi.o674 (.cinit)
                  1180fa24    00000004     --HOLE-- [fill = 0]
                  1180fa28    0000002c               : utl_putc.o674 (.cinit)
                  1180fa54    00000004     --HOLE-- [fill = 0]
                  1180fa58    0000002c     rts6740.lib : exit.obj (.cinit)
                  1180fa84    00000004     --HOLE-- [fill = 0]
                  1180fa88    00000024     bios.a674 : obj_init.o674 (.cinit)
                  1180faac    00000004     --HOLE-- [fill = 0]
                  1180fab0    00000024     block_sine.obj (.cinit)
                  1180fad4    00000004     --HOLE-- [fill = 0]
                  1180fad8    0000001c     bios.a674 : exc_asm.o674 (.cinit)
                  1180faf4    00000004     --HOLE-- [fill = 0]
                  1180faf8    0000001c               : sys.o674 (.cinit)
                  1180fb14    00000004     --HOLE-- [fill = 0]
                  1180fb18    0000001c     rts6740.lib : _lock.obj (.cinit)
                  1180fb34    00000004     --HOLE-- [fill = 0]
                  1180fb38    0000001c                 : atexit.obj (.cinit)
                  1180fb54    00000004     --HOLE-- [fill = 0]
                  1180fb58    00000018     bios.a674 : knl_tick.o674 (.cinit)
                  1180fb70    0000000c               : idl_busy.o674 (.cinit)
                  1180fb7c    00000004     --HOLE-- [fill = 0]
                  1180fb80    0000000c               : knl_swit.o674 (.cinit)
                  1180fb8c    00000004     --HOLE-- [fill = 0]
                  1180fb90    0000000c     rts6740.lib : fopen.obj (.cinit)
                  1180fb9c    00000004     --HOLE-- [fill = 0]
                  1180fba0    0000000c                 : sinit.obj (.cinit)
                  1180fbac    00000004     --HOLE-- [fill = 0]
                  1180fbb0    00000004     (.pad.cinit) [fill = 0]

.args      0    1180fbb4    00000004     
                  1180fbb4    00000004     --HOLE-- [fill = 0]

.const     0    1180fbb8    00000419     
                  1180fbb8    00000193     bios.a674 : exc.o674 (.const:.string)
                  1180fd4b    00000004               : mem_allo.o674 (.const:.string)
                  1180fd4f    00000001     --HOLE-- [fill = 0]
                  1180fd50    00000101     rts6740.lib : ctype.obj (.const:.string:__ctypes_)
                  1180fe51    00000004     bios.a674 : mem_free.o674 (.const:.string)
                  1180fe55    00000002     rts6740.lib : fputs.obj (.const:.string)
                  1180fe57    00000001     --HOLE-- [fill = 0]
                  1180fe58    00000080     evmc6748_bsl.lib : evmc6748.obj (.const:_bitval_u32)
                  1180fed8    0000004e     bios.a674 : tsk_stup.o674 (.const:.string)
                  1180ff26    00000002     --HOLE-- [fill = 0]
                  1180ff28    00000040     evmc6748_bsl.lib : evmc6748.obj (.const:.string)
                  1180ff68    00000023     bios.a674 : utl_doab.o674 (.const:.string)
                  1180ff8b    00000023     rts6740.lib : _printfi.obj (.const:.string)
                  1180ffae    00000022     bios.a674 : utl_doer.o674 (.const:.string)
                  1180ffd0    00000001               : tsk.o674 (.const:.string)

.printf    0    1180ffd1    00000076     COPY SECTION
                  1180ffd1    00000076     hellocfg.obj (.printf)

.prd       0    1180ffd4    00000020     UNINITIALIZED
                  1180ffd4    00000020     hellocfg.obj (.prd)

.pinit     0    1180fff4    0000000c     
                  1180fff4    00000004     rtdx64xplus.lib : buffer1.o64P (.pinit)
                  1180fff8    00000004                     : rtdx_mon.o64P (.pinit)
                  1180fffc    00000004     --HOLE-- [fill = 0]

.trace$buf 
*          0    11810000    00001000     UNINITIALIZED
                  11810000    00001000     hellocfg.obj (.trace$buf)

.rtdx_text 
*          0    11811000    00000fc0     
                  11811000    000002a0     rtdx64xplus.lib : rtdx_mon.o64P (.rtdx_text:_HSRTDX_rec)
                  118112a0    00000260                     : buffer1.o64P (.rtdx_text:_RTDX_Buffer_WriteCB)
                  11811500    00000260                     : buffer1.o64P (.rtdx_text:_RTDX_write_next)
                  11811760    000001a0                     : rtdx_mon.o64P (.rtdx_text:_HSRTDX_xmt)
                  11811900    00000160                     : rtdx_mon.o64P (.rtdx_text:_RTDX_Send_To_Host)
                  11811a60    000000e0                     : rtdx_mon.o64P (.rtdx_text:_RTDX_Mon_Queue)
                  11811b40    000000e0                     : buffer1.o64P (.rtdx_text:_claim)
                  11811c20    000000a0                     : rtdx_mon.o64P (.rtdx_text:_RTDX_GetH2THeader)
                  11811cc0    000000a0                     : rtdx_mon.o64P (.rtdx_text:_RTDX_Poll)
                  11811d60    00000080                     : rtdx_mon.o64P (.rtdx_text:_RTDX_Final_RT_Monitor)
                  11811de0    00000060                     : buffer1.o64P (.rtdx_text:_RTDX_Buffer_Initialize)
                  11811e40    00000060                     : rtdx_mon.o64P (.rtdx_text:_RTDX_Init_RT_Monitor)
                  11811ea0    00000040                     : buffer2.o64P (.rtdx_text:_RTDX_Buffer_ReadCB)
                  11811ee0    00000040                     : buffer1.o64P (.rtdx_text:_RTDX_Buffer_Size)
                  11811f20    00000040                     : memfill.o64P (.rtdx_text:_RTDX_memfill)
                  11811f60    00000020                     : buffer2.o64P (.rtdx_text:_RTDX_Buffer_Read)
                  11811f80    00000020                     : buffer1.o64P (.rtdx_text:_RTDX_Buffer_Write)
                  11811fa0    00000020                     : intr_tgt.o64P (.rtdx_text)

.far       0    11811fc0    00000ca0     UNINITIALIZED
                  11811fc0    0000045c     hello.obj (.far)
                  1181241c    00000004     bios6748.a674 : clk_data.o674 (.far)
                  11812420    00000324     rts6740.lib : defs.obj (.far)
                  11812744    00000004                 : fopen.obj (.far)
                  11812748    00000188                 : atexit.obj (.far)
                  118128d0    0000011c                 : lowlev.obj (.far)
                  118129ec    00000004                 : sinit.obj (.far)
                  118129f0    000000d8     bios.a674 : knl.o674 (.far)
                  11812ac8    0000005c               : tsk.o674 (.far)
                  11812b24    00000004     --HOLE--
                  11812b28    00000054               : obj_init.o674 (.far)
                  11812b7c    00000050               : tsk_stup.o674 (.far)
                  11812bcc    00000004     --HOLE--
                  11812bd0    00000020               : sys.o674 (.far)
                  11812bf0    00000018     rtdx64xplus.lib : rtdx_mon.o64P (.far)
                  11812c08    00000010     bios.a674 : exc.o674 (.far)
                  11812c18    00000010               : knl_tick.o674 (.far)
                  11812c28    0000000c               : utl_putc.o674 (.far)
                  11812c34    00000004     --HOLE--
                  11812c38    0000000c     block_sine.obj (.far)
                  11812c44    0000000c     rts6740.lib : exit.obj (.far)
                  11812c50    00000008                 : _lock.obj (.far)
                  11812c58    00000008                 : trgdrv.obj (.far)

.bss       0    11812c60    00000394     UNINITIALIZED
                  11812c60    00000100     bios.a674 : hwi_disp_asm.o674 (.bss)
                  11812d60    000000cc               : biosdata.o674 (.bss)
                  11812e2c    0000009c               : swi.o674 (.bss)
                  11812ec8    00000048               : knl.o674 (.bss)
                  11812f10    00000028     hellocfg.obj (.bss)
                  11812f38    00000020     bios.a674 : exc_asm.o674 (.bss)
                  11812f58    00000018               : hwi.o674 (.bss)
                  11812f70    00000018     lnkrtdx.a674 : rtdx.o674 (.bss)
                  11812f88    00000010     bios.a674 : exc.o674 (.bss)
                  11812f98    00000010     rtdx64xplus.lib : buffer1.o64P (.bss)
                  11812fa8    00000010                     : rtdx_mon.o64P (.bss)
                  11812fb8    0000000c     bios.a674 : tsk.o674 (.bss)
                  11812fc4    0000000c     hello.obj (.bss)
                  11812fd0    00000008     bios.a674 : clk_data.o674 (.bss)
                  11812fd8    00000008               : sys.o674 (.bss)
                  11812fe0    00000004               : clk_data2.o674 (.bss)
                  11812fe4    00000004               : idl_busy.o674 (.bss)
                  11812fe8    00000004               : mem_asm.o674 (.bss)
                  11812fec    00000004     block_sine.obj (.bss)
                  11812ff0    00000004     evmc6748_bsl.lib : evmc6748_i2c.obj (.bss)

.trcdata   0    11812ff4    0000000c     
                  11812ff4    0000000c     bios.a674 : trc.o674 (.trcdata)

.LOG_system$buf 
*          0    11813000    00000800     UNINITIALIZED
                  11813000    00000800     hellocfg.obj (.LOG_system$buf)

.sysinit   0    11813800    00000560     
                  11813800    00000380     hellocfg.obj (.sysinit)
                  11813b80    000000c0     bios.a674 : boot.o674 (.sysinit)
                  11813c40    000000c0               : mem_init.o674 (.sysinit)
                  11813d00    00000060               : tsk_init.o674 (.sysinit)

.hst1      0    11813d60    00000010     UNINITIALIZED
                  11813d60    00000010     hellocfg.obj (.hst1)

.idl       0    11813d70    00000010     UNINITIALIZED
                  11813d70    00000010     hellocfg.obj (.idl)

.rtdx_data 
*          0    11813d80    000004f4     UNINITIALIZED
                  11813d80    00000080     --HOLE--
                  11813e00    00000410     hellocfg.obj (.rtdx_data)
                  11814210    00000044     rtdx64xplus.lib : rtdx_mon.o64P (.rtdx_data)
                  11814254    00000020                     : buffer1.o64P (.rtdx_data)

.mem       0    11814274    00000004     UNINITIALIZED
                  11814274    00000004     hellocfg.obj (.mem)

.TSK_idle$stk 
*          0    11814278    00000400     UNINITIALIZED
                  11814278    00000400     hellocfg.obj (.TSK_idle$stk)

.stack     0    11814678    00000400     UNINITIALIZED
                  11814678    00000400     --HOLE--

.cio       0    11814a78    00000120     UNINITIALIZED
                  11814a78    00000120     rts6740.lib : trgmsg.obj (.cio)

.tsk       0    11814b98    00000060     UNINITIALIZED
                  11814b98    00000060     hellocfg.obj (.tsk)

.clk       0    11814bf8    00000008     UNINITIALIZED
                  11814bf8    00000008     hellocfg.obj (.clk)

.hwi_vec   0    11814c00    00000200     
                  11814c00    00000200     hellocfg.obj (.hwi_vec)

.trace     0    11814e00    00000200     
                  11814e00    00000200     --HOLE-- [fill = 00000000]

.hst0      0    11815000    00000100     UNINITIALIZED
                  11815000    00000100     hellocfg.obj (.hst0)

.pip       0    11815100    000000c8     UNINITIALIZED
                  11815100    000000c8     hellocfg.obj (.pip)

.swi       0    118151c8    00000058     UNINITIALIZED
                  118151c8    00000058     hellocfg.obj (.swi)

.sts       0    11815220    00000050     
                  11815220    00000050     hellocfg.obj (.sts)

.gblinit   0    11815270    0000004c     
                  11815270    0000004c     hellocfg.obj (.gblinit)

.switch    0    118152bc    00000044     
                  118152bc    00000024     evmc6748_bsl.lib : evmc6748_gpio.obj (.switch:_getRegisterBankAndBit)
                  118152e0    00000020                      : evmc6748_dip.obj (.switch:_convertDipToI2CGpio)

.hst       0    11815300    0000003c     UNINITIALIZED
                  11815300    0000003c     hellocfg.obj (.hst)

.log       0    1181533c    00000030     
                  1181533c    00000030     hellocfg.obj (.log)

.idlcal    0    1181536c    00000010     UNINITIALIZED
                  1181536c    00000010     hellocfg.obj (.idlcal)

.sys       0    1181537c    00000010     UNINITIALIZED
                  1181537c    00000010     hellocfg.obj (.sys)


GLOBAL SYMBOLS: SORTED ALPHABETICALLY BY Name 

address    name
--------   ----
11812c60   $bss
11812c60   .bss
11800000   .data
11800000   .text
118139c4   BIOS$$CLKOFF
11813984   BIOS$$CLKON
11813800   BIOS_init
11813a30   BIOS_start
00000000   BUF$
00000001   BUF_ENABLED
11808258   C$$IO$$
ffffffff   CACHE_L1D
ffffffff   CACHE_L1P
00000001   CLK$
11814bf8   CLK_A_TABBEG
00000001   CLK_CALDIV
00000001   CLK_CALMULT
000493e0   CLK_COUNTSPMS
00000004   CLK_COUNTSPMSHIGH
11812d88   CLK_D_idletime
11812d84   CLK_D_isrhook
11812d80   CLK_D_tabbeg
11812d7c   CLK_D_timefxn
00000001   CLK_ENABLEHTIME
1180c780   CLK_F_gethtime
1180b320   CLK_F_getltime
1180b330   CLK_F_isr
1180b470   CLK_F_itime
11809000   CLK_HOOKFXN
00000001   CLK_HTIMEDIV
00000001   CLK_HTIMEMULT
000493e0   CLK_HTIMEPERLTIME
00005dc0   CLK_INPUTCLK
00004000   CLK_INTBIT
00000001   CLK_LTIMEDIV
000493e0   CLK_LTIMEMULT
000003e8   CLK_MICROSECS
00000001   CLK_POWERENABLE
00005dc0   CLK_PRD
00000000   CLK_PRDHIGH
01c20000   CLK_REGS
00000001   CLK_RESETTIMER
11812d78   CLK_R_time
00000020   CLK_TCR
00000000   CLK_TDDR
00000000   CLK_TDDRHIGH
1180c780   CLK_TIMEFXN
00000000   CLK_TIMERNUM
00000005   CLK_TIMMODE
00000001   CLK_USETIMER
11814bfc   CLK_null
ffffffff   DDR
00000000   DEV$
00000000   DGN$
00000000   DHL$
00000000   DHL_gChannelsAvailable
00000000   DIO$
00000000   DIO_NUMSWIBASE
00000000   DIO_NUMTSKBASE
00000000   DIO_STATIC
00000000   DPI$
00000000   ECM$
00000000   ECM_ENABLE
ffffffff   ECM_EVTMASK0
ffffffff   ECM_EVTMASK1
ffffffff   ECM_EVTMASK2
ffffffff   ECM_EVTMASK3
0000000a   EVENT10
00000064   EVENT100
00000065   EVENT101
00000066   EVENT102
00000067   EVENT103
00000068   EVENT104
00000069   EVENT105
0000006a   EVENT106
0000006b   EVENT107
0000006c   EVENT108
0000006d   EVENT109
0000000b   EVENT11
0000006e   EVENT110
0000006f   EVENT111
00000070   EVENT112
00000071   EVENT113
00000072   EVENT114
00000073   EVENT115
00000074   EVENT116
00000075   EVENT117
00000076   EVENT118
00000077   EVENT119
0000000c   EVENT12
00000078   EVENT120
00000079   EVENT121
0000007a   EVENT122
0000007b   EVENT123
0000007c   EVENT124
0000007d   EVENT125
0000007e   EVENT126
0000007f   EVENT127
0000000d   EVENT13
0000000e   EVENT14
0000000f   EVENT15
00000010   EVENT16
00000011   EVENT17
00000012   EVENT18
00000013   EVENT19
00000014   EVENT20
00000015   EVENT21
00000016   EVENT22
00000017   EVENT23
00000018   EVENT24
00000019   EVENT25
0000001a   EVENT26
0000001b   EVENT27
0000001c   EVENT28
0000001d   EVENT29
0000001e   EVENT30
0000001f   EVENT31
00000020   EVENT32
00000021   EVENT33
00000022   EVENT34
00000023   EVENT35
00000024   EVENT36
00000025   EVENT37
00000026   EVENT38
00000027   EVENT39
00000004   EVENT4
00000028   EVENT40
00000029   EVENT41
0000002a   EVENT42
0000002b   EVENT43
0000002c   EVENT44
0000002d   EVENT45
0000002e   EVENT46
0000002f   EVENT47
00000030   EVENT48
00000031   EVENT49
00000005   EVENT5
00000032   EVENT50
00000033   EVENT51
00000034   EVENT52
00000035   EVENT53
00000036   EVENT54
00000037   EVENT55
00000038   EVENT56
00000039   EVENT57
0000003a   EVENT58
0000003b   EVENT59
00000006   EVENT6
0000003c   EVENT60
0000003d   EVENT61
0000003e   EVENT62
0000003f   EVENT63
00000040   EVENT64
00000041   EVENT65
00000042   EVENT66
00000043   EVENT67
00000044   EVENT68
00000045   EVENT69
00000007   EVENT7
00000046   EVENT70
00000047   EVENT71
00000048   EVENT72
00000049   EVENT73
0000004a   EVENT74
0000004b   EVENT75
0000004c   EVENT76
0000004d   EVENT77
0000004e   EVENT78
0000004f   EVENT79
00000008   EVENT8
00000050   EVENT80
00000051   EVENT81
00000052   EVENT82
00000053   EVENT83
00000054   EVENT84
00000055   EVENT85
00000056   EVENT86
00000057   EVENT87
00000058   EVENT88
00000059   EVENT89
00000009   EVENT9
0000005a   EVENT90
0000005b   EVENT91
0000005c   EVENT92
0000005d   EVENT93
0000005e   EVENT94
0000005f   EVENT95
00000060   EVENT96
00000061   EVENT97
00000062   EVENT98
00000063   EVENT99
1180c320   FXN_F_nop
1180c324   FXN_F_run
1180c360   FXN_F_zero
00000001   GBL$
00005205   GBL_A_VERSION
00000000   GBL_BCACHEREADADDR0
00000000   GBL_BCACHEREADADDR1
00000000   GBL_BCACHEREADADDR2
00000000   GBL_BIGENDIAN
00000000   GBL_CACHE
00000000   GBL_CALLCSLCFGINIT
00004e20   GBL_CLKIN
00001a5b   GBL_CLKTYPE
00001a5c   GBL_DSPSUBTYPE
0000003e   GBL_DSPTYPE
00000001   GBL_ENABLEINST
00000000   GBL_ENABLE_SK
00000042   GBL_FOOTPRINT
000493e0   GBL_FREQ
00000000   GBL_GEMTRUECOMPEN
00000007   GBL_L1DMODE
00000007   GBL_L1PMODE
00000001   GBL_L2CONFIGURE
00000000   GBL_L2MAR0_31
00000001   GBL_L2MAR128_159
00000000   GBL_L2MAR160_191
ffffffff   GBL_L2MAR192_223
00000000   GBL_L2MAR224_255
00000000   GBL_L2MAR32_63
00000000   GBL_L2MAR64_95
00000000   GBL_L2MAR96_127
00000000   GBL_L2MODE
00000000   GBL_NULL
00000000   GBL_PROCID
00000000   GBL_ROM
00000000   GBL_SUPPORTCSL
0000dbef   GBL_TRCMASKVALUE
00000000   GBL_USERINIT
1180c6c0   GBL_USERINITFXN
00000001   GBL_boot
11812ffc   GBL_initdone
11814678   GBL_stackbeg
11814a77   GBL_stackend
00000000   GIO$
1180c6c0   GIO_CREATEFXN
1180c6c0   GIO_DELETEFXN
1180c6c0   GIO_PENDFXN
1180c6c0   GIO_POSTFXN
00000000   HOOK$
00000000   HOOK_KNLID
00000001   HST$
11815300   HST_A_TABBEG
1181533c   HST_A_TABEND
00000000   HST_DSM
11812f1c   HST_DSMBUFSEG
00000400   HST_DSMMEMSIZE
11812df4   HST_D_chanmask
11812df8   HST_D_tabbeg
11812dfc   HST_D_tabend
000000ff   HST_MAXFRAMEALLOWED
00000040   HST_MAXFRAMESET
00000000   HST_NONE
00000001   HST_RTDX
00000001   HWI$
11814c00   HWI_A_VECS
00005828   HWI_CFGDISPATCHED
11812f68   HWI_D_bss
11812f6c   HWI_D_ccmask
11812f58   HWI_D_spsave
00000001   HWI_ENABLE_EXC
11809000   HWI_F_dispatch
00000000   HWI_GENERATE_RESET_VEC
0000000a   HWI_INT10
00000000   HWI_INT10$hwi
0000000b   HWI_INT11
00000000   HWI_INT11$hwi
0000000c   HWI_INT12
00000000   HWI_INT12$hwi
0000000d   HWI_INT13
00000000   HWI_INT13$hwi
0000000e   HWI_INT14
00000000   HWI_INT14$hwi
0000000f   HWI_INT15
00000000   HWI_INT15$hwi
00000004   HWI_INT4
00000000   HWI_INT4$hwi
00000005   HWI_INT5
00000000   HWI_INT5$hwi
00000006   HWI_INT6
00000000   HWI_INT6$hwi
00000007   HWI_INT7
00000000   HWI_INT7$hwi
00000008   HWI_INT8
00000000   HWI_INT8$hwi
00000009   HWI_INT9
00000000   HWI_INT9$hwi
07063d04   HWI_INTRMUX1
0b0a0908   HWI_INTRMUX2
28040d0c   HWI_INTRMUX3
00000001   HWI_NMI
00000000   HWI_NMI$hwi
00000000   HWI_POLARITYMASK
00000002   HWI_RESERVED0
00000000   HWI_RESERVED0$hwi
00000003   HWI_RESERVED1
00000000   HWI_RESERVED1$hwi
00000000   HWI_RESET
00000000   HWI_RESET$hwi
00000000   HWI_ZEROTAB
00000001   IDL$
1181536c   IDL_A_CALBEG
11813d70   IDL_A_TABBEG
00000006   IDL_CALIBRERROR
1180c5c0   IDL_CALIBRFXN
11812fe4   IDL_D_busyObj
11812d68   IDL_D_calbeg
11812d64   IDL_D_calibrate
11812d60   IDL_D_tabbeg
11813d7c   IDL_END
11815378   IDL_END$
1180c3e0   IDL_F_busy
1180c240   IDL_F_calibrate
1180c700   IDL_F_loop
1180c5c0   IDL_F_stub
00000001   IDL_USECLKIDLTIME
11815264   IDL_busyObj
11810042   IDL_busyObj$avgfmt
00000001   IDL_busyObj$filter
00000001   IDL_busyObj$iA
00000000   IDL_busyObj$iB
00000001   IDL_busyObj$iC
1181003c   IDL_busyObj$maxfmt
00000000   IDL_busyObj$operation
11815260   IDL_busyObj$stsobj
1181003f   IDL_busyObj$sumfmt
00000002   IDL_busyObj$unittype
11813d70   IDL_cpuLoad
1181536c   IDL_cpuLoad$
11812f1c   IRAM
1180c7a0   IRAM$B
00002000   IRAM$L
00000001   ISRC$
1180b618   KNL_glue
118151f4   KNL_swi
00000001   KNL_swi$dorta
00000002   KNL_swi$ord
00000000   KNL_swi$pri
11815244   KNL_swi$sts
11810018   KNL_swi$sts$avgfmt
00000002   KNL_swi$sts$filter
00000001   KNL_swi$sts$filtmaxmult
00000001   KNL_swi$sts$filtsummult
11810008   KNL_swi$sts$maxfmt
11815240   KNL_swi$sts$stsobj
11810010   KNL_swi$sts$sumfmt
00000000   KNL_swi$sts$unittype
00000000   KNL_swi$swi
ffffffff   L3_CBA_RAM
00000001   LCK$
118084c0   LNK_F_checkBufferCall
11808540   LNK_F_dataPump
118084e0   LNK_F_getChanPtr
11808538   LNK_F_init
11808a48   LNK_F_readCallBack
11813d74   LNK_dataPump
11815370   LNK_dataPump$
11812f74   LNK_dspFrameReadyMask
11812f70   LNK_dspFrameRequestMask
118087c0   LNK_newin
118088f4   LNK_newout
11808550   LNK_rcloop
11808614   LNK_rdrtry
11812f7c   LNK_readDone
11812f80   LNK_readFail
11812f78   LNK_readPend
11808624   LNK_rrloop
11812f84   LNK_writeFail
118086f0   LNK_wrloop
118086e4   LNK_wrrtry
00000001   LOG$
1181533c   LOG_A_TABBEG
1181536c   LOG_A_TABEND
00000002   LOG_A_TABLEN
11812d6c   LOG_D_system
00000001   LOG_ENABLED
1180c1c0   LOG_F_event
1181533c   LOG_system
11813000   LOG_system$buf
00000000   LOG_system$datatype
00000000   LOG_system$log
00000200   LOG_system$size
00000000   MBX$
00000001   MEM$
11812f1c   MEM_MALLOCSEG
00000000   MEM_NULL
11812f1c   MEM_SEGZERO
00000000   MEM_USEMPC
00000001   MEM_gNumHeap
00000000   MSGQ$
00000000   MSGQ_USEMSGQ
00000000   OBJ$
00000000   PIP$
11815100   PIP_A_TABBEG
118151c8   PIP_A_TABEND
00000002   PIP_A_TABLEN
11812d70   PIP_D_tabbeg
11812d74   PIP_D_tablen
1180ac98   PIP_F_give
1180ac98   PIP_F_probe
1180ad68   PIP_F_start
1180ac20   PIP_F_take
00000064   PIP_OBJSIZE
00000000   PIP_gNextId
00000002   PIP_gNumEmbed
00000000   POOL$
00000000   POOL_USEPOOL
00000001   PRD$
1180ffd4   PRD0
1180fff0   PRD0$aaa
00000000   PRD0$mode
00000001   PRD0$ord
000001f4   PRD0$period
00000000   PRD0$prd
11815224   PRD0$sts
1180ffe3   PRD0$sts$avgfmt
00000000   PRD0$sts$filter
1180ffd1   PRD0$sts$maxfmt
11815220   PRD0$sts$stsobj
1180ffda   PRD0$sts$sumfmt
00000002   PRD0$sts$unittype
1180ffd4   PRD_A_TABBEG
1180fff4   PRD_A_TABEND
00000001   PRD_A_TABLEN
11812db0   PRD_D_cur
11812db4   PRD_D_elapsed
11812db8   PRD_D_prevtim
11812dbc   PRD_D_scalar
11812dc0   PRD_D_swihandle
11812dc4   PRD_D_tabbeg
11812dc8   PRD_D_tablen
11812dcc   PRD_D_thook
11812dac   PRD_D_tick
118099a0   PRD_F_swi
11809c24   PRD_F_tick
00000001   PRD_SCALAR
118151c8   PRD_SWIHANDLE
1180a834   PRD_THOOKFXN
11814bf8   PRD_clock
118151c8   PRD_swi
00000001   PRD_swi$dorta
00000001   PRD_swi$ord
00000001   PRD_swi$pri
11815234   PRD_swi$sts
1180fffe   PRD_swi$sts$avgfmt
00000002   PRD_swi$sts$filter
00000001   PRD_swi$sts$filtmaxmult
00000001   PRD_swi$sts$filtsummult
1180ffee   PRD_swi$sts$maxfmt
11815230   PRD_swi$sts$stsobj
1180fff6   PRD_swi$sts$sumfmt
00000000   PRD_swi$sts$unittype
00000000   PRD_swi$swi
00000001   PWRM$
00000030   PWRM_PWRM_CAPSMASK
0000000a   PWRM_PWRM_CLKTICKSPERSLOT
00000000   PWRM_PWRM_ENABLE
00000002   PWRM_PWRM_INITSPCPU
00000000   PWRM_PWRM_INITSPPER
00000000   PWRM_PWRM_LOADENABLE
00000001   PWRM_PWRM_NUMSLOTS
00000000   PWRM_PWRM_RESOURCETRACKING
00000000   PWRM_PWRM_SCALING
1180c6c0   PWRM_PWRM_SHAREDRESOURCEFXN
1180c6c0   PWRM_PWRM_SLOTHOOKFXN
00000000   PWRM_PWRM_TIMERIDNUM
00000000   PWRM_PWRM_TIMERINTRMASK
00000000   PWRM_PWRM_TIMERWUGENMASK
00000000   PWRM_PWRM_USERRESOURCES
00000000   PWRM_PWRM_USETIMER
00000001   QUE$
11812dd0   RTA_D_fromHost
11812dd8   RTA_D_logval
11812de8   RTA_D_stsval
11812dd4   RTA_D_toHost
1180c600   RTA_F_andn
1180a080   RTA_F_dispatch
11809fa0   RTA_F_getlog
11809fd8   RTA_F_getsts
1180c618   RTA_F_or
1180a018   RTA_F_readblk
1180a040   RTA_F_resetmem
1180a034   RTA_F_writeword
11813d78   RTA_dispatcher
11815374   RTA_dispatcher$
1180a0cc   RTA_execute
11815304   RTA_fromHost
11813d60   RTA_fromHost$buf
00000004   RTA_fromHost$framesize
00000000   RTA_fromHost$hst
00000001   RTA_fromHost$id
00000000   RTA_fromHost$mode
11815100   RTA_fromHost$pipe
11815130   RTA_fromHost$pipe$aaa
11815160   RTA_fromHost$pipe$bbb
11812f20   RTA_fromHost$pipe$dtab
11815104   RTA_fromHost$pipe$rd
11815134   RTA_fromHost$pipe$wr
1181530c   RTA_fromHost$rtdx
11815320   RTA_toHost
11815000   RTA_toHost$buf
00000040   RTA_toHost$framesize
00000000   RTA_toHost$hst
00000000   RTA_toHost$id
00000001   RTA_toHost$mode
11815164   RTA_toHost$pipe
11815194   RTA_toHost$pipe$aaa
118151c4   RTA_toHost$pipe$bbb
11812f2c   RTA_toHost$pipe$dtab
11815168   RTA_toHost$pipe$rd
11815198   RTA_toHost$pipe$wr
11815328   RTA_toHost$rtdx
00000001   RTDX$
00000408   RTDX_BUFMEMSIZE
11812f1c   RTDX_DATAMEMSEG
00000000   RTDX_MODE
00000001   RTDX_NORMALIZED_HDR
00000001   RTDX_USERTDX
00000000   RTDX_USERTEXECUTION
00000000   SEM$
00000000   SIO$
00000001   STS$
11815220   STS_A_TABBEG
11815270   STS_A_TABEND
1180c4cc   STS_F_add
1180c4a0   STS_F_delta
1180c4e8   STS_F_reset
00000001   SWI$
118151c8   SWI_A_TABBEG
11815220   SWI_A_TABEND
00000002   SWI_A_TABLEN
11812e44   SWI_D_curfxn
11812e34   SWI_D_curmask
11812e40   SWI_D_curmbox
11812e38   SWI_D_curset
11812e30   SWI_D_execaddr
11812e4c   SWI_D_inswi
11812e3c   SWI_D_lock
11812e48   SWI_D_rdybeg
11812e50   SWI_D_rdytab
11812e2c   SWI_D_runaddr
00000000   SWI_EHOOKFXN
118096c4   SWI_EXECFXN
118094e0   SWI_F_enable
118096c4   SWI_F_exec
118096ec   SWI_F_iexec
11809550   SWI_F_post
1180976c   SWI_F_run
00000000   SWI_IHOOKFXN
1180976c   SWI_RUNFXN
00000001   SYS$
1181537c   SYS$config
1180c640   SYS_ABORTFXN
1180c740   SYS_ERRORFXN
1180c760   SYS_EXITFXN
1180c680   SYS_PUTCFXN
11812ff8   TRC_R_mask
11812ff4   TRC_cinit
00000001   TSK$
00000000   TSK_NUM_HOOKS
00000001   TSK_PRIORITY
00000000   TSK_READYFXN
00000000   TSK_STACKSEG
00000400   TSK_STACKSIZE
00000000   TSK_SWITCHFXN
1180c6c0   TSK_VCREATEFXN
1180c6c0   TSK_VDELETEFXN
1180c6c0   TSK_VEXITFXN
11814ba4   TSK_idle
00000000   TSK_idle$ord
00000000   TSK_idle$pri
11814278   TSK_idle$stack
11814610   TSK_idle$stkptr
11815254   TSK_idle$sts
11810032   TSK_idle$sts$avgfmt
00000002   TSK_idle$sts$filter
00000001   TSK_idle$sts$filtmaxmult
00000001   TSK_idle$sts$filtsummult
11810022   TSK_idle$sts$maxfmt
11815250   TSK_idle$sts$stsobj
1181002a   TSK_idle$sts$sumfmt
00000000   TSK_idle$sts$unittype
00000000   TSK_idle$tsk
00000000   UDEV$
11801a2c   _AIC3106_Init
11801ae0   _AIC3106_readRegister
11801b34   _AIC3106_writeRegister
1180c6c0   _BCACHE_bootInit
1180b9d4   _BCACHE_getMar
1180b984   _BCACHE_getSize
1180b954   _BCACHE_setCacheToSram
1180b904   _BCACHE_setMar
1180b8c0   _BCACHE_setSize
11813800   _BIOS_init
11813a30   _BIOS_start
ffffffff   _CACHE_L1D
ffffffff   _CACHE_L1P
000493e0   _CLK_COUNTSPMS
11812fd0   _CLK_DFLTMICROSECS
11812da8   _CLK_D_countspms
11812d9c   _CLK_D_dirty
11812fd4   _CLK_D_microseconds
11812da0   _CLK_D_prd
11812da4   _CLK_D_tddr
1180b470   _CLK_F_itime
00005dc0   _CLK_PRD
01c20000   _CLK_REGS
00000000   _CLK_TDDR
00000000   _CLK_TIMERNUM
00000001   _CLK_USETIMER
1180c780   _CLK_gethtime
11812d8c   _CLK_htimeDiv
11812d90   _CLK_htimeMult
11812fe0   _CLK_htimePerLtime
1181241c   _CLK_inputClock
1180b470   _CLK_itime
11812d94   _CLK_ltimeDiv
11812d98   _CLK_ltimeMult
1180c560   _CLK_measure
ffffffff   _DDR
11806164   _DIP_get
118061c8   _DIP_getAll
11806140   _DIP_init
0000000a   _EVENT10
00000064   _EVENT100
00000065   _EVENT101
00000066   _EVENT102
00000067   _EVENT103
00000068   _EVENT104
00000069   _EVENT105
0000006a   _EVENT106
0000006b   _EVENT107
0000006c   _EVENT108
0000006d   _EVENT109
0000000b   _EVENT11
0000006e   _EVENT110
0000006f   _EVENT111
00000070   _EVENT112
00000071   _EVENT113
00000072   _EVENT114
00000073   _EVENT115
00000074   _EVENT116
00000075   _EVENT117
00000076   _EVENT118
00000077   _EVENT119
0000000c   _EVENT12
00000078   _EVENT120
00000079   _EVENT121
0000007a   _EVENT122
0000007b   _EVENT123
0000007c   _EVENT124
0000007d   _EVENT125
0000007e   _EVENT126
0000007f   _EVENT127
0000000d   _EVENT13
0000000e   _EVENT14
0000000f   _EVENT15
00000010   _EVENT16
00000011   _EVENT17
00000012   _EVENT18
00000013   _EVENT19
00000014   _EVENT20
00000015   _EVENT21
00000016   _EVENT22
00000017   _EVENT23
00000018   _EVENT24
00000019   _EVENT25
0000001a   _EVENT26
0000001b   _EVENT27
0000001c   _EVENT28
0000001d   _EVENT29
0000001e   _EVENT30
0000001f   _EVENT31
00000020   _EVENT32
00000021   _EVENT33
00000022   _EVENT34
00000023   _EVENT35
00000024   _EVENT36
00000025   _EVENT37
00000026   _EVENT38
00000027   _EVENT39
00000004   _EVENT4
00000028   _EVENT40
00000029   _EVENT41
0000002a   _EVENT42
0000002b   _EVENT43
0000002c   _EVENT44
0000002d   _EVENT45
0000002e   _EVENT46
0000002f   _EVENT47
00000030   _EVENT48
00000031   _EVENT49
00000005   _EVENT5
00000032   _EVENT50
00000033   _EVENT51
00000034   _EVENT52
00000035   _EVENT53
00000036   _EVENT54
00000037   _EVENT55
00000038   _EVENT56
00000039   _EVENT57
0000003a   _EVENT58
0000003b   _EVENT59
00000006   _EVENT6
0000003c   _EVENT60
0000003d   _EVENT61
0000003e   _EVENT62
0000003f   _EVENT63
00000040   _EVENT64
00000041   _EVENT65
00000042   _EVENT66
00000043   _EVENT67
00000044   _EVENT68
00000045   _EVENT69
00000007   _EVENT7
00000046   _EVENT70
00000047   _EVENT71
00000048   _EVENT72
00000049   _EVENT73
0000004a   _EVENT74
0000004b   _EVENT75
0000004c   _EVENT76
0000004d   _EVENT77
0000004e   _EVENT78
0000004f   _EVENT79
00000008   _EVENT8
00000050   _EVENT80
00000051   _EVENT81
00000052   _EVENT82
00000053   _EVENT83
00000054   _EVENT84
00000055   _EVENT85
00000056   _EVENT86
00000057   _EVENT87
00000058   _EVENT88
00000059   _EVENT89
00000009   _EVENT9
0000005a   _EVENT90
0000005b   _EVENT91
0000005c   _EVENT92
0000005d   _EVENT93
0000005e   _EVENT94
0000005f   _EVENT95
00000060   _EVENT96
00000061   _EVENT97
00000062   _EVENT98
00000063   _EVENT99
118001e8   _EVMC6748_enableDsp
11800000   _EVMC6748_init
1180002c   _EVMC6748_initRAM
118002b0   _EVMC6748_lpscTransition
11800214   _EVMC6748_pinmuxConfig
11808fd0   _EXC_clearLastStatus
1180aa40   _EXC_dispatch
11808df4   _EXC_exceptionHandler
11812f88   _EXC_exceptionHook
11808dc0   _EXC_external
11812f90   _EXC_externalHook
11808da0   _EXC_getLastStatus
11808d60   _EXC_init
11808ab4   _EXC_internal
11812f8c   _EXC_internalHook
11808a80   _EXC_nmi
11812f94   _EXC_nmiHook
11812f40   _EXC_returnPtr
1180ac04   _EXC_setReturnPtr
11812c08   _EXC_status
11812f38   _EXC_sysTrapTable
1180c6c0   _FXN_F_nop
1180c324   _FXN_F_run
1180c360   _FXN_F_zero
00000000   _GBL_CACHE
1180ba68   _GBL_cacheInit64P
11812e04   _GBL_clkIn
11812e08   _GBL_freq
1180c6e0   _GBL_getVersion
11812e00   _GBL_procId
11803998   _GPIO_getInput
11803920   _GPIO_setDir
11803a0c   _GPIO_setOutput
11803a8c   _GPIO_toggleLoop
11807860   _HOSTclose
11806880   _HOSTlseek
11806b80   _HOSTopen
11806c60   _HOSTread
11805fc0   _HOSTrename
118071a0   _HOSTunlink
11807260   _HOSTwrite
11811000   _HSRTDX_rec
11811760   _HSRTDX_xmt
11815300   _HST_A_TABBEG
1181533c   _HST_A_TABEND
00005828   _HWI_CFGDISPATCHED
11812f64   _HWI_D_inhwi
11812f58   _HWI_D_spsave
11809000   _HWI_F_dispatch
0000000a   _HWI_INT10
0000000b   _HWI_INT11
0000000c   _HWI_INT12
0000000d   _HWI_INT13
0000000e   _HWI_INT14
0000000f   _HWI_INT15
00000004   _HWI_INT4
00000005   _HWI_INT5
00000006   _HWI_INT6
00000007   _HWI_INT7
00000008   _HWI_INT8
00000009   _HWI_INT9
00000001   _HWI_NMI
00000002   _HWI_RESERVED0
00000003   _HWI_RESERVED1
00000000   _HWI_RESET
11814a70   _HWI_STKBOTTOM
11814678   _HWI_STKTOP
11812f58   _HWI_data
1180c380   _HWI_disable
11812c60   _HWI_dispatchTab
1180c398   _HWI_enable
1180c3ac   _HWI_restore
11802d34   _I2CGPIO_getInput
11802e50   _I2CGPIO_getInputAll
11802c60   _I2CGPIO_init
11802f60   _I2CGPIO_setOutput
118030a8   _I2CGPIO_setOutputAll
11803ca0   _I2C_init
11803d8c   _I2C_read
11803ee8   _I2C_write
11815264   _IDL_busyObj
11813d70   _IDL_cpuLoad
1180c700   _IDL_loop
11812f1c   _IRAM
1180c7a0   _IRAM_base
00002000   _IRAM_length
11812ed0   _KNL_alarm
1180bb20   _KNL_check
11812ef4   _KNL_curqueue
11812ee4   _KNL_curtask
11812eec   _KNL_curtime
11812a90   _KNL_dummy
1180be80   _KNL_enter
1180be40   _KNL_exit
1180bbe8   _KNL_idle
11812f0c   _KNL_idlefxn
11812ed8   _KNL_inactive
1180c040   _KNL_ipost
1180bc10   _KNL_max
11812ef8   _KNL_maxqueue
1180c0c0   _KNL_post
11812ee8   _KNL_prevtask
11812edc   _KNL_priority
118129f0   _KNL_queues
1180a220   _KNL_run
1180b4c0   _KNL_saveIsrFrame
11812ee0   _KNL_set
11812ed4   _KNL_setpri
118151f4   _KNL_swi
11812ef0   _KNL_swiptr
1180b56c   _KNL_switch
11812f00   _KNL_tcreatefxn
11812f04   _KNL_tdeletefxn
1180a834   _KNL_tick
11812f08   _KNL_treadyfxn
11812efc   _KNL_tswitchfxn
11812ec8   _KNL_wFlag
11812ecc   _KNL_wList
ffffffff   _L3_CBA_RAM
1180c160   _LCK_pend
1180c140   _LCK_post
11805a80   _LED_init
11805acc   _LED_isOn
11805bcc   _LED_toggle
11805b84   _LED_turnOff
11805b34   _LED_turnOn
11813d74   _LNK_dataPump
11812f74   _LNK_dspFrameReadyMask
11812f70   _LNK_dspFrameRequestMask
11812f7c   _LNK_readDone
11812f80   _LNK_readFail
11812f78   _LNK_readPend
11812f84   _LNK_writeFail
1181533c   _LOG_A_TABBEG
1181536c   _LOG_A_TABEND
00000002   _LOG_A_TABLEN
11812d6c   _LOG_D_system
1180c1c0   _LOG_event
1181533c   _LOG_system
11812fe8   _MEM
11812e0c   _MEM_D_NUMSEGMENTS
11812e14   _MEM_D_freelist
11812e18   _MEM_D_lockaddr
11812e10   _MEM_D_memtab
11812e1c   _MEM_D_unlockaddr
1180a460   _MEM_alloc
1180a860   _MEM_free
11813c40   _MEM_init
11812f10   _MEM_memtab
118016b0   _McASP_Init
118017f4   _McASP_Start
11812b60   _OBJ_segtab
11812b28   _OBJ_table
11815100   _PIP_A_TABBEG
118151c8   _PIP_A_TABEND
1180ffd4   _PRD0
11812dac   _PRD_D_tick
11814bf8   _PRD_clock
118151c8   _PRD_swi
11813d78   _RTA_dispatcher
11815304   _RTA_fromHost
11815320   _RTA_toHost
11813e00   _RTDX_Buffer
1181420c   _RTDX_Buffer_End
11811de0   _RTDX_Buffer_Initialize
11811f60   _RTDX_Buffer_Read
11811ea0   _RTDX_Buffer_ReadCB
11811ee0   _RTDX_Buffer_Size
11814208   _RTDX_Buffer_Start
11811f80   _RTDX_Buffer_Write
118112a0   _RTDX_Buffer_WriteCB
11811d60   _RTDX_Final_RT_Monitor
11811e40   _RTDX_Init_RT_Monitor
00000002   _RTDX_JTAGONLY
11811fa0   _RTDX_Mask_IER
11811a60   _RTDX_Mon_Queue
11811cc0   _RTDX_Poll
00000000   _RTDX_interrupt_mask
11811f20   _RTDX_memfill
11814260   _RTDX_writing
11812f1c   _SEG0
1180c440   _SEM_pend
1180ae00   _SEM_pendEnterKnl
1180bd60   _SEM_post
1180bd60   _SEM_postBinary
1180bf00   _SEM_postEnterKnl
11815220   _STS_A_TABBEG
11815270   _STS_A_TABEND
1180c4cc   _STS_add
1180c4a0   _STS_delta
1180c4e8   _STS_reset
1180c720   _STS_set
11812e44   _SWI_D_curfxn
11812e34   _SWI_D_curmask
11812e38   _SWI_D_curset
11812e30   _SWI_D_execaddr
11812e4c   _SWI_D_inswi
11812e3c   _SWI_D_lock
11812e48   _SWI_D_rdybeg
11812e2c   _SWI_D_runaddr
11812e2c   _SWI_data
11809550   _SWI_post
11812e20   _SYS
11814e00   _SYS_PUTCBEG
11814fff   _SYS_PUTCEND
1180c500   _SYS_abort
1180c2c0   _SYS_error
1180bfa0   _SYS_exit
11812bd0   _SYS_exitStack
11812fd8   _SYS_exitStackPtr
11812fdc   _SYS_exitStackTop
11801bf0   _SetGpio
11812ff8   _TRC_R_mask
11812fc0   _TSK
11812ac8   _TSK_ATTRS
11812ae4   _TSK_config
1180b780   _TSK_exit
11814ba4   _TSK_idle
11813d00   _TSK_init
11812fb8   _TSK_nTasks
11812fbc   _TSK_pid
1180b180   _TSK_setup
1180bce4   _TSK_startup
11812b04   _TSK_timerSem
11801b78   _USTIMER_delay
11800c00   _UTIL_isUIBoardAttached
11800aa8   _UTIL_printMem
1180c640   _UTL_doAbort
1180c740   _UTL_doError
1180c680   _UTL_doPutc
1180c760   _UTL_halt
11814a78   __CIOBUF_
1180b490   __CLK_lat1beg
1180b4b0   __CLK_lat1end
11812e28   __HOOK_NUMHOOKS
11812e24   __HOOK_knlId
11809000   __HWI_lat1beg
11809188   __HWI_lat1end
11809188   __HWI_lat2beg
11809364   __HWI_lat2end1
118092f0   __HWI_lat2end2
11809380   __HWI_lat3beg
11809320   __HWI_lat3end2
1180c3e0   __IDL_lat1beg
1180c420   __IDL_lat1end
1180bb6c   __KNL_lat1beg
1180bbe8   __KNL_lat1end
1180c1c0   __LOG_lat1beg
11812ba4   __MEM_mutex
1180a040   __RTA_lat1beg
1180a074   __RTA_lat1end
1180afe0   __SEM_dopost
11814a78   __STACK_END
00000400   __STACK_SIZE
11809658   __SWI_lat1beg
11809704   __SWI_lat1end
11809708   __SWI_lat2beg
11809768   __SWI_lat2end
118094e0   __SWI_lat3beg
1180954c   __SWI_lat3end
11812b7c   __TSK_mutex
11812c4c   ___TI_enable_exit_profile_output
ffffffff   ___TI_pprof_out_hndl
ffffffff   ___TI_prof_data_size
ffffffff   ___TI_prof_data_start
11808260   ___add_dtor
11812748   ___atexit_func_id__
ffffffff   ___binit__
11812c60   ___bss__
ffffffff   ___c_args__
1180e7a0   ___cinit__
11800000   ___data__
11800000   ___edata__
11812ff4   ___end__
118084c0   ___etext__
118082a0   ___isinf
1180fff4   ___pinit__
11800000   ___text__
1180b640   __auto_init
11806d40   __c6xabi_divi
118073e0   __c6xabi_divu
11807560   __c6xabi_remi
11807900   __cleanup
11812c44   __cleanup_ptr
11806520   __closefile
1180fd50   __ctypes_
11801c20   __divd
11806d40   __divi
118079a0   __divli
118073e0   __divu
11805e20   __divul
11804b40   __divull
118074a0   __doflush
11812c48   __dtors_ptr
11807b80   __fixdli
11807f40   __fltlid
11808320   __frcmpyd_div
11812740   __ft_end
11812420   __ftable
11807fc0   __llshl
11808360   __llshru
11812c50   __lock
118083e0   __negll
11808400   __nop
11803140   __printfi
11808460   __register_lock
11808480   __register_unlock
11807560   __remi
118083a0   __remli
11814678   __stack
11808140   __subcull
11812600   __tmpnams
11812c54   __unlock
11806980   __wrt_ok
118121b8   _aHigh
118120c8   _aLow
118120f8   _aMid
11812158   _aPres
11807620   _atexit
11806e20   _atoi
11800e98   _audioHWI
118121d0   _bHigh
118120e0   _bLow
11812128   _bMid
11812188   _bPres
11811fc0   _b_fir
1180fe58   _bitval_u32
11812270   _buffer
11813b80   _c_int00
11806a80   _call_dtors
11809f4c   _calloc
11806f00   _close
11800688   _config_pll0
118008c4   _config_pll1
11800d78   _dipPRD
11812fcb   _dist
118129ec   _dtors
11812fca   _eqBypass
118122f8   _eqSignal
11805460   _fputc
11803580   _fputs
11809d20   _free
11806760   _fseek
118123c0   _high
11812fc9   _highBoost
11801648   _initAll
11812380   _low
11812fc6   _lowBoost
11807d60   _lseek
118076e0   _ltoa
11800c20   _main
11809d44   _malloc
11812fc4   _mask
11809e88   _memalign
118081a0   _memccpy
11807e00   _memcpy
11806fe0   _memset
11812390   _mid
11812fc7   _midBoost
118123a8   _pres
11812fc8   _presBoost
118070c0   _printf
11805460   _putc
11801600   _read_audio_sample
11808040   _readmsg
11809da4   _realloc
118084a0   _remove
11812fa0   _rtdxNullChanCnt
11812fa4   _rtdxNullFuncCnt
11812fac   _rtdxRecNotDoneCnt
11812fb4   _rtdxXmtErrorCnt
11812fa8   _rtdxXmtNotDoneCnt
11812fb0   _rtdxXmtRestartCnt
11814254   _rtdx_buffer_state
11814210   _rtdx_mon_state
11805880   _setvbuf
118121e8   _sine
11815354   _trace
118080c0   _unlink
11812410   _wHigh
118123d0   _wLow
118123e0   _wMid
118123f8   _wPres
11807ea0   _write
11812fcc   _writeIndex
11801624   _write_audio_sample
11808200   _writemsg
ffffffff   binit
1180e7a0   cinit
11800000   edata
11812ff4   end
118084c0   etext
11814c00   hwi0
11814c20   hwi1
11814d40   hwi10
11814d60   hwi11
11814d80   hwi12
11814da0   hwi13
11814dc0   hwi14
11814de0   hwi15
11814c40   hwi2
11814c60   hwi3
11814c80   hwi4
11814ca0   hwi5
11814cc0   hwi6
11814ce0   hwi7
11814d00   hwi8
11814d20   hwi9
1180fff4   pinit
11815354   trace
11810000   trace$buf
00000001   trace$datatype
00000000   trace$log
00000400   trace$size


GLOBAL SYMBOLS: SORTED BY Symbol Address 

address    name
--------   ----
00000000   BUF$
00000000   CLK_PRDHIGH
00000000   CLK_TDDR
00000000   CLK_TDDRHIGH
00000000   CLK_TIMERNUM
00000000   DEV$
00000000   DGN$
00000000   DHL$
00000000   DHL_gChannelsAvailable
00000000   DIO$
00000000   DIO_NUMSWIBASE
00000000   DIO_NUMTSKBASE
00000000   DIO_STATIC
00000000   DPI$
00000000   ECM$
00000000   ECM_ENABLE
00000000   GBL_BCACHEREADADDR0
00000000   GBL_BCACHEREADADDR1
00000000   GBL_BCACHEREADADDR2
00000000   GBL_BIGENDIAN
00000000   GBL_CACHE
00000000   GBL_CALLCSLCFGINIT
00000000   GBL_ENABLE_SK
00000000   GBL_GEMTRUECOMPEN
00000000   GBL_L2MAR0_31
00000000   GBL_L2MAR160_191
00000000   GBL_L2MAR224_255
00000000   GBL_L2MAR32_63
00000000   GBL_L2MAR64_95
00000000   GBL_L2MAR96_127
00000000   GBL_L2MODE
00000000   GBL_NULL
00000000   GBL_PROCID
00000000   GBL_ROM
00000000   GBL_SUPPORTCSL
00000000   GBL_USERINIT
00000000   GIO$
00000000   HOOK$
00000000   HOOK_KNLID
00000000   HST_DSM
00000000   HST_NONE
00000000   HWI_GENERATE_RESET_VEC
00000000   HWI_INT10$hwi
00000000   HWI_INT11$hwi
00000000   HWI_INT12$hwi
00000000   HWI_INT13$hwi
00000000   HWI_INT14$hwi
00000000   HWI_INT15$hwi
00000000   HWI_INT4$hwi
00000000   HWI_INT5$hwi
00000000   HWI_INT6$hwi
00000000   HWI_INT7$hwi
00000000   HWI_INT8$hwi
00000000   HWI_INT9$hwi
00000000   HWI_NMI$hwi
00000000   HWI_POLARITYMASK
00000000   HWI_RESERVED0$hwi
00000000   HWI_RESERVED1$hwi
00000000   HWI_RESET
00000000   HWI_RESET$hwi
00000000   HWI_ZEROTAB
00000000   IDL_busyObj$iB
00000000   IDL_busyObj$operation
00000000   KNL_swi$pri
00000000   KNL_swi$sts$unittype
00000000   KNL_swi$swi
00000000   LOG_system$datatype
00000000   LOG_system$log
00000000   MBX$
00000000   MEM_NULL
00000000   MEM_USEMPC
00000000   MSGQ$
00000000   MSGQ_USEMSGQ
00000000   OBJ$
00000000   PIP$
00000000   PIP_gNextId
00000000   POOL$
00000000   POOL_USEPOOL
00000000   PRD0$mode
00000000   PRD0$prd
00000000   PRD0$sts$filter
00000000   PRD_swi$sts$unittype
00000000   PRD_swi$swi
00000000   PWRM_PWRM_ENABLE
00000000   PWRM_PWRM_INITSPPER
00000000   PWRM_PWRM_LOADENABLE
00000000   PWRM_PWRM_RESOURCETRACKING
00000000   PWRM_PWRM_SCALING
00000000   PWRM_PWRM_TIMERIDNUM
00000000   PWRM_PWRM_TIMERINTRMASK
00000000   PWRM_PWRM_TIMERWUGENMASK
00000000   PWRM_PWRM_USERRESOURCES
00000000   PWRM_PWRM_USETIMER
00000000   RTA_fromHost$hst
00000000   RTA_fromHost$mode
00000000   RTA_toHost$hst
00000000   RTA_toHost$id
00000000   RTDX_MODE
00000000   RTDX_USERTEXECUTION
00000000   SEM$
00000000   SIO$
00000000   SWI_EHOOKFXN
00000000   SWI_IHOOKFXN
00000000   TSK_NUM_HOOKS
00000000   TSK_READYFXN
00000000   TSK_STACKSEG
00000000   TSK_SWITCHFXN
00000000   TSK_idle$ord
00000000   TSK_idle$pri
00000000   TSK_idle$sts$unittype
00000000   TSK_idle$tsk
00000000   UDEV$
00000000   _CLK_TDDR
00000000   _CLK_TIMERNUM
00000000   _GBL_CACHE
00000000   _HWI_RESET
00000000   _RTDX_interrupt_mask
00000000   trace$log
00000001   BUF_ENABLED
00000001   CLK$
00000001   CLK_CALDIV
00000001   CLK_CALMULT
00000001   CLK_ENABLEHTIME
00000001   CLK_HTIMEDIV
00000001   CLK_HTIMEMULT
00000001   CLK_LTIMEDIV
00000001   CLK_POWERENABLE
00000001   CLK_RESETTIMER
00000001   CLK_USETIMER
00000001   GBL$
00000001   GBL_ENABLEINST
00000001   GBL_L2CONFIGURE
00000001   GBL_L2MAR128_159
00000001   GBL_boot
00000001   HST$
00000001   HST_RTDX
00000001   HWI$
00000001   HWI_ENABLE_EXC
00000001   HWI_NMI
00000001   IDL$
00000001   IDL_USECLKIDLTIME
00000001   IDL_busyObj$filter
00000001   IDL_busyObj$iA
00000001   IDL_busyObj$iC
00000001   ISRC$
00000001   KNL_swi$dorta
00000001   KNL_swi$sts$filtmaxmult
00000001   KNL_swi$sts$filtsummult
00000001   LCK$
00000001   LOG$
00000001   LOG_ENABLED
00000001   MEM$
00000001   MEM_gNumHeap
00000001   PRD$
00000001   PRD0$ord
00000001   PRD_A_TABLEN
00000001   PRD_SCALAR
00000001   PRD_swi$dorta
00000001   PRD_swi$ord
00000001   PRD_swi$pri
00000001   PRD_swi$sts$filtmaxmult
00000001   PRD_swi$sts$filtsummult
00000001   PWRM$
00000001   PWRM_PWRM_NUMSLOTS
00000001   QUE$
00000001   RTA_fromHost$id
00000001   RTA_toHost$mode
00000001   RTDX$
00000001   RTDX_NORMALIZED_HDR
00000001   RTDX_USERTDX
00000001   STS$
00000001   SWI$
00000001   SYS$
00000001   TSK$
00000001   TSK_PRIORITY
00000001   TSK_idle$sts$filtmaxmult
00000001   TSK_idle$sts$filtsummult
00000001   _CLK_USETIMER
00000001   _HWI_NMI
00000001   trace$datatype
00000002   HWI_RESERVED0
00000002   IDL_busyObj$unittype
00000002   KNL_swi$ord
00000002   KNL_swi$sts$filter
00000002   LOG_A_TABLEN
00000002   PIP_A_TABLEN
00000002   PIP_gNumEmbed
00000002   PRD0$sts$unittype
00000002   PRD_swi$sts$filter
00000002   PWRM_PWRM_INITSPCPU
00000002   SWI_A_TABLEN
00000002   TSK_idle$sts$filter
00000002   _HWI_RESERVED0
00000002   _LOG_A_TABLEN
00000002   _RTDX_JTAGONLY
00000003   HWI_RESERVED1
00000003   _HWI_RESERVED1
00000004   CLK_COUNTSPMSHIGH
00000004   EVENT4
00000004   HWI_INT4
00000004   RTA_fromHost$framesize
00000004   _EVENT4
00000004   _HWI_INT4
00000005   CLK_TIMMODE
00000005   EVENT5
00000005   HWI_INT5
00000005   _EVENT5
00000005   _HWI_INT5
00000006   EVENT6
00000006   HWI_INT6
00000006   IDL_CALIBRERROR
00000006   _EVENT6
00000006   _HWI_INT6
00000007   EVENT7
00000007   GBL_L1DMODE
00000007   GBL_L1PMODE
00000007   HWI_INT7
00000007   _EVENT7
00000007   _HWI_INT7
00000008   EVENT8
00000008   HWI_INT8
00000008   _EVENT8
00000008   _HWI_INT8
00000009   EVENT9
00000009   HWI_INT9
00000009   _EVENT9
00000009   _HWI_INT9
0000000a   EVENT10
0000000a   HWI_INT10
0000000a   PWRM_PWRM_CLKTICKSPERSLOT
0000000a   _EVENT10
0000000a   _HWI_INT10
0000000b   EVENT11
0000000b   HWI_INT11
0000000b   _EVENT11
0000000b   _HWI_INT11
0000000c   EVENT12
0000000c   HWI_INT12
0000000c   _EVENT12
0000000c   _HWI_INT12
0000000d   EVENT13
0000000d   HWI_INT13
0000000d   _EVENT13
0000000d   _HWI_INT13
0000000e   EVENT14
0000000e   HWI_INT14
0000000e   _EVENT14
0000000e   _HWI_INT14
0000000f   EVENT15
0000000f   HWI_INT15
0000000f   _EVENT15
0000000f   _HWI_INT15
00000010   EVENT16
00000010   _EVENT16
00000011   EVENT17
00000011   _EVENT17
00000012   EVENT18
00000012   _EVENT18
00000013   EVENT19
00000013   _EVENT19
00000014   EVENT20
00000014   _EVENT20
00000015   EVENT21
00000015   _EVENT21
00000016   EVENT22
00000016   _EVENT22
00000017   EVENT23
00000017   _EVENT23
00000018   EVENT24
00000018   _EVENT24
00000019   EVENT25
00000019   _EVENT25
0000001a   EVENT26
0000001a   _EVENT26
0000001b   EVENT27
0000001b   _EVENT27
0000001c   EVENT28
0000001c   _EVENT28
0000001d   EVENT29
0000001d   _EVENT29
0000001e   EVENT30
0000001e   _EVENT30
0000001f   EVENT31
0000001f   _EVENT31
00000020   CLK_TCR
00000020   EVENT32
00000020   _EVENT32
00000021   EVENT33
00000021   _EVENT33
00000022   EVENT34
00000022   _EVENT34
00000023   EVENT35
00000023   _EVENT35
00000024   EVENT36
00000024   _EVENT36
00000025   EVENT37
00000025   _EVENT37
00000026   EVENT38
00000026   _EVENT38
00000027   EVENT39
00000027   _EVENT39
00000028   EVENT40
00000028   _EVENT40
00000029   EVENT41
00000029   _EVENT41
0000002a   EVENT42
0000002a   _EVENT42
0000002b   EVENT43
0000002b   _EVENT43
0000002c   EVENT44
0000002c   _EVENT44
0000002d   EVENT45
0000002d   _EVENT45
0000002e   EVENT46
0000002e   _EVENT46
0000002f   EVENT47
0000002f   _EVENT47
00000030   EVENT48
00000030   PWRM_PWRM_CAPSMASK
00000030   _EVENT48
00000031   EVENT49
00000031   _EVENT49
00000032   EVENT50
00000032   _EVENT50
00000033   EVENT51
00000033   _EVENT51
00000034   EVENT52
00000034   _EVENT52
00000035   EVENT53
00000035   _EVENT53
00000036   EVENT54
00000036   _EVENT54
00000037   EVENT55
00000037   _EVENT55
00000038   EVENT56
00000038   _EVENT56
00000039   EVENT57
00000039   _EVENT57
0000003a   EVENT58
0000003a   _EVENT58
0000003b   EVENT59
0000003b   _EVENT59
0000003c   EVENT60
0000003c   _EVENT60
0000003d   EVENT61
0000003d   _EVENT61
0000003e   EVENT62
0000003e   GBL_DSPTYPE
0000003e   _EVENT62
0000003f   EVENT63
0000003f   _EVENT63
00000040   EVENT64
00000040   HST_MAXFRAMESET
00000040   RTA_toHost$framesize
00000040   _EVENT64
00000041   EVENT65
00000041   _EVENT65
00000042   EVENT66
00000042   GBL_FOOTPRINT
00000042   _EVENT66
00000043   EVENT67
00000043   _EVENT67
00000044   EVENT68
00000044   _EVENT68
00000045   EVENT69
00000045   _EVENT69
00000046   EVENT70
00000046   _EVENT70
00000047   EVENT71
00000047   _EVENT71
00000048   EVENT72
00000048   _EVENT72
00000049   EVENT73
00000049   _EVENT73
0000004a   EVENT74
0000004a   _EVENT74
0000004b   EVENT75
0000004b   _EVENT75
0000004c   EVENT76
0000004c   _EVENT76
0000004d   EVENT77
0000004d   _EVENT77
0000004e   EVENT78
0000004e   _EVENT78
0000004f   EVENT79
0000004f   _EVENT79
00000050   EVENT80
00000050   _EVENT80
00000051   EVENT81
00000051   _EVENT81
00000052   EVENT82
00000052   _EVENT82
00000053   EVENT83
00000053   _EVENT83
00000054   EVENT84
00000054   _EVENT84
00000055   EVENT85
00000055   _EVENT85
00000056   EVENT86
00000056   _EVENT86
00000057   EVENT87
00000057   _EVENT87
00000058   EVENT88
00000058   _EVENT88
00000059   EVENT89
00000059   _EVENT89
0000005a   EVENT90
0000005a   _EVENT90
0000005b   EVENT91
0000005b   _EVENT91
0000005c   EVENT92
0000005c   _EVENT92
0000005d   EVENT93
0000005d   _EVENT93
0000005e   EVENT94
0000005e   _EVENT94
0000005f   EVENT95
0000005f   _EVENT95
00000060   EVENT96
00000060   _EVENT96
00000061   EVENT97
00000061   _EVENT97
00000062   EVENT98
00000062   _EVENT98
00000063   EVENT99
00000063   _EVENT99
00000064   EVENT100
00000064   PIP_OBJSIZE
00000064   _EVENT100
00000065   EVENT101
00000065   _EVENT101
00000066   EVENT102
00000066   _EVENT102
00000067   EVENT103
00000067   _EVENT103
00000068   EVENT104
00000068   _EVENT104
00000069   EVENT105
00000069   _EVENT105
0000006a   EVENT106
0000006a   _EVENT106
0000006b   EVENT107
0000006b   _EVENT107
0000006c   EVENT108
0000006c   _EVENT108
0000006d   EVENT109
0000006d   _EVENT109
0000006e   EVENT110
0000006e   _EVENT110
0000006f   EVENT111
0000006f   _EVENT111
00000070   EVENT112
00000070   _EVENT112
00000071   EVENT113
00000071   _EVENT113
00000072   EVENT114
00000072   _EVENT114
00000073   EVENT115
00000073   _EVENT115
00000074   EVENT116
00000074   _EVENT116
00000075   EVENT117
00000075   _EVENT117
00000076   EVENT118
00000076   _EVENT118
00000077   EVENT119
00000077   _EVENT119
00000078   EVENT120
00000078   _EVENT120
00000079   EVENT121
00000079   _EVENT121
0000007a   EVENT122
0000007a   _EVENT122
0000007b   EVENT123
0000007b   _EVENT123
0000007c   EVENT124
0000007c   _EVENT124
0000007d   EVENT125
0000007d   _EVENT125
0000007e   EVENT126
0000007e   _EVENT126
0000007f   EVENT127
0000007f   _EVENT127
000000ff   HST_MAXFRAMEALLOWED
000001f4   PRD0$period
00000200   LOG_system$size
000003e8   CLK_MICROSECS
00000400   HST_DSMMEMSIZE
00000400   TSK_STACKSIZE
00000400   __STACK_SIZE
00000400   trace$size
00000408   RTDX_BUFMEMSIZE
00001a5b   GBL_CLKTYPE
00001a5c   GBL_DSPSUBTYPE
00002000   IRAM$L
00002000   _IRAM_length
00004000   CLK_INTBIT
00004e20   GBL_CLKIN
00005205   GBL_A_VERSION
00005828   HWI_CFGDISPATCHED
00005828   _HWI_CFGDISPATCHED
00005dc0   CLK_INPUTCLK
00005dc0   CLK_PRD
00005dc0   _CLK_PRD
0000dbef   GBL_TRCMASKVALUE
000493e0   CLK_COUNTSPMS
000493e0   CLK_HTIMEPERLTIME
000493e0   CLK_LTIMEMULT
000493e0   GBL_FREQ
000493e0   _CLK_COUNTSPMS
01c20000   CLK_REGS
01c20000   _CLK_REGS
07063d04   HWI_INTRMUX1
0b0a0908   HWI_INTRMUX2
11800000   .data
11800000   .text
11800000   _EVMC6748_init
11800000   ___data__
11800000   ___edata__
11800000   ___text__
11800000   edata
1180002c   _EVMC6748_initRAM
118001e8   _EVMC6748_enableDsp
11800214   _EVMC6748_pinmuxConfig
118002b0   _EVMC6748_lpscTransition
11800688   _config_pll0
118008c4   _config_pll1
11800aa8   _UTIL_printMem
11800c00   _UTIL_isUIBoardAttached
11800c20   _main
11800d78   _dipPRD
11800e98   _audioHWI
11801600   _read_audio_sample
11801624   _write_audio_sample
11801648   _initAll
118016b0   _McASP_Init
118017f4   _McASP_Start
11801a2c   _AIC3106_Init
11801ae0   _AIC3106_readRegister
11801b34   _AIC3106_writeRegister
11801b78   _USTIMER_delay
11801bf0   _SetGpio
11801c20   __divd
11802c60   _I2CGPIO_init
11802d34   _I2CGPIO_getInput
11802e50   _I2CGPIO_getInputAll
11802f60   _I2CGPIO_setOutput
118030a8   _I2CGPIO_setOutputAll
11803140   __printfi
11803580   _fputs
11803920   _GPIO_setDir
11803998   _GPIO_getInput
11803a0c   _GPIO_setOutput
11803a8c   _GPIO_toggleLoop
11803ca0   _I2C_init
11803d8c   _I2C_read
11803ee8   _I2C_write
11804b40   __divull
11805460   _fputc
11805460   _putc
11805880   _setvbuf
11805a80   _LED_init
11805acc   _LED_isOn
11805b34   _LED_turnOn
11805b84   _LED_turnOff
11805bcc   _LED_toggle
11805e20   __divul
11805fc0   _HOSTrename
11806140   _DIP_init
11806164   _DIP_get
118061c8   _DIP_getAll
11806520   __closefile
11806760   _fseek
11806880   _HOSTlseek
11806980   __wrt_ok
11806a80   _call_dtors
11806b80   _HOSTopen
11806c60   _HOSTread
11806d40   __c6xabi_divi
11806d40   __divi
11806e20   _atoi
11806f00   _close
11806fe0   _memset
118070c0   _printf
118071a0   _HOSTunlink
11807260   _HOSTwrite
118073e0   __c6xabi_divu
118073e0   __divu
118074a0   __doflush
11807560   __c6xabi_remi
11807560   __remi
11807620   _atexit
118076e0   _ltoa
11807860   _HOSTclose
11807900   __cleanup
118079a0   __divli
11807b80   __fixdli
11807d60   _lseek
11807e00   _memcpy
11807ea0   _write
11807f40   __fltlid
11807fc0   __llshl
11808040   _readmsg
118080c0   _unlink
11808140   __subcull
118081a0   _memccpy
11808200   _writemsg
11808258   C$$IO$$
11808260   ___add_dtor
118082a0   ___isinf
11808320   __frcmpyd_div
11808360   __llshru
118083a0   __remli
118083e0   __negll
11808400   __nop
11808460   __register_lock
11808480   __register_unlock
118084a0   _remove
118084c0   LNK_F_checkBufferCall
118084c0   ___etext__
118084c0   etext
118084e0   LNK_F_getChanPtr
11808538   LNK_F_init
11808540   LNK_F_dataPump
11808550   LNK_rcloop
11808614   LNK_rdrtry
11808624   LNK_rrloop
118086e4   LNK_wrrtry
118086f0   LNK_wrloop
118087c0   LNK_newin
118088f4   LNK_newout
11808a48   LNK_F_readCallBack
11808a80   _EXC_nmi
11808ab4   _EXC_internal
11808d60   _EXC_init
11808da0   _EXC_getLastStatus
11808dc0   _EXC_external
11808df4   _EXC_exceptionHandler
11808fd0   _EXC_clearLastStatus
11809000   CLK_HOOKFXN
11809000   HWI_F_dispatch
11809000   _HWI_F_dispatch
11809000   __HWI_lat1beg
11809188   __HWI_lat1end
11809188   __HWI_lat2beg
118092f0   __HWI_lat2end2
11809320   __HWI_lat3end2
11809364   __HWI_lat2end1
11809380   __HWI_lat3beg
118094e0   SWI_F_enable
118094e0   __SWI_lat3beg
1180954c   __SWI_lat3end
11809550   SWI_F_post
11809550   _SWI_post
11809658   __SWI_lat1beg
118096c4   SWI_EXECFXN
118096c4   SWI_F_exec
118096ec   SWI_F_iexec
11809704   __SWI_lat1end
11809708   __SWI_lat2beg
11809768   __SWI_lat2end
1180976c   SWI_F_run
1180976c   SWI_RUNFXN
118099a0   PRD_F_swi
11809c24   PRD_F_tick
11809d20   _free
11809d44   _malloc
11809da4   _realloc
11809e88   _memalign
11809f4c   _calloc
11809fa0   RTA_F_getlog
11809fd8   RTA_F_getsts
1180a018   RTA_F_readblk
1180a034   RTA_F_writeword
1180a040   RTA_F_resetmem
1180a040   __RTA_lat1beg
1180a074   __RTA_lat1end
1180a080   RTA_F_dispatch
1180a0cc   RTA_execute
1180a220   _KNL_run
1180a460   _MEM_alloc
1180a834   PRD_THOOKFXN
1180a834   _KNL_tick
1180a860   _MEM_free
1180aa40   _EXC_dispatch
1180ac04   _EXC_setReturnPtr
1180ac20   PIP_F_take
1180ac98   PIP_F_give
1180ac98   PIP_F_probe
1180ad68   PIP_F_start
1180ae00   _SEM_pendEnterKnl
1180afe0   __SEM_dopost
1180b180   _TSK_setup
1180b320   CLK_F_getltime
1180b330   CLK_F_isr
1180b470   CLK_F_itime
1180b470   _CLK_F_itime
1180b470   _CLK_itime
1180b490   __CLK_lat1beg
1180b4b0   __CLK_lat1end
1180b4c0   _KNL_saveIsrFrame
1180b56c   _KNL_switch
1180b618   KNL_glue
1180b640   __auto_init
1180b780   _TSK_exit
1180b8c0   _BCACHE_setSize
1180b904   _BCACHE_setMar
1180b954   _BCACHE_setCacheToSram
1180b984   _BCACHE_getSize
1180b9d4   _BCACHE_getMar
1180ba68   _GBL_cacheInit64P
1180bb20   _KNL_check
1180bb6c   __KNL_lat1beg
1180bbe8   _KNL_idle
1180bbe8   __KNL_lat1end
1180bc10   _KNL_max
1180bce4   _TSK_startup
1180bd60   _SEM_post
1180bd60   _SEM_postBinary
1180be40   _KNL_exit
1180be80   _KNL_enter
1180bf00   _SEM_postEnterKnl
1180bfa0   _SYS_exit
1180c040   _KNL_ipost
1180c0c0   _KNL_post
1180c140   _LCK_post
1180c160   _LCK_pend
1180c1c0   LOG_F_event
1180c1c0   _LOG_event
1180c1c0   __LOG_lat1beg
1180c240   IDL_F_calibrate
1180c2c0   _SYS_error
1180c320   FXN_F_nop
1180c324   FXN_F_run
1180c324   _FXN_F_run
1180c360   FXN_F_zero
1180c360   _FXN_F_zero
1180c380   _HWI_disable
1180c398   _HWI_enable
1180c3ac   _HWI_restore
1180c3e0   IDL_F_busy
1180c3e0   __IDL_lat1beg
1180c420   __IDL_lat1end
1180c440   _SEM_pend
1180c4a0   STS_F_delta
1180c4a0   _STS_delta
1180c4cc   STS_F_add
1180c4cc   _STS_add
1180c4e8   STS_F_reset
1180c4e8   _STS_reset
1180c500   _SYS_abort
1180c560   _CLK_measure
1180c5c0   IDL_CALIBRFXN
1180c5c0   IDL_F_stub
1180c600   RTA_F_andn
1180c618   RTA_F_or
1180c640   SYS_ABORTFXN
1180c640   _UTL_doAbort
1180c680   SYS_PUTCFXN
1180c680   _UTL_doPutc
1180c6c0   GBL_USERINITFXN
1180c6c0   GIO_CREATEFXN
1180c6c0   GIO_DELETEFXN
1180c6c0   GIO_PENDFXN
1180c6c0   GIO_POSTFXN
1180c6c0   PWRM_PWRM_SHAREDRESOURCEFXN
1180c6c0   PWRM_PWRM_SLOTHOOKFXN
1180c6c0   TSK_VCREATEFXN
1180c6c0   TSK_VDELETEFXN
1180c6c0   TSK_VEXITFXN
1180c6c0   _BCACHE_bootInit
1180c6c0   _FXN_F_nop
1180c6e0   _GBL_getVersion
1180c700   IDL_F_loop
1180c700   _IDL_loop
1180c720   _STS_set
1180c740   SYS_ERRORFXN
1180c740   _UTL_doError
1180c760   SYS_EXITFXN
1180c760   _UTL_halt
1180c780   CLK_F_gethtime
1180c780   CLK_TIMEFXN
1180c780   _CLK_gethtime
1180c7a0   IRAM$B
1180c7a0   _IRAM_base
1180e7a0   ___cinit__
1180e7a0   cinit
1180fd50   __ctypes_
1180fe58   _bitval_u32
1180ffd1   PRD0$sts$maxfmt
1180ffd4   PRD0
1180ffd4   PRD_A_TABBEG
1180ffd4   _PRD0
1180ffda   PRD0$sts$sumfmt
1180ffe3   PRD0$sts$avgfmt
1180ffee   PRD_swi$sts$maxfmt
1180fff0   PRD0$aaa
1180fff4   PRD_A_TABEND
1180fff4   ___pinit__
1180fff4   pinit
1180fff6   PRD_swi$sts$sumfmt
1180fffe   PRD_swi$sts$avgfmt
11810000   trace$buf
11810008   KNL_swi$sts$maxfmt
11810010   KNL_swi$sts$sumfmt
11810018   KNL_swi$sts$avgfmt
11810022   TSK_idle$sts$maxfmt
1181002a   TSK_idle$sts$sumfmt
11810032   TSK_idle$sts$avgfmt
1181003c   IDL_busyObj$maxfmt
1181003f   IDL_busyObj$sumfmt
11810042   IDL_busyObj$avgfmt
11811000   _HSRTDX_rec
118112a0   _RTDX_Buffer_WriteCB
11811760   _HSRTDX_xmt
11811a60   _RTDX_Mon_Queue
11811cc0   _RTDX_Poll
11811d60   _RTDX_Final_RT_Monitor
11811de0   _RTDX_Buffer_Initialize
11811e40   _RTDX_Init_RT_Monitor
11811ea0   _RTDX_Buffer_ReadCB
11811ee0   _RTDX_Buffer_Size
11811f20   _RTDX_memfill
11811f60   _RTDX_Buffer_Read
11811f80   _RTDX_Buffer_Write
11811fa0   _RTDX_Mask_IER
11811fc0   _b_fir
118120c8   _aLow
118120e0   _bLow
118120f8   _aMid
11812128   _bMid
11812158   _aPres
11812188   _bPres
118121b8   _aHigh
118121d0   _bHigh
118121e8   _sine
11812270   _buffer
118122f8   _eqSignal
11812380   _low
11812390   _mid
118123a8   _pres
118123c0   _high
118123d0   _wLow
118123e0   _wMid
118123f8   _wPres
11812410   _wHigh
1181241c   _CLK_inputClock
11812420   __ftable
11812600   __tmpnams
11812740   __ft_end
11812748   ___atexit_func_id__
118129ec   _dtors
118129f0   _KNL_queues
11812a90   _KNL_dummy
11812ac8   _TSK_ATTRS
11812ae4   _TSK_config
11812b04   _TSK_timerSem
11812b28   _OBJ_table
11812b60   _OBJ_segtab
11812b7c   __TSK_mutex
11812ba4   __MEM_mutex
11812bd0   _SYS_exitStack
11812c08   _EXC_status
11812c44   __cleanup_ptr
11812c48   __dtors_ptr
11812c4c   ___TI_enable_exit_profile_output
11812c50   __lock
11812c54   __unlock
11812c60   $bss
11812c60   .bss
11812c60   _HWI_dispatchTab
11812c60   ___bss__
11812d60   IDL_D_tabbeg
11812d64   IDL_D_calibrate
11812d68   IDL_D_calbeg
11812d6c   LOG_D_system
11812d6c   _LOG_D_system
11812d70   PIP_D_tabbeg
11812d74   PIP_D_tablen
11812d78   CLK_R_time
11812d7c   CLK_D_timefxn
11812d80   CLK_D_tabbeg
11812d84   CLK_D_isrhook
11812d88   CLK_D_idletime
11812d8c   _CLK_htimeDiv
11812d90   _CLK_htimeMult
11812d94   _CLK_ltimeDiv
11812d98   _CLK_ltimeMult
11812d9c   _CLK_D_dirty
11812da0   _CLK_D_prd
11812da4   _CLK_D_tddr
11812da8   _CLK_D_countspms
11812dac   PRD_D_tick
11812dac   _PRD_D_tick
11812db0   PRD_D_cur
11812db4   PRD_D_elapsed
11812db8   PRD_D_prevtim
11812dbc   PRD_D_scalar
11812dc0   PRD_D_swihandle
11812dc4   PRD_D_tabbeg
11812dc8   PRD_D_tablen
11812dcc   PRD_D_thook
11812dd0   RTA_D_fromHost
11812dd4   RTA_D_toHost
11812dd8   RTA_D_logval
11812de8   RTA_D_stsval
11812df4   HST_D_chanmask
11812df8   HST_D_tabbeg
11812dfc   HST_D_tabend
11812e00   _GBL_procId
11812e04   _GBL_clkIn
11812e08   _GBL_freq
11812e0c   _MEM_D_NUMSEGMENTS
11812e10   _MEM_D_memtab
11812e14   _MEM_D_freelist
11812e18   _MEM_D_lockaddr
11812e1c   _MEM_D_unlockaddr
11812e20   _SYS
11812e24   __HOOK_knlId
11812e28   __HOOK_NUMHOOKS
11812e2c   SWI_D_runaddr
11812e2c   _SWI_D_runaddr
11812e2c   _SWI_data
11812e30   SWI_D_execaddr
11812e30   _SWI_D_execaddr
11812e34   SWI_D_curmask
11812e34   _SWI_D_curmask
11812e38   SWI_D_curset
11812e38   _SWI_D_curset
11812e3c   SWI_D_lock
11812e3c   _SWI_D_lock
11812e40   SWI_D_curmbox
11812e44   SWI_D_curfxn
11812e44   _SWI_D_curfxn
11812e48   SWI_D_rdybeg
11812e48   _SWI_D_rdybeg
11812e4c   SWI_D_inswi
11812e4c   _SWI_D_inswi
11812e50   SWI_D_rdytab
11812ec8   _KNL_wFlag
11812ecc   _KNL_wList
11812ed0   _KNL_alarm
11812ed4   _KNL_setpri
11812ed8   _KNL_inactive
11812edc   _KNL_priority
11812ee0   _KNL_set
11812ee4   _KNL_curtask
11812ee8   _KNL_prevtask
11812eec   _KNL_curtime
11812ef0   _KNL_swiptr
11812ef4   _KNL_curqueue
11812ef8   _KNL_maxqueue
11812efc   _KNL_tswitchfxn
11812f00   _KNL_tcreatefxn
11812f04   _KNL_tdeletefxn
11812f08   _KNL_treadyfxn
11812f0c   _KNL_idlefxn
11812f10   _MEM_memtab
11812f1c   HST_DSMBUFSEG
11812f1c   IRAM
11812f1c   MEM_MALLOCSEG
11812f1c   MEM_SEGZERO
11812f1c   RTDX_DATAMEMSEG
11812f1c   _IRAM
11812f1c   _SEG0
11812f20   RTA_fromHost$pipe$dtab
11812f2c   RTA_toHost$pipe$dtab
11812f38   _EXC_sysTrapTable
11812f40   _EXC_returnPtr
11812f58   HWI_D_spsave
11812f58   _HWI_D_spsave
11812f58   _HWI_data
11812f64   _HWI_D_inhwi
11812f68   HWI_D_bss
11812f6c   HWI_D_ccmask
11812f70   LNK_dspFrameRequestMask
11812f70   _LNK_dspFrameRequestMask
11812f74   LNK_dspFrameReadyMask
11812f74   _LNK_dspFrameReadyMask
11812f78   LNK_readPend
11812f78   _LNK_readPend
11812f7c   LNK_readDone
11812f7c   _LNK_readDone
11812f80   LNK_readFail
11812f80   _LNK_readFail
11812f84   LNK_writeFail
11812f84   _LNK_writeFail
11812f88   _EXC_exceptionHook
11812f8c   _EXC_internalHook
11812f90   _EXC_externalHook
11812f94   _EXC_nmiHook
11812fa0   _rtdxNullChanCnt
11812fa4   _rtdxNullFuncCnt
11812fa8   _rtdxXmtNotDoneCnt
11812fac   _rtdxRecNotDoneCnt
11812fb0   _rtdxXmtRestartCnt
11812fb4   _rtdxXmtErrorCnt
11812fb8   _TSK_nTasks
11812fbc   _TSK_pid
11812fc0   _TSK
11812fc4   _mask
11812fc6   _lowBoost
11812fc7   _midBoost
11812fc8   _presBoost
11812fc9   _highBoost
11812fca   _eqBypass
11812fcb   _dist
11812fcc   _writeIndex
11812fd0   _CLK_DFLTMICROSECS
11812fd4   _CLK_D_microseconds
11812fd8   _SYS_exitStackPtr
11812fdc   _SYS_exitStackTop
11812fe0   _CLK_htimePerLtime
11812fe4   IDL_D_busyObj
11812fe8   _MEM
11812ff4   TRC_cinit
11812ff4   ___end__
11812ff4   end
11812ff8   TRC_R_mask
11812ff8   _TRC_R_mask
11812ffc   GBL_initdone
11813000   LOG_system$buf
11813800   BIOS_init
11813800   _BIOS_init
11813984   BIOS$$CLKON
118139c4   BIOS$$CLKOFF
11813a30   BIOS_start
11813a30   _BIOS_start
11813b80   _c_int00
11813c40   _MEM_init
11813d00   _TSK_init
11813d60   RTA_fromHost$buf
11813d70   IDL_A_TABBEG
11813d70   IDL_cpuLoad
11813d70   _IDL_cpuLoad
11813d74   LNK_dataPump
11813d74   _LNK_dataPump
11813d78   RTA_dispatcher
11813d78   _RTA_dispatcher
11813d7c   IDL_END
11813e00   _RTDX_Buffer
11814208   _RTDX_Buffer_Start
1181420c   _RTDX_Buffer_End
11814210   _rtdx_mon_state
11814254   _rtdx_buffer_state
11814260   _RTDX_writing
11814278   TSK_idle$stack
11814610   TSK_idle$stkptr
11814678   GBL_stackbeg
11814678   _HWI_STKTOP
11814678   __stack
11814a70   _HWI_STKBOTTOM
11814a77   GBL_stackend
11814a78   __CIOBUF_
11814a78   __STACK_END
11814ba4   TSK_idle
11814ba4   _TSK_idle
11814bf8   CLK_A_TABBEG
11814bf8   PRD_clock
11814bf8   _PRD_clock
11814bfc   CLK_null
11814c00   HWI_A_VECS
11814c00   hwi0
11814c20   hwi1
11814c40   hwi2
11814c60   hwi3
11814c80   hwi4
11814ca0   hwi5
11814cc0   hwi6
11814ce0   hwi7
11814d00   hwi8
11814d20   hwi9
11814d40   hwi10
11814d60   hwi11
11814d80   hwi12
11814da0   hwi13
11814dc0   hwi14
11814de0   hwi15
11814e00   _SYS_PUTCBEG
11814fff   _SYS_PUTCEND
11815000   RTA_toHost$buf
11815100   PIP_A_TABBEG
11815100   RTA_fromHost$pipe
11815100   _PIP_A_TABBEG
11815104   RTA_fromHost$pipe$rd
11815130   RTA_fromHost$pipe$aaa
11815134   RTA_fromHost$pipe$wr
11815160   RTA_fromHost$pipe$bbb
11815164   RTA_toHost$pipe
11815168   RTA_toHost$pipe$rd
11815194   RTA_toHost$pipe$aaa
11815198   RTA_toHost$pipe$wr
118151c4   RTA_toHost$pipe$bbb
118151c8   PIP_A_TABEND
118151c8   PRD_SWIHANDLE
118151c8   PRD_swi
118151c8   SWI_A_TABBEG
118151c8   _PIP_A_TABEND
118151c8   _PRD_swi
118151f4   KNL_swi
118151f4   _KNL_swi
11815220   PRD0$sts$stsobj
11815220   STS_A_TABBEG
11815220   SWI_A_TABEND
11815220   _STS_A_TABBEG
11815224   PRD0$sts
11815230   PRD_swi$sts$stsobj
11815234   PRD_swi$sts
11815240   KNL_swi$sts$stsobj
11815244   KNL_swi$sts
11815250   TSK_idle$sts$stsobj
11815254   TSK_idle$sts
11815260   IDL_busyObj$stsobj
11815264   IDL_busyObj
11815264   _IDL_busyObj
11815270   STS_A_TABEND
11815270   _STS_A_TABEND
11815300   HST_A_TABBEG
11815300   _HST_A_TABBEG
11815304   RTA_fromHost
11815304   _RTA_fromHost
1181530c   RTA_fromHost$rtdx
11815320   RTA_toHost
11815320   _RTA_toHost
11815328   RTA_toHost$rtdx
1181533c   HST_A_TABEND
1181533c   LOG_A_TABBEG
1181533c   LOG_system
1181533c   _HST_A_TABEND
1181533c   _LOG_A_TABBEG
1181533c   _LOG_system
11815354   _trace
11815354   trace
1181536c   IDL_A_CALBEG
1181536c   IDL_cpuLoad$
1181536c   LOG_A_TABEND
1181536c   _LOG_A_TABEND
11815370   LNK_dataPump$
11815374   RTA_dispatcher$
11815378   IDL_END$
1181537c   SYS$config
28040d0c   HWI_INTRMUX3
ffffffff   CACHE_L1D
ffffffff   CACHE_L1P
ffffffff   DDR
ffffffff   ECM_EVTMASK0
ffffffff   ECM_EVTMASK1
ffffffff   ECM_EVTMASK2
ffffffff   ECM_EVTMASK3
ffffffff   GBL_L2MAR192_223
ffffffff   L3_CBA_RAM
ffffffff   _CACHE_L1D
ffffffff   _CACHE_L1P
ffffffff   _DDR
ffffffff   _L3_CBA_RAM
ffffffff   ___TI_pprof_out_hndl
ffffffff   ___TI_prof_data_size
ffffffff   ___TI_prof_data_start
ffffffff   ___binit__
ffffffff   ___c_args__
ffffffff   binit

[1161 symbols]
