******************************************************************************
               TMS320C6x Linker PC v7.4.18                     
******************************************************************************
>> Linked Mon Aug 03 10:29:53 2020

OUTPUT FILE NAME:   <GuitarAmpGitVersion.out>
ENTRY POINT SYMBOL: "_c_int00"  address: 11813160


MEMORY CONFIGURATION

         name            origin    length      used     unused   attr    fill
----------------------  --------  ---------  --------  --------  ----  --------
  IRAM                  11800000   00040000  00014e05  0002b1fb  RWIX
  CACHE_L1P             11e00000   00008000  00000000  00008000  RWIX
  CACHE_L1D             11f00000   00008000  00000000  00008000  RWIX
  L3_CBA_RAM            80000000   00020000  00000000  00020000  RWIX
  DDR                   c3000000   01000000  00000000  01000000  RWIX


SECTION ALLOCATION MAP

 output                                  attributes/
section   page    origin      length       input sections
--------  ----  ----------  ----------   ----------------
.vers      0    00000000    0000003c     COPY SECTION
                  00000000    0000003c     hellocfg.obj (.vers)

.data      0    11800000    00000000     UNINITIALIZED

.text      0    11800000    00007d80     
                  11800000    00000c20     evmc6748_bsl.lib : evmc6748.obj (.text)
                  11800c20    000005a0     rts6740.lib : divd.obj (.text:__divd)
                  118011c0    00000580                 : _printfi.obj (.text:__getarg_diouxp)
                  11801740    00000540     framework.obj (.text)
                  11801c80    00000520     rts6740.lib : _printfi.obj (.text:__setfield)
                  118021a0    00000520     hello.obj (.text)
                  118026c0    000004e0     evmc6748_bsl.lib : evmc6748_i2c_gpio.obj (.text)
                  11802ba0    00000440     rts6740.lib : _printfi.obj (.text:__printfi)
                  11802fe0    000003a0                 : fputs.obj (.text:_fputs)
                  11803380    00000380     evmc6748_bsl.lib : evmc6748_gpio.obj (.text)
                  11803700    00000380                      : evmc6748_i2c.obj (.text)
                  11803a80    00000320     rts6740.lib : _printfi.obj (.text:__pproc_fge)
                  11803da0    000002c0                 : _printfi.obj (.text:__pproc_fwp)
                  11804060    000002a0                 : _printfi.obj (.text:_ecvt)
                  11804300    000002a0                 : _printfi.obj (.text:_fcvt)
                  118045a0    00000260                 : imath64.obj (.text:__divull)
                  11804800    00000260                 : _printfi.obj (.text:__pconv_e)
                  11804a60    00000240                 : _printfi.obj (.text:__pproc_diouxp)
                  11804ca0    00000220                 : _printfi.obj (.text:__pproc_str)
                  11804ec0    00000220                 : fputc.obj (.text:_fputc)
                  118050e0    00000200                 : _printfi.obj (.text:__pconv_g)
                  118052e0    00000200                 : setvbuf.obj (.text:_setvbuf)
                  118054e0    000001e0     evmc6748_bsl.lib : evmc6748_led.obj (.text)
                  118056c0    000001c0     rts6740.lib : _printfi.obj (.text:__mcpy)
                  11805880    000001a0                 : imath40.obj (.text:__divul)
                  11805a20    00000180                 : trgdrv.obj (.text:_HOSTrename)
                  11805ba0    00000160     evmc6748_bsl.lib : evmc6748_dip.obj (.text)
                  11805d00    00000140     rts6740.lib : _printfi.obj (.text:__pproc_fflags)
                  11805e40    00000140                 : lowlev.obj (.text:_getdevice)
                  11805f80    00000120                 : fclose.obj (.text:__closefile)
                  118060a0    00000120                 : _printfi.obj (.text:__ltostr)
                  118061c0    00000120                 : fseek.obj (.text:_fseek)
                  118062e0    00000100                 : trgdrv.obj (.text:_HOSTlseek)
                  118063e0    00000100                 : _io_perm.obj (.text:__wrt_ok)
                  118064e0    00000100                 : sinit.obj (.text:_call_dtors)
                  118065e0    000000e0                 : trgdrv.obj (.text:_HOSTopen)
                  118066c0    000000e0                 : trgdrv.obj (.text:_HOSTread)
                  118067a0    000000e0                 : atoi.obj (.text:_atoi)
                  11806880    000000e0                 : lowlev.obj (.text:_close)
                  11806960    000000e0                 : memset.obj (.text:_memset)
                  11806a40    000000e0                 : printf.obj (.text:_printf)
                  11806b20    000000c0                 : trgdrv.obj (.text:_HOSTunlink)
                  11806be0    000000c0                 : trgdrv.obj (.text:_HOSTwrite)
                  11806ca0    000000c0                 : _printfi.obj (.text:__div)
                  11806d60    000000c0                 : divu.obj (.text:__divu)
                  11806e20    000000c0                 : fflush.obj (.text:__doflush)
                  11806ee0    000000c0                 : atexit.obj (.text:_atexit)
                  11806fa0    000000c0                 : ltoa.obj (.text:_ltoa)
                  11807060    000000c0     bios.a674 : tsk_stup.o674 (.text)
                  11807120    000000a0     rts6740.lib : trgdrv.obj (.text:_HOSTclose)
                  118071c0    000000a0                 : fopen.obj (.text:__cleanup)
                  11807260    000000a0                 : imath40.obj (.text:__divli)
                  11807300    000000a0                 : _printfi.obj (.text:__ecpy)
                  118073a0    000000a0                 : _printfi.obj (.text:__fcpy)
                  11807440    000000a0                 : fixdli.obj (.text:__fixdli)
                  118074e0    000000a0                 : _printfi.obj (.text:__pconv_f)
                  11807580    000000a0                 : lowlev.obj (.text:_finddevice)
                  11807620    000000a0                 : lowlev.obj (.text:_lseek)
                  118076c0    000000a0                 : memcpy64.obj (.text:_memcpy)
                  11807760    000000a0                 : lowlev.obj (.text:_write)
                  11807800    00000080                 : fltlid.obj (.text:__fltlid)
                  11807880    00000080                 : llshift.obj (.text:__llshl)
                  11807900    00000080                 : trgmsg.obj (.text:_readmsg)
                  11807980    00000080                 : lowlev.obj (.text:_unlink)
                  11807a00    00000060                 : imath64.obj (.text:__subcull)
                  11807a60    00000060                 : memccpy.obj (.text:_memccpy)
                  11807ac0    00000060                 : trgmsg.obj (.text:_writemsg)
                  11807b20    00000040                 : sinit.obj (.text:___add_dtor)
                  11807b60    00000040                 : isinf.obj (.text:___isinf)
                  11807ba0    00000040                 : _printfi.obj (.text:___isnan)
                  11807be0    00000040                 : frcmpyd_div.obj (.text:__frcmpyd_div)
                  11807c20    00000040                 : llshift.obj (.text:__llshru)
                  11807c60    00000040                 : imath40.obj (.text:__remli)
                  11807ca0    00000020                 : negll.obj (.text:__negll)
                  11807cc0    00000020                 : _lock.obj (.text:__nop)
                  11807ce0    00000020                 : printf.obj (.text:__outc)
                  11807d00    00000020                 : printf.obj (.text:__outs)
                  11807d20    00000020                 : _lock.obj (.text:__register_lock)
                  11807d40    00000020                 : _lock.obj (.text:__register_unlock)
                  11807d60    00000020                 : remove.obj (.text:_remove)

.bios      0    11807d80    000042e0     
                  11807d80    000005c0     lnkrtdx.a674 : rtdx.o674 (.bios)
                  11808340    00000580     bios.a674 : exc.o674 (.bios)
                  118088c0    000004e0               : hwi_disp_asm.o674 (.bios)
                  11808da0    000004c0               : swi.o674 (.bios)
                  11809260    00000380               : prd.o674 (.bios)
                  118095e0    00000280               : malloc.o674 (.bios)
                  11809860    00000280               : rta.o674 (.bios)
                  11809ae0    00000240               : knl_run.o674 (.bios)
                  11809d20    00000200               : mem_allo.o674 (.bios:.near)
                  11809f20    00000200               : knl_tick.o674 (.bios)
                  1180a120    000001e0               : mem_free.o674 (.bios:.near)
                  1180a300    000001e0               : exc_asm.o674 (.bios)
                  1180a4e0    000001e0               : pip.o674 (.bios)
                  1180a6c0    000001e0               : sem_pend.o674 (.bios)
                  1180a8a0    000001a0               : sem_dopo.o674 (.bios)
                  1180aa40    000001a0               : tsk_setu.o674 (.bios)
                  1180abe0    000001a0     bios6748.a674 : clk.o674 (.bios)
                  1180ad80    00000180     bios.a674 : knl_swit.o674 (.bios)
                  1180af00    00000140               : autoinit.o674 (.bios)
                  1180b040    00000140               : tsk_exit.o674 (.bios)
                  1180b180    00000140     bios6748.a674 : bcache_init.o674 (.bios)
                  1180b2c0    00000120     bios.a674 : gbl_cacheinit64P.o674 (.bios)
                  1180b3e0    00000120               : knl_chec.o674 (.bios)
                  1180b500    00000120               : tsk_stup.o674 (.bios)
                  1180b620    000000e0               : sem_post_asm.o674 (.bios)
                  1180b700    000000c0               : knl_exit.o674 (.bios)
                  1180b7c0    000000a0               : sem_post.o674 (.bios)
                  1180b860    000000a0               : sys_exit.o674 (.bios)
                  1180b900    00000080               : knl_ipos.o674 (.bios)
                  1180b980    00000080               : knl_post.o674 (.bios)
                  1180ba00    00000080               : lck.o674 (.bios)
                  1180ba80    00000080               : log.o674 (.bios)
                  1180bb00    00000080     bios6748.a674 : idl_cal.o674 (.bios)
                  1180bb80    00000060     bios.a674 : sys_erro.o674 (.bios:.near)
                  1180bbe0    00000060               : fxn.o674 (.bios)
                  1180bc40    00000060               : hwi_c.o674 (.bios)
                  1180bca0    00000060               : idl_busy.o674 (.bios)
                  1180bd00    00000060               : sem_pend_counting.o674 (.bios)
                  1180bd60    00000060               : sts.o674 (.bios)
                  1180bdc0    00000060               : sys_abor.o674 (.bios)
                  1180be20    00000060     bios6748.a674 : clk_meas.o674 (.bios)
                  1180be80    00000040     bios.a674 : idl_stub.o674 (.bios)
                  1180bec0    00000040               : rta_andn.o674 (.bios)
                  1180bf00    00000040               : utl_doab.o674 (.bios)
                  1180bf40    00000040               : utl_putc.o674 (.bios)
                  1180bf80    00000020               : fxn_c.o674 (.bios)
                  1180bfa0    00000020               : gbl_vers.o674 (.bios)
                  1180bfc0    00000020               : idl.o674 (.bios)
                  1180bfe0    00000020               : sts_set.o674 (.bios)
                  1180c000    00000020               : utl_doer.o674 (.bios)
                  1180c020    00000020               : utl_halt.o674 (.bios)
                  1180c040    00000020     bios6748.a674 : clk_gethtime.o674 (.bios)

.IRAM$heap 
*          0    1180c060    00002000     UNINITIALIZED
                  1180c060    00002000     --HOLE--

.cinit     0    1180e060    0000144c     
                  1180e060    000006c4     hellocfg.obj (.cinit)
                  1180e724    00000004     --HOLE-- [fill = 0]
                  1180e728    000003ac     hello.obj (.cinit)
                  1180ead4    00000004     --HOLE-- [fill = 0]
                  1180ead8    0000026c     bios.a674 : biosdata.o674 (.cinit)
                  1180ed44    00000004     --HOLE-- [fill = 0]
                  1180ed48    000001a4               : knl.o674 (.cinit)
                  1180eeec    00000004     --HOLE-- [fill = 0]
                  1180eef0    000000b0               : swi.o674 (.cinit)
                  1180efa0    00000080               : tsk.o674 (.cinit)
                  1180f020    00000068     rtdx64xplus.lib : rtdx_mon.o64P (.cinit)
                  1180f088    00000060     bios.a674 : tsk_stup.o674 (.cinit)
                  1180f0e8    0000005c     lnkrtdx.a674 : rtdx.o674 (.cinit)
                  1180f144    00000004     --HOLE-- [fill = 0]
                  1180f148    0000005c     rts6740.lib : defs.obj (.cinit)
                  1180f1a4    00000004     --HOLE-- [fill = 0]
                  1180f1a8    0000005c                 : lowlev.obj (.cinit)
                  1180f204    00000004     --HOLE-- [fill = 0]
                  1180f208    0000004c     bios.a674 : rta.o674 (.cinit)
                  1180f254    00000004     --HOLE-- [fill = 0]
                  1180f258    0000004c     rtdx64xplus.lib : buffer1.o64P (.cinit)
                  1180f2a4    00000004     --HOLE-- [fill = 0]
                  1180f2a8    0000003c     bios.a674 : exc.o674 (.cinit)
                  1180f2e4    00000004     --HOLE-- [fill = 0]
                  1180f2e8    00000034               : hwi.o674 (.cinit)
                  1180f31c    00000004     --HOLE-- [fill = 0]
                  1180f320    0000002c               : utl_putc.o674 (.cinit)
                  1180f34c    00000004     --HOLE-- [fill = 0]
                  1180f350    0000002c     rts6740.lib : exit.obj (.cinit)
                  1180f37c    00000004     --HOLE-- [fill = 0]
                  1180f380    00000024     bios.a674 : obj_init.o674 (.cinit)
                  1180f3a4    00000004     --HOLE-- [fill = 0]
                  1180f3a8    00000024     block_sine.obj (.cinit)
                  1180f3cc    00000004     --HOLE-- [fill = 0]
                  1180f3d0    0000001c     bios.a674 : exc_asm.o674 (.cinit)
                  1180f3ec    00000004     --HOLE-- [fill = 0]
                  1180f3f0    0000001c               : sys.o674 (.cinit)
                  1180f40c    00000004     --HOLE-- [fill = 0]
                  1180f410    0000001c     rts6740.lib : _lock.obj (.cinit)
                  1180f42c    00000004     --HOLE-- [fill = 0]
                  1180f430    0000001c                 : atexit.obj (.cinit)
                  1180f44c    00000004     --HOLE-- [fill = 0]
                  1180f450    00000018     bios.a674 : knl_tick.o674 (.cinit)
                  1180f468    0000000c               : idl_busy.o674 (.cinit)
                  1180f474    00000004     --HOLE-- [fill = 0]
                  1180f478    0000000c               : knl_swit.o674 (.cinit)
                  1180f484    00000004     --HOLE-- [fill = 0]
                  1180f488    0000000c     rts6740.lib : fopen.obj (.cinit)
                  1180f494    00000004     --HOLE-- [fill = 0]
                  1180f498    0000000c                 : sinit.obj (.cinit)
                  1180f4a4    00000004     --HOLE-- [fill = 0]
                  1180f4a8    00000004     (.pad.cinit) [fill = 0]

.trace     0    1180f4ac    00000200     
                  1180f4ac    00000200     --HOLE-- [fill = 00000000]

.args      0    1180f6ac    00000004     
                  1180f6ac    00000004     --HOLE-- [fill = 0]

.cio       0    1180f6b0    00000120     UNINITIALIZED
                  1180f6b0    00000120     rts6740.lib : trgmsg.obj (.cio)

.log       0    1180f7d0    00000030     
                  1180f7d0    00000030     hellocfg.obj (.log)

.LOG_system$buf 
*          0    1180f800    00000800     UNINITIALIZED
                  1180f800    00000800     hellocfg.obj (.LOG_system$buf)

.trace$buf 
*          0    11810000    00001000     UNINITIALIZED
                  11810000    00001000     hellocfg.obj (.trace$buf)

.rtdx_text 
*          0    11811000    00000fc0     
                  11811000    000002a0     rtdx64xplus.lib : rtdx_mon.o64P (.rtdx_text:_HSRTDX_rec)
                  118112a0    00000260                     : buffer1.o64P (.rtdx_text:_RTDX_Buffer_WriteCB)
                  11811500    00000260                     : buffer1.o64P (.rtdx_text:_RTDX_write_next)
                  11811760    000001a0                     : rtdx_mon.o64P (.rtdx_text:_HSRTDX_xmt)
                  11811900    00000160                     : rtdx_mon.o64P (.rtdx_text:_RTDX_Send_To_Host)
                  11811a60    000000e0                     : rtdx_mon.o64P (.rtdx_text:_RTDX_Mon_Queue)
                  11811b40    000000e0                     : buffer1.o64P (.rtdx_text:_claim)
                  11811c20    000000a0                     : rtdx_mon.o64P (.rtdx_text:_RTDX_GetH2THeader)
                  11811cc0    000000a0                     : rtdx_mon.o64P (.rtdx_text:_RTDX_Poll)
                  11811d60    00000080                     : rtdx_mon.o64P (.rtdx_text:_RTDX_Final_RT_Monitor)
                  11811de0    00000060                     : buffer1.o64P (.rtdx_text:_RTDX_Buffer_Initialize)
                  11811e40    00000060                     : rtdx_mon.o64P (.rtdx_text:_RTDX_Init_RT_Monitor)
                  11811ea0    00000040                     : buffer2.o64P (.rtdx_text:_RTDX_Buffer_ReadCB)
                  11811ee0    00000040                     : buffer1.o64P (.rtdx_text:_RTDX_Buffer_Size)
                  11811f20    00000040                     : memfill.o64P (.rtdx_text:_RTDX_memfill)
                  11811f60    00000020                     : buffer2.o64P (.rtdx_text:_RTDX_Buffer_Read)
                  11811f80    00000020                     : buffer1.o64P (.rtdx_text:_RTDX_Buffer_Write)
                  11811fa0    00000020                     : intr_tgt.o64P (.rtdx_text)

.far       0    11811fc0    00000e08     UNINITIALIZED
                  11811fc0    000005c4     hello.obj (.far)
                  11812584    00000004     bios6748.a674 : clk_data.o674 (.far)
                  11812588    00000324     rts6740.lib : defs.obj (.far)
                  118128ac    00000004                 : fopen.obj (.far)
                  118128b0    00000188                 : atexit.obj (.far)
                  11812a38    0000011c                 : lowlev.obj (.far)
                  11812b54    00000004                 : sinit.obj (.far)
                  11812b58    000000d8     bios.a674 : knl.o674 (.far)
                  11812c30    0000005c               : tsk.o674 (.far)
                  11812c8c    00000004     --HOLE--
                  11812c90    00000054               : obj_init.o674 (.far)
                  11812ce4    00000050               : tsk_stup.o674 (.far)
                  11812d34    00000004     --HOLE--
                  11812d38    00000020               : sys.o674 (.far)
                  11812d58    00000018     rtdx64xplus.lib : rtdx_mon.o64P (.far)
                  11812d70    00000010     bios.a674 : exc.o674 (.far)
                  11812d80    00000010               : knl_tick.o674 (.far)
                  11812d90    0000000c               : utl_putc.o674 (.far)
                  11812d9c    00000004     --HOLE--
                  11812da0    0000000c     block_sine.obj (.far)
                  11812dac    0000000c     rts6740.lib : exit.obj (.far)
                  11812db8    00000008                 : _lock.obj (.far)
                  11812dc0    00000008                 : trgdrv.obj (.far)

.hst1      0    11812dc8    00000010     UNINITIALIZED
                  11812dc8    00000010     hellocfg.obj (.hst1)

.clk       0    11812dd8    00000008     UNINITIALIZED
                  11812dd8    00000008     hellocfg.obj (.clk)

.sysinit   0    11812de0    00000560     
                  11812de0    00000380     hellocfg.obj (.sysinit)
                  11813160    000000c0     bios.a674 : boot.o674 (.sysinit)
                  11813220    000000c0               : mem_init.o674 (.sysinit)
                  118132e0    00000060               : tsk_init.o674 (.sysinit)

.rtdx_data 
*          0    11813340    000004f4     UNINITIALIZED
                  11813340    00000080     --HOLE--
                  118133c0    00000410     hellocfg.obj (.rtdx_data)
                  118137d0    00000044     rtdx64xplus.lib : rtdx_mon.o64P (.rtdx_data)
                  11813814    00000020                     : buffer1.o64P (.rtdx_data)

.mem       0    11813834    00000004     UNINITIALIZED
                  11813834    00000004     hellocfg.obj (.mem)

.const     0    11813838    00000435     
                  11813838    00000193     bios.a674 : exc.o674 (.const:.string)
                  118139cb    00000004               : mem_allo.o674 (.const:.string)
                  118139cf    00000001     --HOLE-- [fill = 0]
                  118139d0    00000101     rts6740.lib : ctype.obj (.const:.string:__ctypes_)
                  11813ad1    00000004     bios.a674 : mem_free.o674 (.const:.string)
                  11813ad5    00000002     rts6740.lib : fputs.obj (.const:.string)
                  11813ad7    00000001     --HOLE-- [fill = 0]
                  11813ad8    00000080     evmc6748_bsl.lib : evmc6748.obj (.const:_bitval_u32)
                  11813b58    0000004e     bios.a674 : tsk_stup.o674 (.const:.string)
                  11813ba6    00000002     --HOLE-- [fill = 0]
                  11813ba8    00000040     evmc6748_bsl.lib : evmc6748.obj (.const:.string)
                  11813be8    00000023     bios.a674 : utl_doab.o674 (.const:.string)
                  11813c0b    00000023     rts6740.lib : _printfi.obj (.const:.string)
                  11813c2e    00000022     bios.a674 : utl_doer.o674 (.const:.string)
                  11813c50    0000001c     rb.obj (.const:.string)
                  11813c6c    00000001     bios.a674 : tsk.o674 (.const:.string)

.printf    0    11813c6d    00000076     COPY SECTION
                  11813c6d    00000076     hellocfg.obj (.printf)

.TSK_idle$stk 
*          0    11813c70    00000400     UNINITIALIZED
                  11813c70    00000400     hellocfg.obj (.TSK_idle$stk)

.stack     0    11814070    00000400     UNINITIALIZED
                  11814070    00000400     --HOLE--

.bss       0    11814470    00000394     UNINITIALIZED
                  11814470    00000100     bios.a674 : hwi_disp_asm.o674 (.bss)
                  11814570    000000cc               : biosdata.o674 (.bss)
                  1181463c    0000009c               : swi.o674 (.bss)
                  118146d8    00000048               : knl.o674 (.bss)
                  11814720    00000028     hellocfg.obj (.bss)
                  11814748    00000020     bios.a674 : exc_asm.o674 (.bss)
                  11814768    00000018               : hwi.o674 (.bss)
                  11814780    00000018     lnkrtdx.a674 : rtdx.o674 (.bss)
                  11814798    00000010     bios.a674 : exc.o674 (.bss)
                  118147a8    00000010     rtdx64xplus.lib : buffer1.o64P (.bss)
                  118147b8    00000010                     : rtdx_mon.o64P (.bss)
                  118147c8    0000000c     bios.a674 : tsk.o674 (.bss)
                  118147d4    0000000c     hello.obj (.bss)
                  118147e0    00000008     bios.a674 : clk_data.o674 (.bss)
                  118147e8    00000008               : sys.o674 (.bss)
                  118147f0    00000004               : clk_data2.o674 (.bss)
                  118147f4    00000004               : idl_busy.o674 (.bss)
                  118147f8    00000004               : mem_asm.o674 (.bss)
                  118147fc    00000004     block_sine.obj (.bss)
                  11814800    00000004     evmc6748_bsl.lib : evmc6748_i2c.obj (.bss)

.hst0      0    11814804    00000100     UNINITIALIZED
                  11814804    00000100     hellocfg.obj (.hst0)

.pip       0    11814904    000000c8     UNINITIALIZED
                  11814904    000000c8     hellocfg.obj (.pip)

.tsk       0    118149cc    00000060     UNINITIALIZED
                  118149cc    00000060     hellocfg.obj (.tsk)

.swi       0    11814a2c    00000058     UNINITIALIZED
                  11814a2c    00000058     hellocfg.obj (.swi)

.sts       0    11814a84    00000050     
                  11814a84    00000050     hellocfg.obj (.sts)

.gblinit   0    11814ad4    0000004c     
                  11814ad4    0000004c     hellocfg.obj (.gblinit)

.switch    0    11814b20    00000044     
                  11814b20    00000024     evmc6748_bsl.lib : evmc6748_gpio.obj (.switch:_getRegisterBankAndBit)
                  11814b44    00000020                      : evmc6748_dip.obj (.switch:_convertDipToI2CGpio)

.hst       0    11814b64    0000003c     UNINITIALIZED
                  11814b64    0000003c     hellocfg.obj (.hst)

.prd       0    11814ba0    00000020     UNINITIALIZED
                  11814ba0    00000020     hellocfg.obj (.prd)

.idl       0    11814bc0    00000010     UNINITIALIZED
                  11814bc0    00000010     hellocfg.obj (.idl)

.idlcal    0    11814bd0    00000010     UNINITIALIZED
                  11814bd0    00000010     hellocfg.obj (.idlcal)

.sys       0    11814be0    00000010     UNINITIALIZED
                  11814be0    00000010     hellocfg.obj (.sys)

.pinit     0    11814bf0    0000000c     
                  11814bf0    00000004     rtdx64xplus.lib : buffer1.o64P (.pinit)
                  11814bf4    00000004                     : rtdx_mon.o64P (.pinit)
                  11814bf8    00000004     --HOLE-- [fill = 0]

.hwi_vec   0    11814c00    00000200     
                  11814c00    00000200     hellocfg.obj (.hwi_vec)

.trcdata   0    11814e00    0000000c     
                  11814e00    0000000c     bios.a674 : trc.o674 (.trcdata)


GLOBAL SYMBOLS: SORTED ALPHABETICALLY BY Name 

address    name
--------   ----
11814470   $bss
11814470   .bss
11800000   .data
11800000   .text
11812fa4   BIOS$$CLKOFF
11812f64   BIOS$$CLKON
11812de0   BIOS_init
11813010   BIOS_start
00000000   BUF$
00000001   BUF_ENABLED
11807b18   C$$IO$$
ffffffff   CACHE_L1D
ffffffff   CACHE_L1P
00000001   CLK$
11812dd8   CLK_A_TABBEG
00000001   CLK_CALDIV
00000001   CLK_CALMULT
000493e0   CLK_COUNTSPMS
00000004   CLK_COUNTSPMSHIGH
11814598   CLK_D_idletime
11814594   CLK_D_isrhook
11814590   CLK_D_tabbeg
1181458c   CLK_D_timefxn
00000001   CLK_ENABLEHTIME
1180c040   CLK_F_gethtime
1180abe0   CLK_F_getltime
1180abf0   CLK_F_isr
1180ad30   CLK_F_itime
118088c0   CLK_HOOKFXN
00000001   CLK_HTIMEDIV
00000001   CLK_HTIMEMULT
000493e0   CLK_HTIMEPERLTIME
00005dc0   CLK_INPUTCLK
00004000   CLK_INTBIT
00000001   CLK_LTIMEDIV
000493e0   CLK_LTIMEMULT
000003e8   CLK_MICROSECS
00000001   CLK_POWERENABLE
00005dc0   CLK_PRD
00000000   CLK_PRDHIGH
01c20000   CLK_REGS
00000001   CLK_RESETTIMER
11814588   CLK_R_time
00000020   CLK_TCR
00000000   CLK_TDDR
00000000   CLK_TDDRHIGH
1180c040   CLK_TIMEFXN
00000000   CLK_TIMERNUM
00000005   CLK_TIMMODE
00000001   CLK_USETIMER
11812ddc   CLK_null
ffffffff   DDR
00000000   DEV$
00000000   DGN$
00000000   DHL$
00000000   DHL_gChannelsAvailable
00000000   DIO$
00000000   DIO_NUMSWIBASE
00000000   DIO_NUMTSKBASE
00000000   DIO_STATIC
00000000   DPI$
00000000   ECM$
00000000   ECM_ENABLE
ffffffff   ECM_EVTMASK0
ffffffff   ECM_EVTMASK1
ffffffff   ECM_EVTMASK2
ffffffff   ECM_EVTMASK3
0000000a   EVENT10
00000064   EVENT100
00000065   EVENT101
00000066   EVENT102
00000067   EVENT103
00000068   EVENT104
00000069   EVENT105
0000006a   EVENT106
0000006b   EVENT107
0000006c   EVENT108
0000006d   EVENT109
0000000b   EVENT11
0000006e   EVENT110
0000006f   EVENT111
00000070   EVENT112
00000071   EVENT113
00000072   EVENT114
00000073   EVENT115
00000074   EVENT116
00000075   EVENT117
00000076   EVENT118
00000077   EVENT119
0000000c   EVENT12
00000078   EVENT120
00000079   EVENT121
0000007a   EVENT122
0000007b   EVENT123
0000007c   EVENT124
0000007d   EVENT125
0000007e   EVENT126
0000007f   EVENT127
0000000d   EVENT13
0000000e   EVENT14
0000000f   EVENT15
00000010   EVENT16
00000011   EVENT17
00000012   EVENT18
00000013   EVENT19
00000014   EVENT20
00000015   EVENT21
00000016   EVENT22
00000017   EVENT23
00000018   EVENT24
00000019   EVENT25
0000001a   EVENT26
0000001b   EVENT27
0000001c   EVENT28
0000001d   EVENT29
0000001e   EVENT30
0000001f   EVENT31
00000020   EVENT32
00000021   EVENT33
00000022   EVENT34
00000023   EVENT35
00000024   EVENT36
00000025   EVENT37
00000026   EVENT38
00000027   EVENT39
00000004   EVENT4
00000028   EVENT40
00000029   EVENT41
0000002a   EVENT42
0000002b   EVENT43
0000002c   EVENT44
0000002d   EVENT45
0000002e   EVENT46
0000002f   EVENT47
00000030   EVENT48
00000031   EVENT49
00000005   EVENT5
00000032   EVENT50
00000033   EVENT51
00000034   EVENT52
00000035   EVENT53
00000036   EVENT54
00000037   EVENT55
00000038   EVENT56
00000039   EVENT57
0000003a   EVENT58
0000003b   EVENT59
00000006   EVENT6
0000003c   EVENT60
0000003d   EVENT61
0000003e   EVENT62
0000003f   EVENT63
00000040   EVENT64
00000041   EVENT65
00000042   EVENT66
00000043   EVENT67
00000044   EVENT68
00000045   EVENT69
00000007   EVENT7
00000046   EVENT70
00000047   EVENT71
00000048   EVENT72
00000049   EVENT73
0000004a   EVENT74
0000004b   EVENT75
0000004c   EVENT76
0000004d   EVENT77
0000004e   EVENT78
0000004f   EVENT79
00000008   EVENT8
00000050   EVENT80
00000051   EVENT81
00000052   EVENT82
00000053   EVENT83
00000054   EVENT84
00000055   EVENT85
00000056   EVENT86
00000057   EVENT87
00000058   EVENT88
00000059   EVENT89
00000009   EVENT9
0000005a   EVENT90
0000005b   EVENT91
0000005c   EVENT92
0000005d   EVENT93
0000005e   EVENT94
0000005f   EVENT95
00000060   EVENT96
00000061   EVENT97
00000062   EVENT98
00000063   EVENT99
1180bbe0   FXN_F_nop
1180bbe4   FXN_F_run
1180bc20   FXN_F_zero
00000001   GBL$
00005205   GBL_A_VERSION
00000000   GBL_BCACHEREADADDR0
00000000   GBL_BCACHEREADADDR1
00000000   GBL_BCACHEREADADDR2
00000000   GBL_BIGENDIAN
00000000   GBL_CACHE
00000000   GBL_CALLCSLCFGINIT
00004e20   GBL_CLKIN
00001a5b   GBL_CLKTYPE
00001a5c   GBL_DSPSUBTYPE
0000003e   GBL_DSPTYPE
00000001   GBL_ENABLEINST
00000000   GBL_ENABLE_SK
00000042   GBL_FOOTPRINT
000493e0   GBL_FREQ
00000000   GBL_GEMTRUECOMPEN
00000007   GBL_L1DMODE
00000007   GBL_L1PMODE
00000001   GBL_L2CONFIGURE
00000000   GBL_L2MAR0_31
00000001   GBL_L2MAR128_159
00000000   GBL_L2MAR160_191
ffffffff   GBL_L2MAR192_223
00000000   GBL_L2MAR224_255
00000000   GBL_L2MAR32_63
00000000   GBL_L2MAR64_95
00000000   GBL_L2MAR96_127
00000000   GBL_L2MODE
00000000   GBL_NULL
00000000   GBL_PROCID
00000000   GBL_ROM
00000000   GBL_SUPPORTCSL
0000dbef   GBL_TRCMASKVALUE
00000000   GBL_USERINIT
1180bf80   GBL_USERINITFXN
00000001   GBL_boot
11814e08   GBL_initdone
11814070   GBL_stackbeg
1181446f   GBL_stackend
00000000   GIO$
1180bf80   GIO_CREATEFXN
1180bf80   GIO_DELETEFXN
1180bf80   GIO_PENDFXN
1180bf80   GIO_POSTFXN
00000000   HOOK$
00000000   HOOK_KNLID
00000001   HST$
11814b64   HST_A_TABBEG
11814ba0   HST_A_TABEND
00000000   HST_DSM
1181472c   HST_DSMBUFSEG
00000400   HST_DSMMEMSIZE
11814604   HST_D_chanmask
11814608   HST_D_tabbeg
1181460c   HST_D_tabend
000000ff   HST_MAXFRAMEALLOWED
00000040   HST_MAXFRAMESET
00000000   HST_NONE
00000001   HST_RTDX
00000001   HWI$
11814c00   HWI_A_VECS
00005828   HWI_CFGDISPATCHED
11814778   HWI_D_bss
1181477c   HWI_D_ccmask
11814768   HWI_D_spsave
00000001   HWI_ENABLE_EXC
118088c0   HWI_F_dispatch
00000000   HWI_GENERATE_RESET_VEC
0000000a   HWI_INT10
00000000   HWI_INT10$hwi
0000000b   HWI_INT11
00000000   HWI_INT11$hwi
0000000c   HWI_INT12
00000000   HWI_INT12$hwi
0000000d   HWI_INT13
00000000   HWI_INT13$hwi
0000000e   HWI_INT14
00000000   HWI_INT14$hwi
0000000f   HWI_INT15
00000000   HWI_INT15$hwi
00000004   HWI_INT4
00000000   HWI_INT4$hwi
00000005   HWI_INT5
00000000   HWI_INT5$hwi
00000006   HWI_INT6
00000000   HWI_INT6$hwi
00000007   HWI_INT7
00000000   HWI_INT7$hwi
00000008   HWI_INT8
00000000   HWI_INT8$hwi
00000009   HWI_INT9
00000000   HWI_INT9$hwi
07063d04   HWI_INTRMUX1
0b0a0908   HWI_INTRMUX2
28040d0c   HWI_INTRMUX3
00000001   HWI_NMI
00000000   HWI_NMI$hwi
00000000   HWI_POLARITYMASK
00000002   HWI_RESERVED0
00000000   HWI_RESERVED0$hwi
00000003   HWI_RESERVED1
00000000   HWI_RESERVED1$hwi
00000000   HWI_RESET
00000000   HWI_RESET$hwi
00000000   HWI_ZEROTAB
00000001   IDL$
11814bd0   IDL_A_CALBEG
11814bc0   IDL_A_TABBEG
00000006   IDL_CALIBRERROR
1180be80   IDL_CALIBRFXN
118147f4   IDL_D_busyObj
11814578   IDL_D_calbeg
11814574   IDL_D_calibrate
11814570   IDL_D_tabbeg
11814bcc   IDL_END
11814bdc   IDL_END$
1180bca0   IDL_F_busy
1180bb00   IDL_F_calibrate
1180bfc0   IDL_F_loop
1180be80   IDL_F_stub
00000001   IDL_USECLKIDLTIME
11814ac8   IDL_busyObj
11813cde   IDL_busyObj$avgfmt
00000001   IDL_busyObj$filter
00000001   IDL_busyObj$iA
00000000   IDL_busyObj$iB
00000001   IDL_busyObj$iC
11813cd8   IDL_busyObj$maxfmt
00000000   IDL_busyObj$operation
11814ac4   IDL_busyObj$stsobj
11813cdb   IDL_busyObj$sumfmt
00000002   IDL_busyObj$unittype
11814bc0   IDL_cpuLoad
11814bd0   IDL_cpuLoad$
1181472c   IRAM
1180c060   IRAM$B
00002000   IRAM$L
00000001   ISRC$
1180aed8   KNL_glue
11814a58   KNL_swi
00000001   KNL_swi$dorta
00000002   KNL_swi$ord
00000000   KNL_swi$pri
11814aa8   KNL_swi$sts
11813cb4   KNL_swi$sts$avgfmt
00000002   KNL_swi$sts$filter
00000001   KNL_swi$sts$filtmaxmult
00000001   KNL_swi$sts$filtsummult
11813ca4   KNL_swi$sts$maxfmt
11814aa4   KNL_swi$sts$stsobj
11813cac   KNL_swi$sts$sumfmt
00000000   KNL_swi$sts$unittype
00000000   KNL_swi$swi
ffffffff   L3_CBA_RAM
00000001   LCK$
11807d80   LNK_F_checkBufferCall
11807e00   LNK_F_dataPump
11807da0   LNK_F_getChanPtr
11807df8   LNK_F_init
11808308   LNK_F_readCallBack
11814bc4   LNK_dataPump
11814bd4   LNK_dataPump$
11814784   LNK_dspFrameReadyMask
11814780   LNK_dspFrameRequestMask
11808080   LNK_newin
118081b4   LNK_newout
11807e10   LNK_rcloop
11807ed4   LNK_rdrtry
1181478c   LNK_readDone
11814790   LNK_readFail
11814788   LNK_readPend
11807ee4   LNK_rrloop
11814794   LNK_writeFail
11807fb0   LNK_wrloop
11807fa4   LNK_wrrtry
00000001   LOG$
1180f7d0   LOG_A_TABBEG
1180f800   LOG_A_TABEND
00000002   LOG_A_TABLEN
1181457c   LOG_D_system
00000001   LOG_ENABLED
1180ba80   LOG_F_event
1180f7d0   LOG_system
1180f800   LOG_system$buf
00000000   LOG_system$datatype
00000000   LOG_system$log
00000200   LOG_system$size
00000000   MBX$
00000001   MEM$
1181472c   MEM_MALLOCSEG
00000000   MEM_NULL
1181472c   MEM_SEGZERO
00000000   MEM_USEMPC
00000001   MEM_gNumHeap
00000000   MSGQ$
00000000   MSGQ_USEMSGQ
00000000   OBJ$
00000000   PIP$
11814904   PIP_A_TABBEG
118149cc   PIP_A_TABEND
00000002   PIP_A_TABLEN
11814580   PIP_D_tabbeg
11814584   PIP_D_tablen
1180a558   PIP_F_give
1180a558   PIP_F_probe
1180a628   PIP_F_start
1180a4e0   PIP_F_take
00000064   PIP_OBJSIZE
00000000   PIP_gNextId
00000002   PIP_gNumEmbed
00000000   POOL$
00000000   POOL_USEPOOL
00000001   PRD$
11814ba0   PRD0
11814bbc   PRD0$aaa
00000000   PRD0$mode
00000001   PRD0$ord
000001f4   PRD0$period
00000000   PRD0$prd
11814a88   PRD0$sts
11813c7f   PRD0$sts$avgfmt
00000000   PRD0$sts$filter
11813c6d   PRD0$sts$maxfmt
11814a84   PRD0$sts$stsobj
11813c76   PRD0$sts$sumfmt
00000002   PRD0$sts$unittype
11814ba0   PRD_A_TABBEG
11814bc0   PRD_A_TABEND
00000001   PRD_A_TABLEN
118145c0   PRD_D_cur
118145c4   PRD_D_elapsed
118145c8   PRD_D_prevtim
118145cc   PRD_D_scalar
118145d0   PRD_D_swihandle
118145d4   PRD_D_tabbeg
118145d8   PRD_D_tablen
118145dc   PRD_D_thook
118145bc   PRD_D_tick
11809260   PRD_F_swi
118094e4   PRD_F_tick
00000001   PRD_SCALAR
11814a2c   PRD_SWIHANDLE
1180a0f4   PRD_THOOKFXN
11812dd8   PRD_clock
11814a2c   PRD_swi
00000001   PRD_swi$dorta
00000001   PRD_swi$ord
00000001   PRD_swi$pri
11814a98   PRD_swi$sts
11813c9a   PRD_swi$sts$avgfmt
00000002   PRD_swi$sts$filter
00000001   PRD_swi$sts$filtmaxmult
00000001   PRD_swi$sts$filtsummult
11813c8a   PRD_swi$sts$maxfmt
11814a94   PRD_swi$sts$stsobj
11813c92   PRD_swi$sts$sumfmt
00000000   PRD_swi$sts$unittype
00000000   PRD_swi$swi
00000001   PWRM$
00000030   PWRM_PWRM_CAPSMASK
0000000a   PWRM_PWRM_CLKTICKSPERSLOT
00000000   PWRM_PWRM_ENABLE
00000002   PWRM_PWRM_INITSPCPU
00000000   PWRM_PWRM_INITSPPER
00000000   PWRM_PWRM_LOADENABLE
00000001   PWRM_PWRM_NUMSLOTS
00000000   PWRM_PWRM_RESOURCETRACKING
00000000   PWRM_PWRM_SCALING
1180bf80   PWRM_PWRM_SHAREDRESOURCEFXN
1180bf80   PWRM_PWRM_SLOTHOOKFXN
00000000   PWRM_PWRM_TIMERIDNUM
00000000   PWRM_PWRM_TIMERINTRMASK
00000000   PWRM_PWRM_TIMERWUGENMASK
00000000   PWRM_PWRM_USERRESOURCES
00000000   PWRM_PWRM_USETIMER
00000001   QUE$
118145e0   RTA_D_fromHost
118145e8   RTA_D_logval
118145f8   RTA_D_stsval
118145e4   RTA_D_toHost
1180bec0   RTA_F_andn
11809940   RTA_F_dispatch
11809860   RTA_F_getlog
11809898   RTA_F_getsts
1180bed8   RTA_F_or
118098d8   RTA_F_readblk
11809900   RTA_F_resetmem
118098f4   RTA_F_writeword
11814bc8   RTA_dispatcher
11814bd8   RTA_dispatcher$
1180998c   RTA_execute
11814b68   RTA_fromHost
11812dc8   RTA_fromHost$buf
00000004   RTA_fromHost$framesize
00000000   RTA_fromHost$hst
00000001   RTA_fromHost$id
00000000   RTA_fromHost$mode
11814904   RTA_fromHost$pipe
11814934   RTA_fromHost$pipe$aaa
11814964   RTA_fromHost$pipe$bbb
11814730   RTA_fromHost$pipe$dtab
11814908   RTA_fromHost$pipe$rd
11814938   RTA_fromHost$pipe$wr
11814b70   RTA_fromHost$rtdx
11814b84   RTA_toHost
11814804   RTA_toHost$buf
00000040   RTA_toHost$framesize
00000000   RTA_toHost$hst
00000000   RTA_toHost$id
00000001   RTA_toHost$mode
11814968   RTA_toHost$pipe
11814998   RTA_toHost$pipe$aaa
118149c8   RTA_toHost$pipe$bbb
1181473c   RTA_toHost$pipe$dtab
1181496c   RTA_toHost$pipe$rd
1181499c   RTA_toHost$pipe$wr
11814b8c   RTA_toHost$rtdx
00000001   RTDX$
00000408   RTDX_BUFMEMSIZE
1181472c   RTDX_DATAMEMSEG
00000000   RTDX_MODE
00000001   RTDX_NORMALIZED_HDR
00000001   RTDX_USERTDX
00000000   RTDX_USERTEXECUTION
00000000   SEM$
00000000   SIO$
00000001   STS$
11814a84   STS_A_TABBEG
11814ad4   STS_A_TABEND
1180bd8c   STS_F_add
1180bd60   STS_F_delta
1180bda8   STS_F_reset
00000001   SWI$
11814a2c   SWI_A_TABBEG
11814a84   SWI_A_TABEND
00000002   SWI_A_TABLEN
11814654   SWI_D_curfxn
11814644   SWI_D_curmask
11814650   SWI_D_curmbox
11814648   SWI_D_curset
11814640   SWI_D_execaddr
1181465c   SWI_D_inswi
1181464c   SWI_D_lock
11814658   SWI_D_rdybeg
11814660   SWI_D_rdytab
1181463c   SWI_D_runaddr
00000000   SWI_EHOOKFXN
11808f84   SWI_EXECFXN
11808da0   SWI_F_enable
11808f84   SWI_F_exec
11808fac   SWI_F_iexec
11808e10   SWI_F_post
1180902c   SWI_F_run
00000000   SWI_IHOOKFXN
1180902c   SWI_RUNFXN
00000001   SYS$
11814be0   SYS$config
1180bf00   SYS_ABORTFXN
1180c000   SYS_ERRORFXN
1180c020   SYS_EXITFXN
1180bf40   SYS_PUTCFXN
11814e04   TRC_R_mask
11814e00   TRC_cinit
00000001   TSK$
00000000   TSK_NUM_HOOKS
00000001   TSK_PRIORITY
00000000   TSK_READYFXN
00000000   TSK_STACKSEG
00000400   TSK_STACKSIZE
00000000   TSK_SWITCHFXN
1180bf80   TSK_VCREATEFXN
1180bf80   TSK_VDELETEFXN
1180bf80   TSK_VEXITFXN
118149d8   TSK_idle
00000000   TSK_idle$ord
00000000   TSK_idle$pri
11813c70   TSK_idle$stack
11814008   TSK_idle$stkptr
11814ab8   TSK_idle$sts
11813cce   TSK_idle$sts$avgfmt
00000002   TSK_idle$sts$filter
00000001   TSK_idle$sts$filtmaxmult
00000001   TSK_idle$sts$filtsummult
11813cbe   TSK_idle$sts$maxfmt
11814ab4   TSK_idle$sts$stsobj
11813cc6   TSK_idle$sts$sumfmt
00000000   TSK_idle$sts$unittype
00000000   TSK_idle$tsk
00000000   UDEV$
11801a64   _AIC3106_Init
11801b18   _AIC3106_readRegister
11801b84   _AIC3106_writeRegister
1180bf80   _BCACHE_bootInit
1180b294   _BCACHE_getMar
1180b244   _BCACHE_getSize
1180b214   _BCACHE_setCacheToSram
1180b1c4   _BCACHE_setMar
1180b180   _BCACHE_setSize
11812de0   _BIOS_init
11813010   _BIOS_start
ffffffff   _CACHE_L1D
ffffffff   _CACHE_L1P
000493e0   _CLK_COUNTSPMS
118147e0   _CLK_DFLTMICROSECS
118145b8   _CLK_D_countspms
118145ac   _CLK_D_dirty
118147e4   _CLK_D_microseconds
118145b0   _CLK_D_prd
118145b4   _CLK_D_tddr
1180ad30   _CLK_F_itime
00005dc0   _CLK_PRD
01c20000   _CLK_REGS
00000000   _CLK_TDDR
00000000   _CLK_TIMERNUM
00000001   _CLK_USETIMER
1180c040   _CLK_gethtime
1181459c   _CLK_htimeDiv
118145a0   _CLK_htimeMult
118147f0   _CLK_htimePerLtime
11812584   _CLK_inputClock
1180ad30   _CLK_itime
118145a4   _CLK_ltimeDiv
118145a8   _CLK_ltimeMult
1180be20   _CLK_measure
ffffffff   _DDR
11805bc4   _DIP_get
11805c28   _DIP_getAll
11805ba0   _DIP_init
0000000a   _EVENT10
00000064   _EVENT100
00000065   _EVENT101
00000066   _EVENT102
00000067   _EVENT103
00000068   _EVENT104
00000069   _EVENT105
0000006a   _EVENT106
0000006b   _EVENT107
0000006c   _EVENT108
0000006d   _EVENT109
0000000b   _EVENT11
0000006e   _EVENT110
0000006f   _EVENT111
00000070   _EVENT112
00000071   _EVENT113
00000072   _EVENT114
00000073   _EVENT115
00000074   _EVENT116
00000075   _EVENT117
00000076   _EVENT118
00000077   _EVENT119
0000000c   _EVENT12
00000078   _EVENT120
00000079   _EVENT121
0000007a   _EVENT122
0000007b   _EVENT123
0000007c   _EVENT124
0000007d   _EVENT125
0000007e   _EVENT126
0000007f   _EVENT127
0000000d   _EVENT13
0000000e   _EVENT14
0000000f   _EVENT15
00000010   _EVENT16
00000011   _EVENT17
00000012   _EVENT18
00000013   _EVENT19
00000014   _EVENT20
00000015   _EVENT21
00000016   _EVENT22
00000017   _EVENT23
00000018   _EVENT24
00000019   _EVENT25
0000001a   _EVENT26
0000001b   _EVENT27
0000001c   _EVENT28
0000001d   _EVENT29
0000001e   _EVENT30
0000001f   _EVENT31
00000020   _EVENT32
00000021   _EVENT33
00000022   _EVENT34
00000023   _EVENT35
00000024   _EVENT36
00000025   _EVENT37
00000026   _EVENT38
00000027   _EVENT39
00000004   _EVENT4
00000028   _EVENT40
00000029   _EVENT41
0000002a   _EVENT42
0000002b   _EVENT43
0000002c   _EVENT44
0000002d   _EVENT45
0000002e   _EVENT46
0000002f   _EVENT47
00000030   _EVENT48
00000031   _EVENT49
00000005   _EVENT5
00000032   _EVENT50
00000033   _EVENT51
00000034   _EVENT52
00000035   _EVENT53
00000036   _EVENT54
00000037   _EVENT55
00000038   _EVENT56
00000039   _EVENT57
0000003a   _EVENT58
0000003b   _EVENT59
00000006   _EVENT6
0000003c   _EVENT60
0000003d   _EVENT61
0000003e   _EVENT62
0000003f   _EVENT63
00000040   _EVENT64
00000041   _EVENT65
00000042   _EVENT66
00000043   _EVENT67
00000044   _EVENT68
00000045   _EVENT69
00000007   _EVENT7
00000046   _EVENT70
00000047   _EVENT71
00000048   _EVENT72
00000049   _EVENT73
0000004a   _EVENT74
0000004b   _EVENT75
0000004c   _EVENT76
0000004d   _EVENT77
0000004e   _EVENT78
0000004f   _EVENT79
00000008   _EVENT8
00000050   _EVENT80
00000051   _EVENT81
00000052   _EVENT82
00000053   _EVENT83
00000054   _EVENT84
00000055   _EVENT85
00000056   _EVENT86
00000057   _EVENT87
00000058   _EVENT88
00000059   _EVENT89
00000009   _EVENT9
0000005a   _EVENT90
0000005b   _EVENT91
0000005c   _EVENT92
0000005d   _EVENT93
0000005e   _EVENT94
0000005f   _EVENT95
00000060   _EVENT96
00000061   _EVENT97
00000062   _EVENT98
00000063   _EVENT99
118001e8   _EVMC6748_enableDsp
11800000   _EVMC6748_init
1180002c   _EVMC6748_initRAM
118002b0   _EVMC6748_lpscTransition
11800214   _EVMC6748_pinmuxConfig
11808890   _EXC_clearLastStatus
1180a300   _EXC_dispatch
118086b4   _EXC_exceptionHandler
11814798   _EXC_exceptionHook
11808680   _EXC_external
118147a0   _EXC_externalHook
11808660   _EXC_getLastStatus
11808620   _EXC_init
11808374   _EXC_internal
1181479c   _EXC_internalHook
11808340   _EXC_nmi
118147a4   _EXC_nmiHook
11814750   _EXC_returnPtr
1180a4c4   _EXC_setReturnPtr
11812d70   _EXC_status
11814748   _EXC_sysTrapTable
1180bf80   _FXN_F_nop
1180bbe4   _FXN_F_run
1180bc20   _FXN_F_zero
00000000   _GBL_CACHE
1180b328   _GBL_cacheInit64P
11814614   _GBL_clkIn
11814618   _GBL_freq
1180bfa0   _GBL_getVersion
11814610   _GBL_procId
118033f8   _GPIO_getInput
11803380   _GPIO_setDir
1180346c   _GPIO_setOutput
118034ec   _GPIO_toggleLoop
11807120   _HOSTclose
118062e0   _HOSTlseek
118065e0   _HOSTopen
118066c0   _HOSTread
11805a20   _HOSTrename
11806b20   _HOSTunlink
11806be0   _HOSTwrite
11811000   _HSRTDX_rec
11811760   _HSRTDX_xmt
11814b64   _HST_A_TABBEG
11814ba0   _HST_A_TABEND
00005828   _HWI_CFGDISPATCHED
11814774   _HWI_D_inhwi
11814768   _HWI_D_spsave
118088c0   _HWI_F_dispatch
0000000a   _HWI_INT10
0000000b   _HWI_INT11
0000000c   _HWI_INT12
0000000d   _HWI_INT13
0000000e   _HWI_INT14
0000000f   _HWI_INT15
00000004   _HWI_INT4
00000005   _HWI_INT5
00000006   _HWI_INT6
00000007   _HWI_INT7
00000008   _HWI_INT8
00000009   _HWI_INT9
00000001   _HWI_NMI
00000002   _HWI_RESERVED0
00000003   _HWI_RESERVED1
00000000   _HWI_RESET
11814468   _HWI_STKBOTTOM
11814070   _HWI_STKTOP
11814768   _HWI_data
1180bc40   _HWI_disable
11814470   _HWI_dispatchTab
1180bc58   _HWI_enable
1180bc6c   _HWI_restore
11802794   _I2CGPIO_getInput
118028b0   _I2CGPIO_getInputAll
118026c0   _I2CGPIO_init
118029c0   _I2CGPIO_setOutput
11802b08   _I2CGPIO_setOutputAll
11803700   _I2C_init
118037ec   _I2C_read
11803948   _I2C_write
11814ac8   _IDL_busyObj
11814bc0   _IDL_cpuLoad
1180bfc0   _IDL_loop
1181472c   _IRAM
1180c060   _IRAM_base
00002000   _IRAM_length
118146e0   _KNL_alarm
1180b3e0   _KNL_check
11814704   _KNL_curqueue
118146f4   _KNL_curtask
118146fc   _KNL_curtime
11812bf8   _KNL_dummy
1180b740   _KNL_enter
1180b700   _KNL_exit
1180b4a8   _KNL_idle
1181471c   _KNL_idlefxn
118146e8   _KNL_inactive
1180b900   _KNL_ipost
1180b4d0   _KNL_max
11814708   _KNL_maxqueue
1180b980   _KNL_post
118146f8   _KNL_prevtask
118146ec   _KNL_priority
11812b58   _KNL_queues
11809ae0   _KNL_run
1180ad80   _KNL_saveIsrFrame
118146f0   _KNL_set
118146e4   _KNL_setpri
11814a58   _KNL_swi
11814700   _KNL_swiptr
1180ae2c   _KNL_switch
11814710   _KNL_tcreatefxn
11814714   _KNL_tdeletefxn
1180a0f4   _KNL_tick
11814718   _KNL_treadyfxn
1181470c   _KNL_tswitchfxn
118146d8   _KNL_wFlag
118146dc   _KNL_wList
ffffffff   _L3_CBA_RAM
1180ba20   _LCK_pend
1180ba00   _LCK_post
118054e0   _LED_init
1180552c   _LED_isOn
1180562c   _LED_toggle
118055e4   _LED_turnOff
11805594   _LED_turnOn
11814bc4   _LNK_dataPump
11814784   _LNK_dspFrameReadyMask
11814780   _LNK_dspFrameRequestMask
1181478c   _LNK_readDone
11814790   _LNK_readFail
11814788   _LNK_readPend
11814794   _LNK_writeFail
1180f7d0   _LOG_A_TABBEG
1180f800   _LOG_A_TABEND
00000002   _LOG_A_TABLEN
1181457c   _LOG_D_system
1180ba80   _LOG_event
1180f7d0   _LOG_system
118147f8   _MEM
1181461c   _MEM_D_NUMSEGMENTS
11814624   _MEM_D_freelist
11814628   _MEM_D_lockaddr
11814620   _MEM_D_memtab
1181462c   _MEM_D_unlockaddr
11809d20   _MEM_alloc
1180a120   _MEM_free
11813220   _MEM_init
11814720   _MEM_memtab
118017cc   _McASP_Init
118018f4   _McASP_Start
11812cc8   _OBJ_segtab
11812c90   _OBJ_table
11814904   _PIP_A_TABBEG
118149cc   _PIP_A_TABEND
11814ba0   _PRD0
118145bc   _PRD_D_tick
11812dd8   _PRD_clock
11814a2c   _PRD_swi
11814bc8   _RTA_dispatcher
11814b68   _RTA_fromHost
11814b84   _RTA_toHost
118133c0   _RTDX_Buffer
118137cc   _RTDX_Buffer_End
11811de0   _RTDX_Buffer_Initialize
11811f60   _RTDX_Buffer_Read
11811ea0   _RTDX_Buffer_ReadCB
11811ee0   _RTDX_Buffer_Size
118137c8   _RTDX_Buffer_Start
11811f80   _RTDX_Buffer_Write
118112a0   _RTDX_Buffer_WriteCB
11811d60   _RTDX_Final_RT_Monitor
11811e40   _RTDX_Init_RT_Monitor
00000002   _RTDX_JTAGONLY
11811fa0   _RTDX_Mask_IER
11811a60   _RTDX_Mon_Queue
11811cc0   _RTDX_Poll
00000000   _RTDX_interrupt_mask
11811f20   _RTDX_memfill
11813820   _RTDX_writing
1181472c   _SEG0
1180bd00   _SEM_pend
1180a6c0   _SEM_pendEnterKnl
1180b620   _SEM_post
1180b620   _SEM_postBinary
1180b7c0   _SEM_postEnterKnl
11814a84   _STS_A_TABBEG
11814ad4   _STS_A_TABEND
1180bd8c   _STS_add
1180bd60   _STS_delta
1180bda8   _STS_reset
1180bfe0   _STS_set
11814654   _SWI_D_curfxn
11814644   _SWI_D_curmask
11814648   _SWI_D_curset
11814640   _SWI_D_execaddr
1181465c   _SWI_D_inswi
1181464c   _SWI_D_lock
11814658   _SWI_D_rdybeg
1181463c   _SWI_D_runaddr
1181463c   _SWI_data
11808e10   _SWI_post
11814630   _SYS
1180f4ac   _SYS_PUTCBEG
1180f6ab   _SYS_PUTCEND
1180bdc0   _SYS_abort
1180bb80   _SYS_error
1180b860   _SYS_exit
11812d38   _SYS_exitStack
118147e8   _SYS_exitStackPtr
118147ec   _SYS_exitStackTop
11801c44   _SetGpio
11814e04   _TRC_R_mask
118147d0   _TSK
11812c30   _TSK_ATTRS
11812c4c   _TSK_config
1180b040   _TSK_exit
118149d8   _TSK_idle
118132e0   _TSK_init
118147c8   _TSK_nTasks
118147cc   _TSK_pid
1180aa40   _TSK_setup
1180b5a4   _TSK_startup
11812c6c   _TSK_timerSem
11801bb8   _USTIMER_delay
11800c00   _UTIL_isUIBoardAttached
11800aa8   _UTIL_printMem
1180bf00   _UTL_doAbort
1180c000   _UTL_doError
1180bf40   _UTL_doPutc
1180c020   _UTL_halt
1180f6b0   __CIOBUF_
1180ad50   __CLK_lat1beg
1180ad70   __CLK_lat1end
11814638   __HOOK_NUMHOOKS
11814634   __HOOK_knlId
118088c0   __HWI_lat1beg
11808a48   __HWI_lat1end
11808a48   __HWI_lat2beg
11808c24   __HWI_lat2end1
11808bb0   __HWI_lat2end2
11808c40   __HWI_lat3beg
11808be0   __HWI_lat3end2
1180bca0   __IDL_lat1beg
1180bce0   __IDL_lat1end
1180b42c   __KNL_lat1beg
1180b4a8   __KNL_lat1end
1180ba80   __LOG_lat1beg
11812d0c   __MEM_mutex
11809900   __RTA_lat1beg
11809934   __RTA_lat1end
1180a8a0   __SEM_dopost
11814470   __STACK_END
00000400   __STACK_SIZE
11808f18   __SWI_lat1beg
11808fc4   __SWI_lat1end
11808fc8   __SWI_lat2beg
11809028   __SWI_lat2end
11808da0   __SWI_lat3beg
11808e0c   __SWI_lat3end
11812ce4   __TSK_mutex
11812db4   ___TI_enable_exit_profile_output
ffffffff   ___TI_pprof_out_hndl
ffffffff   ___TI_prof_data_size
ffffffff   ___TI_prof_data_start
11807b20   ___add_dtor
118128b0   ___atexit_func_id__
ffffffff   ___binit__
11814470   ___bss__
ffffffff   ___c_args__
1180e060   ___cinit__
11800000   ___data__
11800000   ___edata__
11814804   ___end__
11807d80   ___etext__
11807b60   ___isinf
11814bf0   ___pinit__
11800000   ___text__
1180af00   __auto_init
11806d60   __c6xabi_divu
118071c0   __cleanup
11812dac   __cleanup_ptr
11805f80   __closefile
118139d0   __ctypes_
11800c20   __divd
11807260   __divli
11806d60   __divu
11805880   __divul
118045a0   __divull
11806e20   __doflush
11812db0   __dtors_ptr
11807440   __fixdli
11807800   __fltlid
11807be0   __frcmpyd_div
118128a8   __ft_end
11812588   __ftable
11807880   __llshl
11807c20   __llshru
11812db8   __lock
11807ca0   __negll
11807cc0   __nop
11802ba0   __printfi
11807d20   __register_lock
11807d40   __register_unlock
11807c60   __remli
11814070   __stack
11807a00   __subcull
11812768   __tmpnams
11812dbc   __unlock
118063e0   __wrt_ok
11812190   _aHigh
11812130   _aLow
11812150   _aMid
11812170   _aPres
11806ee0   _atexit
118067a0   _atoi
118022e4   _audioHWI
118121a0   _bHigh
11812140   _bLow
11812160   _bMid
11812180   _bPres
11811fc0   _b_fir
11813ad8   _bitval_u32
11812318   _buffer
11813160   _c_int00
118120c0   _cab
118064e0   _call_dtors
1180980c   _calloc
11806880   _close
11800688   _config_pll0
118008c4   _config_pll1
118021e0   _dipPRD
118147db   _dist
11812b54   _dtors
118147d6   _eqBypass
11812238   _eqSignal
118122a8   _fftSignal
11804ec0   _fputc
11802fe0   _fputs
118095e0   _free
118061c0   _fseek
11812514   _high
118147da   _highCut
11801764   _initAll
118123c4   _low
118147d7   _lowCut
11807620   _lseek
11806fa0   _ltoa
118021a0   _main
11809604   _malloc
118147d4   _mask
11809748   _memalign
11807a60   _memccpy
118076c0   _memcpy
11806960   _memset
11812434   _mid
118147d8   _midCut
118124a4   _pres
118147d9   _presCut
11806a40   _printf
11804ec0   _putc
11801740   _read_audio_sample
11807900   _readmsg
11809664   _realloc
11807d60   _remove
118147b0   _rtdxNullChanCnt
118147b4   _rtdxNullFuncCnt
118147bc   _rtdxRecNotDoneCnt
118147c4   _rtdxXmtErrorCnt
118147b8   _rtdxXmtNotDoneCnt
118147c0   _rtdxXmtRestartCnt
11813814   _rtdx_buffer_state
118137d0   _rtdx_mon_state
118052e0   _setvbuf
118121b0   _sine
1180f7e8   _trace
11807980   _unlink
118123b8   _wHigh
11812388   _wLow
11812398   _wMid
118123a8   _wPres
11807760   _write
118147dc   _writeIndex
11801750   _write_audio_sample
11807ac0   _writemsg
ffffffff   binit
1180e060   cinit
11800000   edata
11814804   end
11807d80   etext
11814c00   hwi0
11814c20   hwi1
11814d40   hwi10
11814d60   hwi11
11814d80   hwi12
11814da0   hwi13
11814dc0   hwi14
11814de0   hwi15
11814c40   hwi2
11814c60   hwi3
11814c80   hwi4
11814ca0   hwi5
11814cc0   hwi6
11814ce0   hwi7
11814d00   hwi8
11814d20   hwi9
11814bf0   pinit
1180f7e8   trace
11810000   trace$buf
00000001   trace$datatype
00000000   trace$log
00000400   trace$size


GLOBAL SYMBOLS: SORTED BY Symbol Address 

address    name
--------   ----
00000000   BUF$
00000000   CLK_PRDHIGH
00000000   CLK_TDDR
00000000   CLK_TDDRHIGH
00000000   CLK_TIMERNUM
00000000   DEV$
00000000   DGN$
00000000   DHL$
00000000   DHL_gChannelsAvailable
00000000   DIO$
00000000   DIO_NUMSWIBASE
00000000   DIO_NUMTSKBASE
00000000   DIO_STATIC
00000000   DPI$
00000000   ECM$
00000000   ECM_ENABLE
00000000   GBL_BCACHEREADADDR0
00000000   GBL_BCACHEREADADDR1
00000000   GBL_BCACHEREADADDR2
00000000   GBL_BIGENDIAN
00000000   GBL_CACHE
00000000   GBL_CALLCSLCFGINIT
00000000   GBL_ENABLE_SK
00000000   GBL_GEMTRUECOMPEN
00000000   GBL_L2MAR0_31
00000000   GBL_L2MAR160_191
00000000   GBL_L2MAR224_255
00000000   GBL_L2MAR32_63
00000000   GBL_L2MAR64_95
00000000   GBL_L2MAR96_127
00000000   GBL_L2MODE
00000000   GBL_NULL
00000000   GBL_PROCID
00000000   GBL_ROM
00000000   GBL_SUPPORTCSL
00000000   GBL_USERINIT
00000000   GIO$
00000000   HOOK$
00000000   HOOK_KNLID
00000000   HST_DSM
00000000   HST_NONE
00000000   HWI_GENERATE_RESET_VEC
00000000   HWI_INT10$hwi
00000000   HWI_INT11$hwi
00000000   HWI_INT12$hwi
00000000   HWI_INT13$hwi
00000000   HWI_INT14$hwi
00000000   HWI_INT15$hwi
00000000   HWI_INT4$hwi
00000000   HWI_INT5$hwi
00000000   HWI_INT6$hwi
00000000   HWI_INT7$hwi
00000000   HWI_INT8$hwi
00000000   HWI_INT9$hwi
00000000   HWI_NMI$hwi
00000000   HWI_POLARITYMASK
00000000   HWI_RESERVED0$hwi
00000000   HWI_RESERVED1$hwi
00000000   HWI_RESET
00000000   HWI_RESET$hwi
00000000   HWI_ZEROTAB
00000000   IDL_busyObj$iB
00000000   IDL_busyObj$operation
00000000   KNL_swi$pri
00000000   KNL_swi$sts$unittype
00000000   KNL_swi$swi
00000000   LOG_system$datatype
00000000   LOG_system$log
00000000   MBX$
00000000   MEM_NULL
00000000   MEM_USEMPC
00000000   MSGQ$
00000000   MSGQ_USEMSGQ
00000000   OBJ$
00000000   PIP$
00000000   PIP_gNextId
00000000   POOL$
00000000   POOL_USEPOOL
00000000   PRD0$mode
00000000   PRD0$prd
00000000   PRD0$sts$filter
00000000   PRD_swi$sts$unittype
00000000   PRD_swi$swi
00000000   PWRM_PWRM_ENABLE
00000000   PWRM_PWRM_INITSPPER
00000000   PWRM_PWRM_LOADENABLE
00000000   PWRM_PWRM_RESOURCETRACKING
00000000   PWRM_PWRM_SCALING
00000000   PWRM_PWRM_TIMERIDNUM
00000000   PWRM_PWRM_TIMERINTRMASK
00000000   PWRM_PWRM_TIMERWUGENMASK
00000000   PWRM_PWRM_USERRESOURCES
00000000   PWRM_PWRM_USETIMER
00000000   RTA_fromHost$hst
00000000   RTA_fromHost$mode
00000000   RTA_toHost$hst
00000000   RTA_toHost$id
00000000   RTDX_MODE
00000000   RTDX_USERTEXECUTION
00000000   SEM$
00000000   SIO$
00000000   SWI_EHOOKFXN
00000000   SWI_IHOOKFXN
00000000   TSK_NUM_HOOKS
00000000   TSK_READYFXN
00000000   TSK_STACKSEG
00000000   TSK_SWITCHFXN
00000000   TSK_idle$ord
00000000   TSK_idle$pri
00000000   TSK_idle$sts$unittype
00000000   TSK_idle$tsk
00000000   UDEV$
00000000   _CLK_TDDR
00000000   _CLK_TIMERNUM
00000000   _GBL_CACHE
00000000   _HWI_RESET
00000000   _RTDX_interrupt_mask
00000000   trace$log
00000001   BUF_ENABLED
00000001   CLK$
00000001   CLK_CALDIV
00000001   CLK_CALMULT
00000001   CLK_ENABLEHTIME
00000001   CLK_HTIMEDIV
00000001   CLK_HTIMEMULT
00000001   CLK_LTIMEDIV
00000001   CLK_POWERENABLE
00000001   CLK_RESETTIMER
00000001   CLK_USETIMER
00000001   GBL$
00000001   GBL_ENABLEINST
00000001   GBL_L2CONFIGURE
00000001   GBL_L2MAR128_159
00000001   GBL_boot
00000001   HST$
00000001   HST_RTDX
00000001   HWI$
00000001   HWI_ENABLE_EXC
00000001   HWI_NMI
00000001   IDL$
00000001   IDL_USECLKIDLTIME
00000001   IDL_busyObj$filter
00000001   IDL_busyObj$iA
00000001   IDL_busyObj$iC
00000001   ISRC$
00000001   KNL_swi$dorta
00000001   KNL_swi$sts$filtmaxmult
00000001   KNL_swi$sts$filtsummult
00000001   LCK$
00000001   LOG$
00000001   LOG_ENABLED
00000001   MEM$
00000001   MEM_gNumHeap
00000001   PRD$
00000001   PRD0$ord
00000001   PRD_A_TABLEN
00000001   PRD_SCALAR
00000001   PRD_swi$dorta
00000001   PRD_swi$ord
00000001   PRD_swi$pri
00000001   PRD_swi$sts$filtmaxmult
00000001   PRD_swi$sts$filtsummult
00000001   PWRM$
00000001   PWRM_PWRM_NUMSLOTS
00000001   QUE$
00000001   RTA_fromHost$id
00000001   RTA_toHost$mode
00000001   RTDX$
00000001   RTDX_NORMALIZED_HDR
00000001   RTDX_USERTDX
00000001   STS$
00000001   SWI$
00000001   SYS$
00000001   TSK$
00000001   TSK_PRIORITY
00000001   TSK_idle$sts$filtmaxmult
00000001   TSK_idle$sts$filtsummult
00000001   _CLK_USETIMER
00000001   _HWI_NMI
00000001   trace$datatype
00000002   HWI_RESERVED0
00000002   IDL_busyObj$unittype
00000002   KNL_swi$ord
00000002   KNL_swi$sts$filter
00000002   LOG_A_TABLEN
00000002   PIP_A_TABLEN
00000002   PIP_gNumEmbed
00000002   PRD0$sts$unittype
00000002   PRD_swi$sts$filter
00000002   PWRM_PWRM_INITSPCPU
00000002   SWI_A_TABLEN
00000002   TSK_idle$sts$filter
00000002   _HWI_RESERVED0
00000002   _LOG_A_TABLEN
00000002   _RTDX_JTAGONLY
00000003   HWI_RESERVED1
00000003   _HWI_RESERVED1
00000004   CLK_COUNTSPMSHIGH
00000004   EVENT4
00000004   HWI_INT4
00000004   RTA_fromHost$framesize
00000004   _EVENT4
00000004   _HWI_INT4
00000005   CLK_TIMMODE
00000005   EVENT5
00000005   HWI_INT5
00000005   _EVENT5
00000005   _HWI_INT5
00000006   EVENT6
00000006   HWI_INT6
00000006   IDL_CALIBRERROR
00000006   _EVENT6
00000006   _HWI_INT6
00000007   EVENT7
00000007   GBL_L1DMODE
00000007   GBL_L1PMODE
00000007   HWI_INT7
00000007   _EVENT7
00000007   _HWI_INT7
00000008   EVENT8
00000008   HWI_INT8
00000008   _EVENT8
00000008   _HWI_INT8
00000009   EVENT9
00000009   HWI_INT9
00000009   _EVENT9
00000009   _HWI_INT9
0000000a   EVENT10
0000000a   HWI_INT10
0000000a   PWRM_PWRM_CLKTICKSPERSLOT
0000000a   _EVENT10
0000000a   _HWI_INT10
0000000b   EVENT11
0000000b   HWI_INT11
0000000b   _EVENT11
0000000b   _HWI_INT11
0000000c   EVENT12
0000000c   HWI_INT12
0000000c   _EVENT12
0000000c   _HWI_INT12
0000000d   EVENT13
0000000d   HWI_INT13
0000000d   _EVENT13
0000000d   _HWI_INT13
0000000e   EVENT14
0000000e   HWI_INT14
0000000e   _EVENT14
0000000e   _HWI_INT14
0000000f   EVENT15
0000000f   HWI_INT15
0000000f   _EVENT15
0000000f   _HWI_INT15
00000010   EVENT16
00000010   _EVENT16
00000011   EVENT17
00000011   _EVENT17
00000012   EVENT18
00000012   _EVENT18
00000013   EVENT19
00000013   _EVENT19
00000014   EVENT20
00000014   _EVENT20
00000015   EVENT21
00000015   _EVENT21
00000016   EVENT22
00000016   _EVENT22
00000017   EVENT23
00000017   _EVENT23
00000018   EVENT24
00000018   _EVENT24
00000019   EVENT25
00000019   _EVENT25
0000001a   EVENT26
0000001a   _EVENT26
0000001b   EVENT27
0000001b   _EVENT27
0000001c   EVENT28
0000001c   _EVENT28
0000001d   EVENT29
0000001d   _EVENT29
0000001e   EVENT30
0000001e   _EVENT30
0000001f   EVENT31
0000001f   _EVENT31
00000020   CLK_TCR
00000020   EVENT32
00000020   _EVENT32
00000021   EVENT33
00000021   _EVENT33
00000022   EVENT34
00000022   _EVENT34
00000023   EVENT35
00000023   _EVENT35
00000024   EVENT36
00000024   _EVENT36
00000025   EVENT37
00000025   _EVENT37
00000026   EVENT38
00000026   _EVENT38
00000027   EVENT39
00000027   _EVENT39
00000028   EVENT40
00000028   _EVENT40
00000029   EVENT41
00000029   _EVENT41
0000002a   EVENT42
0000002a   _EVENT42
0000002b   EVENT43
0000002b   _EVENT43
0000002c   EVENT44
0000002c   _EVENT44
0000002d   EVENT45
0000002d   _EVENT45
0000002e   EVENT46
0000002e   _EVENT46
0000002f   EVENT47
0000002f   _EVENT47
00000030   EVENT48
00000030   PWRM_PWRM_CAPSMASK
00000030   _EVENT48
00000031   EVENT49
00000031   _EVENT49
00000032   EVENT50
00000032   _EVENT50
00000033   EVENT51
00000033   _EVENT51
00000034   EVENT52
00000034   _EVENT52
00000035   EVENT53
00000035   _EVENT53
00000036   EVENT54
00000036   _EVENT54
00000037   EVENT55
00000037   _EVENT55
00000038   EVENT56
00000038   _EVENT56
00000039   EVENT57
00000039   _EVENT57
0000003a   EVENT58
0000003a   _EVENT58
0000003b   EVENT59
0000003b   _EVENT59
0000003c   EVENT60
0000003c   _EVENT60
0000003d   EVENT61
0000003d   _EVENT61
0000003e   EVENT62
0000003e   GBL_DSPTYPE
0000003e   _EVENT62
0000003f   EVENT63
0000003f   _EVENT63
00000040   EVENT64
00000040   HST_MAXFRAMESET
00000040   RTA_toHost$framesize
00000040   _EVENT64
00000041   EVENT65
00000041   _EVENT65
00000042   EVENT66
00000042   GBL_FOOTPRINT
00000042   _EVENT66
00000043   EVENT67
00000043   _EVENT67
00000044   EVENT68
00000044   _EVENT68
00000045   EVENT69
00000045   _EVENT69
00000046   EVENT70
00000046   _EVENT70
00000047   EVENT71
00000047   _EVENT71
00000048   EVENT72
00000048   _EVENT72
00000049   EVENT73
00000049   _EVENT73
0000004a   EVENT74
0000004a   _EVENT74
0000004b   EVENT75
0000004b   _EVENT75
0000004c   EVENT76
0000004c   _EVENT76
0000004d   EVENT77
0000004d   _EVENT77
0000004e   EVENT78
0000004e   _EVENT78
0000004f   EVENT79
0000004f   _EVENT79
00000050   EVENT80
00000050   _EVENT80
00000051   EVENT81
00000051   _EVENT81
00000052   EVENT82
00000052   _EVENT82
00000053   EVENT83
00000053   _EVENT83
00000054   EVENT84
00000054   _EVENT84
00000055   EVENT85
00000055   _EVENT85
00000056   EVENT86
00000056   _EVENT86
00000057   EVENT87
00000057   _EVENT87
00000058   EVENT88
00000058   _EVENT88
00000059   EVENT89
00000059   _EVENT89
0000005a   EVENT90
0000005a   _EVENT90
0000005b   EVENT91
0000005b   _EVENT91
0000005c   EVENT92
0000005c   _EVENT92
0000005d   EVENT93
0000005d   _EVENT93
0000005e   EVENT94
0000005e   _EVENT94
0000005f   EVENT95
0000005f   _EVENT95
00000060   EVENT96
00000060   _EVENT96
00000061   EVENT97
00000061   _EVENT97
00000062   EVENT98
00000062   _EVENT98
00000063   EVENT99
00000063   _EVENT99
00000064   EVENT100
00000064   PIP_OBJSIZE
00000064   _EVENT100
00000065   EVENT101
00000065   _EVENT101
00000066   EVENT102
00000066   _EVENT102
00000067   EVENT103
00000067   _EVENT103
00000068   EVENT104
00000068   _EVENT104
00000069   EVENT105
00000069   _EVENT105
0000006a   EVENT106
0000006a   _EVENT106
0000006b   EVENT107
0000006b   _EVENT107
0000006c   EVENT108
0000006c   _EVENT108
0000006d   EVENT109
0000006d   _EVENT109
0000006e   EVENT110
0000006e   _EVENT110
0000006f   EVENT111
0000006f   _EVENT111
00000070   EVENT112
00000070   _EVENT112
00000071   EVENT113
00000071   _EVENT113
00000072   EVENT114
00000072   _EVENT114
00000073   EVENT115
00000073   _EVENT115
00000074   EVENT116
00000074   _EVENT116
00000075   EVENT117
00000075   _EVENT117
00000076   EVENT118
00000076   _EVENT118
00000077   EVENT119
00000077   _EVENT119
00000078   EVENT120
00000078   _EVENT120
00000079   EVENT121
00000079   _EVENT121
0000007a   EVENT122
0000007a   _EVENT122
0000007b   EVENT123
0000007b   _EVENT123
0000007c   EVENT124
0000007c   _EVENT124
0000007d   EVENT125
0000007d   _EVENT125
0000007e   EVENT126
0000007e   _EVENT126
0000007f   EVENT127
0000007f   _EVENT127
000000ff   HST_MAXFRAMEALLOWED
000001f4   PRD0$period
00000200   LOG_system$size
000003e8   CLK_MICROSECS
00000400   HST_DSMMEMSIZE
00000400   TSK_STACKSIZE
00000400   __STACK_SIZE
00000400   trace$size
00000408   RTDX_BUFMEMSIZE
00001a5b   GBL_CLKTYPE
00001a5c   GBL_DSPSUBTYPE
00002000   IRAM$L
00002000   _IRAM_length
00004000   CLK_INTBIT
00004e20   GBL_CLKIN
00005205   GBL_A_VERSION
00005828   HWI_CFGDISPATCHED
00005828   _HWI_CFGDISPATCHED
00005dc0   CLK_INPUTCLK
00005dc0   CLK_PRD
00005dc0   _CLK_PRD
0000dbef   GBL_TRCMASKVALUE
000493e0   CLK_COUNTSPMS
000493e0   CLK_HTIMEPERLTIME
000493e0   CLK_LTIMEMULT
000493e0   GBL_FREQ
000493e0   _CLK_COUNTSPMS
01c20000   CLK_REGS
01c20000   _CLK_REGS
07063d04   HWI_INTRMUX1
0b0a0908   HWI_INTRMUX2
11800000   .data
11800000   .text
11800000   _EVMC6748_init
11800000   ___data__
11800000   ___edata__
11800000   ___text__
11800000   edata
1180002c   _EVMC6748_initRAM
118001e8   _EVMC6748_enableDsp
11800214   _EVMC6748_pinmuxConfig
118002b0   _EVMC6748_lpscTransition
11800688   _config_pll0
118008c4   _config_pll1
11800aa8   _UTIL_printMem
11800c00   _UTIL_isUIBoardAttached
11800c20   __divd
11801740   _read_audio_sample
11801750   _write_audio_sample
11801764   _initAll
118017cc   _McASP_Init
118018f4   _McASP_Start
11801a64   _AIC3106_Init
11801b18   _AIC3106_readRegister
11801b84   _AIC3106_writeRegister
11801bb8   _USTIMER_delay
11801c44   _SetGpio
118021a0   _main
118021e0   _dipPRD
118022e4   _audioHWI
118026c0   _I2CGPIO_init
11802794   _I2CGPIO_getInput
118028b0   _I2CGPIO_getInputAll
118029c0   _I2CGPIO_setOutput
11802b08   _I2CGPIO_setOutputAll
11802ba0   __printfi
11802fe0   _fputs
11803380   _GPIO_setDir
118033f8   _GPIO_getInput
1180346c   _GPIO_setOutput
118034ec   _GPIO_toggleLoop
11803700   _I2C_init
118037ec   _I2C_read
11803948   _I2C_write
118045a0   __divull
11804ec0   _fputc
11804ec0   _putc
118052e0   _setvbuf
118054e0   _LED_init
1180552c   _LED_isOn
11805594   _LED_turnOn
118055e4   _LED_turnOff
1180562c   _LED_toggle
11805880   __divul
11805a20   _HOSTrename
11805ba0   _DIP_init
11805bc4   _DIP_get
11805c28   _DIP_getAll
11805f80   __closefile
118061c0   _fseek
118062e0   _HOSTlseek
118063e0   __wrt_ok
118064e0   _call_dtors
118065e0   _HOSTopen
118066c0   _HOSTread
118067a0   _atoi
11806880   _close
11806960   _memset
11806a40   _printf
11806b20   _HOSTunlink
11806be0   _HOSTwrite
11806d60   __c6xabi_divu
11806d60   __divu
11806e20   __doflush
11806ee0   _atexit
11806fa0   _ltoa
11807120   _HOSTclose
118071c0   __cleanup
11807260   __divli
11807440   __fixdli
11807620   _lseek
118076c0   _memcpy
11807760   _write
11807800   __fltlid
11807880   __llshl
11807900   _readmsg
11807980   _unlink
11807a00   __subcull
11807a60   _memccpy
11807ac0   _writemsg
11807b18   C$$IO$$
11807b20   ___add_dtor
11807b60   ___isinf
11807be0   __frcmpyd_div
11807c20   __llshru
11807c60   __remli
11807ca0   __negll
11807cc0   __nop
11807d20   __register_lock
11807d40   __register_unlock
11807d60   _remove
11807d80   LNK_F_checkBufferCall
11807d80   ___etext__
11807d80   etext
11807da0   LNK_F_getChanPtr
11807df8   LNK_F_init
11807e00   LNK_F_dataPump
11807e10   LNK_rcloop
11807ed4   LNK_rdrtry
11807ee4   LNK_rrloop
11807fa4   LNK_wrrtry
11807fb0   LNK_wrloop
11808080   LNK_newin
118081b4   LNK_newout
11808308   LNK_F_readCallBack
11808340   _EXC_nmi
11808374   _EXC_internal
11808620   _EXC_init
11808660   _EXC_getLastStatus
11808680   _EXC_external
118086b4   _EXC_exceptionHandler
11808890   _EXC_clearLastStatus
118088c0   CLK_HOOKFXN
118088c0   HWI_F_dispatch
118088c0   _HWI_F_dispatch
118088c0   __HWI_lat1beg
11808a48   __HWI_lat1end
11808a48   __HWI_lat2beg
11808bb0   __HWI_lat2end2
11808be0   __HWI_lat3end2
11808c24   __HWI_lat2end1
11808c40   __HWI_lat3beg
11808da0   SWI_F_enable
11808da0   __SWI_lat3beg
11808e0c   __SWI_lat3end
11808e10   SWI_F_post
11808e10   _SWI_post
11808f18   __SWI_lat1beg
11808f84   SWI_EXECFXN
11808f84   SWI_F_exec
11808fac   SWI_F_iexec
11808fc4   __SWI_lat1end
11808fc8   __SWI_lat2beg
11809028   __SWI_lat2end
1180902c   SWI_F_run
1180902c   SWI_RUNFXN
11809260   PRD_F_swi
118094e4   PRD_F_tick
118095e0   _free
11809604   _malloc
11809664   _realloc
11809748   _memalign
1180980c   _calloc
11809860   RTA_F_getlog
11809898   RTA_F_getsts
118098d8   RTA_F_readblk
118098f4   RTA_F_writeword
11809900   RTA_F_resetmem
11809900   __RTA_lat1beg
11809934   __RTA_lat1end
11809940   RTA_F_dispatch
1180998c   RTA_execute
11809ae0   _KNL_run
11809d20   _MEM_alloc
1180a0f4   PRD_THOOKFXN
1180a0f4   _KNL_tick
1180a120   _MEM_free
1180a300   _EXC_dispatch
1180a4c4   _EXC_setReturnPtr
1180a4e0   PIP_F_take
1180a558   PIP_F_give
1180a558   PIP_F_probe
1180a628   PIP_F_start
1180a6c0   _SEM_pendEnterKnl
1180a8a0   __SEM_dopost
1180aa40   _TSK_setup
1180abe0   CLK_F_getltime
1180abf0   CLK_F_isr
1180ad30   CLK_F_itime
1180ad30   _CLK_F_itime
1180ad30   _CLK_itime
1180ad50   __CLK_lat1beg
1180ad70   __CLK_lat1end
1180ad80   _KNL_saveIsrFrame
1180ae2c   _KNL_switch
1180aed8   KNL_glue
1180af00   __auto_init
1180b040   _TSK_exit
1180b180   _BCACHE_setSize
1180b1c4   _BCACHE_setMar
1180b214   _BCACHE_setCacheToSram
1180b244   _BCACHE_getSize
1180b294   _BCACHE_getMar
1180b328   _GBL_cacheInit64P
1180b3e0   _KNL_check
1180b42c   __KNL_lat1beg
1180b4a8   _KNL_idle
1180b4a8   __KNL_lat1end
1180b4d0   _KNL_max
1180b5a4   _TSK_startup
1180b620   _SEM_post
1180b620   _SEM_postBinary
1180b700   _KNL_exit
1180b740   _KNL_enter
1180b7c0   _SEM_postEnterKnl
1180b860   _SYS_exit
1180b900   _KNL_ipost
1180b980   _KNL_post
1180ba00   _LCK_post
1180ba20   _LCK_pend
1180ba80   LOG_F_event
1180ba80   _LOG_event
1180ba80   __LOG_lat1beg
1180bb00   IDL_F_calibrate
1180bb80   _SYS_error
1180bbe0   FXN_F_nop
1180bbe4   FXN_F_run
1180bbe4   _FXN_F_run
1180bc20   FXN_F_zero
1180bc20   _FXN_F_zero
1180bc40   _HWI_disable
1180bc58   _HWI_enable
1180bc6c   _HWI_restore
1180bca0   IDL_F_busy
1180bca0   __IDL_lat1beg
1180bce0   __IDL_lat1end
1180bd00   _SEM_pend
1180bd60   STS_F_delta
1180bd60   _STS_delta
1180bd8c   STS_F_add
1180bd8c   _STS_add
1180bda8   STS_F_reset
1180bda8   _STS_reset
1180bdc0   _SYS_abort
1180be20   _CLK_measure
1180be80   IDL_CALIBRFXN
1180be80   IDL_F_stub
1180bec0   RTA_F_andn
1180bed8   RTA_F_or
1180bf00   SYS_ABORTFXN
1180bf00   _UTL_doAbort
1180bf40   SYS_PUTCFXN
1180bf40   _UTL_doPutc
1180bf80   GBL_USERINITFXN
1180bf80   GIO_CREATEFXN
1180bf80   GIO_DELETEFXN
1180bf80   GIO_PENDFXN
1180bf80   GIO_POSTFXN
1180bf80   PWRM_PWRM_SHAREDRESOURCEFXN
1180bf80   PWRM_PWRM_SLOTHOOKFXN
1180bf80   TSK_VCREATEFXN
1180bf80   TSK_VDELETEFXN
1180bf80   TSK_VEXITFXN
1180bf80   _BCACHE_bootInit
1180bf80   _FXN_F_nop
1180bfa0   _GBL_getVersion
1180bfc0   IDL_F_loop
1180bfc0   _IDL_loop
1180bfe0   _STS_set
1180c000   SYS_ERRORFXN
1180c000   _UTL_doError
1180c020   SYS_EXITFXN
1180c020   _UTL_halt
1180c040   CLK_F_gethtime
1180c040   CLK_TIMEFXN
1180c040   _CLK_gethtime
1180c060   IRAM$B
1180c060   _IRAM_base
1180e060   ___cinit__
1180e060   cinit
1180f4ac   _SYS_PUTCBEG
1180f6ab   _SYS_PUTCEND
1180f6b0   __CIOBUF_
1180f7d0   LOG_A_TABBEG
1180f7d0   LOG_system
1180f7d0   _LOG_A_TABBEG
1180f7d0   _LOG_system
1180f7e8   _trace
1180f7e8   trace
1180f800   LOG_A_TABEND
1180f800   LOG_system$buf
1180f800   _LOG_A_TABEND
11810000   trace$buf
11811000   _HSRTDX_rec
118112a0   _RTDX_Buffer_WriteCB
11811760   _HSRTDX_xmt
11811a60   _RTDX_Mon_Queue
11811cc0   _RTDX_Poll
11811d60   _RTDX_Final_RT_Monitor
11811de0   _RTDX_Buffer_Initialize
11811e40   _RTDX_Init_RT_Monitor
11811ea0   _RTDX_Buffer_ReadCB
11811ee0   _RTDX_Buffer_Size
11811f20   _RTDX_memfill
11811f60   _RTDX_Buffer_Read
11811f80   _RTDX_Buffer_Write
11811fa0   _RTDX_Mask_IER
11811fc0   _b_fir
118120c0   _cab
11812130   _aLow
11812140   _bLow
11812150   _aMid
11812160   _bMid
11812170   _aPres
11812180   _bPres
11812190   _aHigh
118121a0   _bHigh
118121b0   _sine
11812238   _eqSignal
118122a8   _fftSignal
11812318   _buffer
11812388   _wLow
11812398   _wMid
118123a8   _wPres
118123b8   _wHigh
118123c4   _low
11812434   _mid
118124a4   _pres
11812514   _high
11812584   _CLK_inputClock
11812588   __ftable
11812768   __tmpnams
118128a8   __ft_end
118128b0   ___atexit_func_id__
11812b54   _dtors
11812b58   _KNL_queues
11812bf8   _KNL_dummy
11812c30   _TSK_ATTRS
11812c4c   _TSK_config
11812c6c   _TSK_timerSem
11812c90   _OBJ_table
11812cc8   _OBJ_segtab
11812ce4   __TSK_mutex
11812d0c   __MEM_mutex
11812d38   _SYS_exitStack
11812d70   _EXC_status
11812dac   __cleanup_ptr
11812db0   __dtors_ptr
11812db4   ___TI_enable_exit_profile_output
11812db8   __lock
11812dbc   __unlock
11812dc8   RTA_fromHost$buf
11812dd8   CLK_A_TABBEG
11812dd8   PRD_clock
11812dd8   _PRD_clock
11812ddc   CLK_null
11812de0   BIOS_init
11812de0   _BIOS_init
11812f64   BIOS$$CLKON
11812fa4   BIOS$$CLKOFF
11813010   BIOS_start
11813010   _BIOS_start
11813160   _c_int00
11813220   _MEM_init
118132e0   _TSK_init
118133c0   _RTDX_Buffer
118137c8   _RTDX_Buffer_Start
118137cc   _RTDX_Buffer_End
118137d0   _rtdx_mon_state
11813814   _rtdx_buffer_state
11813820   _RTDX_writing
118139d0   __ctypes_
11813ad8   _bitval_u32
11813c6d   PRD0$sts$maxfmt
11813c70   TSK_idle$stack
11813c76   PRD0$sts$sumfmt
11813c7f   PRD0$sts$avgfmt
11813c8a   PRD_swi$sts$maxfmt
11813c92   PRD_swi$sts$sumfmt
11813c9a   PRD_swi$sts$avgfmt
11813ca4   KNL_swi$sts$maxfmt
11813cac   KNL_swi$sts$sumfmt
11813cb4   KNL_swi$sts$avgfmt
11813cbe   TSK_idle$sts$maxfmt
11813cc6   TSK_idle$sts$sumfmt
11813cce   TSK_idle$sts$avgfmt
11813cd8   IDL_busyObj$maxfmt
11813cdb   IDL_busyObj$sumfmt
11813cde   IDL_busyObj$avgfmt
11814008   TSK_idle$stkptr
11814070   GBL_stackbeg
11814070   _HWI_STKTOP
11814070   __stack
11814468   _HWI_STKBOTTOM
1181446f   GBL_stackend
11814470   $bss
11814470   .bss
11814470   _HWI_dispatchTab
11814470   __STACK_END
11814470   ___bss__
11814570   IDL_D_tabbeg
11814574   IDL_D_calibrate
11814578   IDL_D_calbeg
1181457c   LOG_D_system
1181457c   _LOG_D_system
11814580   PIP_D_tabbeg
11814584   PIP_D_tablen
11814588   CLK_R_time
1181458c   CLK_D_timefxn
11814590   CLK_D_tabbeg
11814594   CLK_D_isrhook
11814598   CLK_D_idletime
1181459c   _CLK_htimeDiv
118145a0   _CLK_htimeMult
118145a4   _CLK_ltimeDiv
118145a8   _CLK_ltimeMult
118145ac   _CLK_D_dirty
118145b0   _CLK_D_prd
118145b4   _CLK_D_tddr
118145b8   _CLK_D_countspms
118145bc   PRD_D_tick
118145bc   _PRD_D_tick
118145c0   PRD_D_cur
118145c4   PRD_D_elapsed
118145c8   PRD_D_prevtim
118145cc   PRD_D_scalar
118145d0   PRD_D_swihandle
118145d4   PRD_D_tabbeg
118145d8   PRD_D_tablen
118145dc   PRD_D_thook
118145e0   RTA_D_fromHost
118145e4   RTA_D_toHost
118145e8   RTA_D_logval
118145f8   RTA_D_stsval
11814604   HST_D_chanmask
11814608   HST_D_tabbeg
1181460c   HST_D_tabend
11814610   _GBL_procId
11814614   _GBL_clkIn
11814618   _GBL_freq
1181461c   _MEM_D_NUMSEGMENTS
11814620   _MEM_D_memtab
11814624   _MEM_D_freelist
11814628   _MEM_D_lockaddr
1181462c   _MEM_D_unlockaddr
11814630   _SYS
11814634   __HOOK_knlId
11814638   __HOOK_NUMHOOKS
1181463c   SWI_D_runaddr
1181463c   _SWI_D_runaddr
1181463c   _SWI_data
11814640   SWI_D_execaddr
11814640   _SWI_D_execaddr
11814644   SWI_D_curmask
11814644   _SWI_D_curmask
11814648   SWI_D_curset
11814648   _SWI_D_curset
1181464c   SWI_D_lock
1181464c   _SWI_D_lock
11814650   SWI_D_curmbox
11814654   SWI_D_curfxn
11814654   _SWI_D_curfxn
11814658   SWI_D_rdybeg
11814658   _SWI_D_rdybeg
1181465c   SWI_D_inswi
1181465c   _SWI_D_inswi
11814660   SWI_D_rdytab
118146d8   _KNL_wFlag
118146dc   _KNL_wList
118146e0   _KNL_alarm
118146e4   _KNL_setpri
118146e8   _KNL_inactive
118146ec   _KNL_priority
118146f0   _KNL_set
118146f4   _KNL_curtask
118146f8   _KNL_prevtask
118146fc   _KNL_curtime
11814700   _KNL_swiptr
11814704   _KNL_curqueue
11814708   _KNL_maxqueue
1181470c   _KNL_tswitchfxn
11814710   _KNL_tcreatefxn
11814714   _KNL_tdeletefxn
11814718   _KNL_treadyfxn
1181471c   _KNL_idlefxn
11814720   _MEM_memtab
1181472c   HST_DSMBUFSEG
1181472c   IRAM
1181472c   MEM_MALLOCSEG
1181472c   MEM_SEGZERO
1181472c   RTDX_DATAMEMSEG
1181472c   _IRAM
1181472c   _SEG0
11814730   RTA_fromHost$pipe$dtab
1181473c   RTA_toHost$pipe$dtab
11814748   _EXC_sysTrapTable
11814750   _EXC_returnPtr
11814768   HWI_D_spsave
11814768   _HWI_D_spsave
11814768   _HWI_data
11814774   _HWI_D_inhwi
11814778   HWI_D_bss
1181477c   HWI_D_ccmask
11814780   LNK_dspFrameRequestMask
11814780   _LNK_dspFrameRequestMask
11814784   LNK_dspFrameReadyMask
11814784   _LNK_dspFrameReadyMask
11814788   LNK_readPend
11814788   _LNK_readPend
1181478c   LNK_readDone
1181478c   _LNK_readDone
11814790   LNK_readFail
11814790   _LNK_readFail
11814794   LNK_writeFail
11814794   _LNK_writeFail
11814798   _EXC_exceptionHook
1181479c   _EXC_internalHook
118147a0   _EXC_externalHook
118147a4   _EXC_nmiHook
118147b0   _rtdxNullChanCnt
118147b4   _rtdxNullFuncCnt
118147b8   _rtdxXmtNotDoneCnt
118147bc   _rtdxRecNotDoneCnt
118147c0   _rtdxXmtRestartCnt
118147c4   _rtdxXmtErrorCnt
118147c8   _TSK_nTasks
118147cc   _TSK_pid
118147d0   _TSK
118147d4   _mask
118147d6   _eqBypass
118147d7   _lowCut
118147d8   _midCut
118147d9   _presCut
118147da   _highCut
118147db   _dist
118147dc   _writeIndex
118147e0   _CLK_DFLTMICROSECS
118147e4   _CLK_D_microseconds
118147e8   _SYS_exitStackPtr
118147ec   _SYS_exitStackTop
118147f0   _CLK_htimePerLtime
118147f4   IDL_D_busyObj
118147f8   _MEM
11814804   RTA_toHost$buf
11814804   ___end__
11814804   end
11814904   PIP_A_TABBEG
11814904   RTA_fromHost$pipe
11814904   _PIP_A_TABBEG
11814908   RTA_fromHost$pipe$rd
11814934   RTA_fromHost$pipe$aaa
11814938   RTA_fromHost$pipe$wr
11814964   RTA_fromHost$pipe$bbb
11814968   RTA_toHost$pipe
1181496c   RTA_toHost$pipe$rd
11814998   RTA_toHost$pipe$aaa
1181499c   RTA_toHost$pipe$wr
118149c8   RTA_toHost$pipe$bbb
118149cc   PIP_A_TABEND
118149cc   _PIP_A_TABEND
118149d8   TSK_idle
118149d8   _TSK_idle
11814a2c   PRD_SWIHANDLE
11814a2c   PRD_swi
11814a2c   SWI_A_TABBEG
11814a2c   _PRD_swi
11814a58   KNL_swi
11814a58   _KNL_swi
11814a84   PRD0$sts$stsobj
11814a84   STS_A_TABBEG
11814a84   SWI_A_TABEND
11814a84   _STS_A_TABBEG
11814a88   PRD0$sts
11814a94   PRD_swi$sts$stsobj
11814a98   PRD_swi$sts
11814aa4   KNL_swi$sts$stsobj
11814aa8   KNL_swi$sts
11814ab4   TSK_idle$sts$stsobj
11814ab8   TSK_idle$sts
11814ac4   IDL_busyObj$stsobj
11814ac8   IDL_busyObj
11814ac8   _IDL_busyObj
11814ad4   STS_A_TABEND
11814ad4   _STS_A_TABEND
11814b64   HST_A_TABBEG
11814b64   _HST_A_TABBEG
11814b68   RTA_fromHost
11814b68   _RTA_fromHost
11814b70   RTA_fromHost$rtdx
11814b84   RTA_toHost
11814b84   _RTA_toHost
11814b8c   RTA_toHost$rtdx
11814ba0   HST_A_TABEND
11814ba0   PRD0
11814ba0   PRD_A_TABBEG
11814ba0   _HST_A_TABEND
11814ba0   _PRD0
11814bbc   PRD0$aaa
11814bc0   IDL_A_TABBEG
11814bc0   IDL_cpuLoad
11814bc0   PRD_A_TABEND
11814bc0   _IDL_cpuLoad
11814bc4   LNK_dataPump
11814bc4   _LNK_dataPump
11814bc8   RTA_dispatcher
11814bc8   _RTA_dispatcher
11814bcc   IDL_END
11814bd0   IDL_A_CALBEG
11814bd0   IDL_cpuLoad$
11814bd4   LNK_dataPump$
11814bd8   RTA_dispatcher$
11814bdc   IDL_END$
11814be0   SYS$config
11814bf0   ___pinit__
11814bf0   pinit
11814c00   HWI_A_VECS
11814c00   hwi0
11814c20   hwi1
11814c40   hwi2
11814c60   hwi3
11814c80   hwi4
11814ca0   hwi5
11814cc0   hwi6
11814ce0   hwi7
11814d00   hwi8
11814d20   hwi9
11814d40   hwi10
11814d60   hwi11
11814d80   hwi12
11814da0   hwi13
11814dc0   hwi14
11814de0   hwi15
11814e00   TRC_cinit
11814e04   TRC_R_mask
11814e04   _TRC_R_mask
11814e08   GBL_initdone
28040d0c   HWI_INTRMUX3
ffffffff   CACHE_L1D
ffffffff   CACHE_L1P
ffffffff   DDR
ffffffff   ECM_EVTMASK0
ffffffff   ECM_EVTMASK1
ffffffff   ECM_EVTMASK2
ffffffff   ECM_EVTMASK3
ffffffff   GBL_L2MAR192_223
ffffffff   L3_CBA_RAM
ffffffff   _CACHE_L1D
ffffffff   _CACHE_L1P
ffffffff   _DDR
ffffffff   _L3_CBA_RAM
ffffffff   ___TI_pprof_out_hndl
ffffffff   ___TI_prof_data_size
ffffffff   ___TI_prof_data_start
ffffffff   ___binit__
ffffffff   ___c_args__
ffffffff   binit

[1159 symbols]
