******************************************************************************
               TMS320C6x Linker PC v7.4.18                     
******************************************************************************
>> Linked Thu Jul 30 09:14:31 2020

OUTPUT FILE NAME:   <GuitarAmpGitVersion.out>
ENTRY POINT SYMBOL: "_c_int00"  address: 1182db80


MEMORY CONFIGURATION

         name            origin    length      used     unused   attr    fill
----------------------  --------  ---------  --------  --------  ----  --------
  IRAM                  11800000   00040000  0002fa69  00010597  RWIX
  CACHE_L1P             11e00000   00008000  00000000  00008000  RWIX
  CACHE_L1D             11f00000   00008000  00000000  00008000  RWIX
  L3_CBA_RAM            80000000   00020000  00000000  00020000  RWIX
  DDR                   c3000000   01000000  00000000  01000000  RWIX


SECTION ALLOCATION MAP

 output                                  attributes/
section   page    origin      length       input sections
--------  ----  ----------  ----------   ----------------
.vers      0    00000000    0000003c     COPY SECTION
                  00000000    0000003c     hellocfg.obj (.vers)

.data      0    11800000    00000000     UNINITIALIZED

.far       0    11800000    00019c40     UNINITIALIZED
                  11800000    0001937c     hello.obj (.far)
                  1181937c    00000004     bios6748.a674 : clk_data.o674 (.far)
                  11819380    00000324     rts6740.lib : defs.obj (.far)
                  118196a4    00000004                 : errno.obj (.far)
                  118196a8    00000188                 : atexit.obj (.far)
                  11819830    0000011c                 : lowlev.obj (.far)
                  1181994c    00000004                 : fopen.obj (.far)
                  11819950    000000d8     bios.a674 : knl.o674 (.far)
                  11819a28    0000005c               : tsk.o674 (.far)
                  11819a84    00000004     rts6740.lib : sinit.obj (.far)
                  11819a88    00000054     bios.a674 : obj_init.o674 (.far)
                  11819adc    00000050               : tsk_stup.o674 (.far)
                  11819b2c    00000004     --HOLE--
                  11819b30    00000040     rts6740.lib : cos.obj (.far)
                  11819b70    00000040                 : sin.obj (.far)
                  11819bb0    00000020     bios.a674 : sys.o674 (.far)
                  11819bd0    00000018     rtdx64xplus.lib : rtdx_mon.o64P (.far)
                  11819be8    00000010     bios.a674 : exc.o674 (.far)
                  11819bf8    00000010               : knl_tick.o674 (.far)
                  11819c08    0000000c               : utl_putc.o674 (.far)
                  11819c14    00000004     --HOLE--
                  11819c18    0000000c     block_sine.obj (.far)
                  11819c24    0000000c     rts6740.lib : exit.obj (.far)
                  11819c30    00000008                 : _lock.obj (.far)
                  11819c38    00000008                 : trgdrv.obj (.far)

.text      0    11819c40    00009aa0     
                  11819c40    00000f20     kiss_fft.obj (.text)
                  1181ab60    00000c20     evmc6748_bsl.lib : evmc6748.obj (.text)
                  1181b780    00000740     hello.obj (.text)
                  1181bec0    000005a0     rts6740.lib : divd.obj (.text:__divd)
                  1181c460    00000580                 : _printfi.obj (.text:__getarg_diouxp)
                  1181c9e0    00000540     framework.obj (.text)
                  1181cf20    00000520     rts6740.lib : _printfi.obj (.text:__setfield)
                  1181d440    000004e0     evmc6748_bsl.lib : evmc6748_i2c_gpio.obj (.text)
                  1181d920    00000440     rts6740.lib : _printfi.obj (.text:__printfi)
                  1181dd60    000003a0                 : fputs.obj (.text:_fputs)
                  1181e100    00000380     evmc6748_bsl.lib : evmc6748_gpio.obj (.text)
                  1181e480    00000380                      : evmc6748_i2c.obj (.text)
                  1181e800    00000320     rts6740.lib : _printfi.obj (.text:__pproc_fge)
                  1181eb20    000002e0                 : cos.obj (.text:_cos)
                  1181ee00    000002c0                 : _printfi.obj (.text:__pproc_fwp)
                  1181f0c0    000002a0                 : _printfi.obj (.text:_ecvt)
                  1181f360    000002a0                 : _printfi.obj (.text:_fcvt)
                  1181f600    00000280                 : divf.obj (.text:__divf)
                  1181f880    00000280                 : sin.obj (.text:_sin)
                  1181fb00    00000260                 : imath64.obj (.text:__divull)
                  1181fd60    00000260                 : _printfi.obj (.text:__pconv_e)
                  1181ffc0    00000240                 : _printfi.obj (.text:__pproc_diouxp)
                  11820200    00000220                 : _printfi.obj (.text:__pproc_str)
                  11820420    00000220                 : fputc.obj (.text:_fputc)
                  11820640    00000200                 : _printfi.obj (.text:__pconv_g)
                  11820840    00000200                 : setvbuf.obj (.text:_setvbuf)
                  11820a40    000001e0     evmc6748_bsl.lib : evmc6748_led.obj (.text)
                  11820c20    000001c0     rts6740.lib : _printfi.obj (.text:__mcpy)
                  11820de0    000001a0                 : imath40.obj (.text:__divul)
                  11820f80    00000180                 : trgdrv.obj (.text:_HOSTrename)
                  11821100    00000160     evmc6748_bsl.lib : evmc6748_dip.obj (.text)
                  11821260    00000140     rts6740.lib : _printfi.obj (.text:__pproc_fflags)
                  118213a0    00000140                 : lowlev.obj (.text:_getdevice)
                  118214e0    00000120                 : fclose.obj (.text:__closefile)
                  11821600    00000120                 : _printfi.obj (.text:__ltostr)
                  11821720    00000120                 : fseek.obj (.text:_fseek)
                  11821840    00000100                 : trgdrv.obj (.text:_HOSTlseek)
                  11821940    00000100                 : _io_perm.obj (.text:__wrt_ok)
                  11821a40    00000100                 : sinit.obj (.text:_call_dtors)
                  11821b40    00000100                 : sqrt.obj (.text:_sqrt)
                  11821c40    000000e0                 : trgdrv.obj (.text:_HOSTopen)
                  11821d20    000000e0                 : trgdrv.obj (.text:_HOSTread)
                  11821e00    000000e0                 : divi.obj (.text:__divi)
                  11821ee0    000000e0                 : atoi.obj (.text:_atoi)
                  11821fc0    000000e0                 : lowlev.obj (.text:_close)
                  118220a0    000000e0                 : memset.obj (.text:_memset)
                  11822180    000000e0                 : printf.obj (.text:_printf)
                  11822260    000000c0                 : trgdrv.obj (.text:_HOSTunlink)
                  11822320    000000c0                 : trgdrv.obj (.text:_HOSTwrite)
                  118223e0    000000c0                 : _printfi.obj (.text:__div)
                  118224a0    000000c0                 : divu.obj (.text:__divu)
                  11822560    000000c0                 : fflush.obj (.text:__doflush)
                  11822620    000000c0                 : remi.obj (.text:__remi)
                  118226e0    000000c0                 : atexit.obj (.text:_atexit)
                  118227a0    000000c0                 : ltoa.obj (.text:_ltoa)
                  11822860    000000c0     bios.a674 : tsk_stup.o674 (.text)
                  11822920    000000a0     rts6740.lib : trgdrv.obj (.text:_HOSTclose)
                  118229c0    000000a0                 : fopen.obj (.text:__cleanup)
                  11822a60    000000a0                 : imath40.obj (.text:__divli)
                  11822b00    000000a0                 : _printfi.obj (.text:__ecpy)
                  11822ba0    000000a0                 : _printfi.obj (.text:__fcpy)
                  11822c40    000000a0                 : fixdli.obj (.text:__fixdli)
                  11822ce0    000000a0                 : round.obj (.text:__nround)
                  11822d80    000000a0                 : _printfi.obj (.text:__pconv_f)
                  11822e20    000000a0                 : lowlev.obj (.text:_finddevice)
                  11822ec0    000000a0                 : lowlev.obj (.text:_lseek)
                  11822f60    000000a0                 : memcpy64.obj (.text:_memcpy)
                  11823000    000000a0                 : modf.obj (.text:_modf)
                  118230a0    000000a0                 : lowlev.obj (.text:_write)
                  11823140    00000080                 : fltlid.obj (.text:__fltlid)
                  118231c0    00000080                 : llshift.obj (.text:__llshl)
                  11823240    00000080                 : trgmsg.obj (.text:_readmsg)
                  118232c0    00000080                 : lowlev.obj (.text:_unlink)
                  11823340    00000060                 : imath64.obj (.text:__subcull)
                  118233a0    00000060                 : memccpy.obj (.text:_memccpy)
                  11823400    00000060                 : trgmsg.obj (.text:_writemsg)
                  11823460    00000040                 : sinit.obj (.text:___add_dtor)
                  118234a0    00000040                 : isinf.obj (.text:___isinf)
                  118234e0    00000040                 : _printfi.obj (.text:___isnan)
                  11823520    00000040                 : frcmpyd_div.obj (.text:__frcmpyd_div)
                  11823560    00000040                 : llshift.obj (.text:__llshru)
                  118235a0    00000040                 : imath40.obj (.text:__remli)
                  118235e0    00000020                 : negll.obj (.text:__negll)
                  11823600    00000020                 : _lock.obj (.text:__nop)
                  11823620    00000020                 : printf.obj (.text:__outc)
                  11823640    00000020                 : printf.obj (.text:__outs)
                  11823660    00000020                 : _lock.obj (.text:__register_lock)
                  11823680    00000020                 : _lock.obj (.text:__register_unlock)
                  118236a0    00000020                 : trunc.obj (.text:__trunc)
                  118236c0    00000020                 : remove.obj (.text:_remove)

.bios      0    118236e0    000042e0     
                  118236e0    000005c0     lnkrtdx.a674 : rtdx.o674 (.bios)
                  11823ca0    00000580     bios.a674 : exc.o674 (.bios)
                  11824220    000004e0               : hwi_disp_asm.o674 (.bios)
                  11824700    000004c0               : swi.o674 (.bios)
                  11824bc0    00000380               : prd.o674 (.bios)
                  11824f40    00000280               : malloc.o674 (.bios)
                  118251c0    00000280               : rta.o674 (.bios)
                  11825440    00000240               : knl_run.o674 (.bios)
                  11825680    00000200               : mem_allo.o674 (.bios:.near)
                  11825880    00000200               : knl_tick.o674 (.bios)
                  11825a80    000001e0               : mem_free.o674 (.bios:.near)
                  11825c60    000001e0               : exc_asm.o674 (.bios)
                  11825e40    000001e0               : pip.o674 (.bios)
                  11826020    000001e0               : sem_pend.o674 (.bios)
                  11826200    000001a0               : sem_dopo.o674 (.bios)
                  118263a0    000001a0               : tsk_setu.o674 (.bios)
                  11826540    000001a0     bios6748.a674 : clk.o674 (.bios)
                  118266e0    00000180     bios.a674 : knl_swit.o674 (.bios)
                  11826860    00000140               : autoinit.o674 (.bios)
                  118269a0    00000140               : tsk_exit.o674 (.bios)
                  11826ae0    00000140     bios6748.a674 : bcache_init.o674 (.bios)
                  11826c20    00000120     bios.a674 : gbl_cacheinit64P.o674 (.bios)
                  11826d40    00000120               : knl_chec.o674 (.bios)
                  11826e60    00000120               : tsk_stup.o674 (.bios)
                  11826f80    000000e0               : sem_post_asm.o674 (.bios)
                  11827060    000000c0               : knl_exit.o674 (.bios)
                  11827120    000000a0               : sem_post.o674 (.bios)
                  118271c0    000000a0               : sys_exit.o674 (.bios)
                  11827260    00000080               : knl_ipos.o674 (.bios)
                  118272e0    00000080               : knl_post.o674 (.bios)
                  11827360    00000080               : lck.o674 (.bios)
                  118273e0    00000080               : log.o674 (.bios)
                  11827460    00000080     bios6748.a674 : idl_cal.o674 (.bios)
                  118274e0    00000060     bios.a674 : sys_erro.o674 (.bios:.near)
                  11827540    00000060               : fxn.o674 (.bios)
                  118275a0    00000060               : hwi_c.o674 (.bios)
                  11827600    00000060               : idl_busy.o674 (.bios)
                  11827660    00000060               : sem_pend_counting.o674 (.bios)
                  118276c0    00000060               : sts.o674 (.bios)
                  11827720    00000060               : sys_abor.o674 (.bios)
                  11827780    00000060     bios6748.a674 : clk_meas.o674 (.bios)
                  118277e0    00000040     bios.a674 : idl_stub.o674 (.bios)
                  11827820    00000040               : rta_andn.o674 (.bios)
                  11827860    00000040               : utl_doab.o674 (.bios)
                  118278a0    00000040               : utl_putc.o674 (.bios)
                  118278e0    00000020               : fxn_c.o674 (.bios)
                  11827900    00000020               : gbl_vers.o674 (.bios)
                  11827920    00000020               : idl.o674 (.bios)
                  11827940    00000020               : sts_set.o674 (.bios)
                  11827960    00000020               : utl_doer.o674 (.bios)
                  11827980    00000020               : utl_halt.o674 (.bios)
                  118279a0    00000020     bios6748.a674 : clk_gethtime.o674 (.bios)

.IRAM$heap 
*          0    118279c0    00002000     UNINITIALIZED
                  118279c0    00002000     --HOLE--

.cinit     0    118299c0    000014f4     
                  118299c0    000006c4     hellocfg.obj (.cinit)
                  1182a084    00000004     --HOLE-- [fill = 0]
                  1182a088    000003b4     hello.obj (.cinit)
                  1182a43c    00000004     --HOLE-- [fill = 0]
                  1182a440    0000026c     bios.a674 : biosdata.o674 (.cinit)
                  1182a6ac    00000004     --HOLE-- [fill = 0]
                  1182a6b0    000001a4               : knl.o674 (.cinit)
                  1182a854    00000004     --HOLE-- [fill = 0]
                  1182a858    000000b0               : swi.o674 (.cinit)
                  1182a908    00000080               : tsk.o674 (.cinit)
                  1182a988    00000068     rtdx64xplus.lib : rtdx_mon.o64P (.cinit)
                  1182a9f0    00000060     bios.a674 : tsk_stup.o674 (.cinit)
                  1182aa50    0000005c     lnkrtdx.a674 : rtdx.o674 (.cinit)
                  1182aaac    00000004     --HOLE-- [fill = 0]
                  1182aab0    0000005c     rts6740.lib : defs.obj (.cinit)
                  1182ab0c    00000004     --HOLE-- [fill = 0]
                  1182ab10    0000005c                 : lowlev.obj (.cinit)
                  1182ab6c    00000004     --HOLE-- [fill = 0]
                  1182ab70    0000004c     bios.a674 : rta.o674 (.cinit)
                  1182abbc    00000004     --HOLE-- [fill = 0]
                  1182abc0    0000004c     rtdx64xplus.lib : buffer1.o64P (.cinit)
                  1182ac0c    00000004     --HOLE-- [fill = 0]
                  1182ac10    00000048     rts6740.lib : cos.obj (.cinit)
                  1182ac58    00000048                 : sin.obj (.cinit)
                  1182aca0    0000003c     bios.a674 : exc.o674 (.cinit)
                  1182acdc    00000004     --HOLE-- [fill = 0]
                  1182ace0    00000034               : hwi.o674 (.cinit)
                  1182ad14    00000004     --HOLE-- [fill = 0]
                  1182ad18    0000002c               : utl_putc.o674 (.cinit)
                  1182ad44    00000004     --HOLE-- [fill = 0]
                  1182ad48    0000002c     rts6740.lib : exit.obj (.cinit)
                  1182ad74    00000004     --HOLE-- [fill = 0]
                  1182ad78    00000024     bios.a674 : obj_init.o674 (.cinit)
                  1182ad9c    00000004     --HOLE-- [fill = 0]
                  1182ada0    00000024     block_sine.obj (.cinit)
                  1182adc4    00000004     --HOLE-- [fill = 0]
                  1182adc8    0000001c     bios.a674 : exc_asm.o674 (.cinit)
                  1182ade4    00000004     --HOLE-- [fill = 0]
                  1182ade8    0000001c               : sys.o674 (.cinit)
                  1182ae04    00000004     --HOLE-- [fill = 0]
                  1182ae08    0000001c     rts6740.lib : _lock.obj (.cinit)
                  1182ae24    00000004     --HOLE-- [fill = 0]
                  1182ae28    0000001c                 : atexit.obj (.cinit)
                  1182ae44    00000004     --HOLE-- [fill = 0]
                  1182ae48    00000018     bios.a674 : knl_tick.o674 (.cinit)
                  1182ae60    0000000c               : idl_busy.o674 (.cinit)
                  1182ae6c    00000004     --HOLE-- [fill = 0]
                  1182ae70    0000000c               : knl_swit.o674 (.cinit)
                  1182ae7c    00000004     --HOLE-- [fill = 0]
                  1182ae80    0000000c     rts6740.lib : errno.obj (.cinit)
                  1182ae8c    00000004     --HOLE-- [fill = 0]
                  1182ae90    0000000c                 : fopen.obj (.cinit)
                  1182ae9c    00000004     --HOLE-- [fill = 0]
                  1182aea0    0000000c                 : sinit.obj (.cinit)
                  1182aeac    00000004     --HOLE-- [fill = 0]
                  1182aeb0    00000004     (.pad.cinit) [fill = 0]

.args      0    1182aeb4    00000004     
                  1182aeb4    00000004     --HOLE-- [fill = 0]

.cio       0    1182aeb8    00000120     UNINITIALIZED
                  1182aeb8    00000120     rts6740.lib : trgmsg.obj (.cio)

.prd       0    1182afd8    00000020     UNINITIALIZED
                  1182afd8    00000020     hellocfg.obj (.prd)

.clk       0    1182aff8    00000008     UNINITIALIZED
                  1182aff8    00000008     hellocfg.obj (.clk)

.trace$buf 
*          0    1182b000    00001000     UNINITIALIZED
                  1182b000    00001000     hellocfg.obj (.trace$buf)

.rtdx_text 
*          0    1182c000    00000fc0     
                  1182c000    000002a0     rtdx64xplus.lib : rtdx_mon.o64P (.rtdx_text:_HSRTDX_rec)
                  1182c2a0    00000260                     : buffer1.o64P (.rtdx_text:_RTDX_Buffer_WriteCB)
                  1182c500    00000260                     : buffer1.o64P (.rtdx_text:_RTDX_write_next)
                  1182c760    000001a0                     : rtdx_mon.o64P (.rtdx_text:_HSRTDX_xmt)
                  1182c900    00000160                     : rtdx_mon.o64P (.rtdx_text:_RTDX_Send_To_Host)
                  1182ca60    000000e0                     : rtdx_mon.o64P (.rtdx_text:_RTDX_Mon_Queue)
                  1182cb40    000000e0                     : buffer1.o64P (.rtdx_text:_claim)
                  1182cc20    000000a0                     : rtdx_mon.o64P (.rtdx_text:_RTDX_GetH2THeader)
                  1182ccc0    000000a0                     : rtdx_mon.o64P (.rtdx_text:_RTDX_Poll)
                  1182cd60    00000080                     : rtdx_mon.o64P (.rtdx_text:_RTDX_Final_RT_Monitor)
                  1182cde0    00000060                     : buffer1.o64P (.rtdx_text:_RTDX_Buffer_Initialize)
                  1182ce40    00000060                     : rtdx_mon.o64P (.rtdx_text:_RTDX_Init_RT_Monitor)
                  1182cea0    00000040                     : buffer2.o64P (.rtdx_text:_RTDX_Buffer_ReadCB)
                  1182cee0    00000040                     : buffer1.o64P (.rtdx_text:_RTDX_Buffer_Size)
                  1182cf20    00000040                     : memfill.o64P (.rtdx_text:_RTDX_memfill)
                  1182cf60    00000020                     : buffer2.o64P (.rtdx_text:_RTDX_Buffer_Read)
                  1182cf80    00000020                     : buffer1.o64P (.rtdx_text:_RTDX_Buffer_Write)
                  1182cfa0    00000020                     : intr_tgt.o64P (.rtdx_text)

.hst       0    1182cfc0    0000003c     UNINITIALIZED
                  1182cfc0    0000003c     hellocfg.obj (.hst)

.mem       0    1182cffc    00000004     UNINITIALIZED
                  1182cffc    00000004     hellocfg.obj (.mem)

.LOG_system$buf 
*          0    1182d000    00000800     UNINITIALIZED
                  1182d000    00000800     hellocfg.obj (.LOG_system$buf)

.sysinit   0    1182d800    00000560     
                  1182d800    00000380     hellocfg.obj (.sysinit)
                  1182db80    000000c0     bios.a674 : boot.o674 (.sysinit)
                  1182dc40    000000c0               : mem_init.o674 (.sysinit)
                  1182dd00    00000060               : tsk_init.o674 (.sysinit)

.hst1      0    1182dd60    00000010     UNINITIALIZED
                  1182dd60    00000010     hellocfg.obj (.hst1)

.idl       0    1182dd70    00000010     UNINITIALIZED
                  1182dd70    00000010     hellocfg.obj (.idl)

.rtdx_data 
*          0    1182dd80    000004f4     UNINITIALIZED
                  1182dd80    00000080     --HOLE--
                  1182de00    00000410     hellocfg.obj (.rtdx_data)
                  1182e210    00000044     rtdx64xplus.lib : rtdx_mon.o64P (.rtdx_data)
                  1182e254    00000020                     : buffer1.o64P (.rtdx_data)

.const     0    1182e278    00000481     
                  1182e278    00000193     bios.a674 : exc.o674 (.const:.string)
                  1182e40b    00000004               : mem_allo.o674 (.const:.string)
                  1182e40f    00000001     --HOLE-- [fill = 0]
                  1182e410    00000101     rts6740.lib : ctype.obj (.const:.string:__ctypes_)
                  1182e511    00000004     bios.a674 : mem_free.o674 (.const:.string)
                  1182e515    00000002     rts6740.lib : fputs.obj (.const:.string)
                  1182e517    00000001     --HOLE-- [fill = 0]
                  1182e518    00000080     evmc6748_bsl.lib : evmc6748.obj (.const:_bitval_u32)
                  1182e598    0000004e     bios.a674 : tsk_stup.o674 (.const:.string)
                  1182e5e6    00000002     --HOLE-- [fill = 0]
                  1182e5e8    0000004c     kiss_fftr.obj (.const:.string)
                  1182e634    00000040     evmc6748_bsl.lib : evmc6748.obj (.const:.string)
                  1182e674    00000023     bios.a674 : utl_doab.o674 (.const:.string)
                  1182e697    00000023     rts6740.lib : _printfi.obj (.const:.string)
                  1182e6ba    00000022     bios.a674 : utl_doer.o674 (.const:.string)
                  1182e6dc    0000001c     rb.obj (.const:.string)
                  1182e6f8    00000001     bios.a674 : tsk.o674 (.const:.string)

.printf    0    1182e6f9    00000076     COPY SECTION
                  1182e6f9    00000076     hellocfg.obj (.printf)

.TSK_idle$stk 
*          0    1182e700    00000400     UNINITIALIZED
                  1182e700    00000400     hellocfg.obj (.TSK_idle$stk)

.stack     0    1182eb00    00000400     UNINITIALIZED
                  1182eb00    00000400     --HOLE--

.bss       0    1182ef00    0000039c     UNINITIALIZED
                  1182ef00    00000100     bios.a674 : hwi_disp_asm.o674 (.bss)
                  1182f000    000000cc               : biosdata.o674 (.bss)
                  1182f0cc    0000009c               : swi.o674 (.bss)
                  1182f168    00000048               : knl.o674 (.bss)
                  1182f1b0    00000028     hellocfg.obj (.bss)
                  1182f1d8    00000020     bios.a674 : exc_asm.o674 (.bss)
                  1182f1f8    00000018               : hwi.o674 (.bss)
                  1182f210    00000018     lnkrtdx.a674 : rtdx.o674 (.bss)
                  1182f228    00000014     hello.obj (.bss)
                  1182f23c    00000010     bios.a674 : exc.o674 (.bss)
                  1182f24c    00000010     rtdx64xplus.lib : buffer1.o64P (.bss)
                  1182f25c    00000010                     : rtdx_mon.o64P (.bss)
                  1182f26c    0000000c     bios.a674 : tsk.o674 (.bss)
                  1182f278    00000008               : clk_data.o674 (.bss)
                  1182f280    00000008               : sys.o674 (.bss)
                  1182f288    00000004               : clk_data2.o674 (.bss)
                  1182f28c    00000004               : idl_busy.o674 (.bss)
                  1182f290    00000004               : mem_asm.o674 (.bss)
                  1182f294    00000004     block_sine.obj (.bss)
                  1182f298    00000004     evmc6748_bsl.lib : evmc6748_i2c.obj (.bss)

.hst0      0    1182f29c    00000100     UNINITIALIZED
                  1182f29c    00000100     hellocfg.obj (.hst0)

.tsk       0    1182f39c    00000060     UNINITIALIZED
                  1182f39c    00000060     hellocfg.obj (.tsk)

.hwi_vec   0    1182f400    00000200     
                  1182f400    00000200     hellocfg.obj (.hwi_vec)

.trace     0    1182f600    00000200     
                  1182f600    00000200     --HOLE-- [fill = 00000000]

.pip       0    1182f800    000000c8     UNINITIALIZED
                  1182f800    000000c8     hellocfg.obj (.pip)

.swi       0    1182f8c8    00000058     UNINITIALIZED
                  1182f8c8    00000058     hellocfg.obj (.swi)

.switch    0    1182f920    00000054     
                  1182f920    00000024     evmc6748_bsl.lib : evmc6748_gpio.obj (.switch:_getRegisterBankAndBit)
                  1182f944    00000020                      : evmc6748_dip.obj (.switch:_convertDipToI2CGpio)
                  1182f964    00000010     kiss_fft.obj (.switch:_kf_work)

.sts       0    1182f974    00000050     
                  1182f974    00000050     hellocfg.obj (.sts)

.gblinit   0    1182f9c4    0000004c     
                  1182f9c4    0000004c     hellocfg.obj (.gblinit)

.log       0    1182fa10    00000030     
                  1182fa10    00000030     hellocfg.obj (.log)

.idlcal    0    1182fa40    00000010     UNINITIALIZED
                  1182fa40    00000010     hellocfg.obj (.idlcal)

.sys       0    1182fa50    00000010     UNINITIALIZED
                  1182fa50    00000010     hellocfg.obj (.sys)

.pinit     0    1182fa60    0000000c     
                  1182fa60    00000004     rtdx64xplus.lib : buffer1.o64P (.pinit)
                  1182fa64    00000004                     : rtdx_mon.o64P (.pinit)
                  1182fa68    00000004     --HOLE-- [fill = 0]

.trcdata   0    1182fa6c    0000000c     
                  1182fa6c    0000000c     bios.a674 : trc.o674 (.trcdata)


GLOBAL SYMBOLS: SORTED ALPHABETICALLY BY Name 

address    name
--------   ----
1182ef00   $bss
1182ef00   .bss
11800000   .data
11819c40   .text
1182d9c4   BIOS$$CLKOFF
1182d984   BIOS$$CLKON
1182d800   BIOS_init
1182da30   BIOS_start
00000000   BUF$
00000001   BUF_ENABLED
11823458   C$$IO$$
ffffffff   CACHE_L1D
ffffffff   CACHE_L1P
00000001   CLK$
1182aff8   CLK_A_TABBEG
00000001   CLK_CALDIV
00000001   CLK_CALMULT
000493e0   CLK_COUNTSPMS
00000004   CLK_COUNTSPMSHIGH
1182f028   CLK_D_idletime
1182f024   CLK_D_isrhook
1182f020   CLK_D_tabbeg
1182f01c   CLK_D_timefxn
00000001   CLK_ENABLEHTIME
118279a0   CLK_F_gethtime
11826540   CLK_F_getltime
11826550   CLK_F_isr
11826690   CLK_F_itime
11824220   CLK_HOOKFXN
00000001   CLK_HTIMEDIV
00000001   CLK_HTIMEMULT
000493e0   CLK_HTIMEPERLTIME
00005dc0   CLK_INPUTCLK
00004000   CLK_INTBIT
00000001   CLK_LTIMEDIV
000493e0   CLK_LTIMEMULT
000003e8   CLK_MICROSECS
00000001   CLK_POWERENABLE
00005dc0   CLK_PRD
00000000   CLK_PRDHIGH
01c20000   CLK_REGS
00000001   CLK_RESETTIMER
1182f018   CLK_R_time
00000020   CLK_TCR
00000000   CLK_TDDR
00000000   CLK_TDDRHIGH
118279a0   CLK_TIMEFXN
00000000   CLK_TIMERNUM
00000005   CLK_TIMMODE
00000001   CLK_USETIMER
1182affc   CLK_null
ffffffff   DDR
00000000   DEV$
00000000   DGN$
00000000   DHL$
00000000   DHL_gChannelsAvailable
00000000   DIO$
00000000   DIO_NUMSWIBASE
00000000   DIO_NUMTSKBASE
00000000   DIO_STATIC
00000000   DPI$
00000000   ECM$
00000000   ECM_ENABLE
ffffffff   ECM_EVTMASK0
ffffffff   ECM_EVTMASK1
ffffffff   ECM_EVTMASK2
ffffffff   ECM_EVTMASK3
0000000a   EVENT10
00000064   EVENT100
00000065   EVENT101
00000066   EVENT102
00000067   EVENT103
00000068   EVENT104
00000069   EVENT105
0000006a   EVENT106
0000006b   EVENT107
0000006c   EVENT108
0000006d   EVENT109
0000000b   EVENT11
0000006e   EVENT110
0000006f   EVENT111
00000070   EVENT112
00000071   EVENT113
00000072   EVENT114
00000073   EVENT115
00000074   EVENT116
00000075   EVENT117
00000076   EVENT118
00000077   EVENT119
0000000c   EVENT12
00000078   EVENT120
00000079   EVENT121
0000007a   EVENT122
0000007b   EVENT123
0000007c   EVENT124
0000007d   EVENT125
0000007e   EVENT126
0000007f   EVENT127
0000000d   EVENT13
0000000e   EVENT14
0000000f   EVENT15
00000010   EVENT16
00000011   EVENT17
00000012   EVENT18
00000013   EVENT19
00000014   EVENT20
00000015   EVENT21
00000016   EVENT22
00000017   EVENT23
00000018   EVENT24
00000019   EVENT25
0000001a   EVENT26
0000001b   EVENT27
0000001c   EVENT28
0000001d   EVENT29
0000001e   EVENT30
0000001f   EVENT31
00000020   EVENT32
00000021   EVENT33
00000022   EVENT34
00000023   EVENT35
00000024   EVENT36
00000025   EVENT37
00000026   EVENT38
00000027   EVENT39
00000004   EVENT4
00000028   EVENT40
00000029   EVENT41
0000002a   EVENT42
0000002b   EVENT43
0000002c   EVENT44
0000002d   EVENT45
0000002e   EVENT46
0000002f   EVENT47
00000030   EVENT48
00000031   EVENT49
00000005   EVENT5
00000032   EVENT50
00000033   EVENT51
00000034   EVENT52
00000035   EVENT53
00000036   EVENT54
00000037   EVENT55
00000038   EVENT56
00000039   EVENT57
0000003a   EVENT58
0000003b   EVENT59
00000006   EVENT6
0000003c   EVENT60
0000003d   EVENT61
0000003e   EVENT62
0000003f   EVENT63
00000040   EVENT64
00000041   EVENT65
00000042   EVENT66
00000043   EVENT67
00000044   EVENT68
00000045   EVENT69
00000007   EVENT7
00000046   EVENT70
00000047   EVENT71
00000048   EVENT72
00000049   EVENT73
0000004a   EVENT74
0000004b   EVENT75
0000004c   EVENT76
0000004d   EVENT77
0000004e   EVENT78
0000004f   EVENT79
00000008   EVENT8
00000050   EVENT80
00000051   EVENT81
00000052   EVENT82
00000053   EVENT83
00000054   EVENT84
00000055   EVENT85
00000056   EVENT86
00000057   EVENT87
00000058   EVENT88
00000059   EVENT89
00000009   EVENT9
0000005a   EVENT90
0000005b   EVENT91
0000005c   EVENT92
0000005d   EVENT93
0000005e   EVENT94
0000005f   EVENT95
00000060   EVENT96
00000061   EVENT97
00000062   EVENT98
00000063   EVENT99
11827540   FXN_F_nop
11827544   FXN_F_run
11827580   FXN_F_zero
00000001   GBL$
00005205   GBL_A_VERSION
00000000   GBL_BCACHEREADADDR0
00000000   GBL_BCACHEREADADDR1
00000000   GBL_BCACHEREADADDR2
00000000   GBL_BIGENDIAN
00000000   GBL_CACHE
00000000   GBL_CALLCSLCFGINIT
00004e20   GBL_CLKIN
00001a5b   GBL_CLKTYPE
00001a5c   GBL_DSPSUBTYPE
0000003e   GBL_DSPTYPE
00000001   GBL_ENABLEINST
00000000   GBL_ENABLE_SK
00000042   GBL_FOOTPRINT
000493e0   GBL_FREQ
00000000   GBL_GEMTRUECOMPEN
00000007   GBL_L1DMODE
00000007   GBL_L1PMODE
00000001   GBL_L2CONFIGURE
00000000   GBL_L2MAR0_31
00000001   GBL_L2MAR128_159
00000000   GBL_L2MAR160_191
ffffffff   GBL_L2MAR192_223
00000000   GBL_L2MAR224_255
00000000   GBL_L2MAR32_63
00000000   GBL_L2MAR64_95
00000000   GBL_L2MAR96_127
00000000   GBL_L2MODE
00000000   GBL_NULL
00000000   GBL_PROCID
00000000   GBL_ROM
00000000   GBL_SUPPORTCSL
0000dbef   GBL_TRCMASKVALUE
00000000   GBL_USERINIT
118278e0   GBL_USERINITFXN
00000001   GBL_boot
1182fa74   GBL_initdone
1182eb00   GBL_stackbeg
1182eeff   GBL_stackend
00000000   GIO$
118278e0   GIO_CREATEFXN
118278e0   GIO_DELETEFXN
118278e0   GIO_PENDFXN
118278e0   GIO_POSTFXN
00000000   HOOK$
00000000   HOOK_KNLID
00000001   HST$
1182cfc0   HST_A_TABBEG
1182cffc   HST_A_TABEND
00000000   HST_DSM
1182f1bc   HST_DSMBUFSEG
00000400   HST_DSMMEMSIZE
1182f094   HST_D_chanmask
1182f098   HST_D_tabbeg
1182f09c   HST_D_tabend
000000ff   HST_MAXFRAMEALLOWED
00000040   HST_MAXFRAMESET
00000000   HST_NONE
00000001   HST_RTDX
00000001   HWI$
1182f400   HWI_A_VECS
00005828   HWI_CFGDISPATCHED
1182f208   HWI_D_bss
1182f20c   HWI_D_ccmask
1182f1f8   HWI_D_spsave
00000001   HWI_ENABLE_EXC
11824220   HWI_F_dispatch
00000000   HWI_GENERATE_RESET_VEC
0000000a   HWI_INT10
00000000   HWI_INT10$hwi
0000000b   HWI_INT11
00000000   HWI_INT11$hwi
0000000c   HWI_INT12
00000000   HWI_INT12$hwi
0000000d   HWI_INT13
00000000   HWI_INT13$hwi
0000000e   HWI_INT14
00000000   HWI_INT14$hwi
0000000f   HWI_INT15
00000000   HWI_INT15$hwi
00000004   HWI_INT4
00000000   HWI_INT4$hwi
00000005   HWI_INT5
00000000   HWI_INT5$hwi
00000006   HWI_INT6
00000000   HWI_INT6$hwi
00000007   HWI_INT7
00000000   HWI_INT7$hwi
00000008   HWI_INT8
00000000   HWI_INT8$hwi
00000009   HWI_INT9
00000000   HWI_INT9$hwi
07063d04   HWI_INTRMUX1
0b0a0908   HWI_INTRMUX2
28040d0c   HWI_INTRMUX3
00000001   HWI_NMI
00000000   HWI_NMI$hwi
00000000   HWI_POLARITYMASK
00000002   HWI_RESERVED0
00000000   HWI_RESERVED0$hwi
00000003   HWI_RESERVED1
00000000   HWI_RESERVED1$hwi
00000000   HWI_RESET
00000000   HWI_RESET$hwi
00000000   HWI_ZEROTAB
00000001   IDL$
1182fa40   IDL_A_CALBEG
1182dd70   IDL_A_TABBEG
00000006   IDL_CALIBRERROR
118277e0   IDL_CALIBRFXN
1182f28c   IDL_D_busyObj
1182f008   IDL_D_calbeg
1182f004   IDL_D_calibrate
1182f000   IDL_D_tabbeg
1182dd7c   IDL_END
1182fa4c   IDL_END$
11827600   IDL_F_busy
11827460   IDL_F_calibrate
11827920   IDL_F_loop
118277e0   IDL_F_stub
00000001   IDL_USECLKIDLTIME
1182f9b8   IDL_busyObj
1182e76a   IDL_busyObj$avgfmt
00000001   IDL_busyObj$filter
00000001   IDL_busyObj$iA
00000000   IDL_busyObj$iB
00000001   IDL_busyObj$iC
1182e764   IDL_busyObj$maxfmt
00000000   IDL_busyObj$operation
1182f9b4   IDL_busyObj$stsobj
1182e767   IDL_busyObj$sumfmt
00000002   IDL_busyObj$unittype
1182dd70   IDL_cpuLoad
1182fa40   IDL_cpuLoad$
1182f1bc   IRAM
118279c0   IRAM$B
00002000   IRAM$L
00000001   ISRC$
11826838   KNL_glue
1182f8f4   KNL_swi
00000001   KNL_swi$dorta
00000002   KNL_swi$ord
00000000   KNL_swi$pri
1182f998   KNL_swi$sts
1182e740   KNL_swi$sts$avgfmt
00000002   KNL_swi$sts$filter
00000001   KNL_swi$sts$filtmaxmult
00000001   KNL_swi$sts$filtsummult
1182e730   KNL_swi$sts$maxfmt
1182f994   KNL_swi$sts$stsobj
1182e738   KNL_swi$sts$sumfmt
00000000   KNL_swi$sts$unittype
00000000   KNL_swi$swi
ffffffff   L3_CBA_RAM
00000001   LCK$
118236e0   LNK_F_checkBufferCall
11823760   LNK_F_dataPump
11823700   LNK_F_getChanPtr
11823758   LNK_F_init
11823c68   LNK_F_readCallBack
1182dd74   LNK_dataPump
1182fa44   LNK_dataPump$
1182f214   LNK_dspFrameReadyMask
1182f210   LNK_dspFrameRequestMask
118239e0   LNK_newin
11823b14   LNK_newout
11823770   LNK_rcloop
11823834   LNK_rdrtry
1182f21c   LNK_readDone
1182f220   LNK_readFail
1182f218   LNK_readPend
11823844   LNK_rrloop
1182f224   LNK_writeFail
11823910   LNK_wrloop
11823904   LNK_wrrtry
00000001   LOG$
1182fa10   LOG_A_TABBEG
1182fa40   LOG_A_TABEND
00000002   LOG_A_TABLEN
1182f00c   LOG_D_system
00000001   LOG_ENABLED
118273e0   LOG_F_event
1182fa10   LOG_system
1182d000   LOG_system$buf
00000000   LOG_system$datatype
00000000   LOG_system$log
00000200   LOG_system$size
00000000   MBX$
00000001   MEM$
1182f1bc   MEM_MALLOCSEG
00000000   MEM_NULL
1182f1bc   MEM_SEGZERO
00000000   MEM_USEMPC
00000001   MEM_gNumHeap
00000000   MSGQ$
00000000   MSGQ_USEMSGQ
00000000   OBJ$
00000000   PIP$
1182f800   PIP_A_TABBEG
1182f8c8   PIP_A_TABEND
00000002   PIP_A_TABLEN
1182f010   PIP_D_tabbeg
1182f014   PIP_D_tablen
11825eb8   PIP_F_give
11825eb8   PIP_F_probe
11825f88   PIP_F_start
11825e40   PIP_F_take
00000064   PIP_OBJSIZE
00000000   PIP_gNextId
00000002   PIP_gNumEmbed
00000000   POOL$
00000000   POOL_USEPOOL
00000001   PRD$
1182afd8   PRD0
1182aff4   PRD0$aaa
00000000   PRD0$mode
00000001   PRD0$ord
000001f4   PRD0$period
00000000   PRD0$prd
1182f978   PRD0$sts
1182e70b   PRD0$sts$avgfmt
00000000   PRD0$sts$filter
1182e6f9   PRD0$sts$maxfmt
1182f974   PRD0$sts$stsobj
1182e702   PRD0$sts$sumfmt
00000002   PRD0$sts$unittype
1182afd8   PRD_A_TABBEG
1182aff8   PRD_A_TABEND
00000001   PRD_A_TABLEN
1182f050   PRD_D_cur
1182f054   PRD_D_elapsed
1182f058   PRD_D_prevtim
1182f05c   PRD_D_scalar
1182f060   PRD_D_swihandle
1182f064   PRD_D_tabbeg
1182f068   PRD_D_tablen
1182f06c   PRD_D_thook
1182f04c   PRD_D_tick
11824bc0   PRD_F_swi
11824e44   PRD_F_tick
00000001   PRD_SCALAR
1182f8c8   PRD_SWIHANDLE
11825a54   PRD_THOOKFXN
1182aff8   PRD_clock
1182f8c8   PRD_swi
00000001   PRD_swi$dorta
00000001   PRD_swi$ord
00000001   PRD_swi$pri
1182f988   PRD_swi$sts
1182e726   PRD_swi$sts$avgfmt
00000002   PRD_swi$sts$filter
00000001   PRD_swi$sts$filtmaxmult
00000001   PRD_swi$sts$filtsummult
1182e716   PRD_swi$sts$maxfmt
1182f984   PRD_swi$sts$stsobj
1182e71e   PRD_swi$sts$sumfmt
00000000   PRD_swi$sts$unittype
00000000   PRD_swi$swi
00000001   PWRM$
00000030   PWRM_PWRM_CAPSMASK
0000000a   PWRM_PWRM_CLKTICKSPERSLOT
00000000   PWRM_PWRM_ENABLE
00000002   PWRM_PWRM_INITSPCPU
00000000   PWRM_PWRM_INITSPPER
00000000   PWRM_PWRM_LOADENABLE
00000001   PWRM_PWRM_NUMSLOTS
00000000   PWRM_PWRM_RESOURCETRACKING
00000000   PWRM_PWRM_SCALING
118278e0   PWRM_PWRM_SHAREDRESOURCEFXN
118278e0   PWRM_PWRM_SLOTHOOKFXN
00000000   PWRM_PWRM_TIMERIDNUM
00000000   PWRM_PWRM_TIMERINTRMASK
00000000   PWRM_PWRM_TIMERWUGENMASK
00000000   PWRM_PWRM_USERRESOURCES
00000000   PWRM_PWRM_USETIMER
00000001   QUE$
1182f070   RTA_D_fromHost
1182f078   RTA_D_logval
1182f088   RTA_D_stsval
1182f074   RTA_D_toHost
11827820   RTA_F_andn
118252a0   RTA_F_dispatch
118251c0   RTA_F_getlog
118251f8   RTA_F_getsts
11827838   RTA_F_or
11825238   RTA_F_readblk
11825260   RTA_F_resetmem
11825254   RTA_F_writeword
1182dd78   RTA_dispatcher
1182fa48   RTA_dispatcher$
118252ec   RTA_execute
1182cfc4   RTA_fromHost
1182dd60   RTA_fromHost$buf
00000004   RTA_fromHost$framesize
00000000   RTA_fromHost$hst
00000001   RTA_fromHost$id
00000000   RTA_fromHost$mode
1182f800   RTA_fromHost$pipe
1182f830   RTA_fromHost$pipe$aaa
1182f860   RTA_fromHost$pipe$bbb
1182f1c0   RTA_fromHost$pipe$dtab
1182f804   RTA_fromHost$pipe$rd
1182f834   RTA_fromHost$pipe$wr
1182cfcc   RTA_fromHost$rtdx
1182cfe0   RTA_toHost
1182f29c   RTA_toHost$buf
00000040   RTA_toHost$framesize
00000000   RTA_toHost$hst
00000000   RTA_toHost$id
00000001   RTA_toHost$mode
1182f864   RTA_toHost$pipe
1182f894   RTA_toHost$pipe$aaa
1182f8c4   RTA_toHost$pipe$bbb
1182f1cc   RTA_toHost$pipe$dtab
1182f868   RTA_toHost$pipe$rd
1182f898   RTA_toHost$pipe$wr
1182cfe8   RTA_toHost$rtdx
00000001   RTDX$
00000408   RTDX_BUFMEMSIZE
1182f1bc   RTDX_DATAMEMSEG
00000000   RTDX_MODE
00000001   RTDX_NORMALIZED_HDR
00000001   RTDX_USERTDX
00000000   RTDX_USERTEXECUTION
00000000   SEM$
00000000   SIO$
00000001   STS$
1182f974   STS_A_TABBEG
1182f9c4   STS_A_TABEND
118276ec   STS_F_add
118276c0   STS_F_delta
11827708   STS_F_reset
00000001   SWI$
1182f8c8   SWI_A_TABBEG
1182f920   SWI_A_TABEND
00000002   SWI_A_TABLEN
1182f0e4   SWI_D_curfxn
1182f0d4   SWI_D_curmask
1182f0e0   SWI_D_curmbox
1182f0d8   SWI_D_curset
1182f0d0   SWI_D_execaddr
1182f0ec   SWI_D_inswi
1182f0dc   SWI_D_lock
1182f0e8   SWI_D_rdybeg
1182f0f0   SWI_D_rdytab
1182f0cc   SWI_D_runaddr
00000000   SWI_EHOOKFXN
118248e4   SWI_EXECFXN
11824700   SWI_F_enable
118248e4   SWI_F_exec
1182490c   SWI_F_iexec
11824770   SWI_F_post
1182498c   SWI_F_run
00000000   SWI_IHOOKFXN
1182498c   SWI_RUNFXN
00000001   SYS$
1182fa50   SYS$config
11827860   SYS_ABORTFXN
11827960   SYS_ERRORFXN
11827980   SYS_EXITFXN
118278a0   SYS_PUTCFXN
1182fa70   TRC_R_mask
1182fa6c   TRC_cinit
00000001   TSK$
00000000   TSK_NUM_HOOKS
00000001   TSK_PRIORITY
00000000   TSK_READYFXN
00000000   TSK_STACKSEG
00000400   TSK_STACKSIZE
00000000   TSK_SWITCHFXN
118278e0   TSK_VCREATEFXN
118278e0   TSK_VDELETEFXN
118278e0   TSK_VEXITFXN
1182f3a8   TSK_idle
00000000   TSK_idle$ord
00000000   TSK_idle$pri
1182e700   TSK_idle$stack
1182ea98   TSK_idle$stkptr
1182f9a8   TSK_idle$sts
1182e75a   TSK_idle$sts$avgfmt
00000002   TSK_idle$sts$filter
00000001   TSK_idle$sts$filtmaxmult
00000001   TSK_idle$sts$filtsummult
1182e74a   TSK_idle$sts$maxfmt
1182f9a4   TSK_idle$sts$stsobj
1182e752   TSK_idle$sts$sumfmt
00000000   TSK_idle$sts$unittype
00000000   TSK_idle$tsk
00000000   UDEV$
1181cd04   _AIC3106_Init
1181cdb8   _AIC3106_readRegister
1181ce24   _AIC3106_writeRegister
118278e0   _BCACHE_bootInit
11826bf4   _BCACHE_getMar
11826ba4   _BCACHE_getSize
11826b74   _BCACHE_setCacheToSram
11826b24   _BCACHE_setMar
11826ae0   _BCACHE_setSize
1182d800   _BIOS_init
1182da30   _BIOS_start
ffffffff   _CACHE_L1D
ffffffff   _CACHE_L1P
000493e0   _CLK_COUNTSPMS
1182f278   _CLK_DFLTMICROSECS
1182f048   _CLK_D_countspms
1182f03c   _CLK_D_dirty
1182f27c   _CLK_D_microseconds
1182f040   _CLK_D_prd
1182f044   _CLK_D_tddr
11826690   _CLK_F_itime
00005dc0   _CLK_PRD
01c20000   _CLK_REGS
00000000   _CLK_TDDR
00000000   _CLK_TIMERNUM
00000001   _CLK_USETIMER
118279a0   _CLK_gethtime
1182f02c   _CLK_htimeDiv
1182f030   _CLK_htimeMult
1182f288   _CLK_htimePerLtime
1181937c   _CLK_inputClock
11826690   _CLK_itime
1182f034   _CLK_ltimeDiv
1182f038   _CLK_ltimeMult
11827780   _CLK_measure
ffffffff   _DDR
11821124   _DIP_get
11821188   _DIP_getAll
11821100   _DIP_init
0000000a   _EVENT10
00000064   _EVENT100
00000065   _EVENT101
00000066   _EVENT102
00000067   _EVENT103
00000068   _EVENT104
00000069   _EVENT105
0000006a   _EVENT106
0000006b   _EVENT107
0000006c   _EVENT108
0000006d   _EVENT109
0000000b   _EVENT11
0000006e   _EVENT110
0000006f   _EVENT111
00000070   _EVENT112
00000071   _EVENT113
00000072   _EVENT114
00000073   _EVENT115
00000074   _EVENT116
00000075   _EVENT117
00000076   _EVENT118
00000077   _EVENT119
0000000c   _EVENT12
00000078   _EVENT120
00000079   _EVENT121
0000007a   _EVENT122
0000007b   _EVENT123
0000007c   _EVENT124
0000007d   _EVENT125
0000007e   _EVENT126
0000007f   _EVENT127
0000000d   _EVENT13
0000000e   _EVENT14
0000000f   _EVENT15
00000010   _EVENT16
00000011   _EVENT17
00000012   _EVENT18
00000013   _EVENT19
00000014   _EVENT20
00000015   _EVENT21
00000016   _EVENT22
00000017   _EVENT23
00000018   _EVENT24
00000019   _EVENT25
0000001a   _EVENT26
0000001b   _EVENT27
0000001c   _EVENT28
0000001d   _EVENT29
0000001e   _EVENT30
0000001f   _EVENT31
00000020   _EVENT32
00000021   _EVENT33
00000022   _EVENT34
00000023   _EVENT35
00000024   _EVENT36
00000025   _EVENT37
00000026   _EVENT38
00000027   _EVENT39
00000004   _EVENT4
00000028   _EVENT40
00000029   _EVENT41
0000002a   _EVENT42
0000002b   _EVENT43
0000002c   _EVENT44
0000002d   _EVENT45
0000002e   _EVENT46
0000002f   _EVENT47
00000030   _EVENT48
00000031   _EVENT49
00000005   _EVENT5
00000032   _EVENT50
00000033   _EVENT51
00000034   _EVENT52
00000035   _EVENT53
00000036   _EVENT54
00000037   _EVENT55
00000038   _EVENT56
00000039   _EVENT57
0000003a   _EVENT58
0000003b   _EVENT59
00000006   _EVENT6
0000003c   _EVENT60
0000003d   _EVENT61
0000003e   _EVENT62
0000003f   _EVENT63
00000040   _EVENT64
00000041   _EVENT65
00000042   _EVENT66
00000043   _EVENT67
00000044   _EVENT68
00000045   _EVENT69
00000007   _EVENT7
00000046   _EVENT70
00000047   _EVENT71
00000048   _EVENT72
00000049   _EVENT73
0000004a   _EVENT74
0000004b   _EVENT75
0000004c   _EVENT76
0000004d   _EVENT77
0000004e   _EVENT78
0000004f   _EVENT79
00000008   _EVENT8
00000050   _EVENT80
00000051   _EVENT81
00000052   _EVENT82
00000053   _EVENT83
00000054   _EVENT84
00000055   _EVENT85
00000056   _EVENT86
00000057   _EVENT87
00000058   _EVENT88
00000059   _EVENT89
00000009   _EVENT9
0000005a   _EVENT90
0000005b   _EVENT91
0000005c   _EVENT92
0000005d   _EVENT93
0000005e   _EVENT94
0000005f   _EVENT95
00000060   _EVENT96
00000061   _EVENT97
00000062   _EVENT98
00000063   _EVENT99
1181ad48   _EVMC6748_enableDsp
1181ab60   _EVMC6748_init
1181ab8c   _EVMC6748_initRAM
1181ae10   _EVMC6748_lpscTransition
1181ad74   _EVMC6748_pinmuxConfig
118241f0   _EXC_clearLastStatus
11825c60   _EXC_dispatch
11824014   _EXC_exceptionHandler
1182f23c   _EXC_exceptionHook
11823fe0   _EXC_external
1182f244   _EXC_externalHook
11823fc0   _EXC_getLastStatus
11823f80   _EXC_init
11823cd4   _EXC_internal
1182f240   _EXC_internalHook
11823ca0   _EXC_nmi
1182f248   _EXC_nmiHook
1182f1e0   _EXC_returnPtr
11825e24   _EXC_setReturnPtr
11819be8   _EXC_status
1182f1d8   _EXC_sysTrapTable
118278e0   _FXN_F_nop
11827544   _FXN_F_run
11827580   _FXN_F_zero
00000000   _GBL_CACHE
11826c88   _GBL_cacheInit64P
1182f0a4   _GBL_clkIn
1182f0a8   _GBL_freq
11827900   _GBL_getVersion
1182f0a0   _GBL_procId
1181e178   _GPIO_getInput
1181e100   _GPIO_setDir
1181e1ec   _GPIO_setOutput
1181e26c   _GPIO_toggleLoop
11822920   _HOSTclose
11821840   _HOSTlseek
11821c40   _HOSTopen
11821d20   _HOSTread
11820f80   _HOSTrename
11822260   _HOSTunlink
11822320   _HOSTwrite
1182c000   _HSRTDX_rec
1182c760   _HSRTDX_xmt
1182cfc0   _HST_A_TABBEG
1182cffc   _HST_A_TABEND
00005828   _HWI_CFGDISPATCHED
1182f204   _HWI_D_inhwi
1182f1f8   _HWI_D_spsave
11824220   _HWI_F_dispatch
0000000a   _HWI_INT10
0000000b   _HWI_INT11
0000000c   _HWI_INT12
0000000d   _HWI_INT13
0000000e   _HWI_INT14
0000000f   _HWI_INT15
00000004   _HWI_INT4
00000005   _HWI_INT5
00000006   _HWI_INT6
00000007   _HWI_INT7
00000008   _HWI_INT8
00000009   _HWI_INT9
00000001   _HWI_NMI
00000002   _HWI_RESERVED0
00000003   _HWI_RESERVED1
00000000   _HWI_RESET
1182eef8   _HWI_STKBOTTOM
1182eb00   _HWI_STKTOP
1182f1f8   _HWI_data
118275a0   _HWI_disable
1182ef00   _HWI_dispatchTab
118275b8   _HWI_enable
118275cc   _HWI_restore
1181d514   _I2CGPIO_getInput
1181d630   _I2CGPIO_getInputAll
1181d440   _I2CGPIO_init
1181d740   _I2CGPIO_setOutput
1181d888   _I2CGPIO_setOutputAll
1181e480   _I2C_init
1181e56c   _I2C_read
1181e6c8   _I2C_write
1182f9b8   _IDL_busyObj
1182dd70   _IDL_cpuLoad
11827920   _IDL_loop
1182f1bc   _IRAM
118279c0   _IRAM_base
00002000   _IRAM_length
1182f170   _KNL_alarm
11826d40   _KNL_check
1182f194   _KNL_curqueue
1182f184   _KNL_curtask
1182f18c   _KNL_curtime
118199f0   _KNL_dummy
118270a0   _KNL_enter
11827060   _KNL_exit
11826e08   _KNL_idle
1182f1ac   _KNL_idlefxn
1182f178   _KNL_inactive
11827260   _KNL_ipost
11826e30   _KNL_max
1182f198   _KNL_maxqueue
118272e0   _KNL_post
1182f188   _KNL_prevtask
1182f17c   _KNL_priority
11819950   _KNL_queues
11825440   _KNL_run
118266e0   _KNL_saveIsrFrame
1182f180   _KNL_set
1182f174   _KNL_setpri
1182f8f4   _KNL_swi
1182f190   _KNL_swiptr
1182678c   _KNL_switch
1182f1a0   _KNL_tcreatefxn
1182f1a4   _KNL_tdeletefxn
11825a54   _KNL_tick
1182f1a8   _KNL_treadyfxn
1182f19c   _KNL_tswitchfxn
1182f168   _KNL_wFlag
1182f16c   _KNL_wList
ffffffff   _L3_CBA_RAM
11827380   _LCK_pend
11827360   _LCK_post
11820a40   _LED_init
11820a8c   _LED_isOn
11820b8c   _LED_toggle
11820b44   _LED_turnOff
11820af4   _LED_turnOn
1182dd74   _LNK_dataPump
1182f214   _LNK_dspFrameReadyMask
1182f210   _LNK_dspFrameRequestMask
1182f21c   _LNK_readDone
1182f220   _LNK_readFail
1182f218   _LNK_readPend
1182f224   _LNK_writeFail
1182fa10   _LOG_A_TABBEG
1182fa40   _LOG_A_TABEND
00000002   _LOG_A_TABLEN
1182f00c   _LOG_D_system
118273e0   _LOG_event
1182fa10   _LOG_system
1182f290   _MEM
1182f0ac   _MEM_D_NUMSEGMENTS
1182f0b4   _MEM_D_freelist
1182f0b8   _MEM_D_lockaddr
1182f0b0   _MEM_D_memtab
1182f0bc   _MEM_D_unlockaddr
11825680   _MEM_alloc
11825a80   _MEM_free
1182dc40   _MEM_init
1182f1b0   _MEM_memtab
1181ca6c   _McASP_Init
1181cb94   _McASP_Start
11819ac0   _OBJ_segtab
11819a88   _OBJ_table
1182f800   _PIP_A_TABBEG
1182f8c8   _PIP_A_TABEND
1182afd8   _PRD0
1182f04c   _PRD_D_tick
1182aff8   _PRD_clock
1182f8c8   _PRD_swi
1182dd78   _RTA_dispatcher
1182cfc4   _RTA_fromHost
1182cfe0   _RTA_toHost
1182de00   _RTDX_Buffer
1182e20c   _RTDX_Buffer_End
1182cde0   _RTDX_Buffer_Initialize
1182cf60   _RTDX_Buffer_Read
1182cea0   _RTDX_Buffer_ReadCB
1182cee0   _RTDX_Buffer_Size
1182e208   _RTDX_Buffer_Start
1182cf80   _RTDX_Buffer_Write
1182c2a0   _RTDX_Buffer_WriteCB
1182cd60   _RTDX_Final_RT_Monitor
1182ce40   _RTDX_Init_RT_Monitor
00000002   _RTDX_JTAGONLY
1182cfa0   _RTDX_Mask_IER
1182ca60   _RTDX_Mon_Queue
1182ccc0   _RTDX_Poll
00000000   _RTDX_interrupt_mask
1182cf20   _RTDX_memfill
1182e260   _RTDX_writing
1182f1bc   _SEG0
11827660   _SEM_pend
11826020   _SEM_pendEnterKnl
11826f80   _SEM_post
11826f80   _SEM_postBinary
11827120   _SEM_postEnterKnl
1182f974   _STS_A_TABBEG
1182f9c4   _STS_A_TABEND
118276ec   _STS_add
118276c0   _STS_delta
11827708   _STS_reset
11827940   _STS_set
1182f0e4   _SWI_D_curfxn
1182f0d4   _SWI_D_curmask
1182f0d8   _SWI_D_curset
1182f0d0   _SWI_D_execaddr
1182f0ec   _SWI_D_inswi
1182f0dc   _SWI_D_lock
1182f0e8   _SWI_D_rdybeg
1182f0cc   _SWI_D_runaddr
1182f0cc   _SWI_data
11824770   _SWI_post
1182f0c0   _SYS
1182f600   _SYS_PUTCBEG
1182f7ff   _SYS_PUTCEND
11827720   _SYS_abort
118274e0   _SYS_error
118271c0   _SYS_exit
11819bb0   _SYS_exitStack
1182f280   _SYS_exitStackPtr
1182f284   _SYS_exitStackTop
1181cee4   _SetGpio
1182fa70   _TRC_R_mask
1182f274   _TSK
11819a28   _TSK_ATTRS
11819a44   _TSK_config
118269a0   _TSK_exit
1182f3a8   _TSK_idle
1182dd00   _TSK_init
1182f26c   _TSK_nTasks
1182f270   _TSK_pid
118263a0   _TSK_setup
11826f04   _TSK_startup
11819a64   _TSK_timerSem
1181ce58   _USTIMER_delay
1181b760   _UTIL_isUIBoardAttached
1181b608   _UTIL_printMem
11827860   _UTL_doAbort
11827960   _UTL_doError
118278a0   _UTL_doPutc
11827980   _UTL_halt
1182aeb8   __CIOBUF_
118266b0   __CLK_lat1beg
118266d0   __CLK_lat1end
1182f0c8   __HOOK_NUMHOOKS
1182f0c4   __HOOK_knlId
11824220   __HWI_lat1beg
118243a8   __HWI_lat1end
118243a8   __HWI_lat2beg
11824584   __HWI_lat2end1
11824510   __HWI_lat2end2
118245a0   __HWI_lat3beg
11824540   __HWI_lat3end2
11827600   __IDL_lat1beg
11827640   __IDL_lat1end
11826d8c   __KNL_lat1beg
11826e08   __KNL_lat1end
118273e0   __LOG_lat1beg
11819b04   __MEM_mutex
11825260   __RTA_lat1beg
11825294   __RTA_lat1end
11826200   __SEM_dopost
1182ef00   __STACK_END
00000400   __STACK_SIZE
11824878   __SWI_lat1beg
11824924   __SWI_lat1end
11824928   __SWI_lat2beg
11824988   __SWI_lat2end
11824700   __SWI_lat3beg
1182476c   __SWI_lat3end
11819adc   __TSK_mutex
11819c2c   ___TI_enable_exit_profile_output
ffffffff   ___TI_pprof_out_hndl
ffffffff   ___TI_prof_data_size
ffffffff   ___TI_prof_data_start
11823460   ___add_dtor
118196a8   ___atexit_func_id__
ffffffff   ___binit__
1182ef00   ___bss__
ffffffff   ___c_args__
118299c0   ___cinit__
11800000   ___data__
11800000   ___edata__
1182f29c   ___end__
118236e0   ___etext__
118234a0   ___isinf
1182fa60   ___pinit__
11819c40   ___text__
11826860   __auto_init
11821e00   __c6xabi_divi
118224a0   __c6xabi_divu
11822620   __c6xabi_remi
118229c0   __cleanup
11819c24   __cleanup_ptr
118214e0   __closefile
1182e410   __ctypes_
1181bec0   __divd
1181f600   __divf
11821e00   __divi
11822a60   __divli
118224a0   __divu
11820de0   __divul
1181fb00   __divull
11822560   __doflush
11819c28   __dtors_ptr
11822c40   __fixdli
11823140   __fltlid
11823520   __frcmpyd_div
118196a0   __ft_end
11819380   __ftable
118231c0   __llshl
11823560   __llshru
11819c30   __lock
118235e0   __negll
11823600   __nop
11822ce0   __nround
1181d920   __printfi
11823660   __register_lock
11823680   __register_unlock
11822620   __remi
118235a0   __remli
1182eb00   __stack
11823340   __subcull
11819560   __tmpnams
118236a0   __trunc
11819c34   __unlock
11821940   __wrt_ok
118000d8   _aHigh
11800078   _aLow
11800098   _aMid
118000b8   _aPres
118226e0   _atexit
11821ee0   _atoi
1181b964   _audioHWI
118000e8   _bHigh
11800088   _bLow
118000a8   _bMid
118000c8   _bPres
11815180   _b_fir
1182e518   _bitval_u32
11805180   _buffer
1182db80   _c_int00
11800000   _cab
11809180   _cabFFT
11821a40   _call_dtors
1182516c   _calloc
11821fc0   _close
1181b1e8   _config_pll0
1181b424   _config_pll1
1181eb20   _cos
1181b860   _dipPRD
1182f22f   _dist
11819a84   _dtors
1182f22a   _eqBypass
11800180   _eqSignal
118196a4   _errno
1182f230   _fft
11801180   _fftSignal
1180d180   _finalSignal
11820420   _fputc
1181dd60   _fputs
11824f40   _free
11821720   _fseek
1181930c   _high
1182f22e   _highCut
1182f234   _ifft
1181ca04   _initAll
1181aa38   _kiss_fft
1181a880   _kiss_fft_alloc
1181aa48   _kiss_fft_cleanup
1181aa4c   _kiss_fft_next_fast_size
1181a9a4   _kiss_fft_stride
118191bc   _low
1182f22b   _lowCut
11822ec0   _lseek
118227a0   _ltoa
1181b780   _main
11824f64   _malloc
1182f228   _mask
118250a8   _memalign
118233a0   _memccpy
11822f60   _memcpy
118220a0   _memset
1181922c   _mid
1182f22c   _midCut
11823000   _modf
1181929c   _pres
1182f22d   _presCut
11822180   _printf
11820420   _putc
1181c9e0   _read_audio_sample
11823240   _readmsg
11824fc4   _realloc
118236c0   _remove
1182f254   _rtdxNullChanCnt
1182f258   _rtdxNullFuncCnt
1182f260   _rtdxRecNotDoneCnt
1182f268   _rtdxXmtErrorCnt
1182f25c   _rtdxXmtNotDoneCnt
1182f264   _rtdxXmtRestartCnt
1182e254   _rtdx_buffer_state
1182e210   _rtdx_mon_state
11820840   _setvbuf
11811180   _signal
1181f880   _sin
118000f8   _sine
11821b40   _sqrt
1182fa28   _trace
118232c0   _unlink
118191b0   _wHigh
11819180   _wLow
11819190   _wMid
118191a0   _wPres
118230a0   _write
1182f238   _writeIndex
1181c9f0   _write_audio_sample
11823400   _writemsg
ffffffff   binit
118299c0   cinit
11800000   edata
1182f29c   end
118236e0   etext
1182f400   hwi0
1182f420   hwi1
1182f540   hwi10
1182f560   hwi11
1182f580   hwi12
1182f5a0   hwi13
1182f5c0   hwi14
1182f5e0   hwi15
1182f440   hwi2
1182f460   hwi3
1182f480   hwi4
1182f4a0   hwi5
1182f4c0   hwi6
1182f4e0   hwi7
1182f500   hwi8
1182f520   hwi9
1182fa60   pinit
1182fa28   trace
1182b000   trace$buf
00000001   trace$datatype
00000000   trace$log
00000400   trace$size


GLOBAL SYMBOLS: SORTED BY Symbol Address 

address    name
--------   ----
00000000   BUF$
00000000   CLK_PRDHIGH
00000000   CLK_TDDR
00000000   CLK_TDDRHIGH
00000000   CLK_TIMERNUM
00000000   DEV$
00000000   DGN$
00000000   DHL$
00000000   DHL_gChannelsAvailable
00000000   DIO$
00000000   DIO_NUMSWIBASE
00000000   DIO_NUMTSKBASE
00000000   DIO_STATIC
00000000   DPI$
00000000   ECM$
00000000   ECM_ENABLE
00000000   GBL_BCACHEREADADDR0
00000000   GBL_BCACHEREADADDR1
00000000   GBL_BCACHEREADADDR2
00000000   GBL_BIGENDIAN
00000000   GBL_CACHE
00000000   GBL_CALLCSLCFGINIT
00000000   GBL_ENABLE_SK
00000000   GBL_GEMTRUECOMPEN
00000000   GBL_L2MAR0_31
00000000   GBL_L2MAR160_191
00000000   GBL_L2MAR224_255
00000000   GBL_L2MAR32_63
00000000   GBL_L2MAR64_95
00000000   GBL_L2MAR96_127
00000000   GBL_L2MODE
00000000   GBL_NULL
00000000   GBL_PROCID
00000000   GBL_ROM
00000000   GBL_SUPPORTCSL
00000000   GBL_USERINIT
00000000   GIO$
00000000   HOOK$
00000000   HOOK_KNLID
00000000   HST_DSM
00000000   HST_NONE
00000000   HWI_GENERATE_RESET_VEC
00000000   HWI_INT10$hwi
00000000   HWI_INT11$hwi
00000000   HWI_INT12$hwi
00000000   HWI_INT13$hwi
00000000   HWI_INT14$hwi
00000000   HWI_INT15$hwi
00000000   HWI_INT4$hwi
00000000   HWI_INT5$hwi
00000000   HWI_INT6$hwi
00000000   HWI_INT7$hwi
00000000   HWI_INT8$hwi
00000000   HWI_INT9$hwi
00000000   HWI_NMI$hwi
00000000   HWI_POLARITYMASK
00000000   HWI_RESERVED0$hwi
00000000   HWI_RESERVED1$hwi
00000000   HWI_RESET
00000000   HWI_RESET$hwi
00000000   HWI_ZEROTAB
00000000   IDL_busyObj$iB
00000000   IDL_busyObj$operation
00000000   KNL_swi$pri
00000000   KNL_swi$sts$unittype
00000000   KNL_swi$swi
00000000   LOG_system$datatype
00000000   LOG_system$log
00000000   MBX$
00000000   MEM_NULL
00000000   MEM_USEMPC
00000000   MSGQ$
00000000   MSGQ_USEMSGQ
00000000   OBJ$
00000000   PIP$
00000000   PIP_gNextId
00000000   POOL$
00000000   POOL_USEPOOL
00000000   PRD0$mode
00000000   PRD0$prd
00000000   PRD0$sts$filter
00000000   PRD_swi$sts$unittype
00000000   PRD_swi$swi
00000000   PWRM_PWRM_ENABLE
00000000   PWRM_PWRM_INITSPPER
00000000   PWRM_PWRM_LOADENABLE
00000000   PWRM_PWRM_RESOURCETRACKING
00000000   PWRM_PWRM_SCALING
00000000   PWRM_PWRM_TIMERIDNUM
00000000   PWRM_PWRM_TIMERINTRMASK
00000000   PWRM_PWRM_TIMERWUGENMASK
00000000   PWRM_PWRM_USERRESOURCES
00000000   PWRM_PWRM_USETIMER
00000000   RTA_fromHost$hst
00000000   RTA_fromHost$mode
00000000   RTA_toHost$hst
00000000   RTA_toHost$id
00000000   RTDX_MODE
00000000   RTDX_USERTEXECUTION
00000000   SEM$
00000000   SIO$
00000000   SWI_EHOOKFXN
00000000   SWI_IHOOKFXN
00000000   TSK_NUM_HOOKS
00000000   TSK_READYFXN
00000000   TSK_STACKSEG
00000000   TSK_SWITCHFXN
00000000   TSK_idle$ord
00000000   TSK_idle$pri
00000000   TSK_idle$sts$unittype
00000000   TSK_idle$tsk
00000000   UDEV$
00000000   _CLK_TDDR
00000000   _CLK_TIMERNUM
00000000   _GBL_CACHE
00000000   _HWI_RESET
00000000   _RTDX_interrupt_mask
00000000   trace$log
00000001   BUF_ENABLED
00000001   CLK$
00000001   CLK_CALDIV
00000001   CLK_CALMULT
00000001   CLK_ENABLEHTIME
00000001   CLK_HTIMEDIV
00000001   CLK_HTIMEMULT
00000001   CLK_LTIMEDIV
00000001   CLK_POWERENABLE
00000001   CLK_RESETTIMER
00000001   CLK_USETIMER
00000001   GBL$
00000001   GBL_ENABLEINST
00000001   GBL_L2CONFIGURE
00000001   GBL_L2MAR128_159
00000001   GBL_boot
00000001   HST$
00000001   HST_RTDX
00000001   HWI$
00000001   HWI_ENABLE_EXC
00000001   HWI_NMI
00000001   IDL$
00000001   IDL_USECLKIDLTIME
00000001   IDL_busyObj$filter
00000001   IDL_busyObj$iA
00000001   IDL_busyObj$iC
00000001   ISRC$
00000001   KNL_swi$dorta
00000001   KNL_swi$sts$filtmaxmult
00000001   KNL_swi$sts$filtsummult
00000001   LCK$
00000001   LOG$
00000001   LOG_ENABLED
00000001   MEM$
00000001   MEM_gNumHeap
00000001   PRD$
00000001   PRD0$ord
00000001   PRD_A_TABLEN
00000001   PRD_SCALAR
00000001   PRD_swi$dorta
00000001   PRD_swi$ord
00000001   PRD_swi$pri
00000001   PRD_swi$sts$filtmaxmult
00000001   PRD_swi$sts$filtsummult
00000001   PWRM$
00000001   PWRM_PWRM_NUMSLOTS
00000001   QUE$
00000001   RTA_fromHost$id
00000001   RTA_toHost$mode
00000001   RTDX$
00000001   RTDX_NORMALIZED_HDR
00000001   RTDX_USERTDX
00000001   STS$
00000001   SWI$
00000001   SYS$
00000001   TSK$
00000001   TSK_PRIORITY
00000001   TSK_idle$sts$filtmaxmult
00000001   TSK_idle$sts$filtsummult
00000001   _CLK_USETIMER
00000001   _HWI_NMI
00000001   trace$datatype
00000002   HWI_RESERVED0
00000002   IDL_busyObj$unittype
00000002   KNL_swi$ord
00000002   KNL_swi$sts$filter
00000002   LOG_A_TABLEN
00000002   PIP_A_TABLEN
00000002   PIP_gNumEmbed
00000002   PRD0$sts$unittype
00000002   PRD_swi$sts$filter
00000002   PWRM_PWRM_INITSPCPU
00000002   SWI_A_TABLEN
00000002   TSK_idle$sts$filter
00000002   _HWI_RESERVED0
00000002   _LOG_A_TABLEN
00000002   _RTDX_JTAGONLY
00000003   HWI_RESERVED1
00000003   _HWI_RESERVED1
00000004   CLK_COUNTSPMSHIGH
00000004   EVENT4
00000004   HWI_INT4
00000004   RTA_fromHost$framesize
00000004   _EVENT4
00000004   _HWI_INT4
00000005   CLK_TIMMODE
00000005   EVENT5
00000005   HWI_INT5
00000005   _EVENT5
00000005   _HWI_INT5
00000006   EVENT6
00000006   HWI_INT6
00000006   IDL_CALIBRERROR
00000006   _EVENT6
00000006   _HWI_INT6
00000007   EVENT7
00000007   GBL_L1DMODE
00000007   GBL_L1PMODE
00000007   HWI_INT7
00000007   _EVENT7
00000007   _HWI_INT7
00000008   EVENT8
00000008   HWI_INT8
00000008   _EVENT8
00000008   _HWI_INT8
00000009   EVENT9
00000009   HWI_INT9
00000009   _EVENT9
00000009   _HWI_INT9
0000000a   EVENT10
0000000a   HWI_INT10
0000000a   PWRM_PWRM_CLKTICKSPERSLOT
0000000a   _EVENT10
0000000a   _HWI_INT10
0000000b   EVENT11
0000000b   HWI_INT11
0000000b   _EVENT11
0000000b   _HWI_INT11
0000000c   EVENT12
0000000c   HWI_INT12
0000000c   _EVENT12
0000000c   _HWI_INT12
0000000d   EVENT13
0000000d   HWI_INT13
0000000d   _EVENT13
0000000d   _HWI_INT13
0000000e   EVENT14
0000000e   HWI_INT14
0000000e   _EVENT14
0000000e   _HWI_INT14
0000000f   EVENT15
0000000f   HWI_INT15
0000000f   _EVENT15
0000000f   _HWI_INT15
00000010   EVENT16
00000010   _EVENT16
00000011   EVENT17
00000011   _EVENT17
00000012   EVENT18
00000012   _EVENT18
00000013   EVENT19
00000013   _EVENT19
00000014   EVENT20
00000014   _EVENT20
00000015   EVENT21
00000015   _EVENT21
00000016   EVENT22
00000016   _EVENT22
00000017   EVENT23
00000017   _EVENT23
00000018   EVENT24
00000018   _EVENT24
00000019   EVENT25
00000019   _EVENT25
0000001a   EVENT26
0000001a   _EVENT26
0000001b   EVENT27
0000001b   _EVENT27
0000001c   EVENT28
0000001c   _EVENT28
0000001d   EVENT29
0000001d   _EVENT29
0000001e   EVENT30
0000001e   _EVENT30
0000001f   EVENT31
0000001f   _EVENT31
00000020   CLK_TCR
00000020   EVENT32
00000020   _EVENT32
00000021   EVENT33
00000021   _EVENT33
00000022   EVENT34
00000022   _EVENT34
00000023   EVENT35
00000023   _EVENT35
00000024   EVENT36
00000024   _EVENT36
00000025   EVENT37
00000025   _EVENT37
00000026   EVENT38
00000026   _EVENT38
00000027   EVENT39
00000027   _EVENT39
00000028   EVENT40
00000028   _EVENT40
00000029   EVENT41
00000029   _EVENT41
0000002a   EVENT42
0000002a   _EVENT42
0000002b   EVENT43
0000002b   _EVENT43
0000002c   EVENT44
0000002c   _EVENT44
0000002d   EVENT45
0000002d   _EVENT45
0000002e   EVENT46
0000002e   _EVENT46
0000002f   EVENT47
0000002f   _EVENT47
00000030   EVENT48
00000030   PWRM_PWRM_CAPSMASK
00000030   _EVENT48
00000031   EVENT49
00000031   _EVENT49
00000032   EVENT50
00000032   _EVENT50
00000033   EVENT51
00000033   _EVENT51
00000034   EVENT52
00000034   _EVENT52
00000035   EVENT53
00000035   _EVENT53
00000036   EVENT54
00000036   _EVENT54
00000037   EVENT55
00000037   _EVENT55
00000038   EVENT56
00000038   _EVENT56
00000039   EVENT57
00000039   _EVENT57
0000003a   EVENT58
0000003a   _EVENT58
0000003b   EVENT59
0000003b   _EVENT59
0000003c   EVENT60
0000003c   _EVENT60
0000003d   EVENT61
0000003d   _EVENT61
0000003e   EVENT62
0000003e   GBL_DSPTYPE
0000003e   _EVENT62
0000003f   EVENT63
0000003f   _EVENT63
00000040   EVENT64
00000040   HST_MAXFRAMESET
00000040   RTA_toHost$framesize
00000040   _EVENT64
00000041   EVENT65
00000041   _EVENT65
00000042   EVENT66
00000042   GBL_FOOTPRINT
00000042   _EVENT66
00000043   EVENT67
00000043   _EVENT67
00000044   EVENT68
00000044   _EVENT68
00000045   EVENT69
00000045   _EVENT69
00000046   EVENT70
00000046   _EVENT70
00000047   EVENT71
00000047   _EVENT71
00000048   EVENT72
00000048   _EVENT72
00000049   EVENT73
00000049   _EVENT73
0000004a   EVENT74
0000004a   _EVENT74
0000004b   EVENT75
0000004b   _EVENT75
0000004c   EVENT76
0000004c   _EVENT76
0000004d   EVENT77
0000004d   _EVENT77
0000004e   EVENT78
0000004e   _EVENT78
0000004f   EVENT79
0000004f   _EVENT79
00000050   EVENT80
00000050   _EVENT80
00000051   EVENT81
00000051   _EVENT81
00000052   EVENT82
00000052   _EVENT82
00000053   EVENT83
00000053   _EVENT83
00000054   EVENT84
00000054   _EVENT84
00000055   EVENT85
00000055   _EVENT85
00000056   EVENT86
00000056   _EVENT86
00000057   EVENT87
00000057   _EVENT87
00000058   EVENT88
00000058   _EVENT88
00000059   EVENT89
00000059   _EVENT89
0000005a   EVENT90
0000005a   _EVENT90
0000005b   EVENT91
0000005b   _EVENT91
0000005c   EVENT92
0000005c   _EVENT92
0000005d   EVENT93
0000005d   _EVENT93
0000005e   EVENT94
0000005e   _EVENT94
0000005f   EVENT95
0000005f   _EVENT95
00000060   EVENT96
00000060   _EVENT96
00000061   EVENT97
00000061   _EVENT97
00000062   EVENT98
00000062   _EVENT98
00000063   EVENT99
00000063   _EVENT99
00000064   EVENT100
00000064   PIP_OBJSIZE
00000064   _EVENT100
00000065   EVENT101
00000065   _EVENT101
00000066   EVENT102
00000066   _EVENT102
00000067   EVENT103
00000067   _EVENT103
00000068   EVENT104
00000068   _EVENT104
00000069   EVENT105
00000069   _EVENT105
0000006a   EVENT106
0000006a   _EVENT106
0000006b   EVENT107
0000006b   _EVENT107
0000006c   EVENT108
0000006c   _EVENT108
0000006d   EVENT109
0000006d   _EVENT109
0000006e   EVENT110
0000006e   _EVENT110
0000006f   EVENT111
0000006f   _EVENT111
00000070   EVENT112
00000070   _EVENT112
00000071   EVENT113
00000071   _EVENT113
00000072   EVENT114
00000072   _EVENT114
00000073   EVENT115
00000073   _EVENT115
00000074   EVENT116
00000074   _EVENT116
00000075   EVENT117
00000075   _EVENT117
00000076   EVENT118
00000076   _EVENT118
00000077   EVENT119
00000077   _EVENT119
00000078   EVENT120
00000078   _EVENT120
00000079   EVENT121
00000079   _EVENT121
0000007a   EVENT122
0000007a   _EVENT122
0000007b   EVENT123
0000007b   _EVENT123
0000007c   EVENT124
0000007c   _EVENT124
0000007d   EVENT125
0000007d   _EVENT125
0000007e   EVENT126
0000007e   _EVENT126
0000007f   EVENT127
0000007f   _EVENT127
000000ff   HST_MAXFRAMEALLOWED
000001f4   PRD0$period
00000200   LOG_system$size
000003e8   CLK_MICROSECS
00000400   HST_DSMMEMSIZE
00000400   TSK_STACKSIZE
00000400   __STACK_SIZE
00000400   trace$size
00000408   RTDX_BUFMEMSIZE
00001a5b   GBL_CLKTYPE
00001a5c   GBL_DSPSUBTYPE
00002000   IRAM$L
00002000   _IRAM_length
00004000   CLK_INTBIT
00004e20   GBL_CLKIN
00005205   GBL_A_VERSION
00005828   HWI_CFGDISPATCHED
00005828   _HWI_CFGDISPATCHED
00005dc0   CLK_INPUTCLK
00005dc0   CLK_PRD
00005dc0   _CLK_PRD
0000dbef   GBL_TRCMASKVALUE
000493e0   CLK_COUNTSPMS
000493e0   CLK_HTIMEPERLTIME
000493e0   CLK_LTIMEMULT
000493e0   GBL_FREQ
000493e0   _CLK_COUNTSPMS
01c20000   CLK_REGS
01c20000   _CLK_REGS
07063d04   HWI_INTRMUX1
0b0a0908   HWI_INTRMUX2
11800000   .data
11800000   ___data__
11800000   ___edata__
11800000   _cab
11800000   edata
11800078   _aLow
11800088   _bLow
11800098   _aMid
118000a8   _bMid
118000b8   _aPres
118000c8   _bPres
118000d8   _aHigh
118000e8   _bHigh
118000f8   _sine
11800180   _eqSignal
11801180   _fftSignal
11805180   _buffer
11809180   _cabFFT
1180d180   _finalSignal
11811180   _signal
11815180   _b_fir
11819180   _wLow
11819190   _wMid
118191a0   _wPres
118191b0   _wHigh
118191bc   _low
1181922c   _mid
1181929c   _pres
1181930c   _high
1181937c   _CLK_inputClock
11819380   __ftable
11819560   __tmpnams
118196a0   __ft_end
118196a4   _errno
118196a8   ___atexit_func_id__
11819950   _KNL_queues
118199f0   _KNL_dummy
11819a28   _TSK_ATTRS
11819a44   _TSK_config
11819a64   _TSK_timerSem
11819a84   _dtors
11819a88   _OBJ_table
11819ac0   _OBJ_segtab
11819adc   __TSK_mutex
11819b04   __MEM_mutex
11819bb0   _SYS_exitStack
11819be8   _EXC_status
11819c24   __cleanup_ptr
11819c28   __dtors_ptr
11819c2c   ___TI_enable_exit_profile_output
11819c30   __lock
11819c34   __unlock
11819c40   .text
11819c40   ___text__
1181a880   _kiss_fft_alloc
1181a9a4   _kiss_fft_stride
1181aa38   _kiss_fft
1181aa48   _kiss_fft_cleanup
1181aa4c   _kiss_fft_next_fast_size
1181ab60   _EVMC6748_init
1181ab8c   _EVMC6748_initRAM
1181ad48   _EVMC6748_enableDsp
1181ad74   _EVMC6748_pinmuxConfig
1181ae10   _EVMC6748_lpscTransition
1181b1e8   _config_pll0
1181b424   _config_pll1
1181b608   _UTIL_printMem
1181b760   _UTIL_isUIBoardAttached
1181b780   _main
1181b860   _dipPRD
1181b964   _audioHWI
1181bec0   __divd
1181c9e0   _read_audio_sample
1181c9f0   _write_audio_sample
1181ca04   _initAll
1181ca6c   _McASP_Init
1181cb94   _McASP_Start
1181cd04   _AIC3106_Init
1181cdb8   _AIC3106_readRegister
1181ce24   _AIC3106_writeRegister
1181ce58   _USTIMER_delay
1181cee4   _SetGpio
1181d440   _I2CGPIO_init
1181d514   _I2CGPIO_getInput
1181d630   _I2CGPIO_getInputAll
1181d740   _I2CGPIO_setOutput
1181d888   _I2CGPIO_setOutputAll
1181d920   __printfi
1181dd60   _fputs
1181e100   _GPIO_setDir
1181e178   _GPIO_getInput
1181e1ec   _GPIO_setOutput
1181e26c   _GPIO_toggleLoop
1181e480   _I2C_init
1181e56c   _I2C_read
1181e6c8   _I2C_write
1181eb20   _cos
1181f600   __divf
1181f880   _sin
1181fb00   __divull
11820420   _fputc
11820420   _putc
11820840   _setvbuf
11820a40   _LED_init
11820a8c   _LED_isOn
11820af4   _LED_turnOn
11820b44   _LED_turnOff
11820b8c   _LED_toggle
11820de0   __divul
11820f80   _HOSTrename
11821100   _DIP_init
11821124   _DIP_get
11821188   _DIP_getAll
118214e0   __closefile
11821720   _fseek
11821840   _HOSTlseek
11821940   __wrt_ok
11821a40   _call_dtors
11821b40   _sqrt
11821c40   _HOSTopen
11821d20   _HOSTread
11821e00   __c6xabi_divi
11821e00   __divi
11821ee0   _atoi
11821fc0   _close
118220a0   _memset
11822180   _printf
11822260   _HOSTunlink
11822320   _HOSTwrite
118224a0   __c6xabi_divu
118224a0   __divu
11822560   __doflush
11822620   __c6xabi_remi
11822620   __remi
118226e0   _atexit
118227a0   _ltoa
11822920   _HOSTclose
118229c0   __cleanup
11822a60   __divli
11822c40   __fixdli
11822ce0   __nround
11822ec0   _lseek
11822f60   _memcpy
11823000   _modf
118230a0   _write
11823140   __fltlid
118231c0   __llshl
11823240   _readmsg
118232c0   _unlink
11823340   __subcull
118233a0   _memccpy
11823400   _writemsg
11823458   C$$IO$$
11823460   ___add_dtor
118234a0   ___isinf
11823520   __frcmpyd_div
11823560   __llshru
118235a0   __remli
118235e0   __negll
11823600   __nop
11823660   __register_lock
11823680   __register_unlock
118236a0   __trunc
118236c0   _remove
118236e0   LNK_F_checkBufferCall
118236e0   ___etext__
118236e0   etext
11823700   LNK_F_getChanPtr
11823758   LNK_F_init
11823760   LNK_F_dataPump
11823770   LNK_rcloop
11823834   LNK_rdrtry
11823844   LNK_rrloop
11823904   LNK_wrrtry
11823910   LNK_wrloop
118239e0   LNK_newin
11823b14   LNK_newout
11823c68   LNK_F_readCallBack
11823ca0   _EXC_nmi
11823cd4   _EXC_internal
11823f80   _EXC_init
11823fc0   _EXC_getLastStatus
11823fe0   _EXC_external
11824014   _EXC_exceptionHandler
118241f0   _EXC_clearLastStatus
11824220   CLK_HOOKFXN
11824220   HWI_F_dispatch
11824220   _HWI_F_dispatch
11824220   __HWI_lat1beg
118243a8   __HWI_lat1end
118243a8   __HWI_lat2beg
11824510   __HWI_lat2end2
11824540   __HWI_lat3end2
11824584   __HWI_lat2end1
118245a0   __HWI_lat3beg
11824700   SWI_F_enable
11824700   __SWI_lat3beg
1182476c   __SWI_lat3end
11824770   SWI_F_post
11824770   _SWI_post
11824878   __SWI_lat1beg
118248e4   SWI_EXECFXN
118248e4   SWI_F_exec
1182490c   SWI_F_iexec
11824924   __SWI_lat1end
11824928   __SWI_lat2beg
11824988   __SWI_lat2end
1182498c   SWI_F_run
1182498c   SWI_RUNFXN
11824bc0   PRD_F_swi
11824e44   PRD_F_tick
11824f40   _free
11824f64   _malloc
11824fc4   _realloc
118250a8   _memalign
1182516c   _calloc
118251c0   RTA_F_getlog
118251f8   RTA_F_getsts
11825238   RTA_F_readblk
11825254   RTA_F_writeword
11825260   RTA_F_resetmem
11825260   __RTA_lat1beg
11825294   __RTA_lat1end
118252a0   RTA_F_dispatch
118252ec   RTA_execute
11825440   _KNL_run
11825680   _MEM_alloc
11825a54   PRD_THOOKFXN
11825a54   _KNL_tick
11825a80   _MEM_free
11825c60   _EXC_dispatch
11825e24   _EXC_setReturnPtr
11825e40   PIP_F_take
11825eb8   PIP_F_give
11825eb8   PIP_F_probe
11825f88   PIP_F_start
11826020   _SEM_pendEnterKnl
11826200   __SEM_dopost
118263a0   _TSK_setup
11826540   CLK_F_getltime
11826550   CLK_F_isr
11826690   CLK_F_itime
11826690   _CLK_F_itime
11826690   _CLK_itime
118266b0   __CLK_lat1beg
118266d0   __CLK_lat1end
118266e0   _KNL_saveIsrFrame
1182678c   _KNL_switch
11826838   KNL_glue
11826860   __auto_init
118269a0   _TSK_exit
11826ae0   _BCACHE_setSize
11826b24   _BCACHE_setMar
11826b74   _BCACHE_setCacheToSram
11826ba4   _BCACHE_getSize
11826bf4   _BCACHE_getMar
11826c88   _GBL_cacheInit64P
11826d40   _KNL_check
11826d8c   __KNL_lat1beg
11826e08   _KNL_idle
11826e08   __KNL_lat1end
11826e30   _KNL_max
11826f04   _TSK_startup
11826f80   _SEM_post
11826f80   _SEM_postBinary
11827060   _KNL_exit
118270a0   _KNL_enter
11827120   _SEM_postEnterKnl
118271c0   _SYS_exit
11827260   _KNL_ipost
118272e0   _KNL_post
11827360   _LCK_post
11827380   _LCK_pend
118273e0   LOG_F_event
118273e0   _LOG_event
118273e0   __LOG_lat1beg
11827460   IDL_F_calibrate
118274e0   _SYS_error
11827540   FXN_F_nop
11827544   FXN_F_run
11827544   _FXN_F_run
11827580   FXN_F_zero
11827580   _FXN_F_zero
118275a0   _HWI_disable
118275b8   _HWI_enable
118275cc   _HWI_restore
11827600   IDL_F_busy
11827600   __IDL_lat1beg
11827640   __IDL_lat1end
11827660   _SEM_pend
118276c0   STS_F_delta
118276c0   _STS_delta
118276ec   STS_F_add
118276ec   _STS_add
11827708   STS_F_reset
11827708   _STS_reset
11827720   _SYS_abort
11827780   _CLK_measure
118277e0   IDL_CALIBRFXN
118277e0   IDL_F_stub
11827820   RTA_F_andn
11827838   RTA_F_or
11827860   SYS_ABORTFXN
11827860   _UTL_doAbort
118278a0   SYS_PUTCFXN
118278a0   _UTL_doPutc
118278e0   GBL_USERINITFXN
118278e0   GIO_CREATEFXN
118278e0   GIO_DELETEFXN
118278e0   GIO_PENDFXN
118278e0   GIO_POSTFXN
118278e0   PWRM_PWRM_SHAREDRESOURCEFXN
118278e0   PWRM_PWRM_SLOTHOOKFXN
118278e0   TSK_VCREATEFXN
118278e0   TSK_VDELETEFXN
118278e0   TSK_VEXITFXN
118278e0   _BCACHE_bootInit
118278e0   _FXN_F_nop
11827900   _GBL_getVersion
11827920   IDL_F_loop
11827920   _IDL_loop
11827940   _STS_set
11827960   SYS_ERRORFXN
11827960   _UTL_doError
11827980   SYS_EXITFXN
11827980   _UTL_halt
118279a0   CLK_F_gethtime
118279a0   CLK_TIMEFXN
118279a0   _CLK_gethtime
118279c0   IRAM$B
118279c0   _IRAM_base
118299c0   ___cinit__
118299c0   cinit
1182aeb8   __CIOBUF_
1182afd8   PRD0
1182afd8   PRD_A_TABBEG
1182afd8   _PRD0
1182aff4   PRD0$aaa
1182aff8   CLK_A_TABBEG
1182aff8   PRD_A_TABEND
1182aff8   PRD_clock
1182aff8   _PRD_clock
1182affc   CLK_null
1182b000   trace$buf
1182c000   _HSRTDX_rec
1182c2a0   _RTDX_Buffer_WriteCB
1182c760   _HSRTDX_xmt
1182ca60   _RTDX_Mon_Queue
1182ccc0   _RTDX_Poll
1182cd60   _RTDX_Final_RT_Monitor
1182cde0   _RTDX_Buffer_Initialize
1182ce40   _RTDX_Init_RT_Monitor
1182cea0   _RTDX_Buffer_ReadCB
1182cee0   _RTDX_Buffer_Size
1182cf20   _RTDX_memfill
1182cf60   _RTDX_Buffer_Read
1182cf80   _RTDX_Buffer_Write
1182cfa0   _RTDX_Mask_IER
1182cfc0   HST_A_TABBEG
1182cfc0   _HST_A_TABBEG
1182cfc4   RTA_fromHost
1182cfc4   _RTA_fromHost
1182cfcc   RTA_fromHost$rtdx
1182cfe0   RTA_toHost
1182cfe0   _RTA_toHost
1182cfe8   RTA_toHost$rtdx
1182cffc   HST_A_TABEND
1182cffc   _HST_A_TABEND
1182d000   LOG_system$buf
1182d800   BIOS_init
1182d800   _BIOS_init
1182d984   BIOS$$CLKON
1182d9c4   BIOS$$CLKOFF
1182da30   BIOS_start
1182da30   _BIOS_start
1182db80   _c_int00
1182dc40   _MEM_init
1182dd00   _TSK_init
1182dd60   RTA_fromHost$buf
1182dd70   IDL_A_TABBEG
1182dd70   IDL_cpuLoad
1182dd70   _IDL_cpuLoad
1182dd74   LNK_dataPump
1182dd74   _LNK_dataPump
1182dd78   RTA_dispatcher
1182dd78   _RTA_dispatcher
1182dd7c   IDL_END
1182de00   _RTDX_Buffer
1182e208   _RTDX_Buffer_Start
1182e20c   _RTDX_Buffer_End
1182e210   _rtdx_mon_state
1182e254   _rtdx_buffer_state
1182e260   _RTDX_writing
1182e410   __ctypes_
1182e518   _bitval_u32
1182e6f9   PRD0$sts$maxfmt
1182e700   TSK_idle$stack
1182e702   PRD0$sts$sumfmt
1182e70b   PRD0$sts$avgfmt
1182e716   PRD_swi$sts$maxfmt
1182e71e   PRD_swi$sts$sumfmt
1182e726   PRD_swi$sts$avgfmt
1182e730   KNL_swi$sts$maxfmt
1182e738   KNL_swi$sts$sumfmt
1182e740   KNL_swi$sts$avgfmt
1182e74a   TSK_idle$sts$maxfmt
1182e752   TSK_idle$sts$sumfmt
1182e75a   TSK_idle$sts$avgfmt
1182e764   IDL_busyObj$maxfmt
1182e767   IDL_busyObj$sumfmt
1182e76a   IDL_busyObj$avgfmt
1182ea98   TSK_idle$stkptr
1182eb00   GBL_stackbeg
1182eb00   _HWI_STKTOP
1182eb00   __stack
1182eef8   _HWI_STKBOTTOM
1182eeff   GBL_stackend
1182ef00   $bss
1182ef00   .bss
1182ef00   _HWI_dispatchTab
1182ef00   __STACK_END
1182ef00   ___bss__
1182f000   IDL_D_tabbeg
1182f004   IDL_D_calibrate
1182f008   IDL_D_calbeg
1182f00c   LOG_D_system
1182f00c   _LOG_D_system
1182f010   PIP_D_tabbeg
1182f014   PIP_D_tablen
1182f018   CLK_R_time
1182f01c   CLK_D_timefxn
1182f020   CLK_D_tabbeg
1182f024   CLK_D_isrhook
1182f028   CLK_D_idletime
1182f02c   _CLK_htimeDiv
1182f030   _CLK_htimeMult
1182f034   _CLK_ltimeDiv
1182f038   _CLK_ltimeMult
1182f03c   _CLK_D_dirty
1182f040   _CLK_D_prd
1182f044   _CLK_D_tddr
1182f048   _CLK_D_countspms
1182f04c   PRD_D_tick
1182f04c   _PRD_D_tick
1182f050   PRD_D_cur
1182f054   PRD_D_elapsed
1182f058   PRD_D_prevtim
1182f05c   PRD_D_scalar
1182f060   PRD_D_swihandle
1182f064   PRD_D_tabbeg
1182f068   PRD_D_tablen
1182f06c   PRD_D_thook
1182f070   RTA_D_fromHost
1182f074   RTA_D_toHost
1182f078   RTA_D_logval
1182f088   RTA_D_stsval
1182f094   HST_D_chanmask
1182f098   HST_D_tabbeg
1182f09c   HST_D_tabend
1182f0a0   _GBL_procId
1182f0a4   _GBL_clkIn
1182f0a8   _GBL_freq
1182f0ac   _MEM_D_NUMSEGMENTS
1182f0b0   _MEM_D_memtab
1182f0b4   _MEM_D_freelist
1182f0b8   _MEM_D_lockaddr
1182f0bc   _MEM_D_unlockaddr
1182f0c0   _SYS
1182f0c4   __HOOK_knlId
1182f0c8   __HOOK_NUMHOOKS
1182f0cc   SWI_D_runaddr
1182f0cc   _SWI_D_runaddr
1182f0cc   _SWI_data
1182f0d0   SWI_D_execaddr
1182f0d0   _SWI_D_execaddr
1182f0d4   SWI_D_curmask
1182f0d4   _SWI_D_curmask
1182f0d8   SWI_D_curset
1182f0d8   _SWI_D_curset
1182f0dc   SWI_D_lock
1182f0dc   _SWI_D_lock
1182f0e0   SWI_D_curmbox
1182f0e4   SWI_D_curfxn
1182f0e4   _SWI_D_curfxn
1182f0e8   SWI_D_rdybeg
1182f0e8   _SWI_D_rdybeg
1182f0ec   SWI_D_inswi
1182f0ec   _SWI_D_inswi
1182f0f0   SWI_D_rdytab
1182f168   _KNL_wFlag
1182f16c   _KNL_wList
1182f170   _KNL_alarm
1182f174   _KNL_setpri
1182f178   _KNL_inactive
1182f17c   _KNL_priority
1182f180   _KNL_set
1182f184   _KNL_curtask
1182f188   _KNL_prevtask
1182f18c   _KNL_curtime
1182f190   _KNL_swiptr
1182f194   _KNL_curqueue
1182f198   _KNL_maxqueue
1182f19c   _KNL_tswitchfxn
1182f1a0   _KNL_tcreatefxn
1182f1a4   _KNL_tdeletefxn
1182f1a8   _KNL_treadyfxn
1182f1ac   _KNL_idlefxn
1182f1b0   _MEM_memtab
1182f1bc   HST_DSMBUFSEG
1182f1bc   IRAM
1182f1bc   MEM_MALLOCSEG
1182f1bc   MEM_SEGZERO
1182f1bc   RTDX_DATAMEMSEG
1182f1bc   _IRAM
1182f1bc   _SEG0
1182f1c0   RTA_fromHost$pipe$dtab
1182f1cc   RTA_toHost$pipe$dtab
1182f1d8   _EXC_sysTrapTable
1182f1e0   _EXC_returnPtr
1182f1f8   HWI_D_spsave
1182f1f8   _HWI_D_spsave
1182f1f8   _HWI_data
1182f204   _HWI_D_inhwi
1182f208   HWI_D_bss
1182f20c   HWI_D_ccmask
1182f210   LNK_dspFrameRequestMask
1182f210   _LNK_dspFrameRequestMask
1182f214   LNK_dspFrameReadyMask
1182f214   _LNK_dspFrameReadyMask
1182f218   LNK_readPend
1182f218   _LNK_readPend
1182f21c   LNK_readDone
1182f21c   _LNK_readDone
1182f220   LNK_readFail
1182f220   _LNK_readFail
1182f224   LNK_writeFail
1182f224   _LNK_writeFail
1182f228   _mask
1182f22a   _eqBypass
1182f22b   _lowCut
1182f22c   _midCut
1182f22d   _presCut
1182f22e   _highCut
1182f22f   _dist
1182f230   _fft
1182f234   _ifft
1182f238   _writeIndex
1182f23c   _EXC_exceptionHook
1182f240   _EXC_internalHook
1182f244   _EXC_externalHook
1182f248   _EXC_nmiHook
1182f254   _rtdxNullChanCnt
1182f258   _rtdxNullFuncCnt
1182f25c   _rtdxXmtNotDoneCnt
1182f260   _rtdxRecNotDoneCnt
1182f264   _rtdxXmtRestartCnt
1182f268   _rtdxXmtErrorCnt
1182f26c   _TSK_nTasks
1182f270   _TSK_pid
1182f274   _TSK
1182f278   _CLK_DFLTMICROSECS
1182f27c   _CLK_D_microseconds
1182f280   _SYS_exitStackPtr
1182f284   _SYS_exitStackTop
1182f288   _CLK_htimePerLtime
1182f28c   IDL_D_busyObj
1182f290   _MEM
1182f29c   RTA_toHost$buf
1182f29c   ___end__
1182f29c   end
1182f3a8   TSK_idle
1182f3a8   _TSK_idle
1182f400   HWI_A_VECS
1182f400   hwi0
1182f420   hwi1
1182f440   hwi2
1182f460   hwi3
1182f480   hwi4
1182f4a0   hwi5
1182f4c0   hwi6
1182f4e0   hwi7
1182f500   hwi8
1182f520   hwi9
1182f540   hwi10
1182f560   hwi11
1182f580   hwi12
1182f5a0   hwi13
1182f5c0   hwi14
1182f5e0   hwi15
1182f600   _SYS_PUTCBEG
1182f7ff   _SYS_PUTCEND
1182f800   PIP_A_TABBEG
1182f800   RTA_fromHost$pipe
1182f800   _PIP_A_TABBEG
1182f804   RTA_fromHost$pipe$rd
1182f830   RTA_fromHost$pipe$aaa
1182f834   RTA_fromHost$pipe$wr
1182f860   RTA_fromHost$pipe$bbb
1182f864   RTA_toHost$pipe
1182f868   RTA_toHost$pipe$rd
1182f894   RTA_toHost$pipe$aaa
1182f898   RTA_toHost$pipe$wr
1182f8c4   RTA_toHost$pipe$bbb
1182f8c8   PIP_A_TABEND
1182f8c8   PRD_SWIHANDLE
1182f8c8   PRD_swi
1182f8c8   SWI_A_TABBEG
1182f8c8   _PIP_A_TABEND
1182f8c8   _PRD_swi
1182f8f4   KNL_swi
1182f8f4   _KNL_swi
1182f920   SWI_A_TABEND
1182f974   PRD0$sts$stsobj
1182f974   STS_A_TABBEG
1182f974   _STS_A_TABBEG
1182f978   PRD0$sts
1182f984   PRD_swi$sts$stsobj
1182f988   PRD_swi$sts
1182f994   KNL_swi$sts$stsobj
1182f998   KNL_swi$sts
1182f9a4   TSK_idle$sts$stsobj
1182f9a8   TSK_idle$sts
1182f9b4   IDL_busyObj$stsobj
1182f9b8   IDL_busyObj
1182f9b8   _IDL_busyObj
1182f9c4   STS_A_TABEND
1182f9c4   _STS_A_TABEND
1182fa10   LOG_A_TABBEG
1182fa10   LOG_system
1182fa10   _LOG_A_TABBEG
1182fa10   _LOG_system
1182fa28   _trace
1182fa28   trace
1182fa40   IDL_A_CALBEG
1182fa40   IDL_cpuLoad$
1182fa40   LOG_A_TABEND
1182fa40   _LOG_A_TABEND
1182fa44   LNK_dataPump$
1182fa48   RTA_dispatcher$
1182fa4c   IDL_END$
1182fa50   SYS$config
1182fa60   ___pinit__
1182fa60   pinit
1182fa6c   TRC_cinit
1182fa70   TRC_R_mask
1182fa70   _TRC_R_mask
1182fa74   GBL_initdone
28040d0c   HWI_INTRMUX3
ffffffff   CACHE_L1D
ffffffff   CACHE_L1P
ffffffff   DDR
ffffffff   ECM_EVTMASK0
ffffffff   ECM_EVTMASK1
ffffffff   ECM_EVTMASK2
ffffffff   ECM_EVTMASK3
ffffffff   GBL_L2MAR192_223
ffffffff   L3_CBA_RAM
ffffffff   _CACHE_L1D
ffffffff   _CACHE_L1P
ffffffff   _DDR
ffffffff   _L3_CBA_RAM
ffffffff   ___TI_pprof_out_hndl
ffffffff   ___TI_prof_data_size
ffffffff   ___TI_prof_data_start
ffffffff   ___binit__
ffffffff   ___c_args__
ffffffff   binit

[1181 symbols]
