******************************************************************************
               TMS320C6x Linker PC v7.4.18                     
******************************************************************************
>> Linked Tue Jun 16 11:25:45 2020

OUTPUT FILE NAME:   <GuitarAmpGitVersion.out>
ENTRY POINT SYMBOL: "_c_int00"  address: 11813cc0


MEMORY CONFIGURATION

         name            origin    length      used     unused   attr    fill
----------------------  --------  ---------  --------  --------  ----  --------
  IRAM                  11800000   00040000  00018469  00027b97  RWIX
  CACHE_L1P             11e00000   00008000  00000000  00008000  RWIX
  CACHE_L1D             11f00000   00008000  00000000  00008000  RWIX
  L3_CBA_RAM            80000000   00020000  00000000  00020000  RWIX
  DDR                   c3000000   01000000  00000000  01000000  RWIX


SECTION ALLOCATION MAP

 output                                  attributes/
section   page    origin      length       input sections
--------  ----  ----------  ----------   ----------------
.vers      0    00000000    0000003c     COPY SECTION
                  00000000    0000003c     hellocfg.obj (.vers)

.data      0    11800000    00000000     UNINITIALIZED

.text      0    11800000    00007c40     
                  11800000    00000c20     evmc6748_bsl.lib : evmc6748.obj (.text)
                  11800c20    00000620     framework.obj (.text)
                  11801240    000005a0     rts6740.lib : divd.obj (.text:__divd)
                  118017e0    00000580                 : _printfi.obj (.text:__getarg_diouxp)
                  11801d60    00000520                 : _printfi.obj (.text:__setfield)
                  11802280    000004e0     evmc6748_bsl.lib : evmc6748_i2c_gpio.obj (.text)
                  11802760    00000440     rts6740.lib : _printfi.obj (.text:__printfi)
                  11802ba0    000003a0                 : fputs.obj (.text:_fputs)
                  11802f40    00000380     evmc6748_bsl.lib : evmc6748_gpio.obj (.text)
                  118032c0    00000380                      : evmc6748_i2c.obj (.text)
                  11803640    00000320     rts6740.lib : _printfi.obj (.text:__pproc_fge)
                  11803960    000002c0                 : _printfi.obj (.text:__pproc_fwp)
                  11803c20    000002a0                 : _printfi.obj (.text:_ecvt)
                  11803ec0    000002a0                 : _printfi.obj (.text:_fcvt)
                  11804160    00000260                 : imath64.obj (.text:__divull)
                  118043c0    00000260                 : _printfi.obj (.text:__pconv_e)
                  11804620    00000240                 : _printfi.obj (.text:__pproc_diouxp)
                  11804860    00000240     hello.obj (.text)
                  11804aa0    00000220     rts6740.lib : _printfi.obj (.text:__pproc_str)
                  11804cc0    00000220                 : fputc.obj (.text:_fputc)
                  11804ee0    00000200                 : _printfi.obj (.text:__pconv_g)
                  118050e0    00000200                 : setvbuf.obj (.text:_setvbuf)
                  118052e0    000001e0     evmc6748_bsl.lib : evmc6748_led.obj (.text)
                  118054c0    000001c0     rts6740.lib : _printfi.obj (.text:__mcpy)
                  11805680    000001a0                 : imath40.obj (.text:__divul)
                  11805820    00000180                 : trgdrv.obj (.text:_HOSTrename)
                  118059a0    00000160     evmc6748_bsl.lib : evmc6748_dip.obj (.text)
                  11805b00    00000140     rts6740.lib : _printfi.obj (.text:__pproc_fflags)
                  11805c40    00000140                 : lowlev.obj (.text:_getdevice)
                  11805d80    00000120                 : fclose.obj (.text:__closefile)
                  11805ea0    00000120                 : _printfi.obj (.text:__ltostr)
                  11805fc0    00000120                 : fseek.obj (.text:_fseek)
                  118060e0    00000100                 : trgdrv.obj (.text:_HOSTlseek)
                  118061e0    00000100                 : _io_perm.obj (.text:__wrt_ok)
                  118062e0    00000100                 : sinit.obj (.text:_call_dtors)
                  118063e0    000000e0                 : trgdrv.obj (.text:_HOSTopen)
                  118064c0    000000e0                 : trgdrv.obj (.text:_HOSTread)
                  118065a0    000000e0                 : atoi.obj (.text:_atoi)
                  11806680    000000e0                 : lowlev.obj (.text:_close)
                  11806760    000000e0                 : memset.obj (.text:_memset)
                  11806840    000000e0                 : printf.obj (.text:_printf)
                  11806920    000000c0                 : trgdrv.obj (.text:_HOSTunlink)
                  118069e0    000000c0                 : trgdrv.obj (.text:_HOSTwrite)
                  11806aa0    000000c0                 : _printfi.obj (.text:__div)
                  11806b60    000000c0                 : divu.obj (.text:__divu)
                  11806c20    000000c0                 : fflush.obj (.text:__doflush)
                  11806ce0    000000c0                 : remi.obj (.text:__remi)
                  11806da0    000000c0                 : atexit.obj (.text:_atexit)
                  11806e60    000000c0                 : ltoa.obj (.text:_ltoa)
                  11806f20    000000c0     bios.a674 : tsk_stup.o674 (.text)
                  11806fe0    000000a0     rts6740.lib : trgdrv.obj (.text:_HOSTclose)
                  11807080    000000a0                 : fopen.obj (.text:__cleanup)
                  11807120    000000a0                 : imath40.obj (.text:__divli)
                  118071c0    000000a0                 : _printfi.obj (.text:__ecpy)
                  11807260    000000a0                 : _printfi.obj (.text:__fcpy)
                  11807300    000000a0                 : fixdli.obj (.text:__fixdli)
                  118073a0    000000a0                 : _printfi.obj (.text:__pconv_f)
                  11807440    000000a0                 : lowlev.obj (.text:_finddevice)
                  118074e0    000000a0                 : lowlev.obj (.text:_lseek)
                  11807580    000000a0                 : memcpy64.obj (.text:_memcpy)
                  11807620    000000a0                 : lowlev.obj (.text:_write)
                  118076c0    00000080                 : fltlid.obj (.text:__fltlid)
                  11807740    00000080                 : llshift.obj (.text:__llshl)
                  118077c0    00000080                 : trgmsg.obj (.text:_readmsg)
                  11807840    00000080                 : lowlev.obj (.text:_unlink)
                  118078c0    00000060                 : imath64.obj (.text:__subcull)
                  11807920    00000060                 : memccpy.obj (.text:_memccpy)
                  11807980    00000060                 : trgmsg.obj (.text:_writemsg)
                  118079e0    00000040                 : sinit.obj (.text:___add_dtor)
                  11807a20    00000040                 : isinf.obj (.text:___isinf)
                  11807a60    00000040                 : _printfi.obj (.text:___isnan)
                  11807aa0    00000040                 : frcmpyd_div.obj (.text:__frcmpyd_div)
                  11807ae0    00000040                 : llshift.obj (.text:__llshru)
                  11807b20    00000040                 : imath40.obj (.text:__remli)
                  11807b60    00000020                 : negll.obj (.text:__negll)
                  11807b80    00000020                 : _lock.obj (.text:__nop)
                  11807ba0    00000020                 : printf.obj (.text:__outc)
                  11807bc0    00000020                 : printf.obj (.text:__outs)
                  11807be0    00000020                 : _lock.obj (.text:__register_lock)
                  11807c00    00000020                 : _lock.obj (.text:__register_unlock)
                  11807c20    00000020                 : remove.obj (.text:_remove)

.bios      0    11807c40    000042e0     
                  11807c40    000005c0     lnkrtdx.a674 : rtdx.o674 (.bios)
                  11808200    00000580     bios.a674 : exc.o674 (.bios)
                  11808780    000004e0               : hwi_disp_asm.o674 (.bios)
                  11808c60    000004c0               : swi.o674 (.bios)
                  11809120    00000380               : prd.o674 (.bios)
                  118094a0    00000280               : malloc.o674 (.bios)
                  11809720    00000280               : rta.o674 (.bios)
                  118099a0    00000240               : knl_run.o674 (.bios)
                  11809be0    00000200               : mem_allo.o674 (.bios:.near)
                  11809de0    00000200               : knl_tick.o674 (.bios)
                  11809fe0    000001e0               : mem_free.o674 (.bios:.near)
                  1180a1c0    000001e0               : exc_asm.o674 (.bios)
                  1180a3a0    000001e0               : pip.o674 (.bios)
                  1180a580    000001e0               : sem_pend.o674 (.bios)
                  1180a760    000001a0               : sem_dopo.o674 (.bios)
                  1180a900    000001a0               : tsk_setu.o674 (.bios)
                  1180aaa0    000001a0     bios6748.a674 : clk.o674 (.bios)
                  1180ac40    00000180     bios.a674 : knl_swit.o674 (.bios)
                  1180adc0    00000140               : autoinit.o674 (.bios)
                  1180af00    00000140               : tsk_exit.o674 (.bios)
                  1180b040    00000140     bios6748.a674 : bcache_init.o674 (.bios)
                  1180b180    00000120     bios.a674 : gbl_cacheinit64P.o674 (.bios)
                  1180b2a0    00000120               : knl_chec.o674 (.bios)
                  1180b3c0    00000120               : tsk_stup.o674 (.bios)
                  1180b4e0    000000e0               : sem_post_asm.o674 (.bios)
                  1180b5c0    000000c0               : knl_exit.o674 (.bios)
                  1180b680    000000a0               : sem_post.o674 (.bios)
                  1180b720    000000a0               : sys_exit.o674 (.bios)
                  1180b7c0    00000080               : knl_ipos.o674 (.bios)
                  1180b840    00000080               : knl_post.o674 (.bios)
                  1180b8c0    00000080               : lck.o674 (.bios)
                  1180b940    00000080               : log.o674 (.bios)
                  1180b9c0    00000080     bios6748.a674 : idl_cal.o674 (.bios)
                  1180ba40    00000060     bios.a674 : sys_erro.o674 (.bios:.near)
                  1180baa0    00000060               : fxn.o674 (.bios)
                  1180bb00    00000060               : hwi_c.o674 (.bios)
                  1180bb60    00000060               : idl_busy.o674 (.bios)
                  1180bbc0    00000060               : sem_pend_counting.o674 (.bios)
                  1180bc20    00000060               : sts.o674 (.bios)
                  1180bc80    00000060               : sys_abor.o674 (.bios)
                  1180bce0    00000060     bios6748.a674 : clk_meas.o674 (.bios)
                  1180bd40    00000040     bios.a674 : idl_stub.o674 (.bios)
                  1180bd80    00000040               : rta_andn.o674 (.bios)
                  1180bdc0    00000040               : utl_doab.o674 (.bios)
                  1180be00    00000040               : utl_putc.o674 (.bios)
                  1180be40    00000020               : fxn_c.o674 (.bios)
                  1180be60    00000020               : gbl_vers.o674 (.bios)
                  1180be80    00000020               : idl.o674 (.bios)
                  1180bea0    00000020               : sts_set.o674 (.bios)
                  1180bec0    00000020               : utl_doer.o674 (.bios)
                  1180bee0    00000020               : utl_halt.o674 (.bios)
                  1180bf00    00000020     bios6748.a674 : clk_gethtime.o674 (.bios)

.cinit     0    1180bf20    0000312c     
                  1180bf20    000020b4     hello.obj (.cinit)
                  1180dfd4    00000004     --HOLE-- [fill = 0]
                  1180dfd8    000006c4     hellocfg.obj (.cinit)
                  1180e69c    00000004     --HOLE-- [fill = 0]
                  1180e6a0    0000026c     bios.a674 : biosdata.o674 (.cinit)
                  1180e90c    00000004     --HOLE-- [fill = 0]
                  1180e910    000001a4               : knl.o674 (.cinit)
                  1180eab4    00000004     --HOLE-- [fill = 0]
                  1180eab8    000000b0               : swi.o674 (.cinit)
                  1180eb68    00000080               : tsk.o674 (.cinit)
                  1180ebe8    00000068     rtdx64xplus.lib : rtdx_mon.o64P (.cinit)
                  1180ec50    00000060     bios.a674 : tsk_stup.o674 (.cinit)
                  1180ecb0    0000005c     lnkrtdx.a674 : rtdx.o674 (.cinit)
                  1180ed0c    00000004     --HOLE-- [fill = 0]
                  1180ed10    0000005c     rts6740.lib : defs.obj (.cinit)
                  1180ed6c    00000004     --HOLE-- [fill = 0]
                  1180ed70    0000005c                 : lowlev.obj (.cinit)
                  1180edcc    00000004     --HOLE-- [fill = 0]
                  1180edd0    0000004c     bios.a674 : rta.o674 (.cinit)
                  1180ee1c    00000004     --HOLE-- [fill = 0]
                  1180ee20    0000004c     rtdx64xplus.lib : buffer1.o64P (.cinit)
                  1180ee6c    00000004     --HOLE-- [fill = 0]
                  1180ee70    0000003c     bios.a674 : exc.o674 (.cinit)
                  1180eeac    00000004     --HOLE-- [fill = 0]
                  1180eeb0    00000034               : hwi.o674 (.cinit)
                  1180eee4    00000004     --HOLE-- [fill = 0]
                  1180eee8    0000002c               : utl_putc.o674 (.cinit)
                  1180ef14    00000004     --HOLE-- [fill = 0]
                  1180ef18    0000002c     rts6740.lib : exit.obj (.cinit)
                  1180ef44    00000004     --HOLE-- [fill = 0]
                  1180ef48    00000024     bios.a674 : obj_init.o674 (.cinit)
                  1180ef6c    00000004     --HOLE-- [fill = 0]
                  1180ef70    0000001c               : exc_asm.o674 (.cinit)
                  1180ef8c    00000004     --HOLE-- [fill = 0]
                  1180ef90    0000001c               : sys.o674 (.cinit)
                  1180efac    00000004     --HOLE-- [fill = 0]
                  1180efb0    0000001c     rts6740.lib : _lock.obj (.cinit)
                  1180efcc    00000004     --HOLE-- [fill = 0]
                  1180efd0    0000001c                 : atexit.obj (.cinit)
                  1180efec    00000004     --HOLE-- [fill = 0]
                  1180eff0    00000018     bios.a674 : knl_tick.o674 (.cinit)
                  1180f008    0000000c               : idl_busy.o674 (.cinit)
                  1180f014    00000004     --HOLE-- [fill = 0]
                  1180f018    0000000c               : knl_swit.o674 (.cinit)
                  1180f024    00000004     --HOLE-- [fill = 0]
                  1180f028    0000000c     rts6740.lib : fopen.obj (.cinit)
                  1180f034    00000004     --HOLE-- [fill = 0]
                  1180f038    0000000c                 : sinit.obj (.cinit)
                  1180f044    00000004     --HOLE-- [fill = 0]
                  1180f048    00000004     (.pad.cinit) [fill = 0]

.args      0    1180f04c    00000004     
                  1180f04c    00000004     --HOLE-- [fill = 0]

.far       0    1180f050    000028f0     UNINITIALIZED
                  1180f050    000020bc     hello.obj (.far)
                  1181110c    00000004     bios6748.a674 : clk_data.o674 (.far)
                  11811110    00000324     rts6740.lib : defs.obj (.far)
                  11811434    00000004                 : fopen.obj (.far)
                  11811438    00000188                 : atexit.obj (.far)
                  118115c0    0000011c                 : lowlev.obj (.far)
                  118116dc    00000004                 : sinit.obj (.far)
                  118116e0    000000d8     bios.a674 : knl.o674 (.far)
                  118117b8    0000005c               : tsk.o674 (.far)
                  11811814    00000004     --HOLE--
                  11811818    00000054               : obj_init.o674 (.far)
                  1181186c    00000050               : tsk_stup.o674 (.far)
                  118118bc    00000004     --HOLE--
                  118118c0    00000020               : sys.o674 (.far)
                  118118e0    00000018     rtdx64xplus.lib : rtdx_mon.o64P (.far)
                  118118f8    00000010     bios.a674 : exc.o674 (.far)
                  11811908    00000010               : knl_tick.o674 (.far)
                  11811918    0000000c               : utl_putc.o674 (.far)
                  11811924    0000000c     rts6740.lib : exit.obj (.far)
                  11811930    00000008                 : _lock.obj (.far)
                  11811938    00000008                 : trgdrv.obj (.far)

.IRAM$heap 
*          0    11811940    00002000     UNINITIALIZED
                  11811940    00002000     --HOLE--

.sysinit   0    11813940    00000560     
                  11813940    00000380     hellocfg.obj (.sysinit)
                  11813cc0    000000c0     bios.a674 : boot.o674 (.sysinit)
                  11813d80    000000c0               : mem_init.o674 (.sysinit)
                  11813e40    00000060               : tsk_init.o674 (.sysinit)

.cio       0    11813ea0    00000120     UNINITIALIZED
                  11813ea0    00000120     rts6740.lib : trgmsg.obj (.cio)

.hst       0    11813fc0    0000003c     UNINITIALIZED
                  11813fc0    0000003c     hellocfg.obj (.hst)

.mem       0    11813ffc    00000004     UNINITIALIZED
                  11813ffc    00000004     hellocfg.obj (.mem)

.trace$buf 
*          0    11814000    00001000     UNINITIALIZED
                  11814000    00001000     hellocfg.obj (.trace$buf)

.rtdx_text 
*          0    11815000    00000fc0     
                  11815000    000002a0     rtdx64xplus.lib : rtdx_mon.o64P (.rtdx_text:_HSRTDX_rec)
                  118152a0    00000260                     : buffer1.o64P (.rtdx_text:_RTDX_Buffer_WriteCB)
                  11815500    00000260                     : buffer1.o64P (.rtdx_text:_RTDX_write_next)
                  11815760    000001a0                     : rtdx_mon.o64P (.rtdx_text:_HSRTDX_xmt)
                  11815900    00000160                     : rtdx_mon.o64P (.rtdx_text:_RTDX_Send_To_Host)
                  11815a60    000000e0                     : rtdx_mon.o64P (.rtdx_text:_RTDX_Mon_Queue)
                  11815b40    000000e0                     : buffer1.o64P (.rtdx_text:_claim)
                  11815c20    000000a0                     : rtdx_mon.o64P (.rtdx_text:_RTDX_GetH2THeader)
                  11815cc0    000000a0                     : rtdx_mon.o64P (.rtdx_text:_RTDX_Poll)
                  11815d60    00000080                     : rtdx_mon.o64P (.rtdx_text:_RTDX_Final_RT_Monitor)
                  11815de0    00000060                     : buffer1.o64P (.rtdx_text:_RTDX_Buffer_Initialize)
                  11815e40    00000060                     : rtdx_mon.o64P (.rtdx_text:_RTDX_Init_RT_Monitor)
                  11815ea0    00000040                     : buffer2.o64P (.rtdx_text:_RTDX_Buffer_ReadCB)
                  11815ee0    00000040                     : buffer1.o64P (.rtdx_text:_RTDX_Buffer_Size)
                  11815f20    00000040                     : memfill.o64P (.rtdx_text:_RTDX_memfill)
                  11815f60    00000020                     : buffer2.o64P (.rtdx_text:_RTDX_Buffer_Read)
                  11815f80    00000020                     : buffer1.o64P (.rtdx_text:_RTDX_Buffer_Write)
                  11815fa0    00000020                     : intr_tgt.o64P (.rtdx_text)

.log       0    11815fc0    00000030     
                  11815fc0    00000030     hellocfg.obj (.log)

.hst1      0    11815ff0    00000010     UNINITIALIZED
                  11815ff0    00000010     hellocfg.obj (.hst1)

.LOG_system$buf 
*          0    11816000    00000800     UNINITIALIZED
                  11816000    00000800     hellocfg.obj (.LOG_system$buf)

.rtdx_data 
*          0    11816800    000004f4     UNINITIALIZED
                  11816800    00000080     --HOLE--
                  11816880    00000410     hellocfg.obj (.rtdx_data)
                  11816c90    00000044     rtdx64xplus.lib : rtdx_mon.o64P (.rtdx_data)
                  11816cd4    00000020                     : buffer1.o64P (.rtdx_data)

.const     0    11816cf8    00000419     
                  11816cf8    00000193     bios.a674 : exc.o674 (.const:.string)
                  11816e8b    00000004               : mem_allo.o674 (.const:.string)
                  11816e8f    00000001     --HOLE-- [fill = 0]
                  11816e90    00000101     rts6740.lib : ctype.obj (.const:.string:__ctypes_)
                  11816f91    00000004     bios.a674 : mem_free.o674 (.const:.string)
                  11816f95    00000002     rts6740.lib : fputs.obj (.const:.string)
                  11816f97    00000001     --HOLE-- [fill = 0]
                  11816f98    00000080     evmc6748_bsl.lib : evmc6748.obj (.const:_bitval_u32)
                  11817018    0000004e     bios.a674 : tsk_stup.o674 (.const:.string)
                  11817066    00000002     --HOLE-- [fill = 0]
                  11817068    00000040     evmc6748_bsl.lib : evmc6748.obj (.const:.string)
                  118170a8    00000023     bios.a674 : utl_doab.o674 (.const:.string)
                  118170cb    00000023     rts6740.lib : _printfi.obj (.const:.string)
                  118170ee    00000022     bios.a674 : utl_doer.o674 (.const:.string)
                  11817110    00000001               : tsk.o674 (.const:.string)

.printf    0    11817111    00000076     COPY SECTION
                  11817111    00000076     hellocfg.obj (.printf)

.TSK_idle$stk 
*          0    11817118    00000400     UNINITIALIZED
                  11817118    00000400     hellocfg.obj (.TSK_idle$stk)

.stack     0    11817518    00000400     UNINITIALIZED
                  11817518    00000400     --HOLE--

.bss       0    11817918    0000038c     UNINITIALIZED
                  11817918    00000100     bios.a674 : hwi_disp_asm.o674 (.bss)
                  11817a18    000000cc               : biosdata.o674 (.bss)
                  11817ae4    0000009c               : swi.o674 (.bss)
                  11817b80    00000048               : knl.o674 (.bss)
                  11817bc8    00000028     hellocfg.obj (.bss)
                  11817bf0    00000020     bios.a674 : exc_asm.o674 (.bss)
                  11817c10    00000018               : hwi.o674 (.bss)
                  11817c28    00000018     lnkrtdx.a674 : rtdx.o674 (.bss)
                  11817c40    00000010     bios.a674 : exc.o674 (.bss)
                  11817c50    00000010     rtdx64xplus.lib : buffer1.o64P (.bss)
                  11817c60    00000010                     : rtdx_mon.o64P (.bss)
                  11817c70    0000000c     bios.a674 : tsk.o674 (.bss)
                  11817c7c    00000008               : clk_data.o674 (.bss)
                  11817c84    00000008               : sys.o674 (.bss)
                  11817c8c    00000008     hello.obj (.bss)
                  11817c94    00000004     bios.a674 : clk_data2.o674 (.bss)
                  11817c98    00000004               : idl_busy.o674 (.bss)
                  11817c9c    00000004               : mem_asm.o674 (.bss)
                  11817ca0    00000004     evmc6748_bsl.lib : evmc6748_i2c.obj (.bss)

.trace     0    11817ca4    00000200     
                  11817ca4    00000200     --HOLE-- [fill = 00000000]

.hst0      0    11817ea4    00000100     UNINITIALIZED
                  11817ea4    00000100     hellocfg.obj (.hst0)

.swi       0    11817fa4    00000058     UNINITIALIZED
                  11817fa4    00000058     hellocfg.obj (.swi)

.hwi_vec   0    11818000    00000200     
                  11818000    00000200     hellocfg.obj (.hwi_vec)

.pip       0    11818200    000000c8     UNINITIALIZED
                  11818200    000000c8     hellocfg.obj (.pip)

.tsk       0    118182c8    00000060     UNINITIALIZED
                  118182c8    00000060     hellocfg.obj (.tsk)

.sts       0    11818328    00000050     
                  11818328    00000050     hellocfg.obj (.sts)

.gblinit   0    11818378    0000004c     
                  11818378    0000004c     hellocfg.obj (.gblinit)

.switch    0    118183c4    00000044     
                  118183c4    00000024     evmc6748_bsl.lib : evmc6748_gpio.obj (.switch:_getRegisterBankAndBit)
                  118183e8    00000020                      : evmc6748_dip.obj (.switch:_convertDipToI2CGpio)

.prd       0    11818408    00000020     UNINITIALIZED
                  11818408    00000020     hellocfg.obj (.prd)

.idl       0    11818428    00000010     UNINITIALIZED
                  11818428    00000010     hellocfg.obj (.idl)

.idlcal    0    11818438    00000010     UNINITIALIZED
                  11818438    00000010     hellocfg.obj (.idlcal)

.sys       0    11818448    00000010     UNINITIALIZED
                  11818448    00000010     hellocfg.obj (.sys)

.pinit     0    11818458    0000000c     
                  11818458    00000004     rtdx64xplus.lib : buffer1.o64P (.pinit)
                  1181845c    00000004                     : rtdx_mon.o64P (.pinit)
                  11818460    00000004     --HOLE-- [fill = 0]

.trcdata   0    11818464    0000000c     
                  11818464    0000000c     bios.a674 : trc.o674 (.trcdata)

.clk       0    11818470    00000008     UNINITIALIZED
                  11818470    00000008     hellocfg.obj (.clk)


GLOBAL SYMBOLS: SORTED ALPHABETICALLY BY Name 

address    name
--------   ----
11817918   $bss
11817918   .bss
11800000   .data
11800000   .text
11813b04   BIOS$$CLKOFF
11813ac4   BIOS$$CLKON
11813940   BIOS_init
11813b70   BIOS_start
00000000   BUF$
00000001   BUF_ENABLED
118079d8   C$$IO$$
ffffffff   CACHE_L1D
ffffffff   CACHE_L1P
00000001   CLK$
11818470   CLK_A_TABBEG
00000001   CLK_CALDIV
00000001   CLK_CALMULT
000493e0   CLK_COUNTSPMS
00000004   CLK_COUNTSPMSHIGH
11817a40   CLK_D_idletime
11817a3c   CLK_D_isrhook
11817a38   CLK_D_tabbeg
11817a34   CLK_D_timefxn
00000001   CLK_ENABLEHTIME
1180bf00   CLK_F_gethtime
1180aaa0   CLK_F_getltime
1180aab0   CLK_F_isr
1180abf0   CLK_F_itime
11808780   CLK_HOOKFXN
00000001   CLK_HTIMEDIV
00000001   CLK_HTIMEMULT
000493e0   CLK_HTIMEPERLTIME
00005dc0   CLK_INPUTCLK
00004000   CLK_INTBIT
00000001   CLK_LTIMEDIV
000493e0   CLK_LTIMEMULT
000003e8   CLK_MICROSECS
00000001   CLK_POWERENABLE
00005dc0   CLK_PRD
00000000   CLK_PRDHIGH
01c20000   CLK_REGS
00000001   CLK_RESETTIMER
11817a30   CLK_R_time
00000020   CLK_TCR
00000000   CLK_TDDR
00000000   CLK_TDDRHIGH
1180bf00   CLK_TIMEFXN
00000000   CLK_TIMERNUM
00000005   CLK_TIMMODE
00000001   CLK_USETIMER
11818474   CLK_null
ffffffff   DDR
00000000   DEV$
00000000   DGN$
00000000   DHL$
00000000   DHL_gChannelsAvailable
00000000   DIO$
00000000   DIO_NUMSWIBASE
00000000   DIO_NUMTSKBASE
00000000   DIO_STATIC
00000000   DPI$
00000000   ECM$
00000000   ECM_ENABLE
ffffffff   ECM_EVTMASK0
ffffffff   ECM_EVTMASK1
ffffffff   ECM_EVTMASK2
ffffffff   ECM_EVTMASK3
0000000a   EVENT10
00000064   EVENT100
00000065   EVENT101
00000066   EVENT102
00000067   EVENT103
00000068   EVENT104
00000069   EVENT105
0000006a   EVENT106
0000006b   EVENT107
0000006c   EVENT108
0000006d   EVENT109
0000000b   EVENT11
0000006e   EVENT110
0000006f   EVENT111
00000070   EVENT112
00000071   EVENT113
00000072   EVENT114
00000073   EVENT115
00000074   EVENT116
00000075   EVENT117
00000076   EVENT118
00000077   EVENT119
0000000c   EVENT12
00000078   EVENT120
00000079   EVENT121
0000007a   EVENT122
0000007b   EVENT123
0000007c   EVENT124
0000007d   EVENT125
0000007e   EVENT126
0000007f   EVENT127
0000000d   EVENT13
0000000e   EVENT14
0000000f   EVENT15
00000010   EVENT16
00000011   EVENT17
00000012   EVENT18
00000013   EVENT19
00000014   EVENT20
00000015   EVENT21
00000016   EVENT22
00000017   EVENT23
00000018   EVENT24
00000019   EVENT25
0000001a   EVENT26
0000001b   EVENT27
0000001c   EVENT28
0000001d   EVENT29
0000001e   EVENT30
0000001f   EVENT31
00000020   EVENT32
00000021   EVENT33
00000022   EVENT34
00000023   EVENT35
00000024   EVENT36
00000025   EVENT37
00000026   EVENT38
00000027   EVENT39
00000004   EVENT4
00000028   EVENT40
00000029   EVENT41
0000002a   EVENT42
0000002b   EVENT43
0000002c   EVENT44
0000002d   EVENT45
0000002e   EVENT46
0000002f   EVENT47
00000030   EVENT48
00000031   EVENT49
00000005   EVENT5
00000032   EVENT50
00000033   EVENT51
00000034   EVENT52
00000035   EVENT53
00000036   EVENT54
00000037   EVENT55
00000038   EVENT56
00000039   EVENT57
0000003a   EVENT58
0000003b   EVENT59
00000006   EVENT6
0000003c   EVENT60
0000003d   EVENT61
0000003e   EVENT62
0000003f   EVENT63
00000040   EVENT64
00000041   EVENT65
00000042   EVENT66
00000043   EVENT67
00000044   EVENT68
00000045   EVENT69
00000007   EVENT7
00000046   EVENT70
00000047   EVENT71
00000048   EVENT72
00000049   EVENT73
0000004a   EVENT74
0000004b   EVENT75
0000004c   EVENT76
0000004d   EVENT77
0000004e   EVENT78
0000004f   EVENT79
00000008   EVENT8
00000050   EVENT80
00000051   EVENT81
00000052   EVENT82
00000053   EVENT83
00000054   EVENT84
00000055   EVENT85
00000056   EVENT86
00000057   EVENT87
00000058   EVENT88
00000059   EVENT89
00000009   EVENT9
0000005a   EVENT90
0000005b   EVENT91
0000005c   EVENT92
0000005d   EVENT93
0000005e   EVENT94
0000005f   EVENT95
00000060   EVENT96
00000061   EVENT97
00000062   EVENT98
00000063   EVENT99
1180baa0   FXN_F_nop
1180baa4   FXN_F_run
1180bae0   FXN_F_zero
00000001   GBL$
00005205   GBL_A_VERSION
00000000   GBL_BCACHEREADADDR0
00000000   GBL_BCACHEREADADDR1
00000000   GBL_BCACHEREADADDR2
00000000   GBL_BIGENDIAN
00000000   GBL_CACHE
00000000   GBL_CALLCSLCFGINIT
00004e20   GBL_CLKIN
00001a5b   GBL_CLKTYPE
00001a5c   GBL_DSPSUBTYPE
0000003e   GBL_DSPTYPE
00000001   GBL_ENABLEINST
00000000   GBL_ENABLE_SK
00000042   GBL_FOOTPRINT
000493e0   GBL_FREQ
00000000   GBL_GEMTRUECOMPEN
00000007   GBL_L1DMODE
00000007   GBL_L1PMODE
00000001   GBL_L2CONFIGURE
00000000   GBL_L2MAR0_31
00000001   GBL_L2MAR128_159
00000000   GBL_L2MAR160_191
ffffffff   GBL_L2MAR192_223
00000000   GBL_L2MAR224_255
00000000   GBL_L2MAR32_63
00000000   GBL_L2MAR64_95
00000000   GBL_L2MAR96_127
00000000   GBL_L2MODE
00000000   GBL_NULL
00000000   GBL_PROCID
00000000   GBL_ROM
00000000   GBL_SUPPORTCSL
0000dbef   GBL_TRCMASKVALUE
00000000   GBL_USERINIT
1180be40   GBL_USERINITFXN
00000001   GBL_boot
1181846c   GBL_initdone
11817518   GBL_stackbeg
11817917   GBL_stackend
00000000   GIO$
1180be40   GIO_CREATEFXN
1180be40   GIO_DELETEFXN
1180be40   GIO_PENDFXN
1180be40   GIO_POSTFXN
00000000   HOOK$
00000000   HOOK_KNLID
00000001   HST$
11813fc0   HST_A_TABBEG
11813ffc   HST_A_TABEND
00000000   HST_DSM
11817bd4   HST_DSMBUFSEG
00000400   HST_DSMMEMSIZE
11817aac   HST_D_chanmask
11817ab0   HST_D_tabbeg
11817ab4   HST_D_tabend
000000ff   HST_MAXFRAMEALLOWED
00000040   HST_MAXFRAMESET
00000000   HST_NONE
00000001   HST_RTDX
00000001   HWI$
11818000   HWI_A_VECS
00005828   HWI_CFGDISPATCHED
11817c20   HWI_D_bss
11817c24   HWI_D_ccmask
11817c10   HWI_D_spsave
00000001   HWI_ENABLE_EXC
11808780   HWI_F_dispatch
00000000   HWI_GENERATE_RESET_VEC
0000000a   HWI_INT10
00000000   HWI_INT10$hwi
0000000b   HWI_INT11
00000000   HWI_INT11$hwi
0000000c   HWI_INT12
00000000   HWI_INT12$hwi
0000000d   HWI_INT13
00000000   HWI_INT13$hwi
0000000e   HWI_INT14
00000000   HWI_INT14$hwi
0000000f   HWI_INT15
00000000   HWI_INT15$hwi
00000004   HWI_INT4
00000000   HWI_INT4$hwi
00000005   HWI_INT5
00000000   HWI_INT5$hwi
00000006   HWI_INT6
00000000   HWI_INT6$hwi
00000007   HWI_INT7
00000000   HWI_INT7$hwi
00000008   HWI_INT8
00000000   HWI_INT8$hwi
00000009   HWI_INT9
00000000   HWI_INT9$hwi
07063d04   HWI_INTRMUX1
0b0a0908   HWI_INTRMUX2
28040d0c   HWI_INTRMUX3
00000001   HWI_NMI
00000000   HWI_NMI$hwi
00000000   HWI_POLARITYMASK
00000002   HWI_RESERVED0
00000000   HWI_RESERVED0$hwi
00000003   HWI_RESERVED1
00000000   HWI_RESERVED1$hwi
00000000   HWI_RESET
00000000   HWI_RESET$hwi
00000000   HWI_ZEROTAB
00000001   IDL$
11818438   IDL_A_CALBEG
11818428   IDL_A_TABBEG
00000006   IDL_CALIBRERROR
1180bd40   IDL_CALIBRFXN
11817c98   IDL_D_busyObj
11817a20   IDL_D_calbeg
11817a1c   IDL_D_calibrate
11817a18   IDL_D_tabbeg
11818434   IDL_END
11818444   IDL_END$
1180bb60   IDL_F_busy
1180b9c0   IDL_F_calibrate
1180be80   IDL_F_loop
1180bd40   IDL_F_stub
00000001   IDL_USECLKIDLTIME
1181836c   IDL_busyObj
11817182   IDL_busyObj$avgfmt
00000001   IDL_busyObj$filter
00000001   IDL_busyObj$iA
00000000   IDL_busyObj$iB
00000001   IDL_busyObj$iC
1181717c   IDL_busyObj$maxfmt
00000000   IDL_busyObj$operation
11818368   IDL_busyObj$stsobj
1181717f   IDL_busyObj$sumfmt
00000002   IDL_busyObj$unittype
11818428   IDL_cpuLoad
11818438   IDL_cpuLoad$
11817bd4   IRAM
11811940   IRAM$B
00002000   IRAM$L
00000001   ISRC$
1180ad98   KNL_glue
11817fd0   KNL_swi
00000001   KNL_swi$dorta
00000002   KNL_swi$ord
00000000   KNL_swi$pri
1181834c   KNL_swi$sts
11817158   KNL_swi$sts$avgfmt
00000002   KNL_swi$sts$filter
00000001   KNL_swi$sts$filtmaxmult
00000001   KNL_swi$sts$filtsummult
11817148   KNL_swi$sts$maxfmt
11818348   KNL_swi$sts$stsobj
11817150   KNL_swi$sts$sumfmt
00000000   KNL_swi$sts$unittype
00000000   KNL_swi$swi
ffffffff   L3_CBA_RAM
00000001   LCK$
11807c40   LNK_F_checkBufferCall
11807cc0   LNK_F_dataPump
11807c60   LNK_F_getChanPtr
11807cb8   LNK_F_init
118081c8   LNK_F_readCallBack
1181842c   LNK_dataPump
1181843c   LNK_dataPump$
11817c2c   LNK_dspFrameReadyMask
11817c28   LNK_dspFrameRequestMask
11807f40   LNK_newin
11808074   LNK_newout
11807cd0   LNK_rcloop
11807d94   LNK_rdrtry
11817c34   LNK_readDone
11817c38   LNK_readFail
11817c30   LNK_readPend
11807da4   LNK_rrloop
11817c3c   LNK_writeFail
11807e70   LNK_wrloop
11807e64   LNK_wrrtry
00000001   LOG$
11815fc0   LOG_A_TABBEG
11815ff0   LOG_A_TABEND
00000002   LOG_A_TABLEN
11817a24   LOG_D_system
00000001   LOG_ENABLED
1180b940   LOG_F_event
11815fc0   LOG_system
11816000   LOG_system$buf
00000000   LOG_system$datatype
00000000   LOG_system$log
00000200   LOG_system$size
00000000   MBX$
00000001   MEM$
11817bd4   MEM_MALLOCSEG
00000000   MEM_NULL
11817bd4   MEM_SEGZERO
00000000   MEM_USEMPC
00000001   MEM_gNumHeap
00000000   MSGQ$
00000000   MSGQ_USEMSGQ
00000000   OBJ$
00000000   PIP$
11818200   PIP_A_TABBEG
118182c8   PIP_A_TABEND
00000002   PIP_A_TABLEN
11817a28   PIP_D_tabbeg
11817a2c   PIP_D_tablen
1180a418   PIP_F_give
1180a418   PIP_F_probe
1180a4e8   PIP_F_start
1180a3a0   PIP_F_take
00000064   PIP_OBJSIZE
00000000   PIP_gNextId
00000002   PIP_gNumEmbed
00000000   POOL$
00000000   POOL_USEPOOL
00000001   PRD$
11818408   PRD0
11818424   PRD0$aaa
00000000   PRD0$mode
00000001   PRD0$ord
000001f4   PRD0$period
00000000   PRD0$prd
1181832c   PRD0$sts
11817123   PRD0$sts$avgfmt
00000000   PRD0$sts$filter
11817111   PRD0$sts$maxfmt
11818328   PRD0$sts$stsobj
1181711a   PRD0$sts$sumfmt
00000002   PRD0$sts$unittype
11818408   PRD_A_TABBEG
11818428   PRD_A_TABEND
00000001   PRD_A_TABLEN
11817a68   PRD_D_cur
11817a6c   PRD_D_elapsed
11817a70   PRD_D_prevtim
11817a74   PRD_D_scalar
11817a78   PRD_D_swihandle
11817a7c   PRD_D_tabbeg
11817a80   PRD_D_tablen
11817a84   PRD_D_thook
11817a64   PRD_D_tick
11809120   PRD_F_swi
118093a4   PRD_F_tick
00000001   PRD_SCALAR
11817fa4   PRD_SWIHANDLE
11809fb4   PRD_THOOKFXN
11818470   PRD_clock
11817fa4   PRD_swi
00000001   PRD_swi$dorta
00000001   PRD_swi$ord
00000001   PRD_swi$pri
1181833c   PRD_swi$sts
1181713e   PRD_swi$sts$avgfmt
00000002   PRD_swi$sts$filter
00000001   PRD_swi$sts$filtmaxmult
00000001   PRD_swi$sts$filtsummult
1181712e   PRD_swi$sts$maxfmt
11818338   PRD_swi$sts$stsobj
11817136   PRD_swi$sts$sumfmt
00000000   PRD_swi$sts$unittype
00000000   PRD_swi$swi
00000001   PWRM$
00000030   PWRM_PWRM_CAPSMASK
0000000a   PWRM_PWRM_CLKTICKSPERSLOT
00000000   PWRM_PWRM_ENABLE
00000002   PWRM_PWRM_INITSPCPU
00000000   PWRM_PWRM_INITSPPER
00000000   PWRM_PWRM_LOADENABLE
00000001   PWRM_PWRM_NUMSLOTS
00000000   PWRM_PWRM_RESOURCETRACKING
00000000   PWRM_PWRM_SCALING
1180be40   PWRM_PWRM_SHAREDRESOURCEFXN
1180be40   PWRM_PWRM_SLOTHOOKFXN
00000000   PWRM_PWRM_TIMERIDNUM
00000000   PWRM_PWRM_TIMERINTRMASK
00000000   PWRM_PWRM_TIMERWUGENMASK
00000000   PWRM_PWRM_USERRESOURCES
00000000   PWRM_PWRM_USETIMER
00000001   QUE$
11817a88   RTA_D_fromHost
11817a90   RTA_D_logval
11817aa0   RTA_D_stsval
11817a8c   RTA_D_toHost
1180bd80   RTA_F_andn
11809800   RTA_F_dispatch
11809720   RTA_F_getlog
11809758   RTA_F_getsts
1180bd98   RTA_F_or
11809798   RTA_F_readblk
118097c0   RTA_F_resetmem
118097b4   RTA_F_writeword
11818430   RTA_dispatcher
11818440   RTA_dispatcher$
1180984c   RTA_execute
11813fc4   RTA_fromHost
11815ff0   RTA_fromHost$buf
00000004   RTA_fromHost$framesize
00000000   RTA_fromHost$hst
00000001   RTA_fromHost$id
00000000   RTA_fromHost$mode
11818200   RTA_fromHost$pipe
11818230   RTA_fromHost$pipe$aaa
11818260   RTA_fromHost$pipe$bbb
11817bd8   RTA_fromHost$pipe$dtab
11818204   RTA_fromHost$pipe$rd
11818234   RTA_fromHost$pipe$wr
11813fcc   RTA_fromHost$rtdx
11813fe0   RTA_toHost
11817ea4   RTA_toHost$buf
00000040   RTA_toHost$framesize
00000000   RTA_toHost$hst
00000000   RTA_toHost$id
00000001   RTA_toHost$mode
11818264   RTA_toHost$pipe
11818294   RTA_toHost$pipe$aaa
118182c4   RTA_toHost$pipe$bbb
11817be4   RTA_toHost$pipe$dtab
11818268   RTA_toHost$pipe$rd
11818298   RTA_toHost$pipe$wr
11813fe8   RTA_toHost$rtdx
00000001   RTDX$
00000408   RTDX_BUFMEMSIZE
11817bd4   RTDX_DATAMEMSEG
00000000   RTDX_MODE
00000001   RTDX_NORMALIZED_HDR
00000001   RTDX_USERTDX
00000000   RTDX_USERTEXECUTION
00000000   SEM$
00000000   SIO$
00000001   STS$
11818328   STS_A_TABBEG
11818378   STS_A_TABEND
1180bc4c   STS_F_add
1180bc20   STS_F_delta
1180bc68   STS_F_reset
00000001   SWI$
11817fa4   SWI_A_TABBEG
11817ffc   SWI_A_TABEND
00000002   SWI_A_TABLEN
11817afc   SWI_D_curfxn
11817aec   SWI_D_curmask
11817af8   SWI_D_curmbox
11817af0   SWI_D_curset
11817ae8   SWI_D_execaddr
11817b04   SWI_D_inswi
11817af4   SWI_D_lock
11817b00   SWI_D_rdybeg
11817b08   SWI_D_rdytab
11817ae4   SWI_D_runaddr
00000000   SWI_EHOOKFXN
11808e44   SWI_EXECFXN
11808c60   SWI_F_enable
11808e44   SWI_F_exec
11808e6c   SWI_F_iexec
11808cd0   SWI_F_post
11808eec   SWI_F_run
00000000   SWI_IHOOKFXN
11808eec   SWI_RUNFXN
00000001   SYS$
11818448   SYS$config
1180bdc0   SYS_ABORTFXN
1180bec0   SYS_ERRORFXN
1180bee0   SYS_EXITFXN
1180be00   SYS_PUTCFXN
11818468   TRC_R_mask
11818464   TRC_cinit
00000001   TSK$
00000000   TSK_NUM_HOOKS
00000001   TSK_PRIORITY
00000000   TSK_READYFXN
00000000   TSK_STACKSEG
00000400   TSK_STACKSIZE
00000000   TSK_SWITCHFXN
1180be40   TSK_VCREATEFXN
1180be40   TSK_VDELETEFXN
1180be40   TSK_VEXITFXN
118182d4   TSK_idle
00000000   TSK_idle$ord
00000000   TSK_idle$pri
11817118   TSK_idle$stack
118174b0   TSK_idle$stkptr
1181835c   TSK_idle$sts
11817172   TSK_idle$sts$avgfmt
00000002   TSK_idle$sts$filter
00000001   TSK_idle$sts$filtmaxmult
00000001   TSK_idle$sts$filtsummult
11817162   TSK_idle$sts$maxfmt
11818358   TSK_idle$sts$stsobj
1181716a   TSK_idle$sts$sumfmt
00000000   TSK_idle$sts$unittype
00000000   TSK_idle$tsk
00000000   UDEV$
1180104c   _AIC3106_Init
11801100   _AIC3106_readRegister
11801154   _AIC3106_writeRegister
1180be40   _BCACHE_bootInit
1180b154   _BCACHE_getMar
1180b104   _BCACHE_getSize
1180b0d4   _BCACHE_setCacheToSram
1180b084   _BCACHE_setMar
1180b040   _BCACHE_setSize
11813940   _BIOS_init
11813b70   _BIOS_start
ffffffff   _CACHE_L1D
ffffffff   _CACHE_L1P
000493e0   _CLK_COUNTSPMS
11817c7c   _CLK_DFLTMICROSECS
11817a60   _CLK_D_countspms
11817a54   _CLK_D_dirty
11817c80   _CLK_D_microseconds
11817a58   _CLK_D_prd
11817a5c   _CLK_D_tddr
1180abf0   _CLK_F_itime
00005dc0   _CLK_PRD
01c20000   _CLK_REGS
00000000   _CLK_TDDR
00000000   _CLK_TIMERNUM
00000001   _CLK_USETIMER
1180bf00   _CLK_gethtime
11817a44   _CLK_htimeDiv
11817a48   _CLK_htimeMult
11817c94   _CLK_htimePerLtime
1181110c   _CLK_inputClock
1180abf0   _CLK_itime
11817a4c   _CLK_ltimeDiv
11817a50   _CLK_ltimeMult
1180bce0   _CLK_measure
ffffffff   _DDR
118059c4   _DIP_get
11805a28   _DIP_getAll
118059a0   _DIP_init
0000000a   _EVENT10
00000064   _EVENT100
00000065   _EVENT101
00000066   _EVENT102
00000067   _EVENT103
00000068   _EVENT104
00000069   _EVENT105
0000006a   _EVENT106
0000006b   _EVENT107
0000006c   _EVENT108
0000006d   _EVENT109
0000000b   _EVENT11
0000006e   _EVENT110
0000006f   _EVENT111
00000070   _EVENT112
00000071   _EVENT113
00000072   _EVENT114
00000073   _EVENT115
00000074   _EVENT116
00000075   _EVENT117
00000076   _EVENT118
00000077   _EVENT119
0000000c   _EVENT12
00000078   _EVENT120
00000079   _EVENT121
0000007a   _EVENT122
0000007b   _EVENT123
0000007c   _EVENT124
0000007d   _EVENT125
0000007e   _EVENT126
0000007f   _EVENT127
0000000d   _EVENT13
0000000e   _EVENT14
0000000f   _EVENT15
00000010   _EVENT16
00000011   _EVENT17
00000012   _EVENT18
00000013   _EVENT19
00000014   _EVENT20
00000015   _EVENT21
00000016   _EVENT22
00000017   _EVENT23
00000018   _EVENT24
00000019   _EVENT25
0000001a   _EVENT26
0000001b   _EVENT27
0000001c   _EVENT28
0000001d   _EVENT29
0000001e   _EVENT30
0000001f   _EVENT31
00000020   _EVENT32
00000021   _EVENT33
00000022   _EVENT34
00000023   _EVENT35
00000024   _EVENT36
00000025   _EVENT37
00000026   _EVENT38
00000027   _EVENT39
00000004   _EVENT4
00000028   _EVENT40
00000029   _EVENT41
0000002a   _EVENT42
0000002b   _EVENT43
0000002c   _EVENT44
0000002d   _EVENT45
0000002e   _EVENT46
0000002f   _EVENT47
00000030   _EVENT48
00000031   _EVENT49
00000005   _EVENT5
00000032   _EVENT50
00000033   _EVENT51
00000034   _EVENT52
00000035   _EVENT53
00000036   _EVENT54
00000037   _EVENT55
00000038   _EVENT56
00000039   _EVENT57
0000003a   _EVENT58
0000003b   _EVENT59
00000006   _EVENT6
0000003c   _EVENT60
0000003d   _EVENT61
0000003e   _EVENT62
0000003f   _EVENT63
00000040   _EVENT64
00000041   _EVENT65
00000042   _EVENT66
00000043   _EVENT67
00000044   _EVENT68
00000045   _EVENT69
00000007   _EVENT7
00000046   _EVENT70
00000047   _EVENT71
00000048   _EVENT72
00000049   _EVENT73
0000004a   _EVENT74
0000004b   _EVENT75
0000004c   _EVENT76
0000004d   _EVENT77
0000004e   _EVENT78
0000004f   _EVENT79
00000008   _EVENT8
00000050   _EVENT80
00000051   _EVENT81
00000052   _EVENT82
00000053   _EVENT83
00000054   _EVENT84
00000055   _EVENT85
00000056   _EVENT86
00000057   _EVENT87
00000058   _EVENT88
00000059   _EVENT89
00000009   _EVENT9
0000005a   _EVENT90
0000005b   _EVENT91
0000005c   _EVENT92
0000005d   _EVENT93
0000005e   _EVENT94
0000005f   _EVENT95
00000060   _EVENT96
00000061   _EVENT97
00000062   _EVENT98
00000063   _EVENT99
118001e8   _EVMC6748_enableDsp
11800000   _EVMC6748_init
1180002c   _EVMC6748_initRAM
118002b0   _EVMC6748_lpscTransition
11800214   _EVMC6748_pinmuxConfig
11808750   _EXC_clearLastStatus
1180a1c0   _EXC_dispatch
11808574   _EXC_exceptionHandler
11817c40   _EXC_exceptionHook
11808540   _EXC_external
11817c48   _EXC_externalHook
11808520   _EXC_getLastStatus
118084e0   _EXC_init
11808234   _EXC_internal
11817c44   _EXC_internalHook
11808200   _EXC_nmi
11817c4c   _EXC_nmiHook
11817bf8   _EXC_returnPtr
1180a384   _EXC_setReturnPtr
118118f8   _EXC_status
11817bf0   _EXC_sysTrapTable
1180be40   _FXN_F_nop
1180baa4   _FXN_F_run
1180bae0   _FXN_F_zero
00000000   _GBL_CACHE
1180b1e8   _GBL_cacheInit64P
11817abc   _GBL_clkIn
11817ac0   _GBL_freq
1180be60   _GBL_getVersion
11817ab8   _GBL_procId
11802fb8   _GPIO_getInput
11802f40   _GPIO_setDir
1180302c   _GPIO_setOutput
118030ac   _GPIO_toggleLoop
11806fe0   _HOSTclose
118060e0   _HOSTlseek
118063e0   _HOSTopen
118064c0   _HOSTread
11805820   _HOSTrename
11806920   _HOSTunlink
118069e0   _HOSTwrite
11815000   _HSRTDX_rec
11815760   _HSRTDX_xmt
11813fc0   _HST_A_TABBEG
11813ffc   _HST_A_TABEND
00005828   _HWI_CFGDISPATCHED
11817c1c   _HWI_D_inhwi
11817c10   _HWI_D_spsave
11808780   _HWI_F_dispatch
0000000a   _HWI_INT10
0000000b   _HWI_INT11
0000000c   _HWI_INT12
0000000d   _HWI_INT13
0000000e   _HWI_INT14
0000000f   _HWI_INT15
00000004   _HWI_INT4
00000005   _HWI_INT5
00000006   _HWI_INT6
00000007   _HWI_INT7
00000008   _HWI_INT8
00000009   _HWI_INT9
00000001   _HWI_NMI
00000002   _HWI_RESERVED0
00000003   _HWI_RESERVED1
00000000   _HWI_RESET
11817910   _HWI_STKBOTTOM
11817518   _HWI_STKTOP
11817c10   _HWI_data
1180bb00   _HWI_disable
11817918   _HWI_dispatchTab
1180bb18   _HWI_enable
1180bb2c   _HWI_restore
11802354   _I2CGPIO_getInput
11802470   _I2CGPIO_getInputAll
11802280   _I2CGPIO_init
11802580   _I2CGPIO_setOutput
118026c8   _I2CGPIO_setOutputAll
118032c0   _I2C_init
118033ac   _I2C_read
11803508   _I2C_write
1181836c   _IDL_busyObj
11818428   _IDL_cpuLoad
1180be80   _IDL_loop
11817bd4   _IRAM
11811940   _IRAM_base
00002000   _IRAM_length
11817b88   _KNL_alarm
1180b2a0   _KNL_check
11817bac   _KNL_curqueue
11817b9c   _KNL_curtask
11817ba4   _KNL_curtime
11811780   _KNL_dummy
1180b600   _KNL_enter
1180b5c0   _KNL_exit
1180b368   _KNL_idle
11817bc4   _KNL_idlefxn
11817b90   _KNL_inactive
1180b7c0   _KNL_ipost
1180b390   _KNL_max
11817bb0   _KNL_maxqueue
1180b840   _KNL_post
11817ba0   _KNL_prevtask
11817b94   _KNL_priority
118116e0   _KNL_queues
118099a0   _KNL_run
1180ac40   _KNL_saveIsrFrame
11817b98   _KNL_set
11817b8c   _KNL_setpri
11817fd0   _KNL_swi
11817ba8   _KNL_swiptr
1180acec   _KNL_switch
11817bb8   _KNL_tcreatefxn
11817bbc   _KNL_tdeletefxn
11809fb4   _KNL_tick
11817bc0   _KNL_treadyfxn
11817bb4   _KNL_tswitchfxn
11817b80   _KNL_wFlag
11817b84   _KNL_wList
ffffffff   _L3_CBA_RAM
1180b8e0   _LCK_pend
1180b8c0   _LCK_post
118052e0   _LED_init
1180532c   _LED_isOn
1180542c   _LED_toggle
118053e4   _LED_turnOff
11805394   _LED_turnOn
1181842c   _LNK_dataPump
11817c2c   _LNK_dspFrameReadyMask
11817c28   _LNK_dspFrameRequestMask
11817c34   _LNK_readDone
11817c38   _LNK_readFail
11817c30   _LNK_readPend
11817c3c   _LNK_writeFail
11815fc0   _LOG_A_TABBEG
11815ff0   _LOG_A_TABEND
00000002   _LOG_A_TABLEN
11817a24   _LOG_D_system
1180b940   _LOG_event
11815fc0   _LOG_system
11817c9c   _MEM
11817ac4   _MEM_D_NUMSEGMENTS
11817acc   _MEM_D_freelist
11817ad0   _MEM_D_lockaddr
11817ac8   _MEM_D_memtab
11817ad4   _MEM_D_unlockaddr
11809be0   _MEM_alloc
11809fe0   _MEM_free
11813d80   _MEM_init
11817bc8   _MEM_memtab
11800cd0   _McASP_Init
11800e14   _McASP_Start
11811850   _OBJ_segtab
11811818   _OBJ_table
11818200   _PIP_A_TABBEG
118182c8   _PIP_A_TABEND
11818408   _PRD0
11817a64   _PRD_D_tick
11818470   _PRD_clock
11817fa4   _PRD_swi
11818430   _RTA_dispatcher
11813fc4   _RTA_fromHost
11813fe0   _RTA_toHost
11816880   _RTDX_Buffer
11816c8c   _RTDX_Buffer_End
11815de0   _RTDX_Buffer_Initialize
11815f60   _RTDX_Buffer_Read
11815ea0   _RTDX_Buffer_ReadCB
11815ee0   _RTDX_Buffer_Size
11816c88   _RTDX_Buffer_Start
11815f80   _RTDX_Buffer_Write
118152a0   _RTDX_Buffer_WriteCB
11815d60   _RTDX_Final_RT_Monitor
11815e40   _RTDX_Init_RT_Monitor
00000002   _RTDX_JTAGONLY
11815fa0   _RTDX_Mask_IER
11815a60   _RTDX_Mon_Queue
11815cc0   _RTDX_Poll
00000000   _RTDX_interrupt_mask
11815f20   _RTDX_memfill
11816ce0   _RTDX_writing
11817bd4   _SEG0
1180bbc0   _SEM_pend
1180a580   _SEM_pendEnterKnl
1180b4e0   _SEM_post
1180b4e0   _SEM_postBinary
1180b680   _SEM_postEnterKnl
11818328   _STS_A_TABBEG
11818378   _STS_A_TABEND
1180bc4c   _STS_add
1180bc20   _STS_delta
1180bc68   _STS_reset
1180bea0   _STS_set
11817afc   _SWI_D_curfxn
11817aec   _SWI_D_curmask
11817af0   _SWI_D_curset
11817ae8   _SWI_D_execaddr
11817b04   _SWI_D_inswi
11817af4   _SWI_D_lock
11817b00   _SWI_D_rdybeg
11817ae4   _SWI_D_runaddr
11817ae4   _SWI_data
11808cd0   _SWI_post
11817ad8   _SYS
11817ca4   _SYS_PUTCBEG
11817ea3   _SYS_PUTCEND
1180bc80   _SYS_abort
1180ba40   _SYS_error
1180b720   _SYS_exit
118118c0   _SYS_exitStack
11817c84   _SYS_exitStackPtr
11817c88   _SYS_exitStackTop
11801210   _SetGpio
11818468   _TRC_R_mask
11817c78   _TSK
118117b8   _TSK_ATTRS
118117d4   _TSK_config
1180af00   _TSK_exit
118182d4   _TSK_idle
11813e40   _TSK_init
11817c70   _TSK_nTasks
11817c74   _TSK_pid
1180a900   _TSK_setup
1180b464   _TSK_startup
118117f4   _TSK_timerSem
11801198   _USTIMER_delay
11800c00   _UTIL_isUIBoardAttached
11800aa8   _UTIL_printMem
1180bdc0   _UTL_doAbort
1180bec0   _UTL_doError
1180be00   _UTL_doPutc
1180bee0   _UTL_halt
11813ea0   __CIOBUF_
1180ac10   __CLK_lat1beg
1180ac30   __CLK_lat1end
11817ae0   __HOOK_NUMHOOKS
11817adc   __HOOK_knlId
11808780   __HWI_lat1beg
11808908   __HWI_lat1end
11808908   __HWI_lat2beg
11808ae4   __HWI_lat2end1
11808a70   __HWI_lat2end2
11808b00   __HWI_lat3beg
11808aa0   __HWI_lat3end2
1180bb60   __IDL_lat1beg
1180bba0   __IDL_lat1end
1180b2ec   __KNL_lat1beg
1180b368   __KNL_lat1end
1180b940   __LOG_lat1beg
11811894   __MEM_mutex
118097c0   __RTA_lat1beg
118097f4   __RTA_lat1end
1180a760   __SEM_dopost
11817918   __STACK_END
00000400   __STACK_SIZE
11808dd8   __SWI_lat1beg
11808e84   __SWI_lat1end
11808e88   __SWI_lat2beg
11808ee8   __SWI_lat2end
11808c60   __SWI_lat3beg
11808ccc   __SWI_lat3end
1181186c   __TSK_mutex
1181192c   ___TI_enable_exit_profile_output
ffffffff   ___TI_pprof_out_hndl
ffffffff   ___TI_prof_data_size
ffffffff   ___TI_prof_data_start
118079e0   ___add_dtor
11811438   ___atexit_func_id__
ffffffff   ___binit__
11817918   ___bss__
ffffffff   ___c_args__
1180bf20   ___cinit__
11800000   ___data__
11800000   ___edata__
11817ca4   ___end__
11807c40   ___etext__
11807a20   ___isinf
11818458   ___pinit__
11800000   ___text__
1180adc0   __auto_init
11806b60   __c6xabi_divu
11806ce0   __c6xabi_remi
11807080   __cleanup
11811924   __cleanup_ptr
11805d80   __closefile
11816e90   __ctypes_
11801240   __divd
11807120   __divli
11806b60   __divu
11805680   __divul
11804160   __divull
11806c20   __doflush
11811928   __dtors_ptr
11807300   __fixdli
118076c0   __fltlid
11807aa0   __frcmpyd_div
11811430   __ft_end
11811110   __ftable
11807740   __llshl
11807ae0   __llshru
11811930   __lock
11807b60   __negll
11807b80   __nop
11802760   __printfi
11807be0   __register_lock
11807c00   __register_unlock
11806ce0   __remi
11807b20   __remli
11817518   __stack
118078c0   __subcull
118112f0   __tmpnams
11811934   __unlock
118061e0   __wrt_ok
11811050   _a_fir
11806da0   _atexit
118065a0   _atoi
11804928   _audioHWI
1180f050   _b_fir
11816f98   _bitval_u32
11811058   _buffer
11813cc0   _c_int00
118062e0   _call_dtors
118096cc   _calloc
11806680   _close
11800688   _config_pll0
118008c4   _config_pll1
11804898   _dipPRD
11817c8f   _dist
118116dc   _dtors
11817c8e   _filterOn
11804cc0   _fputc
11802ba0   _fputs
118094a0   _free
11805fc0   _fseek
11800c68   _initAll
118110c0   _lowPass1
11811100   _lowPass2
118074e0   _lseek
11806e60   _ltoa
11804860   _main
118094c4   _malloc
11817c8c   _mask
11809608   _memalign
11807920   _memccpy
11807580   _memcpy
11806760   _memset
11806840   _printf
11804cc0   _putc
11800c20   _read_audio_sample
118077c0   _readmsg
11809524   _realloc
11807c20   _remove
11817c58   _rtdxNullChanCnt
11817c5c   _rtdxNullFuncCnt
11817c64   _rtdxRecNotDoneCnt
11817c6c   _rtdxXmtErrorCnt
11817c60   _rtdxXmtNotDoneCnt
11817c68   _rtdxXmtRestartCnt
11816cd4   _rtdx_buffer_state
11816c90   _rtdx_mon_state
118050e0   _setvbuf
11815fd8   _trace
11807840   _unlink
11807620   _write
11817c90   _writeIndex
11800c44   _write_audio_sample
11807980   _writemsg
ffffffff   binit
1180bf20   cinit
11800000   edata
11817ca4   end
11807c40   etext
11818000   hwi0
11818020   hwi1
11818140   hwi10
11818160   hwi11
11818180   hwi12
118181a0   hwi13
118181c0   hwi14
118181e0   hwi15
11818040   hwi2
11818060   hwi3
11818080   hwi4
118180a0   hwi5
118180c0   hwi6
118180e0   hwi7
11818100   hwi8
11818120   hwi9
11818458   pinit
11815fd8   trace
11814000   trace$buf
00000001   trace$datatype
00000000   trace$log
00000400   trace$size


GLOBAL SYMBOLS: SORTED BY Symbol Address 

address    name
--------   ----
00000000   BUF$
00000000   CLK_PRDHIGH
00000000   CLK_TDDR
00000000   CLK_TDDRHIGH
00000000   CLK_TIMERNUM
00000000   DEV$
00000000   DGN$
00000000   DHL$
00000000   DHL_gChannelsAvailable
00000000   DIO$
00000000   DIO_NUMSWIBASE
00000000   DIO_NUMTSKBASE
00000000   DIO_STATIC
00000000   DPI$
00000000   ECM$
00000000   ECM_ENABLE
00000000   GBL_BCACHEREADADDR0
00000000   GBL_BCACHEREADADDR1
00000000   GBL_BCACHEREADADDR2
00000000   GBL_BIGENDIAN
00000000   GBL_CACHE
00000000   GBL_CALLCSLCFGINIT
00000000   GBL_ENABLE_SK
00000000   GBL_GEMTRUECOMPEN
00000000   GBL_L2MAR0_31
00000000   GBL_L2MAR160_191
00000000   GBL_L2MAR224_255
00000000   GBL_L2MAR32_63
00000000   GBL_L2MAR64_95
00000000   GBL_L2MAR96_127
00000000   GBL_L2MODE
00000000   GBL_NULL
00000000   GBL_PROCID
00000000   GBL_ROM
00000000   GBL_SUPPORTCSL
00000000   GBL_USERINIT
00000000   GIO$
00000000   HOOK$
00000000   HOOK_KNLID
00000000   HST_DSM
00000000   HST_NONE
00000000   HWI_GENERATE_RESET_VEC
00000000   HWI_INT10$hwi
00000000   HWI_INT11$hwi
00000000   HWI_INT12$hwi
00000000   HWI_INT13$hwi
00000000   HWI_INT14$hwi
00000000   HWI_INT15$hwi
00000000   HWI_INT4$hwi
00000000   HWI_INT5$hwi
00000000   HWI_INT6$hwi
00000000   HWI_INT7$hwi
00000000   HWI_INT8$hwi
00000000   HWI_INT9$hwi
00000000   HWI_NMI$hwi
00000000   HWI_POLARITYMASK
00000000   HWI_RESERVED0$hwi
00000000   HWI_RESERVED1$hwi
00000000   HWI_RESET
00000000   HWI_RESET$hwi
00000000   HWI_ZEROTAB
00000000   IDL_busyObj$iB
00000000   IDL_busyObj$operation
00000000   KNL_swi$pri
00000000   KNL_swi$sts$unittype
00000000   KNL_swi$swi
00000000   LOG_system$datatype
00000000   LOG_system$log
00000000   MBX$
00000000   MEM_NULL
00000000   MEM_USEMPC
00000000   MSGQ$
00000000   MSGQ_USEMSGQ
00000000   OBJ$
00000000   PIP$
00000000   PIP_gNextId
00000000   POOL$
00000000   POOL_USEPOOL
00000000   PRD0$mode
00000000   PRD0$prd
00000000   PRD0$sts$filter
00000000   PRD_swi$sts$unittype
00000000   PRD_swi$swi
00000000   PWRM_PWRM_ENABLE
00000000   PWRM_PWRM_INITSPPER
00000000   PWRM_PWRM_LOADENABLE
00000000   PWRM_PWRM_RESOURCETRACKING
00000000   PWRM_PWRM_SCALING
00000000   PWRM_PWRM_TIMERIDNUM
00000000   PWRM_PWRM_TIMERINTRMASK
00000000   PWRM_PWRM_TIMERWUGENMASK
00000000   PWRM_PWRM_USERRESOURCES
00000000   PWRM_PWRM_USETIMER
00000000   RTA_fromHost$hst
00000000   RTA_fromHost$mode
00000000   RTA_toHost$hst
00000000   RTA_toHost$id
00000000   RTDX_MODE
00000000   RTDX_USERTEXECUTION
00000000   SEM$
00000000   SIO$
00000000   SWI_EHOOKFXN
00000000   SWI_IHOOKFXN
00000000   TSK_NUM_HOOKS
00000000   TSK_READYFXN
00000000   TSK_STACKSEG
00000000   TSK_SWITCHFXN
00000000   TSK_idle$ord
00000000   TSK_idle$pri
00000000   TSK_idle$sts$unittype
00000000   TSK_idle$tsk
00000000   UDEV$
00000000   _CLK_TDDR
00000000   _CLK_TIMERNUM
00000000   _GBL_CACHE
00000000   _HWI_RESET
00000000   _RTDX_interrupt_mask
00000000   trace$log
00000001   BUF_ENABLED
00000001   CLK$
00000001   CLK_CALDIV
00000001   CLK_CALMULT
00000001   CLK_ENABLEHTIME
00000001   CLK_HTIMEDIV
00000001   CLK_HTIMEMULT
00000001   CLK_LTIMEDIV
00000001   CLK_POWERENABLE
00000001   CLK_RESETTIMER
00000001   CLK_USETIMER
00000001   GBL$
00000001   GBL_ENABLEINST
00000001   GBL_L2CONFIGURE
00000001   GBL_L2MAR128_159
00000001   GBL_boot
00000001   HST$
00000001   HST_RTDX
00000001   HWI$
00000001   HWI_ENABLE_EXC
00000001   HWI_NMI
00000001   IDL$
00000001   IDL_USECLKIDLTIME
00000001   IDL_busyObj$filter
00000001   IDL_busyObj$iA
00000001   IDL_busyObj$iC
00000001   ISRC$
00000001   KNL_swi$dorta
00000001   KNL_swi$sts$filtmaxmult
00000001   KNL_swi$sts$filtsummult
00000001   LCK$
00000001   LOG$
00000001   LOG_ENABLED
00000001   MEM$
00000001   MEM_gNumHeap
00000001   PRD$
00000001   PRD0$ord
00000001   PRD_A_TABLEN
00000001   PRD_SCALAR
00000001   PRD_swi$dorta
00000001   PRD_swi$ord
00000001   PRD_swi$pri
00000001   PRD_swi$sts$filtmaxmult
00000001   PRD_swi$sts$filtsummult
00000001   PWRM$
00000001   PWRM_PWRM_NUMSLOTS
00000001   QUE$
00000001   RTA_fromHost$id
00000001   RTA_toHost$mode
00000001   RTDX$
00000001   RTDX_NORMALIZED_HDR
00000001   RTDX_USERTDX
00000001   STS$
00000001   SWI$
00000001   SYS$
00000001   TSK$
00000001   TSK_PRIORITY
00000001   TSK_idle$sts$filtmaxmult
00000001   TSK_idle$sts$filtsummult
00000001   _CLK_USETIMER
00000001   _HWI_NMI
00000001   trace$datatype
00000002   HWI_RESERVED0
00000002   IDL_busyObj$unittype
00000002   KNL_swi$ord
00000002   KNL_swi$sts$filter
00000002   LOG_A_TABLEN
00000002   PIP_A_TABLEN
00000002   PIP_gNumEmbed
00000002   PRD0$sts$unittype
00000002   PRD_swi$sts$filter
00000002   PWRM_PWRM_INITSPCPU
00000002   SWI_A_TABLEN
00000002   TSK_idle$sts$filter
00000002   _HWI_RESERVED0
00000002   _LOG_A_TABLEN
00000002   _RTDX_JTAGONLY
00000003   HWI_RESERVED1
00000003   _HWI_RESERVED1
00000004   CLK_COUNTSPMSHIGH
00000004   EVENT4
00000004   HWI_INT4
00000004   RTA_fromHost$framesize
00000004   _EVENT4
00000004   _HWI_INT4
00000005   CLK_TIMMODE
00000005   EVENT5
00000005   HWI_INT5
00000005   _EVENT5
00000005   _HWI_INT5
00000006   EVENT6
00000006   HWI_INT6
00000006   IDL_CALIBRERROR
00000006   _EVENT6
00000006   _HWI_INT6
00000007   EVENT7
00000007   GBL_L1DMODE
00000007   GBL_L1PMODE
00000007   HWI_INT7
00000007   _EVENT7
00000007   _HWI_INT7
00000008   EVENT8
00000008   HWI_INT8
00000008   _EVENT8
00000008   _HWI_INT8
00000009   EVENT9
00000009   HWI_INT9
00000009   _EVENT9
00000009   _HWI_INT9
0000000a   EVENT10
0000000a   HWI_INT10
0000000a   PWRM_PWRM_CLKTICKSPERSLOT
0000000a   _EVENT10
0000000a   _HWI_INT10
0000000b   EVENT11
0000000b   HWI_INT11
0000000b   _EVENT11
0000000b   _HWI_INT11
0000000c   EVENT12
0000000c   HWI_INT12
0000000c   _EVENT12
0000000c   _HWI_INT12
0000000d   EVENT13
0000000d   HWI_INT13
0000000d   _EVENT13
0000000d   _HWI_INT13
0000000e   EVENT14
0000000e   HWI_INT14
0000000e   _EVENT14
0000000e   _HWI_INT14
0000000f   EVENT15
0000000f   HWI_INT15
0000000f   _EVENT15
0000000f   _HWI_INT15
00000010   EVENT16
00000010   _EVENT16
00000011   EVENT17
00000011   _EVENT17
00000012   EVENT18
00000012   _EVENT18
00000013   EVENT19
00000013   _EVENT19
00000014   EVENT20
00000014   _EVENT20
00000015   EVENT21
00000015   _EVENT21
00000016   EVENT22
00000016   _EVENT22
00000017   EVENT23
00000017   _EVENT23
00000018   EVENT24
00000018   _EVENT24
00000019   EVENT25
00000019   _EVENT25
0000001a   EVENT26
0000001a   _EVENT26
0000001b   EVENT27
0000001b   _EVENT27
0000001c   EVENT28
0000001c   _EVENT28
0000001d   EVENT29
0000001d   _EVENT29
0000001e   EVENT30
0000001e   _EVENT30
0000001f   EVENT31
0000001f   _EVENT31
00000020   CLK_TCR
00000020   EVENT32
00000020   _EVENT32
00000021   EVENT33
00000021   _EVENT33
00000022   EVENT34
00000022   _EVENT34
00000023   EVENT35
00000023   _EVENT35
00000024   EVENT36
00000024   _EVENT36
00000025   EVENT37
00000025   _EVENT37
00000026   EVENT38
00000026   _EVENT38
00000027   EVENT39
00000027   _EVENT39
00000028   EVENT40
00000028   _EVENT40
00000029   EVENT41
00000029   _EVENT41
0000002a   EVENT42
0000002a   _EVENT42
0000002b   EVENT43
0000002b   _EVENT43
0000002c   EVENT44
0000002c   _EVENT44
0000002d   EVENT45
0000002d   _EVENT45
0000002e   EVENT46
0000002e   _EVENT46
0000002f   EVENT47
0000002f   _EVENT47
00000030   EVENT48
00000030   PWRM_PWRM_CAPSMASK
00000030   _EVENT48
00000031   EVENT49
00000031   _EVENT49
00000032   EVENT50
00000032   _EVENT50
00000033   EVENT51
00000033   _EVENT51
00000034   EVENT52
00000034   _EVENT52
00000035   EVENT53
00000035   _EVENT53
00000036   EVENT54
00000036   _EVENT54
00000037   EVENT55
00000037   _EVENT55
00000038   EVENT56
00000038   _EVENT56
00000039   EVENT57
00000039   _EVENT57
0000003a   EVENT58
0000003a   _EVENT58
0000003b   EVENT59
0000003b   _EVENT59
0000003c   EVENT60
0000003c   _EVENT60
0000003d   EVENT61
0000003d   _EVENT61
0000003e   EVENT62
0000003e   GBL_DSPTYPE
0000003e   _EVENT62
0000003f   EVENT63
0000003f   _EVENT63
00000040   EVENT64
00000040   HST_MAXFRAMESET
00000040   RTA_toHost$framesize
00000040   _EVENT64
00000041   EVENT65
00000041   _EVENT65
00000042   EVENT66
00000042   GBL_FOOTPRINT
00000042   _EVENT66
00000043   EVENT67
00000043   _EVENT67
00000044   EVENT68
00000044   _EVENT68
00000045   EVENT69
00000045   _EVENT69
00000046   EVENT70
00000046   _EVENT70
00000047   EVENT71
00000047   _EVENT71
00000048   EVENT72
00000048   _EVENT72
00000049   EVENT73
00000049   _EVENT73
0000004a   EVENT74
0000004a   _EVENT74
0000004b   EVENT75
0000004b   _EVENT75
0000004c   EVENT76
0000004c   _EVENT76
0000004d   EVENT77
0000004d   _EVENT77
0000004e   EVENT78
0000004e   _EVENT78
0000004f   EVENT79
0000004f   _EVENT79
00000050   EVENT80
00000050   _EVENT80
00000051   EVENT81
00000051   _EVENT81
00000052   EVENT82
00000052   _EVENT82
00000053   EVENT83
00000053   _EVENT83
00000054   EVENT84
00000054   _EVENT84
00000055   EVENT85
00000055   _EVENT85
00000056   EVENT86
00000056   _EVENT86
00000057   EVENT87
00000057   _EVENT87
00000058   EVENT88
00000058   _EVENT88
00000059   EVENT89
00000059   _EVENT89
0000005a   EVENT90
0000005a   _EVENT90
0000005b   EVENT91
0000005b   _EVENT91
0000005c   EVENT92
0000005c   _EVENT92
0000005d   EVENT93
0000005d   _EVENT93
0000005e   EVENT94
0000005e   _EVENT94
0000005f   EVENT95
0000005f   _EVENT95
00000060   EVENT96
00000060   _EVENT96
00000061   EVENT97
00000061   _EVENT97
00000062   EVENT98
00000062   _EVENT98
00000063   EVENT99
00000063   _EVENT99
00000064   EVENT100
00000064   PIP_OBJSIZE
00000064   _EVENT100
00000065   EVENT101
00000065   _EVENT101
00000066   EVENT102
00000066   _EVENT102
00000067   EVENT103
00000067   _EVENT103
00000068   EVENT104
00000068   _EVENT104
00000069   EVENT105
00000069   _EVENT105
0000006a   EVENT106
0000006a   _EVENT106
0000006b   EVENT107
0000006b   _EVENT107
0000006c   EVENT108
0000006c   _EVENT108
0000006d   EVENT109
0000006d   _EVENT109
0000006e   EVENT110
0000006e   _EVENT110
0000006f   EVENT111
0000006f   _EVENT111
00000070   EVENT112
00000070   _EVENT112
00000071   EVENT113
00000071   _EVENT113
00000072   EVENT114
00000072   _EVENT114
00000073   EVENT115
00000073   _EVENT115
00000074   EVENT116
00000074   _EVENT116
00000075   EVENT117
00000075   _EVENT117
00000076   EVENT118
00000076   _EVENT118
00000077   EVENT119
00000077   _EVENT119
00000078   EVENT120
00000078   _EVENT120
00000079   EVENT121
00000079   _EVENT121
0000007a   EVENT122
0000007a   _EVENT122
0000007b   EVENT123
0000007b   _EVENT123
0000007c   EVENT124
0000007c   _EVENT124
0000007d   EVENT125
0000007d   _EVENT125
0000007e   EVENT126
0000007e   _EVENT126
0000007f   EVENT127
0000007f   _EVENT127
000000ff   HST_MAXFRAMEALLOWED
000001f4   PRD0$period
00000200   LOG_system$size
000003e8   CLK_MICROSECS
00000400   HST_DSMMEMSIZE
00000400   TSK_STACKSIZE
00000400   __STACK_SIZE
00000400   trace$size
00000408   RTDX_BUFMEMSIZE
00001a5b   GBL_CLKTYPE
00001a5c   GBL_DSPSUBTYPE
00002000   IRAM$L
00002000   _IRAM_length
00004000   CLK_INTBIT
00004e20   GBL_CLKIN
00005205   GBL_A_VERSION
00005828   HWI_CFGDISPATCHED
00005828   _HWI_CFGDISPATCHED
00005dc0   CLK_INPUTCLK
00005dc0   CLK_PRD
00005dc0   _CLK_PRD
0000dbef   GBL_TRCMASKVALUE
000493e0   CLK_COUNTSPMS
000493e0   CLK_HTIMEPERLTIME
000493e0   CLK_LTIMEMULT
000493e0   GBL_FREQ
000493e0   _CLK_COUNTSPMS
01c20000   CLK_REGS
01c20000   _CLK_REGS
07063d04   HWI_INTRMUX1
0b0a0908   HWI_INTRMUX2
11800000   .data
11800000   .text
11800000   _EVMC6748_init
11800000   ___data__
11800000   ___edata__
11800000   ___text__
11800000   edata
1180002c   _EVMC6748_initRAM
118001e8   _EVMC6748_enableDsp
11800214   _EVMC6748_pinmuxConfig
118002b0   _EVMC6748_lpscTransition
11800688   _config_pll0
118008c4   _config_pll1
11800aa8   _UTIL_printMem
11800c00   _UTIL_isUIBoardAttached
11800c20   _read_audio_sample
11800c44   _write_audio_sample
11800c68   _initAll
11800cd0   _McASP_Init
11800e14   _McASP_Start
1180104c   _AIC3106_Init
11801100   _AIC3106_readRegister
11801154   _AIC3106_writeRegister
11801198   _USTIMER_delay
11801210   _SetGpio
11801240   __divd
11802280   _I2CGPIO_init
11802354   _I2CGPIO_getInput
11802470   _I2CGPIO_getInputAll
11802580   _I2CGPIO_setOutput
118026c8   _I2CGPIO_setOutputAll
11802760   __printfi
11802ba0   _fputs
11802f40   _GPIO_setDir
11802fb8   _GPIO_getInput
1180302c   _GPIO_setOutput
118030ac   _GPIO_toggleLoop
118032c0   _I2C_init
118033ac   _I2C_read
11803508   _I2C_write
11804160   __divull
11804860   _main
11804898   _dipPRD
11804928   _audioHWI
11804cc0   _fputc
11804cc0   _putc
118050e0   _setvbuf
118052e0   _LED_init
1180532c   _LED_isOn
11805394   _LED_turnOn
118053e4   _LED_turnOff
1180542c   _LED_toggle
11805680   __divul
11805820   _HOSTrename
118059a0   _DIP_init
118059c4   _DIP_get
11805a28   _DIP_getAll
11805d80   __closefile
11805fc0   _fseek
118060e0   _HOSTlseek
118061e0   __wrt_ok
118062e0   _call_dtors
118063e0   _HOSTopen
118064c0   _HOSTread
118065a0   _atoi
11806680   _close
11806760   _memset
11806840   _printf
11806920   _HOSTunlink
118069e0   _HOSTwrite
11806b60   __c6xabi_divu
11806b60   __divu
11806c20   __doflush
11806ce0   __c6xabi_remi
11806ce0   __remi
11806da0   _atexit
11806e60   _ltoa
11806fe0   _HOSTclose
11807080   __cleanup
11807120   __divli
11807300   __fixdli
118074e0   _lseek
11807580   _memcpy
11807620   _write
118076c0   __fltlid
11807740   __llshl
118077c0   _readmsg
11807840   _unlink
118078c0   __subcull
11807920   _memccpy
11807980   _writemsg
118079d8   C$$IO$$
118079e0   ___add_dtor
11807a20   ___isinf
11807aa0   __frcmpyd_div
11807ae0   __llshru
11807b20   __remli
11807b60   __negll
11807b80   __nop
11807be0   __register_lock
11807c00   __register_unlock
11807c20   _remove
11807c40   LNK_F_checkBufferCall
11807c40   ___etext__
11807c40   etext
11807c60   LNK_F_getChanPtr
11807cb8   LNK_F_init
11807cc0   LNK_F_dataPump
11807cd0   LNK_rcloop
11807d94   LNK_rdrtry
11807da4   LNK_rrloop
11807e64   LNK_wrrtry
11807e70   LNK_wrloop
11807f40   LNK_newin
11808074   LNK_newout
118081c8   LNK_F_readCallBack
11808200   _EXC_nmi
11808234   _EXC_internal
118084e0   _EXC_init
11808520   _EXC_getLastStatus
11808540   _EXC_external
11808574   _EXC_exceptionHandler
11808750   _EXC_clearLastStatus
11808780   CLK_HOOKFXN
11808780   HWI_F_dispatch
11808780   _HWI_F_dispatch
11808780   __HWI_lat1beg
11808908   __HWI_lat1end
11808908   __HWI_lat2beg
11808a70   __HWI_lat2end2
11808aa0   __HWI_lat3end2
11808ae4   __HWI_lat2end1
11808b00   __HWI_lat3beg
11808c60   SWI_F_enable
11808c60   __SWI_lat3beg
11808ccc   __SWI_lat3end
11808cd0   SWI_F_post
11808cd0   _SWI_post
11808dd8   __SWI_lat1beg
11808e44   SWI_EXECFXN
11808e44   SWI_F_exec
11808e6c   SWI_F_iexec
11808e84   __SWI_lat1end
11808e88   __SWI_lat2beg
11808ee8   __SWI_lat2end
11808eec   SWI_F_run
11808eec   SWI_RUNFXN
11809120   PRD_F_swi
118093a4   PRD_F_tick
118094a0   _free
118094c4   _malloc
11809524   _realloc
11809608   _memalign
118096cc   _calloc
11809720   RTA_F_getlog
11809758   RTA_F_getsts
11809798   RTA_F_readblk
118097b4   RTA_F_writeword
118097c0   RTA_F_resetmem
118097c0   __RTA_lat1beg
118097f4   __RTA_lat1end
11809800   RTA_F_dispatch
1180984c   RTA_execute
118099a0   _KNL_run
11809be0   _MEM_alloc
11809fb4   PRD_THOOKFXN
11809fb4   _KNL_tick
11809fe0   _MEM_free
1180a1c0   _EXC_dispatch
1180a384   _EXC_setReturnPtr
1180a3a0   PIP_F_take
1180a418   PIP_F_give
1180a418   PIP_F_probe
1180a4e8   PIP_F_start
1180a580   _SEM_pendEnterKnl
1180a760   __SEM_dopost
1180a900   _TSK_setup
1180aaa0   CLK_F_getltime
1180aab0   CLK_F_isr
1180abf0   CLK_F_itime
1180abf0   _CLK_F_itime
1180abf0   _CLK_itime
1180ac10   __CLK_lat1beg
1180ac30   __CLK_lat1end
1180ac40   _KNL_saveIsrFrame
1180acec   _KNL_switch
1180ad98   KNL_glue
1180adc0   __auto_init
1180af00   _TSK_exit
1180b040   _BCACHE_setSize
1180b084   _BCACHE_setMar
1180b0d4   _BCACHE_setCacheToSram
1180b104   _BCACHE_getSize
1180b154   _BCACHE_getMar
1180b1e8   _GBL_cacheInit64P
1180b2a0   _KNL_check
1180b2ec   __KNL_lat1beg
1180b368   _KNL_idle
1180b368   __KNL_lat1end
1180b390   _KNL_max
1180b464   _TSK_startup
1180b4e0   _SEM_post
1180b4e0   _SEM_postBinary
1180b5c0   _KNL_exit
1180b600   _KNL_enter
1180b680   _SEM_postEnterKnl
1180b720   _SYS_exit
1180b7c0   _KNL_ipost
1180b840   _KNL_post
1180b8c0   _LCK_post
1180b8e0   _LCK_pend
1180b940   LOG_F_event
1180b940   _LOG_event
1180b940   __LOG_lat1beg
1180b9c0   IDL_F_calibrate
1180ba40   _SYS_error
1180baa0   FXN_F_nop
1180baa4   FXN_F_run
1180baa4   _FXN_F_run
1180bae0   FXN_F_zero
1180bae0   _FXN_F_zero
1180bb00   _HWI_disable
1180bb18   _HWI_enable
1180bb2c   _HWI_restore
1180bb60   IDL_F_busy
1180bb60   __IDL_lat1beg
1180bba0   __IDL_lat1end
1180bbc0   _SEM_pend
1180bc20   STS_F_delta
1180bc20   _STS_delta
1180bc4c   STS_F_add
1180bc4c   _STS_add
1180bc68   STS_F_reset
1180bc68   _STS_reset
1180bc80   _SYS_abort
1180bce0   _CLK_measure
1180bd40   IDL_CALIBRFXN
1180bd40   IDL_F_stub
1180bd80   RTA_F_andn
1180bd98   RTA_F_or
1180bdc0   SYS_ABORTFXN
1180bdc0   _UTL_doAbort
1180be00   SYS_PUTCFXN
1180be00   _UTL_doPutc
1180be40   GBL_USERINITFXN
1180be40   GIO_CREATEFXN
1180be40   GIO_DELETEFXN
1180be40   GIO_PENDFXN
1180be40   GIO_POSTFXN
1180be40   PWRM_PWRM_SHAREDRESOURCEFXN
1180be40   PWRM_PWRM_SLOTHOOKFXN
1180be40   TSK_VCREATEFXN
1180be40   TSK_VDELETEFXN
1180be40   TSK_VEXITFXN
1180be40   _BCACHE_bootInit
1180be40   _FXN_F_nop
1180be60   _GBL_getVersion
1180be80   IDL_F_loop
1180be80   _IDL_loop
1180bea0   _STS_set
1180bec0   SYS_ERRORFXN
1180bec0   _UTL_doError
1180bee0   SYS_EXITFXN
1180bee0   _UTL_halt
1180bf00   CLK_F_gethtime
1180bf00   CLK_TIMEFXN
1180bf00   _CLK_gethtime
1180bf20   ___cinit__
1180bf20   cinit
1180f050   _b_fir
11811050   _a_fir
11811058   _buffer
118110c0   _lowPass1
11811100   _lowPass2
1181110c   _CLK_inputClock
11811110   __ftable
118112f0   __tmpnams
11811430   __ft_end
11811438   ___atexit_func_id__
118116dc   _dtors
118116e0   _KNL_queues
11811780   _KNL_dummy
118117b8   _TSK_ATTRS
118117d4   _TSK_config
118117f4   _TSK_timerSem
11811818   _OBJ_table
11811850   _OBJ_segtab
1181186c   __TSK_mutex
11811894   __MEM_mutex
118118c0   _SYS_exitStack
118118f8   _EXC_status
11811924   __cleanup_ptr
11811928   __dtors_ptr
1181192c   ___TI_enable_exit_profile_output
11811930   __lock
11811934   __unlock
11811940   IRAM$B
11811940   _IRAM_base
11813940   BIOS_init
11813940   _BIOS_init
11813ac4   BIOS$$CLKON
11813b04   BIOS$$CLKOFF
11813b70   BIOS_start
11813b70   _BIOS_start
11813cc0   _c_int00
11813d80   _MEM_init
11813e40   _TSK_init
11813ea0   __CIOBUF_
11813fc0   HST_A_TABBEG
11813fc0   _HST_A_TABBEG
11813fc4   RTA_fromHost
11813fc4   _RTA_fromHost
11813fcc   RTA_fromHost$rtdx
11813fe0   RTA_toHost
11813fe0   _RTA_toHost
11813fe8   RTA_toHost$rtdx
11813ffc   HST_A_TABEND
11813ffc   _HST_A_TABEND
11814000   trace$buf
11815000   _HSRTDX_rec
118152a0   _RTDX_Buffer_WriteCB
11815760   _HSRTDX_xmt
11815a60   _RTDX_Mon_Queue
11815cc0   _RTDX_Poll
11815d60   _RTDX_Final_RT_Monitor
11815de0   _RTDX_Buffer_Initialize
11815e40   _RTDX_Init_RT_Monitor
11815ea0   _RTDX_Buffer_ReadCB
11815ee0   _RTDX_Buffer_Size
11815f20   _RTDX_memfill
11815f60   _RTDX_Buffer_Read
11815f80   _RTDX_Buffer_Write
11815fa0   _RTDX_Mask_IER
11815fc0   LOG_A_TABBEG
11815fc0   LOG_system
11815fc0   _LOG_A_TABBEG
11815fc0   _LOG_system
11815fd8   _trace
11815fd8   trace
11815ff0   LOG_A_TABEND
11815ff0   RTA_fromHost$buf
11815ff0   _LOG_A_TABEND
11816000   LOG_system$buf
11816880   _RTDX_Buffer
11816c88   _RTDX_Buffer_Start
11816c8c   _RTDX_Buffer_End
11816c90   _rtdx_mon_state
11816cd4   _rtdx_buffer_state
11816ce0   _RTDX_writing
11816e90   __ctypes_
11816f98   _bitval_u32
11817111   PRD0$sts$maxfmt
11817118   TSK_idle$stack
1181711a   PRD0$sts$sumfmt
11817123   PRD0$sts$avgfmt
1181712e   PRD_swi$sts$maxfmt
11817136   PRD_swi$sts$sumfmt
1181713e   PRD_swi$sts$avgfmt
11817148   KNL_swi$sts$maxfmt
11817150   KNL_swi$sts$sumfmt
11817158   KNL_swi$sts$avgfmt
11817162   TSK_idle$sts$maxfmt
1181716a   TSK_idle$sts$sumfmt
11817172   TSK_idle$sts$avgfmt
1181717c   IDL_busyObj$maxfmt
1181717f   IDL_busyObj$sumfmt
11817182   IDL_busyObj$avgfmt
118174b0   TSK_idle$stkptr
11817518   GBL_stackbeg
11817518   _HWI_STKTOP
11817518   __stack
11817910   _HWI_STKBOTTOM
11817917   GBL_stackend
11817918   $bss
11817918   .bss
11817918   _HWI_dispatchTab
11817918   __STACK_END
11817918   ___bss__
11817a18   IDL_D_tabbeg
11817a1c   IDL_D_calibrate
11817a20   IDL_D_calbeg
11817a24   LOG_D_system
11817a24   _LOG_D_system
11817a28   PIP_D_tabbeg
11817a2c   PIP_D_tablen
11817a30   CLK_R_time
11817a34   CLK_D_timefxn
11817a38   CLK_D_tabbeg
11817a3c   CLK_D_isrhook
11817a40   CLK_D_idletime
11817a44   _CLK_htimeDiv
11817a48   _CLK_htimeMult
11817a4c   _CLK_ltimeDiv
11817a50   _CLK_ltimeMult
11817a54   _CLK_D_dirty
11817a58   _CLK_D_prd
11817a5c   _CLK_D_tddr
11817a60   _CLK_D_countspms
11817a64   PRD_D_tick
11817a64   _PRD_D_tick
11817a68   PRD_D_cur
11817a6c   PRD_D_elapsed
11817a70   PRD_D_prevtim
11817a74   PRD_D_scalar
11817a78   PRD_D_swihandle
11817a7c   PRD_D_tabbeg
11817a80   PRD_D_tablen
11817a84   PRD_D_thook
11817a88   RTA_D_fromHost
11817a8c   RTA_D_toHost
11817a90   RTA_D_logval
11817aa0   RTA_D_stsval
11817aac   HST_D_chanmask
11817ab0   HST_D_tabbeg
11817ab4   HST_D_tabend
11817ab8   _GBL_procId
11817abc   _GBL_clkIn
11817ac0   _GBL_freq
11817ac4   _MEM_D_NUMSEGMENTS
11817ac8   _MEM_D_memtab
11817acc   _MEM_D_freelist
11817ad0   _MEM_D_lockaddr
11817ad4   _MEM_D_unlockaddr
11817ad8   _SYS
11817adc   __HOOK_knlId
11817ae0   __HOOK_NUMHOOKS
11817ae4   SWI_D_runaddr
11817ae4   _SWI_D_runaddr
11817ae4   _SWI_data
11817ae8   SWI_D_execaddr
11817ae8   _SWI_D_execaddr
11817aec   SWI_D_curmask
11817aec   _SWI_D_curmask
11817af0   SWI_D_curset
11817af0   _SWI_D_curset
11817af4   SWI_D_lock
11817af4   _SWI_D_lock
11817af8   SWI_D_curmbox
11817afc   SWI_D_curfxn
11817afc   _SWI_D_curfxn
11817b00   SWI_D_rdybeg
11817b00   _SWI_D_rdybeg
11817b04   SWI_D_inswi
11817b04   _SWI_D_inswi
11817b08   SWI_D_rdytab
11817b80   _KNL_wFlag
11817b84   _KNL_wList
11817b88   _KNL_alarm
11817b8c   _KNL_setpri
11817b90   _KNL_inactive
11817b94   _KNL_priority
11817b98   _KNL_set
11817b9c   _KNL_curtask
11817ba0   _KNL_prevtask
11817ba4   _KNL_curtime
11817ba8   _KNL_swiptr
11817bac   _KNL_curqueue
11817bb0   _KNL_maxqueue
11817bb4   _KNL_tswitchfxn
11817bb8   _KNL_tcreatefxn
11817bbc   _KNL_tdeletefxn
11817bc0   _KNL_treadyfxn
11817bc4   _KNL_idlefxn
11817bc8   _MEM_memtab
11817bd4   HST_DSMBUFSEG
11817bd4   IRAM
11817bd4   MEM_MALLOCSEG
11817bd4   MEM_SEGZERO
11817bd4   RTDX_DATAMEMSEG
11817bd4   _IRAM
11817bd4   _SEG0
11817bd8   RTA_fromHost$pipe$dtab
11817be4   RTA_toHost$pipe$dtab
11817bf0   _EXC_sysTrapTable
11817bf8   _EXC_returnPtr
11817c10   HWI_D_spsave
11817c10   _HWI_D_spsave
11817c10   _HWI_data
11817c1c   _HWI_D_inhwi
11817c20   HWI_D_bss
11817c24   HWI_D_ccmask
11817c28   LNK_dspFrameRequestMask
11817c28   _LNK_dspFrameRequestMask
11817c2c   LNK_dspFrameReadyMask
11817c2c   _LNK_dspFrameReadyMask
11817c30   LNK_readPend
11817c30   _LNK_readPend
11817c34   LNK_readDone
11817c34   _LNK_readDone
11817c38   LNK_readFail
11817c38   _LNK_readFail
11817c3c   LNK_writeFail
11817c3c   _LNK_writeFail
11817c40   _EXC_exceptionHook
11817c44   _EXC_internalHook
11817c48   _EXC_externalHook
11817c4c   _EXC_nmiHook
11817c58   _rtdxNullChanCnt
11817c5c   _rtdxNullFuncCnt
11817c60   _rtdxXmtNotDoneCnt
11817c64   _rtdxRecNotDoneCnt
11817c68   _rtdxXmtRestartCnt
11817c6c   _rtdxXmtErrorCnt
11817c70   _TSK_nTasks
11817c74   _TSK_pid
11817c78   _TSK
11817c7c   _CLK_DFLTMICROSECS
11817c80   _CLK_D_microseconds
11817c84   _SYS_exitStackPtr
11817c88   _SYS_exitStackTop
11817c8c   _mask
11817c8e   _filterOn
11817c8f   _dist
11817c90   _writeIndex
11817c94   _CLK_htimePerLtime
11817c98   IDL_D_busyObj
11817c9c   _MEM
11817ca4   _SYS_PUTCBEG
11817ca4   ___end__
11817ca4   end
11817ea3   _SYS_PUTCEND
11817ea4   RTA_toHost$buf
11817fa4   PRD_SWIHANDLE
11817fa4   PRD_swi
11817fa4   SWI_A_TABBEG
11817fa4   _PRD_swi
11817fd0   KNL_swi
11817fd0   _KNL_swi
11817ffc   SWI_A_TABEND
11818000   HWI_A_VECS
11818000   hwi0
11818020   hwi1
11818040   hwi2
11818060   hwi3
11818080   hwi4
118180a0   hwi5
118180c0   hwi6
118180e0   hwi7
11818100   hwi8
11818120   hwi9
11818140   hwi10
11818160   hwi11
11818180   hwi12
118181a0   hwi13
118181c0   hwi14
118181e0   hwi15
11818200   PIP_A_TABBEG
11818200   RTA_fromHost$pipe
11818200   _PIP_A_TABBEG
11818204   RTA_fromHost$pipe$rd
11818230   RTA_fromHost$pipe$aaa
11818234   RTA_fromHost$pipe$wr
11818260   RTA_fromHost$pipe$bbb
11818264   RTA_toHost$pipe
11818268   RTA_toHost$pipe$rd
11818294   RTA_toHost$pipe$aaa
11818298   RTA_toHost$pipe$wr
118182c4   RTA_toHost$pipe$bbb
118182c8   PIP_A_TABEND
118182c8   _PIP_A_TABEND
118182d4   TSK_idle
118182d4   _TSK_idle
11818328   PRD0$sts$stsobj
11818328   STS_A_TABBEG
11818328   _STS_A_TABBEG
1181832c   PRD0$sts
11818338   PRD_swi$sts$stsobj
1181833c   PRD_swi$sts
11818348   KNL_swi$sts$stsobj
1181834c   KNL_swi$sts
11818358   TSK_idle$sts$stsobj
1181835c   TSK_idle$sts
11818368   IDL_busyObj$stsobj
1181836c   IDL_busyObj
1181836c   _IDL_busyObj
11818378   STS_A_TABEND
11818378   _STS_A_TABEND
11818408   PRD0
11818408   PRD_A_TABBEG
11818408   _PRD0
11818424   PRD0$aaa
11818428   IDL_A_TABBEG
11818428   IDL_cpuLoad
11818428   PRD_A_TABEND
11818428   _IDL_cpuLoad
1181842c   LNK_dataPump
1181842c   _LNK_dataPump
11818430   RTA_dispatcher
11818430   _RTA_dispatcher
11818434   IDL_END
11818438   IDL_A_CALBEG
11818438   IDL_cpuLoad$
1181843c   LNK_dataPump$
11818440   RTA_dispatcher$
11818444   IDL_END$
11818448   SYS$config
11818458   ___pinit__
11818458   pinit
11818464   TRC_cinit
11818468   TRC_R_mask
11818468   _TRC_R_mask
1181846c   GBL_initdone
11818470   CLK_A_TABBEG
11818470   PRD_clock
11818470   _PRD_clock
11818474   CLK_null
28040d0c   HWI_INTRMUX3
ffffffff   CACHE_L1D
ffffffff   CACHE_L1P
ffffffff   DDR
ffffffff   ECM_EVTMASK0
ffffffff   ECM_EVTMASK1
ffffffff   ECM_EVTMASK2
ffffffff   ECM_EVTMASK3
ffffffff   GBL_L2MAR192_223
ffffffff   L3_CBA_RAM
ffffffff   _CACHE_L1D
ffffffff   _CACHE_L1P
ffffffff   _DDR
ffffffff   _L3_CBA_RAM
ffffffff   ___TI_pprof_out_hndl
ffffffff   ___TI_prof_data_size
ffffffff   ___TI_prof_data_start
ffffffff   ___binit__
ffffffff   ___c_args__
ffffffff   binit

[1140 symbols]
