******************************************************************************
               TMS320C6x Linker PC v7.4.18                     
******************************************************************************
>> Linked Tue Aug 04 13:47:58 2020

OUTPUT FILE NAME:   <GuitarAmpGitVersion.out>
ENTRY POINT SYMBOL: "_c_int00"  address: 11813300


MEMORY CONFIGURATION

         name            origin    length      used     unused   attr    fill
----------------------  --------  ---------  --------  --------  ----  --------
  IRAM                  11800000   00040000  00015055  0002afab  RWIX
  CACHE_L1P             11e00000   00008000  00000000  00008000  RWIX
  CACHE_L1D             11f00000   00008000  00000000  00008000  RWIX
  L3_CBA_RAM            80000000   00020000  00000000  00020000  RWIX
  DDR                   c3000000   01000000  00000000  01000000  RWIX


SECTION ALLOCATION MAP

 output                                  attributes/
section   page    origin      length       input sections
--------  ----  ----------  ----------   ----------------
.vers      0    00000000    0000003c     COPY SECTION
                  00000000    0000003c     hellocfg.obj (.vers)

.data      0    11800000    00000000     UNINITIALIZED

.text      0    11800000    00007e20     
                  11800000    00000c20     evmc6748_bsl.lib : evmc6748.obj (.text)
                  11800c20    000005a0     rts6740.lib : divd.obj (.text:__divd)
                  118011c0    00000580                 : _printfi.obj (.text:__getarg_diouxp)
                  11801740    00000540     framework.obj (.text)
                  11801c80    00000520     rts6740.lib : _printfi.obj (.text:__setfield)
                  118021a0    000004e0     evmc6748_bsl.lib : evmc6748_i2c_gpio.obj (.text)
                  11802680    00000480     hello.obj (.text)
                  11802b00    00000440     rts6740.lib : _printfi.obj (.text:__printfi)
                  11802f40    000003a0                 : fputs.obj (.text:_fputs)
                  118032e0    00000380     evmc6748_bsl.lib : evmc6748_gpio.obj (.text)
                  11803660    00000380                      : evmc6748_i2c.obj (.text)
                  118039e0    00000320     rts6740.lib : _printfi.obj (.text:__pproc_fge)
                  11803d00    000002c0                 : _printfi.obj (.text:__pproc_fwp)
                  11803fc0    000002a0                 : _printfi.obj (.text:_ecvt)
                  11804260    000002a0                 : _printfi.obj (.text:_fcvt)
                  11804500    00000260                 : imath64.obj (.text:__divull)
                  11804760    00000260                 : _printfi.obj (.text:__pconv_e)
                  118049c0    00000240                 : _printfi.obj (.text:__pproc_diouxp)
                  11804c00    00000220                 : _printfi.obj (.text:__pproc_str)
                  11804e20    00000220                 : fputc.obj (.text:_fputc)
                  11805040    00000200                 : _printfi.obj (.text:__pconv_g)
                  11805240    00000200                 : setvbuf.obj (.text:_setvbuf)
                  11805440    000001e0     evmc6748_bsl.lib : evmc6748_led.obj (.text)
                  11805620    000001c0     rts6740.lib : _printfi.obj (.text:__mcpy)
                  118057e0    000001a0                 : imath40.obj (.text:__divul)
                  11805980    00000180                 : trgdrv.obj (.text:_HOSTrename)
                  11805b00    00000160     evmc6748_bsl.lib : evmc6748_dip.obj (.text)
                  11805c60    00000140     rts6740.lib : _printfi.obj (.text:__pproc_fflags)
                  11805da0    00000140                 : lowlev.obj (.text:_getdevice)
                  11805ee0    00000120                 : fclose.obj (.text:__closefile)
                  11806000    00000120                 : _printfi.obj (.text:__ltostr)
                  11806120    00000120                 : fseek.obj (.text:_fseek)
                  11806240    00000100                 : trgdrv.obj (.text:_HOSTlseek)
                  11806340    00000100                 : _io_perm.obj (.text:__wrt_ok)
                  11806440    00000100                 : sinit.obj (.text:_call_dtors)
                  11806540    000000e0                 : trgdrv.obj (.text:_HOSTopen)
                  11806620    000000e0                 : trgdrv.obj (.text:_HOSTread)
                  11806700    000000e0                 : atoi.obj (.text:_atoi)
                  118067e0    000000e0                 : lowlev.obj (.text:_close)
                  118068c0    000000e0                 : memset.obj (.text:_memset)
                  118069a0    000000e0                 : printf.obj (.text:_printf)
                  11806a80    000000c0                 : trgdrv.obj (.text:_HOSTunlink)
                  11806b40    000000c0                 : trgdrv.obj (.text:_HOSTwrite)
                  11806c00    000000c0                 : _printfi.obj (.text:__div)
                  11806cc0    000000c0                 : divu.obj (.text:__divu)
                  11806d80    000000c0                 : fflush.obj (.text:__doflush)
                  11806e40    000000c0                 : atexit.obj (.text:_atexit)
                  11806f00    000000c0                 : ltoa.obj (.text:_ltoa)
                  11806fc0    000000c0     bios.a674 : tsk_stup.o674 (.text)
                  11807080    000000a0     rts6740.lib : trgdrv.obj (.text:_HOSTclose)
                  11807120    000000a0                 : fopen.obj (.text:__cleanup)
                  118071c0    000000a0                 : imath40.obj (.text:__divli)
                  11807260    000000a0                 : _printfi.obj (.text:__ecpy)
                  11807300    000000a0                 : _printfi.obj (.text:__fcpy)
                  118073a0    000000a0                 : fixdli.obj (.text:__fixdli)
                  11807440    000000a0                 : round.obj (.text:__nround)
                  118074e0    000000a0                 : _printfi.obj (.text:__pconv_f)
                  11807580    000000a0                 : lowlev.obj (.text:_finddevice)
                  11807620    000000a0                 : lowlev.obj (.text:_lseek)
                  118076c0    000000a0                 : memcpy64.obj (.text:_memcpy)
                  11807760    000000a0                 : modf.obj (.text:_modf)
                  11807800    000000a0                 : lowlev.obj (.text:_write)
                  118078a0    00000080                 : fltlid.obj (.text:__fltlid)
                  11807920    00000080                 : llshift.obj (.text:__llshl)
                  118079a0    00000080                 : trgmsg.obj (.text:_readmsg)
                  11807a20    00000080                 : lowlev.obj (.text:_unlink)
                  11807aa0    00000060                 : imath64.obj (.text:__subcull)
                  11807b00    00000060                 : memccpy.obj (.text:_memccpy)
                  11807b60    00000060                 : trgmsg.obj (.text:_writemsg)
                  11807bc0    00000040                 : sinit.obj (.text:___add_dtor)
                  11807c00    00000040                 : isinf.obj (.text:___isinf)
                  11807c40    00000040                 : _printfi.obj (.text:___isnan)
                  11807c80    00000040                 : frcmpyd_div.obj (.text:__frcmpyd_div)
                  11807cc0    00000040                 : llshift.obj (.text:__llshru)
                  11807d00    00000040                 : imath40.obj (.text:__remli)
                  11807d40    00000020                 : negll.obj (.text:__negll)
                  11807d60    00000020                 : _lock.obj (.text:__nop)
                  11807d80    00000020                 : printf.obj (.text:__outc)
                  11807da0    00000020                 : printf.obj (.text:__outs)
                  11807dc0    00000020                 : _lock.obj (.text:__register_lock)
                  11807de0    00000020                 : _lock.obj (.text:__register_unlock)
                  11807e00    00000020                 : remove.obj (.text:_remove)

.bios      0    11807e20    000042e0     
                  11807e20    000005c0     lnkrtdx.a674 : rtdx.o674 (.bios)
                  118083e0    00000580     bios.a674 : exc.o674 (.bios)
                  11808960    000004e0               : hwi_disp_asm.o674 (.bios)
                  11808e40    000004c0               : swi.o674 (.bios)
                  11809300    00000380               : prd.o674 (.bios)
                  11809680    00000280               : malloc.o674 (.bios)
                  11809900    00000280               : rta.o674 (.bios)
                  11809b80    00000240               : knl_run.o674 (.bios)
                  11809dc0    00000200               : mem_allo.o674 (.bios:.near)
                  11809fc0    00000200               : knl_tick.o674 (.bios)
                  1180a1c0    000001e0               : mem_free.o674 (.bios:.near)
                  1180a3a0    000001e0               : exc_asm.o674 (.bios)
                  1180a580    000001e0               : pip.o674 (.bios)
                  1180a760    000001e0               : sem_pend.o674 (.bios)
                  1180a940    000001a0               : sem_dopo.o674 (.bios)
                  1180aae0    000001a0               : tsk_setu.o674 (.bios)
                  1180ac80    000001a0     bios6748.a674 : clk.o674 (.bios)
                  1180ae20    00000180     bios.a674 : knl_swit.o674 (.bios)
                  1180afa0    00000140               : autoinit.o674 (.bios)
                  1180b0e0    00000140               : tsk_exit.o674 (.bios)
                  1180b220    00000140     bios6748.a674 : bcache_init.o674 (.bios)
                  1180b360    00000120     bios.a674 : gbl_cacheinit64P.o674 (.bios)
                  1180b480    00000120               : knl_chec.o674 (.bios)
                  1180b5a0    00000120               : tsk_stup.o674 (.bios)
                  1180b6c0    000000e0               : sem_post_asm.o674 (.bios)
                  1180b7a0    000000c0               : knl_exit.o674 (.bios)
                  1180b860    000000a0               : sem_post.o674 (.bios)
                  1180b900    000000a0               : sys_exit.o674 (.bios)
                  1180b9a0    00000080               : knl_ipos.o674 (.bios)
                  1180ba20    00000080               : knl_post.o674 (.bios)
                  1180baa0    00000080               : lck.o674 (.bios)
                  1180bb20    00000080               : log.o674 (.bios)
                  1180bba0    00000080     bios6748.a674 : idl_cal.o674 (.bios)
                  1180bc20    00000060     bios.a674 : sys_erro.o674 (.bios:.near)
                  1180bc80    00000060               : fxn.o674 (.bios)
                  1180bce0    00000060               : hwi_c.o674 (.bios)
                  1180bd40    00000060               : idl_busy.o674 (.bios)
                  1180bda0    00000060               : sem_pend_counting.o674 (.bios)
                  1180be00    00000060               : sts.o674 (.bios)
                  1180be60    00000060               : sys_abor.o674 (.bios)
                  1180bec0    00000060     bios6748.a674 : clk_meas.o674 (.bios)
                  1180bf20    00000040     bios.a674 : idl_stub.o674 (.bios)
                  1180bf60    00000040               : rta_andn.o674 (.bios)
                  1180bfa0    00000040               : utl_doab.o674 (.bios)
                  1180bfe0    00000040               : utl_putc.o674 (.bios)
                  1180c020    00000020               : fxn_c.o674 (.bios)
                  1180c040    00000020               : gbl_vers.o674 (.bios)
                  1180c060    00000020               : idl.o674 (.bios)
                  1180c080    00000020               : sts_set.o674 (.bios)
                  1180c0a0    00000020               : utl_doer.o674 (.bios)
                  1180c0c0    00000020               : utl_halt.o674 (.bios)
                  1180c0e0    00000020     bios6748.a674 : clk_gethtime.o674 (.bios)

.IRAM$heap 
*          0    1180c100    00002000     UNINITIALIZED
                  1180c100    00002000     --HOLE--

.cinit     0    1180e100    0000144c     
                  1180e100    000006c4     hellocfg.obj (.cinit)
                  1180e7c4    00000004     --HOLE-- [fill = 0]
                  1180e7c8    000003ac     hello.obj (.cinit)
                  1180eb74    00000004     --HOLE-- [fill = 0]
                  1180eb78    0000026c     bios.a674 : biosdata.o674 (.cinit)
                  1180ede4    00000004     --HOLE-- [fill = 0]
                  1180ede8    000001a4               : knl.o674 (.cinit)
                  1180ef8c    00000004     --HOLE-- [fill = 0]
                  1180ef90    000000b0               : swi.o674 (.cinit)
                  1180f040    00000080               : tsk.o674 (.cinit)
                  1180f0c0    00000068     rtdx64xplus.lib : rtdx_mon.o64P (.cinit)
                  1180f128    00000060     bios.a674 : tsk_stup.o674 (.cinit)
                  1180f188    0000005c     lnkrtdx.a674 : rtdx.o674 (.cinit)
                  1180f1e4    00000004     --HOLE-- [fill = 0]
                  1180f1e8    0000005c     rts6740.lib : defs.obj (.cinit)
                  1180f244    00000004     --HOLE-- [fill = 0]
                  1180f248    0000005c                 : lowlev.obj (.cinit)
                  1180f2a4    00000004     --HOLE-- [fill = 0]
                  1180f2a8    0000004c     bios.a674 : rta.o674 (.cinit)
                  1180f2f4    00000004     --HOLE-- [fill = 0]
                  1180f2f8    0000004c     rtdx64xplus.lib : buffer1.o64P (.cinit)
                  1180f344    00000004     --HOLE-- [fill = 0]
                  1180f348    0000003c     bios.a674 : exc.o674 (.cinit)
                  1180f384    00000004     --HOLE-- [fill = 0]
                  1180f388    00000034               : hwi.o674 (.cinit)
                  1180f3bc    00000004     --HOLE-- [fill = 0]
                  1180f3c0    0000002c               : utl_putc.o674 (.cinit)
                  1180f3ec    00000004     --HOLE-- [fill = 0]
                  1180f3f0    0000002c     rts6740.lib : exit.obj (.cinit)
                  1180f41c    00000004     --HOLE-- [fill = 0]
                  1180f420    00000024     bios.a674 : obj_init.o674 (.cinit)
                  1180f444    00000004     --HOLE-- [fill = 0]
                  1180f448    00000024     block_sine.obj (.cinit)
                  1180f46c    00000004     --HOLE-- [fill = 0]
                  1180f470    0000001c     bios.a674 : exc_asm.o674 (.cinit)
                  1180f48c    00000004     --HOLE-- [fill = 0]
                  1180f490    0000001c               : sys.o674 (.cinit)
                  1180f4ac    00000004     --HOLE-- [fill = 0]
                  1180f4b0    0000001c     rts6740.lib : _lock.obj (.cinit)
                  1180f4cc    00000004     --HOLE-- [fill = 0]
                  1180f4d0    0000001c                 : atexit.obj (.cinit)
                  1180f4ec    00000004     --HOLE-- [fill = 0]
                  1180f4f0    00000018     bios.a674 : knl_tick.o674 (.cinit)
                  1180f508    0000000c               : idl_busy.o674 (.cinit)
                  1180f514    00000004     --HOLE-- [fill = 0]
                  1180f518    0000000c               : knl_swit.o674 (.cinit)
                  1180f524    00000004     --HOLE-- [fill = 0]
                  1180f528    0000000c     rts6740.lib : fopen.obj (.cinit)
                  1180f534    00000004     --HOLE-- [fill = 0]
                  1180f538    0000000c                 : sinit.obj (.cinit)
                  1180f544    00000004     --HOLE-- [fill = 0]
                  1180f548    00000004     (.pad.cinit) [fill = 0]

.trace     0    1180f54c    00000200     
                  1180f54c    00000200     --HOLE-- [fill = 00000000]

.tsk       0    1180f74c    00000060     UNINITIALIZED
                  1180f74c    00000060     hellocfg.obj (.tsk)

.sts       0    1180f7ac    00000050     
                  1180f7ac    00000050     hellocfg.obj (.sts)

.args      0    1180f7fc    00000004     
                  1180f7fc    00000004     --HOLE-- [fill = 0]

.LOG_system$buf 
*          0    1180f800    00000800     UNINITIALIZED
                  1180f800    00000800     hellocfg.obj (.LOG_system$buf)

.trace$buf 
*          0    11810000    00001000     UNINITIALIZED
                  11810000    00001000     hellocfg.obj (.trace$buf)

.rtdx_text 
*          0    11811000    00000fc0     
                  11811000    000002a0     rtdx64xplus.lib : rtdx_mon.o64P (.rtdx_text:_HSRTDX_rec)
                  118112a0    00000260                     : buffer1.o64P (.rtdx_text:_RTDX_Buffer_WriteCB)
                  11811500    00000260                     : buffer1.o64P (.rtdx_text:_RTDX_write_next)
                  11811760    000001a0                     : rtdx_mon.o64P (.rtdx_text:_HSRTDX_xmt)
                  11811900    00000160                     : rtdx_mon.o64P (.rtdx_text:_RTDX_Send_To_Host)
                  11811a60    000000e0                     : rtdx_mon.o64P (.rtdx_text:_RTDX_Mon_Queue)
                  11811b40    000000e0                     : buffer1.o64P (.rtdx_text:_claim)
                  11811c20    000000a0                     : rtdx_mon.o64P (.rtdx_text:_RTDX_GetH2THeader)
                  11811cc0    000000a0                     : rtdx_mon.o64P (.rtdx_text:_RTDX_Poll)
                  11811d60    00000080                     : rtdx_mon.o64P (.rtdx_text:_RTDX_Final_RT_Monitor)
                  11811de0    00000060                     : buffer1.o64P (.rtdx_text:_RTDX_Buffer_Initialize)
                  11811e40    00000060                     : rtdx_mon.o64P (.rtdx_text:_RTDX_Init_RT_Monitor)
                  11811ea0    00000040                     : buffer2.o64P (.rtdx_text:_RTDX_Buffer_ReadCB)
                  11811ee0    00000040                     : buffer1.o64P (.rtdx_text:_RTDX_Buffer_Size)
                  11811f20    00000040                     : memfill.o64P (.rtdx_text:_RTDX_memfill)
                  11811f60    00000020                     : buffer2.o64P (.rtdx_text:_RTDX_Buffer_Read)
                  11811f80    00000020                     : buffer1.o64P (.rtdx_text:_RTDX_Buffer_Write)
                  11811fa0    00000020                     : intr_tgt.o64P (.rtdx_text)

.far       0    11811fc0    00000fb8     UNINITIALIZED
                  11811fc0    00000774     hello.obj (.far)
                  11812734    00000004     bios6748.a674 : clk_data.o674 (.far)
                  11812738    00000324     rts6740.lib : defs.obj (.far)
                  11812a5c    00000004                 : fopen.obj (.far)
                  11812a60    00000188                 : atexit.obj (.far)
                  11812be8    0000011c                 : lowlev.obj (.far)
                  11812d04    00000004                 : sinit.obj (.far)
                  11812d08    000000d8     bios.a674 : knl.o674 (.far)
                  11812de0    0000005c               : tsk.o674 (.far)
                  11812e3c    00000004     --HOLE--
                  11812e40    00000054               : obj_init.o674 (.far)
                  11812e94    00000050               : tsk_stup.o674 (.far)
                  11812ee4    00000004     --HOLE--
                  11812ee8    00000020               : sys.o674 (.far)
                  11812f08    00000018     rtdx64xplus.lib : rtdx_mon.o64P (.far)
                  11812f20    00000010     bios.a674 : exc.o674 (.far)
                  11812f30    00000010               : knl_tick.o674 (.far)
                  11812f40    0000000c               : utl_putc.o674 (.far)
                  11812f4c    00000004     --HOLE--
                  11812f50    0000000c     block_sine.obj (.far)
                  11812f5c    0000000c     rts6740.lib : exit.obj (.far)
                  11812f68    00000008                 : _lock.obj (.far)
                  11812f70    00000008                 : trgdrv.obj (.far)

.clk       0    11812f78    00000008     UNINITIALIZED
                  11812f78    00000008     hellocfg.obj (.clk)

.sysinit   0    11812f80    00000560     
                  11812f80    00000380     hellocfg.obj (.sysinit)
                  11813300    000000c0     bios.a674 : boot.o674 (.sysinit)
                  118133c0    000000c0               : mem_init.o674 (.sysinit)
                  11813480    00000060               : tsk_init.o674 (.sysinit)

.prd       0    118134e0    00000020     UNINITIALIZED
                  118134e0    00000020     hellocfg.obj (.prd)

.rtdx_data 
*          0    11813500    000004f4     UNINITIALIZED
                  11813500    00000080     --HOLE--
                  11813580    00000410     hellocfg.obj (.rtdx_data)
                  11813990    00000044     rtdx64xplus.lib : rtdx_mon.o64P (.rtdx_data)
                  118139d4    00000020                     : buffer1.o64P (.rtdx_data)

.mem       0    118139f4    00000004     UNINITIALIZED
                  118139f4    00000004     hellocfg.obj (.mem)

.const     0    118139f8    00000435     
                  118139f8    00000193     bios.a674 : exc.o674 (.const:.string)
                  11813b8b    00000004               : mem_allo.o674 (.const:.string)
                  11813b8f    00000001     --HOLE-- [fill = 0]
                  11813b90    00000101     rts6740.lib : ctype.obj (.const:.string:__ctypes_)
                  11813c91    00000004     bios.a674 : mem_free.o674 (.const:.string)
                  11813c95    00000002     rts6740.lib : fputs.obj (.const:.string)
                  11813c97    00000001     --HOLE-- [fill = 0]
                  11813c98    00000080     evmc6748_bsl.lib : evmc6748.obj (.const:_bitval_u32)
                  11813d18    0000004e     bios.a674 : tsk_stup.o674 (.const:.string)
                  11813d66    00000002     --HOLE-- [fill = 0]
                  11813d68    00000040     evmc6748_bsl.lib : evmc6748.obj (.const:.string)
                  11813da8    00000023     bios.a674 : utl_doab.o674 (.const:.string)
                  11813dcb    00000023     rts6740.lib : _printfi.obj (.const:.string)
                  11813dee    00000022     bios.a674 : utl_doer.o674 (.const:.string)
                  11813e10    0000001c     rb.obj (.const:.string)
                  11813e2c    00000001     bios.a674 : tsk.o674 (.const:.string)

.printf    0    11813e2d    00000076     COPY SECTION
                  11813e2d    00000076     hellocfg.obj (.printf)

.TSK_idle$stk 
*          0    11813e30    00000400     UNINITIALIZED
                  11813e30    00000400     hellocfg.obj (.TSK_idle$stk)

.stack     0    11814230    00000400     UNINITIALIZED
                  11814230    00000400     --HOLE--

.bss       0    11814630    00000394     UNINITIALIZED
                  11814630    00000100     bios.a674 : hwi_disp_asm.o674 (.bss)
                  11814730    000000cc               : biosdata.o674 (.bss)
                  118147fc    0000009c               : swi.o674 (.bss)
                  11814898    00000048               : knl.o674 (.bss)
                  118148e0    00000028     hellocfg.obj (.bss)
                  11814908    00000020     bios.a674 : exc_asm.o674 (.bss)
                  11814928    00000018               : hwi.o674 (.bss)
                  11814940    00000018     lnkrtdx.a674 : rtdx.o674 (.bss)
                  11814958    00000010     bios.a674 : exc.o674 (.bss)
                  11814968    00000010     rtdx64xplus.lib : buffer1.o64P (.bss)
                  11814978    00000010                     : rtdx_mon.o64P (.bss)
                  11814988    0000000c     bios.a674 : tsk.o674 (.bss)
                  11814994    0000000c     hello.obj (.bss)
                  118149a0    00000008     bios.a674 : clk_data.o674 (.bss)
                  118149a8    00000008               : sys.o674 (.bss)
                  118149b0    00000004               : clk_data2.o674 (.bss)
                  118149b4    00000004               : idl_busy.o674 (.bss)
                  118149b8    00000004               : mem_asm.o674 (.bss)
                  118149bc    00000004     block_sine.obj (.bss)
                  118149c0    00000004     evmc6748_bsl.lib : evmc6748_i2c.obj (.bss)

.cio       0    118149c8    00000120     UNINITIALIZED
                  118149c8    00000120     rts6740.lib : trgmsg.obj (.cio)

.hst0      0    11814ae8    00000100     UNINITIALIZED
                  11814ae8    00000100     hellocfg.obj (.hst0)

.hst1      0    11814be8    00000010     UNINITIALIZED
                  11814be8    00000010     hellocfg.obj (.hst1)

.hwi_vec   0    11814c00    00000200     
                  11814c00    00000200     hellocfg.obj (.hwi_vec)

.pip       0    11814e00    000000c8     UNINITIALIZED
                  11814e00    000000c8     hellocfg.obj (.pip)

.swi       0    11814ec8    00000058     UNINITIALIZED
                  11814ec8    00000058     hellocfg.obj (.swi)

.gblinit   0    11814f20    0000004c     
                  11814f20    0000004c     hellocfg.obj (.gblinit)

.switch    0    11814f6c    00000044     
                  11814f6c    00000024     evmc6748_bsl.lib : evmc6748_gpio.obj (.switch:_getRegisterBankAndBit)
                  11814f90    00000020                      : evmc6748_dip.obj (.switch:_convertDipToI2CGpio)

.hst       0    11814fb0    0000003c     UNINITIALIZED
                  11814fb0    0000003c     hellocfg.obj (.hst)

.log       0    11814fec    00000030     
                  11814fec    00000030     hellocfg.obj (.log)

.idl       0    1181501c    00000010     UNINITIALIZED
                  1181501c    00000010     hellocfg.obj (.idl)

.idlcal    0    1181502c    00000010     UNINITIALIZED
                  1181502c    00000010     hellocfg.obj (.idlcal)

.sys       0    1181503c    00000010     UNINITIALIZED
                  1181503c    00000010     hellocfg.obj (.sys)

.pinit     0    1181504c    0000000c     
                  1181504c    00000004     rtdx64xplus.lib : buffer1.o64P (.pinit)
                  11815050    00000004                     : rtdx_mon.o64P (.pinit)
                  11815054    00000004     --HOLE-- [fill = 0]

.trcdata   0    11815058    0000000c     
                  11815058    0000000c     bios.a674 : trc.o674 (.trcdata)


GLOBAL SYMBOLS: SORTED ALPHABETICALLY BY Name 

address    name
--------   ----
11814630   $bss
11814630   .bss
11800000   .data
11800000   .text
11813144   BIOS$$CLKOFF
11813104   BIOS$$CLKON
11812f80   BIOS_init
118131b0   BIOS_start
00000000   BUF$
00000001   BUF_ENABLED
11807bb8   C$$IO$$
ffffffff   CACHE_L1D
ffffffff   CACHE_L1P
00000001   CLK$
11812f78   CLK_A_TABBEG
00000001   CLK_CALDIV
00000001   CLK_CALMULT
000493e0   CLK_COUNTSPMS
00000004   CLK_COUNTSPMSHIGH
11814758   CLK_D_idletime
11814754   CLK_D_isrhook
11814750   CLK_D_tabbeg
1181474c   CLK_D_timefxn
00000001   CLK_ENABLEHTIME
1180c0e0   CLK_F_gethtime
1180ac80   CLK_F_getltime
1180ac90   CLK_F_isr
1180add0   CLK_F_itime
11808960   CLK_HOOKFXN
00000001   CLK_HTIMEDIV
00000001   CLK_HTIMEMULT
000493e0   CLK_HTIMEPERLTIME
00005dc0   CLK_INPUTCLK
00004000   CLK_INTBIT
00000001   CLK_LTIMEDIV
000493e0   CLK_LTIMEMULT
000003e8   CLK_MICROSECS
00000001   CLK_POWERENABLE
00005dc0   CLK_PRD
00000000   CLK_PRDHIGH
01c20000   CLK_REGS
00000001   CLK_RESETTIMER
11814748   CLK_R_time
00000020   CLK_TCR
00000000   CLK_TDDR
00000000   CLK_TDDRHIGH
1180c0e0   CLK_TIMEFXN
00000000   CLK_TIMERNUM
00000005   CLK_TIMMODE
00000001   CLK_USETIMER
11812f7c   CLK_null
ffffffff   DDR
00000000   DEV$
00000000   DGN$
00000000   DHL$
00000000   DHL_gChannelsAvailable
00000000   DIO$
00000000   DIO_NUMSWIBASE
00000000   DIO_NUMTSKBASE
00000000   DIO_STATIC
00000000   DPI$
00000000   ECM$
00000000   ECM_ENABLE
ffffffff   ECM_EVTMASK0
ffffffff   ECM_EVTMASK1
ffffffff   ECM_EVTMASK2
ffffffff   ECM_EVTMASK3
0000000a   EVENT10
00000064   EVENT100
00000065   EVENT101
00000066   EVENT102
00000067   EVENT103
00000068   EVENT104
00000069   EVENT105
0000006a   EVENT106
0000006b   EVENT107
0000006c   EVENT108
0000006d   EVENT109
0000000b   EVENT11
0000006e   EVENT110
0000006f   EVENT111
00000070   EVENT112
00000071   EVENT113
00000072   EVENT114
00000073   EVENT115
00000074   EVENT116
00000075   EVENT117
00000076   EVENT118
00000077   EVENT119
0000000c   EVENT12
00000078   EVENT120
00000079   EVENT121
0000007a   EVENT122
0000007b   EVENT123
0000007c   EVENT124
0000007d   EVENT125
0000007e   EVENT126
0000007f   EVENT127
0000000d   EVENT13
0000000e   EVENT14
0000000f   EVENT15
00000010   EVENT16
00000011   EVENT17
00000012   EVENT18
00000013   EVENT19
00000014   EVENT20
00000015   EVENT21
00000016   EVENT22
00000017   EVENT23
00000018   EVENT24
00000019   EVENT25
0000001a   EVENT26
0000001b   EVENT27
0000001c   EVENT28
0000001d   EVENT29
0000001e   EVENT30
0000001f   EVENT31
00000020   EVENT32
00000021   EVENT33
00000022   EVENT34
00000023   EVENT35
00000024   EVENT36
00000025   EVENT37
00000026   EVENT38
00000027   EVENT39
00000004   EVENT4
00000028   EVENT40
00000029   EVENT41
0000002a   EVENT42
0000002b   EVENT43
0000002c   EVENT44
0000002d   EVENT45
0000002e   EVENT46
0000002f   EVENT47
00000030   EVENT48
00000031   EVENT49
00000005   EVENT5
00000032   EVENT50
00000033   EVENT51
00000034   EVENT52
00000035   EVENT53
00000036   EVENT54
00000037   EVENT55
00000038   EVENT56
00000039   EVENT57
0000003a   EVENT58
0000003b   EVENT59
00000006   EVENT6
0000003c   EVENT60
0000003d   EVENT61
0000003e   EVENT62
0000003f   EVENT63
00000040   EVENT64
00000041   EVENT65
00000042   EVENT66
00000043   EVENT67
00000044   EVENT68
00000045   EVENT69
00000007   EVENT7
00000046   EVENT70
00000047   EVENT71
00000048   EVENT72
00000049   EVENT73
0000004a   EVENT74
0000004b   EVENT75
0000004c   EVENT76
0000004d   EVENT77
0000004e   EVENT78
0000004f   EVENT79
00000008   EVENT8
00000050   EVENT80
00000051   EVENT81
00000052   EVENT82
00000053   EVENT83
00000054   EVENT84
00000055   EVENT85
00000056   EVENT86
00000057   EVENT87
00000058   EVENT88
00000059   EVENT89
00000009   EVENT9
0000005a   EVENT90
0000005b   EVENT91
0000005c   EVENT92
0000005d   EVENT93
0000005e   EVENT94
0000005f   EVENT95
00000060   EVENT96
00000061   EVENT97
00000062   EVENT98
00000063   EVENT99
1180bc80   FXN_F_nop
1180bc84   FXN_F_run
1180bcc0   FXN_F_zero
00000001   GBL$
00005205   GBL_A_VERSION
00000000   GBL_BCACHEREADADDR0
00000000   GBL_BCACHEREADADDR1
00000000   GBL_BCACHEREADADDR2
00000000   GBL_BIGENDIAN
00000000   GBL_CACHE
00000000   GBL_CALLCSLCFGINIT
00004e20   GBL_CLKIN
00001a5b   GBL_CLKTYPE
00001a5c   GBL_DSPSUBTYPE
0000003e   GBL_DSPTYPE
00000001   GBL_ENABLEINST
00000000   GBL_ENABLE_SK
00000042   GBL_FOOTPRINT
000493e0   GBL_FREQ
00000000   GBL_GEMTRUECOMPEN
00000007   GBL_L1DMODE
00000007   GBL_L1PMODE
00000001   GBL_L2CONFIGURE
00000000   GBL_L2MAR0_31
00000001   GBL_L2MAR128_159
00000000   GBL_L2MAR160_191
ffffffff   GBL_L2MAR192_223
00000000   GBL_L2MAR224_255
00000000   GBL_L2MAR32_63
00000000   GBL_L2MAR64_95
00000000   GBL_L2MAR96_127
00000000   GBL_L2MODE
00000000   GBL_NULL
00000000   GBL_PROCID
00000000   GBL_ROM
00000000   GBL_SUPPORTCSL
0000dbef   GBL_TRCMASKVALUE
00000000   GBL_USERINIT
1180c020   GBL_USERINITFXN
00000001   GBL_boot
11815060   GBL_initdone
11814230   GBL_stackbeg
1181462f   GBL_stackend
00000000   GIO$
1180c020   GIO_CREATEFXN
1180c020   GIO_DELETEFXN
1180c020   GIO_PENDFXN
1180c020   GIO_POSTFXN
00000000   HOOK$
00000000   HOOK_KNLID
00000001   HST$
11814fb0   HST_A_TABBEG
11814fec   HST_A_TABEND
00000000   HST_DSM
118148ec   HST_DSMBUFSEG
00000400   HST_DSMMEMSIZE
118147c4   HST_D_chanmask
118147c8   HST_D_tabbeg
118147cc   HST_D_tabend
000000ff   HST_MAXFRAMEALLOWED
00000040   HST_MAXFRAMESET
00000000   HST_NONE
00000001   HST_RTDX
00000001   HWI$
11814c00   HWI_A_VECS
00005828   HWI_CFGDISPATCHED
11814938   HWI_D_bss
1181493c   HWI_D_ccmask
11814928   HWI_D_spsave
00000001   HWI_ENABLE_EXC
11808960   HWI_F_dispatch
00000000   HWI_GENERATE_RESET_VEC
0000000a   HWI_INT10
00000000   HWI_INT10$hwi
0000000b   HWI_INT11
00000000   HWI_INT11$hwi
0000000c   HWI_INT12
00000000   HWI_INT12$hwi
0000000d   HWI_INT13
00000000   HWI_INT13$hwi
0000000e   HWI_INT14
00000000   HWI_INT14$hwi
0000000f   HWI_INT15
00000000   HWI_INT15$hwi
00000004   HWI_INT4
00000000   HWI_INT4$hwi
00000005   HWI_INT5
00000000   HWI_INT5$hwi
00000006   HWI_INT6
00000000   HWI_INT6$hwi
00000007   HWI_INT7
00000000   HWI_INT7$hwi
00000008   HWI_INT8
00000000   HWI_INT8$hwi
00000009   HWI_INT9
00000000   HWI_INT9$hwi
07063d04   HWI_INTRMUX1
0b0a0908   HWI_INTRMUX2
28040d0c   HWI_INTRMUX3
00000001   HWI_NMI
00000000   HWI_NMI$hwi
00000000   HWI_POLARITYMASK
00000002   HWI_RESERVED0
00000000   HWI_RESERVED0$hwi
00000003   HWI_RESERVED1
00000000   HWI_RESERVED1$hwi
00000000   HWI_RESET
00000000   HWI_RESET$hwi
00000000   HWI_ZEROTAB
00000001   IDL$
1181502c   IDL_A_CALBEG
1181501c   IDL_A_TABBEG
00000006   IDL_CALIBRERROR
1180bf20   IDL_CALIBRFXN
118149b4   IDL_D_busyObj
11814738   IDL_D_calbeg
11814734   IDL_D_calibrate
11814730   IDL_D_tabbeg
11815028   IDL_END
11815038   IDL_END$
1180bd40   IDL_F_busy
1180bba0   IDL_F_calibrate
1180c060   IDL_F_loop
1180bf20   IDL_F_stub
00000001   IDL_USECLKIDLTIME
1180f7f0   IDL_busyObj
11813e9e   IDL_busyObj$avgfmt
00000001   IDL_busyObj$filter
00000001   IDL_busyObj$iA
00000000   IDL_busyObj$iB
00000001   IDL_busyObj$iC
11813e98   IDL_busyObj$maxfmt
00000000   IDL_busyObj$operation
1180f7ec   IDL_busyObj$stsobj
11813e9b   IDL_busyObj$sumfmt
00000002   IDL_busyObj$unittype
1181501c   IDL_cpuLoad
1181502c   IDL_cpuLoad$
118148ec   IRAM
1180c100   IRAM$B
00002000   IRAM$L
00000001   ISRC$
1180af78   KNL_glue
11814ef4   KNL_swi
00000001   KNL_swi$dorta
00000002   KNL_swi$ord
00000000   KNL_swi$pri
1180f7d0   KNL_swi$sts
11813e74   KNL_swi$sts$avgfmt
00000002   KNL_swi$sts$filter
00000001   KNL_swi$sts$filtmaxmult
00000001   KNL_swi$sts$filtsummult
11813e64   KNL_swi$sts$maxfmt
1180f7cc   KNL_swi$sts$stsobj
11813e6c   KNL_swi$sts$sumfmt
00000000   KNL_swi$sts$unittype
00000000   KNL_swi$swi
ffffffff   L3_CBA_RAM
00000001   LCK$
11807e20   LNK_F_checkBufferCall
11807ea0   LNK_F_dataPump
11807e40   LNK_F_getChanPtr
11807e98   LNK_F_init
118083a8   LNK_F_readCallBack
11815020   LNK_dataPump
11815030   LNK_dataPump$
11814944   LNK_dspFrameReadyMask
11814940   LNK_dspFrameRequestMask
11808120   LNK_newin
11808254   LNK_newout
11807eb0   LNK_rcloop
11807f74   LNK_rdrtry
1181494c   LNK_readDone
11814950   LNK_readFail
11814948   LNK_readPend
11807f84   LNK_rrloop
11814954   LNK_writeFail
11808050   LNK_wrloop
11808044   LNK_wrrtry
00000001   LOG$
11814fec   LOG_A_TABBEG
1181501c   LOG_A_TABEND
00000002   LOG_A_TABLEN
1181473c   LOG_D_system
00000001   LOG_ENABLED
1180bb20   LOG_F_event
11814fec   LOG_system
1180f800   LOG_system$buf
00000000   LOG_system$datatype
00000000   LOG_system$log
00000200   LOG_system$size
00000000   MBX$
00000001   MEM$
118148ec   MEM_MALLOCSEG
00000000   MEM_NULL
118148ec   MEM_SEGZERO
00000000   MEM_USEMPC
00000001   MEM_gNumHeap
00000000   MSGQ$
00000000   MSGQ_USEMSGQ
00000000   OBJ$
00000000   PIP$
11814e00   PIP_A_TABBEG
11814ec8   PIP_A_TABEND
00000002   PIP_A_TABLEN
11814740   PIP_D_tabbeg
11814744   PIP_D_tablen
1180a5f8   PIP_F_give
1180a5f8   PIP_F_probe
1180a6c8   PIP_F_start
1180a580   PIP_F_take
00000064   PIP_OBJSIZE
00000000   PIP_gNextId
00000002   PIP_gNumEmbed
00000000   POOL$
00000000   POOL_USEPOOL
00000001   PRD$
118134e0   PRD0
118134fc   PRD0$aaa
00000000   PRD0$mode
00000001   PRD0$ord
000001f4   PRD0$period
00000000   PRD0$prd
1180f7b0   PRD0$sts
11813e3f   PRD0$sts$avgfmt
00000000   PRD0$sts$filter
11813e2d   PRD0$sts$maxfmt
1180f7ac   PRD0$sts$stsobj
11813e36   PRD0$sts$sumfmt
00000002   PRD0$sts$unittype
118134e0   PRD_A_TABBEG
11813500   PRD_A_TABEND
00000001   PRD_A_TABLEN
11814780   PRD_D_cur
11814784   PRD_D_elapsed
11814788   PRD_D_prevtim
1181478c   PRD_D_scalar
11814790   PRD_D_swihandle
11814794   PRD_D_tabbeg
11814798   PRD_D_tablen
1181479c   PRD_D_thook
1181477c   PRD_D_tick
11809300   PRD_F_swi
11809584   PRD_F_tick
00000001   PRD_SCALAR
11814ec8   PRD_SWIHANDLE
1180a194   PRD_THOOKFXN
11812f78   PRD_clock
11814ec8   PRD_swi
00000001   PRD_swi$dorta
00000001   PRD_swi$ord
00000001   PRD_swi$pri
1180f7c0   PRD_swi$sts
11813e5a   PRD_swi$sts$avgfmt
00000002   PRD_swi$sts$filter
00000001   PRD_swi$sts$filtmaxmult
00000001   PRD_swi$sts$filtsummult
11813e4a   PRD_swi$sts$maxfmt
1180f7bc   PRD_swi$sts$stsobj
11813e52   PRD_swi$sts$sumfmt
00000000   PRD_swi$sts$unittype
00000000   PRD_swi$swi
00000001   PWRM$
00000030   PWRM_PWRM_CAPSMASK
0000000a   PWRM_PWRM_CLKTICKSPERSLOT
00000000   PWRM_PWRM_ENABLE
00000002   PWRM_PWRM_INITSPCPU
00000000   PWRM_PWRM_INITSPPER
00000000   PWRM_PWRM_LOADENABLE
00000001   PWRM_PWRM_NUMSLOTS
00000000   PWRM_PWRM_RESOURCETRACKING
00000000   PWRM_PWRM_SCALING
1180c020   PWRM_PWRM_SHAREDRESOURCEFXN
1180c020   PWRM_PWRM_SLOTHOOKFXN
00000000   PWRM_PWRM_TIMERIDNUM
00000000   PWRM_PWRM_TIMERINTRMASK
00000000   PWRM_PWRM_TIMERWUGENMASK
00000000   PWRM_PWRM_USERRESOURCES
00000000   PWRM_PWRM_USETIMER
00000001   QUE$
118147a0   RTA_D_fromHost
118147a8   RTA_D_logval
118147b8   RTA_D_stsval
118147a4   RTA_D_toHost
1180bf60   RTA_F_andn
118099e0   RTA_F_dispatch
11809900   RTA_F_getlog
11809938   RTA_F_getsts
1180bf78   RTA_F_or
11809978   RTA_F_readblk
118099a0   RTA_F_resetmem
11809994   RTA_F_writeword
11815024   RTA_dispatcher
11815034   RTA_dispatcher$
11809a2c   RTA_execute
11814fb4   RTA_fromHost
11814be8   RTA_fromHost$buf
00000004   RTA_fromHost$framesize
00000000   RTA_fromHost$hst
00000001   RTA_fromHost$id
00000000   RTA_fromHost$mode
11814e00   RTA_fromHost$pipe
11814e30   RTA_fromHost$pipe$aaa
11814e60   RTA_fromHost$pipe$bbb
118148f0   RTA_fromHost$pipe$dtab
11814e04   RTA_fromHost$pipe$rd
11814e34   RTA_fromHost$pipe$wr
11814fbc   RTA_fromHost$rtdx
11814fd0   RTA_toHost
11814ae8   RTA_toHost$buf
00000040   RTA_toHost$framesize
00000000   RTA_toHost$hst
00000000   RTA_toHost$id
00000001   RTA_toHost$mode
11814e64   RTA_toHost$pipe
11814e94   RTA_toHost$pipe$aaa
11814ec4   RTA_toHost$pipe$bbb
118148fc   RTA_toHost$pipe$dtab
11814e68   RTA_toHost$pipe$rd
11814e98   RTA_toHost$pipe$wr
11814fd8   RTA_toHost$rtdx
00000001   RTDX$
00000408   RTDX_BUFMEMSIZE
118148ec   RTDX_DATAMEMSEG
00000000   RTDX_MODE
00000001   RTDX_NORMALIZED_HDR
00000001   RTDX_USERTDX
00000000   RTDX_USERTEXECUTION
00000000   SEM$
00000000   SIO$
00000001   STS$
1180f7ac   STS_A_TABBEG
1180f7fc   STS_A_TABEND
1180be2c   STS_F_add
1180be00   STS_F_delta
1180be48   STS_F_reset
00000001   SWI$
11814ec8   SWI_A_TABBEG
11814f20   SWI_A_TABEND
00000002   SWI_A_TABLEN
11814814   SWI_D_curfxn
11814804   SWI_D_curmask
11814810   SWI_D_curmbox
11814808   SWI_D_curset
11814800   SWI_D_execaddr
1181481c   SWI_D_inswi
1181480c   SWI_D_lock
11814818   SWI_D_rdybeg
11814820   SWI_D_rdytab
118147fc   SWI_D_runaddr
00000000   SWI_EHOOKFXN
11809024   SWI_EXECFXN
11808e40   SWI_F_enable
11809024   SWI_F_exec
1180904c   SWI_F_iexec
11808eb0   SWI_F_post
118090cc   SWI_F_run
00000000   SWI_IHOOKFXN
118090cc   SWI_RUNFXN
00000001   SYS$
1181503c   SYS$config
1180bfa0   SYS_ABORTFXN
1180c0a0   SYS_ERRORFXN
1180c0c0   SYS_EXITFXN
1180bfe0   SYS_PUTCFXN
1181505c   TRC_R_mask
11815058   TRC_cinit
00000001   TSK$
00000000   TSK_NUM_HOOKS
00000001   TSK_PRIORITY
00000000   TSK_READYFXN
00000000   TSK_STACKSEG
00000400   TSK_STACKSIZE
00000000   TSK_SWITCHFXN
1180c020   TSK_VCREATEFXN
1180c020   TSK_VDELETEFXN
1180c020   TSK_VEXITFXN
1180f758   TSK_idle
00000000   TSK_idle$ord
00000000   TSK_idle$pri
11813e30   TSK_idle$stack
118141c8   TSK_idle$stkptr
1180f7e0   TSK_idle$sts
11813e8e   TSK_idle$sts$avgfmt
00000002   TSK_idle$sts$filter
00000001   TSK_idle$sts$filtmaxmult
00000001   TSK_idle$sts$filtsummult
11813e7e   TSK_idle$sts$maxfmt
1180f7dc   TSK_idle$sts$stsobj
11813e86   TSK_idle$sts$sumfmt
00000000   TSK_idle$sts$unittype
00000000   TSK_idle$tsk
00000000   UDEV$
11801a64   _AIC3106_Init
11801b18   _AIC3106_readRegister
11801b84   _AIC3106_writeRegister
1180c020   _BCACHE_bootInit
1180b334   _BCACHE_getMar
1180b2e4   _BCACHE_getSize
1180b2b4   _BCACHE_setCacheToSram
1180b264   _BCACHE_setMar
1180b220   _BCACHE_setSize
11812f80   _BIOS_init
118131b0   _BIOS_start
ffffffff   _CACHE_L1D
ffffffff   _CACHE_L1P
000493e0   _CLK_COUNTSPMS
118149a0   _CLK_DFLTMICROSECS
11814778   _CLK_D_countspms
1181476c   _CLK_D_dirty
118149a4   _CLK_D_microseconds
11814770   _CLK_D_prd
11814774   _CLK_D_tddr
1180add0   _CLK_F_itime
00005dc0   _CLK_PRD
01c20000   _CLK_REGS
00000000   _CLK_TDDR
00000000   _CLK_TIMERNUM
00000001   _CLK_USETIMER
1180c0e0   _CLK_gethtime
1181475c   _CLK_htimeDiv
11814760   _CLK_htimeMult
118149b0   _CLK_htimePerLtime
11812734   _CLK_inputClock
1180add0   _CLK_itime
11814764   _CLK_ltimeDiv
11814768   _CLK_ltimeMult
1180bec0   _CLK_measure
ffffffff   _DDR
11805b24   _DIP_get
11805b88   _DIP_getAll
11805b00   _DIP_init
0000000a   _EVENT10
00000064   _EVENT100
00000065   _EVENT101
00000066   _EVENT102
00000067   _EVENT103
00000068   _EVENT104
00000069   _EVENT105
0000006a   _EVENT106
0000006b   _EVENT107
0000006c   _EVENT108
0000006d   _EVENT109
0000000b   _EVENT11
0000006e   _EVENT110
0000006f   _EVENT111
00000070   _EVENT112
00000071   _EVENT113
00000072   _EVENT114
00000073   _EVENT115
00000074   _EVENT116
00000075   _EVENT117
00000076   _EVENT118
00000077   _EVENT119
0000000c   _EVENT12
00000078   _EVENT120
00000079   _EVENT121
0000007a   _EVENT122
0000007b   _EVENT123
0000007c   _EVENT124
0000007d   _EVENT125
0000007e   _EVENT126
0000007f   _EVENT127
0000000d   _EVENT13
0000000e   _EVENT14
0000000f   _EVENT15
00000010   _EVENT16
00000011   _EVENT17
00000012   _EVENT18
00000013   _EVENT19
00000014   _EVENT20
00000015   _EVENT21
00000016   _EVENT22
00000017   _EVENT23
00000018   _EVENT24
00000019   _EVENT25
0000001a   _EVENT26
0000001b   _EVENT27
0000001c   _EVENT28
0000001d   _EVENT29
0000001e   _EVENT30
0000001f   _EVENT31
00000020   _EVENT32
00000021   _EVENT33
00000022   _EVENT34
00000023   _EVENT35
00000024   _EVENT36
00000025   _EVENT37
00000026   _EVENT38
00000027   _EVENT39
00000004   _EVENT4
00000028   _EVENT40
00000029   _EVENT41
0000002a   _EVENT42
0000002b   _EVENT43
0000002c   _EVENT44
0000002d   _EVENT45
0000002e   _EVENT46
0000002f   _EVENT47
00000030   _EVENT48
00000031   _EVENT49
00000005   _EVENT5
00000032   _EVENT50
00000033   _EVENT51
00000034   _EVENT52
00000035   _EVENT53
00000036   _EVENT54
00000037   _EVENT55
00000038   _EVENT56
00000039   _EVENT57
0000003a   _EVENT58
0000003b   _EVENT59
00000006   _EVENT6
0000003c   _EVENT60
0000003d   _EVENT61
0000003e   _EVENT62
0000003f   _EVENT63
00000040   _EVENT64
00000041   _EVENT65
00000042   _EVENT66
00000043   _EVENT67
00000044   _EVENT68
00000045   _EVENT69
00000007   _EVENT7
00000046   _EVENT70
00000047   _EVENT71
00000048   _EVENT72
00000049   _EVENT73
0000004a   _EVENT74
0000004b   _EVENT75
0000004c   _EVENT76
0000004d   _EVENT77
0000004e   _EVENT78
0000004f   _EVENT79
00000008   _EVENT8
00000050   _EVENT80
00000051   _EVENT81
00000052   _EVENT82
00000053   _EVENT83
00000054   _EVENT84
00000055   _EVENT85
00000056   _EVENT86
00000057   _EVENT87
00000058   _EVENT88
00000059   _EVENT89
00000009   _EVENT9
0000005a   _EVENT90
0000005b   _EVENT91
0000005c   _EVENT92
0000005d   _EVENT93
0000005e   _EVENT94
0000005f   _EVENT95
00000060   _EVENT96
00000061   _EVENT97
00000062   _EVENT98
00000063   _EVENT99
118001e8   _EVMC6748_enableDsp
11800000   _EVMC6748_init
1180002c   _EVMC6748_initRAM
118002b0   _EVMC6748_lpscTransition
11800214   _EVMC6748_pinmuxConfig
11808930   _EXC_clearLastStatus
1180a3a0   _EXC_dispatch
11808754   _EXC_exceptionHandler
11814958   _EXC_exceptionHook
11808720   _EXC_external
11814960   _EXC_externalHook
11808700   _EXC_getLastStatus
118086c0   _EXC_init
11808414   _EXC_internal
1181495c   _EXC_internalHook
118083e0   _EXC_nmi
11814964   _EXC_nmiHook
11814910   _EXC_returnPtr
1180a564   _EXC_setReturnPtr
11812f20   _EXC_status
11814908   _EXC_sysTrapTable
1180c020   _FXN_F_nop
1180bc84   _FXN_F_run
1180bcc0   _FXN_F_zero
00000000   _GBL_CACHE
1180b3c8   _GBL_cacheInit64P
118147d4   _GBL_clkIn
118147d8   _GBL_freq
1180c040   _GBL_getVersion
118147d0   _GBL_procId
11803358   _GPIO_getInput
118032e0   _GPIO_setDir
118033cc   _GPIO_setOutput
1180344c   _GPIO_toggleLoop
11807080   _HOSTclose
11806240   _HOSTlseek
11806540   _HOSTopen
11806620   _HOSTread
11805980   _HOSTrename
11806a80   _HOSTunlink
11806b40   _HOSTwrite
11811000   _HSRTDX_rec
11811760   _HSRTDX_xmt
11814fb0   _HST_A_TABBEG
11814fec   _HST_A_TABEND
00005828   _HWI_CFGDISPATCHED
11814934   _HWI_D_inhwi
11814928   _HWI_D_spsave
11808960   _HWI_F_dispatch
0000000a   _HWI_INT10
0000000b   _HWI_INT11
0000000c   _HWI_INT12
0000000d   _HWI_INT13
0000000e   _HWI_INT14
0000000f   _HWI_INT15
00000004   _HWI_INT4
00000005   _HWI_INT5
00000006   _HWI_INT6
00000007   _HWI_INT7
00000008   _HWI_INT8
00000009   _HWI_INT9
00000001   _HWI_NMI
00000002   _HWI_RESERVED0
00000003   _HWI_RESERVED1
00000000   _HWI_RESET
11814628   _HWI_STKBOTTOM
11814230   _HWI_STKTOP
11814928   _HWI_data
1180bce0   _HWI_disable
11814630   _HWI_dispatchTab
1180bcf8   _HWI_enable
1180bd0c   _HWI_restore
11802274   _I2CGPIO_getInput
11802390   _I2CGPIO_getInputAll
118021a0   _I2CGPIO_init
118024a0   _I2CGPIO_setOutput
118025e8   _I2CGPIO_setOutputAll
11803660   _I2C_init
1180374c   _I2C_read
118038a8   _I2C_write
1180f7f0   _IDL_busyObj
1181501c   _IDL_cpuLoad
1180c060   _IDL_loop
118148ec   _IRAM
1180c100   _IRAM_base
00002000   _IRAM_length
118148a0   _KNL_alarm
1180b480   _KNL_check
118148c4   _KNL_curqueue
118148b4   _KNL_curtask
118148bc   _KNL_curtime
11812da8   _KNL_dummy
1180b7e0   _KNL_enter
1180b7a0   _KNL_exit
1180b548   _KNL_idle
118148dc   _KNL_idlefxn
118148a8   _KNL_inactive
1180b9a0   _KNL_ipost
1180b570   _KNL_max
118148c8   _KNL_maxqueue
1180ba20   _KNL_post
118148b8   _KNL_prevtask
118148ac   _KNL_priority
11812d08   _KNL_queues
11809b80   _KNL_run
1180ae20   _KNL_saveIsrFrame
118148b0   _KNL_set
118148a4   _KNL_setpri
11814ef4   _KNL_swi
118148c0   _KNL_swiptr
1180aecc   _KNL_switch
118148d0   _KNL_tcreatefxn
118148d4   _KNL_tdeletefxn
1180a194   _KNL_tick
118148d8   _KNL_treadyfxn
118148cc   _KNL_tswitchfxn
11814898   _KNL_wFlag
1181489c   _KNL_wList
ffffffff   _L3_CBA_RAM
1180bac0   _LCK_pend
1180baa0   _LCK_post
11805440   _LED_init
1180548c   _LED_isOn
1180558c   _LED_toggle
11805544   _LED_turnOff
118054f4   _LED_turnOn
11815020   _LNK_dataPump
11814944   _LNK_dspFrameReadyMask
11814940   _LNK_dspFrameRequestMask
1181494c   _LNK_readDone
11814950   _LNK_readFail
11814948   _LNK_readPend
11814954   _LNK_writeFail
11814fec   _LOG_A_TABBEG
1181501c   _LOG_A_TABEND
00000002   _LOG_A_TABLEN
1181473c   _LOG_D_system
1180bb20   _LOG_event
11814fec   _LOG_system
118149b8   _MEM
118147dc   _MEM_D_NUMSEGMENTS
118147e4   _MEM_D_freelist
118147e8   _MEM_D_lockaddr
118147e0   _MEM_D_memtab
118147ec   _MEM_D_unlockaddr
11809dc0   _MEM_alloc
1180a1c0   _MEM_free
118133c0   _MEM_init
118148e0   _MEM_memtab
118017cc   _McASP_Init
118018f4   _McASP_Start
11812e78   _OBJ_segtab
11812e40   _OBJ_table
11814e00   _PIP_A_TABBEG
11814ec8   _PIP_A_TABEND
118134e0   _PRD0
1181477c   _PRD_D_tick
11812f78   _PRD_clock
11814ec8   _PRD_swi
11815024   _RTA_dispatcher
11814fb4   _RTA_fromHost
11814fd0   _RTA_toHost
11813580   _RTDX_Buffer
1181398c   _RTDX_Buffer_End
11811de0   _RTDX_Buffer_Initialize
11811f60   _RTDX_Buffer_Read
11811ea0   _RTDX_Buffer_ReadCB
11811ee0   _RTDX_Buffer_Size
11813988   _RTDX_Buffer_Start
11811f80   _RTDX_Buffer_Write
118112a0   _RTDX_Buffer_WriteCB
11811d60   _RTDX_Final_RT_Monitor
11811e40   _RTDX_Init_RT_Monitor
00000002   _RTDX_JTAGONLY
11811fa0   _RTDX_Mask_IER
11811a60   _RTDX_Mon_Queue
11811cc0   _RTDX_Poll
00000000   _RTDX_interrupt_mask
11811f20   _RTDX_memfill
118139e0   _RTDX_writing
118148ec   _SEG0
1180bda0   _SEM_pend
1180a760   _SEM_pendEnterKnl
1180b6c0   _SEM_post
1180b6c0   _SEM_postBinary
1180b860   _SEM_postEnterKnl
1180f7ac   _STS_A_TABBEG
1180f7fc   _STS_A_TABEND
1180be2c   _STS_add
1180be00   _STS_delta
1180be48   _STS_reset
1180c080   _STS_set
11814814   _SWI_D_curfxn
11814804   _SWI_D_curmask
11814808   _SWI_D_curset
11814800   _SWI_D_execaddr
1181481c   _SWI_D_inswi
1181480c   _SWI_D_lock
11814818   _SWI_D_rdybeg
118147fc   _SWI_D_runaddr
118147fc   _SWI_data
11808eb0   _SWI_post
118147f0   _SYS
1180f54c   _SYS_PUTCBEG
1180f74b   _SYS_PUTCEND
1180be60   _SYS_abort
1180bc20   _SYS_error
1180b900   _SYS_exit
11812ee8   _SYS_exitStack
118149a8   _SYS_exitStackPtr
118149ac   _SYS_exitStackTop
11801c44   _SetGpio
1181505c   _TRC_R_mask
11814990   _TSK
11812de0   _TSK_ATTRS
11812dfc   _TSK_config
1180b0e0   _TSK_exit
1180f758   _TSK_idle
11813480   _TSK_init
11814988   _TSK_nTasks
1181498c   _TSK_pid
1180aae0   _TSK_setup
1180b644   _TSK_startup
11812e1c   _TSK_timerSem
11801bb8   _USTIMER_delay
11800c00   _UTIL_isUIBoardAttached
11800aa8   _UTIL_printMem
1180bfa0   _UTL_doAbort
1180c0a0   _UTL_doError
1180bfe0   _UTL_doPutc
1180c0c0   _UTL_halt
118149c8   __CIOBUF_
1180adf0   __CLK_lat1beg
1180ae10   __CLK_lat1end
118147f8   __HOOK_NUMHOOKS
118147f4   __HOOK_knlId
11808960   __HWI_lat1beg
11808ae8   __HWI_lat1end
11808ae8   __HWI_lat2beg
11808cc4   __HWI_lat2end1
11808c50   __HWI_lat2end2
11808ce0   __HWI_lat3beg
11808c80   __HWI_lat3end2
1180bd40   __IDL_lat1beg
1180bd80   __IDL_lat1end
1180b4cc   __KNL_lat1beg
1180b548   __KNL_lat1end
1180bb20   __LOG_lat1beg
11812ebc   __MEM_mutex
118099a0   __RTA_lat1beg
118099d4   __RTA_lat1end
1180a940   __SEM_dopost
11814630   __STACK_END
00000400   __STACK_SIZE
11808fb8   __SWI_lat1beg
11809064   __SWI_lat1end
11809068   __SWI_lat2beg
118090c8   __SWI_lat2end
11808e40   __SWI_lat3beg
11808eac   __SWI_lat3end
11812e94   __TSK_mutex
11812f64   ___TI_enable_exit_profile_output
ffffffff   ___TI_pprof_out_hndl
ffffffff   ___TI_prof_data_size
ffffffff   ___TI_prof_data_start
11807bc0   ___add_dtor
11812a60   ___atexit_func_id__
ffffffff   ___binit__
11814630   ___bss__
ffffffff   ___c_args__
1180e100   ___cinit__
11800000   ___data__
11800000   ___edata__
118149c4   ___end__
11807e20   ___etext__
11807c00   ___isinf
1181504c   ___pinit__
11800000   ___text__
1180afa0   __auto_init
11806cc0   __c6xabi_divu
11807120   __cleanup
11812f5c   __cleanup_ptr
11805ee0   __closefile
11813b90   __ctypes_
11800c20   __divd
118071c0   __divli
11806cc0   __divu
118057e0   __divul
11804500   __divull
11806d80   __doflush
11812f60   __dtors_ptr
118073a0   __fixdli
118078a0   __fltlid
11807c80   __frcmpyd_div
11812a58   __ft_end
11812738   __ftable
11807920   __llshl
11807cc0   __llshru
11812f68   __lock
11807d40   __negll
11807d60   __nop
11807440   __nround
11802b00   __printfi
11807dc0   __register_lock
11807de0   __register_unlock
11807d00   __remli
11814230   __stack
11807aa0   __subcull
11812918   __tmpnams
11812f6c   __unlock
11806340   __wrt_ok
11812190   _aHigh
11812130   _aLow
11812150   _aMid
11812170   _aPres
11806e40   _atexit
11806700   _atoi
118027f4   _audioHWI
118121a0   _bHigh
11812140   _bLow
11812160   _bMid
11812180   _bPres
11811fc0   _b_fir
11813c98   _bitval_u32
11812438   _buffer
11813300   _c_int00
118120c0   _cab
11806440   _call_dtors
118098ac   _calloc
118067e0   _close
11800688   _config_pll0
118008c4   _config_pll1
118026e8   _dipPRD
1181499b   _dist
11812d04   _dtors
11814996   _eqBypass
11812238   _eqSignal
11812338   _fftSignal
11804e20   _fputc
11802f40   _fputs
11809680   _free
11806120   _fseek
118126c4   _high
1181499a   _highCut
11801764   _initAll
11812574   _low
11814997   _lowCut
11807620   _lseek
11806f00   _ltoa
11802680   _main
118096a4   _malloc
11814994   _mask
118097e8   _memalign
11807b00   _memccpy
118076c0   _memcpy
118068c0   _memset
118125e4   _mid
11814998   _midCut
11807760   _modf
11812654   _pres
11814999   _presCut
118069a0   _printf
11804e20   _putc
11801740   _read_audio_sample
118079a0   _readmsg
11809704   _realloc
11807e00   _remove
11814970   _rtdxNullChanCnt
11814974   _rtdxNullFuncCnt
1181497c   _rtdxRecNotDoneCnt
11814984   _rtdxXmtErrorCnt
11814978   _rtdxXmtNotDoneCnt
11814980   _rtdxXmtRestartCnt
118139d4   _rtdx_buffer_state
11813990   _rtdx_mon_state
11805240   _setvbuf
118121b0   _sine
11815004   _trace
11807a20   _unlink
11812568   _wHigh
11812538   _wLow
11812548   _wMid
11812558   _wPres
11807800   _write
1181499c   _writeIndex
11801750   _write_audio_sample
11807b60   _writemsg
ffffffff   binit
1180e100   cinit
11800000   edata
118149c4   end
11807e20   etext
11814c00   hwi0
11814c20   hwi1
11814d40   hwi10
11814d60   hwi11
11814d80   hwi12
11814da0   hwi13
11814dc0   hwi14
11814de0   hwi15
11814c40   hwi2
11814c60   hwi3
11814c80   hwi4
11814ca0   hwi5
11814cc0   hwi6
11814ce0   hwi7
11814d00   hwi8
11814d20   hwi9
1181504c   pinit
11815004   trace
11810000   trace$buf
00000001   trace$datatype
00000000   trace$log
00000400   trace$size


GLOBAL SYMBOLS: SORTED BY Symbol Address 

address    name
--------   ----
00000000   BUF$
00000000   CLK_PRDHIGH
00000000   CLK_TDDR
00000000   CLK_TDDRHIGH
00000000   CLK_TIMERNUM
00000000   DEV$
00000000   DGN$
00000000   DHL$
00000000   DHL_gChannelsAvailable
00000000   DIO$
00000000   DIO_NUMSWIBASE
00000000   DIO_NUMTSKBASE
00000000   DIO_STATIC
00000000   DPI$
00000000   ECM$
00000000   ECM_ENABLE
00000000   GBL_BCACHEREADADDR0
00000000   GBL_BCACHEREADADDR1
00000000   GBL_BCACHEREADADDR2
00000000   GBL_BIGENDIAN
00000000   GBL_CACHE
00000000   GBL_CALLCSLCFGINIT
00000000   GBL_ENABLE_SK
00000000   GBL_GEMTRUECOMPEN
00000000   GBL_L2MAR0_31
00000000   GBL_L2MAR160_191
00000000   GBL_L2MAR224_255
00000000   GBL_L2MAR32_63
00000000   GBL_L2MAR64_95
00000000   GBL_L2MAR96_127
00000000   GBL_L2MODE
00000000   GBL_NULL
00000000   GBL_PROCID
00000000   GBL_ROM
00000000   GBL_SUPPORTCSL
00000000   GBL_USERINIT
00000000   GIO$
00000000   HOOK$
00000000   HOOK_KNLID
00000000   HST_DSM
00000000   HST_NONE
00000000   HWI_GENERATE_RESET_VEC
00000000   HWI_INT10$hwi
00000000   HWI_INT11$hwi
00000000   HWI_INT12$hwi
00000000   HWI_INT13$hwi
00000000   HWI_INT14$hwi
00000000   HWI_INT15$hwi
00000000   HWI_INT4$hwi
00000000   HWI_INT5$hwi
00000000   HWI_INT6$hwi
00000000   HWI_INT7$hwi
00000000   HWI_INT8$hwi
00000000   HWI_INT9$hwi
00000000   HWI_NMI$hwi
00000000   HWI_POLARITYMASK
00000000   HWI_RESERVED0$hwi
00000000   HWI_RESERVED1$hwi
00000000   HWI_RESET
00000000   HWI_RESET$hwi
00000000   HWI_ZEROTAB
00000000   IDL_busyObj$iB
00000000   IDL_busyObj$operation
00000000   KNL_swi$pri
00000000   KNL_swi$sts$unittype
00000000   KNL_swi$swi
00000000   LOG_system$datatype
00000000   LOG_system$log
00000000   MBX$
00000000   MEM_NULL
00000000   MEM_USEMPC
00000000   MSGQ$
00000000   MSGQ_USEMSGQ
00000000   OBJ$
00000000   PIP$
00000000   PIP_gNextId
00000000   POOL$
00000000   POOL_USEPOOL
00000000   PRD0$mode
00000000   PRD0$prd
00000000   PRD0$sts$filter
00000000   PRD_swi$sts$unittype
00000000   PRD_swi$swi
00000000   PWRM_PWRM_ENABLE
00000000   PWRM_PWRM_INITSPPER
00000000   PWRM_PWRM_LOADENABLE
00000000   PWRM_PWRM_RESOURCETRACKING
00000000   PWRM_PWRM_SCALING
00000000   PWRM_PWRM_TIMERIDNUM
00000000   PWRM_PWRM_TIMERINTRMASK
00000000   PWRM_PWRM_TIMERWUGENMASK
00000000   PWRM_PWRM_USERRESOURCES
00000000   PWRM_PWRM_USETIMER
00000000   RTA_fromHost$hst
00000000   RTA_fromHost$mode
00000000   RTA_toHost$hst
00000000   RTA_toHost$id
00000000   RTDX_MODE
00000000   RTDX_USERTEXECUTION
00000000   SEM$
00000000   SIO$
00000000   SWI_EHOOKFXN
00000000   SWI_IHOOKFXN
00000000   TSK_NUM_HOOKS
00000000   TSK_READYFXN
00000000   TSK_STACKSEG
00000000   TSK_SWITCHFXN
00000000   TSK_idle$ord
00000000   TSK_idle$pri
00000000   TSK_idle$sts$unittype
00000000   TSK_idle$tsk
00000000   UDEV$
00000000   _CLK_TDDR
00000000   _CLK_TIMERNUM
00000000   _GBL_CACHE
00000000   _HWI_RESET
00000000   _RTDX_interrupt_mask
00000000   trace$log
00000001   BUF_ENABLED
00000001   CLK$
00000001   CLK_CALDIV
00000001   CLK_CALMULT
00000001   CLK_ENABLEHTIME
00000001   CLK_HTIMEDIV
00000001   CLK_HTIMEMULT
00000001   CLK_LTIMEDIV
00000001   CLK_POWERENABLE
00000001   CLK_RESETTIMER
00000001   CLK_USETIMER
00000001   GBL$
00000001   GBL_ENABLEINST
00000001   GBL_L2CONFIGURE
00000001   GBL_L2MAR128_159
00000001   GBL_boot
00000001   HST$
00000001   HST_RTDX
00000001   HWI$
00000001   HWI_ENABLE_EXC
00000001   HWI_NMI
00000001   IDL$
00000001   IDL_USECLKIDLTIME
00000001   IDL_busyObj$filter
00000001   IDL_busyObj$iA
00000001   IDL_busyObj$iC
00000001   ISRC$
00000001   KNL_swi$dorta
00000001   KNL_swi$sts$filtmaxmult
00000001   KNL_swi$sts$filtsummult
00000001   LCK$
00000001   LOG$
00000001   LOG_ENABLED
00000001   MEM$
00000001   MEM_gNumHeap
00000001   PRD$
00000001   PRD0$ord
00000001   PRD_A_TABLEN
00000001   PRD_SCALAR
00000001   PRD_swi$dorta
00000001   PRD_swi$ord
00000001   PRD_swi$pri
00000001   PRD_swi$sts$filtmaxmult
00000001   PRD_swi$sts$filtsummult
00000001   PWRM$
00000001   PWRM_PWRM_NUMSLOTS
00000001   QUE$
00000001   RTA_fromHost$id
00000001   RTA_toHost$mode
00000001   RTDX$
00000001   RTDX_NORMALIZED_HDR
00000001   RTDX_USERTDX
00000001   STS$
00000001   SWI$
00000001   SYS$
00000001   TSK$
00000001   TSK_PRIORITY
00000001   TSK_idle$sts$filtmaxmult
00000001   TSK_idle$sts$filtsummult
00000001   _CLK_USETIMER
00000001   _HWI_NMI
00000001   trace$datatype
00000002   HWI_RESERVED0
00000002   IDL_busyObj$unittype
00000002   KNL_swi$ord
00000002   KNL_swi$sts$filter
00000002   LOG_A_TABLEN
00000002   PIP_A_TABLEN
00000002   PIP_gNumEmbed
00000002   PRD0$sts$unittype
00000002   PRD_swi$sts$filter
00000002   PWRM_PWRM_INITSPCPU
00000002   SWI_A_TABLEN
00000002   TSK_idle$sts$filter
00000002   _HWI_RESERVED0
00000002   _LOG_A_TABLEN
00000002   _RTDX_JTAGONLY
00000003   HWI_RESERVED1
00000003   _HWI_RESERVED1
00000004   CLK_COUNTSPMSHIGH
00000004   EVENT4
00000004   HWI_INT4
00000004   RTA_fromHost$framesize
00000004   _EVENT4
00000004   _HWI_INT4
00000005   CLK_TIMMODE
00000005   EVENT5
00000005   HWI_INT5
00000005   _EVENT5
00000005   _HWI_INT5
00000006   EVENT6
00000006   HWI_INT6
00000006   IDL_CALIBRERROR
00000006   _EVENT6
00000006   _HWI_INT6
00000007   EVENT7
00000007   GBL_L1DMODE
00000007   GBL_L1PMODE
00000007   HWI_INT7
00000007   _EVENT7
00000007   _HWI_INT7
00000008   EVENT8
00000008   HWI_INT8
00000008   _EVENT8
00000008   _HWI_INT8
00000009   EVENT9
00000009   HWI_INT9
00000009   _EVENT9
00000009   _HWI_INT9
0000000a   EVENT10
0000000a   HWI_INT10
0000000a   PWRM_PWRM_CLKTICKSPERSLOT
0000000a   _EVENT10
0000000a   _HWI_INT10
0000000b   EVENT11
0000000b   HWI_INT11
0000000b   _EVENT11
0000000b   _HWI_INT11
0000000c   EVENT12
0000000c   HWI_INT12
0000000c   _EVENT12
0000000c   _HWI_INT12
0000000d   EVENT13
0000000d   HWI_INT13
0000000d   _EVENT13
0000000d   _HWI_INT13
0000000e   EVENT14
0000000e   HWI_INT14
0000000e   _EVENT14
0000000e   _HWI_INT14
0000000f   EVENT15
0000000f   HWI_INT15
0000000f   _EVENT15
0000000f   _HWI_INT15
00000010   EVENT16
00000010   _EVENT16
00000011   EVENT17
00000011   _EVENT17
00000012   EVENT18
00000012   _EVENT18
00000013   EVENT19
00000013   _EVENT19
00000014   EVENT20
00000014   _EVENT20
00000015   EVENT21
00000015   _EVENT21
00000016   EVENT22
00000016   _EVENT22
00000017   EVENT23
00000017   _EVENT23
00000018   EVENT24
00000018   _EVENT24
00000019   EVENT25
00000019   _EVENT25
0000001a   EVENT26
0000001a   _EVENT26
0000001b   EVENT27
0000001b   _EVENT27
0000001c   EVENT28
0000001c   _EVENT28
0000001d   EVENT29
0000001d   _EVENT29
0000001e   EVENT30
0000001e   _EVENT30
0000001f   EVENT31
0000001f   _EVENT31
00000020   CLK_TCR
00000020   EVENT32
00000020   _EVENT32
00000021   EVENT33
00000021   _EVENT33
00000022   EVENT34
00000022   _EVENT34
00000023   EVENT35
00000023   _EVENT35
00000024   EVENT36
00000024   _EVENT36
00000025   EVENT37
00000025   _EVENT37
00000026   EVENT38
00000026   _EVENT38
00000027   EVENT39
00000027   _EVENT39
00000028   EVENT40
00000028   _EVENT40
00000029   EVENT41
00000029   _EVENT41
0000002a   EVENT42
0000002a   _EVENT42
0000002b   EVENT43
0000002b   _EVENT43
0000002c   EVENT44
0000002c   _EVENT44
0000002d   EVENT45
0000002d   _EVENT45
0000002e   EVENT46
0000002e   _EVENT46
0000002f   EVENT47
0000002f   _EVENT47
00000030   EVENT48
00000030   PWRM_PWRM_CAPSMASK
00000030   _EVENT48
00000031   EVENT49
00000031   _EVENT49
00000032   EVENT50
00000032   _EVENT50
00000033   EVENT51
00000033   _EVENT51
00000034   EVENT52
00000034   _EVENT52
00000035   EVENT53
00000035   _EVENT53
00000036   EVENT54
00000036   _EVENT54
00000037   EVENT55
00000037   _EVENT55
00000038   EVENT56
00000038   _EVENT56
00000039   EVENT57
00000039   _EVENT57
0000003a   EVENT58
0000003a   _EVENT58
0000003b   EVENT59
0000003b   _EVENT59
0000003c   EVENT60
0000003c   _EVENT60
0000003d   EVENT61
0000003d   _EVENT61
0000003e   EVENT62
0000003e   GBL_DSPTYPE
0000003e   _EVENT62
0000003f   EVENT63
0000003f   _EVENT63
00000040   EVENT64
00000040   HST_MAXFRAMESET
00000040   RTA_toHost$framesize
00000040   _EVENT64
00000041   EVENT65
00000041   _EVENT65
00000042   EVENT66
00000042   GBL_FOOTPRINT
00000042   _EVENT66
00000043   EVENT67
00000043   _EVENT67
00000044   EVENT68
00000044   _EVENT68
00000045   EVENT69
00000045   _EVENT69
00000046   EVENT70
00000046   _EVENT70
00000047   EVENT71
00000047   _EVENT71
00000048   EVENT72
00000048   _EVENT72
00000049   EVENT73
00000049   _EVENT73
0000004a   EVENT74
0000004a   _EVENT74
0000004b   EVENT75
0000004b   _EVENT75
0000004c   EVENT76
0000004c   _EVENT76
0000004d   EVENT77
0000004d   _EVENT77
0000004e   EVENT78
0000004e   _EVENT78
0000004f   EVENT79
0000004f   _EVENT79
00000050   EVENT80
00000050   _EVENT80
00000051   EVENT81
00000051   _EVENT81
00000052   EVENT82
00000052   _EVENT82
00000053   EVENT83
00000053   _EVENT83
00000054   EVENT84
00000054   _EVENT84
00000055   EVENT85
00000055   _EVENT85
00000056   EVENT86
00000056   _EVENT86
00000057   EVENT87
00000057   _EVENT87
00000058   EVENT88
00000058   _EVENT88
00000059   EVENT89
00000059   _EVENT89
0000005a   EVENT90
0000005a   _EVENT90
0000005b   EVENT91
0000005b   _EVENT91
0000005c   EVENT92
0000005c   _EVENT92
0000005d   EVENT93
0000005d   _EVENT93
0000005e   EVENT94
0000005e   _EVENT94
0000005f   EVENT95
0000005f   _EVENT95
00000060   EVENT96
00000060   _EVENT96
00000061   EVENT97
00000061   _EVENT97
00000062   EVENT98
00000062   _EVENT98
00000063   EVENT99
00000063   _EVENT99
00000064   EVENT100
00000064   PIP_OBJSIZE
00000064   _EVENT100
00000065   EVENT101
00000065   _EVENT101
00000066   EVENT102
00000066   _EVENT102
00000067   EVENT103
00000067   _EVENT103
00000068   EVENT104
00000068   _EVENT104
00000069   EVENT105
00000069   _EVENT105
0000006a   EVENT106
0000006a   _EVENT106
0000006b   EVENT107
0000006b   _EVENT107
0000006c   EVENT108
0000006c   _EVENT108
0000006d   EVENT109
0000006d   _EVENT109
0000006e   EVENT110
0000006e   _EVENT110
0000006f   EVENT111
0000006f   _EVENT111
00000070   EVENT112
00000070   _EVENT112
00000071   EVENT113
00000071   _EVENT113
00000072   EVENT114
00000072   _EVENT114
00000073   EVENT115
00000073   _EVENT115
00000074   EVENT116
00000074   _EVENT116
00000075   EVENT117
00000075   _EVENT117
00000076   EVENT118
00000076   _EVENT118
00000077   EVENT119
00000077   _EVENT119
00000078   EVENT120
00000078   _EVENT120
00000079   EVENT121
00000079   _EVENT121
0000007a   EVENT122
0000007a   _EVENT122
0000007b   EVENT123
0000007b   _EVENT123
0000007c   EVENT124
0000007c   _EVENT124
0000007d   EVENT125
0000007d   _EVENT125
0000007e   EVENT126
0000007e   _EVENT126
0000007f   EVENT127
0000007f   _EVENT127
000000ff   HST_MAXFRAMEALLOWED
000001f4   PRD0$period
00000200   LOG_system$size
000003e8   CLK_MICROSECS
00000400   HST_DSMMEMSIZE
00000400   TSK_STACKSIZE
00000400   __STACK_SIZE
00000400   trace$size
00000408   RTDX_BUFMEMSIZE
00001a5b   GBL_CLKTYPE
00001a5c   GBL_DSPSUBTYPE
00002000   IRAM$L
00002000   _IRAM_length
00004000   CLK_INTBIT
00004e20   GBL_CLKIN
00005205   GBL_A_VERSION
00005828   HWI_CFGDISPATCHED
00005828   _HWI_CFGDISPATCHED
00005dc0   CLK_INPUTCLK
00005dc0   CLK_PRD
00005dc0   _CLK_PRD
0000dbef   GBL_TRCMASKVALUE
000493e0   CLK_COUNTSPMS
000493e0   CLK_HTIMEPERLTIME
000493e0   CLK_LTIMEMULT
000493e0   GBL_FREQ
000493e0   _CLK_COUNTSPMS
01c20000   CLK_REGS
01c20000   _CLK_REGS
07063d04   HWI_INTRMUX1
0b0a0908   HWI_INTRMUX2
11800000   .data
11800000   .text
11800000   _EVMC6748_init
11800000   ___data__
11800000   ___edata__
11800000   ___text__
11800000   edata
1180002c   _EVMC6748_initRAM
118001e8   _EVMC6748_enableDsp
11800214   _EVMC6748_pinmuxConfig
118002b0   _EVMC6748_lpscTransition
11800688   _config_pll0
118008c4   _config_pll1
11800aa8   _UTIL_printMem
11800c00   _UTIL_isUIBoardAttached
11800c20   __divd
11801740   _read_audio_sample
11801750   _write_audio_sample
11801764   _initAll
118017cc   _McASP_Init
118018f4   _McASP_Start
11801a64   _AIC3106_Init
11801b18   _AIC3106_readRegister
11801b84   _AIC3106_writeRegister
11801bb8   _USTIMER_delay
11801c44   _SetGpio
118021a0   _I2CGPIO_init
11802274   _I2CGPIO_getInput
11802390   _I2CGPIO_getInputAll
118024a0   _I2CGPIO_setOutput
118025e8   _I2CGPIO_setOutputAll
11802680   _main
118026e8   _dipPRD
118027f4   _audioHWI
11802b00   __printfi
11802f40   _fputs
118032e0   _GPIO_setDir
11803358   _GPIO_getInput
118033cc   _GPIO_setOutput
1180344c   _GPIO_toggleLoop
11803660   _I2C_init
1180374c   _I2C_read
118038a8   _I2C_write
11804500   __divull
11804e20   _fputc
11804e20   _putc
11805240   _setvbuf
11805440   _LED_init
1180548c   _LED_isOn
118054f4   _LED_turnOn
11805544   _LED_turnOff
1180558c   _LED_toggle
118057e0   __divul
11805980   _HOSTrename
11805b00   _DIP_init
11805b24   _DIP_get
11805b88   _DIP_getAll
11805ee0   __closefile
11806120   _fseek
11806240   _HOSTlseek
11806340   __wrt_ok
11806440   _call_dtors
11806540   _HOSTopen
11806620   _HOSTread
11806700   _atoi
118067e0   _close
118068c0   _memset
118069a0   _printf
11806a80   _HOSTunlink
11806b40   _HOSTwrite
11806cc0   __c6xabi_divu
11806cc0   __divu
11806d80   __doflush
11806e40   _atexit
11806f00   _ltoa
11807080   _HOSTclose
11807120   __cleanup
118071c0   __divli
118073a0   __fixdli
11807440   __nround
11807620   _lseek
118076c0   _memcpy
11807760   _modf
11807800   _write
118078a0   __fltlid
11807920   __llshl
118079a0   _readmsg
11807a20   _unlink
11807aa0   __subcull
11807b00   _memccpy
11807b60   _writemsg
11807bb8   C$$IO$$
11807bc0   ___add_dtor
11807c00   ___isinf
11807c80   __frcmpyd_div
11807cc0   __llshru
11807d00   __remli
11807d40   __negll
11807d60   __nop
11807dc0   __register_lock
11807de0   __register_unlock
11807e00   _remove
11807e20   LNK_F_checkBufferCall
11807e20   ___etext__
11807e20   etext
11807e40   LNK_F_getChanPtr
11807e98   LNK_F_init
11807ea0   LNK_F_dataPump
11807eb0   LNK_rcloop
11807f74   LNK_rdrtry
11807f84   LNK_rrloop
11808044   LNK_wrrtry
11808050   LNK_wrloop
11808120   LNK_newin
11808254   LNK_newout
118083a8   LNK_F_readCallBack
118083e0   _EXC_nmi
11808414   _EXC_internal
118086c0   _EXC_init
11808700   _EXC_getLastStatus
11808720   _EXC_external
11808754   _EXC_exceptionHandler
11808930   _EXC_clearLastStatus
11808960   CLK_HOOKFXN
11808960   HWI_F_dispatch
11808960   _HWI_F_dispatch
11808960   __HWI_lat1beg
11808ae8   __HWI_lat1end
11808ae8   __HWI_lat2beg
11808c50   __HWI_lat2end2
11808c80   __HWI_lat3end2
11808cc4   __HWI_lat2end1
11808ce0   __HWI_lat3beg
11808e40   SWI_F_enable
11808e40   __SWI_lat3beg
11808eac   __SWI_lat3end
11808eb0   SWI_F_post
11808eb0   _SWI_post
11808fb8   __SWI_lat1beg
11809024   SWI_EXECFXN
11809024   SWI_F_exec
1180904c   SWI_F_iexec
11809064   __SWI_lat1end
11809068   __SWI_lat2beg
118090c8   __SWI_lat2end
118090cc   SWI_F_run
118090cc   SWI_RUNFXN
11809300   PRD_F_swi
11809584   PRD_F_tick
11809680   _free
118096a4   _malloc
11809704   _realloc
118097e8   _memalign
118098ac   _calloc
11809900   RTA_F_getlog
11809938   RTA_F_getsts
11809978   RTA_F_readblk
11809994   RTA_F_writeword
118099a0   RTA_F_resetmem
118099a0   __RTA_lat1beg
118099d4   __RTA_lat1end
118099e0   RTA_F_dispatch
11809a2c   RTA_execute
11809b80   _KNL_run
11809dc0   _MEM_alloc
1180a194   PRD_THOOKFXN
1180a194   _KNL_tick
1180a1c0   _MEM_free
1180a3a0   _EXC_dispatch
1180a564   _EXC_setReturnPtr
1180a580   PIP_F_take
1180a5f8   PIP_F_give
1180a5f8   PIP_F_probe
1180a6c8   PIP_F_start
1180a760   _SEM_pendEnterKnl
1180a940   __SEM_dopost
1180aae0   _TSK_setup
1180ac80   CLK_F_getltime
1180ac90   CLK_F_isr
1180add0   CLK_F_itime
1180add0   _CLK_F_itime
1180add0   _CLK_itime
1180adf0   __CLK_lat1beg
1180ae10   __CLK_lat1end
1180ae20   _KNL_saveIsrFrame
1180aecc   _KNL_switch
1180af78   KNL_glue
1180afa0   __auto_init
1180b0e0   _TSK_exit
1180b220   _BCACHE_setSize
1180b264   _BCACHE_setMar
1180b2b4   _BCACHE_setCacheToSram
1180b2e4   _BCACHE_getSize
1180b334   _BCACHE_getMar
1180b3c8   _GBL_cacheInit64P
1180b480   _KNL_check
1180b4cc   __KNL_lat1beg
1180b548   _KNL_idle
1180b548   __KNL_lat1end
1180b570   _KNL_max
1180b644   _TSK_startup
1180b6c0   _SEM_post
1180b6c0   _SEM_postBinary
1180b7a0   _KNL_exit
1180b7e0   _KNL_enter
1180b860   _SEM_postEnterKnl
1180b900   _SYS_exit
1180b9a0   _KNL_ipost
1180ba20   _KNL_post
1180baa0   _LCK_post
1180bac0   _LCK_pend
1180bb20   LOG_F_event
1180bb20   _LOG_event
1180bb20   __LOG_lat1beg
1180bba0   IDL_F_calibrate
1180bc20   _SYS_error
1180bc80   FXN_F_nop
1180bc84   FXN_F_run
1180bc84   _FXN_F_run
1180bcc0   FXN_F_zero
1180bcc0   _FXN_F_zero
1180bce0   _HWI_disable
1180bcf8   _HWI_enable
1180bd0c   _HWI_restore
1180bd40   IDL_F_busy
1180bd40   __IDL_lat1beg
1180bd80   __IDL_lat1end
1180bda0   _SEM_pend
1180be00   STS_F_delta
1180be00   _STS_delta
1180be2c   STS_F_add
1180be2c   _STS_add
1180be48   STS_F_reset
1180be48   _STS_reset
1180be60   _SYS_abort
1180bec0   _CLK_measure
1180bf20   IDL_CALIBRFXN
1180bf20   IDL_F_stub
1180bf60   RTA_F_andn
1180bf78   RTA_F_or
1180bfa0   SYS_ABORTFXN
1180bfa0   _UTL_doAbort
1180bfe0   SYS_PUTCFXN
1180bfe0   _UTL_doPutc
1180c020   GBL_USERINITFXN
1180c020   GIO_CREATEFXN
1180c020   GIO_DELETEFXN
1180c020   GIO_PENDFXN
1180c020   GIO_POSTFXN
1180c020   PWRM_PWRM_SHAREDRESOURCEFXN
1180c020   PWRM_PWRM_SLOTHOOKFXN
1180c020   TSK_VCREATEFXN
1180c020   TSK_VDELETEFXN
1180c020   TSK_VEXITFXN
1180c020   _BCACHE_bootInit
1180c020   _FXN_F_nop
1180c040   _GBL_getVersion
1180c060   IDL_F_loop
1180c060   _IDL_loop
1180c080   _STS_set
1180c0a0   SYS_ERRORFXN
1180c0a0   _UTL_doError
1180c0c0   SYS_EXITFXN
1180c0c0   _UTL_halt
1180c0e0   CLK_F_gethtime
1180c0e0   CLK_TIMEFXN
1180c0e0   _CLK_gethtime
1180c100   IRAM$B
1180c100   _IRAM_base
1180e100   ___cinit__
1180e100   cinit
1180f54c   _SYS_PUTCBEG
1180f74b   _SYS_PUTCEND
1180f758   TSK_idle
1180f758   _TSK_idle
1180f7ac   PRD0$sts$stsobj
1180f7ac   STS_A_TABBEG
1180f7ac   _STS_A_TABBEG
1180f7b0   PRD0$sts
1180f7bc   PRD_swi$sts$stsobj
1180f7c0   PRD_swi$sts
1180f7cc   KNL_swi$sts$stsobj
1180f7d0   KNL_swi$sts
1180f7dc   TSK_idle$sts$stsobj
1180f7e0   TSK_idle$sts
1180f7ec   IDL_busyObj$stsobj
1180f7f0   IDL_busyObj
1180f7f0   _IDL_busyObj
1180f7fc   STS_A_TABEND
1180f7fc   _STS_A_TABEND
1180f800   LOG_system$buf
11810000   trace$buf
11811000   _HSRTDX_rec
118112a0   _RTDX_Buffer_WriteCB
11811760   _HSRTDX_xmt
11811a60   _RTDX_Mon_Queue
11811cc0   _RTDX_Poll
11811d60   _RTDX_Final_RT_Monitor
11811de0   _RTDX_Buffer_Initialize
11811e40   _RTDX_Init_RT_Monitor
11811ea0   _RTDX_Buffer_ReadCB
11811ee0   _RTDX_Buffer_Size
11811f20   _RTDX_memfill
11811f60   _RTDX_Buffer_Read
11811f80   _RTDX_Buffer_Write
11811fa0   _RTDX_Mask_IER
11811fc0   _b_fir
118120c0   _cab
11812130   _aLow
11812140   _bLow
11812150   _aMid
11812160   _bMid
11812170   _aPres
11812180   _bPres
11812190   _aHigh
118121a0   _bHigh
118121b0   _sine
11812238   _eqSignal
11812338   _fftSignal
11812438   _buffer
11812538   _wLow
11812548   _wMid
11812558   _wPres
11812568   _wHigh
11812574   _low
118125e4   _mid
11812654   _pres
118126c4   _high
11812734   _CLK_inputClock
11812738   __ftable
11812918   __tmpnams
11812a58   __ft_end
11812a60   ___atexit_func_id__
11812d04   _dtors
11812d08   _KNL_queues
11812da8   _KNL_dummy
11812de0   _TSK_ATTRS
11812dfc   _TSK_config
11812e1c   _TSK_timerSem
11812e40   _OBJ_table
11812e78   _OBJ_segtab
11812e94   __TSK_mutex
11812ebc   __MEM_mutex
11812ee8   _SYS_exitStack
11812f20   _EXC_status
11812f5c   __cleanup_ptr
11812f60   __dtors_ptr
11812f64   ___TI_enable_exit_profile_output
11812f68   __lock
11812f6c   __unlock
11812f78   CLK_A_TABBEG
11812f78   PRD_clock
11812f78   _PRD_clock
11812f7c   CLK_null
11812f80   BIOS_init
11812f80   _BIOS_init
11813104   BIOS$$CLKON
11813144   BIOS$$CLKOFF
118131b0   BIOS_start
118131b0   _BIOS_start
11813300   _c_int00
118133c0   _MEM_init
11813480   _TSK_init
118134e0   PRD0
118134e0   PRD_A_TABBEG
118134e0   _PRD0
118134fc   PRD0$aaa
11813500   PRD_A_TABEND
11813580   _RTDX_Buffer
11813988   _RTDX_Buffer_Start
1181398c   _RTDX_Buffer_End
11813990   _rtdx_mon_state
118139d4   _rtdx_buffer_state
118139e0   _RTDX_writing
11813b90   __ctypes_
11813c98   _bitval_u32
11813e2d   PRD0$sts$maxfmt
11813e30   TSK_idle$stack
11813e36   PRD0$sts$sumfmt
11813e3f   PRD0$sts$avgfmt
11813e4a   PRD_swi$sts$maxfmt
11813e52   PRD_swi$sts$sumfmt
11813e5a   PRD_swi$sts$avgfmt
11813e64   KNL_swi$sts$maxfmt
11813e6c   KNL_swi$sts$sumfmt
11813e74   KNL_swi$sts$avgfmt
11813e7e   TSK_idle$sts$maxfmt
11813e86   TSK_idle$sts$sumfmt
11813e8e   TSK_idle$sts$avgfmt
11813e98   IDL_busyObj$maxfmt
11813e9b   IDL_busyObj$sumfmt
11813e9e   IDL_busyObj$avgfmt
118141c8   TSK_idle$stkptr
11814230   GBL_stackbeg
11814230   _HWI_STKTOP
11814230   __stack
11814628   _HWI_STKBOTTOM
1181462f   GBL_stackend
11814630   $bss
11814630   .bss
11814630   _HWI_dispatchTab
11814630   __STACK_END
11814630   ___bss__
11814730   IDL_D_tabbeg
11814734   IDL_D_calibrate
11814738   IDL_D_calbeg
1181473c   LOG_D_system
1181473c   _LOG_D_system
11814740   PIP_D_tabbeg
11814744   PIP_D_tablen
11814748   CLK_R_time
1181474c   CLK_D_timefxn
11814750   CLK_D_tabbeg
11814754   CLK_D_isrhook
11814758   CLK_D_idletime
1181475c   _CLK_htimeDiv
11814760   _CLK_htimeMult
11814764   _CLK_ltimeDiv
11814768   _CLK_ltimeMult
1181476c   _CLK_D_dirty
11814770   _CLK_D_prd
11814774   _CLK_D_tddr
11814778   _CLK_D_countspms
1181477c   PRD_D_tick
1181477c   _PRD_D_tick
11814780   PRD_D_cur
11814784   PRD_D_elapsed
11814788   PRD_D_prevtim
1181478c   PRD_D_scalar
11814790   PRD_D_swihandle
11814794   PRD_D_tabbeg
11814798   PRD_D_tablen
1181479c   PRD_D_thook
118147a0   RTA_D_fromHost
118147a4   RTA_D_toHost
118147a8   RTA_D_logval
118147b8   RTA_D_stsval
118147c4   HST_D_chanmask
118147c8   HST_D_tabbeg
118147cc   HST_D_tabend
118147d0   _GBL_procId
118147d4   _GBL_clkIn
118147d8   _GBL_freq
118147dc   _MEM_D_NUMSEGMENTS
118147e0   _MEM_D_memtab
118147e4   _MEM_D_freelist
118147e8   _MEM_D_lockaddr
118147ec   _MEM_D_unlockaddr
118147f0   _SYS
118147f4   __HOOK_knlId
118147f8   __HOOK_NUMHOOKS
118147fc   SWI_D_runaddr
118147fc   _SWI_D_runaddr
118147fc   _SWI_data
11814800   SWI_D_execaddr
11814800   _SWI_D_execaddr
11814804   SWI_D_curmask
11814804   _SWI_D_curmask
11814808   SWI_D_curset
11814808   _SWI_D_curset
1181480c   SWI_D_lock
1181480c   _SWI_D_lock
11814810   SWI_D_curmbox
11814814   SWI_D_curfxn
11814814   _SWI_D_curfxn
11814818   SWI_D_rdybeg
11814818   _SWI_D_rdybeg
1181481c   SWI_D_inswi
1181481c   _SWI_D_inswi
11814820   SWI_D_rdytab
11814898   _KNL_wFlag
1181489c   _KNL_wList
118148a0   _KNL_alarm
118148a4   _KNL_setpri
118148a8   _KNL_inactive
118148ac   _KNL_priority
118148b0   _KNL_set
118148b4   _KNL_curtask
118148b8   _KNL_prevtask
118148bc   _KNL_curtime
118148c0   _KNL_swiptr
118148c4   _KNL_curqueue
118148c8   _KNL_maxqueue
118148cc   _KNL_tswitchfxn
118148d0   _KNL_tcreatefxn
118148d4   _KNL_tdeletefxn
118148d8   _KNL_treadyfxn
118148dc   _KNL_idlefxn
118148e0   _MEM_memtab
118148ec   HST_DSMBUFSEG
118148ec   IRAM
118148ec   MEM_MALLOCSEG
118148ec   MEM_SEGZERO
118148ec   RTDX_DATAMEMSEG
118148ec   _IRAM
118148ec   _SEG0
118148f0   RTA_fromHost$pipe$dtab
118148fc   RTA_toHost$pipe$dtab
11814908   _EXC_sysTrapTable
11814910   _EXC_returnPtr
11814928   HWI_D_spsave
11814928   _HWI_D_spsave
11814928   _HWI_data
11814934   _HWI_D_inhwi
11814938   HWI_D_bss
1181493c   HWI_D_ccmask
11814940   LNK_dspFrameRequestMask
11814940   _LNK_dspFrameRequestMask
11814944   LNK_dspFrameReadyMask
11814944   _LNK_dspFrameReadyMask
11814948   LNK_readPend
11814948   _LNK_readPend
1181494c   LNK_readDone
1181494c   _LNK_readDone
11814950   LNK_readFail
11814950   _LNK_readFail
11814954   LNK_writeFail
11814954   _LNK_writeFail
11814958   _EXC_exceptionHook
1181495c   _EXC_internalHook
11814960   _EXC_externalHook
11814964   _EXC_nmiHook
11814970   _rtdxNullChanCnt
11814974   _rtdxNullFuncCnt
11814978   _rtdxXmtNotDoneCnt
1181497c   _rtdxRecNotDoneCnt
11814980   _rtdxXmtRestartCnt
11814984   _rtdxXmtErrorCnt
11814988   _TSK_nTasks
1181498c   _TSK_pid
11814990   _TSK
11814994   _mask
11814996   _eqBypass
11814997   _lowCut
11814998   _midCut
11814999   _presCut
1181499a   _highCut
1181499b   _dist
1181499c   _writeIndex
118149a0   _CLK_DFLTMICROSECS
118149a4   _CLK_D_microseconds
118149a8   _SYS_exitStackPtr
118149ac   _SYS_exitStackTop
118149b0   _CLK_htimePerLtime
118149b4   IDL_D_busyObj
118149b8   _MEM
118149c4   ___end__
118149c4   end
118149c8   __CIOBUF_
11814ae8   RTA_toHost$buf
11814be8   RTA_fromHost$buf
11814c00   HWI_A_VECS
11814c00   hwi0
11814c20   hwi1
11814c40   hwi2
11814c60   hwi3
11814c80   hwi4
11814ca0   hwi5
11814cc0   hwi6
11814ce0   hwi7
11814d00   hwi8
11814d20   hwi9
11814d40   hwi10
11814d60   hwi11
11814d80   hwi12
11814da0   hwi13
11814dc0   hwi14
11814de0   hwi15
11814e00   PIP_A_TABBEG
11814e00   RTA_fromHost$pipe
11814e00   _PIP_A_TABBEG
11814e04   RTA_fromHost$pipe$rd
11814e30   RTA_fromHost$pipe$aaa
11814e34   RTA_fromHost$pipe$wr
11814e60   RTA_fromHost$pipe$bbb
11814e64   RTA_toHost$pipe
11814e68   RTA_toHost$pipe$rd
11814e94   RTA_toHost$pipe$aaa
11814e98   RTA_toHost$pipe$wr
11814ec4   RTA_toHost$pipe$bbb
11814ec8   PIP_A_TABEND
11814ec8   PRD_SWIHANDLE
11814ec8   PRD_swi
11814ec8   SWI_A_TABBEG
11814ec8   _PIP_A_TABEND
11814ec8   _PRD_swi
11814ef4   KNL_swi
11814ef4   _KNL_swi
11814f20   SWI_A_TABEND
11814fb0   HST_A_TABBEG
11814fb0   _HST_A_TABBEG
11814fb4   RTA_fromHost
11814fb4   _RTA_fromHost
11814fbc   RTA_fromHost$rtdx
11814fd0   RTA_toHost
11814fd0   _RTA_toHost
11814fd8   RTA_toHost$rtdx
11814fec   HST_A_TABEND
11814fec   LOG_A_TABBEG
11814fec   LOG_system
11814fec   _HST_A_TABEND
11814fec   _LOG_A_TABBEG
11814fec   _LOG_system
11815004   _trace
11815004   trace
1181501c   IDL_A_TABBEG
1181501c   IDL_cpuLoad
1181501c   LOG_A_TABEND
1181501c   _IDL_cpuLoad
1181501c   _LOG_A_TABEND
11815020   LNK_dataPump
11815020   _LNK_dataPump
11815024   RTA_dispatcher
11815024   _RTA_dispatcher
11815028   IDL_END
1181502c   IDL_A_CALBEG
1181502c   IDL_cpuLoad$
11815030   LNK_dataPump$
11815034   RTA_dispatcher$
11815038   IDL_END$
1181503c   SYS$config
1181504c   ___pinit__
1181504c   pinit
11815058   TRC_cinit
1181505c   TRC_R_mask
1181505c   _TRC_R_mask
11815060   GBL_initdone
28040d0c   HWI_INTRMUX3
ffffffff   CACHE_L1D
ffffffff   CACHE_L1P
ffffffff   DDR
ffffffff   ECM_EVTMASK0
ffffffff   ECM_EVTMASK1
ffffffff   ECM_EVTMASK2
ffffffff   ECM_EVTMASK3
ffffffff   GBL_L2MAR192_223
ffffffff   L3_CBA_RAM
ffffffff   _CACHE_L1D
ffffffff   _CACHE_L1P
ffffffff   _DDR
ffffffff   _L3_CBA_RAM
ffffffff   ___TI_pprof_out_hndl
ffffffff   ___TI_prof_data_size
ffffffff   ___TI_prof_data_start
ffffffff   ___binit__
ffffffff   ___c_args__
ffffffff   binit

[1161 symbols]
