******************************************************************************
               TMS320C6x Linker PC v7.4.18                     
******************************************************************************
>> Linked Tue Jul 28 12:22:55 2020

OUTPUT FILE NAME:   <GuitarAmpGitVersion.out>
ENTRY POINT SYMBOL: "_c_int00"  address: 11817340


MEMORY CONFIGURATION

         name            origin    length      used     unused   attr    fill
----------------------  --------  ---------  --------  --------  ----  --------
  IRAM                  11800000   00040000  00018ed5  0002712b  RWIX
  CACHE_L1P             11e00000   00008000  00000000  00008000  RWIX
  CACHE_L1D             11f00000   00008000  00000000  00008000  RWIX
  L3_CBA_RAM            80000000   00020000  00000000  00020000  RWIX
  DDR                   c3000000   01000000  00000000  01000000  RWIX


SECTION ALLOCATION MAP

 output                                  attributes/
section   page    origin      length       input sections
--------  ----  ----------  ----------   ----------------
.vers      0    00000000    0000003c     COPY SECTION
                  00000000    0000003c     hellocfg.obj (.vers)

.data      0    11800000    00000000     UNINITIALIZED

.text      0    11800000    00008040     
                  11800000    00000c20     evmc6748_bsl.lib : evmc6748.obj (.text)
                  11800c20    000005a0     rts6740.lib : divd.obj (.text:__divd)
                  118011c0    00000580                 : _printfi.obj (.text:__getarg_diouxp)
                  11801740    00000560     hello.obj (.text)
                  11801ca0    00000540     framework.obj (.text)
                  118021e0    00000520     rts6740.lib : _printfi.obj (.text:__setfield)
                  11802700    000004e0     evmc6748_bsl.lib : evmc6748_i2c_gpio.obj (.text)
                  11802be0    00000440     rts6740.lib : _printfi.obj (.text:__printfi)
                  11803020    000003a0                 : fputs.obj (.text:_fputs)
                  118033c0    00000380     evmc6748_bsl.lib : evmc6748_gpio.obj (.text)
                  11803740    00000380                      : evmc6748_i2c.obj (.text)
                  11803ac0    00000320     rts6740.lib : _printfi.obj (.text:__pproc_fge)
                  11803de0    000002c0                 : _printfi.obj (.text:__pproc_fwp)
                  118040a0    000002a0                 : _printfi.obj (.text:_ecvt)
                  11804340    000002a0                 : _printfi.obj (.text:_fcvt)
                  118045e0    00000280                 : divf.obj (.text:__divf)
                  11804860    00000260                 : imath64.obj (.text:__divull)
                  11804ac0    00000260                 : _printfi.obj (.text:__pconv_e)
                  11804d20    00000240                 : _printfi.obj (.text:__pproc_diouxp)
                  11804f60    00000220                 : _printfi.obj (.text:__pproc_str)
                  11805180    00000220                 : fputc.obj (.text:_fputc)
                  118053a0    00000200                 : _printfi.obj (.text:__pconv_g)
                  118055a0    00000200                 : setvbuf.obj (.text:_setvbuf)
                  118057a0    000001e0     evmc6748_bsl.lib : evmc6748_led.obj (.text)
                  11805980    000001c0     rts6740.lib : _printfi.obj (.text:__mcpy)
                  11805b40    000001a0                 : imath40.obj (.text:__divul)
                  11805ce0    00000180                 : trgdrv.obj (.text:_HOSTrename)
                  11805e60    00000160     evmc6748_bsl.lib : evmc6748_dip.obj (.text)
                  11805fc0    00000140     rts6740.lib : _printfi.obj (.text:__pproc_fflags)
                  11806100    00000140                 : lowlev.obj (.text:_getdevice)
                  11806240    00000120                 : fclose.obj (.text:__closefile)
                  11806360    00000120                 : _printfi.obj (.text:__ltostr)
                  11806480    00000120                 : fseek.obj (.text:_fseek)
                  118065a0    00000100                 : trgdrv.obj (.text:_HOSTlseek)
                  118066a0    00000100                 : _io_perm.obj (.text:__wrt_ok)
                  118067a0    00000100                 : sinit.obj (.text:_call_dtors)
                  118068a0    000000e0                 : trgdrv.obj (.text:_HOSTopen)
                  11806980    000000e0                 : trgdrv.obj (.text:_HOSTread)
                  11806a60    000000e0                 : atoi.obj (.text:_atoi)
                  11806b40    000000e0                 : lowlev.obj (.text:_close)
                  11806c20    000000e0                 : memset.obj (.text:_memset)
                  11806d00    000000e0                 : printf.obj (.text:_printf)
                  11806de0    000000c0                 : trgdrv.obj (.text:_HOSTunlink)
                  11806ea0    000000c0                 : trgdrv.obj (.text:_HOSTwrite)
                  11806f60    000000c0                 : _printfi.obj (.text:__div)
                  11807020    000000c0                 : divu.obj (.text:__divu)
                  118070e0    000000c0                 : fflush.obj (.text:__doflush)
                  118071a0    000000c0                 : atexit.obj (.text:_atexit)
                  11807260    000000c0                 : ltoa.obj (.text:_ltoa)
                  11807320    000000c0     bios.a674 : tsk_stup.o674 (.text)
                  118073e0    000000a0     rts6740.lib : trgdrv.obj (.text:_HOSTclose)
                  11807480    000000a0                 : fopen.obj (.text:__cleanup)
                  11807520    000000a0                 : imath40.obj (.text:__divli)
                  118075c0    000000a0                 : _printfi.obj (.text:__ecpy)
                  11807660    000000a0                 : _printfi.obj (.text:__fcpy)
                  11807700    000000a0                 : fixdli.obj (.text:__fixdli)
                  118077a0    000000a0                 : _printfi.obj (.text:__pconv_f)
                  11807840    000000a0                 : lowlev.obj (.text:_finddevice)
                  118078e0    000000a0                 : lowlev.obj (.text:_lseek)
                  11807980    000000a0                 : memcpy64.obj (.text:_memcpy)
                  11807a20    000000a0                 : lowlev.obj (.text:_write)
                  11807ac0    00000080                 : fltlid.obj (.text:__fltlid)
                  11807b40    00000080                 : llshift.obj (.text:__llshl)
                  11807bc0    00000080                 : trgmsg.obj (.text:_readmsg)
                  11807c40    00000080                 : lowlev.obj (.text:_unlink)
                  11807cc0    00000060                 : imath64.obj (.text:__subcull)
                  11807d20    00000060                 : memccpy.obj (.text:_memccpy)
                  11807d80    00000060                 : trgmsg.obj (.text:_writemsg)
                  11807de0    00000040                 : sinit.obj (.text:___add_dtor)
                  11807e20    00000040                 : isinf.obj (.text:___isinf)
                  11807e60    00000040                 : _printfi.obj (.text:___isnan)
                  11807ea0    00000040                 : frcmpyd_div.obj (.text:__frcmpyd_div)
                  11807ee0    00000040                 : llshift.obj (.text:__llshru)
                  11807f20    00000040                 : imath40.obj (.text:__remli)
                  11807f60    00000020                 : negll.obj (.text:__negll)
                  11807f80    00000020                 : _lock.obj (.text:__nop)
                  11807fa0    00000020                 : printf.obj (.text:__outc)
                  11807fc0    00000020                 : printf.obj (.text:__outs)
                  11807fe0    00000020                 : _lock.obj (.text:__register_lock)
                  11808000    00000020                 : _lock.obj (.text:__register_unlock)
                  11808020    00000020                 : remove.obj (.text:_remove)

.bios      0    11808040    000042e0     
                  11808040    000005c0     lnkrtdx.a674 : rtdx.o674 (.bios)
                  11808600    00000580     bios.a674 : exc.o674 (.bios)
                  11808b80    000004e0               : hwi_disp_asm.o674 (.bios)
                  11809060    000004c0               : swi.o674 (.bios)
                  11809520    00000380               : prd.o674 (.bios)
                  118098a0    00000280               : malloc.o674 (.bios)
                  11809b20    00000280               : rta.o674 (.bios)
                  11809da0    00000240               : knl_run.o674 (.bios)
                  11809fe0    00000200               : mem_allo.o674 (.bios:.near)
                  1180a1e0    00000200               : knl_tick.o674 (.bios)
                  1180a3e0    000001e0               : mem_free.o674 (.bios:.near)
                  1180a5c0    000001e0               : exc_asm.o674 (.bios)
                  1180a7a0    000001e0               : pip.o674 (.bios)
                  1180a980    000001e0               : sem_pend.o674 (.bios)
                  1180ab60    000001a0               : sem_dopo.o674 (.bios)
                  1180ad00    000001a0               : tsk_setu.o674 (.bios)
                  1180aea0    000001a0     bios6748.a674 : clk.o674 (.bios)
                  1180b040    00000180     bios.a674 : knl_swit.o674 (.bios)
                  1180b1c0    00000140               : autoinit.o674 (.bios)
                  1180b300    00000140               : tsk_exit.o674 (.bios)
                  1180b440    00000140     bios6748.a674 : bcache_init.o674 (.bios)
                  1180b580    00000120     bios.a674 : gbl_cacheinit64P.o674 (.bios)
                  1180b6a0    00000120               : knl_chec.o674 (.bios)
                  1180b7c0    00000120               : tsk_stup.o674 (.bios)
                  1180b8e0    000000e0               : sem_post_asm.o674 (.bios)
                  1180b9c0    000000c0               : knl_exit.o674 (.bios)
                  1180ba80    000000a0               : sem_post.o674 (.bios)
                  1180bb20    000000a0               : sys_exit.o674 (.bios)
                  1180bbc0    00000080               : knl_ipos.o674 (.bios)
                  1180bc40    00000080               : knl_post.o674 (.bios)
                  1180bcc0    00000080               : lck.o674 (.bios)
                  1180bd40    00000080               : log.o674 (.bios)
                  1180bdc0    00000080     bios6748.a674 : idl_cal.o674 (.bios)
                  1180be40    00000060     bios.a674 : sys_erro.o674 (.bios:.near)
                  1180bea0    00000060               : fxn.o674 (.bios)
                  1180bf00    00000060               : hwi_c.o674 (.bios)
                  1180bf60    00000060               : idl_busy.o674 (.bios)
                  1180bfc0    00000060               : sem_pend_counting.o674 (.bios)
                  1180c020    00000060               : sts.o674 (.bios)
                  1180c080    00000060               : sys_abor.o674 (.bios)
                  1180c0e0    00000060     bios6748.a674 : clk_meas.o674 (.bios)
                  1180c140    00000040     bios.a674 : idl_stub.o674 (.bios)
                  1180c180    00000040               : rta_andn.o674 (.bios)
                  1180c1c0    00000040               : utl_doab.o674 (.bios)
                  1180c200    00000040               : utl_putc.o674 (.bios)
                  1180c240    00000020               : fxn_c.o674 (.bios)
                  1180c260    00000020               : gbl_vers.o674 (.bios)
                  1180c280    00000020               : idl.o674 (.bios)
                  1180c2a0    00000020               : sts_set.o674 (.bios)
                  1180c2c0    00000020               : utl_doer.o674 (.bios)
                  1180c2e0    00000020               : utl_halt.o674 (.bios)
                  1180c300    00000020     bios6748.a674 : clk_gethtime.o674 (.bios)

.cinit     0    1180c320    00003354     
                  1180c320    000022b4     hello.obj (.cinit)
                  1180e5d4    00000004     --HOLE-- [fill = 0]
                  1180e5d8    000006c4     hellocfg.obj (.cinit)
                  1180ec9c    00000004     --HOLE-- [fill = 0]
                  1180eca0    0000026c     bios.a674 : biosdata.o674 (.cinit)
                  1180ef0c    00000004     --HOLE-- [fill = 0]
                  1180ef10    000001a4               : knl.o674 (.cinit)
                  1180f0b4    00000004     --HOLE-- [fill = 0]
                  1180f0b8    000000b0               : swi.o674 (.cinit)
                  1180f168    00000080               : tsk.o674 (.cinit)
                  1180f1e8    00000068     rtdx64xplus.lib : rtdx_mon.o64P (.cinit)
                  1180f250    00000060     bios.a674 : tsk_stup.o674 (.cinit)
                  1180f2b0    0000005c     lnkrtdx.a674 : rtdx.o674 (.cinit)
                  1180f30c    00000004     --HOLE-- [fill = 0]
                  1180f310    0000005c     rts6740.lib : defs.obj (.cinit)
                  1180f36c    00000004     --HOLE-- [fill = 0]
                  1180f370    0000005c                 : lowlev.obj (.cinit)
                  1180f3cc    00000004     --HOLE-- [fill = 0]
                  1180f3d0    0000004c     bios.a674 : rta.o674 (.cinit)
                  1180f41c    00000004     --HOLE-- [fill = 0]
                  1180f420    0000004c     rtdx64xplus.lib : buffer1.o64P (.cinit)
                  1180f46c    00000004     --HOLE-- [fill = 0]
                  1180f470    0000003c     bios.a674 : exc.o674 (.cinit)
                  1180f4ac    00000004     --HOLE-- [fill = 0]
                  1180f4b0    00000034               : hwi.o674 (.cinit)
                  1180f4e4    00000004     --HOLE-- [fill = 0]
                  1180f4e8    0000002c               : utl_putc.o674 (.cinit)
                  1180f514    00000004     --HOLE-- [fill = 0]
                  1180f518    0000002c     rts6740.lib : exit.obj (.cinit)
                  1180f544    00000004     --HOLE-- [fill = 0]
                  1180f548    00000024     bios.a674 : obj_init.o674 (.cinit)
                  1180f56c    00000004     --HOLE-- [fill = 0]
                  1180f570    00000024     block_sine.obj (.cinit)
                  1180f594    00000004     --HOLE-- [fill = 0]
                  1180f598    0000001c     bios.a674 : exc_asm.o674 (.cinit)
                  1180f5b4    00000004     --HOLE-- [fill = 0]
                  1180f5b8    0000001c               : sys.o674 (.cinit)
                  1180f5d4    00000004     --HOLE-- [fill = 0]
                  1180f5d8    0000001c     rts6740.lib : _lock.obj (.cinit)
                  1180f5f4    00000004     --HOLE-- [fill = 0]
                  1180f5f8    0000001c                 : atexit.obj (.cinit)
                  1180f614    00000004     --HOLE-- [fill = 0]
                  1180f618    00000018     bios.a674 : knl_tick.o674 (.cinit)
                  1180f630    0000000c               : idl_busy.o674 (.cinit)
                  1180f63c    00000004     --HOLE-- [fill = 0]
                  1180f640    0000000c               : knl_swit.o674 (.cinit)
                  1180f64c    00000004     --HOLE-- [fill = 0]
                  1180f650    0000000c     rts6740.lib : fopen.obj (.cinit)
                  1180f65c    00000004     --HOLE-- [fill = 0]
                  1180f660    0000000c                 : sinit.obj (.cinit)
                  1180f66c    00000004     --HOLE-- [fill = 0]
                  1180f670    00000004     (.pad.cinit) [fill = 0]

.args      0    1180f674    00000004     
                  1180f674    00000004     --HOLE-- [fill = 0]

.far       0    1180f678    00002d10     UNINITIALIZED
                  1180f678    000024cc     hello.obj (.far)
                  11811b44    00000004     bios6748.a674 : clk_data.o674 (.far)
                  11811b48    00000324     rts6740.lib : defs.obj (.far)
                  11811e6c    00000004                 : fopen.obj (.far)
                  11811e70    00000188                 : atexit.obj (.far)
                  11811ff8    0000011c                 : lowlev.obj (.far)
                  11812114    00000004                 : sinit.obj (.far)
                  11812118    000000d8     bios.a674 : knl.o674 (.far)
                  118121f0    0000005c               : tsk.o674 (.far)
                  1181224c    00000004     --HOLE--
                  11812250    00000054               : obj_init.o674 (.far)
                  118122a4    00000050               : tsk_stup.o674 (.far)
                  118122f4    00000004     --HOLE--
                  118122f8    00000020               : sys.o674 (.far)
                  11812318    00000018     rtdx64xplus.lib : rtdx_mon.o64P (.far)
                  11812330    00000010     bios.a674 : exc.o674 (.far)
                  11812340    00000010               : knl_tick.o674 (.far)
                  11812350    0000000c               : utl_putc.o674 (.far)
                  1181235c    00000004     --HOLE--
                  11812360    0000000c     block_sine.obj (.far)
                  1181236c    0000000c     rts6740.lib : exit.obj (.far)
                  11812378    00000008                 : _lock.obj (.far)
                  11812380    00000008                 : trgdrv.obj (.far)

.IRAM$heap 
*          0    11812388    00002000     UNINITIALIZED
                  11812388    00002000     --HOLE--

.const     0    11814388    00000435     
                  11814388    00000193     bios.a674 : exc.o674 (.const:.string)
                  1181451b    00000004               : mem_allo.o674 (.const:.string)
                  1181451f    00000001     --HOLE-- [fill = 0]
                  11814520    00000101     rts6740.lib : ctype.obj (.const:.string:__ctypes_)
                  11814621    00000004     bios.a674 : mem_free.o674 (.const:.string)
                  11814625    00000002     rts6740.lib : fputs.obj (.const:.string)
                  11814627    00000001     --HOLE-- [fill = 0]
                  11814628    00000080     evmc6748_bsl.lib : evmc6748.obj (.const:_bitval_u32)
                  118146a8    0000004e     bios.a674 : tsk_stup.o674 (.const:.string)
                  118146f6    00000002     --HOLE-- [fill = 0]
                  118146f8    00000040     evmc6748_bsl.lib : evmc6748.obj (.const:.string)
                  11814738    00000023     bios.a674 : utl_doab.o674 (.const:.string)
                  1181475b    00000023     rts6740.lib : _printfi.obj (.const:.string)
                  1181477e    00000022     bios.a674 : utl_doer.o674 (.const:.string)
                  118147a0    0000001c     rb.obj (.const:.string)
                  118147bc    00000001     bios.a674 : tsk.o674 (.const:.string)

.printf    0    118147bd    00000076     COPY SECTION
                  118147bd    00000076     hellocfg.obj (.printf)

.hst       0    118147c0    0000003c     UNINITIALIZED
                  118147c0    0000003c     hellocfg.obj (.hst)

.mem       0    118147fc    00000004     UNINITIALIZED
                  118147fc    00000004     hellocfg.obj (.mem)

.LOG_system$buf 
*          0    11814800    00000800     UNINITIALIZED
                  11814800    00000800     hellocfg.obj (.LOG_system$buf)

.trace$buf 
*          0    11815000    00001000     UNINITIALIZED
                  11815000    00001000     hellocfg.obj (.trace$buf)

.rtdx_text 
*          0    11816000    00000fc0     
                  11816000    000002a0     rtdx64xplus.lib : rtdx_mon.o64P (.rtdx_text:_HSRTDX_rec)
                  118162a0    00000260                     : buffer1.o64P (.rtdx_text:_RTDX_Buffer_WriteCB)
                  11816500    00000260                     : buffer1.o64P (.rtdx_text:_RTDX_write_next)
                  11816760    000001a0                     : rtdx_mon.o64P (.rtdx_text:_HSRTDX_xmt)
                  11816900    00000160                     : rtdx_mon.o64P (.rtdx_text:_RTDX_Send_To_Host)
                  11816a60    000000e0                     : rtdx_mon.o64P (.rtdx_text:_RTDX_Mon_Queue)
                  11816b40    000000e0                     : buffer1.o64P (.rtdx_text:_claim)
                  11816c20    000000a0                     : rtdx_mon.o64P (.rtdx_text:_RTDX_GetH2THeader)
                  11816cc0    000000a0                     : rtdx_mon.o64P (.rtdx_text:_RTDX_Poll)
                  11816d60    00000080                     : rtdx_mon.o64P (.rtdx_text:_RTDX_Final_RT_Monitor)
                  11816de0    00000060                     : buffer1.o64P (.rtdx_text:_RTDX_Buffer_Initialize)
                  11816e40    00000060                     : rtdx_mon.o64P (.rtdx_text:_RTDX_Init_RT_Monitor)
                  11816ea0    00000040                     : buffer2.o64P (.rtdx_text:_RTDX_Buffer_ReadCB)
                  11816ee0    00000040                     : buffer1.o64P (.rtdx_text:_RTDX_Buffer_Size)
                  11816f20    00000040                     : memfill.o64P (.rtdx_text:_RTDX_memfill)
                  11816f60    00000020                     : buffer2.o64P (.rtdx_text:_RTDX_Buffer_Read)
                  11816f80    00000020                     : buffer1.o64P (.rtdx_text:_RTDX_Buffer_Write)
                  11816fa0    00000020                     : intr_tgt.o64P (.rtdx_text)

.sysinit   0    11816fc0    00000560     
                  11816fc0    00000380     hellocfg.obj (.sysinit)
                  11817340    000000c0     bios.a674 : boot.o674 (.sysinit)
                  11817400    000000c0               : mem_init.o674 (.sysinit)
                  118174c0    00000060               : tsk_init.o674 (.sysinit)

.prd       0    11817520    00000020     UNINITIALIZED
                  11817520    00000020     hellocfg.obj (.prd)

.rtdx_data 
*          0    11817540    000004f4     UNINITIALIZED
                  11817540    00000080     --HOLE--
                  118175c0    00000410     hellocfg.obj (.rtdx_data)
                  118179d0    00000044     rtdx64xplus.lib : rtdx_mon.o64P (.rtdx_data)
                  11817a14    00000020                     : buffer1.o64P (.rtdx_data)

.TSK_idle$stk 
*          0    11817a38    00000400     UNINITIALIZED
                  11817a38    00000400     hellocfg.obj (.TSK_idle$stk)

.stack     0    11817e38    00000400     UNINITIALIZED
                  11817e38    00000400     --HOLE--

.bss       0    11818238    00000394     UNINITIALIZED
                  11818238    00000100     bios.a674 : hwi_disp_asm.o674 (.bss)
                  11818338    000000cc               : biosdata.o674 (.bss)
                  11818404    0000009c               : swi.o674 (.bss)
                  118184a0    00000048               : knl.o674 (.bss)
                  118184e8    00000028     hellocfg.obj (.bss)
                  11818510    00000020     bios.a674 : exc_asm.o674 (.bss)
                  11818530    00000018               : hwi.o674 (.bss)
                  11818548    00000018     lnkrtdx.a674 : rtdx.o674 (.bss)
                  11818560    00000010     bios.a674 : exc.o674 (.bss)
                  11818570    00000010     rtdx64xplus.lib : buffer1.o64P (.bss)
                  11818580    00000010                     : rtdx_mon.o64P (.bss)
                  11818590    0000000c     bios.a674 : tsk.o674 (.bss)
                  1181859c    0000000c     hello.obj (.bss)
                  118185a8    00000008     bios.a674 : clk_data.o674 (.bss)
                  118185b0    00000008               : sys.o674 (.bss)
                  118185b8    00000004               : clk_data2.o674 (.bss)
                  118185bc    00000004               : idl_busy.o674 (.bss)
                  118185c0    00000004               : mem_asm.o674 (.bss)
                  118185c4    00000004     block_sine.obj (.bss)
                  118185c8    00000004     evmc6748_bsl.lib : evmc6748_i2c.obj (.bss)

.trace     0    118185cc    00000200     
                  118185cc    00000200     --HOLE-- [fill = 00000000]

.log       0    118187cc    00000030     
                  118187cc    00000030     hellocfg.obj (.log)

.hwi_vec   0    11818800    00000200     
                  11818800    00000200     hellocfg.obj (.hwi_vec)

.cio       0    11818a00    00000120     UNINITIALIZED
                  11818a00    00000120     rts6740.lib : trgmsg.obj (.cio)

.hst0      0    11818b20    00000100     UNINITIALIZED
                  11818b20    00000100     hellocfg.obj (.hst0)

.pip       0    11818c20    000000c8     UNINITIALIZED
                  11818c20    000000c8     hellocfg.obj (.pip)

.tsk       0    11818ce8    00000060     UNINITIALIZED
                  11818ce8    00000060     hellocfg.obj (.tsk)

.swi       0    11818d48    00000058     UNINITIALIZED
                  11818d48    00000058     hellocfg.obj (.swi)

.sts       0    11818da0    00000050     
                  11818da0    00000050     hellocfg.obj (.sts)

.gblinit   0    11818df0    0000004c     
                  11818df0    0000004c     hellocfg.obj (.gblinit)

.switch    0    11818e3c    00000044     
                  11818e3c    00000024     evmc6748_bsl.lib : evmc6748_gpio.obj (.switch:_getRegisterBankAndBit)
                  11818e60    00000020                      : evmc6748_dip.obj (.switch:_convertDipToI2CGpio)

.hst1      0    11818e80    00000010     UNINITIALIZED
                  11818e80    00000010     hellocfg.obj (.hst1)

.idl       0    11818e90    00000010     UNINITIALIZED
                  11818e90    00000010     hellocfg.obj (.idl)

.idlcal    0    11818ea0    00000010     UNINITIALIZED
                  11818ea0    00000010     hellocfg.obj (.idlcal)

.sys       0    11818eb0    00000010     UNINITIALIZED
                  11818eb0    00000010     hellocfg.obj (.sys)

.pinit     0    11818ec0    0000000c     
                  11818ec0    00000004     rtdx64xplus.lib : buffer1.o64P (.pinit)
                  11818ec4    00000004                     : rtdx_mon.o64P (.pinit)
                  11818ec8    00000004     --HOLE-- [fill = 0]

.trcdata   0    11818ecc    0000000c     
                  11818ecc    0000000c     bios.a674 : trc.o674 (.trcdata)

.clk       0    11818ed8    00000008     UNINITIALIZED
                  11818ed8    00000008     hellocfg.obj (.clk)


GLOBAL SYMBOLS: SORTED ALPHABETICALLY BY Name 

address    name
--------   ----
11818238   $bss
11818238   .bss
11800000   .data
11800000   .text
11817184   BIOS$$CLKOFF
11817144   BIOS$$CLKON
11816fc0   BIOS_init
118171f0   BIOS_start
00000000   BUF$
00000001   BUF_ENABLED
11807dd8   C$$IO$$
ffffffff   CACHE_L1D
ffffffff   CACHE_L1P
00000001   CLK$
11818ed8   CLK_A_TABBEG
00000001   CLK_CALDIV
00000001   CLK_CALMULT
000493e0   CLK_COUNTSPMS
00000004   CLK_COUNTSPMSHIGH
11818360   CLK_D_idletime
1181835c   CLK_D_isrhook
11818358   CLK_D_tabbeg
11818354   CLK_D_timefxn
00000001   CLK_ENABLEHTIME
1180c300   CLK_F_gethtime
1180aea0   CLK_F_getltime
1180aeb0   CLK_F_isr
1180aff0   CLK_F_itime
11808b80   CLK_HOOKFXN
00000001   CLK_HTIMEDIV
00000001   CLK_HTIMEMULT
000493e0   CLK_HTIMEPERLTIME
00005dc0   CLK_INPUTCLK
00004000   CLK_INTBIT
00000001   CLK_LTIMEDIV
000493e0   CLK_LTIMEMULT
000003e8   CLK_MICROSECS
00000001   CLK_POWERENABLE
00005dc0   CLK_PRD
00000000   CLK_PRDHIGH
01c20000   CLK_REGS
00000001   CLK_RESETTIMER
11818350   CLK_R_time
00000020   CLK_TCR
00000000   CLK_TDDR
00000000   CLK_TDDRHIGH
1180c300   CLK_TIMEFXN
00000000   CLK_TIMERNUM
00000005   CLK_TIMMODE
00000001   CLK_USETIMER
11818edc   CLK_null
ffffffff   DDR
00000000   DEV$
00000000   DGN$
00000000   DHL$
00000000   DHL_gChannelsAvailable
00000000   DIO$
00000000   DIO_NUMSWIBASE
00000000   DIO_NUMTSKBASE
00000000   DIO_STATIC
00000000   DPI$
00000000   ECM$
00000000   ECM_ENABLE
ffffffff   ECM_EVTMASK0
ffffffff   ECM_EVTMASK1
ffffffff   ECM_EVTMASK2
ffffffff   ECM_EVTMASK3
0000000a   EVENT10
00000064   EVENT100
00000065   EVENT101
00000066   EVENT102
00000067   EVENT103
00000068   EVENT104
00000069   EVENT105
0000006a   EVENT106
0000006b   EVENT107
0000006c   EVENT108
0000006d   EVENT109
0000000b   EVENT11
0000006e   EVENT110
0000006f   EVENT111
00000070   EVENT112
00000071   EVENT113
00000072   EVENT114
00000073   EVENT115
00000074   EVENT116
00000075   EVENT117
00000076   EVENT118
00000077   EVENT119
0000000c   EVENT12
00000078   EVENT120
00000079   EVENT121
0000007a   EVENT122
0000007b   EVENT123
0000007c   EVENT124
0000007d   EVENT125
0000007e   EVENT126
0000007f   EVENT127
0000000d   EVENT13
0000000e   EVENT14
0000000f   EVENT15
00000010   EVENT16
00000011   EVENT17
00000012   EVENT18
00000013   EVENT19
00000014   EVENT20
00000015   EVENT21
00000016   EVENT22
00000017   EVENT23
00000018   EVENT24
00000019   EVENT25
0000001a   EVENT26
0000001b   EVENT27
0000001c   EVENT28
0000001d   EVENT29
0000001e   EVENT30
0000001f   EVENT31
00000020   EVENT32
00000021   EVENT33
00000022   EVENT34
00000023   EVENT35
00000024   EVENT36
00000025   EVENT37
00000026   EVENT38
00000027   EVENT39
00000004   EVENT4
00000028   EVENT40
00000029   EVENT41
0000002a   EVENT42
0000002b   EVENT43
0000002c   EVENT44
0000002d   EVENT45
0000002e   EVENT46
0000002f   EVENT47
00000030   EVENT48
00000031   EVENT49
00000005   EVENT5
00000032   EVENT50
00000033   EVENT51
00000034   EVENT52
00000035   EVENT53
00000036   EVENT54
00000037   EVENT55
00000038   EVENT56
00000039   EVENT57
0000003a   EVENT58
0000003b   EVENT59
00000006   EVENT6
0000003c   EVENT60
0000003d   EVENT61
0000003e   EVENT62
0000003f   EVENT63
00000040   EVENT64
00000041   EVENT65
00000042   EVENT66
00000043   EVENT67
00000044   EVENT68
00000045   EVENT69
00000007   EVENT7
00000046   EVENT70
00000047   EVENT71
00000048   EVENT72
00000049   EVENT73
0000004a   EVENT74
0000004b   EVENT75
0000004c   EVENT76
0000004d   EVENT77
0000004e   EVENT78
0000004f   EVENT79
00000008   EVENT8
00000050   EVENT80
00000051   EVENT81
00000052   EVENT82
00000053   EVENT83
00000054   EVENT84
00000055   EVENT85
00000056   EVENT86
00000057   EVENT87
00000058   EVENT88
00000059   EVENT89
00000009   EVENT9
0000005a   EVENT90
0000005b   EVENT91
0000005c   EVENT92
0000005d   EVENT93
0000005e   EVENT94
0000005f   EVENT95
00000060   EVENT96
00000061   EVENT97
00000062   EVENT98
00000063   EVENT99
1180bea0   FXN_F_nop
1180bea4   FXN_F_run
1180bee0   FXN_F_zero
00000001   GBL$
00005205   GBL_A_VERSION
00000000   GBL_BCACHEREADADDR0
00000000   GBL_BCACHEREADADDR1
00000000   GBL_BCACHEREADADDR2
00000000   GBL_BIGENDIAN
00000000   GBL_CACHE
00000000   GBL_CALLCSLCFGINIT
00004e20   GBL_CLKIN
00001a5b   GBL_CLKTYPE
00001a5c   GBL_DSPSUBTYPE
0000003e   GBL_DSPTYPE
00000001   GBL_ENABLEINST
00000000   GBL_ENABLE_SK
00000042   GBL_FOOTPRINT
000493e0   GBL_FREQ
00000000   GBL_GEMTRUECOMPEN
00000007   GBL_L1DMODE
00000007   GBL_L1PMODE
00000001   GBL_L2CONFIGURE
00000000   GBL_L2MAR0_31
00000001   GBL_L2MAR128_159
00000000   GBL_L2MAR160_191
ffffffff   GBL_L2MAR192_223
00000000   GBL_L2MAR224_255
00000000   GBL_L2MAR32_63
00000000   GBL_L2MAR64_95
00000000   GBL_L2MAR96_127
00000000   GBL_L2MODE
00000000   GBL_NULL
00000000   GBL_PROCID
00000000   GBL_ROM
00000000   GBL_SUPPORTCSL
0000dbef   GBL_TRCMASKVALUE
00000000   GBL_USERINIT
1180c240   GBL_USERINITFXN
00000001   GBL_boot
11818ed4   GBL_initdone
11817e38   GBL_stackbeg
11818237   GBL_stackend
00000000   GIO$
1180c240   GIO_CREATEFXN
1180c240   GIO_DELETEFXN
1180c240   GIO_PENDFXN
1180c240   GIO_POSTFXN
00000000   HOOK$
00000000   HOOK_KNLID
00000001   HST$
118147c0   HST_A_TABBEG
118147fc   HST_A_TABEND
00000000   HST_DSM
118184f4   HST_DSMBUFSEG
00000400   HST_DSMMEMSIZE
118183cc   HST_D_chanmask
118183d0   HST_D_tabbeg
118183d4   HST_D_tabend
000000ff   HST_MAXFRAMEALLOWED
00000040   HST_MAXFRAMESET
00000000   HST_NONE
00000001   HST_RTDX
00000001   HWI$
11818800   HWI_A_VECS
00005828   HWI_CFGDISPATCHED
11818540   HWI_D_bss
11818544   HWI_D_ccmask
11818530   HWI_D_spsave
00000001   HWI_ENABLE_EXC
11808b80   HWI_F_dispatch
00000000   HWI_GENERATE_RESET_VEC
0000000a   HWI_INT10
00000000   HWI_INT10$hwi
0000000b   HWI_INT11
00000000   HWI_INT11$hwi
0000000c   HWI_INT12
00000000   HWI_INT12$hwi
0000000d   HWI_INT13
00000000   HWI_INT13$hwi
0000000e   HWI_INT14
00000000   HWI_INT14$hwi
0000000f   HWI_INT15
00000000   HWI_INT15$hwi
00000004   HWI_INT4
00000000   HWI_INT4$hwi
00000005   HWI_INT5
00000000   HWI_INT5$hwi
00000006   HWI_INT6
00000000   HWI_INT6$hwi
00000007   HWI_INT7
00000000   HWI_INT7$hwi
00000008   HWI_INT8
00000000   HWI_INT8$hwi
00000009   HWI_INT9
00000000   HWI_INT9$hwi
07063d04   HWI_INTRMUX1
0b0a0908   HWI_INTRMUX2
28040d0c   HWI_INTRMUX3
00000001   HWI_NMI
00000000   HWI_NMI$hwi
00000000   HWI_POLARITYMASK
00000002   HWI_RESERVED0
00000000   HWI_RESERVED0$hwi
00000003   HWI_RESERVED1
00000000   HWI_RESERVED1$hwi
00000000   HWI_RESET
00000000   HWI_RESET$hwi
00000000   HWI_ZEROTAB
00000001   IDL$
11818ea0   IDL_A_CALBEG
11818e90   IDL_A_TABBEG
00000006   IDL_CALIBRERROR
1180c140   IDL_CALIBRFXN
118185bc   IDL_D_busyObj
11818340   IDL_D_calbeg
1181833c   IDL_D_calibrate
11818338   IDL_D_tabbeg
11818e9c   IDL_END
11818eac   IDL_END$
1180bf60   IDL_F_busy
1180bdc0   IDL_F_calibrate
1180c280   IDL_F_loop
1180c140   IDL_F_stub
00000001   IDL_USECLKIDLTIME
11818de4   IDL_busyObj
1181482e   IDL_busyObj$avgfmt
00000001   IDL_busyObj$filter
00000001   IDL_busyObj$iA
00000000   IDL_busyObj$iB
00000001   IDL_busyObj$iC
11814828   IDL_busyObj$maxfmt
00000000   IDL_busyObj$operation
11818de0   IDL_busyObj$stsobj
1181482b   IDL_busyObj$sumfmt
00000002   IDL_busyObj$unittype
11818e90   IDL_cpuLoad
11818ea0   IDL_cpuLoad$
118184f4   IRAM
11812388   IRAM$B
00002000   IRAM$L
00000001   ISRC$
1180b198   KNL_glue
11818d74   KNL_swi
00000001   KNL_swi$dorta
00000002   KNL_swi$ord
00000000   KNL_swi$pri
11818dc4   KNL_swi$sts
11814804   KNL_swi$sts$avgfmt
00000002   KNL_swi$sts$filter
00000001   KNL_swi$sts$filtmaxmult
00000001   KNL_swi$sts$filtsummult
118147f4   KNL_swi$sts$maxfmt
11818dc0   KNL_swi$sts$stsobj
118147fc   KNL_swi$sts$sumfmt
00000000   KNL_swi$sts$unittype
00000000   KNL_swi$swi
ffffffff   L3_CBA_RAM
00000001   LCK$
11808040   LNK_F_checkBufferCall
118080c0   LNK_F_dataPump
11808060   LNK_F_getChanPtr
118080b8   LNK_F_init
118085c8   LNK_F_readCallBack
11818e94   LNK_dataPump
11818ea4   LNK_dataPump$
1181854c   LNK_dspFrameReadyMask
11818548   LNK_dspFrameRequestMask
11808340   LNK_newin
11808474   LNK_newout
118080d0   LNK_rcloop
11808194   LNK_rdrtry
11818554   LNK_readDone
11818558   LNK_readFail
11818550   LNK_readPend
118081a4   LNK_rrloop
1181855c   LNK_writeFail
11808270   LNK_wrloop
11808264   LNK_wrrtry
00000001   LOG$
118187cc   LOG_A_TABBEG
118187fc   LOG_A_TABEND
00000002   LOG_A_TABLEN
11818344   LOG_D_system
00000001   LOG_ENABLED
1180bd40   LOG_F_event
118187cc   LOG_system
11814800   LOG_system$buf
00000000   LOG_system$datatype
00000000   LOG_system$log
00000200   LOG_system$size
00000000   MBX$
00000001   MEM$
118184f4   MEM_MALLOCSEG
00000000   MEM_NULL
118184f4   MEM_SEGZERO
00000000   MEM_USEMPC
00000001   MEM_gNumHeap
00000000   MSGQ$
00000000   MSGQ_USEMSGQ
00000000   OBJ$
00000000   PIP$
11818c20   PIP_A_TABBEG
11818ce8   PIP_A_TABEND
00000002   PIP_A_TABLEN
11818348   PIP_D_tabbeg
1181834c   PIP_D_tablen
1180a818   PIP_F_give
1180a818   PIP_F_probe
1180a8e8   PIP_F_start
1180a7a0   PIP_F_take
00000064   PIP_OBJSIZE
00000000   PIP_gNextId
00000002   PIP_gNumEmbed
00000000   POOL$
00000000   POOL_USEPOOL
00000001   PRD$
11817520   PRD0
1181753c   PRD0$aaa
00000000   PRD0$mode
00000001   PRD0$ord
000001f4   PRD0$period
00000000   PRD0$prd
11818da4   PRD0$sts
118147cf   PRD0$sts$avgfmt
00000000   PRD0$sts$filter
118147bd   PRD0$sts$maxfmt
11818da0   PRD0$sts$stsobj
118147c6   PRD0$sts$sumfmt
00000002   PRD0$sts$unittype
11817520   PRD_A_TABBEG
11817540   PRD_A_TABEND
00000001   PRD_A_TABLEN
11818388   PRD_D_cur
1181838c   PRD_D_elapsed
11818390   PRD_D_prevtim
11818394   PRD_D_scalar
11818398   PRD_D_swihandle
1181839c   PRD_D_tabbeg
118183a0   PRD_D_tablen
118183a4   PRD_D_thook
11818384   PRD_D_tick
11809520   PRD_F_swi
118097a4   PRD_F_tick
00000001   PRD_SCALAR
11818d48   PRD_SWIHANDLE
1180a3b4   PRD_THOOKFXN
11818ed8   PRD_clock
11818d48   PRD_swi
00000001   PRD_swi$dorta
00000001   PRD_swi$ord
00000001   PRD_swi$pri
11818db4   PRD_swi$sts
118147ea   PRD_swi$sts$avgfmt
00000002   PRD_swi$sts$filter
00000001   PRD_swi$sts$filtmaxmult
00000001   PRD_swi$sts$filtsummult
118147da   PRD_swi$sts$maxfmt
11818db0   PRD_swi$sts$stsobj
118147e2   PRD_swi$sts$sumfmt
00000000   PRD_swi$sts$unittype
00000000   PRD_swi$swi
00000001   PWRM$
00000030   PWRM_PWRM_CAPSMASK
0000000a   PWRM_PWRM_CLKTICKSPERSLOT
00000000   PWRM_PWRM_ENABLE
00000002   PWRM_PWRM_INITSPCPU
00000000   PWRM_PWRM_INITSPPER
00000000   PWRM_PWRM_LOADENABLE
00000001   PWRM_PWRM_NUMSLOTS
00000000   PWRM_PWRM_RESOURCETRACKING
00000000   PWRM_PWRM_SCALING
1180c240   PWRM_PWRM_SHAREDRESOURCEFXN
1180c240   PWRM_PWRM_SLOTHOOKFXN
00000000   PWRM_PWRM_TIMERIDNUM
00000000   PWRM_PWRM_TIMERINTRMASK
00000000   PWRM_PWRM_TIMERWUGENMASK
00000000   PWRM_PWRM_USERRESOURCES
00000000   PWRM_PWRM_USETIMER
00000001   QUE$
118183a8   RTA_D_fromHost
118183b0   RTA_D_logval
118183c0   RTA_D_stsval
118183ac   RTA_D_toHost
1180c180   RTA_F_andn
11809c00   RTA_F_dispatch
11809b20   RTA_F_getlog
11809b58   RTA_F_getsts
1180c198   RTA_F_or
11809b98   RTA_F_readblk
11809bc0   RTA_F_resetmem
11809bb4   RTA_F_writeword
11818e98   RTA_dispatcher
11818ea8   RTA_dispatcher$
11809c4c   RTA_execute
118147c4   RTA_fromHost
11818e80   RTA_fromHost$buf
00000004   RTA_fromHost$framesize
00000000   RTA_fromHost$hst
00000001   RTA_fromHost$id
00000000   RTA_fromHost$mode
11818c20   RTA_fromHost$pipe
11818c50   RTA_fromHost$pipe$aaa
11818c80   RTA_fromHost$pipe$bbb
118184f8   RTA_fromHost$pipe$dtab
11818c24   RTA_fromHost$pipe$rd
11818c54   RTA_fromHost$pipe$wr
118147cc   RTA_fromHost$rtdx
118147e0   RTA_toHost
11818b20   RTA_toHost$buf
00000040   RTA_toHost$framesize
00000000   RTA_toHost$hst
00000000   RTA_toHost$id
00000001   RTA_toHost$mode
11818c84   RTA_toHost$pipe
11818cb4   RTA_toHost$pipe$aaa
11818ce4   RTA_toHost$pipe$bbb
11818504   RTA_toHost$pipe$dtab
11818c88   RTA_toHost$pipe$rd
11818cb8   RTA_toHost$pipe$wr
118147e8   RTA_toHost$rtdx
00000001   RTDX$
00000408   RTDX_BUFMEMSIZE
118184f4   RTDX_DATAMEMSEG
00000000   RTDX_MODE
00000001   RTDX_NORMALIZED_HDR
00000001   RTDX_USERTDX
00000000   RTDX_USERTEXECUTION
00000000   SEM$
00000000   SIO$
00000001   STS$
11818da0   STS_A_TABBEG
11818df0   STS_A_TABEND
1180c04c   STS_F_add
1180c020   STS_F_delta
1180c068   STS_F_reset
00000001   SWI$
11818d48   SWI_A_TABBEG
11818da0   SWI_A_TABEND
00000002   SWI_A_TABLEN
1181841c   SWI_D_curfxn
1181840c   SWI_D_curmask
11818418   SWI_D_curmbox
11818410   SWI_D_curset
11818408   SWI_D_execaddr
11818424   SWI_D_inswi
11818414   SWI_D_lock
11818420   SWI_D_rdybeg
11818428   SWI_D_rdytab
11818404   SWI_D_runaddr
00000000   SWI_EHOOKFXN
11809244   SWI_EXECFXN
11809060   SWI_F_enable
11809244   SWI_F_exec
1180926c   SWI_F_iexec
118090d0   SWI_F_post
118092ec   SWI_F_run
00000000   SWI_IHOOKFXN
118092ec   SWI_RUNFXN
00000001   SYS$
11818eb0   SYS$config
1180c1c0   SYS_ABORTFXN
1180c2c0   SYS_ERRORFXN
1180c2e0   SYS_EXITFXN
1180c200   SYS_PUTCFXN
11818ed0   TRC_R_mask
11818ecc   TRC_cinit
00000001   TSK$
00000000   TSK_NUM_HOOKS
00000001   TSK_PRIORITY
00000000   TSK_READYFXN
00000000   TSK_STACKSEG
00000400   TSK_STACKSIZE
00000000   TSK_SWITCHFXN
1180c240   TSK_VCREATEFXN
1180c240   TSK_VDELETEFXN
1180c240   TSK_VEXITFXN
11818cf4   TSK_idle
00000000   TSK_idle$ord
00000000   TSK_idle$pri
11817a38   TSK_idle$stack
11817dd0   TSK_idle$stkptr
11818dd4   TSK_idle$sts
1181481e   TSK_idle$sts$avgfmt
00000002   TSK_idle$sts$filter
00000001   TSK_idle$sts$filtmaxmult
00000001   TSK_idle$sts$filtsummult
1181480e   TSK_idle$sts$maxfmt
11818dd0   TSK_idle$sts$stsobj
11814816   TSK_idle$sts$sumfmt
00000000   TSK_idle$sts$unittype
00000000   TSK_idle$tsk
00000000   UDEV$
11801fc4   _AIC3106_Init
11802078   _AIC3106_readRegister
118020e4   _AIC3106_writeRegister
1180c240   _BCACHE_bootInit
1180b554   _BCACHE_getMar
1180b504   _BCACHE_getSize
1180b4d4   _BCACHE_setCacheToSram
1180b484   _BCACHE_setMar
1180b440   _BCACHE_setSize
11816fc0   _BIOS_init
118171f0   _BIOS_start
ffffffff   _CACHE_L1D
ffffffff   _CACHE_L1P
000493e0   _CLK_COUNTSPMS
118185a8   _CLK_DFLTMICROSECS
11818380   _CLK_D_countspms
11818374   _CLK_D_dirty
118185ac   _CLK_D_microseconds
11818378   _CLK_D_prd
1181837c   _CLK_D_tddr
1180aff0   _CLK_F_itime
00005dc0   _CLK_PRD
01c20000   _CLK_REGS
00000000   _CLK_TDDR
00000000   _CLK_TIMERNUM
00000001   _CLK_USETIMER
1180c300   _CLK_gethtime
11818364   _CLK_htimeDiv
11818368   _CLK_htimeMult
118185b8   _CLK_htimePerLtime
11811b44   _CLK_inputClock
1180aff0   _CLK_itime
1181836c   _CLK_ltimeDiv
11818370   _CLK_ltimeMult
1180c0e0   _CLK_measure
ffffffff   _DDR
11805e84   _DIP_get
11805ee8   _DIP_getAll
11805e60   _DIP_init
0000000a   _EVENT10
00000064   _EVENT100
00000065   _EVENT101
00000066   _EVENT102
00000067   _EVENT103
00000068   _EVENT104
00000069   _EVENT105
0000006a   _EVENT106
0000006b   _EVENT107
0000006c   _EVENT108
0000006d   _EVENT109
0000000b   _EVENT11
0000006e   _EVENT110
0000006f   _EVENT111
00000070   _EVENT112
00000071   _EVENT113
00000072   _EVENT114
00000073   _EVENT115
00000074   _EVENT116
00000075   _EVENT117
00000076   _EVENT118
00000077   _EVENT119
0000000c   _EVENT12
00000078   _EVENT120
00000079   _EVENT121
0000007a   _EVENT122
0000007b   _EVENT123
0000007c   _EVENT124
0000007d   _EVENT125
0000007e   _EVENT126
0000007f   _EVENT127
0000000d   _EVENT13
0000000e   _EVENT14
0000000f   _EVENT15
00000010   _EVENT16
00000011   _EVENT17
00000012   _EVENT18
00000013   _EVENT19
00000014   _EVENT20
00000015   _EVENT21
00000016   _EVENT22
00000017   _EVENT23
00000018   _EVENT24
00000019   _EVENT25
0000001a   _EVENT26
0000001b   _EVENT27
0000001c   _EVENT28
0000001d   _EVENT29
0000001e   _EVENT30
0000001f   _EVENT31
00000020   _EVENT32
00000021   _EVENT33
00000022   _EVENT34
00000023   _EVENT35
00000024   _EVENT36
00000025   _EVENT37
00000026   _EVENT38
00000027   _EVENT39
00000004   _EVENT4
00000028   _EVENT40
00000029   _EVENT41
0000002a   _EVENT42
0000002b   _EVENT43
0000002c   _EVENT44
0000002d   _EVENT45
0000002e   _EVENT46
0000002f   _EVENT47
00000030   _EVENT48
00000031   _EVENT49
00000005   _EVENT5
00000032   _EVENT50
00000033   _EVENT51
00000034   _EVENT52
00000035   _EVENT53
00000036   _EVENT54
00000037   _EVENT55
00000038   _EVENT56
00000039   _EVENT57
0000003a   _EVENT58
0000003b   _EVENT59
00000006   _EVENT6
0000003c   _EVENT60
0000003d   _EVENT61
0000003e   _EVENT62
0000003f   _EVENT63
00000040   _EVENT64
00000041   _EVENT65
00000042   _EVENT66
00000043   _EVENT67
00000044   _EVENT68
00000045   _EVENT69
00000007   _EVENT7
00000046   _EVENT70
00000047   _EVENT71
00000048   _EVENT72
00000049   _EVENT73
0000004a   _EVENT74
0000004b   _EVENT75
0000004c   _EVENT76
0000004d   _EVENT77
0000004e   _EVENT78
0000004f   _EVENT79
00000008   _EVENT8
00000050   _EVENT80
00000051   _EVENT81
00000052   _EVENT82
00000053   _EVENT83
00000054   _EVENT84
00000055   _EVENT85
00000056   _EVENT86
00000057   _EVENT87
00000058   _EVENT88
00000059   _EVENT89
00000009   _EVENT9
0000005a   _EVENT90
0000005b   _EVENT91
0000005c   _EVENT92
0000005d   _EVENT93
0000005e   _EVENT94
0000005f   _EVENT95
00000060   _EVENT96
00000061   _EVENT97
00000062   _EVENT98
00000063   _EVENT99
118001e8   _EVMC6748_enableDsp
11800000   _EVMC6748_init
1180002c   _EVMC6748_initRAM
118002b0   _EVMC6748_lpscTransition
11800214   _EVMC6748_pinmuxConfig
11808b50   _EXC_clearLastStatus
1180a5c0   _EXC_dispatch
11808974   _EXC_exceptionHandler
11818560   _EXC_exceptionHook
11808940   _EXC_external
11818568   _EXC_externalHook
11808920   _EXC_getLastStatus
118088e0   _EXC_init
11808634   _EXC_internal
11818564   _EXC_internalHook
11808600   _EXC_nmi
1181856c   _EXC_nmiHook
11818518   _EXC_returnPtr
1180a784   _EXC_setReturnPtr
11812330   _EXC_status
11818510   _EXC_sysTrapTable
1180c240   _FXN_F_nop
1180bea4   _FXN_F_run
1180bee0   _FXN_F_zero
00000000   _GBL_CACHE
1180b5e8   _GBL_cacheInit64P
118183dc   _GBL_clkIn
118183e0   _GBL_freq
1180c260   _GBL_getVersion
118183d8   _GBL_procId
11803438   _GPIO_getInput
118033c0   _GPIO_setDir
118034ac   _GPIO_setOutput
1180352c   _GPIO_toggleLoop
118073e0   _HOSTclose
118065a0   _HOSTlseek
118068a0   _HOSTopen
11806980   _HOSTread
11805ce0   _HOSTrename
11806de0   _HOSTunlink
11806ea0   _HOSTwrite
11816000   _HSRTDX_rec
11816760   _HSRTDX_xmt
118147c0   _HST_A_TABBEG
118147fc   _HST_A_TABEND
00005828   _HWI_CFGDISPATCHED
1181853c   _HWI_D_inhwi
11818530   _HWI_D_spsave
11808b80   _HWI_F_dispatch
0000000a   _HWI_INT10
0000000b   _HWI_INT11
0000000c   _HWI_INT12
0000000d   _HWI_INT13
0000000e   _HWI_INT14
0000000f   _HWI_INT15
00000004   _HWI_INT4
00000005   _HWI_INT5
00000006   _HWI_INT6
00000007   _HWI_INT7
00000008   _HWI_INT8
00000009   _HWI_INT9
00000001   _HWI_NMI
00000002   _HWI_RESERVED0
00000003   _HWI_RESERVED1
00000000   _HWI_RESET
11818230   _HWI_STKBOTTOM
11817e38   _HWI_STKTOP
11818530   _HWI_data
1180bf00   _HWI_disable
11818238   _HWI_dispatchTab
1180bf18   _HWI_enable
1180bf2c   _HWI_restore
118027d4   _I2CGPIO_getInput
118028f0   _I2CGPIO_getInputAll
11802700   _I2CGPIO_init
11802a00   _I2CGPIO_setOutput
11802b48   _I2CGPIO_setOutputAll
11803740   _I2C_init
1180382c   _I2C_read
11803988   _I2C_write
11818de4   _IDL_busyObj
11818e90   _IDL_cpuLoad
1180c280   _IDL_loop
118184f4   _IRAM
11812388   _IRAM_base
00002000   _IRAM_length
118184a8   _KNL_alarm
1180b6a0   _KNL_check
118184cc   _KNL_curqueue
118184bc   _KNL_curtask
118184c4   _KNL_curtime
118121b8   _KNL_dummy
1180ba00   _KNL_enter
1180b9c0   _KNL_exit
1180b768   _KNL_idle
118184e4   _KNL_idlefxn
118184b0   _KNL_inactive
1180bbc0   _KNL_ipost
1180b790   _KNL_max
118184d0   _KNL_maxqueue
1180bc40   _KNL_post
118184c0   _KNL_prevtask
118184b4   _KNL_priority
11812118   _KNL_queues
11809da0   _KNL_run
1180b040   _KNL_saveIsrFrame
118184b8   _KNL_set
118184ac   _KNL_setpri
11818d74   _KNL_swi
118184c8   _KNL_swiptr
1180b0ec   _KNL_switch
118184d8   _KNL_tcreatefxn
118184dc   _KNL_tdeletefxn
1180a3b4   _KNL_tick
118184e0   _KNL_treadyfxn
118184d4   _KNL_tswitchfxn
118184a0   _KNL_wFlag
118184a4   _KNL_wList
ffffffff   _L3_CBA_RAM
1180bce0   _LCK_pend
1180bcc0   _LCK_post
118057a0   _LED_init
118057ec   _LED_isOn
118058ec   _LED_toggle
118058a4   _LED_turnOff
11805854   _LED_turnOn
11818e94   _LNK_dataPump
1181854c   _LNK_dspFrameReadyMask
11818548   _LNK_dspFrameRequestMask
11818554   _LNK_readDone
11818558   _LNK_readFail
11818550   _LNK_readPend
1181855c   _LNK_writeFail
118187cc   _LOG_A_TABBEG
118187fc   _LOG_A_TABEND
00000002   _LOG_A_TABLEN
11818344   _LOG_D_system
1180bd40   _LOG_event
118187cc   _LOG_system
118185c0   _MEM
118183e4   _MEM_D_NUMSEGMENTS
118183ec   _MEM_D_freelist
118183f0   _MEM_D_lockaddr
118183e8   _MEM_D_memtab
118183f4   _MEM_D_unlockaddr
11809fe0   _MEM_alloc
1180a3e0   _MEM_free
11817400   _MEM_init
118184e8   _MEM_memtab
11801d2c   _McASP_Init
11801e54   _McASP_Start
11812288   _OBJ_segtab
11812250   _OBJ_table
11818c20   _PIP_A_TABBEG
11818ce8   _PIP_A_TABEND
11817520   _PRD0
11818384   _PRD_D_tick
11818ed8   _PRD_clock
11818d48   _PRD_swi
11818e98   _RTA_dispatcher
118147c4   _RTA_fromHost
118147e0   _RTA_toHost
118175c0   _RTDX_Buffer
118179cc   _RTDX_Buffer_End
11816de0   _RTDX_Buffer_Initialize
11816f60   _RTDX_Buffer_Read
11816ea0   _RTDX_Buffer_ReadCB
11816ee0   _RTDX_Buffer_Size
118179c8   _RTDX_Buffer_Start
11816f80   _RTDX_Buffer_Write
118162a0   _RTDX_Buffer_WriteCB
11816d60   _RTDX_Final_RT_Monitor
11816e40   _RTDX_Init_RT_Monitor
00000002   _RTDX_JTAGONLY
11816fa0   _RTDX_Mask_IER
11816a60   _RTDX_Mon_Queue
11816cc0   _RTDX_Poll
00000000   _RTDX_interrupt_mask
11816f20   _RTDX_memfill
11817a20   _RTDX_writing
118184f4   _SEG0
1180bfc0   _SEM_pend
1180a980   _SEM_pendEnterKnl
1180b8e0   _SEM_post
1180b8e0   _SEM_postBinary
1180ba80   _SEM_postEnterKnl
11818da0   _STS_A_TABBEG
11818df0   _STS_A_TABEND
1180c04c   _STS_add
1180c020   _STS_delta
1180c068   _STS_reset
1180c2a0   _STS_set
1181841c   _SWI_D_curfxn
1181840c   _SWI_D_curmask
11818410   _SWI_D_curset
11818408   _SWI_D_execaddr
11818424   _SWI_D_inswi
11818414   _SWI_D_lock
11818420   _SWI_D_rdybeg
11818404   _SWI_D_runaddr
11818404   _SWI_data
118090d0   _SWI_post
118183f8   _SYS
118185cc   _SYS_PUTCBEG
118187cb   _SYS_PUTCEND
1180c080   _SYS_abort
1180be40   _SYS_error
1180bb20   _SYS_exit
118122f8   _SYS_exitStack
118185b0   _SYS_exitStackPtr
118185b4   _SYS_exitStackTop
118021a4   _SetGpio
11818ed0   _TRC_R_mask
11818598   _TSK
118121f0   _TSK_ATTRS
1181220c   _TSK_config
1180b300   _TSK_exit
11818cf4   _TSK_idle
118174c0   _TSK_init
11818590   _TSK_nTasks
11818594   _TSK_pid
1180ad00   _TSK_setup
1180b864   _TSK_startup
1181222c   _TSK_timerSem
11802118   _USTIMER_delay
11800c00   _UTIL_isUIBoardAttached
11800aa8   _UTIL_printMem
1180c1c0   _UTL_doAbort
1180c2c0   _UTL_doError
1180c200   _UTL_doPutc
1180c2e0   _UTL_halt
11818a00   __CIOBUF_
1180b010   __CLK_lat1beg
1180b030   __CLK_lat1end
11818400   __HOOK_NUMHOOKS
118183fc   __HOOK_knlId
11808b80   __HWI_lat1beg
11808d08   __HWI_lat1end
11808d08   __HWI_lat2beg
11808ee4   __HWI_lat2end1
11808e70   __HWI_lat2end2
11808f00   __HWI_lat3beg
11808ea0   __HWI_lat3end2
1180bf60   __IDL_lat1beg
1180bfa0   __IDL_lat1end
1180b6ec   __KNL_lat1beg
1180b768   __KNL_lat1end
1180bd40   __LOG_lat1beg
118122cc   __MEM_mutex
11809bc0   __RTA_lat1beg
11809bf4   __RTA_lat1end
1180ab60   __SEM_dopost
11818238   __STACK_END
00000400   __STACK_SIZE
118091d8   __SWI_lat1beg
11809284   __SWI_lat1end
11809288   __SWI_lat2beg
118092e8   __SWI_lat2end
11809060   __SWI_lat3beg
118090cc   __SWI_lat3end
118122a4   __TSK_mutex
11812374   ___TI_enable_exit_profile_output
ffffffff   ___TI_pprof_out_hndl
ffffffff   ___TI_prof_data_size
ffffffff   ___TI_prof_data_start
11807de0   ___add_dtor
11811e70   ___atexit_func_id__
ffffffff   ___binit__
11818238   ___bss__
ffffffff   ___c_args__
1180c320   ___cinit__
11800000   ___data__
11800000   ___edata__
118185cc   ___end__
11808040   ___etext__
11807e20   ___isinf
11818ec0   ___pinit__
11800000   ___text__
1180b1c0   __auto_init
11807020   __c6xabi_divu
11807480   __cleanup
1181236c   __cleanup_ptr
11806240   __closefile
11814520   __ctypes_
11800c20   __divd
118045e0   __divf
11807520   __divli
11807020   __divu
11805b40   __divul
11804860   __divull
118070e0   __doflush
11812370   __dtors_ptr
11807700   __fixdli
11807ac0   __fltlid
11807ea0   __frcmpyd_div
11811e68   __ft_end
11811b48   __ftable
11807b40   __llshl
11807ee0   __llshru
11812378   __lock
11807f60   __negll
11807f80   __nop
11802be0   __printfi
11807fe0   __register_lock
11808000   __register_unlock
11807f20   __remli
11817e38   __stack
11807cc0   __subcull
11811d28   __tmpnams
1181237c   __unlock
118066a0   __wrt_ok
11811750   _aHigh
118116f0   _aLow
11811710   _aMid
11811730   _aPres
118071a0   _atexit
11806a60   _atoi
11801884   _audioHWI
11811760   _bHigh
11811700   _bLow
11811720   _bMid
11811740   _bPres
1180f678   _b_fir
11814628   _bitval_u32
118118d8   _buffer
11817340   _c_int00
11811678   _cab
118067a0   _call_dtors
11809acc   _calloc
11806b40   _close
11800688   _config_pll0
118008c4   _config_pll1
11801780   _dipPRD
118185a3   _dist
11812114   _dtors
1181859e   _eqBypass
118117f8   _eqSignal
11811868   _fftSignal
11805180   _fputc
11803020   _fputs
118098a0   _free
11806480   _fseek
11811ad4   _high
118185a2   _highCut
11801cc4   _initAll
11811984   _low
1181859f   _lowCut
118078e0   _lseek
11807260   _ltoa
11801740   _main
118098c4   _malloc
1181859c   _mask
11809a08   _memalign
11807d20   _memccpy
11807980   _memcpy
11806c20   _memset
118119f4   _mid
118185a0   _midCut
11811a64   _pres
118185a1   _presCut
11806d00   _printf
11805180   _putc
11801ca0   _read_audio_sample
11807bc0   _readmsg
11809924   _realloc
11808020   _remove
11818578   _rtdxNullChanCnt
1181857c   _rtdxNullFuncCnt
11818584   _rtdxRecNotDoneCnt
1181858c   _rtdxXmtErrorCnt
11818580   _rtdxXmtNotDoneCnt
11818588   _rtdxXmtRestartCnt
11817a14   _rtdx_buffer_state
118179d0   _rtdx_mon_state
118055a0   _setvbuf
11811770   _sine
118187e4   _trace
11807c40   _unlink
11811978   _wHigh
11811948   _wLow
11811958   _wMid
11811968   _wPres
11807a20   _write
118185a4   _writeIndex
11801cb0   _write_audio_sample
11807d80   _writemsg
ffffffff   binit
1180c320   cinit
11800000   edata
118185cc   end
11808040   etext
11818800   hwi0
11818820   hwi1
11818940   hwi10
11818960   hwi11
11818980   hwi12
118189a0   hwi13
118189c0   hwi14
118189e0   hwi15
11818840   hwi2
11818860   hwi3
11818880   hwi4
118188a0   hwi5
118188c0   hwi6
118188e0   hwi7
11818900   hwi8
11818920   hwi9
11818ec0   pinit
118187e4   trace
11815000   trace$buf
00000001   trace$datatype
00000000   trace$log
00000400   trace$size


GLOBAL SYMBOLS: SORTED BY Symbol Address 

address    name
--------   ----
00000000   BUF$
00000000   CLK_PRDHIGH
00000000   CLK_TDDR
00000000   CLK_TDDRHIGH
00000000   CLK_TIMERNUM
00000000   DEV$
00000000   DGN$
00000000   DHL$
00000000   DHL_gChannelsAvailable
00000000   DIO$
00000000   DIO_NUMSWIBASE
00000000   DIO_NUMTSKBASE
00000000   DIO_STATIC
00000000   DPI$
00000000   ECM$
00000000   ECM_ENABLE
00000000   GBL_BCACHEREADADDR0
00000000   GBL_BCACHEREADADDR1
00000000   GBL_BCACHEREADADDR2
00000000   GBL_BIGENDIAN
00000000   GBL_CACHE
00000000   GBL_CALLCSLCFGINIT
00000000   GBL_ENABLE_SK
00000000   GBL_GEMTRUECOMPEN
00000000   GBL_L2MAR0_31
00000000   GBL_L2MAR160_191
00000000   GBL_L2MAR224_255
00000000   GBL_L2MAR32_63
00000000   GBL_L2MAR64_95
00000000   GBL_L2MAR96_127
00000000   GBL_L2MODE
00000000   GBL_NULL
00000000   GBL_PROCID
00000000   GBL_ROM
00000000   GBL_SUPPORTCSL
00000000   GBL_USERINIT
00000000   GIO$
00000000   HOOK$
00000000   HOOK_KNLID
00000000   HST_DSM
00000000   HST_NONE
00000000   HWI_GENERATE_RESET_VEC
00000000   HWI_INT10$hwi
00000000   HWI_INT11$hwi
00000000   HWI_INT12$hwi
00000000   HWI_INT13$hwi
00000000   HWI_INT14$hwi
00000000   HWI_INT15$hwi
00000000   HWI_INT4$hwi
00000000   HWI_INT5$hwi
00000000   HWI_INT6$hwi
00000000   HWI_INT7$hwi
00000000   HWI_INT8$hwi
00000000   HWI_INT9$hwi
00000000   HWI_NMI$hwi
00000000   HWI_POLARITYMASK
00000000   HWI_RESERVED0$hwi
00000000   HWI_RESERVED1$hwi
00000000   HWI_RESET
00000000   HWI_RESET$hwi
00000000   HWI_ZEROTAB
00000000   IDL_busyObj$iB
00000000   IDL_busyObj$operation
00000000   KNL_swi$pri
00000000   KNL_swi$sts$unittype
00000000   KNL_swi$swi
00000000   LOG_system$datatype
00000000   LOG_system$log
00000000   MBX$
00000000   MEM_NULL
00000000   MEM_USEMPC
00000000   MSGQ$
00000000   MSGQ_USEMSGQ
00000000   OBJ$
00000000   PIP$
00000000   PIP_gNextId
00000000   POOL$
00000000   POOL_USEPOOL
00000000   PRD0$mode
00000000   PRD0$prd
00000000   PRD0$sts$filter
00000000   PRD_swi$sts$unittype
00000000   PRD_swi$swi
00000000   PWRM_PWRM_ENABLE
00000000   PWRM_PWRM_INITSPPER
00000000   PWRM_PWRM_LOADENABLE
00000000   PWRM_PWRM_RESOURCETRACKING
00000000   PWRM_PWRM_SCALING
00000000   PWRM_PWRM_TIMERIDNUM
00000000   PWRM_PWRM_TIMERINTRMASK
00000000   PWRM_PWRM_TIMERWUGENMASK
00000000   PWRM_PWRM_USERRESOURCES
00000000   PWRM_PWRM_USETIMER
00000000   RTA_fromHost$hst
00000000   RTA_fromHost$mode
00000000   RTA_toHost$hst
00000000   RTA_toHost$id
00000000   RTDX_MODE
00000000   RTDX_USERTEXECUTION
00000000   SEM$
00000000   SIO$
00000000   SWI_EHOOKFXN
00000000   SWI_IHOOKFXN
00000000   TSK_NUM_HOOKS
00000000   TSK_READYFXN
00000000   TSK_STACKSEG
00000000   TSK_SWITCHFXN
00000000   TSK_idle$ord
00000000   TSK_idle$pri
00000000   TSK_idle$sts$unittype
00000000   TSK_idle$tsk
00000000   UDEV$
00000000   _CLK_TDDR
00000000   _CLK_TIMERNUM
00000000   _GBL_CACHE
00000000   _HWI_RESET
00000000   _RTDX_interrupt_mask
00000000   trace$log
00000001   BUF_ENABLED
00000001   CLK$
00000001   CLK_CALDIV
00000001   CLK_CALMULT
00000001   CLK_ENABLEHTIME
00000001   CLK_HTIMEDIV
00000001   CLK_HTIMEMULT
00000001   CLK_LTIMEDIV
00000001   CLK_POWERENABLE
00000001   CLK_RESETTIMER
00000001   CLK_USETIMER
00000001   GBL$
00000001   GBL_ENABLEINST
00000001   GBL_L2CONFIGURE
00000001   GBL_L2MAR128_159
00000001   GBL_boot
00000001   HST$
00000001   HST_RTDX
00000001   HWI$
00000001   HWI_ENABLE_EXC
00000001   HWI_NMI
00000001   IDL$
00000001   IDL_USECLKIDLTIME
00000001   IDL_busyObj$filter
00000001   IDL_busyObj$iA
00000001   IDL_busyObj$iC
00000001   ISRC$
00000001   KNL_swi$dorta
00000001   KNL_swi$sts$filtmaxmult
00000001   KNL_swi$sts$filtsummult
00000001   LCK$
00000001   LOG$
00000001   LOG_ENABLED
00000001   MEM$
00000001   MEM_gNumHeap
00000001   PRD$
00000001   PRD0$ord
00000001   PRD_A_TABLEN
00000001   PRD_SCALAR
00000001   PRD_swi$dorta
00000001   PRD_swi$ord
00000001   PRD_swi$pri
00000001   PRD_swi$sts$filtmaxmult
00000001   PRD_swi$sts$filtsummult
00000001   PWRM$
00000001   PWRM_PWRM_NUMSLOTS
00000001   QUE$
00000001   RTA_fromHost$id
00000001   RTA_toHost$mode
00000001   RTDX$
00000001   RTDX_NORMALIZED_HDR
00000001   RTDX_USERTDX
00000001   STS$
00000001   SWI$
00000001   SYS$
00000001   TSK$
00000001   TSK_PRIORITY
00000001   TSK_idle$sts$filtmaxmult
00000001   TSK_idle$sts$filtsummult
00000001   _CLK_USETIMER
00000001   _HWI_NMI
00000001   trace$datatype
00000002   HWI_RESERVED0
00000002   IDL_busyObj$unittype
00000002   KNL_swi$ord
00000002   KNL_swi$sts$filter
00000002   LOG_A_TABLEN
00000002   PIP_A_TABLEN
00000002   PIP_gNumEmbed
00000002   PRD0$sts$unittype
00000002   PRD_swi$sts$filter
00000002   PWRM_PWRM_INITSPCPU
00000002   SWI_A_TABLEN
00000002   TSK_idle$sts$filter
00000002   _HWI_RESERVED0
00000002   _LOG_A_TABLEN
00000002   _RTDX_JTAGONLY
00000003   HWI_RESERVED1
00000003   _HWI_RESERVED1
00000004   CLK_COUNTSPMSHIGH
00000004   EVENT4
00000004   HWI_INT4
00000004   RTA_fromHost$framesize
00000004   _EVENT4
00000004   _HWI_INT4
00000005   CLK_TIMMODE
00000005   EVENT5
00000005   HWI_INT5
00000005   _EVENT5
00000005   _HWI_INT5
00000006   EVENT6
00000006   HWI_INT6
00000006   IDL_CALIBRERROR
00000006   _EVENT6
00000006   _HWI_INT6
00000007   EVENT7
00000007   GBL_L1DMODE
00000007   GBL_L1PMODE
00000007   HWI_INT7
00000007   _EVENT7
00000007   _HWI_INT7
00000008   EVENT8
00000008   HWI_INT8
00000008   _EVENT8
00000008   _HWI_INT8
00000009   EVENT9
00000009   HWI_INT9
00000009   _EVENT9
00000009   _HWI_INT9
0000000a   EVENT10
0000000a   HWI_INT10
0000000a   PWRM_PWRM_CLKTICKSPERSLOT
0000000a   _EVENT10
0000000a   _HWI_INT10
0000000b   EVENT11
0000000b   HWI_INT11
0000000b   _EVENT11
0000000b   _HWI_INT11
0000000c   EVENT12
0000000c   HWI_INT12
0000000c   _EVENT12
0000000c   _HWI_INT12
0000000d   EVENT13
0000000d   HWI_INT13
0000000d   _EVENT13
0000000d   _HWI_INT13
0000000e   EVENT14
0000000e   HWI_INT14
0000000e   _EVENT14
0000000e   _HWI_INT14
0000000f   EVENT15
0000000f   HWI_INT15
0000000f   _EVENT15
0000000f   _HWI_INT15
00000010   EVENT16
00000010   _EVENT16
00000011   EVENT17
00000011   _EVENT17
00000012   EVENT18
00000012   _EVENT18
00000013   EVENT19
00000013   _EVENT19
00000014   EVENT20
00000014   _EVENT20
00000015   EVENT21
00000015   _EVENT21
00000016   EVENT22
00000016   _EVENT22
00000017   EVENT23
00000017   _EVENT23
00000018   EVENT24
00000018   _EVENT24
00000019   EVENT25
00000019   _EVENT25
0000001a   EVENT26
0000001a   _EVENT26
0000001b   EVENT27
0000001b   _EVENT27
0000001c   EVENT28
0000001c   _EVENT28
0000001d   EVENT29
0000001d   _EVENT29
0000001e   EVENT30
0000001e   _EVENT30
0000001f   EVENT31
0000001f   _EVENT31
00000020   CLK_TCR
00000020   EVENT32
00000020   _EVENT32
00000021   EVENT33
00000021   _EVENT33
00000022   EVENT34
00000022   _EVENT34
00000023   EVENT35
00000023   _EVENT35
00000024   EVENT36
00000024   _EVENT36
00000025   EVENT37
00000025   _EVENT37
00000026   EVENT38
00000026   _EVENT38
00000027   EVENT39
00000027   _EVENT39
00000028   EVENT40
00000028   _EVENT40
00000029   EVENT41
00000029   _EVENT41
0000002a   EVENT42
0000002a   _EVENT42
0000002b   EVENT43
0000002b   _EVENT43
0000002c   EVENT44
0000002c   _EVENT44
0000002d   EVENT45
0000002d   _EVENT45
0000002e   EVENT46
0000002e   _EVENT46
0000002f   EVENT47
0000002f   _EVENT47
00000030   EVENT48
00000030   PWRM_PWRM_CAPSMASK
00000030   _EVENT48
00000031   EVENT49
00000031   _EVENT49
00000032   EVENT50
00000032   _EVENT50
00000033   EVENT51
00000033   _EVENT51
00000034   EVENT52
00000034   _EVENT52
00000035   EVENT53
00000035   _EVENT53
00000036   EVENT54
00000036   _EVENT54
00000037   EVENT55
00000037   _EVENT55
00000038   EVENT56
00000038   _EVENT56
00000039   EVENT57
00000039   _EVENT57
0000003a   EVENT58
0000003a   _EVENT58
0000003b   EVENT59
0000003b   _EVENT59
0000003c   EVENT60
0000003c   _EVENT60
0000003d   EVENT61
0000003d   _EVENT61
0000003e   EVENT62
0000003e   GBL_DSPTYPE
0000003e   _EVENT62
0000003f   EVENT63
0000003f   _EVENT63
00000040   EVENT64
00000040   HST_MAXFRAMESET
00000040   RTA_toHost$framesize
00000040   _EVENT64
00000041   EVENT65
00000041   _EVENT65
00000042   EVENT66
00000042   GBL_FOOTPRINT
00000042   _EVENT66
00000043   EVENT67
00000043   _EVENT67
00000044   EVENT68
00000044   _EVENT68
00000045   EVENT69
00000045   _EVENT69
00000046   EVENT70
00000046   _EVENT70
00000047   EVENT71
00000047   _EVENT71
00000048   EVENT72
00000048   _EVENT72
00000049   EVENT73
00000049   _EVENT73
0000004a   EVENT74
0000004a   _EVENT74
0000004b   EVENT75
0000004b   _EVENT75
0000004c   EVENT76
0000004c   _EVENT76
0000004d   EVENT77
0000004d   _EVENT77
0000004e   EVENT78
0000004e   _EVENT78
0000004f   EVENT79
0000004f   _EVENT79
00000050   EVENT80
00000050   _EVENT80
00000051   EVENT81
00000051   _EVENT81
00000052   EVENT82
00000052   _EVENT82
00000053   EVENT83
00000053   _EVENT83
00000054   EVENT84
00000054   _EVENT84
00000055   EVENT85
00000055   _EVENT85
00000056   EVENT86
00000056   _EVENT86
00000057   EVENT87
00000057   _EVENT87
00000058   EVENT88
00000058   _EVENT88
00000059   EVENT89
00000059   _EVENT89
0000005a   EVENT90
0000005a   _EVENT90
0000005b   EVENT91
0000005b   _EVENT91
0000005c   EVENT92
0000005c   _EVENT92
0000005d   EVENT93
0000005d   _EVENT93
0000005e   EVENT94
0000005e   _EVENT94
0000005f   EVENT95
0000005f   _EVENT95
00000060   EVENT96
00000060   _EVENT96
00000061   EVENT97
00000061   _EVENT97
00000062   EVENT98
00000062   _EVENT98
00000063   EVENT99
00000063   _EVENT99
00000064   EVENT100
00000064   PIP_OBJSIZE
00000064   _EVENT100
00000065   EVENT101
00000065   _EVENT101
00000066   EVENT102
00000066   _EVENT102
00000067   EVENT103
00000067   _EVENT103
00000068   EVENT104
00000068   _EVENT104
00000069   EVENT105
00000069   _EVENT105
0000006a   EVENT106
0000006a   _EVENT106
0000006b   EVENT107
0000006b   _EVENT107
0000006c   EVENT108
0000006c   _EVENT108
0000006d   EVENT109
0000006d   _EVENT109
0000006e   EVENT110
0000006e   _EVENT110
0000006f   EVENT111
0000006f   _EVENT111
00000070   EVENT112
00000070   _EVENT112
00000071   EVENT113
00000071   _EVENT113
00000072   EVENT114
00000072   _EVENT114
00000073   EVENT115
00000073   _EVENT115
00000074   EVENT116
00000074   _EVENT116
00000075   EVENT117
00000075   _EVENT117
00000076   EVENT118
00000076   _EVENT118
00000077   EVENT119
00000077   _EVENT119
00000078   EVENT120
00000078   _EVENT120
00000079   EVENT121
00000079   _EVENT121
0000007a   EVENT122
0000007a   _EVENT122
0000007b   EVENT123
0000007b   _EVENT123
0000007c   EVENT124
0000007c   _EVENT124
0000007d   EVENT125
0000007d   _EVENT125
0000007e   EVENT126
0000007e   _EVENT126
0000007f   EVENT127
0000007f   _EVENT127
000000ff   HST_MAXFRAMEALLOWED
000001f4   PRD0$period
00000200   LOG_system$size
000003e8   CLK_MICROSECS
00000400   HST_DSMMEMSIZE
00000400   TSK_STACKSIZE
00000400   __STACK_SIZE
00000400   trace$size
00000408   RTDX_BUFMEMSIZE
00001a5b   GBL_CLKTYPE
00001a5c   GBL_DSPSUBTYPE
00002000   IRAM$L
00002000   _IRAM_length
00004000   CLK_INTBIT
00004e20   GBL_CLKIN
00005205   GBL_A_VERSION
00005828   HWI_CFGDISPATCHED
00005828   _HWI_CFGDISPATCHED
00005dc0   CLK_INPUTCLK
00005dc0   CLK_PRD
00005dc0   _CLK_PRD
0000dbef   GBL_TRCMASKVALUE
000493e0   CLK_COUNTSPMS
000493e0   CLK_HTIMEPERLTIME
000493e0   CLK_LTIMEMULT
000493e0   GBL_FREQ
000493e0   _CLK_COUNTSPMS
01c20000   CLK_REGS
01c20000   _CLK_REGS
07063d04   HWI_INTRMUX1
0b0a0908   HWI_INTRMUX2
11800000   .data
11800000   .text
11800000   _EVMC6748_init
11800000   ___data__
11800000   ___edata__
11800000   ___text__
11800000   edata
1180002c   _EVMC6748_initRAM
118001e8   _EVMC6748_enableDsp
11800214   _EVMC6748_pinmuxConfig
118002b0   _EVMC6748_lpscTransition
11800688   _config_pll0
118008c4   _config_pll1
11800aa8   _UTIL_printMem
11800c00   _UTIL_isUIBoardAttached
11800c20   __divd
11801740   _main
11801780   _dipPRD
11801884   _audioHWI
11801ca0   _read_audio_sample
11801cb0   _write_audio_sample
11801cc4   _initAll
11801d2c   _McASP_Init
11801e54   _McASP_Start
11801fc4   _AIC3106_Init
11802078   _AIC3106_readRegister
118020e4   _AIC3106_writeRegister
11802118   _USTIMER_delay
118021a4   _SetGpio
11802700   _I2CGPIO_init
118027d4   _I2CGPIO_getInput
118028f0   _I2CGPIO_getInputAll
11802a00   _I2CGPIO_setOutput
11802b48   _I2CGPIO_setOutputAll
11802be0   __printfi
11803020   _fputs
118033c0   _GPIO_setDir
11803438   _GPIO_getInput
118034ac   _GPIO_setOutput
1180352c   _GPIO_toggleLoop
11803740   _I2C_init
1180382c   _I2C_read
11803988   _I2C_write
118045e0   __divf
11804860   __divull
11805180   _fputc
11805180   _putc
118055a0   _setvbuf
118057a0   _LED_init
118057ec   _LED_isOn
11805854   _LED_turnOn
118058a4   _LED_turnOff
118058ec   _LED_toggle
11805b40   __divul
11805ce0   _HOSTrename
11805e60   _DIP_init
11805e84   _DIP_get
11805ee8   _DIP_getAll
11806240   __closefile
11806480   _fseek
118065a0   _HOSTlseek
118066a0   __wrt_ok
118067a0   _call_dtors
118068a0   _HOSTopen
11806980   _HOSTread
11806a60   _atoi
11806b40   _close
11806c20   _memset
11806d00   _printf
11806de0   _HOSTunlink
11806ea0   _HOSTwrite
11807020   __c6xabi_divu
11807020   __divu
118070e0   __doflush
118071a0   _atexit
11807260   _ltoa
118073e0   _HOSTclose
11807480   __cleanup
11807520   __divli
11807700   __fixdli
118078e0   _lseek
11807980   _memcpy
11807a20   _write
11807ac0   __fltlid
11807b40   __llshl
11807bc0   _readmsg
11807c40   _unlink
11807cc0   __subcull
11807d20   _memccpy
11807d80   _writemsg
11807dd8   C$$IO$$
11807de0   ___add_dtor
11807e20   ___isinf
11807ea0   __frcmpyd_div
11807ee0   __llshru
11807f20   __remli
11807f60   __negll
11807f80   __nop
11807fe0   __register_lock
11808000   __register_unlock
11808020   _remove
11808040   LNK_F_checkBufferCall
11808040   ___etext__
11808040   etext
11808060   LNK_F_getChanPtr
118080b8   LNK_F_init
118080c0   LNK_F_dataPump
118080d0   LNK_rcloop
11808194   LNK_rdrtry
118081a4   LNK_rrloop
11808264   LNK_wrrtry
11808270   LNK_wrloop
11808340   LNK_newin
11808474   LNK_newout
118085c8   LNK_F_readCallBack
11808600   _EXC_nmi
11808634   _EXC_internal
118088e0   _EXC_init
11808920   _EXC_getLastStatus
11808940   _EXC_external
11808974   _EXC_exceptionHandler
11808b50   _EXC_clearLastStatus
11808b80   CLK_HOOKFXN
11808b80   HWI_F_dispatch
11808b80   _HWI_F_dispatch
11808b80   __HWI_lat1beg
11808d08   __HWI_lat1end
11808d08   __HWI_lat2beg
11808e70   __HWI_lat2end2
11808ea0   __HWI_lat3end2
11808ee4   __HWI_lat2end1
11808f00   __HWI_lat3beg
11809060   SWI_F_enable
11809060   __SWI_lat3beg
118090cc   __SWI_lat3end
118090d0   SWI_F_post
118090d0   _SWI_post
118091d8   __SWI_lat1beg
11809244   SWI_EXECFXN
11809244   SWI_F_exec
1180926c   SWI_F_iexec
11809284   __SWI_lat1end
11809288   __SWI_lat2beg
118092e8   __SWI_lat2end
118092ec   SWI_F_run
118092ec   SWI_RUNFXN
11809520   PRD_F_swi
118097a4   PRD_F_tick
118098a0   _free
118098c4   _malloc
11809924   _realloc
11809a08   _memalign
11809acc   _calloc
11809b20   RTA_F_getlog
11809b58   RTA_F_getsts
11809b98   RTA_F_readblk
11809bb4   RTA_F_writeword
11809bc0   RTA_F_resetmem
11809bc0   __RTA_lat1beg
11809bf4   __RTA_lat1end
11809c00   RTA_F_dispatch
11809c4c   RTA_execute
11809da0   _KNL_run
11809fe0   _MEM_alloc
1180a3b4   PRD_THOOKFXN
1180a3b4   _KNL_tick
1180a3e0   _MEM_free
1180a5c0   _EXC_dispatch
1180a784   _EXC_setReturnPtr
1180a7a0   PIP_F_take
1180a818   PIP_F_give
1180a818   PIP_F_probe
1180a8e8   PIP_F_start
1180a980   _SEM_pendEnterKnl
1180ab60   __SEM_dopost
1180ad00   _TSK_setup
1180aea0   CLK_F_getltime
1180aeb0   CLK_F_isr
1180aff0   CLK_F_itime
1180aff0   _CLK_F_itime
1180aff0   _CLK_itime
1180b010   __CLK_lat1beg
1180b030   __CLK_lat1end
1180b040   _KNL_saveIsrFrame
1180b0ec   _KNL_switch
1180b198   KNL_glue
1180b1c0   __auto_init
1180b300   _TSK_exit
1180b440   _BCACHE_setSize
1180b484   _BCACHE_setMar
1180b4d4   _BCACHE_setCacheToSram
1180b504   _BCACHE_getSize
1180b554   _BCACHE_getMar
1180b5e8   _GBL_cacheInit64P
1180b6a0   _KNL_check
1180b6ec   __KNL_lat1beg
1180b768   _KNL_idle
1180b768   __KNL_lat1end
1180b790   _KNL_max
1180b864   _TSK_startup
1180b8e0   _SEM_post
1180b8e0   _SEM_postBinary
1180b9c0   _KNL_exit
1180ba00   _KNL_enter
1180ba80   _SEM_postEnterKnl
1180bb20   _SYS_exit
1180bbc0   _KNL_ipost
1180bc40   _KNL_post
1180bcc0   _LCK_post
1180bce0   _LCK_pend
1180bd40   LOG_F_event
1180bd40   _LOG_event
1180bd40   __LOG_lat1beg
1180bdc0   IDL_F_calibrate
1180be40   _SYS_error
1180bea0   FXN_F_nop
1180bea4   FXN_F_run
1180bea4   _FXN_F_run
1180bee0   FXN_F_zero
1180bee0   _FXN_F_zero
1180bf00   _HWI_disable
1180bf18   _HWI_enable
1180bf2c   _HWI_restore
1180bf60   IDL_F_busy
1180bf60   __IDL_lat1beg
1180bfa0   __IDL_lat1end
1180bfc0   _SEM_pend
1180c020   STS_F_delta
1180c020   _STS_delta
1180c04c   STS_F_add
1180c04c   _STS_add
1180c068   STS_F_reset
1180c068   _STS_reset
1180c080   _SYS_abort
1180c0e0   _CLK_measure
1180c140   IDL_CALIBRFXN
1180c140   IDL_F_stub
1180c180   RTA_F_andn
1180c198   RTA_F_or
1180c1c0   SYS_ABORTFXN
1180c1c0   _UTL_doAbort
1180c200   SYS_PUTCFXN
1180c200   _UTL_doPutc
1180c240   GBL_USERINITFXN
1180c240   GIO_CREATEFXN
1180c240   GIO_DELETEFXN
1180c240   GIO_PENDFXN
1180c240   GIO_POSTFXN
1180c240   PWRM_PWRM_SHAREDRESOURCEFXN
1180c240   PWRM_PWRM_SLOTHOOKFXN
1180c240   TSK_VCREATEFXN
1180c240   TSK_VDELETEFXN
1180c240   TSK_VEXITFXN
1180c240   _BCACHE_bootInit
1180c240   _FXN_F_nop
1180c260   _GBL_getVersion
1180c280   IDL_F_loop
1180c280   _IDL_loop
1180c2a0   _STS_set
1180c2c0   SYS_ERRORFXN
1180c2c0   _UTL_doError
1180c2e0   SYS_EXITFXN
1180c2e0   _UTL_halt
1180c300   CLK_F_gethtime
1180c300   CLK_TIMEFXN
1180c300   _CLK_gethtime
1180c320   ___cinit__
1180c320   cinit
1180f678   _b_fir
11811678   _cab
118116f0   _aLow
11811700   _bLow
11811710   _aMid
11811720   _bMid
11811730   _aPres
11811740   _bPres
11811750   _aHigh
11811760   _bHigh
11811770   _sine
118117f8   _eqSignal
11811868   _fftSignal
118118d8   _buffer
11811948   _wLow
11811958   _wMid
11811968   _wPres
11811978   _wHigh
11811984   _low
118119f4   _mid
11811a64   _pres
11811ad4   _high
11811b44   _CLK_inputClock
11811b48   __ftable
11811d28   __tmpnams
11811e68   __ft_end
11811e70   ___atexit_func_id__
11812114   _dtors
11812118   _KNL_queues
118121b8   _KNL_dummy
118121f0   _TSK_ATTRS
1181220c   _TSK_config
1181222c   _TSK_timerSem
11812250   _OBJ_table
11812288   _OBJ_segtab
118122a4   __TSK_mutex
118122cc   __MEM_mutex
118122f8   _SYS_exitStack
11812330   _EXC_status
1181236c   __cleanup_ptr
11812370   __dtors_ptr
11812374   ___TI_enable_exit_profile_output
11812378   __lock
1181237c   __unlock
11812388   IRAM$B
11812388   _IRAM_base
11814520   __ctypes_
11814628   _bitval_u32
118147bd   PRD0$sts$maxfmt
118147c0   HST_A_TABBEG
118147c0   _HST_A_TABBEG
118147c4   RTA_fromHost
118147c4   _RTA_fromHost
118147c6   PRD0$sts$sumfmt
118147cc   RTA_fromHost$rtdx
118147cf   PRD0$sts$avgfmt
118147da   PRD_swi$sts$maxfmt
118147e0   RTA_toHost
118147e0   _RTA_toHost
118147e2   PRD_swi$sts$sumfmt
118147e8   RTA_toHost$rtdx
118147ea   PRD_swi$sts$avgfmt
118147f4   KNL_swi$sts$maxfmt
118147fc   HST_A_TABEND
118147fc   KNL_swi$sts$sumfmt
118147fc   _HST_A_TABEND
11814800   LOG_system$buf
11814804   KNL_swi$sts$avgfmt
1181480e   TSK_idle$sts$maxfmt
11814816   TSK_idle$sts$sumfmt
1181481e   TSK_idle$sts$avgfmt
11814828   IDL_busyObj$maxfmt
1181482b   IDL_busyObj$sumfmt
1181482e   IDL_busyObj$avgfmt
11815000   trace$buf
11816000   _HSRTDX_rec
118162a0   _RTDX_Buffer_WriteCB
11816760   _HSRTDX_xmt
11816a60   _RTDX_Mon_Queue
11816cc0   _RTDX_Poll
11816d60   _RTDX_Final_RT_Monitor
11816de0   _RTDX_Buffer_Initialize
11816e40   _RTDX_Init_RT_Monitor
11816ea0   _RTDX_Buffer_ReadCB
11816ee0   _RTDX_Buffer_Size
11816f20   _RTDX_memfill
11816f60   _RTDX_Buffer_Read
11816f80   _RTDX_Buffer_Write
11816fa0   _RTDX_Mask_IER
11816fc0   BIOS_init
11816fc0   _BIOS_init
11817144   BIOS$$CLKON
11817184   BIOS$$CLKOFF
118171f0   BIOS_start
118171f0   _BIOS_start
11817340   _c_int00
11817400   _MEM_init
118174c0   _TSK_init
11817520   PRD0
11817520   PRD_A_TABBEG
11817520   _PRD0
1181753c   PRD0$aaa
11817540   PRD_A_TABEND
118175c0   _RTDX_Buffer
118179c8   _RTDX_Buffer_Start
118179cc   _RTDX_Buffer_End
118179d0   _rtdx_mon_state
11817a14   _rtdx_buffer_state
11817a20   _RTDX_writing
11817a38   TSK_idle$stack
11817dd0   TSK_idle$stkptr
11817e38   GBL_stackbeg
11817e38   _HWI_STKTOP
11817e38   __stack
11818230   _HWI_STKBOTTOM
11818237   GBL_stackend
11818238   $bss
11818238   .bss
11818238   _HWI_dispatchTab
11818238   __STACK_END
11818238   ___bss__
11818338   IDL_D_tabbeg
1181833c   IDL_D_calibrate
11818340   IDL_D_calbeg
11818344   LOG_D_system
11818344   _LOG_D_system
11818348   PIP_D_tabbeg
1181834c   PIP_D_tablen
11818350   CLK_R_time
11818354   CLK_D_timefxn
11818358   CLK_D_tabbeg
1181835c   CLK_D_isrhook
11818360   CLK_D_idletime
11818364   _CLK_htimeDiv
11818368   _CLK_htimeMult
1181836c   _CLK_ltimeDiv
11818370   _CLK_ltimeMult
11818374   _CLK_D_dirty
11818378   _CLK_D_prd
1181837c   _CLK_D_tddr
11818380   _CLK_D_countspms
11818384   PRD_D_tick
11818384   _PRD_D_tick
11818388   PRD_D_cur
1181838c   PRD_D_elapsed
11818390   PRD_D_prevtim
11818394   PRD_D_scalar
11818398   PRD_D_swihandle
1181839c   PRD_D_tabbeg
118183a0   PRD_D_tablen
118183a4   PRD_D_thook
118183a8   RTA_D_fromHost
118183ac   RTA_D_toHost
118183b0   RTA_D_logval
118183c0   RTA_D_stsval
118183cc   HST_D_chanmask
118183d0   HST_D_tabbeg
118183d4   HST_D_tabend
118183d8   _GBL_procId
118183dc   _GBL_clkIn
118183e0   _GBL_freq
118183e4   _MEM_D_NUMSEGMENTS
118183e8   _MEM_D_memtab
118183ec   _MEM_D_freelist
118183f0   _MEM_D_lockaddr
118183f4   _MEM_D_unlockaddr
118183f8   _SYS
118183fc   __HOOK_knlId
11818400   __HOOK_NUMHOOKS
11818404   SWI_D_runaddr
11818404   _SWI_D_runaddr
11818404   _SWI_data
11818408   SWI_D_execaddr
11818408   _SWI_D_execaddr
1181840c   SWI_D_curmask
1181840c   _SWI_D_curmask
11818410   SWI_D_curset
11818410   _SWI_D_curset
11818414   SWI_D_lock
11818414   _SWI_D_lock
11818418   SWI_D_curmbox
1181841c   SWI_D_curfxn
1181841c   _SWI_D_curfxn
11818420   SWI_D_rdybeg
11818420   _SWI_D_rdybeg
11818424   SWI_D_inswi
11818424   _SWI_D_inswi
11818428   SWI_D_rdytab
118184a0   _KNL_wFlag
118184a4   _KNL_wList
118184a8   _KNL_alarm
118184ac   _KNL_setpri
118184b0   _KNL_inactive
118184b4   _KNL_priority
118184b8   _KNL_set
118184bc   _KNL_curtask
118184c0   _KNL_prevtask
118184c4   _KNL_curtime
118184c8   _KNL_swiptr
118184cc   _KNL_curqueue
118184d0   _KNL_maxqueue
118184d4   _KNL_tswitchfxn
118184d8   _KNL_tcreatefxn
118184dc   _KNL_tdeletefxn
118184e0   _KNL_treadyfxn
118184e4   _KNL_idlefxn
118184e8   _MEM_memtab
118184f4   HST_DSMBUFSEG
118184f4   IRAM
118184f4   MEM_MALLOCSEG
118184f4   MEM_SEGZERO
118184f4   RTDX_DATAMEMSEG
118184f4   _IRAM
118184f4   _SEG0
118184f8   RTA_fromHost$pipe$dtab
11818504   RTA_toHost$pipe$dtab
11818510   _EXC_sysTrapTable
11818518   _EXC_returnPtr
11818530   HWI_D_spsave
11818530   _HWI_D_spsave
11818530   _HWI_data
1181853c   _HWI_D_inhwi
11818540   HWI_D_bss
11818544   HWI_D_ccmask
11818548   LNK_dspFrameRequestMask
11818548   _LNK_dspFrameRequestMask
1181854c   LNK_dspFrameReadyMask
1181854c   _LNK_dspFrameReadyMask
11818550   LNK_readPend
11818550   _LNK_readPend
11818554   LNK_readDone
11818554   _LNK_readDone
11818558   LNK_readFail
11818558   _LNK_readFail
1181855c   LNK_writeFail
1181855c   _LNK_writeFail
11818560   _EXC_exceptionHook
11818564   _EXC_internalHook
11818568   _EXC_externalHook
1181856c   _EXC_nmiHook
11818578   _rtdxNullChanCnt
1181857c   _rtdxNullFuncCnt
11818580   _rtdxXmtNotDoneCnt
11818584   _rtdxRecNotDoneCnt
11818588   _rtdxXmtRestartCnt
1181858c   _rtdxXmtErrorCnt
11818590   _TSK_nTasks
11818594   _TSK_pid
11818598   _TSK
1181859c   _mask
1181859e   _eqBypass
1181859f   _lowCut
118185a0   _midCut
118185a1   _presCut
118185a2   _highCut
118185a3   _dist
118185a4   _writeIndex
118185a8   _CLK_DFLTMICROSECS
118185ac   _CLK_D_microseconds
118185b0   _SYS_exitStackPtr
118185b4   _SYS_exitStackTop
118185b8   _CLK_htimePerLtime
118185bc   IDL_D_busyObj
118185c0   _MEM
118185cc   _SYS_PUTCBEG
118185cc   ___end__
118185cc   end
118187cb   _SYS_PUTCEND
118187cc   LOG_A_TABBEG
118187cc   LOG_system
118187cc   _LOG_A_TABBEG
118187cc   _LOG_system
118187e4   _trace
118187e4   trace
118187fc   LOG_A_TABEND
118187fc   _LOG_A_TABEND
11818800   HWI_A_VECS
11818800   hwi0
11818820   hwi1
11818840   hwi2
11818860   hwi3
11818880   hwi4
118188a0   hwi5
118188c0   hwi6
118188e0   hwi7
11818900   hwi8
11818920   hwi9
11818940   hwi10
11818960   hwi11
11818980   hwi12
118189a0   hwi13
118189c0   hwi14
118189e0   hwi15
11818a00   __CIOBUF_
11818b20   RTA_toHost$buf
11818c20   PIP_A_TABBEG
11818c20   RTA_fromHost$pipe
11818c20   _PIP_A_TABBEG
11818c24   RTA_fromHost$pipe$rd
11818c50   RTA_fromHost$pipe$aaa
11818c54   RTA_fromHost$pipe$wr
11818c80   RTA_fromHost$pipe$bbb
11818c84   RTA_toHost$pipe
11818c88   RTA_toHost$pipe$rd
11818cb4   RTA_toHost$pipe$aaa
11818cb8   RTA_toHost$pipe$wr
11818ce4   RTA_toHost$pipe$bbb
11818ce8   PIP_A_TABEND
11818ce8   _PIP_A_TABEND
11818cf4   TSK_idle
11818cf4   _TSK_idle
11818d48   PRD_SWIHANDLE
11818d48   PRD_swi
11818d48   SWI_A_TABBEG
11818d48   _PRD_swi
11818d74   KNL_swi
11818d74   _KNL_swi
11818da0   PRD0$sts$stsobj
11818da0   STS_A_TABBEG
11818da0   SWI_A_TABEND
11818da0   _STS_A_TABBEG
11818da4   PRD0$sts
11818db0   PRD_swi$sts$stsobj
11818db4   PRD_swi$sts
11818dc0   KNL_swi$sts$stsobj
11818dc4   KNL_swi$sts
11818dd0   TSK_idle$sts$stsobj
11818dd4   TSK_idle$sts
11818de0   IDL_busyObj$stsobj
11818de4   IDL_busyObj
11818de4   _IDL_busyObj
11818df0   STS_A_TABEND
11818df0   _STS_A_TABEND
11818e80   RTA_fromHost$buf
11818e90   IDL_A_TABBEG
11818e90   IDL_cpuLoad
11818e90   _IDL_cpuLoad
11818e94   LNK_dataPump
11818e94   _LNK_dataPump
11818e98   RTA_dispatcher
11818e98   _RTA_dispatcher
11818e9c   IDL_END
11818ea0   IDL_A_CALBEG
11818ea0   IDL_cpuLoad$
11818ea4   LNK_dataPump$
11818ea8   RTA_dispatcher$
11818eac   IDL_END$
11818eb0   SYS$config
11818ec0   ___pinit__
11818ec0   pinit
11818ecc   TRC_cinit
11818ed0   TRC_R_mask
11818ed0   _TRC_R_mask
11818ed4   GBL_initdone
11818ed8   CLK_A_TABBEG
11818ed8   PRD_clock
11818ed8   _PRD_clock
11818edc   CLK_null
28040d0c   HWI_INTRMUX3
ffffffff   CACHE_L1D
ffffffff   CACHE_L1P
ffffffff   DDR
ffffffff   ECM_EVTMASK0
ffffffff   ECM_EVTMASK1
ffffffff   ECM_EVTMASK2
ffffffff   ECM_EVTMASK3
ffffffff   GBL_L2MAR192_223
ffffffff   L3_CBA_RAM
ffffffff   _CACHE_L1D
ffffffff   _CACHE_L1P
ffffffff   _DDR
ffffffff   _L3_CBA_RAM
ffffffff   ___TI_pprof_out_hndl
ffffffff   ___TI_prof_data_size
ffffffff   ___TI_prof_data_start
ffffffff   ___binit__
ffffffff   ___c_args__
ffffffff   binit

[1160 symbols]
