******************************************************************************
               TMS320C6x Linker PC v7.4.18                     
******************************************************************************
>> Linked Mon Jul 13 12:15:05 2020

OUTPUT FILE NAME:   <GuitarAmpGitVersion.out>
ENTRY POINT SYMBOL: "_c_int00"  address: 1181b340


MEMORY CONFIGURATION

         name            origin    length      used     unused   attr    fill
----------------------  --------  ---------  --------  --------  ----  --------
  IRAM                  11800000   00040000  0001d269  00022d97  RWIX
  CACHE_L1P             11e00000   00008000  00000000  00008000  RWIX
  CACHE_L1D             11f00000   00008000  00000000  00008000  RWIX
  L3_CBA_RAM            80000000   00020000  00000000  00020000  RWIX
  DDR                   c3000000   01000000  00000000  01000000  RWIX


SECTION ALLOCATION MAP

 output                                  attributes/
section   page    origin      length       input sections
--------  ----  ----------  ----------   ----------------
.vers      0    00000000    0000003c     COPY SECTION
                  00000000    0000003c     hellocfg.obj (.vers)

.data      0    11800000    00000000     UNINITIALIZED

.text      0    11800000    000086c0     
                  11800000    00000c20     evmc6748_bsl.lib : evmc6748.obj (.text)
                  11800c20    00000aa0     hello.obj (.text)
                  118016c0    00000620     framework.obj (.text)
                  11801ce0    000005a0     rts6740.lib : divd.obj (.text:__divd)
                  11802280    00000580                 : _printfi.obj (.text:__getarg_diouxp)
                  11802800    00000520                 : _printfi.obj (.text:__setfield)
                  11802d20    000004e0     evmc6748_bsl.lib : evmc6748_i2c_gpio.obj (.text)
                  11803200    00000440     rts6740.lib : _printfi.obj (.text:__printfi)
                  11803640    000003a0                 : fputs.obj (.text:_fputs)
                  118039e0    00000380     evmc6748_bsl.lib : evmc6748_gpio.obj (.text)
                  11803d60    00000380                      : evmc6748_i2c.obj (.text)
                  118040e0    00000320     rts6740.lib : _printfi.obj (.text:__pproc_fge)
                  11804400    000002c0                 : _printfi.obj (.text:__pproc_fwp)
                  118046c0    000002a0                 : _printfi.obj (.text:_ecvt)
                  11804960    000002a0                 : _printfi.obj (.text:_fcvt)
                  11804c00    00000260                 : imath64.obj (.text:__divull)
                  11804e60    00000260                 : _printfi.obj (.text:__pconv_e)
                  118050c0    00000240                 : _printfi.obj (.text:__pproc_diouxp)
                  11805300    00000220                 : _printfi.obj (.text:__pproc_str)
                  11805520    00000220                 : fputc.obj (.text:_fputc)
                  11805740    00000200                 : _printfi.obj (.text:__pconv_g)
                  11805940    00000200                 : setvbuf.obj (.text:_setvbuf)
                  11805b40    000001e0     evmc6748_bsl.lib : evmc6748_led.obj (.text)
                  11805d20    000001c0     rts6740.lib : _printfi.obj (.text:__mcpy)
                  11805ee0    000001a0                 : imath40.obj (.text:__divul)
                  11806080    00000180                 : trgdrv.obj (.text:_HOSTrename)
                  11806200    00000160     evmc6748_bsl.lib : evmc6748_dip.obj (.text)
                  11806360    00000140     rts6740.lib : _printfi.obj (.text:__pproc_fflags)
                  118064a0    00000140                 : lowlev.obj (.text:_getdevice)
                  118065e0    00000120                 : fclose.obj (.text:__closefile)
                  11806700    00000120                 : _printfi.obj (.text:__ltostr)
                  11806820    00000120                 : fseek.obj (.text:_fseek)
                  11806940    00000100                 : trgdrv.obj (.text:_HOSTlseek)
                  11806a40    00000100                 : _io_perm.obj (.text:__wrt_ok)
                  11806b40    00000100                 : sinit.obj (.text:_call_dtors)
                  11806c40    000000e0                 : trgdrv.obj (.text:_HOSTopen)
                  11806d20    000000e0                 : trgdrv.obj (.text:_HOSTread)
                  11806e00    000000e0                 : divi.obj (.text:__divi)
                  11806ee0    000000e0                 : atoi.obj (.text:_atoi)
                  11806fc0    000000e0                 : lowlev.obj (.text:_close)
                  118070a0    000000e0                 : memset.obj (.text:_memset)
                  11807180    000000e0                 : printf.obj (.text:_printf)
                  11807260    000000c0                 : trgdrv.obj (.text:_HOSTunlink)
                  11807320    000000c0                 : trgdrv.obj (.text:_HOSTwrite)
                  118073e0    000000c0                 : _printfi.obj (.text:__div)
                  118074a0    000000c0                 : divu.obj (.text:__divu)
                  11807560    000000c0                 : fflush.obj (.text:__doflush)
                  11807620    000000c0                 : remi.obj (.text:__remi)
                  118076e0    000000c0                 : atexit.obj (.text:_atexit)
                  118077a0    000000c0                 : ltoa.obj (.text:_ltoa)
                  11807860    000000c0     bios.a674 : tsk_stup.o674 (.text)
                  11807920    000000a0     rts6740.lib : trgdrv.obj (.text:_HOSTclose)
                  118079c0    000000a0                 : fopen.obj (.text:__cleanup)
                  11807a60    000000a0                 : imath40.obj (.text:__divli)
                  11807b00    000000a0                 : _printfi.obj (.text:__ecpy)
                  11807ba0    000000a0                 : _printfi.obj (.text:__fcpy)
                  11807c40    000000a0                 : fixdli.obj (.text:__fixdli)
                  11807ce0    000000a0                 : round.obj (.text:__nround)
                  11807d80    000000a0                 : _printfi.obj (.text:__pconv_f)
                  11807e20    000000a0                 : lowlev.obj (.text:_finddevice)
                  11807ec0    000000a0                 : lowlev.obj (.text:_lseek)
                  11807f60    000000a0                 : memcpy64.obj (.text:_memcpy)
                  11808000    000000a0                 : modf.obj (.text:_modf)
                  118080a0    000000a0                 : lowlev.obj (.text:_write)
                  11808140    00000080                 : fltlid.obj (.text:__fltlid)
                  118081c0    00000080                 : llshift.obj (.text:__llshl)
                  11808240    00000080                 : trgmsg.obj (.text:_readmsg)
                  118082c0    00000080                 : lowlev.obj (.text:_unlink)
                  11808340    00000060                 : imath64.obj (.text:__subcull)
                  118083a0    00000060                 : memccpy.obj (.text:_memccpy)
                  11808400    00000060                 : trgmsg.obj (.text:_writemsg)
                  11808460    00000040                 : sinit.obj (.text:___add_dtor)
                  118084a0    00000040                 : isinf.obj (.text:___isinf)
                  118084e0    00000040                 : _printfi.obj (.text:___isnan)
                  11808520    00000040                 : frcmpyd_div.obj (.text:__frcmpyd_div)
                  11808560    00000040                 : llshift.obj (.text:__llshru)
                  118085a0    00000040                 : imath40.obj (.text:__remli)
                  118085e0    00000020                 : negll.obj (.text:__negll)
                  11808600    00000020                 : _lock.obj (.text:__nop)
                  11808620    00000020                 : printf.obj (.text:__outc)
                  11808640    00000020                 : printf.obj (.text:__outs)
                  11808660    00000020                 : _lock.obj (.text:__register_lock)
                  11808680    00000020                 : _lock.obj (.text:__register_unlock)
                  118086a0    00000020                 : remove.obj (.text:_remove)

.far       0    118086c0    00006a88     UNINITIALIZED
                  118086c0    00006244     hello.obj (.far)
                  1180e904    00000004     bios6748.a674 : clk_data.o674 (.far)
                  1180e908    00000324     rts6740.lib : defs.obj (.far)
                  1180ec2c    00000004                 : fopen.obj (.far)
                  1180ec30    00000188                 : atexit.obj (.far)
                  1180edb8    0000011c                 : lowlev.obj (.far)
                  1180eed4    00000004                 : sinit.obj (.far)
                  1180eed8    000000d8     bios.a674 : knl.o674 (.far)
                  1180efb0    0000005c               : tsk.o674 (.far)
                  1180f00c    00000004     --HOLE--
                  1180f010    00000054               : obj_init.o674 (.far)
                  1180f064    00000050               : tsk_stup.o674 (.far)
                  1180f0b4    00000004     --HOLE--
                  1180f0b8    00000020               : sys.o674 (.far)
                  1180f0d8    00000018     rtdx64xplus.lib : rtdx_mon.o64P (.far)
                  1180f0f0    00000010     bios.a674 : exc.o674 (.far)
                  1180f100    00000010               : knl_tick.o674 (.far)
                  1180f110    0000000c               : utl_putc.o674 (.far)
                  1180f11c    00000004     --HOLE--
                  1180f120    0000000c     block_sine.obj (.far)
                  1180f12c    0000000c     rts6740.lib : exit.obj (.far)
                  1180f138    00000008                 : _lock.obj (.far)
                  1180f140    00000008                 : trgdrv.obj (.far)

.hst1      0    1180f148    00000010     UNINITIALIZED
                  1180f148    00000010     hellocfg.obj (.hst1)

.clk       0    1180f158    00000008     UNINITIALIZED
                  1180f158    00000008     hellocfg.obj (.clk)

.bios      0    1180f160    000042e0     
                  1180f160    000005c0     lnkrtdx.a674 : rtdx.o674 (.bios)
                  1180f720    00000580     bios.a674 : exc.o674 (.bios)
                  1180fca0    000004e0               : hwi_disp_asm.o674 (.bios)
                  11810180    000004c0               : swi.o674 (.bios)
                  11810640    00000380               : prd.o674 (.bios)
                  118109c0    00000280               : malloc.o674 (.bios)
                  11810c40    00000280               : rta.o674 (.bios)
                  11810ec0    00000240               : knl_run.o674 (.bios)
                  11811100    00000200               : mem_allo.o674 (.bios:.near)
                  11811300    00000200               : knl_tick.o674 (.bios)
                  11811500    000001e0               : mem_free.o674 (.bios:.near)
                  118116e0    000001e0               : exc_asm.o674 (.bios)
                  118118c0    000001e0               : pip.o674 (.bios)
                  11811aa0    000001e0               : sem_pend.o674 (.bios)
                  11811c80    000001a0               : sem_dopo.o674 (.bios)
                  11811e20    000001a0               : tsk_setu.o674 (.bios)
                  11811fc0    000001a0     bios6748.a674 : clk.o674 (.bios)
                  11812160    00000180     bios.a674 : knl_swit.o674 (.bios)
                  118122e0    00000140               : autoinit.o674 (.bios)
                  11812420    00000140               : tsk_exit.o674 (.bios)
                  11812560    00000140     bios6748.a674 : bcache_init.o674 (.bios)
                  118126a0    00000120     bios.a674 : gbl_cacheinit64P.o674 (.bios)
                  118127c0    00000120               : knl_chec.o674 (.bios)
                  118128e0    00000120               : tsk_stup.o674 (.bios)
                  11812a00    000000e0               : sem_post_asm.o674 (.bios)
                  11812ae0    000000c0               : knl_exit.o674 (.bios)
                  11812ba0    000000a0               : sem_post.o674 (.bios)
                  11812c40    000000a0               : sys_exit.o674 (.bios)
                  11812ce0    00000080               : knl_ipos.o674 (.bios)
                  11812d60    00000080               : knl_post.o674 (.bios)
                  11812de0    00000080               : lck.o674 (.bios)
                  11812e60    00000080               : log.o674 (.bios)
                  11812ee0    00000080     bios6748.a674 : idl_cal.o674 (.bios)
                  11812f60    00000060     bios.a674 : sys_erro.o674 (.bios:.near)
                  11812fc0    00000060               : fxn.o674 (.bios)
                  11813020    00000060               : hwi_c.o674 (.bios)
                  11813080    00000060               : idl_busy.o674 (.bios)
                  118130e0    00000060               : sem_pend_counting.o674 (.bios)
                  11813140    00000060               : sts.o674 (.bios)
                  118131a0    00000060               : sys_abor.o674 (.bios)
                  11813200    00000060     bios6748.a674 : clk_meas.o674 (.bios)
                  11813260    00000040     bios.a674 : idl_stub.o674 (.bios)
                  118132a0    00000040               : rta_andn.o674 (.bios)
                  118132e0    00000040               : utl_doab.o674 (.bios)
                  11813320    00000040               : utl_putc.o674 (.bios)
                  11813360    00000020               : fxn_c.o674 (.bios)
                  11813380    00000020               : gbl_vers.o674 (.bios)
                  118133a0    00000020               : idl.o674 (.bios)
                  118133c0    00000020               : sts_set.o674 (.bios)
                  118133e0    00000020               : utl_doer.o674 (.bios)
                  11813400    00000020               : utl_halt.o674 (.bios)
                  11813420    00000020     bios6748.a674 : clk_gethtime.o674 (.bios)

.cinit     0    11813440    0000330c     
                  11813440    0000226c     hello.obj (.cinit)
                  118156ac    00000004     --HOLE-- [fill = 0]
                  118156b0    000006c4     hellocfg.obj (.cinit)
                  11815d74    00000004     --HOLE-- [fill = 0]
                  11815d78    0000026c     bios.a674 : biosdata.o674 (.cinit)
                  11815fe4    00000004     --HOLE-- [fill = 0]
                  11815fe8    000001a4               : knl.o674 (.cinit)
                  1181618c    00000004     --HOLE-- [fill = 0]
                  11816190    000000b0               : swi.o674 (.cinit)
                  11816240    00000080               : tsk.o674 (.cinit)
                  118162c0    00000068     rtdx64xplus.lib : rtdx_mon.o64P (.cinit)
                  11816328    00000060     bios.a674 : tsk_stup.o674 (.cinit)
                  11816388    0000005c     lnkrtdx.a674 : rtdx.o674 (.cinit)
                  118163e4    00000004     --HOLE-- [fill = 0]
                  118163e8    0000005c     rts6740.lib : defs.obj (.cinit)
                  11816444    00000004     --HOLE-- [fill = 0]
                  11816448    0000005c                 : lowlev.obj (.cinit)
                  118164a4    00000004     --HOLE-- [fill = 0]
                  118164a8    0000004c     bios.a674 : rta.o674 (.cinit)
                  118164f4    00000004     --HOLE-- [fill = 0]
                  118164f8    0000004c     rtdx64xplus.lib : buffer1.o64P (.cinit)
                  11816544    00000004     --HOLE-- [fill = 0]
                  11816548    0000003c     bios.a674 : exc.o674 (.cinit)
                  11816584    00000004     --HOLE-- [fill = 0]
                  11816588    00000034               : hwi.o674 (.cinit)
                  118165bc    00000004     --HOLE-- [fill = 0]
                  118165c0    0000002c               : utl_putc.o674 (.cinit)
                  118165ec    00000004     --HOLE-- [fill = 0]
                  118165f0    0000002c     rts6740.lib : exit.obj (.cinit)
                  1181661c    00000004     --HOLE-- [fill = 0]
                  11816620    00000024     bios.a674 : obj_init.o674 (.cinit)
                  11816644    00000004     --HOLE-- [fill = 0]
                  11816648    00000024     block_sine.obj (.cinit)
                  1181666c    00000004     --HOLE-- [fill = 0]
                  11816670    0000001c     bios.a674 : exc_asm.o674 (.cinit)
                  1181668c    00000004     --HOLE-- [fill = 0]
                  11816690    0000001c               : sys.o674 (.cinit)
                  118166ac    00000004     --HOLE-- [fill = 0]
                  118166b0    0000001c     rts6740.lib : _lock.obj (.cinit)
                  118166cc    00000004     --HOLE-- [fill = 0]
                  118166d0    0000001c                 : atexit.obj (.cinit)
                  118166ec    00000004     --HOLE-- [fill = 0]
                  118166f0    00000018     bios.a674 : knl_tick.o674 (.cinit)
                  11816708    0000000c               : idl_busy.o674 (.cinit)
                  11816714    00000004     --HOLE-- [fill = 0]
                  11816718    0000000c               : knl_swit.o674 (.cinit)
                  11816724    00000004     --HOLE-- [fill = 0]
                  11816728    0000000c     rts6740.lib : fopen.obj (.cinit)
                  11816734    00000004     --HOLE-- [fill = 0]
                  11816738    0000000c                 : sinit.obj (.cinit)
                  11816744    00000004     --HOLE-- [fill = 0]
                  11816748    00000004     (.pad.cinit) [fill = 0]

.IRAM$heap 
*          0    1181674c    00002000     UNINITIALIZED
                  1181674c    00002000     --HOLE--

.tsk       0    1181874c    00000060     UNINITIALIZED
                  1181874c    00000060     hellocfg.obj (.tsk)

.sts       0    118187ac    00000050     
                  118187ac    00000050     hellocfg.obj (.sts)

.args      0    118187fc    00000004     
                  118187fc    00000004     --HOLE-- [fill = 0]

.LOG_system$buf 
*          0    11818800    00000800     UNINITIALIZED
                  11818800    00000800     hellocfg.obj (.LOG_system$buf)

.trace$buf 
*          0    11819000    00001000     UNINITIALIZED
                  11819000    00001000     hellocfg.obj (.trace$buf)

.rtdx_text 
*          0    1181a000    00000fc0     
                  1181a000    000002a0     rtdx64xplus.lib : rtdx_mon.o64P (.rtdx_text:_HSRTDX_rec)
                  1181a2a0    00000260                     : buffer1.o64P (.rtdx_text:_RTDX_Buffer_WriteCB)
                  1181a500    00000260                     : buffer1.o64P (.rtdx_text:_RTDX_write_next)
                  1181a760    000001a0                     : rtdx_mon.o64P (.rtdx_text:_HSRTDX_xmt)
                  1181a900    00000160                     : rtdx_mon.o64P (.rtdx_text:_RTDX_Send_To_Host)
                  1181aa60    000000e0                     : rtdx_mon.o64P (.rtdx_text:_RTDX_Mon_Queue)
                  1181ab40    000000e0                     : buffer1.o64P (.rtdx_text:_claim)
                  1181ac20    000000a0                     : rtdx_mon.o64P (.rtdx_text:_RTDX_GetH2THeader)
                  1181acc0    000000a0                     : rtdx_mon.o64P (.rtdx_text:_RTDX_Poll)
                  1181ad60    00000080                     : rtdx_mon.o64P (.rtdx_text:_RTDX_Final_RT_Monitor)
                  1181ade0    00000060                     : buffer1.o64P (.rtdx_text:_RTDX_Buffer_Initialize)
                  1181ae40    00000060                     : rtdx_mon.o64P (.rtdx_text:_RTDX_Init_RT_Monitor)
                  1181aea0    00000040                     : buffer2.o64P (.rtdx_text:_RTDX_Buffer_ReadCB)
                  1181aee0    00000040                     : buffer1.o64P (.rtdx_text:_RTDX_Buffer_Size)
                  1181af20    00000040                     : memfill.o64P (.rtdx_text:_RTDX_memfill)
                  1181af60    00000020                     : buffer2.o64P (.rtdx_text:_RTDX_Buffer_Read)
                  1181af80    00000020                     : buffer1.o64P (.rtdx_text:_RTDX_Buffer_Write)
                  1181afa0    00000020                     : intr_tgt.o64P (.rtdx_text)

.sysinit   0    1181afc0    00000560     
                  1181afc0    00000380     hellocfg.obj (.sysinit)
                  1181b340    000000c0     bios.a674 : boot.o674 (.sysinit)
                  1181b400    000000c0               : mem_init.o674 (.sysinit)
                  1181b4c0    00000060               : tsk_init.o674 (.sysinit)

.prd       0    1181b520    00000020     UNINITIALIZED
                  1181b520    00000020     hellocfg.obj (.prd)

.rtdx_data 
*          0    1181b540    000004f4     UNINITIALIZED
                  1181b540    00000080     --HOLE--
                  1181b5c0    00000410     hellocfg.obj (.rtdx_data)
                  1181b9d0    00000044     rtdx64xplus.lib : rtdx_mon.o64P (.rtdx_data)
                  1181ba14    00000020                     : buffer1.o64P (.rtdx_data)

.mem       0    1181ba34    00000004     UNINITIALIZED
                  1181ba34    00000004     hellocfg.obj (.mem)

.const     0    1181ba38    00000419     
                  1181ba38    00000193     bios.a674 : exc.o674 (.const:.string)
                  1181bbcb    00000004               : mem_allo.o674 (.const:.string)
                  1181bbcf    00000001     --HOLE-- [fill = 0]
                  1181bbd0    00000101     rts6740.lib : ctype.obj (.const:.string:__ctypes_)
                  1181bcd1    00000004     bios.a674 : mem_free.o674 (.const:.string)
                  1181bcd5    00000002     rts6740.lib : fputs.obj (.const:.string)
                  1181bcd7    00000001     --HOLE-- [fill = 0]
                  1181bcd8    00000080     evmc6748_bsl.lib : evmc6748.obj (.const:_bitval_u32)
                  1181bd58    0000004e     bios.a674 : tsk_stup.o674 (.const:.string)
                  1181bda6    00000002     --HOLE-- [fill = 0]
                  1181bda8    00000040     evmc6748_bsl.lib : evmc6748.obj (.const:.string)
                  1181bde8    00000023     bios.a674 : utl_doab.o674 (.const:.string)
                  1181be0b    00000023     rts6740.lib : _printfi.obj (.const:.string)
                  1181be2e    00000022     bios.a674 : utl_doer.o674 (.const:.string)
                  1181be50    00000001               : tsk.o674 (.const:.string)

.printf    0    1181be51    00000076     COPY SECTION
                  1181be51    00000076     hellocfg.obj (.printf)

.TSK_idle$stk 
*          0    1181be58    00000400     UNINITIALIZED
                  1181be58    00000400     hellocfg.obj (.TSK_idle$stk)

.stack     0    1181c258    00000400     UNINITIALIZED
                  1181c258    00000400     --HOLE--

.bss       0    1181c658    00000394     UNINITIALIZED
                  1181c658    00000100     bios.a674 : hwi_disp_asm.o674 (.bss)
                  1181c758    000000cc               : biosdata.o674 (.bss)
                  1181c824    0000009c               : swi.o674 (.bss)
                  1181c8c0    00000048               : knl.o674 (.bss)
                  1181c908    00000028     hellocfg.obj (.bss)
                  1181c930    00000020     bios.a674 : exc_asm.o674 (.bss)
                  1181c950    00000018               : hwi.o674 (.bss)
                  1181c968    00000018     lnkrtdx.a674 : rtdx.o674 (.bss)
                  1181c980    00000010     bios.a674 : exc.o674 (.bss)
                  1181c990    00000010     rtdx64xplus.lib : buffer1.o64P (.bss)
                  1181c9a0    00000010                     : rtdx_mon.o64P (.bss)
                  1181c9b0    0000000c     bios.a674 : tsk.o674 (.bss)
                  1181c9bc    0000000c     hello.obj (.bss)
                  1181c9c8    00000008     bios.a674 : clk_data.o674 (.bss)
                  1181c9d0    00000008               : sys.o674 (.bss)
                  1181c9d8    00000004               : clk_data2.o674 (.bss)
                  1181c9dc    00000004               : idl_busy.o674 (.bss)
                  1181c9e0    00000004               : mem_asm.o674 (.bss)
                  1181c9e4    00000004     block_sine.obj (.bss)
                  1181c9e8    00000004     evmc6748_bsl.lib : evmc6748_i2c.obj (.bss)

.trace     0    1181c9ec    00000200     
                  1181c9ec    00000200     --HOLE-- [fill = 00000000]

.idl       0    1181cbec    00000010     UNINITIALIZED
                  1181cbec    00000010     hellocfg.obj (.idl)

.hwi_vec   0    1181cc00    00000200     
                  1181cc00    00000200     hellocfg.obj (.hwi_vec)

.cio       0    1181ce00    00000120     UNINITIALIZED
                  1181ce00    00000120     rts6740.lib : trgmsg.obj (.cio)

.hst0      0    1181cf20    00000100     UNINITIALIZED
                  1181cf20    00000100     hellocfg.obj (.hst0)

.pip       0    1181d020    000000c8     UNINITIALIZED
                  1181d020    000000c8     hellocfg.obj (.pip)

.swi       0    1181d0e8    00000058     UNINITIALIZED
                  1181d0e8    00000058     hellocfg.obj (.swi)

.gblinit   0    1181d140    0000004c     
                  1181d140    0000004c     hellocfg.obj (.gblinit)

.switch    0    1181d18c    00000044     
                  1181d18c    00000024     evmc6748_bsl.lib : evmc6748_gpio.obj (.switch:_getRegisterBankAndBit)
                  1181d1b0    00000020                      : evmc6748_dip.obj (.switch:_convertDipToI2CGpio)

.hst       0    1181d1d0    0000003c     UNINITIALIZED
                  1181d1d0    0000003c     hellocfg.obj (.hst)

.log       0    1181d20c    00000030     
                  1181d20c    00000030     hellocfg.obj (.log)

.idlcal    0    1181d23c    00000010     UNINITIALIZED
                  1181d23c    00000010     hellocfg.obj (.idlcal)

.sys       0    1181d24c    00000010     UNINITIALIZED
                  1181d24c    00000010     hellocfg.obj (.sys)

.pinit     0    1181d25c    0000000c     
                  1181d25c    00000004     rtdx64xplus.lib : buffer1.o64P (.pinit)
                  1181d260    00000004                     : rtdx_mon.o64P (.pinit)
                  1181d264    00000004     --HOLE-- [fill = 0]

.trcdata   0    1181d268    0000000c     
                  1181d268    0000000c     bios.a674 : trc.o674 (.trcdata)


GLOBAL SYMBOLS: SORTED ALPHABETICALLY BY Name 

address    name
--------   ----
1181c658   $bss
1181c658   .bss
11800000   .data
11800000   .text
1181b184   BIOS$$CLKOFF
1181b144   BIOS$$CLKON
1181afc0   BIOS_init
1181b1f0   BIOS_start
00000000   BUF$
00000001   BUF_ENABLED
11808458   C$$IO$$
ffffffff   CACHE_L1D
ffffffff   CACHE_L1P
00000001   CLK$
1180f158   CLK_A_TABBEG
00000001   CLK_CALDIV
00000001   CLK_CALMULT
000493e0   CLK_COUNTSPMS
00000004   CLK_COUNTSPMSHIGH
1181c780   CLK_D_idletime
1181c77c   CLK_D_isrhook
1181c778   CLK_D_tabbeg
1181c774   CLK_D_timefxn
00000001   CLK_ENABLEHTIME
11813420   CLK_F_gethtime
11811fc0   CLK_F_getltime
11811fd0   CLK_F_isr
11812110   CLK_F_itime
1180fca0   CLK_HOOKFXN
00000001   CLK_HTIMEDIV
00000001   CLK_HTIMEMULT
000493e0   CLK_HTIMEPERLTIME
00005dc0   CLK_INPUTCLK
00004000   CLK_INTBIT
00000001   CLK_LTIMEDIV
000493e0   CLK_LTIMEMULT
000003e8   CLK_MICROSECS
00000001   CLK_POWERENABLE
00005dc0   CLK_PRD
00000000   CLK_PRDHIGH
01c20000   CLK_REGS
00000001   CLK_RESETTIMER
1181c770   CLK_R_time
00000020   CLK_TCR
00000000   CLK_TDDR
00000000   CLK_TDDRHIGH
11813420   CLK_TIMEFXN
00000000   CLK_TIMERNUM
00000005   CLK_TIMMODE
00000001   CLK_USETIMER
1180f15c   CLK_null
ffffffff   DDR
00000000   DEV$
00000000   DGN$
00000000   DHL$
00000000   DHL_gChannelsAvailable
00000000   DIO$
00000000   DIO_NUMSWIBASE
00000000   DIO_NUMTSKBASE
00000000   DIO_STATIC
00000000   DPI$
00000000   ECM$
00000000   ECM_ENABLE
ffffffff   ECM_EVTMASK0
ffffffff   ECM_EVTMASK1
ffffffff   ECM_EVTMASK2
ffffffff   ECM_EVTMASK3
0000000a   EVENT10
00000064   EVENT100
00000065   EVENT101
00000066   EVENT102
00000067   EVENT103
00000068   EVENT104
00000069   EVENT105
0000006a   EVENT106
0000006b   EVENT107
0000006c   EVENT108
0000006d   EVENT109
0000000b   EVENT11
0000006e   EVENT110
0000006f   EVENT111
00000070   EVENT112
00000071   EVENT113
00000072   EVENT114
00000073   EVENT115
00000074   EVENT116
00000075   EVENT117
00000076   EVENT118
00000077   EVENT119
0000000c   EVENT12
00000078   EVENT120
00000079   EVENT121
0000007a   EVENT122
0000007b   EVENT123
0000007c   EVENT124
0000007d   EVENT125
0000007e   EVENT126
0000007f   EVENT127
0000000d   EVENT13
0000000e   EVENT14
0000000f   EVENT15
00000010   EVENT16
00000011   EVENT17
00000012   EVENT18
00000013   EVENT19
00000014   EVENT20
00000015   EVENT21
00000016   EVENT22
00000017   EVENT23
00000018   EVENT24
00000019   EVENT25
0000001a   EVENT26
0000001b   EVENT27
0000001c   EVENT28
0000001d   EVENT29
0000001e   EVENT30
0000001f   EVENT31
00000020   EVENT32
00000021   EVENT33
00000022   EVENT34
00000023   EVENT35
00000024   EVENT36
00000025   EVENT37
00000026   EVENT38
00000027   EVENT39
00000004   EVENT4
00000028   EVENT40
00000029   EVENT41
0000002a   EVENT42
0000002b   EVENT43
0000002c   EVENT44
0000002d   EVENT45
0000002e   EVENT46
0000002f   EVENT47
00000030   EVENT48
00000031   EVENT49
00000005   EVENT5
00000032   EVENT50
00000033   EVENT51
00000034   EVENT52
00000035   EVENT53
00000036   EVENT54
00000037   EVENT55
00000038   EVENT56
00000039   EVENT57
0000003a   EVENT58
0000003b   EVENT59
00000006   EVENT6
0000003c   EVENT60
0000003d   EVENT61
0000003e   EVENT62
0000003f   EVENT63
00000040   EVENT64
00000041   EVENT65
00000042   EVENT66
00000043   EVENT67
00000044   EVENT68
00000045   EVENT69
00000007   EVENT7
00000046   EVENT70
00000047   EVENT71
00000048   EVENT72
00000049   EVENT73
0000004a   EVENT74
0000004b   EVENT75
0000004c   EVENT76
0000004d   EVENT77
0000004e   EVENT78
0000004f   EVENT79
00000008   EVENT8
00000050   EVENT80
00000051   EVENT81
00000052   EVENT82
00000053   EVENT83
00000054   EVENT84
00000055   EVENT85
00000056   EVENT86
00000057   EVENT87
00000058   EVENT88
00000059   EVENT89
00000009   EVENT9
0000005a   EVENT90
0000005b   EVENT91
0000005c   EVENT92
0000005d   EVENT93
0000005e   EVENT94
0000005f   EVENT95
00000060   EVENT96
00000061   EVENT97
00000062   EVENT98
00000063   EVENT99
11812fc0   FXN_F_nop
11812fc4   FXN_F_run
11813000   FXN_F_zero
00000001   GBL$
00005205   GBL_A_VERSION
00000000   GBL_BCACHEREADADDR0
00000000   GBL_BCACHEREADADDR1
00000000   GBL_BCACHEREADADDR2
00000000   GBL_BIGENDIAN
00000000   GBL_CACHE
00000000   GBL_CALLCSLCFGINIT
00004e20   GBL_CLKIN
00001a5b   GBL_CLKTYPE
00001a5c   GBL_DSPSUBTYPE
0000003e   GBL_DSPTYPE
00000001   GBL_ENABLEINST
00000000   GBL_ENABLE_SK
00000042   GBL_FOOTPRINT
000493e0   GBL_FREQ
00000000   GBL_GEMTRUECOMPEN
00000007   GBL_L1DMODE
00000007   GBL_L1PMODE
00000001   GBL_L2CONFIGURE
00000000   GBL_L2MAR0_31
00000001   GBL_L2MAR128_159
00000000   GBL_L2MAR160_191
ffffffff   GBL_L2MAR192_223
00000000   GBL_L2MAR224_255
00000000   GBL_L2MAR32_63
00000000   GBL_L2MAR64_95
00000000   GBL_L2MAR96_127
00000000   GBL_L2MODE
00000000   GBL_NULL
00000000   GBL_PROCID
00000000   GBL_ROM
00000000   GBL_SUPPORTCSL
0000dbef   GBL_TRCMASKVALUE
00000000   GBL_USERINIT
11813360   GBL_USERINITFXN
00000001   GBL_boot
1181d270   GBL_initdone
1181c258   GBL_stackbeg
1181c657   GBL_stackend
00000000   GIO$
11813360   GIO_CREATEFXN
11813360   GIO_DELETEFXN
11813360   GIO_PENDFXN
11813360   GIO_POSTFXN
00000000   HOOK$
00000000   HOOK_KNLID
00000001   HST$
1181d1d0   HST_A_TABBEG
1181d20c   HST_A_TABEND
00000000   HST_DSM
1181c914   HST_DSMBUFSEG
00000400   HST_DSMMEMSIZE
1181c7ec   HST_D_chanmask
1181c7f0   HST_D_tabbeg
1181c7f4   HST_D_tabend
000000ff   HST_MAXFRAMEALLOWED
00000040   HST_MAXFRAMESET
00000000   HST_NONE
00000001   HST_RTDX
00000001   HWI$
1181cc00   HWI_A_VECS
00005828   HWI_CFGDISPATCHED
1181c960   HWI_D_bss
1181c964   HWI_D_ccmask
1181c950   HWI_D_spsave
00000001   HWI_ENABLE_EXC
1180fca0   HWI_F_dispatch
00000000   HWI_GENERATE_RESET_VEC
0000000a   HWI_INT10
00000000   HWI_INT10$hwi
0000000b   HWI_INT11
00000000   HWI_INT11$hwi
0000000c   HWI_INT12
00000000   HWI_INT12$hwi
0000000d   HWI_INT13
00000000   HWI_INT13$hwi
0000000e   HWI_INT14
00000000   HWI_INT14$hwi
0000000f   HWI_INT15
00000000   HWI_INT15$hwi
00000004   HWI_INT4
00000000   HWI_INT4$hwi
00000005   HWI_INT5
00000000   HWI_INT5$hwi
00000006   HWI_INT6
00000000   HWI_INT6$hwi
00000007   HWI_INT7
00000000   HWI_INT7$hwi
00000008   HWI_INT8
00000000   HWI_INT8$hwi
00000009   HWI_INT9
00000000   HWI_INT9$hwi
07063d04   HWI_INTRMUX1
0b0a0908   HWI_INTRMUX2
28040d0c   HWI_INTRMUX3
00000001   HWI_NMI
00000000   HWI_NMI$hwi
00000000   HWI_POLARITYMASK
00000002   HWI_RESERVED0
00000000   HWI_RESERVED0$hwi
00000003   HWI_RESERVED1
00000000   HWI_RESERVED1$hwi
00000000   HWI_RESET
00000000   HWI_RESET$hwi
00000000   HWI_ZEROTAB
00000001   IDL$
1181d23c   IDL_A_CALBEG
1181cbec   IDL_A_TABBEG
00000006   IDL_CALIBRERROR
11813260   IDL_CALIBRFXN
1181c9dc   IDL_D_busyObj
1181c760   IDL_D_calbeg
1181c75c   IDL_D_calibrate
1181c758   IDL_D_tabbeg
1181cbf8   IDL_END
1181d248   IDL_END$
11813080   IDL_F_busy
11812ee0   IDL_F_calibrate
118133a0   IDL_F_loop
11813260   IDL_F_stub
00000001   IDL_USECLKIDLTIME
118187f0   IDL_busyObj
1181bec2   IDL_busyObj$avgfmt
00000001   IDL_busyObj$filter
00000001   IDL_busyObj$iA
00000000   IDL_busyObj$iB
00000001   IDL_busyObj$iC
1181bebc   IDL_busyObj$maxfmt
00000000   IDL_busyObj$operation
118187ec   IDL_busyObj$stsobj
1181bebf   IDL_busyObj$sumfmt
00000002   IDL_busyObj$unittype
1181cbec   IDL_cpuLoad
1181d23c   IDL_cpuLoad$
1181c914   IRAM
1181674c   IRAM$B
00002000   IRAM$L
00000001   ISRC$
118122b8   KNL_glue
1181d114   KNL_swi
00000001   KNL_swi$dorta
00000002   KNL_swi$ord
00000000   KNL_swi$pri
118187d0   KNL_swi$sts
1181be98   KNL_swi$sts$avgfmt
00000002   KNL_swi$sts$filter
00000001   KNL_swi$sts$filtmaxmult
00000001   KNL_swi$sts$filtsummult
1181be88   KNL_swi$sts$maxfmt
118187cc   KNL_swi$sts$stsobj
1181be90   KNL_swi$sts$sumfmt
00000000   KNL_swi$sts$unittype
00000000   KNL_swi$swi
ffffffff   L3_CBA_RAM
00000001   LCK$
1180f160   LNK_F_checkBufferCall
1180f1e0   LNK_F_dataPump
1180f180   LNK_F_getChanPtr
1180f1d8   LNK_F_init
1180f6e8   LNK_F_readCallBack
1181cbf0   LNK_dataPump
1181d240   LNK_dataPump$
1181c96c   LNK_dspFrameReadyMask
1181c968   LNK_dspFrameRequestMask
1180f460   LNK_newin
1180f594   LNK_newout
1180f1f0   LNK_rcloop
1180f2b4   LNK_rdrtry
1181c974   LNK_readDone
1181c978   LNK_readFail
1181c970   LNK_readPend
1180f2c4   LNK_rrloop
1181c97c   LNK_writeFail
1180f390   LNK_wrloop
1180f384   LNK_wrrtry
00000001   LOG$
1181d20c   LOG_A_TABBEG
1181d23c   LOG_A_TABEND
00000002   LOG_A_TABLEN
1181c764   LOG_D_system
00000001   LOG_ENABLED
11812e60   LOG_F_event
1181d20c   LOG_system
11818800   LOG_system$buf
00000000   LOG_system$datatype
00000000   LOG_system$log
00000200   LOG_system$size
00000000   MBX$
00000001   MEM$
1181c914   MEM_MALLOCSEG
00000000   MEM_NULL
1181c914   MEM_SEGZERO
00000000   MEM_USEMPC
00000001   MEM_gNumHeap
00000000   MSGQ$
00000000   MSGQ_USEMSGQ
00000000   OBJ$
00000000   PIP$
1181d020   PIP_A_TABBEG
1181d0e8   PIP_A_TABEND
00000002   PIP_A_TABLEN
1181c768   PIP_D_tabbeg
1181c76c   PIP_D_tablen
11811938   PIP_F_give
11811938   PIP_F_probe
11811a08   PIP_F_start
118118c0   PIP_F_take
00000064   PIP_OBJSIZE
00000000   PIP_gNextId
00000002   PIP_gNumEmbed
00000000   POOL$
00000000   POOL_USEPOOL
00000001   PRD$
1181b520   PRD0
1181b53c   PRD0$aaa
00000000   PRD0$mode
00000001   PRD0$ord
000001f4   PRD0$period
00000000   PRD0$prd
118187b0   PRD0$sts
1181be63   PRD0$sts$avgfmt
00000000   PRD0$sts$filter
1181be51   PRD0$sts$maxfmt
118187ac   PRD0$sts$stsobj
1181be5a   PRD0$sts$sumfmt
00000002   PRD0$sts$unittype
1181b520   PRD_A_TABBEG
1181b540   PRD_A_TABEND
00000001   PRD_A_TABLEN
1181c7a8   PRD_D_cur
1181c7ac   PRD_D_elapsed
1181c7b0   PRD_D_prevtim
1181c7b4   PRD_D_scalar
1181c7b8   PRD_D_swihandle
1181c7bc   PRD_D_tabbeg
1181c7c0   PRD_D_tablen
1181c7c4   PRD_D_thook
1181c7a4   PRD_D_tick
11810640   PRD_F_swi
118108c4   PRD_F_tick
00000001   PRD_SCALAR
1181d0e8   PRD_SWIHANDLE
118114d4   PRD_THOOKFXN
1180f158   PRD_clock
1181d0e8   PRD_swi
00000001   PRD_swi$dorta
00000001   PRD_swi$ord
00000001   PRD_swi$pri
118187c0   PRD_swi$sts
1181be7e   PRD_swi$sts$avgfmt
00000002   PRD_swi$sts$filter
00000001   PRD_swi$sts$filtmaxmult
00000001   PRD_swi$sts$filtsummult
1181be6e   PRD_swi$sts$maxfmt
118187bc   PRD_swi$sts$stsobj
1181be76   PRD_swi$sts$sumfmt
00000000   PRD_swi$sts$unittype
00000000   PRD_swi$swi
00000001   PWRM$
00000030   PWRM_PWRM_CAPSMASK
0000000a   PWRM_PWRM_CLKTICKSPERSLOT
00000000   PWRM_PWRM_ENABLE
00000002   PWRM_PWRM_INITSPCPU
00000000   PWRM_PWRM_INITSPPER
00000000   PWRM_PWRM_LOADENABLE
00000001   PWRM_PWRM_NUMSLOTS
00000000   PWRM_PWRM_RESOURCETRACKING
00000000   PWRM_PWRM_SCALING
11813360   PWRM_PWRM_SHAREDRESOURCEFXN
11813360   PWRM_PWRM_SLOTHOOKFXN
00000000   PWRM_PWRM_TIMERIDNUM
00000000   PWRM_PWRM_TIMERINTRMASK
00000000   PWRM_PWRM_TIMERWUGENMASK
00000000   PWRM_PWRM_USERRESOURCES
00000000   PWRM_PWRM_USETIMER
00000001   QUE$
1181c7c8   RTA_D_fromHost
1181c7d0   RTA_D_logval
1181c7e0   RTA_D_stsval
1181c7cc   RTA_D_toHost
118132a0   RTA_F_andn
11810d20   RTA_F_dispatch
11810c40   RTA_F_getlog
11810c78   RTA_F_getsts
118132b8   RTA_F_or
11810cb8   RTA_F_readblk
11810ce0   RTA_F_resetmem
11810cd4   RTA_F_writeword
1181cbf4   RTA_dispatcher
1181d244   RTA_dispatcher$
11810d6c   RTA_execute
1181d1d4   RTA_fromHost
1180f148   RTA_fromHost$buf
00000004   RTA_fromHost$framesize
00000000   RTA_fromHost$hst
00000001   RTA_fromHost$id
00000000   RTA_fromHost$mode
1181d020   RTA_fromHost$pipe
1181d050   RTA_fromHost$pipe$aaa
1181d080   RTA_fromHost$pipe$bbb
1181c918   RTA_fromHost$pipe$dtab
1181d024   RTA_fromHost$pipe$rd
1181d054   RTA_fromHost$pipe$wr
1181d1dc   RTA_fromHost$rtdx
1181d1f0   RTA_toHost
1181cf20   RTA_toHost$buf
00000040   RTA_toHost$framesize
00000000   RTA_toHost$hst
00000000   RTA_toHost$id
00000001   RTA_toHost$mode
1181d084   RTA_toHost$pipe
1181d0b4   RTA_toHost$pipe$aaa
1181d0e4   RTA_toHost$pipe$bbb
1181c924   RTA_toHost$pipe$dtab
1181d088   RTA_toHost$pipe$rd
1181d0b8   RTA_toHost$pipe$wr
1181d1f8   RTA_toHost$rtdx
00000001   RTDX$
00000408   RTDX_BUFMEMSIZE
1181c914   RTDX_DATAMEMSEG
00000000   RTDX_MODE
00000001   RTDX_NORMALIZED_HDR
00000001   RTDX_USERTDX
00000000   RTDX_USERTEXECUTION
00000000   SEM$
00000000   SIO$
00000001   STS$
118187ac   STS_A_TABBEG
118187fc   STS_A_TABEND
1181316c   STS_F_add
11813140   STS_F_delta
11813188   STS_F_reset
00000001   SWI$
1181d0e8   SWI_A_TABBEG
1181d140   SWI_A_TABEND
00000002   SWI_A_TABLEN
1181c83c   SWI_D_curfxn
1181c82c   SWI_D_curmask
1181c838   SWI_D_curmbox
1181c830   SWI_D_curset
1181c828   SWI_D_execaddr
1181c844   SWI_D_inswi
1181c834   SWI_D_lock
1181c840   SWI_D_rdybeg
1181c848   SWI_D_rdytab
1181c824   SWI_D_runaddr
00000000   SWI_EHOOKFXN
11810364   SWI_EXECFXN
11810180   SWI_F_enable
11810364   SWI_F_exec
1181038c   SWI_F_iexec
118101f0   SWI_F_post
1181040c   SWI_F_run
00000000   SWI_IHOOKFXN
1181040c   SWI_RUNFXN
00000001   SYS$
1181d24c   SYS$config
118132e0   SYS_ABORTFXN
118133e0   SYS_ERRORFXN
11813400   SYS_EXITFXN
11813320   SYS_PUTCFXN
1181d26c   TRC_R_mask
1181d268   TRC_cinit
00000001   TSK$
00000000   TSK_NUM_HOOKS
00000001   TSK_PRIORITY
00000000   TSK_READYFXN
00000000   TSK_STACKSEG
00000400   TSK_STACKSIZE
00000000   TSK_SWITCHFXN
11813360   TSK_VCREATEFXN
11813360   TSK_VDELETEFXN
11813360   TSK_VEXITFXN
11818758   TSK_idle
00000000   TSK_idle$ord
00000000   TSK_idle$pri
1181be58   TSK_idle$stack
1181c1f0   TSK_idle$stkptr
118187e0   TSK_idle$sts
1181beb2   TSK_idle$sts$avgfmt
00000002   TSK_idle$sts$filter
00000001   TSK_idle$sts$filtmaxmult
00000001   TSK_idle$sts$filtsummult
1181bea2   TSK_idle$sts$maxfmt
118187dc   TSK_idle$sts$stsobj
1181beaa   TSK_idle$sts$sumfmt
00000000   TSK_idle$sts$unittype
00000000   TSK_idle$tsk
00000000   UDEV$
11801aec   _AIC3106_Init
11801ba0   _AIC3106_readRegister
11801bf4   _AIC3106_writeRegister
11813360   _BCACHE_bootInit
11812674   _BCACHE_getMar
11812624   _BCACHE_getSize
118125f4   _BCACHE_setCacheToSram
118125a4   _BCACHE_setMar
11812560   _BCACHE_setSize
1181afc0   _BIOS_init
1181b1f0   _BIOS_start
ffffffff   _CACHE_L1D
ffffffff   _CACHE_L1P
000493e0   _CLK_COUNTSPMS
1181c9c8   _CLK_DFLTMICROSECS
1181c7a0   _CLK_D_countspms
1181c794   _CLK_D_dirty
1181c9cc   _CLK_D_microseconds
1181c798   _CLK_D_prd
1181c79c   _CLK_D_tddr
11812110   _CLK_F_itime
00005dc0   _CLK_PRD
01c20000   _CLK_REGS
00000000   _CLK_TDDR
00000000   _CLK_TIMERNUM
00000001   _CLK_USETIMER
11813420   _CLK_gethtime
1181c784   _CLK_htimeDiv
1181c788   _CLK_htimeMult
1181c9d8   _CLK_htimePerLtime
1180e904   _CLK_inputClock
11812110   _CLK_itime
1181c78c   _CLK_ltimeDiv
1181c790   _CLK_ltimeMult
11813200   _CLK_measure
ffffffff   _DDR
11806224   _DIP_get
11806288   _DIP_getAll
11806200   _DIP_init
0000000a   _EVENT10
00000064   _EVENT100
00000065   _EVENT101
00000066   _EVENT102
00000067   _EVENT103
00000068   _EVENT104
00000069   _EVENT105
0000006a   _EVENT106
0000006b   _EVENT107
0000006c   _EVENT108
0000006d   _EVENT109
0000000b   _EVENT11
0000006e   _EVENT110
0000006f   _EVENT111
00000070   _EVENT112
00000071   _EVENT113
00000072   _EVENT114
00000073   _EVENT115
00000074   _EVENT116
00000075   _EVENT117
00000076   _EVENT118
00000077   _EVENT119
0000000c   _EVENT12
00000078   _EVENT120
00000079   _EVENT121
0000007a   _EVENT122
0000007b   _EVENT123
0000007c   _EVENT124
0000007d   _EVENT125
0000007e   _EVENT126
0000007f   _EVENT127
0000000d   _EVENT13
0000000e   _EVENT14
0000000f   _EVENT15
00000010   _EVENT16
00000011   _EVENT17
00000012   _EVENT18
00000013   _EVENT19
00000014   _EVENT20
00000015   _EVENT21
00000016   _EVENT22
00000017   _EVENT23
00000018   _EVENT24
00000019   _EVENT25
0000001a   _EVENT26
0000001b   _EVENT27
0000001c   _EVENT28
0000001d   _EVENT29
0000001e   _EVENT30
0000001f   _EVENT31
00000020   _EVENT32
00000021   _EVENT33
00000022   _EVENT34
00000023   _EVENT35
00000024   _EVENT36
00000025   _EVENT37
00000026   _EVENT38
00000027   _EVENT39
00000004   _EVENT4
00000028   _EVENT40
00000029   _EVENT41
0000002a   _EVENT42
0000002b   _EVENT43
0000002c   _EVENT44
0000002d   _EVENT45
0000002e   _EVENT46
0000002f   _EVENT47
00000030   _EVENT48
00000031   _EVENT49
00000005   _EVENT5
00000032   _EVENT50
00000033   _EVENT51
00000034   _EVENT52
00000035   _EVENT53
00000036   _EVENT54
00000037   _EVENT55
00000038   _EVENT56
00000039   _EVENT57
0000003a   _EVENT58
0000003b   _EVENT59
00000006   _EVENT6
0000003c   _EVENT60
0000003d   _EVENT61
0000003e   _EVENT62
0000003f   _EVENT63
00000040   _EVENT64
00000041   _EVENT65
00000042   _EVENT66
00000043   _EVENT67
00000044   _EVENT68
00000045   _EVENT69
00000007   _EVENT7
00000046   _EVENT70
00000047   _EVENT71
00000048   _EVENT72
00000049   _EVENT73
0000004a   _EVENT74
0000004b   _EVENT75
0000004c   _EVENT76
0000004d   _EVENT77
0000004e   _EVENT78
0000004f   _EVENT79
00000008   _EVENT8
00000050   _EVENT80
00000051   _EVENT81
00000052   _EVENT82
00000053   _EVENT83
00000054   _EVENT84
00000055   _EVENT85
00000056   _EVENT86
00000057   _EVENT87
00000058   _EVENT88
00000059   _EVENT89
00000009   _EVENT9
0000005a   _EVENT90
0000005b   _EVENT91
0000005c   _EVENT92
0000005d   _EVENT93
0000005e   _EVENT94
0000005f   _EVENT95
00000060   _EVENT96
00000061   _EVENT97
00000062   _EVENT98
00000063   _EVENT99
118001e8   _EVMC6748_enableDsp
11800000   _EVMC6748_init
1180002c   _EVMC6748_initRAM
118002b0   _EVMC6748_lpscTransition
11800214   _EVMC6748_pinmuxConfig
1180fc70   _EXC_clearLastStatus
118116e0   _EXC_dispatch
1180fa94   _EXC_exceptionHandler
1181c980   _EXC_exceptionHook
1180fa60   _EXC_external
1181c988   _EXC_externalHook
1180fa40   _EXC_getLastStatus
1180fa00   _EXC_init
1180f754   _EXC_internal
1181c984   _EXC_internalHook
1180f720   _EXC_nmi
1181c98c   _EXC_nmiHook
1181c938   _EXC_returnPtr
118118a4   _EXC_setReturnPtr
1180f0f0   _EXC_status
1181c930   _EXC_sysTrapTable
11813360   _FXN_F_nop
11812fc4   _FXN_F_run
11813000   _FXN_F_zero
00000000   _GBL_CACHE
11812708   _GBL_cacheInit64P
1181c7fc   _GBL_clkIn
1181c800   _GBL_freq
11813380   _GBL_getVersion
1181c7f8   _GBL_procId
11803a58   _GPIO_getInput
118039e0   _GPIO_setDir
11803acc   _GPIO_setOutput
11803b4c   _GPIO_toggleLoop
11807920   _HOSTclose
11806940   _HOSTlseek
11806c40   _HOSTopen
11806d20   _HOSTread
11806080   _HOSTrename
11807260   _HOSTunlink
11807320   _HOSTwrite
1181a000   _HSRTDX_rec
1181a760   _HSRTDX_xmt
1181d1d0   _HST_A_TABBEG
1181d20c   _HST_A_TABEND
00005828   _HWI_CFGDISPATCHED
1181c95c   _HWI_D_inhwi
1181c950   _HWI_D_spsave
1180fca0   _HWI_F_dispatch
0000000a   _HWI_INT10
0000000b   _HWI_INT11
0000000c   _HWI_INT12
0000000d   _HWI_INT13
0000000e   _HWI_INT14
0000000f   _HWI_INT15
00000004   _HWI_INT4
00000005   _HWI_INT5
00000006   _HWI_INT6
00000007   _HWI_INT7
00000008   _HWI_INT8
00000009   _HWI_INT9
00000001   _HWI_NMI
00000002   _HWI_RESERVED0
00000003   _HWI_RESERVED1
00000000   _HWI_RESET
1181c650   _HWI_STKBOTTOM
1181c258   _HWI_STKTOP
1181c950   _HWI_data
11813020   _HWI_disable
1181c658   _HWI_dispatchTab
11813038   _HWI_enable
1181304c   _HWI_restore
11802df4   _I2CGPIO_getInput
11802f10   _I2CGPIO_getInputAll
11802d20   _I2CGPIO_init
11803020   _I2CGPIO_setOutput
11803168   _I2CGPIO_setOutputAll
11803d60   _I2C_init
11803e4c   _I2C_read
11803fa8   _I2C_write
118187f0   _IDL_busyObj
1181cbec   _IDL_cpuLoad
118133a0   _IDL_loop
1181c914   _IRAM
1181674c   _IRAM_base
00002000   _IRAM_length
1181c8c8   _KNL_alarm
118127c0   _KNL_check
1181c8ec   _KNL_curqueue
1181c8dc   _KNL_curtask
1181c8e4   _KNL_curtime
1180ef78   _KNL_dummy
11812b20   _KNL_enter
11812ae0   _KNL_exit
11812888   _KNL_idle
1181c904   _KNL_idlefxn
1181c8d0   _KNL_inactive
11812ce0   _KNL_ipost
118128b0   _KNL_max
1181c8f0   _KNL_maxqueue
11812d60   _KNL_post
1181c8e0   _KNL_prevtask
1181c8d4   _KNL_priority
1180eed8   _KNL_queues
11810ec0   _KNL_run
11812160   _KNL_saveIsrFrame
1181c8d8   _KNL_set
1181c8cc   _KNL_setpri
1181d114   _KNL_swi
1181c8e8   _KNL_swiptr
1181220c   _KNL_switch
1181c8f8   _KNL_tcreatefxn
1181c8fc   _KNL_tdeletefxn
118114d4   _KNL_tick
1181c900   _KNL_treadyfxn
1181c8f4   _KNL_tswitchfxn
1181c8c0   _KNL_wFlag
1181c8c4   _KNL_wList
ffffffff   _L3_CBA_RAM
11812e00   _LCK_pend
11812de0   _LCK_post
11805b40   _LED_init
11805b8c   _LED_isOn
11805c8c   _LED_toggle
11805c44   _LED_turnOff
11805bf4   _LED_turnOn
1181cbf0   _LNK_dataPump
1181c96c   _LNK_dspFrameReadyMask
1181c968   _LNK_dspFrameRequestMask
1181c974   _LNK_readDone
1181c978   _LNK_readFail
1181c970   _LNK_readPend
1181c97c   _LNK_writeFail
1181d20c   _LOG_A_TABBEG
1181d23c   _LOG_A_TABEND
00000002   _LOG_A_TABLEN
1181c764   _LOG_D_system
11812e60   _LOG_event
1181d20c   _LOG_system
1181c9e0   _MEM
1181c804   _MEM_D_NUMSEGMENTS
1181c80c   _MEM_D_freelist
1181c810   _MEM_D_lockaddr
1181c808   _MEM_D_memtab
1181c814   _MEM_D_unlockaddr
11811100   _MEM_alloc
11811500   _MEM_free
1181b400   _MEM_init
1181c908   _MEM_memtab
11801770   _McASP_Init
118018b4   _McASP_Start
1180f048   _OBJ_segtab
1180f010   _OBJ_table
1181d020   _PIP_A_TABBEG
1181d0e8   _PIP_A_TABEND
1181b520   _PRD0
1181c7a4   _PRD_D_tick
1180f158   _PRD_clock
1181d0e8   _PRD_swi
1181cbf4   _RTA_dispatcher
1181d1d4   _RTA_fromHost
1181d1f0   _RTA_toHost
1181b5c0   _RTDX_Buffer
1181b9cc   _RTDX_Buffer_End
1181ade0   _RTDX_Buffer_Initialize
1181af60   _RTDX_Buffer_Read
1181aea0   _RTDX_Buffer_ReadCB
1181aee0   _RTDX_Buffer_Size
1181b9c8   _RTDX_Buffer_Start
1181af80   _RTDX_Buffer_Write
1181a2a0   _RTDX_Buffer_WriteCB
1181ad60   _RTDX_Final_RT_Monitor
1181ae40   _RTDX_Init_RT_Monitor
00000002   _RTDX_JTAGONLY
1181afa0   _RTDX_Mask_IER
1181aa60   _RTDX_Mon_Queue
1181acc0   _RTDX_Poll
00000000   _RTDX_interrupt_mask
1181af20   _RTDX_memfill
1181ba20   _RTDX_writing
1181c914   _SEG0
118130e0   _SEM_pend
11811aa0   _SEM_pendEnterKnl
11812a00   _SEM_post
11812a00   _SEM_postBinary
11812ba0   _SEM_postEnterKnl
118187ac   _STS_A_TABBEG
118187fc   _STS_A_TABEND
1181316c   _STS_add
11813140   _STS_delta
11813188   _STS_reset
118133c0   _STS_set
1181c83c   _SWI_D_curfxn
1181c82c   _SWI_D_curmask
1181c830   _SWI_D_curset
1181c828   _SWI_D_execaddr
1181c844   _SWI_D_inswi
1181c834   _SWI_D_lock
1181c840   _SWI_D_rdybeg
1181c824   _SWI_D_runaddr
1181c824   _SWI_data
118101f0   _SWI_post
1181c818   _SYS
1181c9ec   _SYS_PUTCBEG
1181cbeb   _SYS_PUTCEND
118131a0   _SYS_abort
11812f60   _SYS_error
11812c40   _SYS_exit
1180f0b8   _SYS_exitStack
1181c9d0   _SYS_exitStackPtr
1181c9d4   _SYS_exitStackTop
11801cb0   _SetGpio
1181d26c   _TRC_R_mask
1181c9b8   _TSK
1180efb0   _TSK_ATTRS
1180efcc   _TSK_config
11812420   _TSK_exit
11818758   _TSK_idle
1181b4c0   _TSK_init
1181c9b0   _TSK_nTasks
1181c9b4   _TSK_pid
11811e20   _TSK_setup
11812984   _TSK_startup
1180efec   _TSK_timerSem
11801c38   _USTIMER_delay
11800c00   _UTIL_isUIBoardAttached
11800aa8   _UTIL_printMem
118132e0   _UTL_doAbort
118133e0   _UTL_doError
11813320   _UTL_doPutc
11813400   _UTL_halt
1181ce00   __CIOBUF_
11812130   __CLK_lat1beg
11812150   __CLK_lat1end
1181c820   __HOOK_NUMHOOKS
1181c81c   __HOOK_knlId
1180fca0   __HWI_lat1beg
1180fe28   __HWI_lat1end
1180fe28   __HWI_lat2beg
11810004   __HWI_lat2end1
1180ff90   __HWI_lat2end2
11810020   __HWI_lat3beg
1180ffc0   __HWI_lat3end2
11813080   __IDL_lat1beg
118130c0   __IDL_lat1end
1181280c   __KNL_lat1beg
11812888   __KNL_lat1end
11812e60   __LOG_lat1beg
1180f08c   __MEM_mutex
11810ce0   __RTA_lat1beg
11810d14   __RTA_lat1end
11811c80   __SEM_dopost
1181c658   __STACK_END
00000400   __STACK_SIZE
118102f8   __SWI_lat1beg
118103a4   __SWI_lat1end
118103a8   __SWI_lat2beg
11810408   __SWI_lat2end
11810180   __SWI_lat3beg
118101ec   __SWI_lat3end
1180f064   __TSK_mutex
1180f134   ___TI_enable_exit_profile_output
ffffffff   ___TI_pprof_out_hndl
ffffffff   ___TI_prof_data_size
ffffffff   ___TI_prof_data_start
11808460   ___add_dtor
1180ec30   ___atexit_func_id__
ffffffff   ___binit__
1181c658   ___bss__
ffffffff   ___c_args__
11813440   ___cinit__
11800000   ___data__
11800000   ___edata__
1181c9ec   ___end__
118086c0   ___etext__
118084a0   ___isinf
1181d25c   ___pinit__
11800000   ___text__
118122e0   __auto_init
11806e00   __c6xabi_divi
118074a0   __c6xabi_divu
11807620   __c6xabi_remi
118079c0   __cleanup
1180f12c   __cleanup_ptr
118065e0   __closefile
1181bbd0   __ctypes_
11801ce0   __divd
11806e00   __divi
11807a60   __divli
118074a0   __divu
11805ee0   __divul
11804c00   __divull
11807560   __doflush
1180f130   __dtors_ptr
11807c40   __fixdli
11808140   __fltlid
11808520   __frcmpyd_div
1180ec28   __ft_end
1180e908   __ftable
118081c0   __llshl
11808560   __llshru
1180f138   __lock
118085e0   __negll
11808600   __nop
11807ce0   __nround
11803200   __printfi
11808660   __register_lock
11808680   __register_unlock
11807620   __remi
118085a0   __remli
1181c258   __stack
11808340   __subcull
1180eae8   __tmpnams
1180f13c   __unlock
11806a40   __wrt_ok
1180a7b0   _aHigh
1180a6c0   _aLow
1180a6f0   _aMid
1180a750   _aPres
118076e0   _atexit
11806ee0   _atoi
11800e58   _audioHWI
1180a7c8   _bHigh
1180a6d8   _bLow
1180a720   _bMid
1180a780   _bPres
118086c0   _b_fir
1181bcd8   _bitval_u32
1180a868   _buffer
1181b340   _c_int00
11806b40   _call_dtors
11810bec   _calloc
11806fc0   _close
11800688   _config_pll0
118008c4   _config_pll1
11800d38   _dipPRD
1181c9c3   _dist
1180eed4   _dtors
1181c9c2   _eqBypass
1180c868   _eqSignal
11805520   _fputc
11803640   _fputs
118109c0   _free
11806820   _fseek
1180e8a8   _high
1181c9c1   _highBoost
11801708   _initAll
1180e868   _low
1181c9be   _lowBoost
11807ec0   _lseek
118077a0   _ltoa
11800c20   _main
118109e4   _malloc
1181c9bc   _mask
11810b28   _memalign
118083a0   _memccpy
11807f60   _memcpy
118070a0   _memset
1180e878   _mid
1181c9bf   _midBoost
11808000   _modf
1180e890   _pres
1181c9c0   _presBoost
11807180   _printf
11805520   _putc
118016c0   _read_audio_sample
11808240   _readmsg
11810a44   _realloc
118086a0   _remove
1181c998   _rtdxNullChanCnt
1181c99c   _rtdxNullFuncCnt
1181c9a4   _rtdxRecNotDoneCnt
1181c9ac   _rtdxXmtErrorCnt
1181c9a0   _rtdxXmtNotDoneCnt
1181c9a8   _rtdxXmtRestartCnt
1181ba14   _rtdx_buffer_state
1181b9d0   _rtdx_mon_state
11805940   _setvbuf
1180a7e0   _sine
1181d224   _trace
118082c0   _unlink
1180e8f8   _wHigh
1180e8b8   _wLow
1180e8c8   _wMid
1180e8e0   _wPres
118080a0   _write
1181c9c4   _writeIndex
118016e4   _write_audio_sample
11808400   _writemsg
ffffffff   binit
11813440   cinit
11800000   edata
1181c9ec   end
118086c0   etext
1181cc00   hwi0
1181cc20   hwi1
1181cd40   hwi10
1181cd60   hwi11
1181cd80   hwi12
1181cda0   hwi13
1181cdc0   hwi14
1181cde0   hwi15
1181cc40   hwi2
1181cc60   hwi3
1181cc80   hwi4
1181cca0   hwi5
1181ccc0   hwi6
1181cce0   hwi7
1181cd00   hwi8
1181cd20   hwi9
1181d25c   pinit
1181d224   trace
11819000   trace$buf
00000001   trace$datatype
00000000   trace$log
00000400   trace$size


GLOBAL SYMBOLS: SORTED BY Symbol Address 

address    name
--------   ----
00000000   BUF$
00000000   CLK_PRDHIGH
00000000   CLK_TDDR
00000000   CLK_TDDRHIGH
00000000   CLK_TIMERNUM
00000000   DEV$
00000000   DGN$
00000000   DHL$
00000000   DHL_gChannelsAvailable
00000000   DIO$
00000000   DIO_NUMSWIBASE
00000000   DIO_NUMTSKBASE
00000000   DIO_STATIC
00000000   DPI$
00000000   ECM$
00000000   ECM_ENABLE
00000000   GBL_BCACHEREADADDR0
00000000   GBL_BCACHEREADADDR1
00000000   GBL_BCACHEREADADDR2
00000000   GBL_BIGENDIAN
00000000   GBL_CACHE
00000000   GBL_CALLCSLCFGINIT
00000000   GBL_ENABLE_SK
00000000   GBL_GEMTRUECOMPEN
00000000   GBL_L2MAR0_31
00000000   GBL_L2MAR160_191
00000000   GBL_L2MAR224_255
00000000   GBL_L2MAR32_63
00000000   GBL_L2MAR64_95
00000000   GBL_L2MAR96_127
00000000   GBL_L2MODE
00000000   GBL_NULL
00000000   GBL_PROCID
00000000   GBL_ROM
00000000   GBL_SUPPORTCSL
00000000   GBL_USERINIT
00000000   GIO$
00000000   HOOK$
00000000   HOOK_KNLID
00000000   HST_DSM
00000000   HST_NONE
00000000   HWI_GENERATE_RESET_VEC
00000000   HWI_INT10$hwi
00000000   HWI_INT11$hwi
00000000   HWI_INT12$hwi
00000000   HWI_INT13$hwi
00000000   HWI_INT14$hwi
00000000   HWI_INT15$hwi
00000000   HWI_INT4$hwi
00000000   HWI_INT5$hwi
00000000   HWI_INT6$hwi
00000000   HWI_INT7$hwi
00000000   HWI_INT8$hwi
00000000   HWI_INT9$hwi
00000000   HWI_NMI$hwi
00000000   HWI_POLARITYMASK
00000000   HWI_RESERVED0$hwi
00000000   HWI_RESERVED1$hwi
00000000   HWI_RESET
00000000   HWI_RESET$hwi
00000000   HWI_ZEROTAB
00000000   IDL_busyObj$iB
00000000   IDL_busyObj$operation
00000000   KNL_swi$pri
00000000   KNL_swi$sts$unittype
00000000   KNL_swi$swi
00000000   LOG_system$datatype
00000000   LOG_system$log
00000000   MBX$
00000000   MEM_NULL
00000000   MEM_USEMPC
00000000   MSGQ$
00000000   MSGQ_USEMSGQ
00000000   OBJ$
00000000   PIP$
00000000   PIP_gNextId
00000000   POOL$
00000000   POOL_USEPOOL
00000000   PRD0$mode
00000000   PRD0$prd
00000000   PRD0$sts$filter
00000000   PRD_swi$sts$unittype
00000000   PRD_swi$swi
00000000   PWRM_PWRM_ENABLE
00000000   PWRM_PWRM_INITSPPER
00000000   PWRM_PWRM_LOADENABLE
00000000   PWRM_PWRM_RESOURCETRACKING
00000000   PWRM_PWRM_SCALING
00000000   PWRM_PWRM_TIMERIDNUM
00000000   PWRM_PWRM_TIMERINTRMASK
00000000   PWRM_PWRM_TIMERWUGENMASK
00000000   PWRM_PWRM_USERRESOURCES
00000000   PWRM_PWRM_USETIMER
00000000   RTA_fromHost$hst
00000000   RTA_fromHost$mode
00000000   RTA_toHost$hst
00000000   RTA_toHost$id
00000000   RTDX_MODE
00000000   RTDX_USERTEXECUTION
00000000   SEM$
00000000   SIO$
00000000   SWI_EHOOKFXN
00000000   SWI_IHOOKFXN
00000000   TSK_NUM_HOOKS
00000000   TSK_READYFXN
00000000   TSK_STACKSEG
00000000   TSK_SWITCHFXN
00000000   TSK_idle$ord
00000000   TSK_idle$pri
00000000   TSK_idle$sts$unittype
00000000   TSK_idle$tsk
00000000   UDEV$
00000000   _CLK_TDDR
00000000   _CLK_TIMERNUM
00000000   _GBL_CACHE
00000000   _HWI_RESET
00000000   _RTDX_interrupt_mask
00000000   trace$log
00000001   BUF_ENABLED
00000001   CLK$
00000001   CLK_CALDIV
00000001   CLK_CALMULT
00000001   CLK_ENABLEHTIME
00000001   CLK_HTIMEDIV
00000001   CLK_HTIMEMULT
00000001   CLK_LTIMEDIV
00000001   CLK_POWERENABLE
00000001   CLK_RESETTIMER
00000001   CLK_USETIMER
00000001   GBL$
00000001   GBL_ENABLEINST
00000001   GBL_L2CONFIGURE
00000001   GBL_L2MAR128_159
00000001   GBL_boot
00000001   HST$
00000001   HST_RTDX
00000001   HWI$
00000001   HWI_ENABLE_EXC
00000001   HWI_NMI
00000001   IDL$
00000001   IDL_USECLKIDLTIME
00000001   IDL_busyObj$filter
00000001   IDL_busyObj$iA
00000001   IDL_busyObj$iC
00000001   ISRC$
00000001   KNL_swi$dorta
00000001   KNL_swi$sts$filtmaxmult
00000001   KNL_swi$sts$filtsummult
00000001   LCK$
00000001   LOG$
00000001   LOG_ENABLED
00000001   MEM$
00000001   MEM_gNumHeap
00000001   PRD$
00000001   PRD0$ord
00000001   PRD_A_TABLEN
00000001   PRD_SCALAR
00000001   PRD_swi$dorta
00000001   PRD_swi$ord
00000001   PRD_swi$pri
00000001   PRD_swi$sts$filtmaxmult
00000001   PRD_swi$sts$filtsummult
00000001   PWRM$
00000001   PWRM_PWRM_NUMSLOTS
00000001   QUE$
00000001   RTA_fromHost$id
00000001   RTA_toHost$mode
00000001   RTDX$
00000001   RTDX_NORMALIZED_HDR
00000001   RTDX_USERTDX
00000001   STS$
00000001   SWI$
00000001   SYS$
00000001   TSK$
00000001   TSK_PRIORITY
00000001   TSK_idle$sts$filtmaxmult
00000001   TSK_idle$sts$filtsummult
00000001   _CLK_USETIMER
00000001   _HWI_NMI
00000001   trace$datatype
00000002   HWI_RESERVED0
00000002   IDL_busyObj$unittype
00000002   KNL_swi$ord
00000002   KNL_swi$sts$filter
00000002   LOG_A_TABLEN
00000002   PIP_A_TABLEN
00000002   PIP_gNumEmbed
00000002   PRD0$sts$unittype
00000002   PRD_swi$sts$filter
00000002   PWRM_PWRM_INITSPCPU
00000002   SWI_A_TABLEN
00000002   TSK_idle$sts$filter
00000002   _HWI_RESERVED0
00000002   _LOG_A_TABLEN
00000002   _RTDX_JTAGONLY
00000003   HWI_RESERVED1
00000003   _HWI_RESERVED1
00000004   CLK_COUNTSPMSHIGH
00000004   EVENT4
00000004   HWI_INT4
00000004   RTA_fromHost$framesize
00000004   _EVENT4
00000004   _HWI_INT4
00000005   CLK_TIMMODE
00000005   EVENT5
00000005   HWI_INT5
00000005   _EVENT5
00000005   _HWI_INT5
00000006   EVENT6
00000006   HWI_INT6
00000006   IDL_CALIBRERROR
00000006   _EVENT6
00000006   _HWI_INT6
00000007   EVENT7
00000007   GBL_L1DMODE
00000007   GBL_L1PMODE
00000007   HWI_INT7
00000007   _EVENT7
00000007   _HWI_INT7
00000008   EVENT8
00000008   HWI_INT8
00000008   _EVENT8
00000008   _HWI_INT8
00000009   EVENT9
00000009   HWI_INT9
00000009   _EVENT9
00000009   _HWI_INT9
0000000a   EVENT10
0000000a   HWI_INT10
0000000a   PWRM_PWRM_CLKTICKSPERSLOT
0000000a   _EVENT10
0000000a   _HWI_INT10
0000000b   EVENT11
0000000b   HWI_INT11
0000000b   _EVENT11
0000000b   _HWI_INT11
0000000c   EVENT12
0000000c   HWI_INT12
0000000c   _EVENT12
0000000c   _HWI_INT12
0000000d   EVENT13
0000000d   HWI_INT13
0000000d   _EVENT13
0000000d   _HWI_INT13
0000000e   EVENT14
0000000e   HWI_INT14
0000000e   _EVENT14
0000000e   _HWI_INT14
0000000f   EVENT15
0000000f   HWI_INT15
0000000f   _EVENT15
0000000f   _HWI_INT15
00000010   EVENT16
00000010   _EVENT16
00000011   EVENT17
00000011   _EVENT17
00000012   EVENT18
00000012   _EVENT18
00000013   EVENT19
00000013   _EVENT19
00000014   EVENT20
00000014   _EVENT20
00000015   EVENT21
00000015   _EVENT21
00000016   EVENT22
00000016   _EVENT22
00000017   EVENT23
00000017   _EVENT23
00000018   EVENT24
00000018   _EVENT24
00000019   EVENT25
00000019   _EVENT25
0000001a   EVENT26
0000001a   _EVENT26
0000001b   EVENT27
0000001b   _EVENT27
0000001c   EVENT28
0000001c   _EVENT28
0000001d   EVENT29
0000001d   _EVENT29
0000001e   EVENT30
0000001e   _EVENT30
0000001f   EVENT31
0000001f   _EVENT31
00000020   CLK_TCR
00000020   EVENT32
00000020   _EVENT32
00000021   EVENT33
00000021   _EVENT33
00000022   EVENT34
00000022   _EVENT34
00000023   EVENT35
00000023   _EVENT35
00000024   EVENT36
00000024   _EVENT36
00000025   EVENT37
00000025   _EVENT37
00000026   EVENT38
00000026   _EVENT38
00000027   EVENT39
00000027   _EVENT39
00000028   EVENT40
00000028   _EVENT40
00000029   EVENT41
00000029   _EVENT41
0000002a   EVENT42
0000002a   _EVENT42
0000002b   EVENT43
0000002b   _EVENT43
0000002c   EVENT44
0000002c   _EVENT44
0000002d   EVENT45
0000002d   _EVENT45
0000002e   EVENT46
0000002e   _EVENT46
0000002f   EVENT47
0000002f   _EVENT47
00000030   EVENT48
00000030   PWRM_PWRM_CAPSMASK
00000030   _EVENT48
00000031   EVENT49
00000031   _EVENT49
00000032   EVENT50
00000032   _EVENT50
00000033   EVENT51
00000033   _EVENT51
00000034   EVENT52
00000034   _EVENT52
00000035   EVENT53
00000035   _EVENT53
00000036   EVENT54
00000036   _EVENT54
00000037   EVENT55
00000037   _EVENT55
00000038   EVENT56
00000038   _EVENT56
00000039   EVENT57
00000039   _EVENT57
0000003a   EVENT58
0000003a   _EVENT58
0000003b   EVENT59
0000003b   _EVENT59
0000003c   EVENT60
0000003c   _EVENT60
0000003d   EVENT61
0000003d   _EVENT61
0000003e   EVENT62
0000003e   GBL_DSPTYPE
0000003e   _EVENT62
0000003f   EVENT63
0000003f   _EVENT63
00000040   EVENT64
00000040   HST_MAXFRAMESET
00000040   RTA_toHost$framesize
00000040   _EVENT64
00000041   EVENT65
00000041   _EVENT65
00000042   EVENT66
00000042   GBL_FOOTPRINT
00000042   _EVENT66
00000043   EVENT67
00000043   _EVENT67
00000044   EVENT68
00000044   _EVENT68
00000045   EVENT69
00000045   _EVENT69
00000046   EVENT70
00000046   _EVENT70
00000047   EVENT71
00000047   _EVENT71
00000048   EVENT72
00000048   _EVENT72
00000049   EVENT73
00000049   _EVENT73
0000004a   EVENT74
0000004a   _EVENT74
0000004b   EVENT75
0000004b   _EVENT75
0000004c   EVENT76
0000004c   _EVENT76
0000004d   EVENT77
0000004d   _EVENT77
0000004e   EVENT78
0000004e   _EVENT78
0000004f   EVENT79
0000004f   _EVENT79
00000050   EVENT80
00000050   _EVENT80
00000051   EVENT81
00000051   _EVENT81
00000052   EVENT82
00000052   _EVENT82
00000053   EVENT83
00000053   _EVENT83
00000054   EVENT84
00000054   _EVENT84
00000055   EVENT85
00000055   _EVENT85
00000056   EVENT86
00000056   _EVENT86
00000057   EVENT87
00000057   _EVENT87
00000058   EVENT88
00000058   _EVENT88
00000059   EVENT89
00000059   _EVENT89
0000005a   EVENT90
0000005a   _EVENT90
0000005b   EVENT91
0000005b   _EVENT91
0000005c   EVENT92
0000005c   _EVENT92
0000005d   EVENT93
0000005d   _EVENT93
0000005e   EVENT94
0000005e   _EVENT94
0000005f   EVENT95
0000005f   _EVENT95
00000060   EVENT96
00000060   _EVENT96
00000061   EVENT97
00000061   _EVENT97
00000062   EVENT98
00000062   _EVENT98
00000063   EVENT99
00000063   _EVENT99
00000064   EVENT100
00000064   PIP_OBJSIZE
00000064   _EVENT100
00000065   EVENT101
00000065   _EVENT101
00000066   EVENT102
00000066   _EVENT102
00000067   EVENT103
00000067   _EVENT103
00000068   EVENT104
00000068   _EVENT104
00000069   EVENT105
00000069   _EVENT105
0000006a   EVENT106
0000006a   _EVENT106
0000006b   EVENT107
0000006b   _EVENT107
0000006c   EVENT108
0000006c   _EVENT108
0000006d   EVENT109
0000006d   _EVENT109
0000006e   EVENT110
0000006e   _EVENT110
0000006f   EVENT111
0000006f   _EVENT111
00000070   EVENT112
00000070   _EVENT112
00000071   EVENT113
00000071   _EVENT113
00000072   EVENT114
00000072   _EVENT114
00000073   EVENT115
00000073   _EVENT115
00000074   EVENT116
00000074   _EVENT116
00000075   EVENT117
00000075   _EVENT117
00000076   EVENT118
00000076   _EVENT118
00000077   EVENT119
00000077   _EVENT119
00000078   EVENT120
00000078   _EVENT120
00000079   EVENT121
00000079   _EVENT121
0000007a   EVENT122
0000007a   _EVENT122
0000007b   EVENT123
0000007b   _EVENT123
0000007c   EVENT124
0000007c   _EVENT124
0000007d   EVENT125
0000007d   _EVENT125
0000007e   EVENT126
0000007e   _EVENT126
0000007f   EVENT127
0000007f   _EVENT127
000000ff   HST_MAXFRAMEALLOWED
000001f4   PRD0$period
00000200   LOG_system$size
000003e8   CLK_MICROSECS
00000400   HST_DSMMEMSIZE
00000400   TSK_STACKSIZE
00000400   __STACK_SIZE
00000400   trace$size
00000408   RTDX_BUFMEMSIZE
00001a5b   GBL_CLKTYPE
00001a5c   GBL_DSPSUBTYPE
00002000   IRAM$L
00002000   _IRAM_length
00004000   CLK_INTBIT
00004e20   GBL_CLKIN
00005205   GBL_A_VERSION
00005828   HWI_CFGDISPATCHED
00005828   _HWI_CFGDISPATCHED
00005dc0   CLK_INPUTCLK
00005dc0   CLK_PRD
00005dc0   _CLK_PRD
0000dbef   GBL_TRCMASKVALUE
000493e0   CLK_COUNTSPMS
000493e0   CLK_HTIMEPERLTIME
000493e0   CLK_LTIMEMULT
000493e0   GBL_FREQ
000493e0   _CLK_COUNTSPMS
01c20000   CLK_REGS
01c20000   _CLK_REGS
07063d04   HWI_INTRMUX1
0b0a0908   HWI_INTRMUX2
11800000   .data
11800000   .text
11800000   _EVMC6748_init
11800000   ___data__
11800000   ___edata__
11800000   ___text__
11800000   edata
1180002c   _EVMC6748_initRAM
118001e8   _EVMC6748_enableDsp
11800214   _EVMC6748_pinmuxConfig
118002b0   _EVMC6748_lpscTransition
11800688   _config_pll0
118008c4   _config_pll1
11800aa8   _UTIL_printMem
11800c00   _UTIL_isUIBoardAttached
11800c20   _main
11800d38   _dipPRD
11800e58   _audioHWI
118016c0   _read_audio_sample
118016e4   _write_audio_sample
11801708   _initAll
11801770   _McASP_Init
118018b4   _McASP_Start
11801aec   _AIC3106_Init
11801ba0   _AIC3106_readRegister
11801bf4   _AIC3106_writeRegister
11801c38   _USTIMER_delay
11801cb0   _SetGpio
11801ce0   __divd
11802d20   _I2CGPIO_init
11802df4   _I2CGPIO_getInput
11802f10   _I2CGPIO_getInputAll
11803020   _I2CGPIO_setOutput
11803168   _I2CGPIO_setOutputAll
11803200   __printfi
11803640   _fputs
118039e0   _GPIO_setDir
11803a58   _GPIO_getInput
11803acc   _GPIO_setOutput
11803b4c   _GPIO_toggleLoop
11803d60   _I2C_init
11803e4c   _I2C_read
11803fa8   _I2C_write
11804c00   __divull
11805520   _fputc
11805520   _putc
11805940   _setvbuf
11805b40   _LED_init
11805b8c   _LED_isOn
11805bf4   _LED_turnOn
11805c44   _LED_turnOff
11805c8c   _LED_toggle
11805ee0   __divul
11806080   _HOSTrename
11806200   _DIP_init
11806224   _DIP_get
11806288   _DIP_getAll
118065e0   __closefile
11806820   _fseek
11806940   _HOSTlseek
11806a40   __wrt_ok
11806b40   _call_dtors
11806c40   _HOSTopen
11806d20   _HOSTread
11806e00   __c6xabi_divi
11806e00   __divi
11806ee0   _atoi
11806fc0   _close
118070a0   _memset
11807180   _printf
11807260   _HOSTunlink
11807320   _HOSTwrite
118074a0   __c6xabi_divu
118074a0   __divu
11807560   __doflush
11807620   __c6xabi_remi
11807620   __remi
118076e0   _atexit
118077a0   _ltoa
11807920   _HOSTclose
118079c0   __cleanup
11807a60   __divli
11807c40   __fixdli
11807ce0   __nround
11807ec0   _lseek
11807f60   _memcpy
11808000   _modf
118080a0   _write
11808140   __fltlid
118081c0   __llshl
11808240   _readmsg
118082c0   _unlink
11808340   __subcull
118083a0   _memccpy
11808400   _writemsg
11808458   C$$IO$$
11808460   ___add_dtor
118084a0   ___isinf
11808520   __frcmpyd_div
11808560   __llshru
118085a0   __remli
118085e0   __negll
11808600   __nop
11808660   __register_lock
11808680   __register_unlock
118086a0   _remove
118086c0   ___etext__
118086c0   _b_fir
118086c0   etext
1180a6c0   _aLow
1180a6d8   _bLow
1180a6f0   _aMid
1180a720   _bMid
1180a750   _aPres
1180a780   _bPres
1180a7b0   _aHigh
1180a7c8   _bHigh
1180a7e0   _sine
1180a868   _buffer
1180c868   _eqSignal
1180e868   _low
1180e878   _mid
1180e890   _pres
1180e8a8   _high
1180e8b8   _wLow
1180e8c8   _wMid
1180e8e0   _wPres
1180e8f8   _wHigh
1180e904   _CLK_inputClock
1180e908   __ftable
1180eae8   __tmpnams
1180ec28   __ft_end
1180ec30   ___atexit_func_id__
1180eed4   _dtors
1180eed8   _KNL_queues
1180ef78   _KNL_dummy
1180efb0   _TSK_ATTRS
1180efcc   _TSK_config
1180efec   _TSK_timerSem
1180f010   _OBJ_table
1180f048   _OBJ_segtab
1180f064   __TSK_mutex
1180f08c   __MEM_mutex
1180f0b8   _SYS_exitStack
1180f0f0   _EXC_status
1180f12c   __cleanup_ptr
1180f130   __dtors_ptr
1180f134   ___TI_enable_exit_profile_output
1180f138   __lock
1180f13c   __unlock
1180f148   RTA_fromHost$buf
1180f158   CLK_A_TABBEG
1180f158   PRD_clock
1180f158   _PRD_clock
1180f15c   CLK_null
1180f160   LNK_F_checkBufferCall
1180f180   LNK_F_getChanPtr
1180f1d8   LNK_F_init
1180f1e0   LNK_F_dataPump
1180f1f0   LNK_rcloop
1180f2b4   LNK_rdrtry
1180f2c4   LNK_rrloop
1180f384   LNK_wrrtry
1180f390   LNK_wrloop
1180f460   LNK_newin
1180f594   LNK_newout
1180f6e8   LNK_F_readCallBack
1180f720   _EXC_nmi
1180f754   _EXC_internal
1180fa00   _EXC_init
1180fa40   _EXC_getLastStatus
1180fa60   _EXC_external
1180fa94   _EXC_exceptionHandler
1180fc70   _EXC_clearLastStatus
1180fca0   CLK_HOOKFXN
1180fca0   HWI_F_dispatch
1180fca0   _HWI_F_dispatch
1180fca0   __HWI_lat1beg
1180fe28   __HWI_lat1end
1180fe28   __HWI_lat2beg
1180ff90   __HWI_lat2end2
1180ffc0   __HWI_lat3end2
11810004   __HWI_lat2end1
11810020   __HWI_lat3beg
11810180   SWI_F_enable
11810180   __SWI_lat3beg
118101ec   __SWI_lat3end
118101f0   SWI_F_post
118101f0   _SWI_post
118102f8   __SWI_lat1beg
11810364   SWI_EXECFXN
11810364   SWI_F_exec
1181038c   SWI_F_iexec
118103a4   __SWI_lat1end
118103a8   __SWI_lat2beg
11810408   __SWI_lat2end
1181040c   SWI_F_run
1181040c   SWI_RUNFXN
11810640   PRD_F_swi
118108c4   PRD_F_tick
118109c0   _free
118109e4   _malloc
11810a44   _realloc
11810b28   _memalign
11810bec   _calloc
11810c40   RTA_F_getlog
11810c78   RTA_F_getsts
11810cb8   RTA_F_readblk
11810cd4   RTA_F_writeword
11810ce0   RTA_F_resetmem
11810ce0   __RTA_lat1beg
11810d14   __RTA_lat1end
11810d20   RTA_F_dispatch
11810d6c   RTA_execute
11810ec0   _KNL_run
11811100   _MEM_alloc
118114d4   PRD_THOOKFXN
118114d4   _KNL_tick
11811500   _MEM_free
118116e0   _EXC_dispatch
118118a4   _EXC_setReturnPtr
118118c0   PIP_F_take
11811938   PIP_F_give
11811938   PIP_F_probe
11811a08   PIP_F_start
11811aa0   _SEM_pendEnterKnl
11811c80   __SEM_dopost
11811e20   _TSK_setup
11811fc0   CLK_F_getltime
11811fd0   CLK_F_isr
11812110   CLK_F_itime
11812110   _CLK_F_itime
11812110   _CLK_itime
11812130   __CLK_lat1beg
11812150   __CLK_lat1end
11812160   _KNL_saveIsrFrame
1181220c   _KNL_switch
118122b8   KNL_glue
118122e0   __auto_init
11812420   _TSK_exit
11812560   _BCACHE_setSize
118125a4   _BCACHE_setMar
118125f4   _BCACHE_setCacheToSram
11812624   _BCACHE_getSize
11812674   _BCACHE_getMar
11812708   _GBL_cacheInit64P
118127c0   _KNL_check
1181280c   __KNL_lat1beg
11812888   _KNL_idle
11812888   __KNL_lat1end
118128b0   _KNL_max
11812984   _TSK_startup
11812a00   _SEM_post
11812a00   _SEM_postBinary
11812ae0   _KNL_exit
11812b20   _KNL_enter
11812ba0   _SEM_postEnterKnl
11812c40   _SYS_exit
11812ce0   _KNL_ipost
11812d60   _KNL_post
11812de0   _LCK_post
11812e00   _LCK_pend
11812e60   LOG_F_event
11812e60   _LOG_event
11812e60   __LOG_lat1beg
11812ee0   IDL_F_calibrate
11812f60   _SYS_error
11812fc0   FXN_F_nop
11812fc4   FXN_F_run
11812fc4   _FXN_F_run
11813000   FXN_F_zero
11813000   _FXN_F_zero
11813020   _HWI_disable
11813038   _HWI_enable
1181304c   _HWI_restore
11813080   IDL_F_busy
11813080   __IDL_lat1beg
118130c0   __IDL_lat1end
118130e0   _SEM_pend
11813140   STS_F_delta
11813140   _STS_delta
1181316c   STS_F_add
1181316c   _STS_add
11813188   STS_F_reset
11813188   _STS_reset
118131a0   _SYS_abort
11813200   _CLK_measure
11813260   IDL_CALIBRFXN
11813260   IDL_F_stub
118132a0   RTA_F_andn
118132b8   RTA_F_or
118132e0   SYS_ABORTFXN
118132e0   _UTL_doAbort
11813320   SYS_PUTCFXN
11813320   _UTL_doPutc
11813360   GBL_USERINITFXN
11813360   GIO_CREATEFXN
11813360   GIO_DELETEFXN
11813360   GIO_PENDFXN
11813360   GIO_POSTFXN
11813360   PWRM_PWRM_SHAREDRESOURCEFXN
11813360   PWRM_PWRM_SLOTHOOKFXN
11813360   TSK_VCREATEFXN
11813360   TSK_VDELETEFXN
11813360   TSK_VEXITFXN
11813360   _BCACHE_bootInit
11813360   _FXN_F_nop
11813380   _GBL_getVersion
118133a0   IDL_F_loop
118133a0   _IDL_loop
118133c0   _STS_set
118133e0   SYS_ERRORFXN
118133e0   _UTL_doError
11813400   SYS_EXITFXN
11813400   _UTL_halt
11813420   CLK_F_gethtime
11813420   CLK_TIMEFXN
11813420   _CLK_gethtime
11813440   ___cinit__
11813440   cinit
1181674c   IRAM$B
1181674c   _IRAM_base
11818758   TSK_idle
11818758   _TSK_idle
118187ac   PRD0$sts$stsobj
118187ac   STS_A_TABBEG
118187ac   _STS_A_TABBEG
118187b0   PRD0$sts
118187bc   PRD_swi$sts$stsobj
118187c0   PRD_swi$sts
118187cc   KNL_swi$sts$stsobj
118187d0   KNL_swi$sts
118187dc   TSK_idle$sts$stsobj
118187e0   TSK_idle$sts
118187ec   IDL_busyObj$stsobj
118187f0   IDL_busyObj
118187f0   _IDL_busyObj
118187fc   STS_A_TABEND
118187fc   _STS_A_TABEND
11818800   LOG_system$buf
11819000   trace$buf
1181a000   _HSRTDX_rec
1181a2a0   _RTDX_Buffer_WriteCB
1181a760   _HSRTDX_xmt
1181aa60   _RTDX_Mon_Queue
1181acc0   _RTDX_Poll
1181ad60   _RTDX_Final_RT_Monitor
1181ade0   _RTDX_Buffer_Initialize
1181ae40   _RTDX_Init_RT_Monitor
1181aea0   _RTDX_Buffer_ReadCB
1181aee0   _RTDX_Buffer_Size
1181af20   _RTDX_memfill
1181af60   _RTDX_Buffer_Read
1181af80   _RTDX_Buffer_Write
1181afa0   _RTDX_Mask_IER
1181afc0   BIOS_init
1181afc0   _BIOS_init
1181b144   BIOS$$CLKON
1181b184   BIOS$$CLKOFF
1181b1f0   BIOS_start
1181b1f0   _BIOS_start
1181b340   _c_int00
1181b400   _MEM_init
1181b4c0   _TSK_init
1181b520   PRD0
1181b520   PRD_A_TABBEG
1181b520   _PRD0
1181b53c   PRD0$aaa
1181b540   PRD_A_TABEND
1181b5c0   _RTDX_Buffer
1181b9c8   _RTDX_Buffer_Start
1181b9cc   _RTDX_Buffer_End
1181b9d0   _rtdx_mon_state
1181ba14   _rtdx_buffer_state
1181ba20   _RTDX_writing
1181bbd0   __ctypes_
1181bcd8   _bitval_u32
1181be51   PRD0$sts$maxfmt
1181be58   TSK_idle$stack
1181be5a   PRD0$sts$sumfmt
1181be63   PRD0$sts$avgfmt
1181be6e   PRD_swi$sts$maxfmt
1181be76   PRD_swi$sts$sumfmt
1181be7e   PRD_swi$sts$avgfmt
1181be88   KNL_swi$sts$maxfmt
1181be90   KNL_swi$sts$sumfmt
1181be98   KNL_swi$sts$avgfmt
1181bea2   TSK_idle$sts$maxfmt
1181beaa   TSK_idle$sts$sumfmt
1181beb2   TSK_idle$sts$avgfmt
1181bebc   IDL_busyObj$maxfmt
1181bebf   IDL_busyObj$sumfmt
1181bec2   IDL_busyObj$avgfmt
1181c1f0   TSK_idle$stkptr
1181c258   GBL_stackbeg
1181c258   _HWI_STKTOP
1181c258   __stack
1181c650   _HWI_STKBOTTOM
1181c657   GBL_stackend
1181c658   $bss
1181c658   .bss
1181c658   _HWI_dispatchTab
1181c658   __STACK_END
1181c658   ___bss__
1181c758   IDL_D_tabbeg
1181c75c   IDL_D_calibrate
1181c760   IDL_D_calbeg
1181c764   LOG_D_system
1181c764   _LOG_D_system
1181c768   PIP_D_tabbeg
1181c76c   PIP_D_tablen
1181c770   CLK_R_time
1181c774   CLK_D_timefxn
1181c778   CLK_D_tabbeg
1181c77c   CLK_D_isrhook
1181c780   CLK_D_idletime
1181c784   _CLK_htimeDiv
1181c788   _CLK_htimeMult
1181c78c   _CLK_ltimeDiv
1181c790   _CLK_ltimeMult
1181c794   _CLK_D_dirty
1181c798   _CLK_D_prd
1181c79c   _CLK_D_tddr
1181c7a0   _CLK_D_countspms
1181c7a4   PRD_D_tick
1181c7a4   _PRD_D_tick
1181c7a8   PRD_D_cur
1181c7ac   PRD_D_elapsed
1181c7b0   PRD_D_prevtim
1181c7b4   PRD_D_scalar
1181c7b8   PRD_D_swihandle
1181c7bc   PRD_D_tabbeg
1181c7c0   PRD_D_tablen
1181c7c4   PRD_D_thook
1181c7c8   RTA_D_fromHost
1181c7cc   RTA_D_toHost
1181c7d0   RTA_D_logval
1181c7e0   RTA_D_stsval
1181c7ec   HST_D_chanmask
1181c7f0   HST_D_tabbeg
1181c7f4   HST_D_tabend
1181c7f8   _GBL_procId
1181c7fc   _GBL_clkIn
1181c800   _GBL_freq
1181c804   _MEM_D_NUMSEGMENTS
1181c808   _MEM_D_memtab
1181c80c   _MEM_D_freelist
1181c810   _MEM_D_lockaddr
1181c814   _MEM_D_unlockaddr
1181c818   _SYS
1181c81c   __HOOK_knlId
1181c820   __HOOK_NUMHOOKS
1181c824   SWI_D_runaddr
1181c824   _SWI_D_runaddr
1181c824   _SWI_data
1181c828   SWI_D_execaddr
1181c828   _SWI_D_execaddr
1181c82c   SWI_D_curmask
1181c82c   _SWI_D_curmask
1181c830   SWI_D_curset
1181c830   _SWI_D_curset
1181c834   SWI_D_lock
1181c834   _SWI_D_lock
1181c838   SWI_D_curmbox
1181c83c   SWI_D_curfxn
1181c83c   _SWI_D_curfxn
1181c840   SWI_D_rdybeg
1181c840   _SWI_D_rdybeg
1181c844   SWI_D_inswi
1181c844   _SWI_D_inswi
1181c848   SWI_D_rdytab
1181c8c0   _KNL_wFlag
1181c8c4   _KNL_wList
1181c8c8   _KNL_alarm
1181c8cc   _KNL_setpri
1181c8d0   _KNL_inactive
1181c8d4   _KNL_priority
1181c8d8   _KNL_set
1181c8dc   _KNL_curtask
1181c8e0   _KNL_prevtask
1181c8e4   _KNL_curtime
1181c8e8   _KNL_swiptr
1181c8ec   _KNL_curqueue
1181c8f0   _KNL_maxqueue
1181c8f4   _KNL_tswitchfxn
1181c8f8   _KNL_tcreatefxn
1181c8fc   _KNL_tdeletefxn
1181c900   _KNL_treadyfxn
1181c904   _KNL_idlefxn
1181c908   _MEM_memtab
1181c914   HST_DSMBUFSEG
1181c914   IRAM
1181c914   MEM_MALLOCSEG
1181c914   MEM_SEGZERO
1181c914   RTDX_DATAMEMSEG
1181c914   _IRAM
1181c914   _SEG0
1181c918   RTA_fromHost$pipe$dtab
1181c924   RTA_toHost$pipe$dtab
1181c930   _EXC_sysTrapTable
1181c938   _EXC_returnPtr
1181c950   HWI_D_spsave
1181c950   _HWI_D_spsave
1181c950   _HWI_data
1181c95c   _HWI_D_inhwi
1181c960   HWI_D_bss
1181c964   HWI_D_ccmask
1181c968   LNK_dspFrameRequestMask
1181c968   _LNK_dspFrameRequestMask
1181c96c   LNK_dspFrameReadyMask
1181c96c   _LNK_dspFrameReadyMask
1181c970   LNK_readPend
1181c970   _LNK_readPend
1181c974   LNK_readDone
1181c974   _LNK_readDone
1181c978   LNK_readFail
1181c978   _LNK_readFail
1181c97c   LNK_writeFail
1181c97c   _LNK_writeFail
1181c980   _EXC_exceptionHook
1181c984   _EXC_internalHook
1181c988   _EXC_externalHook
1181c98c   _EXC_nmiHook
1181c998   _rtdxNullChanCnt
1181c99c   _rtdxNullFuncCnt
1181c9a0   _rtdxXmtNotDoneCnt
1181c9a4   _rtdxRecNotDoneCnt
1181c9a8   _rtdxXmtRestartCnt
1181c9ac   _rtdxXmtErrorCnt
1181c9b0   _TSK_nTasks
1181c9b4   _TSK_pid
1181c9b8   _TSK
1181c9bc   _mask
1181c9be   _lowBoost
1181c9bf   _midBoost
1181c9c0   _presBoost
1181c9c1   _highBoost
1181c9c2   _eqBypass
1181c9c3   _dist
1181c9c4   _writeIndex
1181c9c8   _CLK_DFLTMICROSECS
1181c9cc   _CLK_D_microseconds
1181c9d0   _SYS_exitStackPtr
1181c9d4   _SYS_exitStackTop
1181c9d8   _CLK_htimePerLtime
1181c9dc   IDL_D_busyObj
1181c9e0   _MEM
1181c9ec   _SYS_PUTCBEG
1181c9ec   ___end__
1181c9ec   end
1181cbeb   _SYS_PUTCEND
1181cbec   IDL_A_TABBEG
1181cbec   IDL_cpuLoad
1181cbec   _IDL_cpuLoad
1181cbf0   LNK_dataPump
1181cbf0   _LNK_dataPump
1181cbf4   RTA_dispatcher
1181cbf4   _RTA_dispatcher
1181cbf8   IDL_END
1181cc00   HWI_A_VECS
1181cc00   hwi0
1181cc20   hwi1
1181cc40   hwi2
1181cc60   hwi3
1181cc80   hwi4
1181cca0   hwi5
1181ccc0   hwi6
1181cce0   hwi7
1181cd00   hwi8
1181cd20   hwi9
1181cd40   hwi10
1181cd60   hwi11
1181cd80   hwi12
1181cda0   hwi13
1181cdc0   hwi14
1181cde0   hwi15
1181ce00   __CIOBUF_
1181cf20   RTA_toHost$buf
1181d020   PIP_A_TABBEG
1181d020   RTA_fromHost$pipe
1181d020   _PIP_A_TABBEG
1181d024   RTA_fromHost$pipe$rd
1181d050   RTA_fromHost$pipe$aaa
1181d054   RTA_fromHost$pipe$wr
1181d080   RTA_fromHost$pipe$bbb
1181d084   RTA_toHost$pipe
1181d088   RTA_toHost$pipe$rd
1181d0b4   RTA_toHost$pipe$aaa
1181d0b8   RTA_toHost$pipe$wr
1181d0e4   RTA_toHost$pipe$bbb
1181d0e8   PIP_A_TABEND
1181d0e8   PRD_SWIHANDLE
1181d0e8   PRD_swi
1181d0e8   SWI_A_TABBEG
1181d0e8   _PIP_A_TABEND
1181d0e8   _PRD_swi
1181d114   KNL_swi
1181d114   _KNL_swi
1181d140   SWI_A_TABEND
1181d1d0   HST_A_TABBEG
1181d1d0   _HST_A_TABBEG
1181d1d4   RTA_fromHost
1181d1d4   _RTA_fromHost
1181d1dc   RTA_fromHost$rtdx
1181d1f0   RTA_toHost
1181d1f0   _RTA_toHost
1181d1f8   RTA_toHost$rtdx
1181d20c   HST_A_TABEND
1181d20c   LOG_A_TABBEG
1181d20c   LOG_system
1181d20c   _HST_A_TABEND
1181d20c   _LOG_A_TABBEG
1181d20c   _LOG_system
1181d224   _trace
1181d224   trace
1181d23c   IDL_A_CALBEG
1181d23c   IDL_cpuLoad$
1181d23c   LOG_A_TABEND
1181d23c   _LOG_A_TABEND
1181d240   LNK_dataPump$
1181d244   RTA_dispatcher$
1181d248   IDL_END$
1181d24c   SYS$config
1181d25c   ___pinit__
1181d25c   pinit
1181d268   TRC_cinit
1181d26c   TRC_R_mask
1181d26c   _TRC_R_mask
1181d270   GBL_initdone
28040d0c   HWI_INTRMUX3
ffffffff   CACHE_L1D
ffffffff   CACHE_L1P
ffffffff   DDR
ffffffff   ECM_EVTMASK0
ffffffff   ECM_EVTMASK1
ffffffff   ECM_EVTMASK2
ffffffff   ECM_EVTMASK3
ffffffff   GBL_L2MAR192_223
ffffffff   L3_CBA_RAM
ffffffff   _CACHE_L1D
ffffffff   _CACHE_L1P
ffffffff   _DDR
ffffffff   _L3_CBA_RAM
ffffffff   ___TI_pprof_out_hndl
ffffffff   ___TI_prof_data_size
ffffffff   ___TI_prof_data_start
ffffffff   ___binit__
ffffffff   ___c_args__
ffffffff   binit

[1163 symbols]
