******************************************************************************
               TMS320C6x Linker PC v7.4.18                     
******************************************************************************
>> Linked Thu Jul 09 15:30:31 2020

OUTPUT FILE NAME:   <GuitarAmpGitVersion.out>
ENTRY POINT SYMBOL: "_c_int00"  address: 11813b80


MEMORY CONFIGURATION

         name            origin    length      used     unused   attr    fill
----------------------  --------  ---------  --------  --------  ----  --------
  IRAM                  11800000   00040000  00015311  0002acef  RWIX
  CACHE_L1P             11e00000   00008000  00000000  00008000  RWIX
  CACHE_L1D             11f00000   00008000  00000000  00008000  RWIX
  L3_CBA_RAM            80000000   00020000  00000000  00020000  RWIX
  DDR                   c3000000   01000000  00000000  01000000  RWIX


SECTION ALLOCATION MAP

 output                                  attributes/
section   page    origin      length       input sections
--------  ----  ----------  ----------   ----------------
.vers      0    00000000    0000003c     COPY SECTION
                  00000000    0000003c     hellocfg.obj (.vers)

.data      0    11800000    00000000     UNINITIALIZED

.text      0    11800000    00008560     
                  11800000    00000c20     evmc6748_bsl.lib : evmc6748.obj (.text)
                  11800c20    000009a0     hello.obj (.text)
                  118015c0    00000620     framework.obj (.text)
                  11801be0    000005a0     rts6740.lib : divd.obj (.text:__divd)
                  11802180    00000580                 : _printfi.obj (.text:__getarg_diouxp)
                  11802700    00000520                 : _printfi.obj (.text:__setfield)
                  11802c20    000004e0     evmc6748_bsl.lib : evmc6748_i2c_gpio.obj (.text)
                  11803100    00000440     rts6740.lib : _printfi.obj (.text:__printfi)
                  11803540    000003a0                 : fputs.obj (.text:_fputs)
                  118038e0    00000380     evmc6748_bsl.lib : evmc6748_gpio.obj (.text)
                  11803c60    00000380                      : evmc6748_i2c.obj (.text)
                  11803fe0    00000320     rts6740.lib : _printfi.obj (.text:__pproc_fge)
                  11804300    000002c0                 : _printfi.obj (.text:__pproc_fwp)
                  118045c0    000002a0                 : _printfi.obj (.text:_ecvt)
                  11804860    000002a0                 : _printfi.obj (.text:_fcvt)
                  11804b00    00000260                 : imath64.obj (.text:__divull)
                  11804d60    00000260                 : _printfi.obj (.text:__pconv_e)
                  11804fc0    00000240                 : _printfi.obj (.text:__pproc_diouxp)
                  11805200    00000220                 : _printfi.obj (.text:__pproc_str)
                  11805420    00000220                 : fputc.obj (.text:_fputc)
                  11805640    00000200                 : _printfi.obj (.text:__pconv_g)
                  11805840    00000200                 : setvbuf.obj (.text:_setvbuf)
                  11805a40    000001e0     evmc6748_bsl.lib : evmc6748_led.obj (.text)
                  11805c20    000001c0     rts6740.lib : _printfi.obj (.text:__mcpy)
                  11805de0    000001a0                 : imath40.obj (.text:__divul)
                  11805f80    00000180                 : trgdrv.obj (.text:_HOSTrename)
                  11806100    00000160     evmc6748_bsl.lib : evmc6748_dip.obj (.text)
                  11806260    00000140     rts6740.lib : _printfi.obj (.text:__pproc_fflags)
                  118063a0    00000140                 : lowlev.obj (.text:_getdevice)
                  118064e0    00000120                 : fclose.obj (.text:__closefile)
                  11806600    00000120                 : _printfi.obj (.text:__ltostr)
                  11806720    00000120                 : fseek.obj (.text:_fseek)
                  11806840    00000100                 : trgdrv.obj (.text:_HOSTlseek)
                  11806940    00000100                 : _io_perm.obj (.text:__wrt_ok)
                  11806a40    00000100                 : sinit.obj (.text:_call_dtors)
                  11806b40    000000e0                 : trgdrv.obj (.text:_HOSTopen)
                  11806c20    000000e0                 : trgdrv.obj (.text:_HOSTread)
                  11806d00    000000e0                 : divi.obj (.text:__divi)
                  11806de0    000000e0                 : atoi.obj (.text:_atoi)
                  11806ec0    000000e0                 : lowlev.obj (.text:_close)
                  11806fa0    000000e0                 : memset.obj (.text:_memset)
                  11807080    000000e0                 : printf.obj (.text:_printf)
                  11807160    000000e0     block_sine.obj (.text)
                  11807240    000000c0     rts6740.lib : trgdrv.obj (.text:_HOSTunlink)
                  11807300    000000c0                 : trgdrv.obj (.text:_HOSTwrite)
                  118073c0    000000c0                 : _printfi.obj (.text:__div)
                  11807480    000000c0                 : divu.obj (.text:__divu)
                  11807540    000000c0                 : fflush.obj (.text:__doflush)
                  11807600    000000c0                 : remi.obj (.text:__remi)
                  118076c0    000000c0                 : atexit.obj (.text:_atexit)
                  11807780    000000c0                 : ltoa.obj (.text:_ltoa)
                  11807840    000000c0     bios.a674 : tsk_stup.o674 (.text)
                  11807900    000000a0     rts6740.lib : trgdrv.obj (.text:_HOSTclose)
                  118079a0    000000a0                 : fopen.obj (.text:__cleanup)
                  11807a40    000000a0                 : imath40.obj (.text:__divli)
                  11807ae0    000000a0                 : _printfi.obj (.text:__ecpy)
                  11807b80    000000a0                 : _printfi.obj (.text:__fcpy)
                  11807c20    000000a0                 : fixdli.obj (.text:__fixdli)
                  11807cc0    000000a0                 : _printfi.obj (.text:__pconv_f)
                  11807d60    000000a0                 : lowlev.obj (.text:_finddevice)
                  11807e00    000000a0                 : lowlev.obj (.text:_lseek)
                  11807ea0    000000a0                 : memcpy64.obj (.text:_memcpy)
                  11807f40    000000a0                 : lowlev.obj (.text:_write)
                  11807fe0    00000080                 : fltlid.obj (.text:__fltlid)
                  11808060    00000080                 : llshift.obj (.text:__llshl)
                  118080e0    00000080                 : trgmsg.obj (.text:_readmsg)
                  11808160    00000080                 : lowlev.obj (.text:_unlink)
                  118081e0    00000060                 : imath64.obj (.text:__subcull)
                  11808240    00000060                 : memccpy.obj (.text:_memccpy)
                  118082a0    00000060                 : trgmsg.obj (.text:_writemsg)
                  11808300    00000040                 : sinit.obj (.text:___add_dtor)
                  11808340    00000040                 : isinf.obj (.text:___isinf)
                  11808380    00000040                 : _printfi.obj (.text:___isnan)
                  118083c0    00000040                 : frcmpyd_div.obj (.text:__frcmpyd_div)
                  11808400    00000040                 : llshift.obj (.text:__llshru)
                  11808440    00000040                 : imath40.obj (.text:__remli)
                  11808480    00000020                 : negll.obj (.text:__negll)
                  118084a0    00000020                 : _lock.obj (.text:__nop)
                  118084c0    00000020                 : printf.obj (.text:__outc)
                  118084e0    00000020                 : printf.obj (.text:__outs)
                  11808500    00000020                 : _lock.obj (.text:__register_lock)
                  11808520    00000020                 : _lock.obj (.text:__register_unlock)
                  11808540    00000020                 : remove.obj (.text:_remove)

.bios      0    11808560    000042e0     
                  11808560    000005c0     lnkrtdx.a674 : rtdx.o674 (.bios)
                  11808b20    00000580     bios.a674 : exc.o674 (.bios)
                  118090a0    000004e0               : hwi_disp_asm.o674 (.bios)
                  11809580    000004c0               : swi.o674 (.bios)
                  11809a40    00000380               : prd.o674 (.bios)
                  11809dc0    00000280               : malloc.o674 (.bios)
                  1180a040    00000280               : rta.o674 (.bios)
                  1180a2c0    00000240               : knl_run.o674 (.bios)
                  1180a500    00000200               : mem_allo.o674 (.bios:.near)
                  1180a700    00000200               : knl_tick.o674 (.bios)
                  1180a900    000001e0               : mem_free.o674 (.bios:.near)
                  1180aae0    000001e0               : exc_asm.o674 (.bios)
                  1180acc0    000001e0               : pip.o674 (.bios)
                  1180aea0    000001e0               : sem_pend.o674 (.bios)
                  1180b080    000001a0               : sem_dopo.o674 (.bios)
                  1180b220    000001a0               : tsk_setu.o674 (.bios)
                  1180b3c0    000001a0     bios6748.a674 : clk.o674 (.bios)
                  1180b560    00000180     bios.a674 : knl_swit.o674 (.bios)
                  1180b6e0    00000140               : autoinit.o674 (.bios)
                  1180b820    00000140               : tsk_exit.o674 (.bios)
                  1180b960    00000140     bios6748.a674 : bcache_init.o674 (.bios)
                  1180baa0    00000120     bios.a674 : gbl_cacheinit64P.o674 (.bios)
                  1180bbc0    00000120               : knl_chec.o674 (.bios)
                  1180bce0    00000120               : tsk_stup.o674 (.bios)
                  1180be00    000000e0               : sem_post_asm.o674 (.bios)
                  1180bee0    000000c0               : knl_exit.o674 (.bios)
                  1180bfa0    000000a0               : sem_post.o674 (.bios)
                  1180c040    000000a0               : sys_exit.o674 (.bios)
                  1180c0e0    00000080               : knl_ipos.o674 (.bios)
                  1180c160    00000080               : knl_post.o674 (.bios)
                  1180c1e0    00000080               : lck.o674 (.bios)
                  1180c260    00000080               : log.o674 (.bios)
                  1180c2e0    00000080     bios6748.a674 : idl_cal.o674 (.bios)
                  1180c360    00000060     bios.a674 : sys_erro.o674 (.bios:.near)
                  1180c3c0    00000060               : fxn.o674 (.bios)
                  1180c420    00000060               : hwi_c.o674 (.bios)
                  1180c480    00000060               : idl_busy.o674 (.bios)
                  1180c4e0    00000060               : sem_pend_counting.o674 (.bios)
                  1180c540    00000060               : sts.o674 (.bios)
                  1180c5a0    00000060               : sys_abor.o674 (.bios)
                  1180c600    00000060     bios6748.a674 : clk_meas.o674 (.bios)
                  1180c660    00000040     bios.a674 : idl_stub.o674 (.bios)
                  1180c6a0    00000040               : rta_andn.o674 (.bios)
                  1180c6e0    00000040               : utl_doab.o674 (.bios)
                  1180c720    00000040               : utl_putc.o674 (.bios)
                  1180c760    00000020               : fxn_c.o674 (.bios)
                  1180c780    00000020               : gbl_vers.o674 (.bios)
                  1180c7a0    00000020               : idl.o674 (.bios)
                  1180c7c0    00000020               : sts_set.o674 (.bios)
                  1180c7e0    00000020               : utl_doer.o674 (.bios)
                  1180c800    00000020               : utl_halt.o674 (.bios)
                  1180c820    00000020     bios6748.a674 : clk_gethtime.o674 (.bios)

.IRAM$heap 
*          0    1180c840    00002000     UNINITIALIZED
                  1180c840    00002000     --HOLE--

.cinit     0    1180e840    00001384     
                  1180e840    000006c4     hellocfg.obj (.cinit)
                  1180ef04    00000004     --HOLE-- [fill = 0]
                  1180ef08    000002e4     hello.obj (.cinit)
                  1180f1ec    00000004     --HOLE-- [fill = 0]
                  1180f1f0    0000026c     bios.a674 : biosdata.o674 (.cinit)
                  1180f45c    00000004     --HOLE-- [fill = 0]
                  1180f460    000001a4               : knl.o674 (.cinit)
                  1180f604    00000004     --HOLE-- [fill = 0]
                  1180f608    000000b0               : swi.o674 (.cinit)
                  1180f6b8    00000080               : tsk.o674 (.cinit)
                  1180f738    00000068     rtdx64xplus.lib : rtdx_mon.o64P (.cinit)
                  1180f7a0    00000060     bios.a674 : tsk_stup.o674 (.cinit)
                  1180f800    0000005c     lnkrtdx.a674 : rtdx.o674 (.cinit)
                  1180f85c    00000004     --HOLE-- [fill = 0]
                  1180f860    0000005c     rts6740.lib : defs.obj (.cinit)
                  1180f8bc    00000004     --HOLE-- [fill = 0]
                  1180f8c0    0000005c                 : lowlev.obj (.cinit)
                  1180f91c    00000004     --HOLE-- [fill = 0]
                  1180f920    0000004c     bios.a674 : rta.o674 (.cinit)
                  1180f96c    00000004     --HOLE-- [fill = 0]
                  1180f970    0000004c     rtdx64xplus.lib : buffer1.o64P (.cinit)
                  1180f9bc    00000004     --HOLE-- [fill = 0]
                  1180f9c0    0000003c     bios.a674 : exc.o674 (.cinit)
                  1180f9fc    00000004     --HOLE-- [fill = 0]
                  1180fa00    00000034               : hwi.o674 (.cinit)
                  1180fa34    00000004     --HOLE-- [fill = 0]
                  1180fa38    0000002c               : utl_putc.o674 (.cinit)
                  1180fa64    00000004     --HOLE-- [fill = 0]
                  1180fa68    0000002c     rts6740.lib : exit.obj (.cinit)
                  1180fa94    00000004     --HOLE-- [fill = 0]
                  1180fa98    00000024     bios.a674 : obj_init.o674 (.cinit)
                  1180fabc    00000004     --HOLE-- [fill = 0]
                  1180fac0    00000024     block_sine.obj (.cinit)
                  1180fae4    00000004     --HOLE-- [fill = 0]
                  1180fae8    0000001c     bios.a674 : exc_asm.o674 (.cinit)
                  1180fb04    00000004     --HOLE-- [fill = 0]
                  1180fb08    0000001c               : sys.o674 (.cinit)
                  1180fb24    00000004     --HOLE-- [fill = 0]
                  1180fb28    0000001c     rts6740.lib : _lock.obj (.cinit)
                  1180fb44    00000004     --HOLE-- [fill = 0]
                  1180fb48    0000001c                 : atexit.obj (.cinit)
                  1180fb64    00000004     --HOLE-- [fill = 0]
                  1180fb68    00000018     bios.a674 : knl_tick.o674 (.cinit)
                  1180fb80    0000000c               : idl_busy.o674 (.cinit)
                  1180fb8c    00000004     --HOLE-- [fill = 0]
                  1180fb90    0000000c               : knl_swit.o674 (.cinit)
                  1180fb9c    00000004     --HOLE-- [fill = 0]
                  1180fba0    0000000c     rts6740.lib : fopen.obj (.cinit)
                  1180fbac    00000004     --HOLE-- [fill = 0]
                  1180fbb0    0000000c                 : sinit.obj (.cinit)
                  1180fbbc    00000004     --HOLE-- [fill = 0]
                  1180fbc0    00000004     (.pad.cinit) [fill = 0]

.args      0    1180fbc4    00000004     
                  1180fbc4    00000004     --HOLE-- [fill = 0]

.const     0    1180fbc8    00000419     
                  1180fbc8    00000193     bios.a674 : exc.o674 (.const:.string)
                  1180fd5b    00000004               : mem_allo.o674 (.const:.string)
                  1180fd5f    00000001     --HOLE-- [fill = 0]
                  1180fd60    00000101     rts6740.lib : ctype.obj (.const:.string:__ctypes_)
                  1180fe61    00000004     bios.a674 : mem_free.o674 (.const:.string)
                  1180fe65    00000002     rts6740.lib : fputs.obj (.const:.string)
                  1180fe67    00000001     --HOLE-- [fill = 0]
                  1180fe68    00000080     evmc6748_bsl.lib : evmc6748.obj (.const:_bitval_u32)
                  1180fee8    0000004e     bios.a674 : tsk_stup.o674 (.const:.string)
                  1180ff36    00000002     --HOLE-- [fill = 0]
                  1180ff38    00000040     evmc6748_bsl.lib : evmc6748.obj (.const:.string)
                  1180ff78    00000023     bios.a674 : utl_doab.o674 (.const:.string)
                  1180ff9b    00000023     rts6740.lib : _printfi.obj (.const:.string)
                  1180ffbe    00000022     bios.a674 : utl_doer.o674 (.const:.string)
                  1180ffe0    00000001               : tsk.o674 (.const:.string)

.printf    0    1180ffe1    00000076     COPY SECTION
                  1180ffe1    00000076     hellocfg.obj (.printf)

.hst1      0    1180ffe4    00000010     UNINITIALIZED
                  1180ffe4    00000010     hellocfg.obj (.hst1)

.pinit     0    1180fff4    0000000c     
                  1180fff4    00000004     rtdx64xplus.lib : buffer1.o64P (.pinit)
                  1180fff8    00000004                     : rtdx_mon.o64P (.pinit)
                  1180fffc    00000004     --HOLE-- [fill = 0]

.trace$buf 
*          0    11810000    00001000     UNINITIALIZED
                  11810000    00001000     hellocfg.obj (.trace$buf)

.rtdx_text 
*          0    11811000    00000fc0     
                  11811000    000002a0     rtdx64xplus.lib : rtdx_mon.o64P (.rtdx_text:_HSRTDX_rec)
                  118112a0    00000260                     : buffer1.o64P (.rtdx_text:_RTDX_Buffer_WriteCB)
                  11811500    00000260                     : buffer1.o64P (.rtdx_text:_RTDX_write_next)
                  11811760    000001a0                     : rtdx_mon.o64P (.rtdx_text:_HSRTDX_xmt)
                  11811900    00000160                     : rtdx_mon.o64P (.rtdx_text:_RTDX_Send_To_Host)
                  11811a60    000000e0                     : rtdx_mon.o64P (.rtdx_text:_RTDX_Mon_Queue)
                  11811b40    000000e0                     : buffer1.o64P (.rtdx_text:_claim)
                  11811c20    000000a0                     : rtdx_mon.o64P (.rtdx_text:_RTDX_GetH2THeader)
                  11811cc0    000000a0                     : rtdx_mon.o64P (.rtdx_text:_RTDX_Poll)
                  11811d60    00000080                     : rtdx_mon.o64P (.rtdx_text:_RTDX_Final_RT_Monitor)
                  11811de0    00000060                     : buffer1.o64P (.rtdx_text:_RTDX_Buffer_Initialize)
                  11811e40    00000060                     : rtdx_mon.o64P (.rtdx_text:_RTDX_Init_RT_Monitor)
                  11811ea0    00000040                     : buffer2.o64P (.rtdx_text:_RTDX_Buffer_ReadCB)
                  11811ee0    00000040                     : buffer1.o64P (.rtdx_text:_RTDX_Buffer_Size)
                  11811f20    00000040                     : memfill.o64P (.rtdx_text:_RTDX_memfill)
                  11811f60    00000020                     : buffer2.o64P (.rtdx_text:_RTDX_Buffer_Read)
                  11811f80    00000020                     : buffer1.o64P (.rtdx_text:_RTDX_Buffer_Write)
                  11811fa0    00000020                     : intr_tgt.o64P (.rtdx_text)

.far       0    11811fc0    00000c18     UNINITIALIZED
                  11811fc0    000003d4     hello.obj (.far)
                  11812394    00000004     bios6748.a674 : clk_data.o674 (.far)
                  11812398    00000324     rts6740.lib : defs.obj (.far)
                  118126bc    00000004                 : fopen.obj (.far)
                  118126c0    00000188                 : atexit.obj (.far)
                  11812848    0000011c                 : lowlev.obj (.far)
                  11812964    00000004                 : sinit.obj (.far)
                  11812968    000000d8     bios.a674 : knl.o674 (.far)
                  11812a40    0000005c               : tsk.o674 (.far)
                  11812a9c    00000004     --HOLE--
                  11812aa0    00000054               : obj_init.o674 (.far)
                  11812af4    00000050               : tsk_stup.o674 (.far)
                  11812b44    00000004     --HOLE--
                  11812b48    00000020               : sys.o674 (.far)
                  11812b68    00000018     rtdx64xplus.lib : rtdx_mon.o64P (.far)
                  11812b80    00000010     bios.a674 : exc.o674 (.far)
                  11812b90    00000010               : knl_tick.o674 (.far)
                  11812ba0    0000000c               : utl_putc.o674 (.far)
                  11812bac    00000004     --HOLE--
                  11812bb0    0000000c     block_sine.obj (.far)
                  11812bbc    0000000c     rts6740.lib : exit.obj (.far)
                  11812bc8    00000008                 : _lock.obj (.far)
                  11812bd0    00000008                 : trgdrv.obj (.far)

.TSK_idle$stk 
*          0    11812bd8    00000400     UNINITIALIZED
                  11812bd8    00000400     hellocfg.obj (.TSK_idle$stk)

.prd       0    11812fd8    00000020     UNINITIALIZED
                  11812fd8    00000020     hellocfg.obj (.prd)

.clk       0    11812ff8    00000008     UNINITIALIZED
                  11812ff8    00000008     hellocfg.obj (.clk)

.LOG_system$buf 
*          0    11813000    00000800     UNINITIALIZED
                  11813000    00000800     hellocfg.obj (.LOG_system$buf)

.sysinit   0    11813800    00000560     
                  11813800    00000380     hellocfg.obj (.sysinit)
                  11813b80    000000c0     bios.a674 : boot.o674 (.sysinit)
                  11813c40    000000c0               : mem_init.o674 (.sysinit)
                  11813d00    00000060               : tsk_init.o674 (.sysinit)

.idl       0    11813d60    00000010     UNINITIALIZED
                  11813d60    00000010     hellocfg.obj (.idl)

.idlcal    0    11813d70    00000010     UNINITIALIZED
                  11813d70    00000010     hellocfg.obj (.idlcal)

.rtdx_data 
*          0    11813d80    000004f4     UNINITIALIZED
                  11813d80    00000080     --HOLE--
                  11813e00    00000410     hellocfg.obj (.rtdx_data)
                  11814210    00000044     rtdx64xplus.lib : rtdx_mon.o64P (.rtdx_data)
                  11814254    00000020                     : buffer1.o64P (.rtdx_data)

.mem       0    11814274    00000004     UNINITIALIZED
                  11814274    00000004     hellocfg.obj (.mem)

.stack     0    11814278    00000400     UNINITIALIZED
                  11814278    00000400     --HOLE--

.bss       0    11814678    00000394     UNINITIALIZED
                  11814678    00000100     bios.a674 : hwi_disp_asm.o674 (.bss)
                  11814778    000000cc               : biosdata.o674 (.bss)
                  11814844    0000009c               : swi.o674 (.bss)
                  118148e0    00000048               : knl.o674 (.bss)
                  11814928    00000028     hellocfg.obj (.bss)
                  11814950    00000020     bios.a674 : exc_asm.o674 (.bss)
                  11814970    00000018               : hwi.o674 (.bss)
                  11814988    00000018     lnkrtdx.a674 : rtdx.o674 (.bss)
                  118149a0    00000010     bios.a674 : exc.o674 (.bss)
                  118149b0    00000010     rtdx64xplus.lib : buffer1.o64P (.bss)
                  118149c0    00000010                     : rtdx_mon.o64P (.bss)
                  118149d0    0000000c     bios.a674 : tsk.o674 (.bss)
                  118149dc    0000000c     hello.obj (.bss)
                  118149e8    00000008     bios.a674 : clk_data.o674 (.bss)
                  118149f0    00000008               : sys.o674 (.bss)
                  118149f8    00000004               : clk_data2.o674 (.bss)
                  118149fc    00000004               : idl_busy.o674 (.bss)
                  11814a00    00000004               : mem_asm.o674 (.bss)
                  11814a04    00000004     block_sine.obj (.bss)
                  11814a08    00000004     evmc6748_bsl.lib : evmc6748_i2c.obj (.bss)

.cio       0    11814a10    00000120     UNINITIALIZED
                  11814a10    00000120     rts6740.lib : trgmsg.obj (.cio)

.pip       0    11814b30    000000c8     UNINITIALIZED
                  11814b30    000000c8     hellocfg.obj (.pip)

.hwi_vec   0    11814c00    00000200     
                  11814c00    00000200     hellocfg.obj (.hwi_vec)

.trace     0    11814e00    00000200     
                  11814e00    00000200     --HOLE-- [fill = 00000000]

.hst0      0    11815000    00000100     UNINITIALIZED
                  11815000    00000100     hellocfg.obj (.hst0)

.tsk       0    11815100    00000060     UNINITIALIZED
                  11815100    00000060     hellocfg.obj (.tsk)

.swi       0    11815160    00000058     UNINITIALIZED
                  11815160    00000058     hellocfg.obj (.swi)

.sts       0    118151b8    00000050     
                  118151b8    00000050     hellocfg.obj (.sts)

.gblinit   0    11815208    0000004c     
                  11815208    0000004c     hellocfg.obj (.gblinit)

.switch    0    11815254    00000044     
                  11815254    00000024     evmc6748_bsl.lib : evmc6748_gpio.obj (.switch:_getRegisterBankAndBit)
                  11815278    00000020                      : evmc6748_dip.obj (.switch:_convertDipToI2CGpio)

.hst       0    11815298    0000003c     UNINITIALIZED
                  11815298    0000003c     hellocfg.obj (.hst)

.log       0    118152d4    00000030     
                  118152d4    00000030     hellocfg.obj (.log)

.sys       0    11815304    00000010     UNINITIALIZED
                  11815304    00000010     hellocfg.obj (.sys)

.trcdata   0    11815314    0000000c     
                  11815314    0000000c     bios.a674 : trc.o674 (.trcdata)


GLOBAL SYMBOLS: SORTED ALPHABETICALLY BY Name 

address    name
--------   ----
11814678   $bss
11814678   .bss
11800000   .data
11800000   .text
118139c4   BIOS$$CLKOFF
11813984   BIOS$$CLKON
11813800   BIOS_init
11813a30   BIOS_start
00000000   BUF$
00000001   BUF_ENABLED
118082f8   C$$IO$$
ffffffff   CACHE_L1D
ffffffff   CACHE_L1P
00000001   CLK$
11812ff8   CLK_A_TABBEG
00000001   CLK_CALDIV
00000001   CLK_CALMULT
000493e0   CLK_COUNTSPMS
00000004   CLK_COUNTSPMSHIGH
118147a0   CLK_D_idletime
1181479c   CLK_D_isrhook
11814798   CLK_D_tabbeg
11814794   CLK_D_timefxn
00000001   CLK_ENABLEHTIME
1180c820   CLK_F_gethtime
1180b3c0   CLK_F_getltime
1180b3d0   CLK_F_isr
1180b510   CLK_F_itime
118090a0   CLK_HOOKFXN
00000001   CLK_HTIMEDIV
00000001   CLK_HTIMEMULT
000493e0   CLK_HTIMEPERLTIME
00005dc0   CLK_INPUTCLK
00004000   CLK_INTBIT
00000001   CLK_LTIMEDIV
000493e0   CLK_LTIMEMULT
000003e8   CLK_MICROSECS
00000001   CLK_POWERENABLE
00005dc0   CLK_PRD
00000000   CLK_PRDHIGH
01c20000   CLK_REGS
00000001   CLK_RESETTIMER
11814790   CLK_R_time
00000020   CLK_TCR
00000000   CLK_TDDR
00000000   CLK_TDDRHIGH
1180c820   CLK_TIMEFXN
00000000   CLK_TIMERNUM
00000005   CLK_TIMMODE
00000001   CLK_USETIMER
11812ffc   CLK_null
ffffffff   DDR
00000000   DEV$
00000000   DGN$
00000000   DHL$
00000000   DHL_gChannelsAvailable
00000000   DIO$
00000000   DIO_NUMSWIBASE
00000000   DIO_NUMTSKBASE
00000000   DIO_STATIC
00000000   DPI$
00000000   ECM$
00000000   ECM_ENABLE
ffffffff   ECM_EVTMASK0
ffffffff   ECM_EVTMASK1
ffffffff   ECM_EVTMASK2
ffffffff   ECM_EVTMASK3
0000000a   EVENT10
00000064   EVENT100
00000065   EVENT101
00000066   EVENT102
00000067   EVENT103
00000068   EVENT104
00000069   EVENT105
0000006a   EVENT106
0000006b   EVENT107
0000006c   EVENT108
0000006d   EVENT109
0000000b   EVENT11
0000006e   EVENT110
0000006f   EVENT111
00000070   EVENT112
00000071   EVENT113
00000072   EVENT114
00000073   EVENT115
00000074   EVENT116
00000075   EVENT117
00000076   EVENT118
00000077   EVENT119
0000000c   EVENT12
00000078   EVENT120
00000079   EVENT121
0000007a   EVENT122
0000007b   EVENT123
0000007c   EVENT124
0000007d   EVENT125
0000007e   EVENT126
0000007f   EVENT127
0000000d   EVENT13
0000000e   EVENT14
0000000f   EVENT15
00000010   EVENT16
00000011   EVENT17
00000012   EVENT18
00000013   EVENT19
00000014   EVENT20
00000015   EVENT21
00000016   EVENT22
00000017   EVENT23
00000018   EVENT24
00000019   EVENT25
0000001a   EVENT26
0000001b   EVENT27
0000001c   EVENT28
0000001d   EVENT29
0000001e   EVENT30
0000001f   EVENT31
00000020   EVENT32
00000021   EVENT33
00000022   EVENT34
00000023   EVENT35
00000024   EVENT36
00000025   EVENT37
00000026   EVENT38
00000027   EVENT39
00000004   EVENT4
00000028   EVENT40
00000029   EVENT41
0000002a   EVENT42
0000002b   EVENT43
0000002c   EVENT44
0000002d   EVENT45
0000002e   EVENT46
0000002f   EVENT47
00000030   EVENT48
00000031   EVENT49
00000005   EVENT5
00000032   EVENT50
00000033   EVENT51
00000034   EVENT52
00000035   EVENT53
00000036   EVENT54
00000037   EVENT55
00000038   EVENT56
00000039   EVENT57
0000003a   EVENT58
0000003b   EVENT59
00000006   EVENT6
0000003c   EVENT60
0000003d   EVENT61
0000003e   EVENT62
0000003f   EVENT63
00000040   EVENT64
00000041   EVENT65
00000042   EVENT66
00000043   EVENT67
00000044   EVENT68
00000045   EVENT69
00000007   EVENT7
00000046   EVENT70
00000047   EVENT71
00000048   EVENT72
00000049   EVENT73
0000004a   EVENT74
0000004b   EVENT75
0000004c   EVENT76
0000004d   EVENT77
0000004e   EVENT78
0000004f   EVENT79
00000008   EVENT8
00000050   EVENT80
00000051   EVENT81
00000052   EVENT82
00000053   EVENT83
00000054   EVENT84
00000055   EVENT85
00000056   EVENT86
00000057   EVENT87
00000058   EVENT88
00000059   EVENT89
00000009   EVENT9
0000005a   EVENT90
0000005b   EVENT91
0000005c   EVENT92
0000005d   EVENT93
0000005e   EVENT94
0000005f   EVENT95
00000060   EVENT96
00000061   EVENT97
00000062   EVENT98
00000063   EVENT99
1180c3c0   FXN_F_nop
1180c3c4   FXN_F_run
1180c400   FXN_F_zero
00000001   GBL$
00005205   GBL_A_VERSION
00000000   GBL_BCACHEREADADDR0
00000000   GBL_BCACHEREADADDR1
00000000   GBL_BCACHEREADADDR2
00000000   GBL_BIGENDIAN
00000000   GBL_CACHE
00000000   GBL_CALLCSLCFGINIT
00004e20   GBL_CLKIN
00001a5b   GBL_CLKTYPE
00001a5c   GBL_DSPSUBTYPE
0000003e   GBL_DSPTYPE
00000001   GBL_ENABLEINST
00000000   GBL_ENABLE_SK
00000042   GBL_FOOTPRINT
000493e0   GBL_FREQ
00000000   GBL_GEMTRUECOMPEN
00000007   GBL_L1DMODE
00000007   GBL_L1PMODE
00000001   GBL_L2CONFIGURE
00000000   GBL_L2MAR0_31
00000001   GBL_L2MAR128_159
00000000   GBL_L2MAR160_191
ffffffff   GBL_L2MAR192_223
00000000   GBL_L2MAR224_255
00000000   GBL_L2MAR32_63
00000000   GBL_L2MAR64_95
00000000   GBL_L2MAR96_127
00000000   GBL_L2MODE
00000000   GBL_NULL
00000000   GBL_PROCID
00000000   GBL_ROM
00000000   GBL_SUPPORTCSL
0000dbef   GBL_TRCMASKVALUE
00000000   GBL_USERINIT
1180c760   GBL_USERINITFXN
00000001   GBL_boot
1181531c   GBL_initdone
11814278   GBL_stackbeg
11814677   GBL_stackend
00000000   GIO$
1180c760   GIO_CREATEFXN
1180c760   GIO_DELETEFXN
1180c760   GIO_PENDFXN
1180c760   GIO_POSTFXN
00000000   HOOK$
00000000   HOOK_KNLID
00000001   HST$
11815298   HST_A_TABBEG
118152d4   HST_A_TABEND
00000000   HST_DSM
11814934   HST_DSMBUFSEG
00000400   HST_DSMMEMSIZE
1181480c   HST_D_chanmask
11814810   HST_D_tabbeg
11814814   HST_D_tabend
000000ff   HST_MAXFRAMEALLOWED
00000040   HST_MAXFRAMESET
00000000   HST_NONE
00000001   HST_RTDX
00000001   HWI$
11814c00   HWI_A_VECS
00005828   HWI_CFGDISPATCHED
11814980   HWI_D_bss
11814984   HWI_D_ccmask
11814970   HWI_D_spsave
00000001   HWI_ENABLE_EXC
118090a0   HWI_F_dispatch
00000000   HWI_GENERATE_RESET_VEC
0000000a   HWI_INT10
00000000   HWI_INT10$hwi
0000000b   HWI_INT11
00000000   HWI_INT11$hwi
0000000c   HWI_INT12
00000000   HWI_INT12$hwi
0000000d   HWI_INT13
00000000   HWI_INT13$hwi
0000000e   HWI_INT14
00000000   HWI_INT14$hwi
0000000f   HWI_INT15
00000000   HWI_INT15$hwi
00000004   HWI_INT4
00000000   HWI_INT4$hwi
00000005   HWI_INT5
00000000   HWI_INT5$hwi
00000006   HWI_INT6
00000000   HWI_INT6$hwi
00000007   HWI_INT7
00000000   HWI_INT7$hwi
00000008   HWI_INT8
00000000   HWI_INT8$hwi
00000009   HWI_INT9
00000000   HWI_INT9$hwi
07063d04   HWI_INTRMUX1
0b0a0908   HWI_INTRMUX2
28040d0c   HWI_INTRMUX3
00000001   HWI_NMI
00000000   HWI_NMI$hwi
00000000   HWI_POLARITYMASK
00000002   HWI_RESERVED0
00000000   HWI_RESERVED0$hwi
00000003   HWI_RESERVED1
00000000   HWI_RESERVED1$hwi
00000000   HWI_RESET
00000000   HWI_RESET$hwi
00000000   HWI_ZEROTAB
00000001   IDL$
11813d70   IDL_A_CALBEG
11813d60   IDL_A_TABBEG
00000006   IDL_CALIBRERROR
1180c660   IDL_CALIBRFXN
118149fc   IDL_D_busyObj
11814780   IDL_D_calbeg
1181477c   IDL_D_calibrate
11814778   IDL_D_tabbeg
11813d6c   IDL_END
11813d7c   IDL_END$
1180c480   IDL_F_busy
1180c2e0   IDL_F_calibrate
1180c7a0   IDL_F_loop
1180c660   IDL_F_stub
00000001   IDL_USECLKIDLTIME
118151fc   IDL_busyObj
11810052   IDL_busyObj$avgfmt
00000001   IDL_busyObj$filter
00000001   IDL_busyObj$iA
00000000   IDL_busyObj$iB
00000001   IDL_busyObj$iC
1181004c   IDL_busyObj$maxfmt
00000000   IDL_busyObj$operation
118151f8   IDL_busyObj$stsobj
1181004f   IDL_busyObj$sumfmt
00000002   IDL_busyObj$unittype
11813d60   IDL_cpuLoad
11813d70   IDL_cpuLoad$
11814934   IRAM
1180c840   IRAM$B
00002000   IRAM$L
00000001   ISRC$
1180b6b8   KNL_glue
1181518c   KNL_swi
00000001   KNL_swi$dorta
00000002   KNL_swi$ord
00000000   KNL_swi$pri
118151dc   KNL_swi$sts
11810028   KNL_swi$sts$avgfmt
00000002   KNL_swi$sts$filter
00000001   KNL_swi$sts$filtmaxmult
00000001   KNL_swi$sts$filtsummult
11810018   KNL_swi$sts$maxfmt
118151d8   KNL_swi$sts$stsobj
11810020   KNL_swi$sts$sumfmt
00000000   KNL_swi$sts$unittype
00000000   KNL_swi$swi
ffffffff   L3_CBA_RAM
00000001   LCK$
11808560   LNK_F_checkBufferCall
118085e0   LNK_F_dataPump
11808580   LNK_F_getChanPtr
118085d8   LNK_F_init
11808ae8   LNK_F_readCallBack
11813d64   LNK_dataPump
11813d74   LNK_dataPump$
1181498c   LNK_dspFrameReadyMask
11814988   LNK_dspFrameRequestMask
11808860   LNK_newin
11808994   LNK_newout
118085f0   LNK_rcloop
118086b4   LNK_rdrtry
11814994   LNK_readDone
11814998   LNK_readFail
11814990   LNK_readPend
118086c4   LNK_rrloop
1181499c   LNK_writeFail
11808790   LNK_wrloop
11808784   LNK_wrrtry
00000001   LOG$
118152d4   LOG_A_TABBEG
11815304   LOG_A_TABEND
00000002   LOG_A_TABLEN
11814784   LOG_D_system
00000001   LOG_ENABLED
1180c260   LOG_F_event
118152d4   LOG_system
11813000   LOG_system$buf
00000000   LOG_system$datatype
00000000   LOG_system$log
00000200   LOG_system$size
00000000   MBX$
00000001   MEM$
11814934   MEM_MALLOCSEG
00000000   MEM_NULL
11814934   MEM_SEGZERO
00000000   MEM_USEMPC
00000001   MEM_gNumHeap
00000000   MSGQ$
00000000   MSGQ_USEMSGQ
00000000   OBJ$
00000000   PIP$
11814b30   PIP_A_TABBEG
11814bf8   PIP_A_TABEND
00000002   PIP_A_TABLEN
11814788   PIP_D_tabbeg
1181478c   PIP_D_tablen
1180ad38   PIP_F_give
1180ad38   PIP_F_probe
1180ae08   PIP_F_start
1180acc0   PIP_F_take
00000064   PIP_OBJSIZE
00000000   PIP_gNextId
00000002   PIP_gNumEmbed
00000000   POOL$
00000000   POOL_USEPOOL
00000001   PRD$
11812fd8   PRD0
11812ff4   PRD0$aaa
00000000   PRD0$mode
00000001   PRD0$ord
000001f4   PRD0$period
00000000   PRD0$prd
118151bc   PRD0$sts
1180fff3   PRD0$sts$avgfmt
00000000   PRD0$sts$filter
1180ffe1   PRD0$sts$maxfmt
118151b8   PRD0$sts$stsobj
1180ffea   PRD0$sts$sumfmt
00000002   PRD0$sts$unittype
11812fd8   PRD_A_TABBEG
11812ff8   PRD_A_TABEND
00000001   PRD_A_TABLEN
118147c8   PRD_D_cur
118147cc   PRD_D_elapsed
118147d0   PRD_D_prevtim
118147d4   PRD_D_scalar
118147d8   PRD_D_swihandle
118147dc   PRD_D_tabbeg
118147e0   PRD_D_tablen
118147e4   PRD_D_thook
118147c4   PRD_D_tick
11809a40   PRD_F_swi
11809cc4   PRD_F_tick
00000001   PRD_SCALAR
11815160   PRD_SWIHANDLE
1180a8d4   PRD_THOOKFXN
11812ff8   PRD_clock
11815160   PRD_swi
00000001   PRD_swi$dorta
00000001   PRD_swi$ord
00000001   PRD_swi$pri
118151cc   PRD_swi$sts
1181000e   PRD_swi$sts$avgfmt
00000002   PRD_swi$sts$filter
00000001   PRD_swi$sts$filtmaxmult
00000001   PRD_swi$sts$filtsummult
1180fffe   PRD_swi$sts$maxfmt
118151c8   PRD_swi$sts$stsobj
11810006   PRD_swi$sts$sumfmt
00000000   PRD_swi$sts$unittype
00000000   PRD_swi$swi
00000001   PWRM$
00000030   PWRM_PWRM_CAPSMASK
0000000a   PWRM_PWRM_CLKTICKSPERSLOT
00000000   PWRM_PWRM_ENABLE
00000002   PWRM_PWRM_INITSPCPU
00000000   PWRM_PWRM_INITSPPER
00000000   PWRM_PWRM_LOADENABLE
00000001   PWRM_PWRM_NUMSLOTS
00000000   PWRM_PWRM_RESOURCETRACKING
00000000   PWRM_PWRM_SCALING
1180c760   PWRM_PWRM_SHAREDRESOURCEFXN
1180c760   PWRM_PWRM_SLOTHOOKFXN
00000000   PWRM_PWRM_TIMERIDNUM
00000000   PWRM_PWRM_TIMERINTRMASK
00000000   PWRM_PWRM_TIMERWUGENMASK
00000000   PWRM_PWRM_USERRESOURCES
00000000   PWRM_PWRM_USETIMER
00000001   QUE$
118147e8   RTA_D_fromHost
118147f0   RTA_D_logval
11814800   RTA_D_stsval
118147ec   RTA_D_toHost
1180c6a0   RTA_F_andn
1180a120   RTA_F_dispatch
1180a040   RTA_F_getlog
1180a078   RTA_F_getsts
1180c6b8   RTA_F_or
1180a0b8   RTA_F_readblk
1180a0e0   RTA_F_resetmem
1180a0d4   RTA_F_writeword
11813d68   RTA_dispatcher
11813d78   RTA_dispatcher$
1180a16c   RTA_execute
1181529c   RTA_fromHost
1180ffe4   RTA_fromHost$buf
00000004   RTA_fromHost$framesize
00000000   RTA_fromHost$hst
00000001   RTA_fromHost$id
00000000   RTA_fromHost$mode
11814b30   RTA_fromHost$pipe
11814b60   RTA_fromHost$pipe$aaa
11814b90   RTA_fromHost$pipe$bbb
11814938   RTA_fromHost$pipe$dtab
11814b34   RTA_fromHost$pipe$rd
11814b64   RTA_fromHost$pipe$wr
118152a4   RTA_fromHost$rtdx
118152b8   RTA_toHost
11815000   RTA_toHost$buf
00000040   RTA_toHost$framesize
00000000   RTA_toHost$hst
00000000   RTA_toHost$id
00000001   RTA_toHost$mode
11814b94   RTA_toHost$pipe
11814bc4   RTA_toHost$pipe$aaa
11814bf4   RTA_toHost$pipe$bbb
11814944   RTA_toHost$pipe$dtab
11814b98   RTA_toHost$pipe$rd
11814bc8   RTA_toHost$pipe$wr
118152c0   RTA_toHost$rtdx
00000001   RTDX$
00000408   RTDX_BUFMEMSIZE
11814934   RTDX_DATAMEMSEG
00000000   RTDX_MODE
00000001   RTDX_NORMALIZED_HDR
00000001   RTDX_USERTDX
00000000   RTDX_USERTEXECUTION
00000000   SEM$
00000000   SIO$
00000001   STS$
118151b8   STS_A_TABBEG
11815208   STS_A_TABEND
1180c56c   STS_F_add
1180c540   STS_F_delta
1180c588   STS_F_reset
00000001   SWI$
11815160   SWI_A_TABBEG
118151b8   SWI_A_TABEND
00000002   SWI_A_TABLEN
1181485c   SWI_D_curfxn
1181484c   SWI_D_curmask
11814858   SWI_D_curmbox
11814850   SWI_D_curset
11814848   SWI_D_execaddr
11814864   SWI_D_inswi
11814854   SWI_D_lock
11814860   SWI_D_rdybeg
11814868   SWI_D_rdytab
11814844   SWI_D_runaddr
00000000   SWI_EHOOKFXN
11809764   SWI_EXECFXN
11809580   SWI_F_enable
11809764   SWI_F_exec
1180978c   SWI_F_iexec
118095f0   SWI_F_post
1180980c   SWI_F_run
00000000   SWI_IHOOKFXN
1180980c   SWI_RUNFXN
00000001   SYS$
11815304   SYS$config
1180c6e0   SYS_ABORTFXN
1180c7e0   SYS_ERRORFXN
1180c800   SYS_EXITFXN
1180c720   SYS_PUTCFXN
11815318   TRC_R_mask
11815314   TRC_cinit
00000001   TSK$
00000000   TSK_NUM_HOOKS
00000001   TSK_PRIORITY
00000000   TSK_READYFXN
00000000   TSK_STACKSEG
00000400   TSK_STACKSIZE
00000000   TSK_SWITCHFXN
1180c760   TSK_VCREATEFXN
1180c760   TSK_VDELETEFXN
1180c760   TSK_VEXITFXN
1181510c   TSK_idle
00000000   TSK_idle$ord
00000000   TSK_idle$pri
11812bd8   TSK_idle$stack
11812f70   TSK_idle$stkptr
118151ec   TSK_idle$sts
11810042   TSK_idle$sts$avgfmt
00000002   TSK_idle$sts$filter
00000001   TSK_idle$sts$filtmaxmult
00000001   TSK_idle$sts$filtsummult
11810032   TSK_idle$sts$maxfmt
118151e8   TSK_idle$sts$stsobj
1181003a   TSK_idle$sts$sumfmt
00000000   TSK_idle$sts$unittype
00000000   TSK_idle$tsk
00000000   UDEV$
118019ec   _AIC3106_Init
11801aa0   _AIC3106_readRegister
11801af4   _AIC3106_writeRegister
1180c760   _BCACHE_bootInit
1180ba74   _BCACHE_getMar
1180ba24   _BCACHE_getSize
1180b9f4   _BCACHE_setCacheToSram
1180b9a4   _BCACHE_setMar
1180b960   _BCACHE_setSize
11813800   _BIOS_init
11813a30   _BIOS_start
ffffffff   _CACHE_L1D
ffffffff   _CACHE_L1P
000493e0   _CLK_COUNTSPMS
118149e8   _CLK_DFLTMICROSECS
118147c0   _CLK_D_countspms
118147b4   _CLK_D_dirty
118149ec   _CLK_D_microseconds
118147b8   _CLK_D_prd
118147bc   _CLK_D_tddr
1180b510   _CLK_F_itime
00005dc0   _CLK_PRD
01c20000   _CLK_REGS
00000000   _CLK_TDDR
00000000   _CLK_TIMERNUM
00000001   _CLK_USETIMER
1180c820   _CLK_gethtime
118147a4   _CLK_htimeDiv
118147a8   _CLK_htimeMult
118149f8   _CLK_htimePerLtime
11812394   _CLK_inputClock
1180b510   _CLK_itime
118147ac   _CLK_ltimeDiv
118147b0   _CLK_ltimeMult
1180c600   _CLK_measure
ffffffff   _DDR
11806124   _DIP_get
11806188   _DIP_getAll
11806100   _DIP_init
0000000a   _EVENT10
00000064   _EVENT100
00000065   _EVENT101
00000066   _EVENT102
00000067   _EVENT103
00000068   _EVENT104
00000069   _EVENT105
0000006a   _EVENT106
0000006b   _EVENT107
0000006c   _EVENT108
0000006d   _EVENT109
0000000b   _EVENT11
0000006e   _EVENT110
0000006f   _EVENT111
00000070   _EVENT112
00000071   _EVENT113
00000072   _EVENT114
00000073   _EVENT115
00000074   _EVENT116
00000075   _EVENT117
00000076   _EVENT118
00000077   _EVENT119
0000000c   _EVENT12
00000078   _EVENT120
00000079   _EVENT121
0000007a   _EVENT122
0000007b   _EVENT123
0000007c   _EVENT124
0000007d   _EVENT125
0000007e   _EVENT126
0000007f   _EVENT127
0000000d   _EVENT13
0000000e   _EVENT14
0000000f   _EVENT15
00000010   _EVENT16
00000011   _EVENT17
00000012   _EVENT18
00000013   _EVENT19
00000014   _EVENT20
00000015   _EVENT21
00000016   _EVENT22
00000017   _EVENT23
00000018   _EVENT24
00000019   _EVENT25
0000001a   _EVENT26
0000001b   _EVENT27
0000001c   _EVENT28
0000001d   _EVENT29
0000001e   _EVENT30
0000001f   _EVENT31
00000020   _EVENT32
00000021   _EVENT33
00000022   _EVENT34
00000023   _EVENT35
00000024   _EVENT36
00000025   _EVENT37
00000026   _EVENT38
00000027   _EVENT39
00000004   _EVENT4
00000028   _EVENT40
00000029   _EVENT41
0000002a   _EVENT42
0000002b   _EVENT43
0000002c   _EVENT44
0000002d   _EVENT45
0000002e   _EVENT46
0000002f   _EVENT47
00000030   _EVENT48
00000031   _EVENT49
00000005   _EVENT5
00000032   _EVENT50
00000033   _EVENT51
00000034   _EVENT52
00000035   _EVENT53
00000036   _EVENT54
00000037   _EVENT55
00000038   _EVENT56
00000039   _EVENT57
0000003a   _EVENT58
0000003b   _EVENT59
00000006   _EVENT6
0000003c   _EVENT60
0000003d   _EVENT61
0000003e   _EVENT62
0000003f   _EVENT63
00000040   _EVENT64
00000041   _EVENT65
00000042   _EVENT66
00000043   _EVENT67
00000044   _EVENT68
00000045   _EVENT69
00000007   _EVENT7
00000046   _EVENT70
00000047   _EVENT71
00000048   _EVENT72
00000049   _EVENT73
0000004a   _EVENT74
0000004b   _EVENT75
0000004c   _EVENT76
0000004d   _EVENT77
0000004e   _EVENT78
0000004f   _EVENT79
00000008   _EVENT8
00000050   _EVENT80
00000051   _EVENT81
00000052   _EVENT82
00000053   _EVENT83
00000054   _EVENT84
00000055   _EVENT85
00000056   _EVENT86
00000057   _EVENT87
00000058   _EVENT88
00000059   _EVENT89
00000009   _EVENT9
0000005a   _EVENT90
0000005b   _EVENT91
0000005c   _EVENT92
0000005d   _EVENT93
0000005e   _EVENT94
0000005f   _EVENT95
00000060   _EVENT96
00000061   _EVENT97
00000062   _EVENT98
00000063   _EVENT99
118001e8   _EVMC6748_enableDsp
11800000   _EVMC6748_init
1180002c   _EVMC6748_initRAM
118002b0   _EVMC6748_lpscTransition
11800214   _EVMC6748_pinmuxConfig
11809070   _EXC_clearLastStatus
1180aae0   _EXC_dispatch
11808e94   _EXC_exceptionHandler
118149a0   _EXC_exceptionHook
11808e60   _EXC_external
118149a8   _EXC_externalHook
11808e40   _EXC_getLastStatus
11808e00   _EXC_init
11808b54   _EXC_internal
118149a4   _EXC_internalHook
11808b20   _EXC_nmi
118149ac   _EXC_nmiHook
11814958   _EXC_returnPtr
1180aca4   _EXC_setReturnPtr
11812b80   _EXC_status
11814950   _EXC_sysTrapTable
1180c760   _FXN_F_nop
1180c3c4   _FXN_F_run
1180c400   _FXN_F_zero
00000000   _GBL_CACHE
1180bb08   _GBL_cacheInit64P
1181481c   _GBL_clkIn
11814820   _GBL_freq
1180c780   _GBL_getVersion
11814818   _GBL_procId
11803958   _GPIO_getInput
118038e0   _GPIO_setDir
118039cc   _GPIO_setOutput
11803a4c   _GPIO_toggleLoop
11807900   _HOSTclose
11806840   _HOSTlseek
11806b40   _HOSTopen
11806c20   _HOSTread
11805f80   _HOSTrename
11807240   _HOSTunlink
11807300   _HOSTwrite
11811000   _HSRTDX_rec
11811760   _HSRTDX_xmt
11815298   _HST_A_TABBEG
118152d4   _HST_A_TABEND
00005828   _HWI_CFGDISPATCHED
1181497c   _HWI_D_inhwi
11814970   _HWI_D_spsave
118090a0   _HWI_F_dispatch
0000000a   _HWI_INT10
0000000b   _HWI_INT11
0000000c   _HWI_INT12
0000000d   _HWI_INT13
0000000e   _HWI_INT14
0000000f   _HWI_INT15
00000004   _HWI_INT4
00000005   _HWI_INT5
00000006   _HWI_INT6
00000007   _HWI_INT7
00000008   _HWI_INT8
00000009   _HWI_INT9
00000001   _HWI_NMI
00000002   _HWI_RESERVED0
00000003   _HWI_RESERVED1
00000000   _HWI_RESET
11814670   _HWI_STKBOTTOM
11814278   _HWI_STKTOP
11814970   _HWI_data
1180c420   _HWI_disable
11814678   _HWI_dispatchTab
1180c438   _HWI_enable
1180c44c   _HWI_restore
11802cf4   _I2CGPIO_getInput
11802e10   _I2CGPIO_getInputAll
11802c20   _I2CGPIO_init
11802f20   _I2CGPIO_setOutput
11803068   _I2CGPIO_setOutputAll
11803c60   _I2C_init
11803d4c   _I2C_read
11803ea8   _I2C_write
118151fc   _IDL_busyObj
11813d60   _IDL_cpuLoad
1180c7a0   _IDL_loop
11814934   _IRAM
1180c840   _IRAM_base
00002000   _IRAM_length
118148e8   _KNL_alarm
1180bbc0   _KNL_check
1181490c   _KNL_curqueue
118148fc   _KNL_curtask
11814904   _KNL_curtime
11812a08   _KNL_dummy
1180bf20   _KNL_enter
1180bee0   _KNL_exit
1180bc88   _KNL_idle
11814924   _KNL_idlefxn
118148f0   _KNL_inactive
1180c0e0   _KNL_ipost
1180bcb0   _KNL_max
11814910   _KNL_maxqueue
1180c160   _KNL_post
11814900   _KNL_prevtask
118148f4   _KNL_priority
11812968   _KNL_queues
1180a2c0   _KNL_run
1180b560   _KNL_saveIsrFrame
118148f8   _KNL_set
118148ec   _KNL_setpri
1181518c   _KNL_swi
11814908   _KNL_swiptr
1180b60c   _KNL_switch
11814918   _KNL_tcreatefxn
1181491c   _KNL_tdeletefxn
1180a8d4   _KNL_tick
11814920   _KNL_treadyfxn
11814914   _KNL_tswitchfxn
118148e0   _KNL_wFlag
118148e4   _KNL_wList
ffffffff   _L3_CBA_RAM
1180c200   _LCK_pend
1180c1e0   _LCK_post
11805a40   _LED_init
11805a8c   _LED_isOn
11805b8c   _LED_toggle
11805b44   _LED_turnOff
11805af4   _LED_turnOn
11813d64   _LNK_dataPump
1181498c   _LNK_dspFrameReadyMask
11814988   _LNK_dspFrameRequestMask
11814994   _LNK_readDone
11814998   _LNK_readFail
11814990   _LNK_readPend
1181499c   _LNK_writeFail
118152d4   _LOG_A_TABBEG
11815304   _LOG_A_TABEND
00000002   _LOG_A_TABLEN
11814784   _LOG_D_system
1180c260   _LOG_event
118152d4   _LOG_system
11814a00   _MEM
11814824   _MEM_D_NUMSEGMENTS
1181482c   _MEM_D_freelist
11814830   _MEM_D_lockaddr
11814828   _MEM_D_memtab
11814834   _MEM_D_unlockaddr
1180a500   _MEM_alloc
1180a900   _MEM_free
11813c40   _MEM_init
11814928   _MEM_memtab
11801670   _McASP_Init
118017b4   _McASP_Start
11812ad8   _OBJ_segtab
11812aa0   _OBJ_table
11814b30   _PIP_A_TABBEG
11814bf8   _PIP_A_TABEND
11812fd8   _PRD0
118147c4   _PRD_D_tick
11812ff8   _PRD_clock
11815160   _PRD_swi
11813d68   _RTA_dispatcher
1181529c   _RTA_fromHost
118152b8   _RTA_toHost
11813e00   _RTDX_Buffer
1181420c   _RTDX_Buffer_End
11811de0   _RTDX_Buffer_Initialize
11811f60   _RTDX_Buffer_Read
11811ea0   _RTDX_Buffer_ReadCB
11811ee0   _RTDX_Buffer_Size
11814208   _RTDX_Buffer_Start
11811f80   _RTDX_Buffer_Write
118112a0   _RTDX_Buffer_WriteCB
11811d60   _RTDX_Final_RT_Monitor
11811e40   _RTDX_Init_RT_Monitor
00000002   _RTDX_JTAGONLY
11811fa0   _RTDX_Mask_IER
11811a60   _RTDX_Mon_Queue
11811cc0   _RTDX_Poll
00000000   _RTDX_interrupt_mask
11811f20   _RTDX_memfill
11814260   _RTDX_writing
11814934   _SEG0
1180c4e0   _SEM_pend
1180aea0   _SEM_pendEnterKnl
1180be00   _SEM_post
1180be00   _SEM_postBinary
1180bfa0   _SEM_postEnterKnl
118151b8   _STS_A_TABBEG
11815208   _STS_A_TABEND
1180c56c   _STS_add
1180c540   _STS_delta
1180c588   _STS_reset
1180c7c0   _STS_set
1181485c   _SWI_D_curfxn
1181484c   _SWI_D_curmask
11814850   _SWI_D_curset
11814848   _SWI_D_execaddr
11814864   _SWI_D_inswi
11814854   _SWI_D_lock
11814860   _SWI_D_rdybeg
11814844   _SWI_D_runaddr
11814844   _SWI_data
118095f0   _SWI_post
11814838   _SYS
11814e00   _SYS_PUTCBEG
11814fff   _SYS_PUTCEND
1180c5a0   _SYS_abort
1180c360   _SYS_error
1180c040   _SYS_exit
11812b48   _SYS_exitStack
118149f0   _SYS_exitStackPtr
118149f4   _SYS_exitStackTop
11801bb0   _SetGpio
11815318   _TRC_R_mask
118149d8   _TSK
11812a40   _TSK_ATTRS
11812a5c   _TSK_config
1180b820   _TSK_exit
1181510c   _TSK_idle
11813d00   _TSK_init
118149d0   _TSK_nTasks
118149d4   _TSK_pid
1180b220   _TSK_setup
1180bd84   _TSK_startup
11812a7c   _TSK_timerSem
11801b38   _USTIMER_delay
11800c00   _UTIL_isUIBoardAttached
11800aa8   _UTIL_printMem
1180c6e0   _UTL_doAbort
1180c7e0   _UTL_doError
1180c720   _UTL_doPutc
1180c800   _UTL_halt
11814a10   __CIOBUF_
1180b530   __CLK_lat1beg
1180b550   __CLK_lat1end
11814840   __HOOK_NUMHOOKS
1181483c   __HOOK_knlId
118090a0   __HWI_lat1beg
11809228   __HWI_lat1end
11809228   __HWI_lat2beg
11809404   __HWI_lat2end1
11809390   __HWI_lat2end2
11809420   __HWI_lat3beg
118093c0   __HWI_lat3end2
1180c480   __IDL_lat1beg
1180c4c0   __IDL_lat1end
1180bc0c   __KNL_lat1beg
1180bc88   __KNL_lat1end
1180c260   __LOG_lat1beg
11812b1c   __MEM_mutex
1180a0e0   __RTA_lat1beg
1180a114   __RTA_lat1end
1180b080   __SEM_dopost
11814678   __STACK_END
00000400   __STACK_SIZE
118096f8   __SWI_lat1beg
118097a4   __SWI_lat1end
118097a8   __SWI_lat2beg
11809808   __SWI_lat2end
11809580   __SWI_lat3beg
118095ec   __SWI_lat3end
11812af4   __TSK_mutex
11812bc4   ___TI_enable_exit_profile_output
ffffffff   ___TI_pprof_out_hndl
ffffffff   ___TI_prof_data_size
ffffffff   ___TI_prof_data_start
11808300   ___add_dtor
118126c0   ___atexit_func_id__
ffffffff   ___binit__
11814678   ___bss__
ffffffff   ___c_args__
1180e840   ___cinit__
11800000   ___data__
11800000   ___edata__
11814a0c   ___end__
11808560   ___etext__
11808340   ___isinf
1180fff4   ___pinit__
11800000   ___text__
1180b6e0   __auto_init
11806d00   __c6xabi_divi
11807480   __c6xabi_divu
11807600   __c6xabi_remi
118079a0   __cleanup
11812bbc   __cleanup_ptr
118064e0   __closefile
1180fd60   __ctypes_
11801be0   __divd
11806d00   __divi
11807a40   __divli
11807480   __divu
11805de0   __divul
11804b00   __divull
11807540   __doflush
11812bc0   __dtors_ptr
11807c20   __fixdli
11807fe0   __fltlid
118083c0   __frcmpyd_div
118126b8   __ft_end
11812398   __ftable
11808060   __llshl
11808400   __llshru
11812bc8   __lock
11808480   __negll
118084a0   __nop
11803100   __printfi
11808500   __register_lock
11808520   __register_unlock
11807600   __remi
11808440   __remli
11814278   __stack
118081e0   __subcull
11812578   __tmpnams
11812bcc   __unlock
11806940   __wrt_ok
118121b8   _aHigh
118120c8   _aLow
118120f8   _aMid
11812158   _aPres
118076c0   _atexit
11806de0   _atoi
11800e58   _audioHWI
118121d0   _bHigh
118120e0   _bLow
11812128   _bMid
11812188   _bPres
11811fc0   _b_fir
1180fe68   _bitval_u32
118071f0   _blockSine
118121e8   _buffer
11813b80   _c_int00
11806a40   _call_dtors
11809fec   _calloc
11806ec0   _close
11800688   _config_pll0
118008c4   _config_pll1
11800d38   _dipPRD
118149e3   _dist
11812964   _dtors
118149e2   _eqBypass
11812270   _eqSignal
11805420   _fputc
11803540   _fputs
11809dc0   _free
11806720   _fseek
11812338   _high
118149e1   _highBoost
11801608   _initAll
118122f8   _low
118149de   _lowBoost
11807e00   _lseek
11807780   _ltoa
11800c20   _main
11809de4   _malloc
118149dc   _mask
11809f28   _memalign
11808240   _memccpy
11807ea0   _memcpy
11806fa0   _memset
11812308   _mid
118149df   _midBoost
11812320   _pres
118149e0   _presBoost
11807080   _printf
11805420   _putc
118015c0   _read_audio_sample
118080e0   _readmsg
11809e44   _realloc
11808540   _remove
118149b8   _rtdxNullChanCnt
118149bc   _rtdxNullFuncCnt
118149c4   _rtdxRecNotDoneCnt
118149cc   _rtdxXmtErrorCnt
118149c0   _rtdxXmtNotDoneCnt
118149c8   _rtdxXmtRestartCnt
11814254   _rtdx_buffer_state
11814210   _rtdx_mon_state
11805840   _setvbuf
11807160   _sineGen
118152ec   _trace
11808160   _unlink
11812388   _wHigh
11812348   _wLow
11812358   _wMid
11812370   _wPres
11807f40   _write
118149e4   _writeIndex
118015e4   _write_audio_sample
118082a0   _writemsg
ffffffff   binit
1180e840   cinit
11800000   edata
11814a0c   end
11808560   etext
11814c00   hwi0
11814c20   hwi1
11814d40   hwi10
11814d60   hwi11
11814d80   hwi12
11814da0   hwi13
11814dc0   hwi14
11814de0   hwi15
11814c40   hwi2
11814c60   hwi3
11814c80   hwi4
11814ca0   hwi5
11814cc0   hwi6
11814ce0   hwi7
11814d00   hwi8
11814d20   hwi9
1180fff4   pinit
118152ec   trace
11810000   trace$buf
00000001   trace$datatype
00000000   trace$log
00000400   trace$size


GLOBAL SYMBOLS: SORTED BY Symbol Address 

address    name
--------   ----
00000000   BUF$
00000000   CLK_PRDHIGH
00000000   CLK_TDDR
00000000   CLK_TDDRHIGH
00000000   CLK_TIMERNUM
00000000   DEV$
00000000   DGN$
00000000   DHL$
00000000   DHL_gChannelsAvailable
00000000   DIO$
00000000   DIO_NUMSWIBASE
00000000   DIO_NUMTSKBASE
00000000   DIO_STATIC
00000000   DPI$
00000000   ECM$
00000000   ECM_ENABLE
00000000   GBL_BCACHEREADADDR0
00000000   GBL_BCACHEREADADDR1
00000000   GBL_BCACHEREADADDR2
00000000   GBL_BIGENDIAN
00000000   GBL_CACHE
00000000   GBL_CALLCSLCFGINIT
00000000   GBL_ENABLE_SK
00000000   GBL_GEMTRUECOMPEN
00000000   GBL_L2MAR0_31
00000000   GBL_L2MAR160_191
00000000   GBL_L2MAR224_255
00000000   GBL_L2MAR32_63
00000000   GBL_L2MAR64_95
00000000   GBL_L2MAR96_127
00000000   GBL_L2MODE
00000000   GBL_NULL
00000000   GBL_PROCID
00000000   GBL_ROM
00000000   GBL_SUPPORTCSL
00000000   GBL_USERINIT
00000000   GIO$
00000000   HOOK$
00000000   HOOK_KNLID
00000000   HST_DSM
00000000   HST_NONE
00000000   HWI_GENERATE_RESET_VEC
00000000   HWI_INT10$hwi
00000000   HWI_INT11$hwi
00000000   HWI_INT12$hwi
00000000   HWI_INT13$hwi
00000000   HWI_INT14$hwi
00000000   HWI_INT15$hwi
00000000   HWI_INT4$hwi
00000000   HWI_INT5$hwi
00000000   HWI_INT6$hwi
00000000   HWI_INT7$hwi
00000000   HWI_INT8$hwi
00000000   HWI_INT9$hwi
00000000   HWI_NMI$hwi
00000000   HWI_POLARITYMASK
00000000   HWI_RESERVED0$hwi
00000000   HWI_RESERVED1$hwi
00000000   HWI_RESET
00000000   HWI_RESET$hwi
00000000   HWI_ZEROTAB
00000000   IDL_busyObj$iB
00000000   IDL_busyObj$operation
00000000   KNL_swi$pri
00000000   KNL_swi$sts$unittype
00000000   KNL_swi$swi
00000000   LOG_system$datatype
00000000   LOG_system$log
00000000   MBX$
00000000   MEM_NULL
00000000   MEM_USEMPC
00000000   MSGQ$
00000000   MSGQ_USEMSGQ
00000000   OBJ$
00000000   PIP$
00000000   PIP_gNextId
00000000   POOL$
00000000   POOL_USEPOOL
00000000   PRD0$mode
00000000   PRD0$prd
00000000   PRD0$sts$filter
00000000   PRD_swi$sts$unittype
00000000   PRD_swi$swi
00000000   PWRM_PWRM_ENABLE
00000000   PWRM_PWRM_INITSPPER
00000000   PWRM_PWRM_LOADENABLE
00000000   PWRM_PWRM_RESOURCETRACKING
00000000   PWRM_PWRM_SCALING
00000000   PWRM_PWRM_TIMERIDNUM
00000000   PWRM_PWRM_TIMERINTRMASK
00000000   PWRM_PWRM_TIMERWUGENMASK
00000000   PWRM_PWRM_USERRESOURCES
00000000   PWRM_PWRM_USETIMER
00000000   RTA_fromHost$hst
00000000   RTA_fromHost$mode
00000000   RTA_toHost$hst
00000000   RTA_toHost$id
00000000   RTDX_MODE
00000000   RTDX_USERTEXECUTION
00000000   SEM$
00000000   SIO$
00000000   SWI_EHOOKFXN
00000000   SWI_IHOOKFXN
00000000   TSK_NUM_HOOKS
00000000   TSK_READYFXN
00000000   TSK_STACKSEG
00000000   TSK_SWITCHFXN
00000000   TSK_idle$ord
00000000   TSK_idle$pri
00000000   TSK_idle$sts$unittype
00000000   TSK_idle$tsk
00000000   UDEV$
00000000   _CLK_TDDR
00000000   _CLK_TIMERNUM
00000000   _GBL_CACHE
00000000   _HWI_RESET
00000000   _RTDX_interrupt_mask
00000000   trace$log
00000001   BUF_ENABLED
00000001   CLK$
00000001   CLK_CALDIV
00000001   CLK_CALMULT
00000001   CLK_ENABLEHTIME
00000001   CLK_HTIMEDIV
00000001   CLK_HTIMEMULT
00000001   CLK_LTIMEDIV
00000001   CLK_POWERENABLE
00000001   CLK_RESETTIMER
00000001   CLK_USETIMER
00000001   GBL$
00000001   GBL_ENABLEINST
00000001   GBL_L2CONFIGURE
00000001   GBL_L2MAR128_159
00000001   GBL_boot
00000001   HST$
00000001   HST_RTDX
00000001   HWI$
00000001   HWI_ENABLE_EXC
00000001   HWI_NMI
00000001   IDL$
00000001   IDL_USECLKIDLTIME
00000001   IDL_busyObj$filter
00000001   IDL_busyObj$iA
00000001   IDL_busyObj$iC
00000001   ISRC$
00000001   KNL_swi$dorta
00000001   KNL_swi$sts$filtmaxmult
00000001   KNL_swi$sts$filtsummult
00000001   LCK$
00000001   LOG$
00000001   LOG_ENABLED
00000001   MEM$
00000001   MEM_gNumHeap
00000001   PRD$
00000001   PRD0$ord
00000001   PRD_A_TABLEN
00000001   PRD_SCALAR
00000001   PRD_swi$dorta
00000001   PRD_swi$ord
00000001   PRD_swi$pri
00000001   PRD_swi$sts$filtmaxmult
00000001   PRD_swi$sts$filtsummult
00000001   PWRM$
00000001   PWRM_PWRM_NUMSLOTS
00000001   QUE$
00000001   RTA_fromHost$id
00000001   RTA_toHost$mode
00000001   RTDX$
00000001   RTDX_NORMALIZED_HDR
00000001   RTDX_USERTDX
00000001   STS$
00000001   SWI$
00000001   SYS$
00000001   TSK$
00000001   TSK_PRIORITY
00000001   TSK_idle$sts$filtmaxmult
00000001   TSK_idle$sts$filtsummult
00000001   _CLK_USETIMER
00000001   _HWI_NMI
00000001   trace$datatype
00000002   HWI_RESERVED0
00000002   IDL_busyObj$unittype
00000002   KNL_swi$ord
00000002   KNL_swi$sts$filter
00000002   LOG_A_TABLEN
00000002   PIP_A_TABLEN
00000002   PIP_gNumEmbed
00000002   PRD0$sts$unittype
00000002   PRD_swi$sts$filter
00000002   PWRM_PWRM_INITSPCPU
00000002   SWI_A_TABLEN
00000002   TSK_idle$sts$filter
00000002   _HWI_RESERVED0
00000002   _LOG_A_TABLEN
00000002   _RTDX_JTAGONLY
00000003   HWI_RESERVED1
00000003   _HWI_RESERVED1
00000004   CLK_COUNTSPMSHIGH
00000004   EVENT4
00000004   HWI_INT4
00000004   RTA_fromHost$framesize
00000004   _EVENT4
00000004   _HWI_INT4
00000005   CLK_TIMMODE
00000005   EVENT5
00000005   HWI_INT5
00000005   _EVENT5
00000005   _HWI_INT5
00000006   EVENT6
00000006   HWI_INT6
00000006   IDL_CALIBRERROR
00000006   _EVENT6
00000006   _HWI_INT6
00000007   EVENT7
00000007   GBL_L1DMODE
00000007   GBL_L1PMODE
00000007   HWI_INT7
00000007   _EVENT7
00000007   _HWI_INT7
00000008   EVENT8
00000008   HWI_INT8
00000008   _EVENT8
00000008   _HWI_INT8
00000009   EVENT9
00000009   HWI_INT9
00000009   _EVENT9
00000009   _HWI_INT9
0000000a   EVENT10
0000000a   HWI_INT10
0000000a   PWRM_PWRM_CLKTICKSPERSLOT
0000000a   _EVENT10
0000000a   _HWI_INT10
0000000b   EVENT11
0000000b   HWI_INT11
0000000b   _EVENT11
0000000b   _HWI_INT11
0000000c   EVENT12
0000000c   HWI_INT12
0000000c   _EVENT12
0000000c   _HWI_INT12
0000000d   EVENT13
0000000d   HWI_INT13
0000000d   _EVENT13
0000000d   _HWI_INT13
0000000e   EVENT14
0000000e   HWI_INT14
0000000e   _EVENT14
0000000e   _HWI_INT14
0000000f   EVENT15
0000000f   HWI_INT15
0000000f   _EVENT15
0000000f   _HWI_INT15
00000010   EVENT16
00000010   _EVENT16
00000011   EVENT17
00000011   _EVENT17
00000012   EVENT18
00000012   _EVENT18
00000013   EVENT19
00000013   _EVENT19
00000014   EVENT20
00000014   _EVENT20
00000015   EVENT21
00000015   _EVENT21
00000016   EVENT22
00000016   _EVENT22
00000017   EVENT23
00000017   _EVENT23
00000018   EVENT24
00000018   _EVENT24
00000019   EVENT25
00000019   _EVENT25
0000001a   EVENT26
0000001a   _EVENT26
0000001b   EVENT27
0000001b   _EVENT27
0000001c   EVENT28
0000001c   _EVENT28
0000001d   EVENT29
0000001d   _EVENT29
0000001e   EVENT30
0000001e   _EVENT30
0000001f   EVENT31
0000001f   _EVENT31
00000020   CLK_TCR
00000020   EVENT32
00000020   _EVENT32
00000021   EVENT33
00000021   _EVENT33
00000022   EVENT34
00000022   _EVENT34
00000023   EVENT35
00000023   _EVENT35
00000024   EVENT36
00000024   _EVENT36
00000025   EVENT37
00000025   _EVENT37
00000026   EVENT38
00000026   _EVENT38
00000027   EVENT39
00000027   _EVENT39
00000028   EVENT40
00000028   _EVENT40
00000029   EVENT41
00000029   _EVENT41
0000002a   EVENT42
0000002a   _EVENT42
0000002b   EVENT43
0000002b   _EVENT43
0000002c   EVENT44
0000002c   _EVENT44
0000002d   EVENT45
0000002d   _EVENT45
0000002e   EVENT46
0000002e   _EVENT46
0000002f   EVENT47
0000002f   _EVENT47
00000030   EVENT48
00000030   PWRM_PWRM_CAPSMASK
00000030   _EVENT48
00000031   EVENT49
00000031   _EVENT49
00000032   EVENT50
00000032   _EVENT50
00000033   EVENT51
00000033   _EVENT51
00000034   EVENT52
00000034   _EVENT52
00000035   EVENT53
00000035   _EVENT53
00000036   EVENT54
00000036   _EVENT54
00000037   EVENT55
00000037   _EVENT55
00000038   EVENT56
00000038   _EVENT56
00000039   EVENT57
00000039   _EVENT57
0000003a   EVENT58
0000003a   _EVENT58
0000003b   EVENT59
0000003b   _EVENT59
0000003c   EVENT60
0000003c   _EVENT60
0000003d   EVENT61
0000003d   _EVENT61
0000003e   EVENT62
0000003e   GBL_DSPTYPE
0000003e   _EVENT62
0000003f   EVENT63
0000003f   _EVENT63
00000040   EVENT64
00000040   HST_MAXFRAMESET
00000040   RTA_toHost$framesize
00000040   _EVENT64
00000041   EVENT65
00000041   _EVENT65
00000042   EVENT66
00000042   GBL_FOOTPRINT
00000042   _EVENT66
00000043   EVENT67
00000043   _EVENT67
00000044   EVENT68
00000044   _EVENT68
00000045   EVENT69
00000045   _EVENT69
00000046   EVENT70
00000046   _EVENT70
00000047   EVENT71
00000047   _EVENT71
00000048   EVENT72
00000048   _EVENT72
00000049   EVENT73
00000049   _EVENT73
0000004a   EVENT74
0000004a   _EVENT74
0000004b   EVENT75
0000004b   _EVENT75
0000004c   EVENT76
0000004c   _EVENT76
0000004d   EVENT77
0000004d   _EVENT77
0000004e   EVENT78
0000004e   _EVENT78
0000004f   EVENT79
0000004f   _EVENT79
00000050   EVENT80
00000050   _EVENT80
00000051   EVENT81
00000051   _EVENT81
00000052   EVENT82
00000052   _EVENT82
00000053   EVENT83
00000053   _EVENT83
00000054   EVENT84
00000054   _EVENT84
00000055   EVENT85
00000055   _EVENT85
00000056   EVENT86
00000056   _EVENT86
00000057   EVENT87
00000057   _EVENT87
00000058   EVENT88
00000058   _EVENT88
00000059   EVENT89
00000059   _EVENT89
0000005a   EVENT90
0000005a   _EVENT90
0000005b   EVENT91
0000005b   _EVENT91
0000005c   EVENT92
0000005c   _EVENT92
0000005d   EVENT93
0000005d   _EVENT93
0000005e   EVENT94
0000005e   _EVENT94
0000005f   EVENT95
0000005f   _EVENT95
00000060   EVENT96
00000060   _EVENT96
00000061   EVENT97
00000061   _EVENT97
00000062   EVENT98
00000062   _EVENT98
00000063   EVENT99
00000063   _EVENT99
00000064   EVENT100
00000064   PIP_OBJSIZE
00000064   _EVENT100
00000065   EVENT101
00000065   _EVENT101
00000066   EVENT102
00000066   _EVENT102
00000067   EVENT103
00000067   _EVENT103
00000068   EVENT104
00000068   _EVENT104
00000069   EVENT105
00000069   _EVENT105
0000006a   EVENT106
0000006a   _EVENT106
0000006b   EVENT107
0000006b   _EVENT107
0000006c   EVENT108
0000006c   _EVENT108
0000006d   EVENT109
0000006d   _EVENT109
0000006e   EVENT110
0000006e   _EVENT110
0000006f   EVENT111
0000006f   _EVENT111
00000070   EVENT112
00000070   _EVENT112
00000071   EVENT113
00000071   _EVENT113
00000072   EVENT114
00000072   _EVENT114
00000073   EVENT115
00000073   _EVENT115
00000074   EVENT116
00000074   _EVENT116
00000075   EVENT117
00000075   _EVENT117
00000076   EVENT118
00000076   _EVENT118
00000077   EVENT119
00000077   _EVENT119
00000078   EVENT120
00000078   _EVENT120
00000079   EVENT121
00000079   _EVENT121
0000007a   EVENT122
0000007a   _EVENT122
0000007b   EVENT123
0000007b   _EVENT123
0000007c   EVENT124
0000007c   _EVENT124
0000007d   EVENT125
0000007d   _EVENT125
0000007e   EVENT126
0000007e   _EVENT126
0000007f   EVENT127
0000007f   _EVENT127
000000ff   HST_MAXFRAMEALLOWED
000001f4   PRD0$period
00000200   LOG_system$size
000003e8   CLK_MICROSECS
00000400   HST_DSMMEMSIZE
00000400   TSK_STACKSIZE
00000400   __STACK_SIZE
00000400   trace$size
00000408   RTDX_BUFMEMSIZE
00001a5b   GBL_CLKTYPE
00001a5c   GBL_DSPSUBTYPE
00002000   IRAM$L
00002000   _IRAM_length
00004000   CLK_INTBIT
00004e20   GBL_CLKIN
00005205   GBL_A_VERSION
00005828   HWI_CFGDISPATCHED
00005828   _HWI_CFGDISPATCHED
00005dc0   CLK_INPUTCLK
00005dc0   CLK_PRD
00005dc0   _CLK_PRD
0000dbef   GBL_TRCMASKVALUE
000493e0   CLK_COUNTSPMS
000493e0   CLK_HTIMEPERLTIME
000493e0   CLK_LTIMEMULT
000493e0   GBL_FREQ
000493e0   _CLK_COUNTSPMS
01c20000   CLK_REGS
01c20000   _CLK_REGS
07063d04   HWI_INTRMUX1
0b0a0908   HWI_INTRMUX2
11800000   .data
11800000   .text
11800000   _EVMC6748_init
11800000   ___data__
11800000   ___edata__
11800000   ___text__
11800000   edata
1180002c   _EVMC6748_initRAM
118001e8   _EVMC6748_enableDsp
11800214   _EVMC6748_pinmuxConfig
118002b0   _EVMC6748_lpscTransition
11800688   _config_pll0
118008c4   _config_pll1
11800aa8   _UTIL_printMem
11800c00   _UTIL_isUIBoardAttached
11800c20   _main
11800d38   _dipPRD
11800e58   _audioHWI
118015c0   _read_audio_sample
118015e4   _write_audio_sample
11801608   _initAll
11801670   _McASP_Init
118017b4   _McASP_Start
118019ec   _AIC3106_Init
11801aa0   _AIC3106_readRegister
11801af4   _AIC3106_writeRegister
11801b38   _USTIMER_delay
11801bb0   _SetGpio
11801be0   __divd
11802c20   _I2CGPIO_init
11802cf4   _I2CGPIO_getInput
11802e10   _I2CGPIO_getInputAll
11802f20   _I2CGPIO_setOutput
11803068   _I2CGPIO_setOutputAll
11803100   __printfi
11803540   _fputs
118038e0   _GPIO_setDir
11803958   _GPIO_getInput
118039cc   _GPIO_setOutput
11803a4c   _GPIO_toggleLoop
11803c60   _I2C_init
11803d4c   _I2C_read
11803ea8   _I2C_write
11804b00   __divull
11805420   _fputc
11805420   _putc
11805840   _setvbuf
11805a40   _LED_init
11805a8c   _LED_isOn
11805af4   _LED_turnOn
11805b44   _LED_turnOff
11805b8c   _LED_toggle
11805de0   __divul
11805f80   _HOSTrename
11806100   _DIP_init
11806124   _DIP_get
11806188   _DIP_getAll
118064e0   __closefile
11806720   _fseek
11806840   _HOSTlseek
11806940   __wrt_ok
11806a40   _call_dtors
11806b40   _HOSTopen
11806c20   _HOSTread
11806d00   __c6xabi_divi
11806d00   __divi
11806de0   _atoi
11806ec0   _close
11806fa0   _memset
11807080   _printf
11807160   _sineGen
118071f0   _blockSine
11807240   _HOSTunlink
11807300   _HOSTwrite
11807480   __c6xabi_divu
11807480   __divu
11807540   __doflush
11807600   __c6xabi_remi
11807600   __remi
118076c0   _atexit
11807780   _ltoa
11807900   _HOSTclose
118079a0   __cleanup
11807a40   __divli
11807c20   __fixdli
11807e00   _lseek
11807ea0   _memcpy
11807f40   _write
11807fe0   __fltlid
11808060   __llshl
118080e0   _readmsg
11808160   _unlink
118081e0   __subcull
11808240   _memccpy
118082a0   _writemsg
118082f8   C$$IO$$
11808300   ___add_dtor
11808340   ___isinf
118083c0   __frcmpyd_div
11808400   __llshru
11808440   __remli
11808480   __negll
118084a0   __nop
11808500   __register_lock
11808520   __register_unlock
11808540   _remove
11808560   LNK_F_checkBufferCall
11808560   ___etext__
11808560   etext
11808580   LNK_F_getChanPtr
118085d8   LNK_F_init
118085e0   LNK_F_dataPump
118085f0   LNK_rcloop
118086b4   LNK_rdrtry
118086c4   LNK_rrloop
11808784   LNK_wrrtry
11808790   LNK_wrloop
11808860   LNK_newin
11808994   LNK_newout
11808ae8   LNK_F_readCallBack
11808b20   _EXC_nmi
11808b54   _EXC_internal
11808e00   _EXC_init
11808e40   _EXC_getLastStatus
11808e60   _EXC_external
11808e94   _EXC_exceptionHandler
11809070   _EXC_clearLastStatus
118090a0   CLK_HOOKFXN
118090a0   HWI_F_dispatch
118090a0   _HWI_F_dispatch
118090a0   __HWI_lat1beg
11809228   __HWI_lat1end
11809228   __HWI_lat2beg
11809390   __HWI_lat2end2
118093c0   __HWI_lat3end2
11809404   __HWI_lat2end1
11809420   __HWI_lat3beg
11809580   SWI_F_enable
11809580   __SWI_lat3beg
118095ec   __SWI_lat3end
118095f0   SWI_F_post
118095f0   _SWI_post
118096f8   __SWI_lat1beg
11809764   SWI_EXECFXN
11809764   SWI_F_exec
1180978c   SWI_F_iexec
118097a4   __SWI_lat1end
118097a8   __SWI_lat2beg
11809808   __SWI_lat2end
1180980c   SWI_F_run
1180980c   SWI_RUNFXN
11809a40   PRD_F_swi
11809cc4   PRD_F_tick
11809dc0   _free
11809de4   _malloc
11809e44   _realloc
11809f28   _memalign
11809fec   _calloc
1180a040   RTA_F_getlog
1180a078   RTA_F_getsts
1180a0b8   RTA_F_readblk
1180a0d4   RTA_F_writeword
1180a0e0   RTA_F_resetmem
1180a0e0   __RTA_lat1beg
1180a114   __RTA_lat1end
1180a120   RTA_F_dispatch
1180a16c   RTA_execute
1180a2c0   _KNL_run
1180a500   _MEM_alloc
1180a8d4   PRD_THOOKFXN
1180a8d4   _KNL_tick
1180a900   _MEM_free
1180aae0   _EXC_dispatch
1180aca4   _EXC_setReturnPtr
1180acc0   PIP_F_take
1180ad38   PIP_F_give
1180ad38   PIP_F_probe
1180ae08   PIP_F_start
1180aea0   _SEM_pendEnterKnl
1180b080   __SEM_dopost
1180b220   _TSK_setup
1180b3c0   CLK_F_getltime
1180b3d0   CLK_F_isr
1180b510   CLK_F_itime
1180b510   _CLK_F_itime
1180b510   _CLK_itime
1180b530   __CLK_lat1beg
1180b550   __CLK_lat1end
1180b560   _KNL_saveIsrFrame
1180b60c   _KNL_switch
1180b6b8   KNL_glue
1180b6e0   __auto_init
1180b820   _TSK_exit
1180b960   _BCACHE_setSize
1180b9a4   _BCACHE_setMar
1180b9f4   _BCACHE_setCacheToSram
1180ba24   _BCACHE_getSize
1180ba74   _BCACHE_getMar
1180bb08   _GBL_cacheInit64P
1180bbc0   _KNL_check
1180bc0c   __KNL_lat1beg
1180bc88   _KNL_idle
1180bc88   __KNL_lat1end
1180bcb0   _KNL_max
1180bd84   _TSK_startup
1180be00   _SEM_post
1180be00   _SEM_postBinary
1180bee0   _KNL_exit
1180bf20   _KNL_enter
1180bfa0   _SEM_postEnterKnl
1180c040   _SYS_exit
1180c0e0   _KNL_ipost
1180c160   _KNL_post
1180c1e0   _LCK_post
1180c200   _LCK_pend
1180c260   LOG_F_event
1180c260   _LOG_event
1180c260   __LOG_lat1beg
1180c2e0   IDL_F_calibrate
1180c360   _SYS_error
1180c3c0   FXN_F_nop
1180c3c4   FXN_F_run
1180c3c4   _FXN_F_run
1180c400   FXN_F_zero
1180c400   _FXN_F_zero
1180c420   _HWI_disable
1180c438   _HWI_enable
1180c44c   _HWI_restore
1180c480   IDL_F_busy
1180c480   __IDL_lat1beg
1180c4c0   __IDL_lat1end
1180c4e0   _SEM_pend
1180c540   STS_F_delta
1180c540   _STS_delta
1180c56c   STS_F_add
1180c56c   _STS_add
1180c588   STS_F_reset
1180c588   _STS_reset
1180c5a0   _SYS_abort
1180c600   _CLK_measure
1180c660   IDL_CALIBRFXN
1180c660   IDL_F_stub
1180c6a0   RTA_F_andn
1180c6b8   RTA_F_or
1180c6e0   SYS_ABORTFXN
1180c6e0   _UTL_doAbort
1180c720   SYS_PUTCFXN
1180c720   _UTL_doPutc
1180c760   GBL_USERINITFXN
1180c760   GIO_CREATEFXN
1180c760   GIO_DELETEFXN
1180c760   GIO_PENDFXN
1180c760   GIO_POSTFXN
1180c760   PWRM_PWRM_SHAREDRESOURCEFXN
1180c760   PWRM_PWRM_SLOTHOOKFXN
1180c760   TSK_VCREATEFXN
1180c760   TSK_VDELETEFXN
1180c760   TSK_VEXITFXN
1180c760   _BCACHE_bootInit
1180c760   _FXN_F_nop
1180c780   _GBL_getVersion
1180c7a0   IDL_F_loop
1180c7a0   _IDL_loop
1180c7c0   _STS_set
1180c7e0   SYS_ERRORFXN
1180c7e0   _UTL_doError
1180c800   SYS_EXITFXN
1180c800   _UTL_halt
1180c820   CLK_F_gethtime
1180c820   CLK_TIMEFXN
1180c820   _CLK_gethtime
1180c840   IRAM$B
1180c840   _IRAM_base
1180e840   ___cinit__
1180e840   cinit
1180fd60   __ctypes_
1180fe68   _bitval_u32
1180ffe1   PRD0$sts$maxfmt
1180ffe4   RTA_fromHost$buf
1180ffea   PRD0$sts$sumfmt
1180fff3   PRD0$sts$avgfmt
1180fff4   ___pinit__
1180fff4   pinit
1180fffe   PRD_swi$sts$maxfmt
11810000   trace$buf
11810006   PRD_swi$sts$sumfmt
1181000e   PRD_swi$sts$avgfmt
11810018   KNL_swi$sts$maxfmt
11810020   KNL_swi$sts$sumfmt
11810028   KNL_swi$sts$avgfmt
11810032   TSK_idle$sts$maxfmt
1181003a   TSK_idle$sts$sumfmt
11810042   TSK_idle$sts$avgfmt
1181004c   IDL_busyObj$maxfmt
1181004f   IDL_busyObj$sumfmt
11810052   IDL_busyObj$avgfmt
11811000   _HSRTDX_rec
118112a0   _RTDX_Buffer_WriteCB
11811760   _HSRTDX_xmt
11811a60   _RTDX_Mon_Queue
11811cc0   _RTDX_Poll
11811d60   _RTDX_Final_RT_Monitor
11811de0   _RTDX_Buffer_Initialize
11811e40   _RTDX_Init_RT_Monitor
11811ea0   _RTDX_Buffer_ReadCB
11811ee0   _RTDX_Buffer_Size
11811f20   _RTDX_memfill
11811f60   _RTDX_Buffer_Read
11811f80   _RTDX_Buffer_Write
11811fa0   _RTDX_Mask_IER
11811fc0   _b_fir
118120c8   _aLow
118120e0   _bLow
118120f8   _aMid
11812128   _bMid
11812158   _aPres
11812188   _bPres
118121b8   _aHigh
118121d0   _bHigh
118121e8   _buffer
11812270   _eqSignal
118122f8   _low
11812308   _mid
11812320   _pres
11812338   _high
11812348   _wLow
11812358   _wMid
11812370   _wPres
11812388   _wHigh
11812394   _CLK_inputClock
11812398   __ftable
11812578   __tmpnams
118126b8   __ft_end
118126c0   ___atexit_func_id__
11812964   _dtors
11812968   _KNL_queues
11812a08   _KNL_dummy
11812a40   _TSK_ATTRS
11812a5c   _TSK_config
11812a7c   _TSK_timerSem
11812aa0   _OBJ_table
11812ad8   _OBJ_segtab
11812af4   __TSK_mutex
11812b1c   __MEM_mutex
11812b48   _SYS_exitStack
11812b80   _EXC_status
11812bbc   __cleanup_ptr
11812bc0   __dtors_ptr
11812bc4   ___TI_enable_exit_profile_output
11812bc8   __lock
11812bcc   __unlock
11812bd8   TSK_idle$stack
11812f70   TSK_idle$stkptr
11812fd8   PRD0
11812fd8   PRD_A_TABBEG
11812fd8   _PRD0
11812ff4   PRD0$aaa
11812ff8   CLK_A_TABBEG
11812ff8   PRD_A_TABEND
11812ff8   PRD_clock
11812ff8   _PRD_clock
11812ffc   CLK_null
11813000   LOG_system$buf
11813800   BIOS_init
11813800   _BIOS_init
11813984   BIOS$$CLKON
118139c4   BIOS$$CLKOFF
11813a30   BIOS_start
11813a30   _BIOS_start
11813b80   _c_int00
11813c40   _MEM_init
11813d00   _TSK_init
11813d60   IDL_A_TABBEG
11813d60   IDL_cpuLoad
11813d60   _IDL_cpuLoad
11813d64   LNK_dataPump
11813d64   _LNK_dataPump
11813d68   RTA_dispatcher
11813d68   _RTA_dispatcher
11813d6c   IDL_END
11813d70   IDL_A_CALBEG
11813d70   IDL_cpuLoad$
11813d74   LNK_dataPump$
11813d78   RTA_dispatcher$
11813d7c   IDL_END$
11813e00   _RTDX_Buffer
11814208   _RTDX_Buffer_Start
1181420c   _RTDX_Buffer_End
11814210   _rtdx_mon_state
11814254   _rtdx_buffer_state
11814260   _RTDX_writing
11814278   GBL_stackbeg
11814278   _HWI_STKTOP
11814278   __stack
11814670   _HWI_STKBOTTOM
11814677   GBL_stackend
11814678   $bss
11814678   .bss
11814678   _HWI_dispatchTab
11814678   __STACK_END
11814678   ___bss__
11814778   IDL_D_tabbeg
1181477c   IDL_D_calibrate
11814780   IDL_D_calbeg
11814784   LOG_D_system
11814784   _LOG_D_system
11814788   PIP_D_tabbeg
1181478c   PIP_D_tablen
11814790   CLK_R_time
11814794   CLK_D_timefxn
11814798   CLK_D_tabbeg
1181479c   CLK_D_isrhook
118147a0   CLK_D_idletime
118147a4   _CLK_htimeDiv
118147a8   _CLK_htimeMult
118147ac   _CLK_ltimeDiv
118147b0   _CLK_ltimeMult
118147b4   _CLK_D_dirty
118147b8   _CLK_D_prd
118147bc   _CLK_D_tddr
118147c0   _CLK_D_countspms
118147c4   PRD_D_tick
118147c4   _PRD_D_tick
118147c8   PRD_D_cur
118147cc   PRD_D_elapsed
118147d0   PRD_D_prevtim
118147d4   PRD_D_scalar
118147d8   PRD_D_swihandle
118147dc   PRD_D_tabbeg
118147e0   PRD_D_tablen
118147e4   PRD_D_thook
118147e8   RTA_D_fromHost
118147ec   RTA_D_toHost
118147f0   RTA_D_logval
11814800   RTA_D_stsval
1181480c   HST_D_chanmask
11814810   HST_D_tabbeg
11814814   HST_D_tabend
11814818   _GBL_procId
1181481c   _GBL_clkIn
11814820   _GBL_freq
11814824   _MEM_D_NUMSEGMENTS
11814828   _MEM_D_memtab
1181482c   _MEM_D_freelist
11814830   _MEM_D_lockaddr
11814834   _MEM_D_unlockaddr
11814838   _SYS
1181483c   __HOOK_knlId
11814840   __HOOK_NUMHOOKS
11814844   SWI_D_runaddr
11814844   _SWI_D_runaddr
11814844   _SWI_data
11814848   SWI_D_execaddr
11814848   _SWI_D_execaddr
1181484c   SWI_D_curmask
1181484c   _SWI_D_curmask
11814850   SWI_D_curset
11814850   _SWI_D_curset
11814854   SWI_D_lock
11814854   _SWI_D_lock
11814858   SWI_D_curmbox
1181485c   SWI_D_curfxn
1181485c   _SWI_D_curfxn
11814860   SWI_D_rdybeg
11814860   _SWI_D_rdybeg
11814864   SWI_D_inswi
11814864   _SWI_D_inswi
11814868   SWI_D_rdytab
118148e0   _KNL_wFlag
118148e4   _KNL_wList
118148e8   _KNL_alarm
118148ec   _KNL_setpri
118148f0   _KNL_inactive
118148f4   _KNL_priority
118148f8   _KNL_set
118148fc   _KNL_curtask
11814900   _KNL_prevtask
11814904   _KNL_curtime
11814908   _KNL_swiptr
1181490c   _KNL_curqueue
11814910   _KNL_maxqueue
11814914   _KNL_tswitchfxn
11814918   _KNL_tcreatefxn
1181491c   _KNL_tdeletefxn
11814920   _KNL_treadyfxn
11814924   _KNL_idlefxn
11814928   _MEM_memtab
11814934   HST_DSMBUFSEG
11814934   IRAM
11814934   MEM_MALLOCSEG
11814934   MEM_SEGZERO
11814934   RTDX_DATAMEMSEG
11814934   _IRAM
11814934   _SEG0
11814938   RTA_fromHost$pipe$dtab
11814944   RTA_toHost$pipe$dtab
11814950   _EXC_sysTrapTable
11814958   _EXC_returnPtr
11814970   HWI_D_spsave
11814970   _HWI_D_spsave
11814970   _HWI_data
1181497c   _HWI_D_inhwi
11814980   HWI_D_bss
11814984   HWI_D_ccmask
11814988   LNK_dspFrameRequestMask
11814988   _LNK_dspFrameRequestMask
1181498c   LNK_dspFrameReadyMask
1181498c   _LNK_dspFrameReadyMask
11814990   LNK_readPend
11814990   _LNK_readPend
11814994   LNK_readDone
11814994   _LNK_readDone
11814998   LNK_readFail
11814998   _LNK_readFail
1181499c   LNK_writeFail
1181499c   _LNK_writeFail
118149a0   _EXC_exceptionHook
118149a4   _EXC_internalHook
118149a8   _EXC_externalHook
118149ac   _EXC_nmiHook
118149b8   _rtdxNullChanCnt
118149bc   _rtdxNullFuncCnt
118149c0   _rtdxXmtNotDoneCnt
118149c4   _rtdxRecNotDoneCnt
118149c8   _rtdxXmtRestartCnt
118149cc   _rtdxXmtErrorCnt
118149d0   _TSK_nTasks
118149d4   _TSK_pid
118149d8   _TSK
118149dc   _mask
118149de   _lowBoost
118149df   _midBoost
118149e0   _presBoost
118149e1   _highBoost
118149e2   _eqBypass
118149e3   _dist
118149e4   _writeIndex
118149e8   _CLK_DFLTMICROSECS
118149ec   _CLK_D_microseconds
118149f0   _SYS_exitStackPtr
118149f4   _SYS_exitStackTop
118149f8   _CLK_htimePerLtime
118149fc   IDL_D_busyObj
11814a00   _MEM
11814a0c   ___end__
11814a0c   end
11814a10   __CIOBUF_
11814b30   PIP_A_TABBEG
11814b30   RTA_fromHost$pipe
11814b30   _PIP_A_TABBEG
11814b34   RTA_fromHost$pipe$rd
11814b60   RTA_fromHost$pipe$aaa
11814b64   RTA_fromHost$pipe$wr
11814b90   RTA_fromHost$pipe$bbb
11814b94   RTA_toHost$pipe
11814b98   RTA_toHost$pipe$rd
11814bc4   RTA_toHost$pipe$aaa
11814bc8   RTA_toHost$pipe$wr
11814bf4   RTA_toHost$pipe$bbb
11814bf8   PIP_A_TABEND
11814bf8   _PIP_A_TABEND
11814c00   HWI_A_VECS
11814c00   hwi0
11814c20   hwi1
11814c40   hwi2
11814c60   hwi3
11814c80   hwi4
11814ca0   hwi5
11814cc0   hwi6
11814ce0   hwi7
11814d00   hwi8
11814d20   hwi9
11814d40   hwi10
11814d60   hwi11
11814d80   hwi12
11814da0   hwi13
11814dc0   hwi14
11814de0   hwi15
11814e00   _SYS_PUTCBEG
11814fff   _SYS_PUTCEND
11815000   RTA_toHost$buf
1181510c   TSK_idle
1181510c   _TSK_idle
11815160   PRD_SWIHANDLE
11815160   PRD_swi
11815160   SWI_A_TABBEG
11815160   _PRD_swi
1181518c   KNL_swi
1181518c   _KNL_swi
118151b8   PRD0$sts$stsobj
118151b8   STS_A_TABBEG
118151b8   SWI_A_TABEND
118151b8   _STS_A_TABBEG
118151bc   PRD0$sts
118151c8   PRD_swi$sts$stsobj
118151cc   PRD_swi$sts
118151d8   KNL_swi$sts$stsobj
118151dc   KNL_swi$sts
118151e8   TSK_idle$sts$stsobj
118151ec   TSK_idle$sts
118151f8   IDL_busyObj$stsobj
118151fc   IDL_busyObj
118151fc   _IDL_busyObj
11815208   STS_A_TABEND
11815208   _STS_A_TABEND
11815298   HST_A_TABBEG
11815298   _HST_A_TABBEG
1181529c   RTA_fromHost
1181529c   _RTA_fromHost
118152a4   RTA_fromHost$rtdx
118152b8   RTA_toHost
118152b8   _RTA_toHost
118152c0   RTA_toHost$rtdx
118152d4   HST_A_TABEND
118152d4   LOG_A_TABBEG
118152d4   LOG_system
118152d4   _HST_A_TABEND
118152d4   _LOG_A_TABBEG
118152d4   _LOG_system
118152ec   _trace
118152ec   trace
11815304   LOG_A_TABEND
11815304   SYS$config
11815304   _LOG_A_TABEND
11815314   TRC_cinit
11815318   TRC_R_mask
11815318   _TRC_R_mask
1181531c   GBL_initdone
28040d0c   HWI_INTRMUX3
ffffffff   CACHE_L1D
ffffffff   CACHE_L1P
ffffffff   DDR
ffffffff   ECM_EVTMASK0
ffffffff   ECM_EVTMASK1
ffffffff   ECM_EVTMASK2
ffffffff   ECM_EVTMASK3
ffffffff   GBL_L2MAR192_223
ffffffff   L3_CBA_RAM
ffffffff   _CACHE_L1D
ffffffff   _CACHE_L1P
ffffffff   _DDR
ffffffff   _L3_CBA_RAM
ffffffff   ___TI_pprof_out_hndl
ffffffff   ___TI_prof_data_size
ffffffff   ___TI_prof_data_start
ffffffff   ___binit__
ffffffff   ___c_args__
ffffffff   binit

[1162 symbols]
