<?xml version="1.0"?>
<link_info>
   <banner>TMS320C6x Linker PC v7.4.18</banner>
   <copyright>Copyright (c) 1996-2015 Texas Instruments Incorporated</copyright>
   <link_time>0x5f21533b</link_time>
   <output_file>GuitarAmpGitVersion.out</output_file>
   <entry_point>
      <name>_c_int00</name>
      <address>0x1181ab80</address>
   </entry_point>
   <input_file_list>
      <input_file id="fl-2">
         <path>.\</path>
         <kind>object</kind>
         <file>biquad.obj</file>
         <name>biquad.obj</name>
      </input_file>
      <input_file id="fl-3">
         <path>.\</path>
         <kind>object</kind>
         <file>block_sine.obj</file>
         <name>block_sine.obj</name>
      </input_file>
      <input_file id="fl-4">
         <path>.\</path>
         <kind>object</kind>
         <file>framework.obj</file>
         <name>framework.obj</name>
      </input_file>
      <input_file id="fl-5">
         <path>.\</path>
         <kind>object</kind>
         <file>hello.obj</file>
         <name>hello.obj</name>
      </input_file>
      <input_file id="fl-6">
         <path>.\</path>
         <kind>object</kind>
         <file>hellocfg.obj</file>
         <name>hellocfg.obj</name>
      </input_file>
      <input_file id="fl-7">
         <path>.\</path>
         <kind>object</kind>
         <file>hellocfg_c.obj</file>
         <name>hellocfg_c.obj</name>
      </input_file>
      <input_file id="fl-8">
         <path>.\</path>
         <kind>object</kind>
         <file>ignore.obj</file>
         <name>ignore.obj</name>
      </input_file>
      <input_file id="fl-9">
         <path>.\</path>
         <kind>object</kind>
         <file>kiss_fft.obj</file>
         <name>kiss_fft.obj</name>
      </input_file>
      <input_file id="fl-a">
         <path>.\</path>
         <kind>object</kind>
         <file>rb.obj</file>
         <name>rb.obj</name>
      </input_file>
      <input_file id="fl-8d">
         <path>C:\ti\bios_5_42_02_10\packages\ti\bios\lib\</path>
         <kind>archive</kind>
         <file>bios.a674</file>
         <name>biosdata.o674</name>
      </input_file>
      <input_file id="fl-8e">
         <path>C:\ti\bios_5_42_02_10\packages\ti\bios\lib\</path>
         <kind>archive</kind>
         <file>bios.a674</file>
         <name>hwi_disp_asm.o674</name>
      </input_file>
      <input_file id="fl-8f">
         <path>C:\ti\bios_5_42_02_10\packages\ti\bios\lib\</path>
         <kind>archive</kind>
         <file>bios.a674</file>
         <name>idl_stub.o674</name>
      </input_file>
      <input_file id="fl-90">
         <path>C:\ti\bios_5_42_02_10\packages\ti\bios\lib\</path>
         <kind>archive</kind>
         <file>lnkrtdx.a674</file>
         <name>rtdx.o674</name>
      </input_file>
      <input_file id="fl-91">
         <path>C:\ti\bios_5_42_02_10\packages\ti\bios\lib\</path>
         <kind>archive</kind>
         <file>bios.a674</file>
         <name>swi.o674</name>
      </input_file>
      <input_file id="fl-92">
         <path>C:\ti\bios_5_42_02_10\packages\ti\bios\lib\</path>
         <kind>archive</kind>
         <file>bios6748.a674</file>
         <name>clk_gethtime.o674</name>
      </input_file>
      <input_file id="fl-93">
         <path>C:\ti\bios_5_42_02_10\packages\ti\bios\lib\</path>
         <kind>archive</kind>
         <file>bios.a674</file>
         <name>fxn_c.o674</name>
      </input_file>
      <input_file id="fl-94">
         <path>C:\ti\bios_5_42_02_10\packages\ti\bios\lib\</path>
         <kind>archive</kind>
         <file>bios.a674</file>
         <name>knl_tick.o674</name>
      </input_file>
      <input_file id="fl-95">
         <path>C:\ti\bios_5_42_02_10\packages\ti\bios\lib\</path>
         <kind>archive</kind>
         <file>bios.a674</file>
         <name>utl_doab.o674</name>
      </input_file>
      <input_file id="fl-96">
         <path>C:\ti\bios_5_42_02_10\packages\ti\bios\lib\</path>
         <kind>archive</kind>
         <file>bios.a674</file>
         <name>utl_doer.o674</name>
      </input_file>
      <input_file id="fl-97">
         <path>C:\ti\bios_5_42_02_10\packages\ti\bios\lib\</path>
         <kind>archive</kind>
         <file>bios.a674</file>
         <name>utl_putc.o674</name>
      </input_file>
      <input_file id="fl-98">
         <path>C:\ti\bios_5_42_02_10\packages\ti\bios\lib\</path>
         <kind>archive</kind>
         <file>bios.a674</file>
         <name>utl_halt.o674</name>
      </input_file>
      <input_file id="fl-99">
         <path>C:\ti\bios_5_42_02_10\packages\ti\bios\lib\</path>
         <kind>archive</kind>
         <file>bios6748.a674</file>
         <name>clk.o674</name>
      </input_file>
      <input_file id="fl-9a">
         <path>C:\ti\bios_5_42_02_10\packages\ti\bios\lib\</path>
         <kind>archive</kind>
         <file>bios.a674</file>
         <name>fxn.o674</name>
      </input_file>
      <input_file id="fl-9b">
         <path>C:\ti\bios_5_42_02_10\packages\ti\bios\lib\</path>
         <kind>archive</kind>
         <file>bios.a674</file>
         <name>boot.o674</name>
      </input_file>
      <input_file id="fl-9c">
         <path>C:\ti\bios_5_42_02_10\packages\ti\bios\lib\</path>
         <kind>archive</kind>
         <file>bios.a674</file>
         <name>trc.o674</name>
      </input_file>
      <input_file id="fl-9d">
         <path>C:\ti\bios_5_42_02_10\packages\ti\bios\lib\</path>
         <kind>archive</kind>
         <file>bios.a674</file>
         <name>hwi.o674</name>
      </input_file>
      <input_file id="fl-9e">
         <path>C:\ti\bios_5_42_02_10\packages\ti\bios\lib\</path>
         <kind>archive</kind>
         <file>bios.a674</file>
         <name>idl_busy.o674</name>
      </input_file>
      <input_file id="fl-9f">
         <path>C:\ti\bios_5_42_02_10\packages\ti\bios\lib\</path>
         <kind>archive</kind>
         <file>bios6748.a674</file>
         <name>idl_cal.o674</name>
      </input_file>
      <input_file id="fl-a0">
         <path>C:\ti\bios_5_42_02_10\packages\ti\bios\lib\</path>
         <kind>archive</kind>
         <file>bios.a674</file>
         <name>idl.o674</name>
      </input_file>
      <input_file id="fl-a1">
         <path>C:\ti\bios_5_42_02_10\packages\ti\bios\lib\</path>
         <kind>archive</kind>
         <file>bios.a674</file>
         <name>knl_swit.o674</name>
      </input_file>
      <input_file id="fl-a2">
         <path>C:\ti\bios_5_42_02_10\packages\ti\bios\lib\</path>
         <kind>archive</kind>
         <file>bios.a674</file>
         <name>log.o674</name>
      </input_file>
      <input_file id="fl-a3">
         <path>C:\ti\bios_5_42_02_10\packages\ti\bios\lib\</path>
         <kind>archive</kind>
         <file>bios.a674</file>
         <name>pip.o674</name>
      </input_file>
      <input_file id="fl-a4">
         <path>C:\ti\bios_5_42_02_10\packages\ti\bios\lib\</path>
         <kind>archive</kind>
         <file>bios.a674</file>
         <name>prd.o674</name>
      </input_file>
      <input_file id="fl-a5">
         <path>C:\ti\bios_5_42_02_10\packages\ti\bios\lib\</path>
         <kind>archive</kind>
         <file>bios.a674</file>
         <name>rta.o674</name>
      </input_file>
      <input_file id="fl-a6">
         <path>C:\ti\bios_5_42_02_10\packages\ti\bios\lib\</path>
         <kind>archive</kind>
         <file>bios.a674</file>
         <name>rta_andn.o674</name>
      </input_file>
      <input_file id="fl-a7">
         <path>C:\ti\bios_5_42_02_10\packages\ti\bios\lib\</path>
         <kind>archive</kind>
         <file>bios.a674</file>
         <name>sts.o674</name>
      </input_file>
      <input_file id="fl-a8">
         <path>C:\ti\bios_5_42_02_10\packages\ti\bios\lib\</path>
         <kind>archive</kind>
         <file>bios.a674</file>
         <name>clk_data.o674</name>
      </input_file>
      <input_file id="fl-a9">
         <path>C:\ti\bios_5_42_02_10\packages\ti\bios\lib\</path>
         <kind>archive</kind>
         <file>bios.a674</file>
         <name>clk_data2.o674</name>
      </input_file>
      <input_file id="fl-aa">
         <path>C:\ti\bios_5_42_02_10\packages\ti\bios\lib\</path>
         <kind>archive</kind>
         <file>bios6748.a674</file>
         <name>clk_data.o674</name>
      </input_file>
      <input_file id="fl-ab">
         <path>C:\ti\bios_5_42_02_10\packages\ti\bios\lib\</path>
         <kind>archive</kind>
         <file>bios6748.a674</file>
         <name>clk_meas.o674</name>
      </input_file>
      <input_file id="fl-ac">
         <path>C:\eXperimenter\c6748\bsl\lib\</path>
         <kind>archive</kind>
         <file>evmc6748_bsl.lib</file>
         <name>evmc6748_dip.obj</name>
      </input_file>
      <input_file id="fl-ad">
         <path>C:\eXperimenter\c6748\bsl\lib\</path>
         <kind>archive</kind>
         <file>evmc6748_bsl.lib</file>
         <name>evmc6748.obj</name>
      </input_file>
      <input_file id="fl-ae">
         <path>C:\ti\bios_5_42_02_10\packages\ti\bios\lib\</path>
         <kind>archive</kind>
         <file>bios.a674</file>
         <name>exc_asm.o674</name>
      </input_file>
      <input_file id="fl-af">
         <path>C:\ti\bios_5_42_02_10\packages\ti\bios\lib\</path>
         <kind>archive</kind>
         <file>bios.a674</file>
         <name>exc.o674</name>
      </input_file>
      <input_file id="fl-b0">
         <path>C:\ti\bios_5_42_02_10\packages\ti\bios\lib\</path>
         <kind>archive</kind>
         <file>bios.a674</file>
         <name>gbl_cacheinit64P.o674</name>
      </input_file>
      <input_file id="fl-b1">
         <path>C:\ti\bios_5_42_02_10\packages\ti\bios\lib\</path>
         <kind>archive</kind>
         <file>bios6748.a674</file>
         <name>bcache_init.o674</name>
      </input_file>
      <input_file id="fl-b2">
         <path>C:\ti\bios_5_42_02_10\packages\ti\bios\lib\</path>
         <kind>archive</kind>
         <file>bios.a674</file>
         <name>gbl_vers.o674</name>
      </input_file>
      <input_file id="fl-b3">
         <path>C:\eXperimenter\c6748\bsl\lib\</path>
         <kind>archive</kind>
         <file>evmc6748_bsl.lib</file>
         <name>evmc6748_gpio.obj</name>
      </input_file>
      <input_file id="fl-b4">
         <path>C:\ti\bios_5_42_02_10\packages\ti\rtdx\lib\c6000\</path>
         <kind>archive</kind>
         <file>rtdx64xplus.lib</file>
         <name>rtdx_mon.o64P</name>
      </input_file>
      <input_file id="fl-b5">
         <path>C:\ti\bios_5_42_02_10\packages\ti\bios\lib\</path>
         <kind>archive</kind>
         <file>bios.a674</file>
         <name>hwi_c.o674</name>
      </input_file>
      <input_file id="fl-b6">
         <path>C:\eXperimenter\c6748\bsl\lib\</path>
         <kind>archive</kind>
         <file>evmc6748_bsl.lib</file>
         <name>evmc6748_i2c_gpio.obj</name>
      </input_file>
      <input_file id="fl-b7">
         <path>C:\eXperimenter\c6748\bsl\lib\</path>
         <kind>archive</kind>
         <file>evmc6748_bsl.lib</file>
         <name>evmc6748_i2c.obj</name>
      </input_file>
      <input_file id="fl-b8">
         <path>C:\ti\bios_5_42_02_10\packages\ti\bios\lib\</path>
         <kind>archive</kind>
         <file>bios.a674</file>
         <name>knl.o674</name>
      </input_file>
      <input_file id="fl-b9">
         <path>C:\ti\bios_5_42_02_10\packages\ti\bios\lib\</path>
         <kind>archive</kind>
         <file>bios.a674</file>
         <name>knl_exit.o674</name>
      </input_file>
      <input_file id="fl-ba">
         <path>C:\ti\bios_5_42_02_10\packages\ti\bios\lib\</path>
         <kind>archive</kind>
         <file>bios.a674</file>
         <name>knl_chec.o674</name>
      </input_file>
      <input_file id="fl-bb">
         <path>C:\ti\bios_5_42_02_10\packages\ti\bios\lib\</path>
         <kind>archive</kind>
         <file>bios.a674</file>
         <name>knl_post.o674</name>
      </input_file>
      <input_file id="fl-bc">
         <path>C:\ti\bios_5_42_02_10\packages\ti\bios\lib\</path>
         <kind>archive</kind>
         <file>bios.a674</file>
         <name>knl_ipos.o674</name>
      </input_file>
      <input_file id="fl-bd">
         <path>C:\ti\bios_5_42_02_10\packages\ti\bios\lib\</path>
         <kind>archive</kind>
         <file>bios.a674</file>
         <name>knl_run.o674</name>
      </input_file>
      <input_file id="fl-be">
         <path>C:\eXperimenter\c6748\bsl\lib\</path>
         <kind>archive</kind>
         <file>evmc6748_bsl.lib</file>
         <name>evmc6748_led.obj</name>
      </input_file>
      <input_file id="fl-bf">
         <path>C:\ti\bios_5_42_02_10\packages\ti\bios\lib\</path>
         <kind>archive</kind>
         <file>bios.a674</file>
         <name>mem_asm.o674</name>
      </input_file>
      <input_file id="fl-c0">
         <path>C:\ti\bios_5_42_02_10\packages\ti\bios\lib\</path>
         <kind>archive</kind>
         <file>bios.a674</file>
         <name>mem_init.o674</name>
      </input_file>
      <input_file id="fl-c1">
         <path>C:\ti\bios_5_42_02_10\packages\ti\bios\lib\</path>
         <kind>archive</kind>
         <file>bios.a674</file>
         <name>obj_init.o674</name>
      </input_file>
      <input_file id="fl-c2">
         <path>C:\ti\bios_5_42_02_10\packages\ti\rtdx\lib\c6000\</path>
         <kind>archive</kind>
         <file>rtdx64xplus.lib</file>
         <name>buffer2.o64P</name>
      </input_file>
      <input_file id="fl-c3">
         <path>C:\ti\bios_5_42_02_10\packages\ti\rtdx\lib\c6000\</path>
         <kind>archive</kind>
         <file>rtdx64xplus.lib</file>
         <name>buffer1.o64P</name>
      </input_file>
      <input_file id="fl-c4">
         <path>C:\ti\bios_5_42_02_10\packages\ti\rtdx\lib\c6000\</path>
         <kind>archive</kind>
         <file>rtdx64xplus.lib</file>
         <name>intr_tgt.o64P</name>
      </input_file>
      <input_file id="fl-c5">
         <path>C:\ti\bios_5_42_02_10\packages\ti\rtdx\lib\c6000\</path>
         <kind>archive</kind>
         <file>rtdx64xplus.lib</file>
         <name>memfill.o64P</name>
      </input_file>
      <input_file id="fl-c6">
         <path>C:\ti\bios_5_42_02_10\packages\ti\bios\lib\</path>
         <kind>archive</kind>
         <file>bios.a674</file>
         <name>sts_set.o674</name>
      </input_file>
      <input_file id="fl-c7">
         <path>C:\ti\bios_5_42_02_10\packages\ti\bios\lib\</path>
         <kind>archive</kind>
         <file>bios.a674</file>
         <name>sys_abor.o674</name>
      </input_file>
      <input_file id="fl-c8">
         <path>C:\ti\bios_5_42_02_10\packages\ti\bios\lib\</path>
         <kind>archive</kind>
         <file>bios.a674</file>
         <name>tsk.o674</name>
      </input_file>
      <input_file id="fl-c9">
         <path>C:\ti\bios_5_42_02_10\packages\ti\bios\lib\</path>
         <kind>archive</kind>
         <file>bios.a674</file>
         <name>tsk_exit.o674</name>
      </input_file>
      <input_file id="fl-ca">
         <path>C:\ti\bios_5_42_02_10\packages\ti\bios\lib\</path>
         <kind>archive</kind>
         <file>bios.a674</file>
         <name>sys_exit.o674</name>
      </input_file>
      <input_file id="fl-cb">
         <path>C:\ti\bios_5_42_02_10\packages\ti\bios\lib\</path>
         <kind>archive</kind>
         <file>bios.a674</file>
         <name>sys.o674</name>
      </input_file>
      <input_file id="fl-cc">
         <path>C:\ti\bios_5_42_02_10\packages\ti\bios\lib\</path>
         <kind>archive</kind>
         <file>bios.a674</file>
         <name>tsk_init.o674</name>
      </input_file>
      <input_file id="fl-cd">
         <path>C:\ti\bios_5_42_02_10\packages\ti\bios\lib\</path>
         <kind>archive</kind>
         <file>bios.a674</file>
         <name>tsk_setu.o674</name>
      </input_file>
      <input_file id="fl-ce">
         <path>C:\ti\bios_5_42_02_10\packages\ti\bios\lib\</path>
         <kind>archive</kind>
         <file>bios.a674</file>
         <name>tsk_stup.o674</name>
      </input_file>
      <input_file id="fl-cf">
         <path>C:\ti\bios_5_42_02_10\packages\ti\bios\lib\</path>
         <kind>archive</kind>
         <file>bios.a674</file>
         <name>lck.o674</name>
      </input_file>
      <input_file id="fl-d0">
         <path>C:\ti\bios_5_42_02_10\packages\ti\bios\lib\</path>
         <kind>archive</kind>
         <file>bios.a674</file>
         <name>sem_pend_counting.o674</name>
      </input_file>
      <input_file id="fl-d1">
         <path>C:\ti\bios_5_42_02_10\packages\ti\bios\lib\</path>
         <kind>archive</kind>
         <file>bios.a674</file>
         <name>sem_pend.o674</name>
      </input_file>
      <input_file id="fl-d2">
         <path>C:\ti\bios_5_42_02_10\packages\ti\bios\lib\</path>
         <kind>archive</kind>
         <file>bios.a674</file>
         <name>sem_post_asm.o674</name>
      </input_file>
      <input_file id="fl-d3">
         <path>C:\ti\bios_5_42_02_10\packages\ti\bios\lib\</path>
         <kind>archive</kind>
         <file>bios.a674</file>
         <name>sem_post.o674</name>
      </input_file>
      <input_file id="fl-d4">
         <path>C:\ti\bios_5_42_02_10\packages\ti\bios\lib\</path>
         <kind>archive</kind>
         <file>bios.a674</file>
         <name>sem_dopo.o674</name>
      </input_file>
      <input_file id="fl-d5">
         <path>C:\ti\bios_5_42_02_10\packages\ti\bios\lib\</path>
         <kind>archive</kind>
         <file>bios.a674</file>
         <name>autoinit.o674</name>
      </input_file>
      <input_file id="fl-d6">
         <path>C:\ti\ccsv6\tools\compiler\c6000_7.4.18\lib\</path>
         <kind>archive</kind>
         <file>rts6740.lib</file>
         <name>divd.obj</name>
      </input_file>
      <input_file id="fl-d7">
         <path>C:\ti\ccsv6\tools\compiler\c6000_7.4.18\lib\</path>
         <kind>archive</kind>
         <file>rts6740.lib</file>
         <name>divf.obj</name>
      </input_file>
      <input_file id="fl-d8">
         <path>C:\ti\ccsv6\tools\compiler\c6000_7.4.18\lib\</path>
         <kind>archive</kind>
         <file>rts6740.lib</file>
         <name>divi.obj</name>
      </input_file>
      <input_file id="fl-d9">
         <path>C:\ti\ccsv6\tools\compiler\c6000_7.4.18\lib\</path>
         <kind>archive</kind>
         <file>rts6740.lib</file>
         <name>frcmpyd_div.obj</name>
      </input_file>
      <input_file id="fl-da">
         <path>C:\ti\ccsv6\tools\compiler\c6000_7.4.18\lib\</path>
         <kind>archive</kind>
         <file>rts6740.lib</file>
         <name>llshift.obj</name>
      </input_file>
      <input_file id="fl-db">
         <path>C:\ti\ccsv6\tools\compiler\c6000_7.4.18\lib\</path>
         <kind>archive</kind>
         <file>rts6740.lib</file>
         <name>_lock.obj</name>
      </input_file>
      <input_file id="fl-dc">
         <path>C:\ti\ccsv6\tools\compiler\c6000_7.4.18\lib\</path>
         <kind>archive</kind>
         <file>rts6740.lib</file>
         <name>remi.obj</name>
      </input_file>
      <input_file id="fl-dd">
         <path>C:\ti\ccsv6\tools\compiler\c6000_7.4.18\lib\</path>
         <kind>archive</kind>
         <file>rts6740.lib</file>
         <name>atexit.obj</name>
      </input_file>
      <input_file id="fl-de">
         <path>C:\ti\ccsv6\tools\compiler\c6000_7.4.18\lib\</path>
         <kind>archive</kind>
         <file>rts6740.lib</file>
         <name>sinit.obj</name>
      </input_file>
      <input_file id="fl-df">
         <path>C:\ti\ccsv6\tools\compiler\c6000_7.4.18\lib\</path>
         <kind>archive</kind>
         <file>rts6740.lib</file>
         <name>exit.obj</name>
      </input_file>
      <input_file id="fl-e0">
         <path>C:\ti\ccsv6\tools\compiler\c6000_7.4.18\lib\</path>
         <kind>archive</kind>
         <file>rts6740.lib</file>
         <name>cos.obj</name>
      </input_file>
      <input_file id="fl-e1">
         <path>C:\ti\ccsv6\tools\compiler\c6000_7.4.18\lib\</path>
         <kind>archive</kind>
         <file>rts6740.lib</file>
         <name>round.obj</name>
      </input_file>
      <input_file id="fl-e2">
         <path>C:\ti\ccsv6\tools\compiler\c6000_7.4.18\lib\</path>
         <kind>archive</kind>
         <file>rts6740.lib</file>
         <name>trunc.obj</name>
      </input_file>
      <input_file id="fl-e3">
         <path>C:\ti\bios_5_42_02_10\packages\ti\bios\lib\</path>
         <kind>archive</kind>
         <file>bios.a674</file>
         <name>malloc.o674</name>
      </input_file>
      <input_file id="fl-e4">
         <path>C:\ti\bios_5_42_02_10\packages\ti\bios\lib\</path>
         <kind>archive</kind>
         <file>bios.a674</file>
         <name>mem_allo.o674</name>
      </input_file>
      <input_file id="fl-e5">
         <path>C:\ti\bios_5_42_02_10\packages\ti\bios\lib\</path>
         <kind>archive</kind>
         <file>bios.a674</file>
         <name>mem_free.o674</name>
      </input_file>
      <input_file id="fl-e6">
         <path>C:\ti\bios_5_42_02_10\packages\ti\bios\lib\</path>
         <kind>archive</kind>
         <file>bios.a674</file>
         <name>sys_erro.o674</name>
      </input_file>
      <input_file id="fl-e7">
         <path>C:\ti\ccsv6\tools\compiler\c6000_7.4.18\lib\</path>
         <kind>archive</kind>
         <file>rts6740.lib</file>
         <name>memcpy64.obj</name>
      </input_file>
      <input_file id="fl-e8">
         <path>C:\ti\ccsv6\tools\compiler\c6000_7.4.18\lib\</path>
         <kind>archive</kind>
         <file>rts6740.lib</file>
         <name>memset.obj</name>
      </input_file>
      <input_file id="fl-e9">
         <path>C:\ti\ccsv6\tools\compiler\c6000_7.4.18\lib\</path>
         <kind>archive</kind>
         <file>rts6740.lib</file>
         <name>modf.obj</name>
      </input_file>
      <input_file id="fl-ea">
         <path>C:\ti\ccsv6\tools\compiler\c6000_7.4.18\lib\</path>
         <kind>archive</kind>
         <file>rts6740.lib</file>
         <name>printf.obj</name>
      </input_file>
      <input_file id="fl-eb">
         <path>C:\ti\ccsv6\tools\compiler\c6000_7.4.18\lib\</path>
         <kind>archive</kind>
         <file>rts6740.lib</file>
         <name>defs.obj</name>
      </input_file>
      <input_file id="fl-ec">
         <path>C:\ti\ccsv6\tools\compiler\c6000_7.4.18\lib\</path>
         <kind>archive</kind>
         <file>rts6740.lib</file>
         <name>_printfi.obj</name>
      </input_file>
      <input_file id="fl-ed">
         <path>C:\ti\ccsv6\tools\compiler\c6000_7.4.18\lib\</path>
         <kind>archive</kind>
         <file>rts6740.lib</file>
         <name>isinf.obj</name>
      </input_file>
      <input_file id="fl-ee">
         <path>C:\ti\ccsv6\tools\compiler\c6000_7.4.18\lib\</path>
         <kind>archive</kind>
         <file>rts6740.lib</file>
         <name>divu.obj</name>
      </input_file>
      <input_file id="fl-ef">
         <path>C:\ti\ccsv6\tools\compiler\c6000_7.4.18\lib\</path>
         <kind>archive</kind>
         <file>rts6740.lib</file>
         <name>imath40.obj</name>
      </input_file>
      <input_file id="fl-f0">
         <path>C:\ti\ccsv6\tools\compiler\c6000_7.4.18\lib\</path>
         <kind>archive</kind>
         <file>rts6740.lib</file>
         <name>imath64.obj</name>
      </input_file>
      <input_file id="fl-f1">
         <path>C:\ti\ccsv6\tools\compiler\c6000_7.4.18\lib\</path>
         <kind>archive</kind>
         <file>rts6740.lib</file>
         <name>fixdli.obj</name>
      </input_file>
      <input_file id="fl-f2">
         <path>C:\ti\ccsv6\tools\compiler\c6000_7.4.18\lib\</path>
         <kind>archive</kind>
         <file>rts6740.lib</file>
         <name>fltlid.obj</name>
      </input_file>
      <input_file id="fl-f3">
         <path>C:\ti\ccsv6\tools\compiler\c6000_7.4.18\lib\</path>
         <kind>archive</kind>
         <file>rts6740.lib</file>
         <name>negll.obj</name>
      </input_file>
      <input_file id="fl-f4">
         <path>C:\ti\ccsv6\tools\compiler\c6000_7.4.18\lib\</path>
         <kind>archive</kind>
         <file>rts6740.lib</file>
         <name>atoi.obj</name>
      </input_file>
      <input_file id="fl-f5">
         <path>C:\ti\ccsv6\tools\compiler\c6000_7.4.18\lib\</path>
         <kind>archive</kind>
         <file>rts6740.lib</file>
         <name>ctype.obj</name>
      </input_file>
      <input_file id="fl-f6">
         <path>C:\ti\ccsv6\tools\compiler\c6000_7.4.18\lib\</path>
         <kind>archive</kind>
         <file>rts6740.lib</file>
         <name>fputc.obj</name>
      </input_file>
      <input_file id="fl-f7">
         <path>C:\ti\ccsv6\tools\compiler\c6000_7.4.18\lib\</path>
         <kind>archive</kind>
         <file>rts6740.lib</file>
         <name>fflush.obj</name>
      </input_file>
      <input_file id="fl-f8">
         <path>C:\ti\ccsv6\tools\compiler\c6000_7.4.18\lib\</path>
         <kind>archive</kind>
         <file>rts6740.lib</file>
         <name>_io_perm.obj</name>
      </input_file>
      <input_file id="fl-f9">
         <path>C:\ti\ccsv6\tools\compiler\c6000_7.4.18\lib\</path>
         <kind>archive</kind>
         <file>rts6740.lib</file>
         <name>fputs.obj</name>
      </input_file>
      <input_file id="fl-fa">
         <path>C:\ti\ccsv6\tools\compiler\c6000_7.4.18\lib\</path>
         <kind>archive</kind>
         <file>rts6740.lib</file>
         <name>fseek.obj</name>
      </input_file>
      <input_file id="fl-fb">
         <path>C:\ti\ccsv6\tools\compiler\c6000_7.4.18\lib\</path>
         <kind>archive</kind>
         <file>rts6740.lib</file>
         <name>abs.obj</name>
      </input_file>
      <input_file id="fl-fc">
         <path>C:\ti\ccsv6\tools\compiler\c6000_7.4.18\lib\</path>
         <kind>archive</kind>
         <file>rts6740.lib</file>
         <name>lowlev.obj</name>
      </input_file>
      <input_file id="fl-fd">
         <path>C:\ti\ccsv6\tools\compiler\c6000_7.4.18\lib\</path>
         <kind>archive</kind>
         <file>rts6740.lib</file>
         <name>trgdrv.obj</name>
      </input_file>
      <input_file id="fl-fe">
         <path>C:\ti\ccsv6\tools\compiler\c6000_7.4.18\lib\</path>
         <kind>archive</kind>
         <file>rts6740.lib</file>
         <name>ltoa.obj</name>
      </input_file>
      <input_file id="fl-ff">
         <path>C:\ti\ccsv6\tools\compiler\c6000_7.4.18\lib\</path>
         <kind>archive</kind>
         <file>rts6740.lib</file>
         <name>memccpy.obj</name>
      </input_file>
      <input_file id="fl-100">
         <path>C:\ti\ccsv6\tools\compiler\c6000_7.4.18\lib\</path>
         <kind>archive</kind>
         <file>rts6740.lib</file>
         <name>trgmsg.obj</name>
      </input_file>
      <input_file id="fl-101">
         <path>C:\ti\ccsv6\tools\compiler\c6000_7.4.18\lib\</path>
         <kind>archive</kind>
         <file>rts6740.lib</file>
         <name>setvbuf.obj</name>
      </input_file>
      <input_file id="fl-102">
         <path>C:\ti\ccsv6\tools\compiler\c6000_7.4.18\lib\</path>
         <kind>archive</kind>
         <file>rts6740.lib</file>
         <name>fopen.obj</name>
      </input_file>
      <input_file id="fl-103">
         <path>C:\ti\ccsv6\tools\compiler\c6000_7.4.18\lib\</path>
         <kind>archive</kind>
         <file>rts6740.lib</file>
         <name>fclose.obj</name>
      </input_file>
      <input_file id="fl-104">
         <path>C:\ti\ccsv6\tools\compiler\c6000_7.4.18\lib\</path>
         <kind>archive</kind>
         <file>rts6740.lib</file>
         <name>remove.obj</name>
      </input_file>
      <input_file id="fl-105">
         <path>C:\ti\ccsv6\tools\compiler\c6000_7.4.18\lib\</path>
         <kind>archive</kind>
         <file>rts6740.lib</file>
         <name>sin.obj</name>
      </input_file>
      <input_file id="fl-106">
         <path>C:\ti\ccsv6\tools\compiler\c6000_7.4.18\lib\</path>
         <kind>archive</kind>
         <file>rts6740.lib</file>
         <name>sqrt.obj</name>
      </input_file>
      <input_file id="fl-107">
         <path>C:\ti\ccsv6\tools\compiler\c6000_7.4.18\lib\</path>
         <kind>archive</kind>
         <file>rts6740.lib</file>
         <name>errno.obj</name>
      </input_file>
   </input_file_list>
   <object_component_list>
      <object_component id="oc-7a">
         <name>.vers</name>
         <load_address>0x0</load_address>
         <run_address>0x0</run_address>
         <size>0x3c</size>
         <input_file_ref idref="fl-6"/>
      </object_component>
      <object_component id="oc-68">
         <name>.clk</name>
         <uninitialized>true</uninitialized>
         <run_address>0x1181c3f8</run_address>
         <size>0x8</size>
         <input_file_ref idref="fl-6"/>
      </object_component>
      <object_component id="oc-69">
         <name>.prd</name>
         <uninitialized>true</uninitialized>
         <run_address>0x1181ad60</run_address>
         <size>0x20</size>
         <input_file_ref idref="fl-6"/>
      </object_component>
      <object_component id="oc-71">
         <name>.swi</name>
         <uninitialized>true</uninitialized>
         <run_address>0x1181c7c8</run_address>
         <size>0x58</size>
         <input_file_ref idref="fl-6"/>
      </object_component>
      <object_component id="oc-72">
         <name>.tsk</name>
         <uninitialized>true</uninitialized>
         <run_address>0x1181c368</run_address>
         <size>0x60</size>
         <input_file_ref idref="fl-6"/>
      </object_component>
      <object_component id="oc-75">
         <name>.idl</name>
         <uninitialized>true</uninitialized>
         <run_address>0x1181c8d4</run_address>
         <size>0x10</size>
         <input_file_ref idref="fl-6"/>
      </object_component>
      <object_component id="oc-74">
         <name>.idlcal</name>
         <uninitialized>true</uninitialized>
         <run_address>0x1181c8e4</run_address>
         <size>0x10</size>
         <input_file_ref idref="fl-6"/>
      </object_component>
      <object_component id="oc-45">
         <name>.bss</name>
         <uninitialized>true</uninitialized>
         <run_address>0x1181c160</run_address>
         <size>0x28</size>
         <input_file_ref idref="fl-6"/>
      </object_component>
      <object_component id="oc-51">
         <name>.bss</name>
         <uninitialized>true</uninitialized>
         <run_address>0x1181c23c</run_address>
         <size>0x4</size>
         <input_file_ref idref="fl-3"/>
      </object_component>
      <object_component id="oc-5c">
         <name>.bss</name>
         <uninitialized>true</uninitialized>
         <run_address>0x1181c214</run_address>
         <size>0xc</size>
         <input_file_ref idref="fl-5"/>
      </object_component>
      <object_component id="oc-8b">
         <name>.bss</name>
         <uninitialized>true</uninitialized>
         <run_address>0x1181bfb0</run_address>
         <size>0xcc</size>
         <input_file_ref idref="fl-8d"/>
      </object_component>
      <object_component id="oc-8d">
         <name>.bss</name>
         <uninitialized>true</uninitialized>
         <run_address>0x1181beb0</run_address>
         <size>0x100</size>
         <input_file_ref idref="fl-8e"/>
      </object_component>
      <object_component id="oc-94">
         <name>.bss</name>
         <uninitialized>true</uninitialized>
         <run_address>0x1181c1c0</run_address>
         <size>0x18</size>
         <input_file_ref idref="fl-90"/>
      </object_component>
      <object_component id="oc-9a">
         <name>.bss</name>
         <uninitialized>true</uninitialized>
         <run_address>0x1181c07c</run_address>
         <size>0x9c</size>
         <input_file_ref idref="fl-91"/>
      </object_component>
      <object_component id="oc-c8">
         <name>.bss</name>
         <uninitialized>true</uninitialized>
         <run_address>0x1181c1a8</run_address>
         <size>0x18</size>
         <input_file_ref idref="fl-9d"/>
      </object_component>
      <object_component id="oc-ca">
         <name>.bss</name>
         <uninitialized>true</uninitialized>
         <run_address>0x1181c234</run_address>
         <size>0x4</size>
         <input_file_ref idref="fl-9e"/>
      </object_component>
      <object_component id="oc-f6">
         <name>.bss</name>
         <uninitialized>true</uninitialized>
         <run_address>0x1181c220</run_address>
         <size>0x8</size>
         <input_file_ref idref="fl-a8"/>
      </object_component>
      <object_component id="oc-f9">
         <name>.bss</name>
         <uninitialized>true</uninitialized>
         <run_address>0x1181c230</run_address>
         <size>0x4</size>
         <input_file_ref idref="fl-a9"/>
      </object_component>
      <object_component id="oc-10c">
         <name>.bss</name>
         <uninitialized>true</uninitialized>
         <run_address>0x1181c188</run_address>
         <size>0x20</size>
         <input_file_ref idref="fl-ae"/>
      </object_component>
      <object_component id="oc-112">
         <name>.bss</name>
         <uninitialized>true</uninitialized>
         <run_address>0x1181c1d8</run_address>
         <size>0x10</size>
         <input_file_ref idref="fl-af"/>
      </object_component>
      <object_component id="oc-127">
         <name>.bss</name>
         <uninitialized>true</uninitialized>
         <run_address>0x1181c1f8</run_address>
         <size>0x10</size>
         <input_file_ref idref="fl-b4"/>
      </object_component>
      <object_component id="oc-137">
         <name>.bss</name>
         <uninitialized>true</uninitialized>
         <run_address>0x1181c240</run_address>
         <size>0x4</size>
         <input_file_ref idref="fl-b7"/>
      </object_component>
      <object_component id="oc-13c">
         <name>.bss</name>
         <uninitialized>true</uninitialized>
         <run_address>0x1181c118</run_address>
         <size>0x48</size>
         <input_file_ref idref="fl-b8"/>
      </object_component>
      <object_component id="oc-155">
         <name>.bss</name>
         <uninitialized>true</uninitialized>
         <run_address>0x1181c238</run_address>
         <size>0x4</size>
         <input_file_ref idref="fl-bf"/>
      </object_component>
      <object_component id="oc-161">
         <name>.bss</name>
         <uninitialized>true</uninitialized>
         <run_address>0x1181c1e8</run_address>
         <size>0x10</size>
         <input_file_ref idref="fl-c3"/>
      </object_component>
      <object_component id="oc-176">
         <name>.bss</name>
         <uninitialized>true</uninitialized>
         <run_address>0x1181c208</run_address>
         <size>0xc</size>
         <input_file_ref idref="fl-c8"/>
      </object_component>
      <object_component id="oc-182">
         <name>.bss</name>
         <uninitialized>true</uninitialized>
         <run_address>0x1181c228</run_address>
         <size>0x8</size>
         <input_file_ref idref="fl-cb"/>
      </object_component>
      <object_component id="oc-70">
         <name>.hwi_vec</name>
         <load_address>0x1181c400</load_address>
         <run_address>0x1181c400</run_address>
         <size>0x200</size>
         <input_file_ref idref="fl-6"/>
      </object_component>
      <object_component id="oc-54">
         <name>.far</name>
         <uninitialized>true</uninitialized>
         <run_address>0x118105b8</run_address>
         <size>0xc</size>
         <input_file_ref idref="fl-3"/>
      </object_component>
      <object_component id="oc-5f">
         <name>.far</name>
         <uninitialized>true</uninitialized>
         <run_address>0x118098a0</run_address>
         <size>0x647c</size>
         <input_file_ref idref="fl-5"/>
      </object_component>
      <object_component id="oc-a7">
         <name>.far</name>
         <uninitialized>true</uninitialized>
         <run_address>0x11810598</run_address>
         <size>0x10</size>
         <input_file_ref idref="fl-94"/>
      </object_component>
      <object_component id="oc-b4">
         <name>.far</name>
         <uninitialized>true</uninitialized>
         <run_address>0x118105a8</run_address>
         <size>0xc</size>
         <input_file_ref idref="fl-97"/>
      </object_component>
      <object_component id="oc-fd">
         <name>.far</name>
         <uninitialized>true</uninitialized>
         <run_address>0x1180fd1c</run_address>
         <size>0x4</size>
         <input_file_ref idref="fl-aa"/>
      </object_component>
      <object_component id="oc-115">
         <name>.far</name>
         <uninitialized>true</uninitialized>
         <run_address>0x11810588</run_address>
         <size>0x10</size>
         <input_file_ref idref="fl-af"/>
      </object_component>
      <object_component id="oc-12b">
         <name>.far</name>
         <uninitialized>true</uninitialized>
         <run_address>0x11810570</run_address>
         <size>0x18</size>
         <input_file_ref idref="fl-b4"/>
      </object_component>
      <object_component id="oc-13f">
         <name>.far</name>
         <uninitialized>true</uninitialized>
         <run_address>0x118102f0</run_address>
         <size>0xd8</size>
         <input_file_ref idref="fl-b8"/>
      </object_component>
      <object_component id="oc-15b">
         <name>.far</name>
         <uninitialized>true</uninitialized>
         <run_address>0x11810428</run_address>
         <size>0x54</size>
         <input_file_ref idref="fl-c1"/>
      </object_component>
      <object_component id="oc-179">
         <name>.far</name>
         <uninitialized>true</uninitialized>
         <run_address>0x118103c8</run_address>
         <size>0x5c</size>
         <input_file_ref idref="fl-c8"/>
      </object_component>
      <object_component id="oc-185">
         <name>.far</name>
         <uninitialized>true</uninitialized>
         <run_address>0x11810550</run_address>
         <size>0x20</size>
         <input_file_ref idref="fl-cb"/>
      </object_component>
      <object_component id="oc-18f">
         <name>.far</name>
         <uninitialized>true</uninitialized>
         <run_address>0x1181047c</run_address>
         <size>0x50</size>
         <input_file_ref idref="fl-ce"/>
      </object_component>
      <object_component id="oc-1bb">
         <name>.far</name>
         <uninitialized>true</uninitialized>
         <run_address>0x118105d0</run_address>
         <size>0x8</size>
         <input_file_ref idref="fl-db"/>
      </object_component>
      <object_component id="oc-1c3">
         <name>.far</name>
         <uninitialized>true</uninitialized>
         <run_address>0x11810048</run_address>
         <size>0x188</size>
         <input_file_ref idref="fl-dd"/>
      </object_component>
      <object_component id="oc-1c8">
         <name>.far</name>
         <uninitialized>true</uninitialized>
         <run_address>0x11810424</run_address>
         <size>0x4</size>
         <input_file_ref idref="fl-de"/>
      </object_component>
      <object_component id="oc-1cd">
         <name>.far</name>
         <uninitialized>true</uninitialized>
         <run_address>0x118105c4</run_address>
         <size>0xc</size>
         <input_file_ref idref="fl-df"/>
      </object_component>
      <object_component id="oc-1d2">
         <name>.far</name>
         <uninitialized>true</uninitialized>
         <run_address>0x118104d0</run_address>
         <size>0x40</size>
         <input_file_ref idref="fl-e0"/>
      </object_component>
      <object_component id="oc-1f7">
         <name>.far</name>
         <uninitialized>true</uninitialized>
         <run_address>0x1180fd20</run_address>
         <size>0x324</size>
         <input_file_ref idref="fl-eb"/>
      </object_component>
      <object_component id="oc-22c">
         <name>.far</name>
         <uninitialized>true</uninitialized>
         <run_address>0x118101d0</run_address>
         <size>0x11c</size>
         <input_file_ref idref="fl-fc"/>
      </object_component>
      <object_component id="oc-230">
         <name>.far</name>
         <uninitialized>true</uninitialized>
         <run_address>0x118105d8</run_address>
         <size>0x8</size>
         <input_file_ref idref="fl-fd"/>
      </object_component>
      <object_component id="oc-242">
         <name>.far</name>
         <uninitialized>true</uninitialized>
         <run_address>0x118102ec</run_address>
         <size>0x4</size>
         <input_file_ref idref="fl-102"/>
      </object_component>
      <object_component id="oc-24d">
         <name>.far</name>
         <uninitialized>true</uninitialized>
         <run_address>0x11810510</run_address>
         <size>0x40</size>
         <input_file_ref idref="fl-105"/>
      </object_component>
      <object_component id="oc-255">
         <name>.far</name>
         <uninitialized>true</uninitialized>
         <run_address>0x11810044</run_address>
         <size>0x4</size>
         <input_file_ref idref="fl-107"/>
      </object_component>
      <object_component id="oc-64">
         <name>.mem</name>
         <uninitialized>true</uninitialized>
         <run_address>0x1181b274</run_address>
         <size>0x4</size>
         <input_file_ref idref="fl-6"/>
      </object_component>
      <object_component id="oc-96">
         <name>.bios</name>
         <load_address>0x118105e0</load_address>
         <run_address>0x118105e0</run_address>
         <size>0x5c0</size>
         <input_file_ref idref="fl-90"/>
      </object_component>
      <object_component id="oc-262">
         <name>.bios</name>
         <load_address>0x11810ba0</load_address>
         <run_address>0x11810ba0</run_address>
         <size>0x580</size>
         <input_file_ref idref="fl-af"/>
      </object_component>
      <object_component id="oc-46">
         <name>.bios</name>
         <load_address>0x11811120</load_address>
         <run_address>0x11811120</run_address>
         <size>0x4e0</size>
         <input_file_ref idref="fl-8e"/>
      </object_component>
      <object_component id="oc-44">
         <name>.bios</name>
         <load_address>0x11811600</load_address>
         <run_address>0x11811600</run_address>
         <size>0x4c0</size>
         <input_file_ref idref="fl-91"/>
      </object_component>
      <object_component id="oc-e5">
         <name>.bios</name>
         <load_address>0x11811ac0</load_address>
         <run_address>0x11811ac0</run_address>
         <size>0x380</size>
         <input_file_ref idref="fl-a4"/>
      </object_component>
      <object_component id="oc-28d">
         <name>.bios</name>
         <load_address>0x11811e40</load_address>
         <run_address>0x11811e40</run_address>
         <size>0x280</size>
         <input_file_ref idref="fl-e3"/>
      </object_component>
      <object_component id="oc-ea">
         <name>.bios</name>
         <load_address>0x118120c0</load_address>
         <run_address>0x118120c0</run_address>
         <size>0x280</size>
         <input_file_ref idref="fl-a5"/>
      </object_component>
      <object_component id="oc-25d">
         <name>.bios</name>
         <load_address>0x11812340</load_address>
         <run_address>0x11812340</run_address>
         <size>0x240</size>
         <input_file_ref idref="fl-bd"/>
      </object_component>
      <object_component id="oc-2a0">
         <name>.bios:.near</name>
         <load_address>0x11812580</load_address>
         <run_address>0x11812580</run_address>
         <size>0x200</size>
         <input_file_ref idref="fl-e4"/>
      </object_component>
      <object_component id="oc-49">
         <name>.bios</name>
         <load_address>0x11812780</load_address>
         <run_address>0x11812780</run_address>
         <size>0x200</size>
         <input_file_ref idref="fl-94"/>
      </object_component>
      <object_component id="oc-29f">
         <name>.bios:.near</name>
         <load_address>0x11812980</load_address>
         <run_address>0x11812980</run_address>
         <size>0x1e0</size>
         <input_file_ref idref="fl-e5"/>
      </object_component>
      <object_component id="oc-10e">
         <name>.bios</name>
         <load_address>0x11812b60</load_address>
         <run_address>0x11812b60</run_address>
         <size>0x1e0</size>
         <input_file_ref idref="fl-ae"/>
      </object_component>
      <object_component id="oc-e1">
         <name>.bios</name>
         <load_address>0x11812d40</load_address>
         <run_address>0x11812d40</run_address>
         <size>0x1e0</size>
         <input_file_ref idref="fl-a3"/>
      </object_component>
      <object_component id="oc-26b">
         <name>.bios</name>
         <load_address>0x11812f20</load_address>
         <run_address>0x11812f20</run_address>
         <size>0x1e0</size>
         <input_file_ref idref="fl-d1"/>
      </object_component>
      <object_component id="oc-26a">
         <name>.bios</name>
         <load_address>0x11813100</load_address>
         <run_address>0x11813100</run_address>
         <size>0x1a0</size>
         <input_file_ref idref="fl-d4"/>
      </object_component>
      <object_component id="oc-264">
         <name>.bios</name>
         <load_address>0x118132a0</load_address>
         <run_address>0x118132a0</run_address>
         <size>0x1a0</size>
         <input_file_ref idref="fl-cd"/>
      </object_component>
      <object_component id="oc-ba">
         <name>.bios</name>
         <load_address>0x11813440</load_address>
         <run_address>0x11813440</run_address>
         <size>0x1a0</size>
         <input_file_ref idref="fl-99"/>
      </object_component>
      <object_component id="oc-d9">
         <name>.bios</name>
         <load_address>0x118135e0</load_address>
         <run_address>0x118135e0</run_address>
         <size>0x180</size>
         <input_file_ref idref="fl-a1"/>
      </object_component>
      <object_component id="oc-257">
         <name>.bios</name>
         <load_address>0x11813760</load_address>
         <run_address>0x11813760</run_address>
         <size>0x140</size>
         <input_file_ref idref="fl-d5"/>
      </object_component>
      <object_component id="oc-25f">
         <name>.bios</name>
         <load_address>0x118138a0</load_address>
         <run_address>0x118138a0</run_address>
         <size>0x140</size>
         <input_file_ref idref="fl-c9"/>
      </object_component>
      <object_component id="oc-281">
         <name>.bios</name>
         <load_address>0x118139e0</load_address>
         <run_address>0x118139e0</run_address>
         <size>0x140</size>
         <input_file_ref idref="fl-b1"/>
      </object_component>
      <object_component id="oc-260">
         <name>.bios</name>
         <load_address>0x11813b20</load_address>
         <run_address>0x11813b20</run_address>
         <size>0x120</size>
         <input_file_ref idref="fl-b0"/>
      </object_component>
      <object_component id="oc-144">
         <name>.bios</name>
         <load_address>0x11813c40</load_address>
         <run_address>0x11813c40</run_address>
         <size>0x120</size>
         <input_file_ref idref="fl-ba"/>
      </object_component>
      <object_component id="oc-265">
         <name>.bios</name>
         <load_address>0x11813d60</load_address>
         <run_address>0x11813d60</run_address>
         <size>0x120</size>
         <input_file_ref idref="fl-ce"/>
      </object_component>
      <object_component id="oc-19d">
         <name>.bios</name>
         <load_address>0x11813e80</load_address>
         <run_address>0x11813e80</run_address>
         <size>0xe0</size>
         <input_file_ref idref="fl-d2"/>
      </object_component>
      <object_component id="oc-25e">
         <name>.bios</name>
         <load_address>0x11813f60</load_address>
         <run_address>0x11813f60</run_address>
         <size>0xc0</size>
         <input_file_ref idref="fl-b9"/>
      </object_component>
      <object_component id="oc-26d">
         <name>.bios</name>
         <load_address>0x11814020</load_address>
         <run_address>0x11814020</run_address>
         <size>0xa0</size>
         <input_file_ref idref="fl-d3"/>
      </object_component>
      <object_component id="oc-280">
         <name>.bios</name>
         <load_address>0x118140c0</load_address>
         <run_address>0x118140c0</run_address>
         <size>0xa0</size>
         <input_file_ref idref="fl-ca"/>
      </object_component>
      <object_component id="oc-26c">
         <name>.bios</name>
         <load_address>0x11814160</load_address>
         <run_address>0x11814160</run_address>
         <size>0x80</size>
         <input_file_ref idref="fl-bc"/>
      </object_component>
      <object_component id="oc-259">
         <name>.bios</name>
         <load_address>0x118141e0</load_address>
         <run_address>0x118141e0</run_address>
         <size>0x80</size>
         <input_file_ref idref="fl-bb"/>
      </object_component>
      <object_component id="oc-283">
         <name>.bios</name>
         <load_address>0x11814260</load_address>
         <run_address>0x11814260</run_address>
         <size>0x80</size>
         <input_file_ref idref="fl-cf"/>
      </object_component>
      <object_component id="oc-dd">
         <name>.bios</name>
         <load_address>0x118142e0</load_address>
         <run_address>0x118142e0</run_address>
         <size>0x80</size>
         <input_file_ref idref="fl-a2"/>
      </object_component>
      <object_component id="oc-d0">
         <name>.bios</name>
         <load_address>0x11814360</load_address>
         <run_address>0x11814360</run_address>
         <size>0x80</size>
         <input_file_ref idref="fl-9f"/>
      </object_component>
      <object_component id="oc-2aa">
         <name>.bios:.near</name>
         <load_address>0x118143e0</load_address>
         <run_address>0x118143e0</run_address>
         <size>0x60</size>
         <input_file_ref idref="fl-e6"/>
      </object_component>
      <object_component id="oc-be">
         <name>.bios</name>
         <load_address>0x11814440</load_address>
         <run_address>0x11814440</run_address>
         <size>0x60</size>
         <input_file_ref idref="fl-9a"/>
      </object_component>
      <object_component id="oc-12f">
         <name>.bios</name>
         <load_address>0x118144a0</load_address>
         <run_address>0x118144a0</run_address>
         <size>0x60</size>
         <input_file_ref idref="fl-b5"/>
      </object_component>
      <object_component id="oc-cc">
         <name>.bios</name>
         <load_address>0x11814500</load_address>
         <run_address>0x11814500</run_address>
         <size>0x60</size>
         <input_file_ref idref="fl-9e"/>
      </object_component>
      <object_component id="oc-196">
         <name>.bios</name>
         <load_address>0x11814560</load_address>
         <run_address>0x11814560</run_address>
         <size>0x60</size>
         <input_file_ref idref="fl-d0"/>
      </object_component>
      <object_component id="oc-f2">
         <name>.bios</name>
         <load_address>0x118145c0</load_address>
         <run_address>0x118145c0</run_address>
         <size>0x60</size>
         <input_file_ref idref="fl-a7"/>
      </object_component>
      <object_component id="oc-282">
         <name>.bios</name>
         <load_address>0x11814620</load_address>
         <run_address>0x11814620</run_address>
         <size>0x60</size>
         <input_file_ref idref="fl-c7"/>
      </object_component>
      <object_component id="oc-ff">
         <name>.bios</name>
         <load_address>0x11814680</load_address>
         <run_address>0x11814680</run_address>
         <size>0x60</size>
         <input_file_ref idref="fl-ab"/>
      </object_component>
      <object_component id="oc-42">
         <name>.bios</name>
         <load_address>0x118146e0</load_address>
         <run_address>0x118146e0</run_address>
         <size>0x40</size>
         <input_file_ref idref="fl-8f"/>
      </object_component>
      <object_component id="oc-ee">
         <name>.bios</name>
         <load_address>0x11814720</load_address>
         <run_address>0x11814720</run_address>
         <size>0x40</size>
         <input_file_ref idref="fl-a6"/>
      </object_component>
      <object_component id="oc-41">
         <name>.bios</name>
         <load_address>0x11814760</load_address>
         <run_address>0x11814760</run_address>
         <size>0x40</size>
         <input_file_ref idref="fl-95"/>
      </object_component>
      <object_component id="oc-48">
         <name>.bios</name>
         <load_address>0x118147a0</load_address>
         <run_address>0x118147a0</run_address>
         <size>0x40</size>
         <input_file_ref idref="fl-97"/>
      </object_component>
      <object_component id="oc-4c">
         <name>.bios</name>
         <load_address>0x118147e0</load_address>
         <run_address>0x118147e0</run_address>
         <size>0x20</size>
         <input_file_ref idref="fl-93"/>
      </object_component>
      <object_component id="oc-11f">
         <name>.bios</name>
         <load_address>0x11814800</load_address>
         <run_address>0x11814800</run_address>
         <size>0x20</size>
         <input_file_ref idref="fl-b2"/>
      </object_component>
      <object_component id="oc-d4">
         <name>.bios</name>
         <load_address>0x11814820</load_address>
         <run_address>0x11814820</run_address>
         <size>0x20</size>
         <input_file_ref idref="fl-a0"/>
      </object_component>
      <object_component id="oc-16f">
         <name>.bios</name>
         <load_address>0x11814840</load_address>
         <run_address>0x11814840</run_address>
         <size>0x20</size>
         <input_file_ref idref="fl-c6"/>
      </object_component>
      <object_component id="oc-4b">
         <name>.bios</name>
         <load_address>0x11814860</load_address>
         <run_address>0x11814860</run_address>
         <size>0x20</size>
         <input_file_ref idref="fl-96"/>
      </object_component>
      <object_component id="oc-4a">
         <name>.bios</name>
         <load_address>0x11814880</load_address>
         <run_address>0x11814880</run_address>
         <size>0x20</size>
         <input_file_ref idref="fl-98"/>
      </object_component>
      <object_component id="oc-47">
         <name>.bios</name>
         <load_address>0x118148a0</load_address>
         <run_address>0x118148a0</run_address>
         <size>0x20</size>
         <input_file_ref idref="fl-92"/>
      </object_component>
      <object_component id="oc-23a">
         <name>.cio</name>
         <uninitialized>true</uninitialized>
         <run_address>0x1181c248</run_address>
         <size>0x120</size>
         <input_file_ref idref="fl-100"/>
      </object_component>
      <object_component id="oc-165">
         <name>.pinit</name>
         <load_address>0x1181c904</load_address>
         <run_address>0x1181c904</run_address>
         <size>0x4</size>
         <input_file_ref idref="fl-c3"/>
      </object_component>
      <object_component id="oc-12c">
         <name>.pinit</name>
         <load_address>0x1181c908</load_address>
         <run_address>0x1181c908</run_address>
         <size>0x4</size>
         <input_file_ref idref="fl-b4"/>
      </object_component>
      <object_component id="oc-67">
         <name>.sys</name>
         <uninitialized>true</uninitialized>
         <run_address>0x1181c8f4</run_address>
         <size>0x10</size>
         <input_file_ref idref="fl-6"/>
      </object_component>
      <object_component id="oc-277">
         <name>.text</name>
         <load_address>0x11800000</load_address>
         <run_address>0x11800000</run_address>
         <size>0xf20</size>
         <input_file_ref idref="fl-9"/>
      </object_component>
      <object_component id="oc-297">
         <name>.text</name>
         <load_address>0x11800f20</load_address>
         <run_address>0x11800f20</run_address>
         <size>0xc20</size>
         <input_file_ref idref="fl-ad"/>
      </object_component>
      <object_component id="oc-293">
         <name>.text:__divd</name>
         <load_address>0x11801b40</load_address>
         <run_address>0x11801b40</run_address>
         <size>0x5a0</size>
         <input_file_ref idref="fl-d6"/>
      </object_component>
      <object_component id="oc-2c3">
         <name>.text:__getarg_diouxp</name>
         <load_address>0x118020e0</load_address>
         <run_address>0x118020e0</run_address>
         <size>0x580</size>
         <input_file_ref idref="fl-ec"/>
      </object_component>
      <object_component id="oc-278">
         <name>.text</name>
         <load_address>0x11802660</load_address>
         <run_address>0x11802660</run_address>
         <size>0x540</size>
         <input_file_ref idref="fl-4"/>
      </object_component>
      <object_component id="oc-258">
         <name>.text</name>
         <load_address>0x11802ba0</load_address>
         <run_address>0x11802ba0</run_address>
         <size>0x540</size>
         <input_file_ref idref="fl-5"/>
      </object_component>
      <object_component id="oc-2b1">
         <name>.text:__setfield</name>
         <load_address>0x118030e0</load_address>
         <run_address>0x118030e0</run_address>
         <size>0x520</size>
         <input_file_ref idref="fl-ec"/>
      </object_component>
      <object_component id="oc-299">
         <name>.text</name>
         <load_address>0x11803600</load_address>
         <run_address>0x11803600</run_address>
         <size>0x4e0</size>
         <input_file_ref idref="fl-b6"/>
      </object_component>
      <object_component id="oc-2ac">
         <name>.text:__printfi</name>
         <load_address>0x11803ae0</load_address>
         <run_address>0x11803ae0</run_address>
         <size>0x440</size>
         <input_file_ref idref="fl-ec"/>
      </object_component>
      <object_component id="oc-2ae">
         <name>.text:_fputs</name>
         <load_address>0x11803f20</load_address>
         <run_address>0x11803f20</run_address>
         <size>0x3a0</size>
         <input_file_ref idref="fl-f9"/>
      </object_component>
      <object_component id="oc-298">
         <name>.text</name>
         <load_address>0x118042c0</load_address>
         <run_address>0x118042c0</run_address>
         <size>0x380</size>
         <input_file_ref idref="fl-b3"/>
      </object_component>
      <object_component id="oc-296">
         <name>.text</name>
         <load_address>0x11804640</load_address>
         <run_address>0x11804640</run_address>
         <size>0x380</size>
         <input_file_ref idref="fl-b7"/>
      </object_component>
      <object_component id="oc-2b8">
         <name>.text:__pproc_fge</name>
         <load_address>0x118049c0</load_address>
         <run_address>0x118049c0</run_address>
         <size>0x320</size>
         <input_file_ref idref="fl-ec"/>
      </object_component>
      <object_component id="oc-294">
         <name>.text:_cos</name>
         <load_address>0x11804ce0</load_address>
         <run_address>0x11804ce0</run_address>
         <size>0x2e0</size>
         <input_file_ref idref="fl-e0"/>
      </object_component>
      <object_component id="oc-2b0">
         <name>.text:__pproc_fwp</name>
         <load_address>0x11804fc0</load_address>
         <run_address>0x11804fc0</run_address>
         <size>0x2c0</size>
         <input_file_ref idref="fl-ec"/>
      </object_component>
      <object_component id="oc-2c8">
         <name>.text:_ecvt</name>
         <load_address>0x11805280</load_address>
         <run_address>0x11805280</run_address>
         <size>0x2a0</size>
         <input_file_ref idref="fl-ec"/>
      </object_component>
      <object_component id="oc-2cb">
         <name>.text:_fcvt</name>
         <load_address>0x11805520</load_address>
         <run_address>0x11805520</run_address>
         <size>0x2a0</size>
         <input_file_ref idref="fl-ec"/>
      </object_component>
      <object_component id="oc-27b">
         <name>.text:__divf</name>
         <load_address>0x118057c0</load_address>
         <run_address>0x118057c0</run_address>
         <size>0x280</size>
         <input_file_ref idref="fl-d7"/>
      </object_component>
      <object_component id="oc-295">
         <name>.text:_sin</name>
         <load_address>0x11805a40</load_address>
         <run_address>0x11805a40</run_address>
         <size>0x280</size>
         <input_file_ref idref="fl-105"/>
      </object_component>
      <object_component id="oc-2d4">
         <name>.text:__divull</name>
         <load_address>0x11805cc0</load_address>
         <run_address>0x11805cc0</run_address>
         <size>0x260</size>
         <input_file_ref idref="fl-f0"/>
      </object_component>
      <object_component id="oc-2c2">
         <name>.text:__pconv_e</name>
         <load_address>0x11805f20</load_address>
         <run_address>0x11805f20</run_address>
         <size>0x260</size>
         <input_file_ref idref="fl-ec"/>
      </object_component>
      <object_component id="oc-2b9">
         <name>.text:__pproc_diouxp</name>
         <load_address>0x11806180</load_address>
         <run_address>0x11806180</run_address>
         <size>0x240</size>
         <input_file_ref idref="fl-ec"/>
      </object_component>
      <object_component id="oc-2b2">
         <name>.text:__pproc_str</name>
         <load_address>0x118063c0</load_address>
         <run_address>0x118063c0</run_address>
         <size>0x220</size>
         <input_file_ref idref="fl-ec"/>
      </object_component>
      <object_component id="oc-2b3">
         <name>.text:_fputc</name>
         <load_address>0x118065e0</load_address>
         <run_address>0x118065e0</run_address>
         <size>0x220</size>
         <input_file_ref idref="fl-f6"/>
      </object_component>
      <object_component id="oc-2c0">
         <name>.text:__pconv_g</name>
         <load_address>0x11806800</load_address>
         <run_address>0x11806800</run_address>
         <size>0x200</size>
         <input_file_ref idref="fl-ec"/>
      </object_component>
      <object_component id="oc-2bc">
         <name>.text:_setvbuf</name>
         <load_address>0x11806a00</load_address>
         <run_address>0x11806a00</run_address>
         <size>0x200</size>
         <input_file_ref idref="fl-101"/>
      </object_component>
      <object_component id="oc-27a">
         <name>.text</name>
         <load_address>0x11806c00</load_address>
         <run_address>0x11806c00</run_address>
         <size>0x1e0</size>
         <input_file_ref idref="fl-be"/>
      </object_component>
      <object_component id="oc-2ca">
         <name>.text:__mcpy</name>
         <load_address>0x11806de0</load_address>
         <run_address>0x11806de0</run_address>
         <size>0x1c0</size>
         <input_file_ref idref="fl-ec"/>
      </object_component>
      <object_component id="oc-2d3">
         <name>.text:__divul</name>
         <load_address>0x11806fa0</load_address>
         <run_address>0x11806fa0</run_address>
         <size>0x1a0</size>
         <input_file_ref idref="fl-ef"/>
      </object_component>
      <object_component id="oc-275">
         <name>.text:_HOSTrename</name>
         <load_address>0x11807140</load_address>
         <run_address>0x11807140</run_address>
         <size>0x180</size>
         <input_file_ref idref="fl-fd"/>
      </object_component>
      <object_component id="oc-279">
         <name>.text</name>
         <load_address>0x118072c0</load_address>
         <run_address>0x118072c0</run_address>
         <size>0x160</size>
         <input_file_ref idref="fl-ac"/>
      </object_component>
      <object_component id="oc-2af">
         <name>.text:__pproc_fflags</name>
         <load_address>0x11807420</load_address>
         <run_address>0x11807420</run_address>
         <size>0x140</size>
         <input_file_ref idref="fl-ec"/>
      </object_component>
      <object_component id="oc-2dc">
         <name>.text:_getdevice</name>
         <load_address>0x11807560</load_address>
         <run_address>0x11807560</run_address>
         <size>0x140</size>
         <input_file_ref idref="fl-fc"/>
      </object_component>
      <object_component id="oc-2ce">
         <name>.text:__closefile</name>
         <load_address>0x118076a0</load_address>
         <run_address>0x118076a0</run_address>
         <size>0x120</size>
         <input_file_ref idref="fl-103"/>
      </object_component>
      <object_component id="oc-2c5">
         <name>.text:__ltostr</name>
         <load_address>0x118077c0</load_address>
         <run_address>0x118077c0</run_address>
         <size>0x120</size>
         <input_file_ref idref="fl-ec"/>
      </object_component>
      <object_component id="oc-2bb">
         <name>.text:_fseek</name>
         <load_address>0x118078e0</load_address>
         <run_address>0x118078e0</run_address>
         <size>0x120</size>
         <input_file_ref idref="fl-fa"/>
      </object_component>
      <object_component id="oc-273">
         <name>.text:_HOSTlseek</name>
         <load_address>0x11807a00</load_address>
         <run_address>0x11807a00</run_address>
         <size>0x100</size>
         <input_file_ref idref="fl-fd"/>
      </object_component>
      <object_component id="oc-2b4">
         <name>.text:__wrt_ok</name>
         <load_address>0x11807b00</load_address>
         <run_address>0x11807b00</run_address>
         <size>0x100</size>
         <input_file_ref idref="fl-f8"/>
      </object_component>
      <object_component id="oc-2a9">
         <name>.text:_call_dtors</name>
         <load_address>0x11807c00</load_address>
         <run_address>0x11807c00</run_address>
         <size>0x100</size>
         <input_file_ref idref="fl-de"/>
      </object_component>
      <object_component id="oc-28f">
         <name>.text:_sqrt</name>
         <load_address>0x11807d00</load_address>
         <run_address>0x11807d00</run_address>
         <size>0x100</size>
         <input_file_ref idref="fl-106"/>
      </object_component>
      <object_component id="oc-26f">
         <name>.text:_HOSTopen</name>
         <load_address>0x11807e00</load_address>
         <run_address>0x11807e00</run_address>
         <size>0xe0</size>
         <input_file_ref idref="fl-fd"/>
      </object_component>
      <object_component id="oc-271">
         <name>.text:_HOSTread</name>
         <load_address>0x11807ee0</load_address>
         <run_address>0x11807ee0</run_address>
         <size>0xe0</size>
         <input_file_ref idref="fl-fd"/>
      </object_component>
      <object_component id="oc-292">
         <name>.text:__divi</name>
         <load_address>0x11807fc0</load_address>
         <run_address>0x11807fc0</run_address>
         <size>0xe0</size>
         <input_file_ref idref="fl-d8"/>
      </object_component>
      <object_component id="oc-2b7">
         <name>.text:_atoi</name>
         <load_address>0x118080a0</load_address>
         <run_address>0x118080a0</run_address>
         <size>0xe0</size>
         <input_file_ref idref="fl-f4"/>
      </object_component>
      <object_component id="oc-2d5">
         <name>.text:_close</name>
         <load_address>0x11808180</load_address>
         <run_address>0x11808180</run_address>
         <size>0xe0</size>
         <input_file_ref idref="fl-fc"/>
      </object_component>
      <object_component id="oc-2a1">
         <name>.text:_memset</name>
         <load_address>0x11808260</load_address>
         <run_address>0x11808260</run_address>
         <size>0xe0</size>
         <input_file_ref idref="fl-e8"/>
      </object_component>
      <object_component id="oc-2a6">
         <name>.text:_printf</name>
         <load_address>0x11808340</load_address>
         <run_address>0x11808340</run_address>
         <size>0xe0</size>
         <input_file_ref idref="fl-ea"/>
      </object_component>
      <object_component id="oc-274">
         <name>.text:_HOSTunlink</name>
         <load_address>0x11808420</load_address>
         <run_address>0x11808420</run_address>
         <size>0xc0</size>
         <input_file_ref idref="fl-fd"/>
      </object_component>
      <object_component id="oc-272">
         <name>.text:_HOSTwrite</name>
         <load_address>0x118084e0</load_address>
         <run_address>0x118084e0</run_address>
         <size>0xc0</size>
         <input_file_ref idref="fl-fd"/>
      </object_component>
      <object_component id="oc-2cd">
         <name>.text:__div</name>
         <load_address>0x118085a0</load_address>
         <run_address>0x118085a0</run_address>
         <size>0xc0</size>
         <input_file_ref idref="fl-ec"/>
      </object_component>
      <object_component id="oc-2d2">
         <name>.text:__divu</name>
         <load_address>0x11808660</load_address>
         <run_address>0x11808660</run_address>
         <size>0xc0</size>
         <input_file_ref idref="fl-ee"/>
      </object_component>
      <object_component id="oc-2b5">
         <name>.text:__doflush</name>
         <load_address>0x11808720</load_address>
         <run_address>0x11808720</run_address>
         <size>0xc0</size>
         <input_file_ref idref="fl-f7"/>
      </object_component>
      <object_component id="oc-291">
         <name>.text:__remi</name>
         <load_address>0x118087e0</load_address>
         <run_address>0x118087e0</run_address>
         <size>0xc0</size>
         <input_file_ref idref="fl-dc"/>
      </object_component>
      <object_component id="oc-28a">
         <name>.text:_atexit</name>
         <load_address>0x118088a0</load_address>
         <run_address>0x118088a0</run_address>
         <size>0xc0</size>
         <input_file_ref idref="fl-dd"/>
      </object_component>
      <object_component id="oc-2d0">
         <name>.text:_ltoa</name>
         <load_address>0x11808960</load_address>
         <run_address>0x11808960</run_address>
         <size>0xc0</size>
         <input_file_ref idref="fl-fe"/>
      </object_component>
      <object_component id="oc-286">
         <name>.text</name>
         <load_address>0x11808a20</load_address>
         <run_address>0x11808a20</run_address>
         <size>0xc0</size>
         <input_file_ref idref="fl-ce"/>
      </object_component>
      <object_component id="oc-270">
         <name>.text:_HOSTclose</name>
         <load_address>0x11808ae0</load_address>
         <run_address>0x11808ae0</run_address>
         <size>0xa0</size>
         <input_file_ref idref="fl-fd"/>
      </object_component>
      <object_component id="oc-2c7">
         <name>.text:__cleanup</name>
         <load_address>0x11808b80</load_address>
         <run_address>0x11808b80</run_address>
         <size>0xa0</size>
         <input_file_ref idref="fl-102"/>
      </object_component>
      <object_component id="oc-2d8">
         <name>.text:__divli</name>
         <load_address>0x11808c20</load_address>
         <run_address>0x11808c20</run_address>
         <size>0xa0</size>
         <input_file_ref idref="fl-ef"/>
      </object_component>
      <object_component id="oc-2c9">
         <name>.text:__ecpy</name>
         <load_address>0x11808cc0</load_address>
         <run_address>0x11808cc0</run_address>
         <size>0xa0</size>
         <input_file_ref idref="fl-ec"/>
      </object_component>
      <object_component id="oc-2cc">
         <name>.text:__fcpy</name>
         <load_address>0x11808d60</load_address>
         <run_address>0x11808d60</run_address>
         <size>0xa0</size>
         <input_file_ref idref="fl-ec"/>
      </object_component>
      <object_component id="oc-2cf">
         <name>.text:__fixdli</name>
         <load_address>0x11808e00</load_address>
         <run_address>0x11808e00</run_address>
         <size>0xa0</size>
         <input_file_ref idref="fl-f1"/>
      </object_component>
      <object_component id="oc-2a5">
         <name>.text:__nround</name>
         <load_address>0x11808ea0</load_address>
         <run_address>0x11808ea0</run_address>
         <size>0xa0</size>
         <input_file_ref idref="fl-e1"/>
      </object_component>
      <object_component id="oc-2c1">
         <name>.text:__pconv_f</name>
         <load_address>0x11808f40</load_address>
         <run_address>0x11808f40</run_address>
         <size>0xa0</size>
         <input_file_ref idref="fl-ec"/>
      </object_component>
      <object_component id="oc-2dd">
         <name>.text:_finddevice</name>
         <load_address>0x11808fe0</load_address>
         <run_address>0x11808fe0</run_address>
         <size>0xa0</size>
         <input_file_ref idref="fl-fc"/>
      </object_component>
      <object_component id="oc-2c6">
         <name>.text:_lseek</name>
         <load_address>0x11809080</load_address>
         <run_address>0x11809080</run_address>
         <size>0xa0</size>
         <input_file_ref idref="fl-fc"/>
      </object_component>
      <object_component id="oc-276">
         <name>.text:_memcpy</name>
         <load_address>0x11809120</load_address>
         <run_address>0x11809120</run_address>
         <size>0xa0</size>
         <input_file_ref idref="fl-e7"/>
      </object_component>
      <object_component id="oc-290">
         <name>.text:_modf</name>
         <load_address>0x118091c0</load_address>
         <run_address>0x118091c0</run_address>
         <size>0xa0</size>
         <input_file_ref idref="fl-e9"/>
      </object_component>
      <object_component id="oc-2b6">
         <name>.text:_write</name>
         <load_address>0x11809260</load_address>
         <run_address>0x11809260</run_address>
         <size>0xa0</size>
         <input_file_ref idref="fl-fc"/>
      </object_component>
      <object_component id="oc-2d1">
         <name>.text:__fltlid</name>
         <load_address>0x11809300</load_address>
         <run_address>0x11809300</run_address>
         <size>0x80</size>
         <input_file_ref idref="fl-f2"/>
      </object_component>
      <object_component id="oc-2d9">
         <name>.text:__llshl</name>
         <load_address>0x11809380</load_address>
         <run_address>0x11809380</run_address>
         <size>0x80</size>
         <input_file_ref idref="fl-da"/>
      </object_component>
      <object_component id="oc-28c">
         <name>.text:_readmsg</name>
         <load_address>0x11809400</load_address>
         <run_address>0x11809400</run_address>
         <size>0x80</size>
         <input_file_ref idref="fl-100"/>
      </object_component>
      <object_component id="oc-2db">
         <name>.text:_unlink</name>
         <load_address>0x11809480</load_address>
         <run_address>0x11809480</run_address>
         <size>0x80</size>
         <input_file_ref idref="fl-fc"/>
      </object_component>
      <object_component id="oc-2da">
         <name>.text:__subcull</name>
         <load_address>0x11809500</load_address>
         <run_address>0x11809500</run_address>
         <size>0x60</size>
         <input_file_ref idref="fl-f0"/>
      </object_component>
      <object_component id="oc-2ba">
         <name>.text:_memccpy</name>
         <load_address>0x11809560</load_address>
         <run_address>0x11809560</run_address>
         <size>0x60</size>
         <input_file_ref idref="fl-ff"/>
      </object_component>
      <object_component id="oc-28b">
         <name>.text:_writemsg</name>
         <load_address>0x118095c0</load_address>
         <run_address>0x118095c0</run_address>
         <size>0x60</size>
         <input_file_ref idref="fl-100"/>
      </object_component>
      <object_component id="oc-29e">
         <name>.text:___add_dtor</name>
         <load_address>0x11809620</load_address>
         <run_address>0x11809620</run_address>
         <size>0x40</size>
         <input_file_ref idref="fl-de"/>
      </object_component>
      <object_component id="oc-2bf">
         <name>.text:___isinf</name>
         <load_address>0x11809660</load_address>
         <run_address>0x11809660</run_address>
         <size>0x40</size>
         <input_file_ref idref="fl-ed"/>
      </object_component>
      <object_component id="oc-2be">
         <name>.text:___isnan</name>
         <load_address>0x118096a0</load_address>
         <run_address>0x118096a0</run_address>
         <size>0x40</size>
         <input_file_ref idref="fl-ec"/>
      </object_component>
      <object_component id="oc-2a3">
         <name>.text:__frcmpyd_div</name>
         <load_address>0x118096e0</load_address>
         <run_address>0x118096e0</run_address>
         <size>0x40</size>
         <input_file_ref idref="fl-d9"/>
      </object_component>
      <object_component id="oc-2a2">
         <name>.text:__llshru</name>
         <load_address>0x11809720</load_address>
         <run_address>0x11809720</run_address>
         <size>0x40</size>
         <input_file_ref idref="fl-da"/>
      </object_component>
      <object_component id="oc-2d7">
         <name>.text:__remli</name>
         <load_address>0x11809760</load_address>
         <run_address>0x11809760</run_address>
         <size>0x40</size>
         <input_file_ref idref="fl-ef"/>
      </object_component>
      <object_component id="oc-2c4">
         <name>.text:__negll</name>
         <load_address>0x118097a0</load_address>
         <run_address>0x118097a0</run_address>
         <size>0x20</size>
         <input_file_ref idref="fl-f3"/>
      </object_component>
      <object_component id="oc-26e">
         <name>.text:__nop</name>
         <load_address>0x118097c0</load_address>
         <run_address>0x118097c0</run_address>
         <size>0x20</size>
         <input_file_ref idref="fl-db"/>
      </object_component>
      <object_component id="oc-2ad">
         <name>.text:__outc</name>
         <load_address>0x118097e0</load_address>
         <run_address>0x118097e0</run_address>
         <size>0x20</size>
         <input_file_ref idref="fl-ea"/>
      </object_component>
      <object_component id="oc-2ab">
         <name>.text:__outs</name>
         <load_address>0x11809800</load_address>
         <run_address>0x11809800</run_address>
         <size>0x20</size>
         <input_file_ref idref="fl-ea"/>
      </object_component>
      <object_component id="oc-284">
         <name>.text:__register_lock</name>
         <load_address>0x11809820</load_address>
         <run_address>0x11809820</run_address>
         <size>0x20</size>
         <input_file_ref idref="fl-db"/>
      </object_component>
      <object_component id="oc-285">
         <name>.text:__register_unlock</name>
         <load_address>0x11809840</load_address>
         <run_address>0x11809840</run_address>
         <size>0x20</size>
         <input_file_ref idref="fl-db"/>
      </object_component>
      <object_component id="oc-2a4">
         <name>.text:__trunc</name>
         <load_address>0x11809860</load_address>
         <run_address>0x11809860</run_address>
         <size>0x20</size>
         <input_file_ref idref="fl-e2"/>
      </object_component>
      <object_component id="oc-2d6">
         <name>.text:_remove</name>
         <load_address>0x11809880</load_address>
         <run_address>0x11809880</run_address>
         <size>0x20</size>
         <input_file_ref idref="fl-104"/>
      </object_component>
      <object_component id="oc-65">
         <name>.cinit</name>
         <load_address>0x118168c0</load_address>
         <run_address>0x118168c0</run_address>
         <size>0x6c4</size>
         <input_file_ref idref="fl-6"/>
      </object_component>
      <object_component id="oc-5e">
         <name>.cinit</name>
         <load_address>0x11816f88</load_address>
         <run_address>0x11816f88</run_address>
         <size>0x3b4</size>
         <input_file_ref idref="fl-5"/>
      </object_component>
      <object_component id="oc-8c">
         <name>.cinit</name>
         <load_address>0x11817340</load_address>
         <run_address>0x11817340</run_address>
         <size>0x26c</size>
         <input_file_ref idref="fl-8d"/>
      </object_component>
[...]
         <name>_OBJ_table</name>
         <value>0x11810428</value>
         <object_component_ref idref="oc-15b"/>
      </symbol>
      <symbol id="sm-ac1">
         <name>_OBJ_segtab</name>
         <value>0x11810460</value>
         <object_component_ref idref="oc-15b"/>
      </symbol>
      <symbol id="sm-acd">
         <name>_RTDX_Buffer_ReadCB</name>
         <value>0x11819ea0</value>
         <object_component_ref idref="oc-287"/>
      </symbol>
      <symbol id="sm-ace">
         <name>RTDX_NORMALIZED_HDR</name>
         <value>0x1</value>
      </symbol>
      <symbol id="sm-acf">
         <name>_RTDX_Buffer_Read</name>
         <value>0x11819f60</value>
         <object_component_ref idref="oc-266"/>
      </symbol>
      <symbol id="sm-b0f">
         <name>_rtdx_buffer_state</name>
         <value>0x1181b254</value>
         <object_component_ref idref="oc-164"/>
      </symbol>
      <symbol id="sm-b10">
         <name>_RTDX_Buffer_WriteCB</name>
         <value>0x118192a0</value>
         <object_component_ref idref="oc-288"/>
      </symbol>
      <symbol id="sm-b11">
         <name>_rtdxNullChanCnt</name>
         <value>0x1181c1f0</value>
         <object_component_ref idref="oc-161"/>
      </symbol>
      <symbol id="sm-b12">
         <name>_RTDX_writing</name>
         <value>0x1181b260</value>
         <object_component_ref idref="oc-164"/>
      </symbol>
      <symbol id="sm-b13">
         <name>_RTDX_Buffer_Initialize</name>
         <value>0x11819de0</value>
         <object_component_ref idref="oc-269"/>
      </symbol>
      <symbol id="sm-b14">
         <name>_RTDX_Buffer_Write</name>
         <value>0x11819f80</value>
         <object_component_ref idref="oc-267"/>
      </symbol>
      <symbol id="sm-b15">
         <name>_rtdxNullFuncCnt</name>
         <value>0x1181c1f4</value>
         <object_component_ref idref="oc-161"/>
      </symbol>
      <symbol id="sm-b16">
         <name>_RTDX_Buffer_Size</name>
         <value>0x11819ee0</value>
         <object_component_ref idref="oc-29b"/>
      </symbol>
      <symbol id="sm-b20">
         <name>_RTDX_Mask_IER</name>
         <value>0x11819fa0</value>
         <object_component_ref idref="oc-169"/>
      </symbol>
      <symbol id="sm-b2b">
         <name>_RTDX_memfill</name>
         <value>0x11819f20</value>
         <object_component_ref idref="oc-289"/>
      </symbol>
      <symbol id="sm-b33">
         <name>_STS_set</name>
         <value>0x11814840</value>
         <object_component_ref idref="oc-16f"/>
      </symbol>
      <symbol id="sm-b40">
         <name>_SYS_abort</name>
         <value>0x11814620</value>
         <object_component_ref idref="oc-282"/>
      </symbol>
      <symbol id="sm-b4f">
         <name>_TSK_timerSem</name>
         <value>0x11810404</value>
         <object_component_ref idref="oc-179"/>
      </symbol>
      <symbol id="sm-b50">
         <name>_TSK_nTasks</name>
         <value>0x1181c208</value>
         <object_component_ref idref="oc-176"/>
      </symbol>
      <symbol id="sm-b51">
         <name>_TSK</name>
         <value>0x1181c210</value>
         <object_component_ref idref="oc-176"/>
      </symbol>
      <symbol id="sm-b52">
         <name>_TSK_ATTRS</name>
         <value>0x118103c8</value>
         <object_component_ref idref="oc-179"/>
      </symbol>
      <symbol id="sm-b53">
         <name>_TSK_pid</name>
         <value>0x1181c20c</value>
         <object_component_ref idref="oc-176"/>
      </symbol>
      <symbol id="sm-b54">
         <name>_TSK_config</name>
         <value>0x118103e4</value>
         <object_component_ref idref="oc-179"/>
      </symbol>
      <symbol id="sm-b65">
         <name>_TSK_exit</name>
         <value>0x118138a0</value>
         <object_component_ref idref="oc-25f"/>
      </symbol>
      <symbol id="sm-b73">
         <name>_SYS_exit</name>
         <value>0x118140c0</value>
         <object_component_ref idref="oc-280"/>
      </symbol>
      <symbol id="sm-b7f">
         <name>_SYS_exitStack</name>
         <value>0x11810550</value>
         <object_component_ref idref="oc-185"/>
      </symbol>
      <symbol id="sm-b80">
         <name>_SYS_exitStackPtr</name>
         <value>0x1181c228</value>
         <object_component_ref idref="oc-182"/>
      </symbol>
      <symbol id="sm-b81">
         <name>_SYS_exitStackTop</name>
         <value>0x1181c22c</value>
         <object_component_ref idref="oc-182"/>
      </symbol>
      <symbol id="sm-b8b">
         <name>_TSK_init</name>
         <value>0x1181ad00</value>
         <object_component_ref idref="oc-263"/>
      </symbol>
      <symbol id="sm-b9f">
         <name>_TSK_setup</name>
         <value>0x118132a0</value>
         <object_component_ref idref="oc-264"/>
      </symbol>
      <symbol id="sm-bbf">
         <name>__MEM_mutex</name>
         <value>0x118104a4</value>
         <object_component_ref idref="oc-18f"/>
      </symbol>
      <symbol id="sm-bc0">
         <name>__TSK_mutex</name>
         <value>0x1181047c</value>
         <object_component_ref idref="oc-18f"/>
      </symbol>
      <symbol id="sm-bc1">
         <name>_TSK_startup</name>
         <value>0x11813e04</value>
         <object_component_ref idref="oc-265"/>
      </symbol>
      <symbol id="sm-bce">
         <name>_LCK_pend</name>
         <value>0x11814280</value>
         <object_component_ref idref="oc-283"/>
      </symbol>
      <symbol id="sm-bcf">
         <name>_LCK_post</name>
         <value>0x11814260</value>
         <object_component_ref idref="oc-283"/>
      </symbol>
      <symbol id="sm-bd8">
         <name>_SEM_pend</name>
         <value>0x11814560</value>
         <object_component_ref idref="oc-196"/>
      </symbol>
      <symbol id="sm-bec">
         <name>_SEM_pendEnterKnl</name>
         <value>0x11812f20</value>
         <object_component_ref idref="oc-26b"/>
      </symbol>
      <symbol id="sm-bf8">
         <name>_SEM_postBinary</name>
         <value>0x11813e80</value>
         <object_component_ref idref="oc-19d"/>
      </symbol>
      <symbol id="sm-bf9">
         <name>_SEM_post</name>
         <value>0x11813e80</value>
         <object_component_ref idref="oc-19d"/>
      </symbol>
      <symbol id="sm-c08">
         <name>_SEM_postEnterKnl</name>
         <value>0x11814020</value>
         <object_component_ref idref="oc-26d"/>
      </symbol>
      <symbol id="sm-c1a">
         <name>__SEM_dopost</name>
         <value>0x11813100</value>
         <object_component_ref idref="oc-26a"/>
      </symbol>
      <symbol id="sm-c2d">
         <name>__auto_init</name>
         <value>0x11813760</value>
         <object_component_ref idref="oc-257"/>
      </symbol>
      <symbol id="sm-c3f">
         <name>__divd</name>
         <value>0x11801b40</value>
         <object_component_ref idref="oc-293"/>
      </symbol>
      <symbol id="sm-c4f">
         <name>__divf</name>
         <value>0x118057c0</value>
         <object_component_ref idref="oc-27b"/>
      </symbol>
      <symbol id="sm-c58">
         <name>__c6xabi_divi</name>
         <value>0x11807fc0</value>
         <object_component_ref idref="oc-292"/>
      </symbol>
      <symbol id="sm-c59">
         <name>__divi</name>
         <value>0x11807fc0</value>
         <object_component_ref idref="oc-292"/>
      </symbol>
      <symbol id="sm-c63">
         <name>__frcmpyd_div</name>
         <value>0x118096e0</value>
         <object_component_ref idref="oc-2a3"/>
      </symbol>
      <symbol id="sm-c71">
         <name>__llshl</name>
         <value>0x11809380</value>
         <object_component_ref idref="oc-2d9"/>
      </symbol>
      <symbol id="sm-c72">
         <name>__llshru</name>
         <value>0x11809720</value>
         <object_component_ref idref="oc-2a2"/>
      </symbol>
      <symbol id="sm-c84">
         <name>__unlock</name>
         <value>0x118105d4</value>
         <object_component_ref idref="oc-1bb"/>
      </symbol>
      <symbol id="sm-c85">
         <name>__lock</name>
         <value>0x118105d0</value>
         <object_component_ref idref="oc-1bb"/>
      </symbol>
      <symbol id="sm-c86">
         <name>__register_lock</name>
         <value>0x11809820</value>
         <object_component_ref idref="oc-284"/>
      </symbol>
      <symbol id="sm-c87">
         <name>__nop</name>
         <value>0x118097c0</value>
         <object_component_ref idref="oc-26e"/>
      </symbol>
      <symbol id="sm-c88">
         <name>__register_unlock</name>
         <value>0x11809840</value>
         <object_component_ref idref="oc-285"/>
      </symbol>
      <symbol id="sm-c91">
         <name>__remi</name>
         <value>0x118087e0</value>
         <object_component_ref idref="oc-291"/>
      </symbol>
      <symbol id="sm-c92">
         <name>__c6xabi_remi</name>
         <value>0x118087e0</value>
         <object_component_ref idref="oc-291"/>
      </symbol>
      <symbol id="sm-ca6">
         <name>_atexit</name>
         <value>0x118088a0</value>
         <object_component_ref idref="oc-28a"/>
      </symbol>
      <symbol id="sm-ca7">
         <name>___atexit_func_id__</name>
         <value>0x11810048</value>
         <object_component_ref idref="oc-1c3"/>
      </symbol>
      <symbol id="sm-cbf">
         <name>_dtors</name>
         <value>0x11810424</value>
         <object_component_ref idref="oc-1c8"/>
      </symbol>
      <symbol id="sm-cc0">
         <name>_call_dtors</name>
         <value>0x11807c00</value>
         <object_component_ref idref="oc-2a9"/>
      </symbol>
      <symbol id="sm-cc1">
         <name>___add_dtor</name>
         <value>0x11809620</value>
         <object_component_ref idref="oc-29e"/>
      </symbol>
      <symbol id="sm-ccd">
         <name>___TI_enable_exit_profile_output</name>
         <value>0x118105cc</value>
         <object_component_ref idref="oc-1cd"/>
      </symbol>
      <symbol id="sm-cce">
         <name>__cleanup_ptr</name>
         <value>0x118105c4</value>
         <object_component_ref idref="oc-1cd"/>
      </symbol>
      <symbol id="sm-ccf">
         <name>__dtors_ptr</name>
         <value>0x118105c8</value>
         <object_component_ref idref="oc-1cd"/>
      </symbol>
      <symbol id="sm-ce5">
         <name>_cos</name>
         <value>0x11804ce0</value>
         <object_component_ref idref="oc-294"/>
      </symbol>
      <symbol id="sm-cef">
         <name>__nround</name>
         <value>0x11808ea0</value>
         <object_component_ref idref="oc-2a5"/>
      </symbol>
      <symbol id="sm-cf9">
         <name>__trunc</name>
         <value>0x11809860</value>
         <object_component_ref idref="oc-2a4"/>
      </symbol>
      <symbol id="sm-d15">
         <name>_free</name>
         <value>0x11811e40</value>
         <object_component_ref idref="oc-28d"/>
      </symbol>
      <symbol id="sm-d16">
         <name>_calloc</name>
         <value>0x1181206c</value>
         <object_component_ref idref="oc-28d"/>
      </symbol>
      <symbol id="sm-d17">
         <name>_memalign</name>
         <value>0x11811fa8</value>
         <object_component_ref idref="oc-28d"/>
      </symbol>
      <symbol id="sm-d18">
         <name>_realloc</name>
         <value>0x11811ec4</value>
         <object_component_ref idref="oc-28d"/>
      </symbol>
      <symbol id="sm-d19">
         <name>_malloc</name>
         <value>0x11811e64</value>
         <object_component_ref idref="oc-28d"/>
      </symbol>
      <symbol id="sm-d30">
         <name>_MEM_alloc</name>
         <value>0x11812580</value>
         <object_component_ref idref="oc-2a0"/>
      </symbol>
      <symbol id="sm-d42">
         <name>_MEM_free</name>
         <value>0x11812980</value>
         <object_component_ref idref="oc-29f"/>
      </symbol>
      <symbol id="sm-d4d">
         <name>_SYS_error</name>
         <value>0x118143e0</value>
         <object_component_ref idref="oc-2aa"/>
      </symbol>
      <symbol id="sm-d55">
         <name>_memcpy</name>
         <value>0x11809120</value>
         <object_component_ref idref="oc-276"/>
      </symbol>
      <symbol id="sm-d60">
         <name>_memset</name>
         <value>0x11808260</value>
         <object_component_ref idref="oc-2a1"/>
      </symbol>
      <symbol id="sm-d6c">
         <name>_modf</name>
         <value>0x118091c0</value>
         <object_component_ref idref="oc-290"/>
      </symbol>
      <symbol id="sm-d81">
         <name>_printf</name>
         <value>0x11808340</value>
         <object_component_ref idref="oc-2a6"/>
      </symbol>
      <symbol id="sm-d8b">
         <name>__tmpnams</name>
         <value>0x1180ff00</value>
         <object_component_ref idref="oc-1f7"/>
      </symbol>
      <symbol id="sm-d8c">
         <name>__ft_end</name>
         <value>0x11810040</value>
         <object_component_ref idref="oc-1f7"/>
      </symbol>
      <symbol id="sm-d8d">
         <name>__ftable</name>
         <value>0x1180fd20</value>
         <object_component_ref idref="oc-1f7"/>
      </symbol>
      <symbol id="sm-e96">
         <name>__printfi</name>
         <value>0x11803ae0</value>
         <object_component_ref idref="oc-2ac"/>
      </symbol>
      <symbol id="sm-ea0">
         <name>___isinf</name>
         <value>0x11809660</value>
         <object_component_ref idref="oc-2bf"/>
      </symbol>
      <symbol id="sm-ea9">
         <name>__c6xabi_divu</name>
         <value>0x11808660</value>
         <object_component_ref idref="oc-2d2"/>
      </symbol>
      <symbol id="sm-eaa">
         <name>__divu</name>
         <value>0x11808660</value>
         <object_component_ref idref="oc-2d2"/>
      </symbol>
      <symbol id="sm-eba">
         <name>__divul</name>
         <value>0x11806fa0</value>
         <object_component_ref idref="oc-2d3"/>
      </symbol>
      <symbol id="sm-ebb">
         <name>__remli</name>
         <value>0x11809760</value>
         <object_component_ref idref="oc-2d7"/>
      </symbol>
      <symbol id="sm-ebc">
         <name>__divli</name>
         <value>0x11808c20</value>
         <object_component_ref idref="oc-2d8"/>
      </symbol>
      <symbol id="sm-ed0">
         <name>__subcull</name>
         <value>0x11809500</value>
         <object_component_ref idref="oc-2da"/>
      </symbol>
      <symbol id="sm-ed1">
         <name>__divull</name>
         <value>0x11805cc0</value>
         <object_component_ref idref="oc-2d4"/>
      </symbol>
      <symbol id="sm-ede">
         <name>__fixdli</name>
         <value>0x11808e00</value>
         <object_component_ref idref="oc-2cf"/>
      </symbol>
      <symbol id="sm-ee9">
         <name>__fltlid</name>
         <value>0x11809300</value>
         <object_component_ref idref="oc-2d1"/>
      </symbol>
      <symbol id="sm-ef3">
         <name>__negll</name>
         <value>0x118097a0</value>
         <object_component_ref idref="oc-2c4"/>
      </symbol>
      <symbol id="sm-f01">
         <name>_atoi</name>
         <value>0x118080a0</value>
         <object_component_ref idref="oc-2b7"/>
      </symbol>
      <symbol id="sm-f09">
         <name>__ctypes_</name>
         <value>0x1181b410</value>
         <object_component_ref idref="oc-2bd"/>
      </symbol>
      <symbol id="sm-f24">
         <name>_putc</name>
         <value>0x118065e0</value>
         <object_component_ref idref="oc-2b3"/>
      </symbol>
      <symbol id="sm-f25">
         <name>_fputc</name>
         <value>0x118065e0</value>
         <object_component_ref idref="oc-2b3"/>
      </symbol>
      <symbol id="sm-f32">
         <name>__doflush</name>
         <value>0x11808720</value>
         <object_component_ref idref="oc-2b5"/>
      </symbol>
      <symbol id="sm-f41">
         <name>__wrt_ok</name>
         <value>0x11807b00</value>
         <object_component_ref idref="oc-2b4"/>
      </symbol>
      <symbol id="sm-f63">
         <name>_fputs</name>
         <value>0x11803f20</value>
         <object_component_ref idref="oc-2ae"/>
      </symbol>
      <symbol id="sm-f74">
         <name>_fseek</name>
         <value>0x118078e0</value>
         <object_component_ref idref="oc-2bb"/>
      </symbol>
      <symbol id="sm-fb8">
         <name>_unlink</name>
         <value>0x11809480</value>
         <object_component_ref idref="oc-2db"/>
      </symbol>
      <symbol id="sm-fb9">
         <name>_lseek</name>
         <value>0x11809080</value>
         <object_component_ref idref="oc-2c6"/>
      </symbol>
      <symbol id="sm-fba">
         <name>_close</name>
         <value>0x11808180</value>
         <object_component_ref idref="oc-2d5"/>
      </symbol>
      <symbol id="sm-fbb">
         <name>_write</name>
         <value>0x11809260</value>
         <object_component_ref idref="oc-2b6"/>
      </symbol>
      <symbol id="sm-fe4">
         <name>_HOSTopen</name>
         <value>0x11807e00</value>
         <object_component_ref idref="oc-26f"/>
      </symbol>
      <symbol id="sm-fe5">
         <name>_HOSTread</name>
         <value>0x11807ee0</value>
         <object_component_ref idref="oc-271"/>
      </symbol>
      <symbol id="sm-fe6">
         <name>_HOSTrename</name>
         <value>0x11807140</value>
         <object_component_ref idref="oc-275"/>
      </symbol>
      <symbol id="sm-fe7">
         <name>_HOSTwrite</name>
         <value>0x118084e0</value>
         <object_component_ref idref="oc-272"/>
      </symbol>
      <symbol id="sm-fe8">
         <name>_HOSTlseek</name>
         <value>0x11807a00</value>
         <object_component_ref idref="oc-273"/>
      </symbol>
      <symbol id="sm-fe9">
         <name>_HOSTunlink</name>
         <value>0x11808420</value>
         <object_component_ref idref="oc-274"/>
      </symbol>
      <symbol id="sm-fea">
         <name>_HOSTclose</name>
         <value>0x11808ae0</value>
         <object_component_ref idref="oc-270"/>
      </symbol>
      <symbol id="sm-ff7">
         <name>_ltoa</name>
         <value>0x11808960</value>
         <object_component_ref idref="oc-2d0"/>
      </symbol>
      <symbol id="sm-1004">
         <name>_memccpy</name>
         <value>0x11809560</value>
         <object_component_ref idref="oc-2ba"/>
      </symbol>
      <symbol id="sm-1014">
         <name>C$$IO$$</name>
         <value>0x11809618</value>
         <object_component_ref idref="oc-28b"/>
      </symbol>
      <symbol id="sm-1015">
         <name>__CIOBUF_</name>
         <value>0x1181c248</value>
         <object_component_ref idref="oc-23a"/>
      </symbol>
      <symbol id="sm-1016">
         <name>_readmsg</name>
         <value>0x11809400</value>
         <object_component_ref idref="oc-28c"/>
      </symbol>
      <symbol id="sm-1017">
         <name>_writemsg</name>
         <value>0x118095c0</value>
         <object_component_ref idref="oc-28b"/>
      </symbol>
      <symbol id="sm-102e">
         <name>_setvbuf</name>
         <value>0x11806a00</value>
         <object_component_ref idref="oc-2bc"/>
      </symbol>
      <symbol id="sm-1041">
         <name>__cleanup</name>
         <value>0x11808b80</value>
         <object_component_ref idref="oc-2c7"/>
      </symbol>
      <symbol id="sm-1053">
         <name>__closefile</name>
         <value>0x118076a0</value>
         <object_component_ref idref="oc-2ce"/>
      </symbol>
      <symbol id="sm-105d">
         <name>_remove</name>
         <value>0x11809880</value>
         <object_component_ref idref="oc-2d6"/>
      </symbol>
      <symbol id="sm-1072">
         <name>_sin</name>
         <value>0x11805a40</value>
         <object_component_ref idref="oc-295"/>
      </symbol>
      <symbol id="sm-107e">
         <name>_sqrt</name>
         <value>0x11807d00</value>
         <object_component_ref idref="oc-28f"/>
      </symbol>
      <symbol id="sm-1088">
         <name>_errno</name>
         <value>0x11810044</value>
         <object_component_ref idref="oc-255"/>
      </symbol>
   </symbol_table>
</link_info>
