******************************************************************************
               TMS320C6x Linker PC v7.4.18                     
******************************************************************************
>> Linked Wed Jul 29 11:45:15 2020

OUTPUT FILE NAME:   <GuitarAmpGitVersion.out>
ENTRY POINT SYMBOL: "_c_int00"  address: 1181ab80


MEMORY CONFIGURATION

         name            origin    length      used     unused   attr    fill
----------------------  --------  ---------  --------  --------  ----  --------
  IRAM                  11800000   00040000  0001c915  000236eb  RWIX
  CACHE_L1P             11e00000   00008000  00000000  00008000  RWIX
  CACHE_L1D             11f00000   00008000  00000000  00008000  RWIX
  L3_CBA_RAM            80000000   00020000  00000000  00020000  RWIX
  DDR                   c3000000   01000000  00000000  01000000  RWIX


SECTION ALLOCATION MAP

 output                                  attributes/
section   page    origin      length       input sections
--------  ----  ----------  ----------   ----------------
.vers      0    00000000    0000003c     COPY SECTION
                  00000000    0000003c     hellocfg.obj (.vers)

.data      0    11800000    00000000     UNINITIALIZED

.text      0    11800000    000098a0     
                  11800000    00000f20     kiss_fft.obj (.text)
                  11800f20    00000c20     evmc6748_bsl.lib : evmc6748.obj (.text)
                  11801b40    000005a0     rts6740.lib : divd.obj (.text:__divd)
                  118020e0    00000580                 : _printfi.obj (.text:__getarg_diouxp)
                  11802660    00000540     framework.obj (.text)
                  11802ba0    00000540     hello.obj (.text)
                  118030e0    00000520     rts6740.lib : _printfi.obj (.text:__setfield)
                  11803600    000004e0     evmc6748_bsl.lib : evmc6748_i2c_gpio.obj (.text)
                  11803ae0    00000440     rts6740.lib : _printfi.obj (.text:__printfi)
                  11803f20    000003a0                 : fputs.obj (.text:_fputs)
                  118042c0    00000380     evmc6748_bsl.lib : evmc6748_gpio.obj (.text)
                  11804640    00000380                      : evmc6748_i2c.obj (.text)
                  118049c0    00000320     rts6740.lib : _printfi.obj (.text:__pproc_fge)
                  11804ce0    000002e0                 : cos.obj (.text:_cos)
                  11804fc0    000002c0                 : _printfi.obj (.text:__pproc_fwp)
                  11805280    000002a0                 : _printfi.obj (.text:_ecvt)
                  11805520    000002a0                 : _printfi.obj (.text:_fcvt)
                  118057c0    00000280                 : divf.obj (.text:__divf)
                  11805a40    00000280                 : sin.obj (.text:_sin)
                  11805cc0    00000260                 : imath64.obj (.text:__divull)
                  11805f20    00000260                 : _printfi.obj (.text:__pconv_e)
                  11806180    00000240                 : _printfi.obj (.text:__pproc_diouxp)
                  118063c0    00000220                 : _printfi.obj (.text:__pproc_str)
                  118065e0    00000220                 : fputc.obj (.text:_fputc)
                  11806800    00000200                 : _printfi.obj (.text:__pconv_g)
                  11806a00    00000200                 : setvbuf.obj (.text:_setvbuf)
                  11806c00    000001e0     evmc6748_bsl.lib : evmc6748_led.obj (.text)
                  11806de0    000001c0     rts6740.lib : _printfi.obj (.text:__mcpy)
                  11806fa0    000001a0                 : imath40.obj (.text:__divul)
                  11807140    00000180                 : trgdrv.obj (.text:_HOSTrename)
                  118072c0    00000160     evmc6748_bsl.lib : evmc6748_dip.obj (.text)
                  11807420    00000140     rts6740.lib : _printfi.obj (.text:__pproc_fflags)
                  11807560    00000140                 : lowlev.obj (.text:_getdevice)
                  118076a0    00000120                 : fclose.obj (.text:__closefile)
                  118077c0    00000120                 : _printfi.obj (.text:__ltostr)
                  118078e0    00000120                 : fseek.obj (.text:_fseek)
                  11807a00    00000100                 : trgdrv.obj (.text:_HOSTlseek)
                  11807b00    00000100                 : _io_perm.obj (.text:__wrt_ok)
                  11807c00    00000100                 : sinit.obj (.text:_call_dtors)
                  11807d00    00000100                 : sqrt.obj (.text:_sqrt)
                  11807e00    000000e0                 : trgdrv.obj (.text:_HOSTopen)
                  11807ee0    000000e0                 : trgdrv.obj (.text:_HOSTread)
                  11807fc0    000000e0                 : divi.obj (.text:__divi)
                  118080a0    000000e0                 : atoi.obj (.text:_atoi)
                  11808180    000000e0                 : lowlev.obj (.text:_close)
                  11808260    000000e0                 : memset.obj (.text:_memset)
                  11808340    000000e0                 : printf.obj (.text:_printf)
                  11808420    000000c0                 : trgdrv.obj (.text:_HOSTunlink)
                  118084e0    000000c0                 : trgdrv.obj (.text:_HOSTwrite)
                  118085a0    000000c0                 : _printfi.obj (.text:__div)
                  11808660    000000c0                 : divu.obj (.text:__divu)
                  11808720    000000c0                 : fflush.obj (.text:__doflush)
                  118087e0    000000c0                 : remi.obj (.text:__remi)
                  118088a0    000000c0                 : atexit.obj (.text:_atexit)
                  11808960    000000c0                 : ltoa.obj (.text:_ltoa)
                  11808a20    000000c0     bios.a674 : tsk_stup.o674 (.text)
                  11808ae0    000000a0     rts6740.lib : trgdrv.obj (.text:_HOSTclose)
                  11808b80    000000a0                 : fopen.obj (.text:__cleanup)
                  11808c20    000000a0                 : imath40.obj (.text:__divli)
                  11808cc0    000000a0                 : _printfi.obj (.text:__ecpy)
                  11808d60    000000a0                 : _printfi.obj (.text:__fcpy)
                  11808e00    000000a0                 : fixdli.obj (.text:__fixdli)
                  11808ea0    000000a0                 : round.obj (.text:__nround)
                  11808f40    000000a0                 : _printfi.obj (.text:__pconv_f)
                  11808fe0    000000a0                 : lowlev.obj (.text:_finddevice)
                  11809080    000000a0                 : lowlev.obj (.text:_lseek)
                  11809120    000000a0                 : memcpy64.obj (.text:_memcpy)
                  118091c0    000000a0                 : modf.obj (.text:_modf)
                  11809260    000000a0                 : lowlev.obj (.text:_write)
                  11809300    00000080                 : fltlid.obj (.text:__fltlid)
                  11809380    00000080                 : llshift.obj (.text:__llshl)
                  11809400    00000080                 : trgmsg.obj (.text:_readmsg)
                  11809480    00000080                 : lowlev.obj (.text:_unlink)
                  11809500    00000060                 : imath64.obj (.text:__subcull)
                  11809560    00000060                 : memccpy.obj (.text:_memccpy)
                  118095c0    00000060                 : trgmsg.obj (.text:_writemsg)
                  11809620    00000040                 : sinit.obj (.text:___add_dtor)
                  11809660    00000040                 : isinf.obj (.text:___isinf)
                  118096a0    00000040                 : _printfi.obj (.text:___isnan)
                  118096e0    00000040                 : frcmpyd_div.obj (.text:__frcmpyd_div)
                  11809720    00000040                 : llshift.obj (.text:__llshru)
                  11809760    00000040                 : imath40.obj (.text:__remli)
                  118097a0    00000020                 : negll.obj (.text:__negll)
                  118097c0    00000020                 : _lock.obj (.text:__nop)
                  118097e0    00000020                 : printf.obj (.text:__outc)
                  11809800    00000020                 : printf.obj (.text:__outs)
                  11809820    00000020                 : _lock.obj (.text:__register_lock)
                  11809840    00000020                 : _lock.obj (.text:__register_unlock)
                  11809860    00000020                 : trunc.obj (.text:__trunc)
                  11809880    00000020                 : remove.obj (.text:_remove)

.far       0    118098a0    00006d40     UNINITIALIZED
                  118098a0    0000647c     hello.obj (.far)
                  1180fd1c    00000004     bios6748.a674 : clk_data.o674 (.far)
                  1180fd20    00000324     rts6740.lib : defs.obj (.far)
                  11810044    00000004                 : errno.obj (.far)
                  11810048    00000188                 : atexit.obj (.far)
                  118101d0    0000011c                 : lowlev.obj (.far)
                  118102ec    00000004                 : fopen.obj (.far)
                  118102f0    000000d8     bios.a674 : knl.o674 (.far)
                  118103c8    0000005c               : tsk.o674 (.far)
                  11810424    00000004     rts6740.lib : sinit.obj (.far)
                  11810428    00000054     bios.a674 : obj_init.o674 (.far)
                  1181047c    00000050               : tsk_stup.o674 (.far)
                  118104cc    00000004     --HOLE--
                  118104d0    00000040     rts6740.lib : cos.obj (.far)
                  11810510    00000040                 : sin.obj (.far)
                  11810550    00000020     bios.a674 : sys.o674 (.far)
                  11810570    00000018     rtdx64xplus.lib : rtdx_mon.o64P (.far)
                  11810588    00000010     bios.a674 : exc.o674 (.far)
                  11810598    00000010               : knl_tick.o674 (.far)
                  118105a8    0000000c               : utl_putc.o674 (.far)
                  118105b4    00000004     --HOLE--
                  118105b8    0000000c     block_sine.obj (.far)
                  118105c4    0000000c     rts6740.lib : exit.obj (.far)
                  118105d0    00000008                 : _lock.obj (.far)
                  118105d8    00000008                 : trgdrv.obj (.far)

.bios      0    118105e0    000042e0     
                  118105e0    000005c0     lnkrtdx.a674 : rtdx.o674 (.bios)
                  11810ba0    00000580     bios.a674 : exc.o674 (.bios)
                  11811120    000004e0               : hwi_disp_asm.o674 (.bios)
                  11811600    000004c0               : swi.o674 (.bios)
                  11811ac0    00000380               : prd.o674 (.bios)
                  11811e40    00000280               : malloc.o674 (.bios)
                  118120c0    00000280               : rta.o674 (.bios)
                  11812340    00000240               : knl_run.o674 (.bios)
                  11812580    00000200               : mem_allo.o674 (.bios:.near)
                  11812780    00000200               : knl_tick.o674 (.bios)
                  11812980    000001e0               : mem_free.o674 (.bios:.near)
                  11812b60    000001e0               : exc_asm.o674 (.bios)
                  11812d40    000001e0               : pip.o674 (.bios)
                  11812f20    000001e0               : sem_pend.o674 (.bios)
                  11813100    000001a0               : sem_dopo.o674 (.bios)
                  118132a0    000001a0               : tsk_setu.o674 (.bios)
                  11813440    000001a0     bios6748.a674 : clk.o674 (.bios)
                  118135e0    00000180     bios.a674 : knl_swit.o674 (.bios)
                  11813760    00000140               : autoinit.o674 (.bios)
                  118138a0    00000140               : tsk_exit.o674 (.bios)
                  118139e0    00000140     bios6748.a674 : bcache_init.o674 (.bios)
                  11813b20    00000120     bios.a674 : gbl_cacheinit64P.o674 (.bios)
                  11813c40    00000120               : knl_chec.o674 (.bios)
                  11813d60    00000120               : tsk_stup.o674 (.bios)
                  11813e80    000000e0               : sem_post_asm.o674 (.bios)
                  11813f60    000000c0               : knl_exit.o674 (.bios)
                  11814020    000000a0               : sem_post.o674 (.bios)
                  118140c0    000000a0               : sys_exit.o674 (.bios)
                  11814160    00000080               : knl_ipos.o674 (.bios)
                  118141e0    00000080               : knl_post.o674 (.bios)
                  11814260    00000080               : lck.o674 (.bios)
                  118142e0    00000080               : log.o674 (.bios)
                  11814360    00000080     bios6748.a674 : idl_cal.o674 (.bios)
                  118143e0    00000060     bios.a674 : sys_erro.o674 (.bios:.near)
                  11814440    00000060               : fxn.o674 (.bios)
                  118144a0    00000060               : hwi_c.o674 (.bios)
                  11814500    00000060               : idl_busy.o674 (.bios)
                  11814560    00000060               : sem_pend_counting.o674 (.bios)
                  118145c0    00000060               : sts.o674 (.bios)
                  11814620    00000060               : sys_abor.o674 (.bios)
                  11814680    00000060     bios6748.a674 : clk_meas.o674 (.bios)
                  118146e0    00000040     bios.a674 : idl_stub.o674 (.bios)
                  11814720    00000040               : rta_andn.o674 (.bios)
                  11814760    00000040               : utl_doab.o674 (.bios)
                  118147a0    00000040               : utl_putc.o674 (.bios)
                  118147e0    00000020               : fxn_c.o674 (.bios)
                  11814800    00000020               : gbl_vers.o674 (.bios)
                  11814820    00000020               : idl.o674 (.bios)
                  11814840    00000020               : sts_set.o674 (.bios)
                  11814860    00000020               : utl_doer.o674 (.bios)
                  11814880    00000020               : utl_halt.o674 (.bios)
                  118148a0    00000020     bios6748.a674 : clk_gethtime.o674 (.bios)

.IRAM$heap 
*          0    118148c0    00002000     UNINITIALIZED
                  118148c0    00002000     --HOLE--

.cinit     0    118168c0    000014f4     
                  118168c0    000006c4     hellocfg.obj (.cinit)
                  11816f84    00000004     --HOLE-- [fill = 0]
                  11816f88    000003b4     hello.obj (.cinit)
                  1181733c    00000004     --HOLE-- [fill = 0]
                  11817340    0000026c     bios.a674 : biosdata.o674 (.cinit)
                  118175ac    00000004     --HOLE-- [fill = 0]
                  118175b0    000001a4               : knl.o674 (.cinit)
                  11817754    00000004     --HOLE-- [fill = 0]
                  11817758    000000b0               : swi.o674 (.cinit)
                  11817808    00000080               : tsk.o674 (.cinit)
                  11817888    00000068     rtdx64xplus.lib : rtdx_mon.o64P (.cinit)
                  118178f0    00000060     bios.a674 : tsk_stup.o674 (.cinit)
                  11817950    0000005c     lnkrtdx.a674 : rtdx.o674 (.cinit)
                  118179ac    00000004     --HOLE-- [fill = 0]
                  118179b0    0000005c     rts6740.lib : defs.obj (.cinit)
                  11817a0c    00000004     --HOLE-- [fill = 0]
                  11817a10    0000005c                 : lowlev.obj (.cinit)
                  11817a6c    00000004     --HOLE-- [fill = 0]
                  11817a70    0000004c     bios.a674 : rta.o674 (.cinit)
                  11817abc    00000004     --HOLE-- [fill = 0]
                  11817ac0    0000004c     rtdx64xplus.lib : buffer1.o64P (.cinit)
                  11817b0c    00000004     --HOLE-- [fill = 0]
                  11817b10    00000048     rts6740.lib : cos.obj (.cinit)
                  11817b58    00000048                 : sin.obj (.cinit)
                  11817ba0    0000003c     bios.a674 : exc.o674 (.cinit)
                  11817bdc    00000004     --HOLE-- [fill = 0]
                  11817be0    00000034               : hwi.o674 (.cinit)
                  11817c14    00000004     --HOLE-- [fill = 0]
                  11817c18    0000002c               : utl_putc.o674 (.cinit)
                  11817c44    00000004     --HOLE-- [fill = 0]
                  11817c48    0000002c     rts6740.lib : exit.obj (.cinit)
                  11817c74    00000004     --HOLE-- [fill = 0]
                  11817c78    00000024     bios.a674 : obj_init.o674 (.cinit)
                  11817c9c    00000004     --HOLE-- [fill = 0]
                  11817ca0    00000024     block_sine.obj (.cinit)
                  11817cc4    00000004     --HOLE-- [fill = 0]
                  11817cc8    0000001c     bios.a674 : exc_asm.o674 (.cinit)
                  11817ce4    00000004     --HOLE-- [fill = 0]
                  11817ce8    0000001c               : sys.o674 (.cinit)
                  11817d04    00000004     --HOLE-- [fill = 0]
                  11817d08    0000001c     rts6740.lib : _lock.obj (.cinit)
                  11817d24    00000004     --HOLE-- [fill = 0]
                  11817d28    0000001c                 : atexit.obj (.cinit)
                  11817d44    00000004     --HOLE-- [fill = 0]
                  11817d48    00000018     bios.a674 : knl_tick.o674 (.cinit)
                  11817d60    0000000c               : idl_busy.o674 (.cinit)
                  11817d6c    00000004     --HOLE-- [fill = 0]
                  11817d70    0000000c               : knl_swit.o674 (.cinit)
                  11817d7c    00000004     --HOLE-- [fill = 0]
                  11817d80    0000000c     rts6740.lib : errno.obj (.cinit)
                  11817d8c    00000004     --HOLE-- [fill = 0]
                  11817d90    0000000c                 : fopen.obj (.cinit)
                  11817d9c    00000004     --HOLE-- [fill = 0]
                  11817da0    0000000c                 : sinit.obj (.cinit)
                  11817dac    00000004     --HOLE-- [fill = 0]
                  11817db0    00000004     (.pad.cinit) [fill = 0]

.trace     0    11817db4    00000200     
                  11817db4    00000200     --HOLE-- [fill = 00000000]

.gblinit   0    11817fb4    0000004c     
                  11817fb4    0000004c     hellocfg.obj (.gblinit)

.trace$buf 
*          0    11818000    00001000     UNINITIALIZED
                  11818000    00001000     hellocfg.obj (.trace$buf)

.rtdx_text 
*          0    11819000    00000fc0     
                  11819000    000002a0     rtdx64xplus.lib : rtdx_mon.o64P (.rtdx_text:_HSRTDX_rec)
                  118192a0    00000260                     : buffer1.o64P (.rtdx_text:_RTDX_Buffer_WriteCB)
                  11819500    00000260                     : buffer1.o64P (.rtdx_text:_RTDX_write_next)
                  11819760    000001a0                     : rtdx_mon.o64P (.rtdx_text:_HSRTDX_xmt)
                  11819900    00000160                     : rtdx_mon.o64P (.rtdx_text:_RTDX_Send_To_Host)
                  11819a60    000000e0                     : rtdx_mon.o64P (.rtdx_text:_RTDX_Mon_Queue)
                  11819b40    000000e0                     : buffer1.o64P (.rtdx_text:_claim)
                  11819c20    000000a0                     : rtdx_mon.o64P (.rtdx_text:_RTDX_GetH2THeader)
                  11819cc0    000000a0                     : rtdx_mon.o64P (.rtdx_text:_RTDX_Poll)
                  11819d60    00000080                     : rtdx_mon.o64P (.rtdx_text:_RTDX_Final_RT_Monitor)
                  11819de0    00000060                     : buffer1.o64P (.rtdx_text:_RTDX_Buffer_Initialize)
                  11819e40    00000060                     : rtdx_mon.o64P (.rtdx_text:_RTDX_Init_RT_Monitor)
                  11819ea0    00000040                     : buffer2.o64P (.rtdx_text:_RTDX_Buffer_ReadCB)
                  11819ee0    00000040                     : buffer1.o64P (.rtdx_text:_RTDX_Buffer_Size)
                  11819f20    00000040                     : memfill.o64P (.rtdx_text:_RTDX_memfill)
                  11819f60    00000020                     : buffer2.o64P (.rtdx_text:_RTDX_Buffer_Read)
                  11819f80    00000020                     : buffer1.o64P (.rtdx_text:_RTDX_Buffer_Write)
                  11819fa0    00000020                     : intr_tgt.o64P (.rtdx_text)

.hst       0    11819fc0    0000003c     UNINITIALIZED
                  11819fc0    0000003c     hellocfg.obj (.hst)

.args      0    11819ffc    00000004     
                  11819ffc    00000004     --HOLE-- [fill = 0]

.LOG_system$buf 
*          0    1181a000    00000800     UNINITIALIZED
                  1181a000    00000800     hellocfg.obj (.LOG_system$buf)

.sysinit   0    1181a800    00000560     
                  1181a800    00000380     hellocfg.obj (.sysinit)
                  1181ab80    000000c0     bios.a674 : boot.o674 (.sysinit)
                  1181ac40    000000c0               : mem_init.o674 (.sysinit)
                  1181ad00    00000060               : tsk_init.o674 (.sysinit)

.prd       0    1181ad60    00000020     UNINITIALIZED
                  1181ad60    00000020     hellocfg.obj (.prd)

.rtdx_data 
*          0    1181ad80    000004f4     UNINITIALIZED
                  1181ad80    00000080     --HOLE--
                  1181ae00    00000410     hellocfg.obj (.rtdx_data)
                  1181b210    00000044     rtdx64xplus.lib : rtdx_mon.o64P (.rtdx_data)
                  1181b254    00000020                     : buffer1.o64P (.rtdx_data)

.mem       0    1181b274    00000004     UNINITIALIZED
                  1181b274    00000004     hellocfg.obj (.mem)

.const     0    1181b278    00000435     
                  1181b278    00000193     bios.a674 : exc.o674 (.const:.string)
                  1181b40b    00000004               : mem_allo.o674 (.const:.string)
                  1181b40f    00000001     --HOLE-- [fill = 0]
                  1181b410    00000101     rts6740.lib : ctype.obj (.const:.string:__ctypes_)
                  1181b511    00000004     bios.a674 : mem_free.o674 (.const:.string)
                  1181b515    00000002     rts6740.lib : fputs.obj (.const:.string)
                  1181b517    00000001     --HOLE-- [fill = 0]
                  1181b518    00000080     evmc6748_bsl.lib : evmc6748.obj (.const:_bitval_u32)
                  1181b598    0000004e     bios.a674 : tsk_stup.o674 (.const:.string)
                  1181b5e6    00000002     --HOLE-- [fill = 0]
                  1181b5e8    00000040     evmc6748_bsl.lib : evmc6748.obj (.const:.string)
                  1181b628    00000023     bios.a674 : utl_doab.o674 (.const:.string)
                  1181b64b    00000023     rts6740.lib : _printfi.obj (.const:.string)
                  1181b66e    00000022     bios.a674 : utl_doer.o674 (.const:.string)
                  1181b690    0000001c     rb.obj (.const:.string)
                  1181b6ac    00000001     bios.a674 : tsk.o674 (.const:.string)

.printf    0    1181b6ad    00000076     COPY SECTION
                  1181b6ad    00000076     hellocfg.obj (.printf)

.TSK_idle$stk 
*          0    1181b6b0    00000400     UNINITIALIZED
                  1181b6b0    00000400     hellocfg.obj (.TSK_idle$stk)

.stack     0    1181bab0    00000400     UNINITIALIZED
                  1181bab0    00000400     --HOLE--

.bss       0    1181beb0    00000394     UNINITIALIZED
                  1181beb0    00000100     bios.a674 : hwi_disp_asm.o674 (.bss)
                  1181bfb0    000000cc               : biosdata.o674 (.bss)
                  1181c07c    0000009c               : swi.o674 (.bss)
                  1181c118    00000048               : knl.o674 (.bss)
                  1181c160    00000028     hellocfg.obj (.bss)
                  1181c188    00000020     bios.a674 : exc_asm.o674 (.bss)
                  1181c1a8    00000018               : hwi.o674 (.bss)
                  1181c1c0    00000018     lnkrtdx.a674 : rtdx.o674 (.bss)
                  1181c1d8    00000010     bios.a674 : exc.o674 (.bss)
                  1181c1e8    00000010     rtdx64xplus.lib : buffer1.o64P (.bss)
                  1181c1f8    00000010                     : rtdx_mon.o64P (.bss)
                  1181c208    0000000c     bios.a674 : tsk.o674 (.bss)
                  1181c214    0000000c     hello.obj (.bss)
                  1181c220    00000008     bios.a674 : clk_data.o674 (.bss)
                  1181c228    00000008               : sys.o674 (.bss)
                  1181c230    00000004               : clk_data2.o674 (.bss)
                  1181c234    00000004               : idl_busy.o674 (.bss)
                  1181c238    00000004               : mem_asm.o674 (.bss)
                  1181c23c    00000004     block_sine.obj (.bss)
                  1181c240    00000004     evmc6748_bsl.lib : evmc6748_i2c.obj (.bss)

.cio       0    1181c248    00000120     UNINITIALIZED
                  1181c248    00000120     rts6740.lib : trgmsg.obj (.cio)

.tsk       0    1181c368    00000060     UNINITIALIZED
                  1181c368    00000060     hellocfg.obj (.tsk)

.log       0    1181c3c8    00000030     
                  1181c3c8    00000030     hellocfg.obj (.log)

.clk       0    1181c3f8    00000008     UNINITIALIZED
                  1181c3f8    00000008     hellocfg.obj (.clk)

.hwi_vec   0    1181c400    00000200     
                  1181c400    00000200     hellocfg.obj (.hwi_vec)

.hst0      0    1181c600    00000100     UNINITIALIZED
                  1181c600    00000100     hellocfg.obj (.hst0)

.pip       0    1181c700    000000c8     UNINITIALIZED
                  1181c700    000000c8     hellocfg.obj (.pip)

.swi       0    1181c7c8    00000058     UNINITIALIZED
                  1181c7c8    00000058     hellocfg.obj (.swi)

.switch    0    1181c820    00000054     
                  1181c820    00000024     evmc6748_bsl.lib : evmc6748_gpio.obj (.switch:_getRegisterBankAndBit)
                  1181c844    00000020                      : evmc6748_dip.obj (.switch:_convertDipToI2CGpio)
                  1181c864    00000010     kiss_fft.obj (.switch:_kf_work)

.sts       0    1181c874    00000050     
                  1181c874    00000050     hellocfg.obj (.sts)

.hst1      0    1181c8c4    00000010     UNINITIALIZED
                  1181c8c4    00000010     hellocfg.obj (.hst1)

.idl       0    1181c8d4    00000010     UNINITIALIZED
                  1181c8d4    00000010     hellocfg.obj (.idl)

.idlcal    0    1181c8e4    00000010     UNINITIALIZED
                  1181c8e4    00000010     hellocfg.obj (.idlcal)

.sys       0    1181c8f4    00000010     UNINITIALIZED
                  1181c8f4    00000010     hellocfg.obj (.sys)

.pinit     0    1181c904    0000000c     
                  1181c904    00000004     rtdx64xplus.lib : buffer1.o64P (.pinit)
                  1181c908    00000004                     : rtdx_mon.o64P (.pinit)
                  1181c90c    00000004     --HOLE-- [fill = 0]

.trcdata   0    1181c910    0000000c     
                  1181c910    0000000c     bios.a674 : trc.o674 (.trcdata)


GLOBAL SYMBOLS: SORTED ALPHABETICALLY BY Name 

address    name
--------   ----
1181beb0   $bss
1181beb0   .bss
11800000   .data
11800000   .text
1181a9c4   BIOS$$CLKOFF
1181a984   BIOS$$CLKON
1181a800   BIOS_init
1181aa30   BIOS_start
00000000   BUF$
00000001   BUF_ENABLED
11809618   C$$IO$$
ffffffff   CACHE_L1D
ffffffff   CACHE_L1P
00000001   CLK$
1181c3f8   CLK_A_TABBEG
00000001   CLK_CALDIV
00000001   CLK_CALMULT
000493e0   CLK_COUNTSPMS
00000004   CLK_COUNTSPMSHIGH
1181bfd8   CLK_D_idletime
1181bfd4   CLK_D_isrhook
1181bfd0   CLK_D_tabbeg
1181bfcc   CLK_D_timefxn
00000001   CLK_ENABLEHTIME
118148a0   CLK_F_gethtime
11813440   CLK_F_getltime
11813450   CLK_F_isr
11813590   CLK_F_itime
11811120   CLK_HOOKFXN
00000001   CLK_HTIMEDIV
00000001   CLK_HTIMEMULT
000493e0   CLK_HTIMEPERLTIME
00005dc0   CLK_INPUTCLK
00004000   CLK_INTBIT
00000001   CLK_LTIMEDIV
000493e0   CLK_LTIMEMULT
000003e8   CLK_MICROSECS
00000001   CLK_POWERENABLE
00005dc0   CLK_PRD
00000000   CLK_PRDHIGH
01c20000   CLK_REGS
00000001   CLK_RESETTIMER
1181bfc8   CLK_R_time
00000020   CLK_TCR
00000000   CLK_TDDR
00000000   CLK_TDDRHIGH
118148a0   CLK_TIMEFXN
00000000   CLK_TIMERNUM
00000005   CLK_TIMMODE
00000001   CLK_USETIMER
1181c3fc   CLK_null
ffffffff   DDR
00000000   DEV$
00000000   DGN$
00000000   DHL$
00000000   DHL_gChannelsAvailable
00000000   DIO$
00000000   DIO_NUMSWIBASE
00000000   DIO_NUMTSKBASE
00000000   DIO_STATIC
00000000   DPI$
00000000   ECM$
00000000   ECM_ENABLE
ffffffff   ECM_EVTMASK0
ffffffff   ECM_EVTMASK1
ffffffff   ECM_EVTMASK2
ffffffff   ECM_EVTMASK3
0000000a   EVENT10
00000064   EVENT100
00000065   EVENT101
00000066   EVENT102
00000067   EVENT103
00000068   EVENT104
00000069   EVENT105
0000006a   EVENT106
0000006b   EVENT107
0000006c   EVENT108
0000006d   EVENT109
0000000b   EVENT11
0000006e   EVENT110
0000006f   EVENT111
00000070   EVENT112
00000071   EVENT113
00000072   EVENT114
00000073   EVENT115
00000074   EVENT116
00000075   EVENT117
00000076   EVENT118
00000077   EVENT119
0000000c   EVENT12
00000078   EVENT120
00000079   EVENT121
0000007a   EVENT122
0000007b   EVENT123
0000007c   EVENT124
0000007d   EVENT125
0000007e   EVENT126
0000007f   EVENT127
0000000d   EVENT13
0000000e   EVENT14
0000000f   EVENT15
00000010   EVENT16
00000011   EVENT17
00000012   EVENT18
00000013   EVENT19
00000014   EVENT20
00000015   EVENT21
00000016   EVENT22
00000017   EVENT23
00000018   EVENT24
00000019   EVENT25
0000001a   EVENT26
0000001b   EVENT27
0000001c   EVENT28
0000001d   EVENT29
0000001e   EVENT30
0000001f   EVENT31
00000020   EVENT32
00000021   EVENT33
00000022   EVENT34
00000023   EVENT35
00000024   EVENT36
00000025   EVENT37
00000026   EVENT38
00000027   EVENT39
00000004   EVENT4
00000028   EVENT40
00000029   EVENT41
0000002a   EVENT42
0000002b   EVENT43
0000002c   EVENT44
0000002d   EVENT45
0000002e   EVENT46
0000002f   EVENT47
00000030   EVENT48
00000031   EVENT49
00000005   EVENT5
00000032   EVENT50
00000033   EVENT51
00000034   EVENT52
00000035   EVENT53
00000036   EVENT54
00000037   EVENT55
00000038   EVENT56
00000039   EVENT57
0000003a   EVENT58
0000003b   EVENT59
00000006   EVENT6
0000003c   EVENT60
0000003d   EVENT61
0000003e   EVENT62
0000003f   EVENT63
00000040   EVENT64
00000041   EVENT65
00000042   EVENT66
00000043   EVENT67
00000044   EVENT68
00000045   EVENT69
00000007   EVENT7
00000046   EVENT70
00000047   EVENT71
00000048   EVENT72
00000049   EVENT73
0000004a   EVENT74
0000004b   EVENT75
0000004c   EVENT76
0000004d   EVENT77
0000004e   EVENT78
0000004f   EVENT79
00000008   EVENT8
00000050   EVENT80
00000051   EVENT81
00000052   EVENT82
00000053   EVENT83
00000054   EVENT84
00000055   EVENT85
00000056   EVENT86
00000057   EVENT87
00000058   EVENT88
00000059   EVENT89
00000009   EVENT9
0000005a   EVENT90
0000005b   EVENT91
0000005c   EVENT92
0000005d   EVENT93
0000005e   EVENT94
0000005f   EVENT95
00000060   EVENT96
00000061   EVENT97
00000062   EVENT98
00000063   EVENT99
11814440   FXN_F_nop
11814444   FXN_F_run
11814480   FXN_F_zero
00000001   GBL$
00005205   GBL_A_VERSION
00000000   GBL_BCACHEREADADDR0
00000000   GBL_BCACHEREADADDR1
00000000   GBL_BCACHEREADADDR2
00000000   GBL_BIGENDIAN
00000000   GBL_CACHE
00000000   GBL_CALLCSLCFGINIT
00004e20   GBL_CLKIN
00001a5b   GBL_CLKTYPE
00001a5c   GBL_DSPSUBTYPE
0000003e   GBL_DSPTYPE
00000001   GBL_ENABLEINST
00000000   GBL_ENABLE_SK
00000042   GBL_FOOTPRINT
000493e0   GBL_FREQ
00000000   GBL_GEMTRUECOMPEN
00000007   GBL_L1DMODE
00000007   GBL_L1PMODE
00000001   GBL_L2CONFIGURE
00000000   GBL_L2MAR0_31
00000001   GBL_L2MAR128_159
00000000   GBL_L2MAR160_191
ffffffff   GBL_L2MAR192_223
00000000   GBL_L2MAR224_255
00000000   GBL_L2MAR32_63
00000000   GBL_L2MAR64_95
00000000   GBL_L2MAR96_127
00000000   GBL_L2MODE
00000000   GBL_NULL
00000000   GBL_PROCID
00000000   GBL_ROM
00000000   GBL_SUPPORTCSL
0000dbef   GBL_TRCMASKVALUE
00000000   GBL_USERINIT
118147e0   GBL_USERINITFXN
00000001   GBL_boot
1181c918   GBL_initdone
1181bab0   GBL_stackbeg
1181beaf   GBL_stackend
00000000   GIO$
118147e0   GIO_CREATEFXN
118147e0   GIO_DELETEFXN
118147e0   GIO_PENDFXN
118147e0   GIO_POSTFXN
00000000   HOOK$
00000000   HOOK_KNLID
00000001   HST$
11819fc0   HST_A_TABBEG
11819ffc   HST_A_TABEND
00000000   HST_DSM
1181c16c   HST_DSMBUFSEG
00000400   HST_DSMMEMSIZE
1181c044   HST_D_chanmask
1181c048   HST_D_tabbeg
1181c04c   HST_D_tabend
000000ff   HST_MAXFRAMEALLOWED
00000040   HST_MAXFRAMESET
00000000   HST_NONE
00000001   HST_RTDX
00000001   HWI$
1181c400   HWI_A_VECS
00005828   HWI_CFGDISPATCHED
1181c1b8   HWI_D_bss
1181c1bc   HWI_D_ccmask
1181c1a8   HWI_D_spsave
00000001   HWI_ENABLE_EXC
11811120   HWI_F_dispatch
00000000   HWI_GENERATE_RESET_VEC
0000000a   HWI_INT10
00000000   HWI_INT10$hwi
0000000b   HWI_INT11
00000000   HWI_INT11$hwi
0000000c   HWI_INT12
00000000   HWI_INT12$hwi
0000000d   HWI_INT13
00000000   HWI_INT13$hwi
0000000e   HWI_INT14
00000000   HWI_INT14$hwi
0000000f   HWI_INT15
00000000   HWI_INT15$hwi
00000004   HWI_INT4
00000000   HWI_INT4$hwi
00000005   HWI_INT5
00000000   HWI_INT5$hwi
00000006   HWI_INT6
00000000   HWI_INT6$hwi
00000007   HWI_INT7
00000000   HWI_INT7$hwi
00000008   HWI_INT8
00000000   HWI_INT8$hwi
00000009   HWI_INT9
00000000   HWI_INT9$hwi
07063d04   HWI_INTRMUX1
0b0a0908   HWI_INTRMUX2
28040d0c   HWI_INTRMUX3
00000001   HWI_NMI
00000000   HWI_NMI$hwi
00000000   HWI_POLARITYMASK
00000002   HWI_RESERVED0
00000000   HWI_RESERVED0$hwi
00000003   HWI_RESERVED1
00000000   HWI_RESERVED1$hwi
00000000   HWI_RESET
00000000   HWI_RESET$hwi
00000000   HWI_ZEROTAB
00000001   IDL$
1181c8e4   IDL_A_CALBEG
1181c8d4   IDL_A_TABBEG
00000006   IDL_CALIBRERROR
118146e0   IDL_CALIBRFXN
1181c234   IDL_D_busyObj
1181bfb8   IDL_D_calbeg
1181bfb4   IDL_D_calibrate
1181bfb0   IDL_D_tabbeg
1181c8e0   IDL_END
1181c8f0   IDL_END$
11814500   IDL_F_busy
11814360   IDL_F_calibrate
11814820   IDL_F_loop
118146e0   IDL_F_stub
00000001   IDL_USECLKIDLTIME
1181c8b8   IDL_busyObj
1181b71e   IDL_busyObj$avgfmt
00000001   IDL_busyObj$filter
00000001   IDL_busyObj$iA
00000000   IDL_busyObj$iB
00000001   IDL_busyObj$iC
1181b718   IDL_busyObj$maxfmt
00000000   IDL_busyObj$operation
1181c8b4   IDL_busyObj$stsobj
1181b71b   IDL_busyObj$sumfmt
00000002   IDL_busyObj$unittype
1181c8d4   IDL_cpuLoad
1181c8e4   IDL_cpuLoad$
1181c16c   IRAM
118148c0   IRAM$B
00002000   IRAM$L
00000001   ISRC$
11813738   KNL_glue
1181c7f4   KNL_swi
00000001   KNL_swi$dorta
00000002   KNL_swi$ord
00000000   KNL_swi$pri
1181c898   KNL_swi$sts
1181b6f4   KNL_swi$sts$avgfmt
00000002   KNL_swi$sts$filter
00000001   KNL_swi$sts$filtmaxmult
00000001   KNL_swi$sts$filtsummult
1181b6e4   KNL_swi$sts$maxfmt
1181c894   KNL_swi$sts$stsobj
1181b6ec   KNL_swi$sts$sumfmt
00000000   KNL_swi$sts$unittype
00000000   KNL_swi$swi
ffffffff   L3_CBA_RAM
00000001   LCK$
118105e0   LNK_F_checkBufferCall
11810660   LNK_F_dataPump
11810600   LNK_F_getChanPtr
11810658   LNK_F_init
11810b68   LNK_F_readCallBack
1181c8d8   LNK_dataPump
1181c8e8   LNK_dataPump$
1181c1c4   LNK_dspFrameReadyMask
1181c1c0   LNK_dspFrameRequestMask
118108e0   LNK_newin
11810a14   LNK_newout
11810670   LNK_rcloop
11810734   LNK_rdrtry
1181c1cc   LNK_readDone
1181c1d0   LNK_readFail
1181c1c8   LNK_readPend
11810744   LNK_rrloop
1181c1d4   LNK_writeFail
11810810   LNK_wrloop
11810804   LNK_wrrtry
00000001   LOG$
1181c3c8   LOG_A_TABBEG
1181c3f8   LOG_A_TABEND
00000002   LOG_A_TABLEN
1181bfbc   LOG_D_system
00000001   LOG_ENABLED
118142e0   LOG_F_event
1181c3c8   LOG_system
1181a000   LOG_system$buf
00000000   LOG_system$datatype
00000000   LOG_system$log
00000200   LOG_system$size
00000000   MBX$
00000001   MEM$
1181c16c   MEM_MALLOCSEG
00000000   MEM_NULL
1181c16c   MEM_SEGZERO
00000000   MEM_USEMPC
00000001   MEM_gNumHeap
00000000   MSGQ$
00000000   MSGQ_USEMSGQ
00000000   OBJ$
00000000   PIP$
1181c700   PIP_A_TABBEG
1181c7c8   PIP_A_TABEND
00000002   PIP_A_TABLEN
1181bfc0   PIP_D_tabbeg
1181bfc4   PIP_D_tablen
11812db8   PIP_F_give
11812db8   PIP_F_probe
11812e88   PIP_F_start
11812d40   PIP_F_take
00000064   PIP_OBJSIZE
00000000   PIP_gNextId
00000002   PIP_gNumEmbed
00000000   POOL$
00000000   POOL_USEPOOL
00000001   PRD$
1181ad60   PRD0
1181ad7c   PRD0$aaa
00000000   PRD0$mode
00000001   PRD0$ord
000001f4   PRD0$period
00000000   PRD0$prd
1181c878   PRD0$sts
1181b6bf   PRD0$sts$avgfmt
00000000   PRD0$sts$filter
1181b6ad   PRD0$sts$maxfmt
1181c874   PRD0$sts$stsobj
1181b6b6   PRD0$sts$sumfmt
00000002   PRD0$sts$unittype
1181ad60   PRD_A_TABBEG
1181ad80   PRD_A_TABEND
00000001   PRD_A_TABLEN
1181c000   PRD_D_cur
1181c004   PRD_D_elapsed
1181c008   PRD_D_prevtim
1181c00c   PRD_D_scalar
1181c010   PRD_D_swihandle
1181c014   PRD_D_tabbeg
1181c018   PRD_D_tablen
1181c01c   PRD_D_thook
1181bffc   PRD_D_tick
11811ac0   PRD_F_swi
11811d44   PRD_F_tick
00000001   PRD_SCALAR
1181c7c8   PRD_SWIHANDLE
11812954   PRD_THOOKFXN
1181c3f8   PRD_clock
1181c7c8   PRD_swi
00000001   PRD_swi$dorta
00000001   PRD_swi$ord
00000001   PRD_swi$pri
1181c888   PRD_swi$sts
1181b6da   PRD_swi$sts$avgfmt
00000002   PRD_swi$sts$filter
00000001   PRD_swi$sts$filtmaxmult
00000001   PRD_swi$sts$filtsummult
1181b6ca   PRD_swi$sts$maxfmt
1181c884   PRD_swi$sts$stsobj
1181b6d2   PRD_swi$sts$sumfmt
00000000   PRD_swi$sts$unittype
00000000   PRD_swi$swi
00000001   PWRM$
00000030   PWRM_PWRM_CAPSMASK
0000000a   PWRM_PWRM_CLKTICKSPERSLOT
00000000   PWRM_PWRM_ENABLE
00000002   PWRM_PWRM_INITSPCPU
00000000   PWRM_PWRM_INITSPPER
00000000   PWRM_PWRM_LOADENABLE
00000001   PWRM_PWRM_NUMSLOTS
00000000   PWRM_PWRM_RESOURCETRACKING
00000000   PWRM_PWRM_SCALING
118147e0   PWRM_PWRM_SHAREDRESOURCEFXN
118147e0   PWRM_PWRM_SLOTHOOKFXN
00000000   PWRM_PWRM_TIMERIDNUM
00000000   PWRM_PWRM_TIMERINTRMASK
00000000   PWRM_PWRM_TIMERWUGENMASK
00000000   PWRM_PWRM_USERRESOURCES
00000000   PWRM_PWRM_USETIMER
00000001   QUE$
1181c020   RTA_D_fromHost
1181c028   RTA_D_logval
1181c038   RTA_D_stsval
1181c024   RTA_D_toHost
11814720   RTA_F_andn
118121a0   RTA_F_dispatch
118120c0   RTA_F_getlog
118120f8   RTA_F_getsts
11814738   RTA_F_or
11812138   RTA_F_readblk
11812160   RTA_F_resetmem
11812154   RTA_F_writeword
1181c8dc   RTA_dispatcher
1181c8ec   RTA_dispatcher$
118121ec   RTA_execute
11819fc4   RTA_fromHost
1181c8c4   RTA_fromHost$buf
00000004   RTA_fromHost$framesize
00000000   RTA_fromHost$hst
00000001   RTA_fromHost$id
00000000   RTA_fromHost$mode
1181c700   RTA_fromHost$pipe
1181c730   RTA_fromHost$pipe$aaa
1181c760   RTA_fromHost$pipe$bbb
1181c170   RTA_fromHost$pipe$dtab
1181c704   RTA_fromHost$pipe$rd
1181c734   RTA_fromHost$pipe$wr
11819fcc   RTA_fromHost$rtdx
11819fe0   RTA_toHost
1181c600   RTA_toHost$buf
00000040   RTA_toHost$framesize
00000000   RTA_toHost$hst
00000000   RTA_toHost$id
00000001   RTA_toHost$mode
1181c764   RTA_toHost$pipe
1181c794   RTA_toHost$pipe$aaa
1181c7c4   RTA_toHost$pipe$bbb
1181c17c   RTA_toHost$pipe$dtab
1181c768   RTA_toHost$pipe$rd
1181c798   RTA_toHost$pipe$wr
11819fe8   RTA_toHost$rtdx
00000001   RTDX$
00000408   RTDX_BUFMEMSIZE
1181c16c   RTDX_DATAMEMSEG
00000000   RTDX_MODE
00000001   RTDX_NORMALIZED_HDR
00000001   RTDX_USERTDX
00000000   RTDX_USERTEXECUTION
00000000   SEM$
00000000   SIO$
00000001   STS$
1181c874   STS_A_TABBEG
1181c8c4   STS_A_TABEND
118145ec   STS_F_add
118145c0   STS_F_delta
11814608   STS_F_reset
00000001   SWI$
1181c7c8   SWI_A_TABBEG
1181c820   SWI_A_TABEND
00000002   SWI_A_TABLEN
1181c094   SWI_D_curfxn
1181c084   SWI_D_curmask
1181c090   SWI_D_curmbox
1181c088   SWI_D_curset
1181c080   SWI_D_execaddr
1181c09c   SWI_D_inswi
1181c08c   SWI_D_lock
1181c098   SWI_D_rdybeg
1181c0a0   SWI_D_rdytab
1181c07c   SWI_D_runaddr
00000000   SWI_EHOOKFXN
118117e4   SWI_EXECFXN
11811600   SWI_F_enable
118117e4   SWI_F_exec
1181180c   SWI_F_iexec
11811670   SWI_F_post
1181188c   SWI_F_run
00000000   SWI_IHOOKFXN
1181188c   SWI_RUNFXN
00000001   SYS$
1181c8f4   SYS$config
11814760   SYS_ABORTFXN
11814860   SYS_ERRORFXN
11814880   SYS_EXITFXN
118147a0   SYS_PUTCFXN
1181c914   TRC_R_mask
1181c910   TRC_cinit
00000001   TSK$
00000000   TSK_NUM_HOOKS
00000001   TSK_PRIORITY
00000000   TSK_READYFXN
00000000   TSK_STACKSEG
00000400   TSK_STACKSIZE
00000000   TSK_SWITCHFXN
118147e0   TSK_VCREATEFXN
118147e0   TSK_VDELETEFXN
118147e0   TSK_VEXITFXN
1181c374   TSK_idle
00000000   TSK_idle$ord
00000000   TSK_idle$pri
1181b6b0   TSK_idle$stack
1181ba48   TSK_idle$stkptr
1181c8a8   TSK_idle$sts
1181b70e   TSK_idle$sts$avgfmt
00000002   TSK_idle$sts$filter
00000001   TSK_idle$sts$filtmaxmult
00000001   TSK_idle$sts$filtsummult
1181b6fe   TSK_idle$sts$maxfmt
1181c8a4   TSK_idle$sts$stsobj
1181b706   TSK_idle$sts$sumfmt
00000000   TSK_idle$sts$unittype
00000000   TSK_idle$tsk
00000000   UDEV$
11802984   _AIC3106_Init
11802a38   _AIC3106_readRegister
11802aa4   _AIC3106_writeRegister
118147e0   _BCACHE_bootInit
11813af4   _BCACHE_getMar
11813aa4   _BCACHE_getSize
11813a74   _BCACHE_setCacheToSram
11813a24   _BCACHE_setMar
118139e0   _BCACHE_setSize
1181a800   _BIOS_init
1181aa30   _BIOS_start
ffffffff   _CACHE_L1D
ffffffff   _CACHE_L1P
000493e0   _CLK_COUNTSPMS
1181c220   _CLK_DFLTMICROSECS
1181bff8   _CLK_D_countspms
1181bfec   _CLK_D_dirty
1181c224   _CLK_D_microseconds
1181bff0   _CLK_D_prd
1181bff4   _CLK_D_tddr
11813590   _CLK_F_itime
00005dc0   _CLK_PRD
01c20000   _CLK_REGS
00000000   _CLK_TDDR
00000000   _CLK_TIMERNUM
00000001   _CLK_USETIMER
118148a0   _CLK_gethtime
1181bfdc   _CLK_htimeDiv
1181bfe0   _CLK_htimeMult
1181c230   _CLK_htimePerLtime
1180fd1c   _CLK_inputClock
11813590   _CLK_itime
1181bfe4   _CLK_ltimeDiv
1181bfe8   _CLK_ltimeMult
11814680   _CLK_measure
ffffffff   _DDR
118072e4   _DIP_get
11807348   _DIP_getAll
118072c0   _DIP_init
0000000a   _EVENT10
00000064   _EVENT100
00000065   _EVENT101
00000066   _EVENT102
00000067   _EVENT103
00000068   _EVENT104
00000069   _EVENT105
0000006a   _EVENT106
0000006b   _EVENT107
0000006c   _EVENT108
0000006d   _EVENT109
0000000b   _EVENT11
0000006e   _EVENT110
0000006f   _EVENT111
00000070   _EVENT112
00000071   _EVENT113
00000072   _EVENT114
00000073   _EVENT115
00000074   _EVENT116
00000075   _EVENT117
00000076   _EVENT118
00000077   _EVENT119
0000000c   _EVENT12
00000078   _EVENT120
00000079   _EVENT121
0000007a   _EVENT122
0000007b   _EVENT123
0000007c   _EVENT124
0000007d   _EVENT125
0000007e   _EVENT126
0000007f   _EVENT127
0000000d   _EVENT13
0000000e   _EVENT14
0000000f   _EVENT15
00000010   _EVENT16
00000011   _EVENT17
00000012   _EVENT18
00000013   _EVENT19
00000014   _EVENT20
00000015   _EVENT21
00000016   _EVENT22
00000017   _EVENT23
00000018   _EVENT24
00000019   _EVENT25
0000001a   _EVENT26
0000001b   _EVENT27
0000001c   _EVENT28
0000001d   _EVENT29
0000001e   _EVENT30
0000001f   _EVENT31
00000020   _EVENT32
00000021   _EVENT33
00000022   _EVENT34
00000023   _EVENT35
00000024   _EVENT36
00000025   _EVENT37
00000026   _EVENT38
00000027   _EVENT39
00000004   _EVENT4
00000028   _EVENT40
00000029   _EVENT41
0000002a   _EVENT42
0000002b   _EVENT43
0000002c   _EVENT44
0000002d   _EVENT45
0000002e   _EVENT46
0000002f   _EVENT47
00000030   _EVENT48
00000031   _EVENT49
00000005   _EVENT5
00000032   _EVENT50
00000033   _EVENT51
00000034   _EVENT52
00000035   _EVENT53
00000036   _EVENT54
00000037   _EVENT55
00000038   _EVENT56
00000039   _EVENT57
0000003a   _EVENT58
0000003b   _EVENT59
00000006   _EVENT6
0000003c   _EVENT60
0000003d   _EVENT61
0000003e   _EVENT62
0000003f   _EVENT63
00000040   _EVENT64
00000041   _EVENT65
00000042   _EVENT66
00000043   _EVENT67
00000044   _EVENT68
00000045   _EVENT69
00000007   _EVENT7
00000046   _EVENT70
00000047   _EVENT71
00000048   _EVENT72
00000049   _EVENT73
0000004a   _EVENT74
0000004b   _EVENT75
0000004c   _EVENT76
0000004d   _EVENT77
0000004e   _EVENT78
0000004f   _EVENT79
00000008   _EVENT8
00000050   _EVENT80
00000051   _EVENT81
00000052   _EVENT82
00000053   _EVENT83
00000054   _EVENT84
00000055   _EVENT85
00000056   _EVENT86
00000057   _EVENT87
00000058   _EVENT88
00000059   _EVENT89
00000009   _EVENT9
0000005a   _EVENT90
0000005b   _EVENT91
0000005c   _EVENT92
0000005d   _EVENT93
0000005e   _EVENT94
0000005f   _EVENT95
00000060   _EVENT96
00000061   _EVENT97
00000062   _EVENT98
00000063   _EVENT99
11801108   _EVMC6748_enableDsp
11800f20   _EVMC6748_init
11800f4c   _EVMC6748_initRAM
118011d0   _EVMC6748_lpscTransition
11801134   _EVMC6748_pinmuxConfig
118110f0   _EXC_clearLastStatus
11812b60   _EXC_dispatch
11810f14   _EXC_exceptionHandler
1181c1d8   _EXC_exceptionHook
11810ee0   _EXC_external
1181c1e0   _EXC_externalHook
11810ec0   _EXC_getLastStatus
11810e80   _EXC_init
11810bd4   _EXC_internal
1181c1dc   _EXC_internalHook
11810ba0   _EXC_nmi
1181c1e4   _EXC_nmiHook
1181c190   _EXC_returnPtr
11812d24   _EXC_setReturnPtr
11810588   _EXC_status
1181c188   _EXC_sysTrapTable
118147e0   _FXN_F_nop
11814444   _FXN_F_run
11814480   _FXN_F_zero
00000000   _GBL_CACHE
11813b88   _GBL_cacheInit64P
1181c054   _GBL_clkIn
1181c058   _GBL_freq
11814800   _GBL_getVersion
1181c050   _GBL_procId
11804338   _GPIO_getInput
118042c0   _GPIO_setDir
118043ac   _GPIO_setOutput
1180442c   _GPIO_toggleLoop
11808ae0   _HOSTclose
11807a00   _HOSTlseek
11807e00   _HOSTopen
11807ee0   _HOSTread
11807140   _HOSTrename
11808420   _HOSTunlink
118084e0   _HOSTwrite
11819000   _HSRTDX_rec
11819760   _HSRTDX_xmt
11819fc0   _HST_A_TABBEG
11819ffc   _HST_A_TABEND
00005828   _HWI_CFGDISPATCHED
1181c1b4   _HWI_D_inhwi
1181c1a8   _HWI_D_spsave
11811120   _HWI_F_dispatch
0000000a   _HWI_INT10
0000000b   _HWI_INT11
0000000c   _HWI_INT12
0000000d   _HWI_INT13
0000000e   _HWI_INT14
0000000f   _HWI_INT15
00000004   _HWI_INT4
00000005   _HWI_INT5
00000006   _HWI_INT6
00000007   _HWI_INT7
00000008   _HWI_INT8
00000009   _HWI_INT9
00000001   _HWI_NMI
00000002   _HWI_RESERVED0
00000003   _HWI_RESERVED1
00000000   _HWI_RESET
1181bea8   _HWI_STKBOTTOM
1181bab0   _HWI_STKTOP
1181c1a8   _HWI_data
118144a0   _HWI_disable
1181beb0   _HWI_dispatchTab
118144b8   _HWI_enable
118144cc   _HWI_restore
118036d4   _I2CGPIO_getInput
118037f0   _I2CGPIO_getInputAll
11803600   _I2CGPIO_init
11803900   _I2CGPIO_setOutput
11803a48   _I2CGPIO_setOutputAll
11804640   _I2C_init
1180472c   _I2C_read
11804888   _I2C_write
1181c8b8   _IDL_busyObj
1181c8d4   _IDL_cpuLoad
11814820   _IDL_loop
1181c16c   _IRAM
118148c0   _IRAM_base
00002000   _IRAM_length
1181c120   _KNL_alarm
11813c40   _KNL_check
1181c144   _KNL_curqueue
1181c134   _KNL_curtask
1181c13c   _KNL_curtime
11810390   _KNL_dummy
11813fa0   _KNL_enter
11813f60   _KNL_exit
11813d08   _KNL_idle
1181c15c   _KNL_idlefxn
1181c128   _KNL_inactive
11814160   _KNL_ipost
11813d30   _KNL_max
1181c148   _KNL_maxqueue
118141e0   _KNL_post
1181c138   _KNL_prevtask
1181c12c   _KNL_priority
118102f0   _KNL_queues
11812340   _KNL_run
118135e0   _KNL_saveIsrFrame
1181c130   _KNL_set
1181c124   _KNL_setpri
1181c7f4   _KNL_swi
1181c140   _KNL_swiptr
1181368c   _KNL_switch
1181c150   _KNL_tcreatefxn
1181c154   _KNL_tdeletefxn
11812954   _KNL_tick
1181c158   _KNL_treadyfxn
1181c14c   _KNL_tswitchfxn
1181c118   _KNL_wFlag
1181c11c   _KNL_wList
ffffffff   _L3_CBA_RAM
11814280   _LCK_pend
11814260   _LCK_post
11806c00   _LED_init
11806c4c   _LED_isOn
11806d4c   _LED_toggle
11806d04   _LED_turnOff
11806cb4   _LED_turnOn
1181c8d8   _LNK_dataPump
1181c1c4   _LNK_dspFrameReadyMask
1181c1c0   _LNK_dspFrameRequestMask
1181c1cc   _LNK_readDone
1181c1d0   _LNK_readFail
1181c1c8   _LNK_readPend
1181c1d4   _LNK_writeFail
1181c3c8   _LOG_A_TABBEG
1181c3f8   _LOG_A_TABEND
00000002   _LOG_A_TABLEN
1181bfbc   _LOG_D_system
118142e0   _LOG_event
1181c3c8   _LOG_system
1181c238   _MEM
1181c05c   _MEM_D_NUMSEGMENTS
1181c064   _MEM_D_freelist
1181c068   _MEM_D_lockaddr
1181c060   _MEM_D_memtab
1181c06c   _MEM_D_unlockaddr
11812580   _MEM_alloc
11812980   _MEM_free
1181ac40   _MEM_init
1181c160   _MEM_memtab
118026ec   _McASP_Init
11802814   _McASP_Start
11810460   _OBJ_segtab
11810428   _OBJ_table
1181c700   _PIP_A_TABBEG
1181c7c8   _PIP_A_TABEND
1181ad60   _PRD0
1181bffc   _PRD_D_tick
1181c3f8   _PRD_clock
1181c7c8   _PRD_swi
1181c8dc   _RTA_dispatcher
11819fc4   _RTA_fromHost
11819fe0   _RTA_toHost
1181ae00   _RTDX_Buffer
1181b20c   _RTDX_Buffer_End
11819de0   _RTDX_Buffer_Initialize
11819f60   _RTDX_Buffer_Read
11819ea0   _RTDX_Buffer_ReadCB
11819ee0   _RTDX_Buffer_Size
1181b208   _RTDX_Buffer_Start
11819f80   _RTDX_Buffer_Write
118192a0   _RTDX_Buffer_WriteCB
11819d60   _RTDX_Final_RT_Monitor
11819e40   _RTDX_Init_RT_Monitor
00000002   _RTDX_JTAGONLY
11819fa0   _RTDX_Mask_IER
11819a60   _RTDX_Mon_Queue
11819cc0   _RTDX_Poll
00000000   _RTDX_interrupt_mask
11819f20   _RTDX_memfill
1181b260   _RTDX_writing
1181c16c   _SEG0
11814560   _SEM_pend
11812f20   _SEM_pendEnterKnl
11813e80   _SEM_post
11813e80   _SEM_postBinary
11814020   _SEM_postEnterKnl
1181c874   _STS_A_TABBEG
1181c8c4   _STS_A_TABEND
118145ec   _STS_add
118145c0   _STS_delta
11814608   _STS_reset
11814840   _STS_set
1181c094   _SWI_D_curfxn
1181c084   _SWI_D_curmask
1181c088   _SWI_D_curset
1181c080   _SWI_D_execaddr
1181c09c   _SWI_D_inswi
1181c08c   _SWI_D_lock
1181c098   _SWI_D_rdybeg
1181c07c   _SWI_D_runaddr
1181c07c   _SWI_data
11811670   _SWI_post
1181c070   _SYS
11817db4   _SYS_PUTCBEG
11817fb3   _SYS_PUTCEND
11814620   _SYS_abort
118143e0   _SYS_error
118140c0   _SYS_exit
11810550   _SYS_exitStack
1181c228   _SYS_exitStackPtr
1181c22c   _SYS_exitStackTop
11802b64   _SetGpio
1181c914   _TRC_R_mask
1181c210   _TSK
118103c8   _TSK_ATTRS
118103e4   _TSK_config
118138a0   _TSK_exit
1181c374   _TSK_idle
1181ad00   _TSK_init
1181c208   _TSK_nTasks
1181c20c   _TSK_pid
118132a0   _TSK_setup
11813e04   _TSK_startup
11810404   _TSK_timerSem
11802ad8   _USTIMER_delay
11801b20   _UTIL_isUIBoardAttached
118019c8   _UTIL_printMem
11814760   _UTL_doAbort
11814860   _UTL_doError
118147a0   _UTL_doPutc
11814880   _UTL_halt
1181c248   __CIOBUF_
118135b0   __CLK_lat1beg
118135d0   __CLK_lat1end
1181c078   __HOOK_NUMHOOKS
1181c074   __HOOK_knlId
11811120   __HWI_lat1beg
118112a8   __HWI_lat1end
118112a8   __HWI_lat2beg
11811484   __HWI_lat2end1
11811410   __HWI_lat2end2
118114a0   __HWI_lat3beg
11811440   __HWI_lat3end2
11814500   __IDL_lat1beg
11814540   __IDL_lat1end
11813c8c   __KNL_lat1beg
11813d08   __KNL_lat1end
118142e0   __LOG_lat1beg
118104a4   __MEM_mutex
11812160   __RTA_lat1beg
11812194   __RTA_lat1end
11813100   __SEM_dopost
1181beb0   __STACK_END
00000400   __STACK_SIZE
11811778   __SWI_lat1beg
11811824   __SWI_lat1end
11811828   __SWI_lat2beg
11811888   __SWI_lat2end
11811600   __SWI_lat3beg
1181166c   __SWI_lat3end
1181047c   __TSK_mutex
118105cc   ___TI_enable_exit_profile_output
ffffffff   ___TI_pprof_out_hndl
ffffffff   ___TI_prof_data_size
ffffffff   ___TI_prof_data_start
11809620   ___add_dtor
11810048   ___atexit_func_id__
ffffffff   ___binit__
1181beb0   ___bss__
ffffffff   ___c_args__
118168c0   ___cinit__
11800000   ___data__
11800000   ___edata__
1181c244   ___end__
118098a0   ___etext__
11809660   ___isinf
1181c904   ___pinit__
11800000   ___text__
11813760   __auto_init
11807fc0   __c6xabi_divi
11808660   __c6xabi_divu
118087e0   __c6xabi_remi
11808b80   __cleanup
118105c4   __cleanup_ptr
118076a0   __closefile
1181b410   __ctypes_
11801b40   __divd
118057c0   __divf
11807fc0   __divi
11808c20   __divli
11808660   __divu
11806fa0   __divul
11805cc0   __divull
11808720   __doflush
118105c8   __dtors_ptr
11808e00   __fixdli
11809300   __fltlid
118096e0   __frcmpyd_div
11810040   __ft_end
1180fd20   __ftable
11809380   __llshl
11809720   __llshru
118105d0   __lock
118097a0   __negll
118097c0   __nop
11808ea0   __nround
11803ae0   __printfi
11809820   __register_lock
11809840   __register_unlock
118087e0   __remi
11809760   __remli
1181bab0   __stack
11809500   __subcull
1180ff00   __tmpnams
11809860   __trunc
118105d4   __unlock
11807b00   __wrt_ok
11809a78   _aHigh
11809a18   _aLow
11809a38   _aMid
11809a58   _aPres
118088a0   _atexit
118080a0   _atoi
11802d14   _audioHWI
11809a88   _bHigh
11809a28   _bLow
11809a48   _bMid
11809a68   _bPres
118098a0   _b_fir
1181b518   _bitval_u32
1180db20   _buffer
1181ab80   _c_int00
118099a0   _cab
11807c00   _call_dtors
1181206c   _calloc
11808180   _close
118015a8   _config_pll0
118017e4   _config_pll1
11804ce0   _cos
11802c14   _dipPRD
1181c21b   _dist
11810424   _dtors
1181c216   _eqBypass
11809b20   _eqSignal
11810044   _errno
1180bb20   _fftSignal
118065e0   _fputc
11803f20   _fputs
11811e40   _free
118078e0   _fseek
1180fcac   _high
1181c21a   _highCut
11802684   _initAll
11800df8   _kiss_fft
11800c40   _kiss_fft_alloc
11800e08   _kiss_fft_cleanup
11800e0c   _kiss_fft_next_fast_size
11800d64   _kiss_fft_stride
1180fb5c   _low
1181c217   _lowCut
11809080   _lseek
11808960   _ltoa
11802ba0   _main
11811e64   _malloc
1181c214   _mask
11811fa8   _memalign
11809560   _memccpy
11809120   _memcpy
11808260   _memset
1180fbcc   _mid
1181c218   _midCut
118091c0   _modf
1180fc3c   _pres
1181c219   _presCut
11808340   _printf
118065e0   _putc
11802660   _read_audio_sample
11809400   _readmsg
11811ec4   _realloc
11809880   _remove
1181c1f0   _rtdxNullChanCnt
1181c1f4   _rtdxNullFuncCnt
1181c1fc   _rtdxRecNotDoneCnt
1181c204   _rtdxXmtErrorCnt
1181c1f8   _rtdxXmtNotDoneCnt
1181c200   _rtdxXmtRestartCnt
1181b254   _rtdx_buffer_state
1181b210   _rtdx_mon_state
11806a00   _setvbuf
11805a40   _sin
11809a98   _sine
11807d00   _sqrt
1181c3e0   _trace
11809480   _unlink
1180fb50   _wHigh
1180fb20   _wLow
1180fb30   _wMid
1180fb40   _wPres
11809260   _write
1181c21c   _writeIndex
11802670   _write_audio_sample
118095c0   _writemsg
ffffffff   binit
118168c0   cinit
11800000   edata
1181c244   end
118098a0   etext
1181c400   hwi0
1181c420   hwi1
1181c540   hwi10
1181c560   hwi11
1181c580   hwi12
1181c5a0   hwi13
1181c5c0   hwi14
1181c5e0   hwi15
1181c440   hwi2
1181c460   hwi3
1181c480   hwi4
1181c4a0   hwi5
1181c4c0   hwi6
1181c4e0   hwi7
1181c500   hwi8
1181c520   hwi9
1181c904   pinit
1181c3e0   trace
11818000   trace$buf
00000001   trace$datatype
00000000   trace$log
00000400   trace$size


GLOBAL SYMBOLS: SORTED BY Symbol Address 

address    name
--------   ----
00000000   BUF$
00000000   CLK_PRDHIGH
00000000   CLK_TDDR
00000000   CLK_TDDRHIGH
00000000   CLK_TIMERNUM
00000000   DEV$
00000000   DGN$
00000000   DHL$
00000000   DHL_gChannelsAvailable
00000000   DIO$
00000000   DIO_NUMSWIBASE
00000000   DIO_NUMTSKBASE
00000000   DIO_STATIC
00000000   DPI$
00000000   ECM$
00000000   ECM_ENABLE
00000000   GBL_BCACHEREADADDR0
00000000   GBL_BCACHEREADADDR1
00000000   GBL_BCACHEREADADDR2
00000000   GBL_BIGENDIAN
00000000   GBL_CACHE
00000000   GBL_CALLCSLCFGINIT
00000000   GBL_ENABLE_SK
00000000   GBL_GEMTRUECOMPEN
00000000   GBL_L2MAR0_31
00000000   GBL_L2MAR160_191
00000000   GBL_L2MAR224_255
00000000   GBL_L2MAR32_63
00000000   GBL_L2MAR64_95
00000000   GBL_L2MAR96_127
00000000   GBL_L2MODE
00000000   GBL_NULL
00000000   GBL_PROCID
00000000   GBL_ROM
00000000   GBL_SUPPORTCSL
00000000   GBL_USERINIT
00000000   GIO$
00000000   HOOK$
00000000   HOOK_KNLID
00000000   HST_DSM
00000000   HST_NONE
00000000   HWI_GENERATE_RESET_VEC
00000000   HWI_INT10$hwi
00000000   HWI_INT11$hwi
00000000   HWI_INT12$hwi
00000000   HWI_INT13$hwi
00000000   HWI_INT14$hwi
00000000   HWI_INT15$hwi
00000000   HWI_INT4$hwi
00000000   HWI_INT5$hwi
00000000   HWI_INT6$hwi
00000000   HWI_INT7$hwi
00000000   HWI_INT8$hwi
00000000   HWI_INT9$hwi
00000000   HWI_NMI$hwi
00000000   HWI_POLARITYMASK
00000000   HWI_RESERVED0$hwi
00000000   HWI_RESERVED1$hwi
00000000   HWI_RESET
00000000   HWI_RESET$hwi
00000000   HWI_ZEROTAB
00000000   IDL_busyObj$iB
00000000   IDL_busyObj$operation
00000000   KNL_swi$pri
00000000   KNL_swi$sts$unittype
00000000   KNL_swi$swi
00000000   LOG_system$datatype
00000000   LOG_system$log
00000000   MBX$
00000000   MEM_NULL
00000000   MEM_USEMPC
00000000   MSGQ$
00000000   MSGQ_USEMSGQ
00000000   OBJ$
00000000   PIP$
00000000   PIP_gNextId
00000000   POOL$
00000000   POOL_USEPOOL
00000000   PRD0$mode
00000000   PRD0$prd
00000000   PRD0$sts$filter
00000000   PRD_swi$sts$unittype
00000000   PRD_swi$swi
00000000   PWRM_PWRM_ENABLE
00000000   PWRM_PWRM_INITSPPER
00000000   PWRM_PWRM_LOADENABLE
00000000   PWRM_PWRM_RESOURCETRACKING
00000000   PWRM_PWRM_SCALING
00000000   PWRM_PWRM_TIMERIDNUM
00000000   PWRM_PWRM_TIMERINTRMASK
00000000   PWRM_PWRM_TIMERWUGENMASK
00000000   PWRM_PWRM_USERRESOURCES
00000000   PWRM_PWRM_USETIMER
00000000   RTA_fromHost$hst
00000000   RTA_fromHost$mode
00000000   RTA_toHost$hst
00000000   RTA_toHost$id
00000000   RTDX_MODE
00000000   RTDX_USERTEXECUTION
00000000   SEM$
00000000   SIO$
00000000   SWI_EHOOKFXN
00000000   SWI_IHOOKFXN
00000000   TSK_NUM_HOOKS
00000000   TSK_READYFXN
00000000   TSK_STACKSEG
00000000   TSK_SWITCHFXN
00000000   TSK_idle$ord
00000000   TSK_idle$pri
00000000   TSK_idle$sts$unittype
00000000   TSK_idle$tsk
00000000   UDEV$
00000000   _CLK_TDDR
00000000   _CLK_TIMERNUM
00000000   _GBL_CACHE
00000000   _HWI_RESET
00000000   _RTDX_interrupt_mask
00000000   trace$log
00000001   BUF_ENABLED
00000001   CLK$
00000001   CLK_CALDIV
00000001   CLK_CALMULT
00000001   CLK_ENABLEHTIME
00000001   CLK_HTIMEDIV
00000001   CLK_HTIMEMULT
00000001   CLK_LTIMEDIV
00000001   CLK_POWERENABLE
00000001   CLK_RESETTIMER
00000001   CLK_USETIMER
00000001   GBL$
00000001   GBL_ENABLEINST
00000001   GBL_L2CONFIGURE
00000001   GBL_L2MAR128_159
00000001   GBL_boot
00000001   HST$
00000001   HST_RTDX
00000001   HWI$
00000001   HWI_ENABLE_EXC
00000001   HWI_NMI
00000001   IDL$
00000001   IDL_USECLKIDLTIME
00000001   IDL_busyObj$filter
00000001   IDL_busyObj$iA
00000001   IDL_busyObj$iC
00000001   ISRC$
00000001   KNL_swi$dorta
00000001   KNL_swi$sts$filtmaxmult
00000001   KNL_swi$sts$filtsummult
00000001   LCK$
00000001   LOG$
00000001   LOG_ENABLED
00000001   MEM$
00000001   MEM_gNumHeap
00000001   PRD$
00000001   PRD0$ord
00000001   PRD_A_TABLEN
00000001   PRD_SCALAR
00000001   PRD_swi$dorta
00000001   PRD_swi$ord
00000001   PRD_swi$pri
00000001   PRD_swi$sts$filtmaxmult
00000001   PRD_swi$sts$filtsummult
00000001   PWRM$
00000001   PWRM_PWRM_NUMSLOTS
00000001   QUE$
00000001   RTA_fromHost$id
00000001   RTA_toHost$mode
00000001   RTDX$
00000001   RTDX_NORMALIZED_HDR
00000001   RTDX_USERTDX
00000001   STS$
00000001   SWI$
00000001   SYS$
00000001   TSK$
00000001   TSK_PRIORITY
00000001   TSK_idle$sts$filtmaxmult
00000001   TSK_idle$sts$filtsummult
00000001   _CLK_USETIMER
00000001   _HWI_NMI
00000001   trace$datatype
00000002   HWI_RESERVED0
00000002   IDL_busyObj$unittype
00000002   KNL_swi$ord
00000002   KNL_swi$sts$filter
00000002   LOG_A_TABLEN
00000002   PIP_A_TABLEN
00000002   PIP_gNumEmbed
00000002   PRD0$sts$unittype
00000002   PRD_swi$sts$filter
00000002   PWRM_PWRM_INITSPCPU
00000002   SWI_A_TABLEN
00000002   TSK_idle$sts$filter
00000002   _HWI_RESERVED0
00000002   _LOG_A_TABLEN
00000002   _RTDX_JTAGONLY
00000003   HWI_RESERVED1
00000003   _HWI_RESERVED1
00000004   CLK_COUNTSPMSHIGH
00000004   EVENT4
00000004   HWI_INT4
00000004   RTA_fromHost$framesize
00000004   _EVENT4
00000004   _HWI_INT4
00000005   CLK_TIMMODE
00000005   EVENT5
00000005   HWI_INT5
00000005   _EVENT5
00000005   _HWI_INT5
00000006   EVENT6
00000006   HWI_INT6
00000006   IDL_CALIBRERROR
00000006   _EVENT6
00000006   _HWI_INT6
00000007   EVENT7
00000007   GBL_L1DMODE
00000007   GBL_L1PMODE
00000007   HWI_INT7
00000007   _EVENT7
00000007   _HWI_INT7
00000008   EVENT8
00000008   HWI_INT8
00000008   _EVENT8
00000008   _HWI_INT8
00000009   EVENT9
00000009   HWI_INT9
00000009   _EVENT9
00000009   _HWI_INT9
0000000a   EVENT10
0000000a   HWI_INT10
0000000a   PWRM_PWRM_CLKTICKSPERSLOT
0000000a   _EVENT10
0000000a   _HWI_INT10
0000000b   EVENT11
0000000b   HWI_INT11
0000000b   _EVENT11
0000000b   _HWI_INT11
0000000c   EVENT12
0000000c   HWI_INT12
0000000c   _EVENT12
0000000c   _HWI_INT12
0000000d   EVENT13
0000000d   HWI_INT13
0000000d   _EVENT13
0000000d   _HWI_INT13
0000000e   EVENT14
0000000e   HWI_INT14
0000000e   _EVENT14
0000000e   _HWI_INT14
0000000f   EVENT15
0000000f   HWI_INT15
0000000f   _EVENT15
0000000f   _HWI_INT15
00000010   EVENT16
00000010   _EVENT16
00000011   EVENT17
00000011   _EVENT17
00000012   EVENT18
00000012   _EVENT18
00000013   EVENT19
00000013   _EVENT19
00000014   EVENT20
00000014   _EVENT20
00000015   EVENT21
00000015   _EVENT21
00000016   EVENT22
00000016   _EVENT22
00000017   EVENT23
00000017   _EVENT23
00000018   EVENT24
00000018   _EVENT24
00000019   EVENT25
00000019   _EVENT25
0000001a   EVENT26
0000001a   _EVENT26
0000001b   EVENT27
0000001b   _EVENT27
0000001c   EVENT28
0000001c   _EVENT28
0000001d   EVENT29
0000001d   _EVENT29
0000001e   EVENT30
0000001e   _EVENT30
0000001f   EVENT31
0000001f   _EVENT31
00000020   CLK_TCR
00000020   EVENT32
00000020   _EVENT32
00000021   EVENT33
00000021   _EVENT33
00000022   EVENT34
00000022   _EVENT34
00000023   EVENT35
00000023   _EVENT35
00000024   EVENT36
00000024   _EVENT36
00000025   EVENT37
00000025   _EVENT37
00000026   EVENT38
00000026   _EVENT38
00000027   EVENT39
00000027   _EVENT39
00000028   EVENT40
00000028   _EVENT40
00000029   EVENT41
00000029   _EVENT41
0000002a   EVENT42
0000002a   _EVENT42
0000002b   EVENT43
0000002b   _EVENT43
0000002c   EVENT44
0000002c   _EVENT44
0000002d   EVENT45
0000002d   _EVENT45
0000002e   EVENT46
0000002e   _EVENT46
0000002f   EVENT47
0000002f   _EVENT47
00000030   EVENT48
00000030   PWRM_PWRM_CAPSMASK
00000030   _EVENT48
00000031   EVENT49
00000031   _EVENT49
00000032   EVENT50
00000032   _EVENT50
00000033   EVENT51
00000033   _EVENT51
00000034   EVENT52
00000034   _EVENT52
00000035   EVENT53
00000035   _EVENT53
00000036   EVENT54
00000036   _EVENT54
00000037   EVENT55
00000037   _EVENT55
00000038   EVENT56
00000038   _EVENT56
00000039   EVENT57
00000039   _EVENT57
0000003a   EVENT58
0000003a   _EVENT58
0000003b   EVENT59
0000003b   _EVENT59
0000003c   EVENT60
0000003c   _EVENT60
0000003d   EVENT61
0000003d   _EVENT61
0000003e   EVENT62
0000003e   GBL_DSPTYPE
0000003e   _EVENT62
0000003f   EVENT63
0000003f   _EVENT63
00000040   EVENT64
00000040   HST_MAXFRAMESET
00000040   RTA_toHost$framesize
00000040   _EVENT64
00000041   EVENT65
00000041   _EVENT65
00000042   EVENT66
00000042   GBL_FOOTPRINT
00000042   _EVENT66
00000043   EVENT67
00000043   _EVENT67
00000044   EVENT68
00000044   _EVENT68
00000045   EVENT69
00000045   _EVENT69
00000046   EVENT70
00000046   _EVENT70
00000047   EVENT71
00000047   _EVENT71
00000048   EVENT72
00000048   _EVENT72
00000049   EVENT73
00000049   _EVENT73
0000004a   EVENT74
0000004a   _EVENT74
0000004b   EVENT75
0000004b   _EVENT75
0000004c   EVENT76
0000004c   _EVENT76
0000004d   EVENT77
0000004d   _EVENT77
0000004e   EVENT78
0000004e   _EVENT78
0000004f   EVENT79
0000004f   _EVENT79
00000050   EVENT80
00000050   _EVENT80
00000051   EVENT81
00000051   _EVENT81
00000052   EVENT82
00000052   _EVENT82
00000053   EVENT83
00000053   _EVENT83
00000054   EVENT84
00000054   _EVENT84
00000055   EVENT85
00000055   _EVENT85
00000056   EVENT86
00000056   _EVENT86
00000057   EVENT87
00000057   _EVENT87
00000058   EVENT88
00000058   _EVENT88
00000059   EVENT89
00000059   _EVENT89
0000005a   EVENT90
0000005a   _EVENT90
0000005b   EVENT91
0000005b   _EVENT91
0000005c   EVENT92
0000005c   _EVENT92
0000005d   EVENT93
0000005d   _EVENT93
0000005e   EVENT94
0000005e   _EVENT94
0000005f   EVENT95
0000005f   _EVENT95
00000060   EVENT96
00000060   _EVENT96
00000061   EVENT97
00000061   _EVENT97
00000062   EVENT98
00000062   _EVENT98
00000063   EVENT99
00000063   _EVENT99
00000064   EVENT100
00000064   PIP_OBJSIZE
00000064   _EVENT100
00000065   EVENT101
00000065   _EVENT101
00000066   EVENT102
00000066   _EVENT102
00000067   EVENT103
00000067   _EVENT103
00000068   EVENT104
00000068   _EVENT104
00000069   EVENT105
00000069   _EVENT105
0000006a   EVENT106
0000006a   _EVENT106
0000006b   EVENT107
0000006b   _EVENT107
0000006c   EVENT108
0000006c   _EVENT108
0000006d   EVENT109
0000006d   _EVENT109
0000006e   EVENT110
0000006e   _EVENT110
0000006f   EVENT111
0000006f   _EVENT111
00000070   EVENT112
00000070   _EVENT112
00000071   EVENT113
00000071   _EVENT113
00000072   EVENT114
00000072   _EVENT114
00000073   EVENT115
00000073   _EVENT115
00000074   EVENT116
00000074   _EVENT116
00000075   EVENT117
00000075   _EVENT117
00000076   EVENT118
00000076   _EVENT118
00000077   EVENT119
00000077   _EVENT119
00000078   EVENT120
00000078   _EVENT120
00000079   EVENT121
00000079   _EVENT121
0000007a   EVENT122
0000007a   _EVENT122
0000007b   EVENT123
0000007b   _EVENT123
0000007c   EVENT124
0000007c   _EVENT124
0000007d   EVENT125
0000007d   _EVENT125
0000007e   EVENT126
0000007e   _EVENT126
0000007f   EVENT127
0000007f   _EVENT127
000000ff   HST_MAXFRAMEALLOWED
000001f4   PRD0$period
00000200   LOG_system$size
000003e8   CLK_MICROSECS
00000400   HST_DSMMEMSIZE
00000400   TSK_STACKSIZE
00000400   __STACK_SIZE
00000400   trace$size
00000408   RTDX_BUFMEMSIZE
00001a5b   GBL_CLKTYPE
00001a5c   GBL_DSPSUBTYPE
00002000   IRAM$L
00002000   _IRAM_length
00004000   CLK_INTBIT
00004e20   GBL_CLKIN
00005205   GBL_A_VERSION
00005828   HWI_CFGDISPATCHED
00005828   _HWI_CFGDISPATCHED
00005dc0   CLK_INPUTCLK
00005dc0   CLK_PRD
00005dc0   _CLK_PRD
0000dbef   GBL_TRCMASKVALUE
000493e0   CLK_COUNTSPMS
000493e0   CLK_HTIMEPERLTIME
000493e0   CLK_LTIMEMULT
000493e0   GBL_FREQ
000493e0   _CLK_COUNTSPMS
01c20000   CLK_REGS
01c20000   _CLK_REGS
07063d04   HWI_INTRMUX1
0b0a0908   HWI_INTRMUX2
11800000   .data
11800000   .text
11800000   ___data__
11800000   ___edata__
11800000   ___text__
11800000   edata
11800c40   _kiss_fft_alloc
11800d64   _kiss_fft_stride
11800df8   _kiss_fft
11800e08   _kiss_fft_cleanup
11800e0c   _kiss_fft_next_fast_size
11800f20   _EVMC6748_init
11800f4c   _EVMC6748_initRAM
11801108   _EVMC6748_enableDsp
11801134   _EVMC6748_pinmuxConfig
118011d0   _EVMC6748_lpscTransition
118015a8   _config_pll0
118017e4   _config_pll1
118019c8   _UTIL_printMem
11801b20   _UTIL_isUIBoardAttached
11801b40   __divd
11802660   _read_audio_sample
11802670   _write_audio_sample
11802684   _initAll
118026ec   _McASP_Init
11802814   _McASP_Start
11802984   _AIC3106_Init
11802a38   _AIC3106_readRegister
11802aa4   _AIC3106_writeRegister
11802ad8   _USTIMER_delay
11802b64   _SetGpio
11802ba0   _main
11802c14   _dipPRD
11802d14   _audioHWI
11803600   _I2CGPIO_init
118036d4   _I2CGPIO_getInput
118037f0   _I2CGPIO_getInputAll
11803900   _I2CGPIO_setOutput
11803a48   _I2CGPIO_setOutputAll
11803ae0   __printfi
11803f20   _fputs
118042c0   _GPIO_setDir
11804338   _GPIO_getInput
118043ac   _GPIO_setOutput
1180442c   _GPIO_toggleLoop
11804640   _I2C_init
1180472c   _I2C_read
11804888   _I2C_write
11804ce0   _cos
118057c0   __divf
11805a40   _sin
11805cc0   __divull
118065e0   _fputc
118065e0   _putc
11806a00   _setvbuf
11806c00   _LED_init
11806c4c   _LED_isOn
11806cb4   _LED_turnOn
11806d04   _LED_turnOff
11806d4c   _LED_toggle
11806fa0   __divul
11807140   _HOSTrename
118072c0   _DIP_init
118072e4   _DIP_get
11807348   _DIP_getAll
118076a0   __closefile
118078e0   _fseek
11807a00   _HOSTlseek
11807b00   __wrt_ok
11807c00   _call_dtors
11807d00   _sqrt
11807e00   _HOSTopen
11807ee0   _HOSTread
11807fc0   __c6xabi_divi
11807fc0   __divi
118080a0   _atoi
11808180   _close
11808260   _memset
11808340   _printf
11808420   _HOSTunlink
118084e0   _HOSTwrite
11808660   __c6xabi_divu
11808660   __divu
11808720   __doflush
118087e0   __c6xabi_remi
118087e0   __remi
118088a0   _atexit
11808960   _ltoa
11808ae0   _HOSTclose
11808b80   __cleanup
11808c20   __divli
11808e00   __fixdli
11808ea0   __nround
11809080   _lseek
11809120   _memcpy
118091c0   _modf
11809260   _write
11809300   __fltlid
11809380   __llshl
11809400   _readmsg
11809480   _unlink
11809500   __subcull
11809560   _memccpy
118095c0   _writemsg
11809618   C$$IO$$
11809620   ___add_dtor
11809660   ___isinf
118096e0   __frcmpyd_div
11809720   __llshru
11809760   __remli
118097a0   __negll
118097c0   __nop
11809820   __register_lock
11809840   __register_unlock
11809860   __trunc
11809880   _remove
118098a0   ___etext__
118098a0   _b_fir
118098a0   etext
118099a0   _cab
11809a18   _aLow
11809a28   _bLow
11809a38   _aMid
11809a48   _bMid
11809a58   _aPres
11809a68   _bPres
11809a78   _aHigh
11809a88   _bHigh
11809a98   _sine
11809b20   _eqSignal
1180bb20   _fftSignal
1180db20   _buffer
1180fb20   _wLow
1180fb30   _wMid
1180fb40   _wPres
1180fb50   _wHigh
1180fb5c   _low
1180fbcc   _mid
1180fc3c   _pres
1180fcac   _high
1180fd1c   _CLK_inputClock
1180fd20   __ftable
1180ff00   __tmpnams
11810040   __ft_end
11810044   _errno
11810048   ___atexit_func_id__
118102f0   _KNL_queues
11810390   _KNL_dummy
118103c8   _TSK_ATTRS
118103e4   _TSK_config
11810404   _TSK_timerSem
11810424   _dtors
11810428   _OBJ_table
11810460   _OBJ_segtab
1181047c   __TSK_mutex
118104a4   __MEM_mutex
11810550   _SYS_exitStack
11810588   _EXC_status
118105c4   __cleanup_ptr
118105c8   __dtors_ptr
118105cc   ___TI_enable_exit_profile_output
118105d0   __lock
118105d4   __unlock
118105e0   LNK_F_checkBufferCall
11810600   LNK_F_getChanPtr
11810658   LNK_F_init
11810660   LNK_F_dataPump
11810670   LNK_rcloop
11810734   LNK_rdrtry
11810744   LNK_rrloop
11810804   LNK_wrrtry
11810810   LNK_wrloop
118108e0   LNK_newin
11810a14   LNK_newout
11810b68   LNK_F_readCallBack
11810ba0   _EXC_nmi
11810bd4   _EXC_internal
11810e80   _EXC_init
11810ec0   _EXC_getLastStatus
11810ee0   _EXC_external
11810f14   _EXC_exceptionHandler
118110f0   _EXC_clearLastStatus
11811120   CLK_HOOKFXN
11811120   HWI_F_dispatch
11811120   _HWI_F_dispatch
11811120   __HWI_lat1beg
118112a8   __HWI_lat1end
118112a8   __HWI_lat2beg
11811410   __HWI_lat2end2
11811440   __HWI_lat3end2
11811484   __HWI_lat2end1
118114a0   __HWI_lat3beg
11811600   SWI_F_enable
11811600   __SWI_lat3beg
1181166c   __SWI_lat3end
11811670   SWI_F_post
11811670   _SWI_post
11811778   __SWI_lat1beg
118117e4   SWI_EXECFXN
118117e4   SWI_F_exec
1181180c   SWI_F_iexec
11811824   __SWI_lat1end
11811828   __SWI_lat2beg
11811888   __SWI_lat2end
1181188c   SWI_F_run
1181188c   SWI_RUNFXN
11811ac0   PRD_F_swi
11811d44   PRD_F_tick
11811e40   _free
11811e64   _malloc
11811ec4   _realloc
11811fa8   _memalign
1181206c   _calloc
118120c0   RTA_F_getlog
118120f8   RTA_F_getsts
11812138   RTA_F_readblk
11812154   RTA_F_writeword
11812160   RTA_F_resetmem
11812160   __RTA_lat1beg
11812194   __RTA_lat1end
118121a0   RTA_F_dispatch
118121ec   RTA_execute
11812340   _KNL_run
11812580   _MEM_alloc
11812954   PRD_THOOKFXN
11812954   _KNL_tick
11812980   _MEM_free
11812b60   _EXC_dispatch
11812d24   _EXC_setReturnPtr
11812d40   PIP_F_take
11812db8   PIP_F_give
11812db8   PIP_F_probe
11812e88   PIP_F_start
11812f20   _SEM_pendEnterKnl
11813100   __SEM_dopost
118132a0   _TSK_setup
11813440   CLK_F_getltime
11813450   CLK_F_isr
11813590   CLK_F_itime
11813590   _CLK_F_itime
11813590   _CLK_itime
118135b0   __CLK_lat1beg
118135d0   __CLK_lat1end
118135e0   _KNL_saveIsrFrame
1181368c   _KNL_switch
11813738   KNL_glue
11813760   __auto_init
118138a0   _TSK_exit
118139e0   _BCACHE_setSize
11813a24   _BCACHE_setMar
11813a74   _BCACHE_setCacheToSram
11813aa4   _BCACHE_getSize
11813af4   _BCACHE_getMar
11813b88   _GBL_cacheInit64P
11813c40   _KNL_check
11813c8c   __KNL_lat1beg
11813d08   _KNL_idle
11813d08   __KNL_lat1end
11813d30   _KNL_max
11813e04   _TSK_startup
11813e80   _SEM_post
11813e80   _SEM_postBinary
11813f60   _KNL_exit
11813fa0   _KNL_enter
11814020   _SEM_postEnterKnl
118140c0   _SYS_exit
11814160   _KNL_ipost
118141e0   _KNL_post
11814260   _LCK_post
11814280   _LCK_pend
118142e0   LOG_F_event
118142e0   _LOG_event
118142e0   __LOG_lat1beg
11814360   IDL_F_calibrate
118143e0   _SYS_error
11814440   FXN_F_nop
11814444   FXN_F_run
11814444   _FXN_F_run
11814480   FXN_F_zero
11814480   _FXN_F_zero
118144a0   _HWI_disable
118144b8   _HWI_enable
118144cc   _HWI_restore
11814500   IDL_F_busy
11814500   __IDL_lat1beg
11814540   __IDL_lat1end
11814560   _SEM_pend
118145c0   STS_F_delta
118145c0   _STS_delta
118145ec   STS_F_add
118145ec   _STS_add
11814608   STS_F_reset
11814608   _STS_reset
11814620   _SYS_abort
11814680   _CLK_measure
118146e0   IDL_CALIBRFXN
118146e0   IDL_F_stub
11814720   RTA_F_andn
11814738   RTA_F_or
11814760   SYS_ABORTFXN
11814760   _UTL_doAbort
118147a0   SYS_PUTCFXN
118147a0   _UTL_doPutc
118147e0   GBL_USERINITFXN
118147e0   GIO_CREATEFXN
118147e0   GIO_DELETEFXN
118147e0   GIO_PENDFXN
118147e0   GIO_POSTFXN
118147e0   PWRM_PWRM_SHAREDRESOURCEFXN
118147e0   PWRM_PWRM_SLOTHOOKFXN
118147e0   TSK_VCREATEFXN
118147e0   TSK_VDELETEFXN
118147e0   TSK_VEXITFXN
118147e0   _BCACHE_bootInit
118147e0   _FXN_F_nop
11814800   _GBL_getVersion
11814820   IDL_F_loop
11814820   _IDL_loop
11814840   _STS_set
11814860   SYS_ERRORFXN
11814860   _UTL_doError
11814880   SYS_EXITFXN
11814880   _UTL_halt
118148a0   CLK_F_gethtime
118148a0   CLK_TIMEFXN
118148a0   _CLK_gethtime
118148c0   IRAM$B
118148c0   _IRAM_base
118168c0   ___cinit__
118168c0   cinit
11817db4   _SYS_PUTCBEG
11817fb3   _SYS_PUTCEND
11818000   trace$buf
11819000   _HSRTDX_rec
118192a0   _RTDX_Buffer_WriteCB
11819760   _HSRTDX_xmt
11819a60   _RTDX_Mon_Queue
11819cc0   _RTDX_Poll
11819d60   _RTDX_Final_RT_Monitor
11819de0   _RTDX_Buffer_Initialize
11819e40   _RTDX_Init_RT_Monitor
11819ea0   _RTDX_Buffer_ReadCB
11819ee0   _RTDX_Buffer_Size
11819f20   _RTDX_memfill
11819f60   _RTDX_Buffer_Read
11819f80   _RTDX_Buffer_Write
11819fa0   _RTDX_Mask_IER
11819fc0   HST_A_TABBEG
11819fc0   _HST_A_TABBEG
11819fc4   RTA_fromHost
11819fc4   _RTA_fromHost
11819fcc   RTA_fromHost$rtdx
11819fe0   RTA_toHost
11819fe0   _RTA_toHost
11819fe8   RTA_toHost$rtdx
11819ffc   HST_A_TABEND
11819ffc   _HST_A_TABEND
1181a000   LOG_system$buf
1181a800   BIOS_init
1181a800   _BIOS_init
1181a984   BIOS$$CLKON
1181a9c4   BIOS$$CLKOFF
1181aa30   BIOS_start
1181aa30   _BIOS_start
1181ab80   _c_int00
1181ac40   _MEM_init
1181ad00   _TSK_init
1181ad60   PRD0
1181ad60   PRD_A_TABBEG
1181ad60   _PRD0
1181ad7c   PRD0$aaa
1181ad80   PRD_A_TABEND
1181ae00   _RTDX_Buffer
1181b208   _RTDX_Buffer_Start
1181b20c   _RTDX_Buffer_End
1181b210   _rtdx_mon_state
1181b254   _rtdx_buffer_state
1181b260   _RTDX_writing
1181b410   __ctypes_
1181b518   _bitval_u32
1181b6ad   PRD0$sts$maxfmt
1181b6b0   TSK_idle$stack
1181b6b6   PRD0$sts$sumfmt
1181b6bf   PRD0$sts$avgfmt
1181b6ca   PRD_swi$sts$maxfmt
1181b6d2   PRD_swi$sts$sumfmt
1181b6da   PRD_swi$sts$avgfmt
1181b6e4   KNL_swi$sts$maxfmt
1181b6ec   KNL_swi$sts$sumfmt
1181b6f4   KNL_swi$sts$avgfmt
1181b6fe   TSK_idle$sts$maxfmt
1181b706   TSK_idle$sts$sumfmt
1181b70e   TSK_idle$sts$avgfmt
1181b718   IDL_busyObj$maxfmt
1181b71b   IDL_busyObj$sumfmt
1181b71e   IDL_busyObj$avgfmt
1181ba48   TSK_idle$stkptr
1181bab0   GBL_stackbeg
1181bab0   _HWI_STKTOP
1181bab0   __stack
1181bea8   _HWI_STKBOTTOM
1181beaf   GBL_stackend
1181beb0   $bss
1181beb0   .bss
1181beb0   _HWI_dispatchTab
1181beb0   __STACK_END
1181beb0   ___bss__
1181bfb0   IDL_D_tabbeg
1181bfb4   IDL_D_calibrate
1181bfb8   IDL_D_calbeg
1181bfbc   LOG_D_system
1181bfbc   _LOG_D_system
1181bfc0   PIP_D_tabbeg
1181bfc4   PIP_D_tablen
1181bfc8   CLK_R_time
1181bfcc   CLK_D_timefxn
1181bfd0   CLK_D_tabbeg
1181bfd4   CLK_D_isrhook
1181bfd8   CLK_D_idletime
1181bfdc   _CLK_htimeDiv
1181bfe0   _CLK_htimeMult
1181bfe4   _CLK_ltimeDiv
1181bfe8   _CLK_ltimeMult
1181bfec   _CLK_D_dirty
1181bff0   _CLK_D_prd
1181bff4   _CLK_D_tddr
1181bff8   _CLK_D_countspms
1181bffc   PRD_D_tick
1181bffc   _PRD_D_tick
1181c000   PRD_D_cur
1181c004   PRD_D_elapsed
1181c008   PRD_D_prevtim
1181c00c   PRD_D_scalar
1181c010   PRD_D_swihandle
1181c014   PRD_D_tabbeg
1181c018   PRD_D_tablen
1181c01c   PRD_D_thook
1181c020   RTA_D_fromHost
1181c024   RTA_D_toHost
1181c028   RTA_D_logval
1181c038   RTA_D_stsval
1181c044   HST_D_chanmask
1181c048   HST_D_tabbeg
1181c04c   HST_D_tabend
1181c050   _GBL_procId
1181c054   _GBL_clkIn
1181c058   _GBL_freq
1181c05c   _MEM_D_NUMSEGMENTS
1181c060   _MEM_D_memtab
1181c064   _MEM_D_freelist
1181c068   _MEM_D_lockaddr
1181c06c   _MEM_D_unlockaddr
1181c070   _SYS
1181c074   __HOOK_knlId
1181c078   __HOOK_NUMHOOKS
1181c07c   SWI_D_runaddr
1181c07c   _SWI_D_runaddr
1181c07c   _SWI_data
1181c080   SWI_D_execaddr
1181c080   _SWI_D_execaddr
1181c084   SWI_D_curmask
1181c084   _SWI_D_curmask
1181c088   SWI_D_curset
1181c088   _SWI_D_curset
1181c08c   SWI_D_lock
1181c08c   _SWI_D_lock
1181c090   SWI_D_curmbox
1181c094   SWI_D_curfxn
1181c094   _SWI_D_curfxn
1181c098   SWI_D_rdybeg
1181c098   _SWI_D_rdybeg
1181c09c   SWI_D_inswi
1181c09c   _SWI_D_inswi
1181c0a0   SWI_D_rdytab
1181c118   _KNL_wFlag
1181c11c   _KNL_wList
1181c120   _KNL_alarm
1181c124   _KNL_setpri
1181c128   _KNL_inactive
1181c12c   _KNL_priority
1181c130   _KNL_set
1181c134   _KNL_curtask
1181c138   _KNL_prevtask
1181c13c   _KNL_curtime
1181c140   _KNL_swiptr
1181c144   _KNL_curqueue
1181c148   _KNL_maxqueue
1181c14c   _KNL_tswitchfxn
1181c150   _KNL_tcreatefxn
1181c154   _KNL_tdeletefxn
1181c158   _KNL_treadyfxn
1181c15c   _KNL_idlefxn
1181c160   _MEM_memtab
1181c16c   HST_DSMBUFSEG
1181c16c   IRAM
1181c16c   MEM_MALLOCSEG
1181c16c   MEM_SEGZERO
1181c16c   RTDX_DATAMEMSEG
1181c16c   _IRAM
1181c16c   _SEG0
1181c170   RTA_fromHost$pipe$dtab
1181c17c   RTA_toHost$pipe$dtab
1181c188   _EXC_sysTrapTable
1181c190   _EXC_returnPtr
1181c1a8   HWI_D_spsave
1181c1a8   _HWI_D_spsave
1181c1a8   _HWI_data
1181c1b4   _HWI_D_inhwi
1181c1b8   HWI_D_bss
1181c1bc   HWI_D_ccmask
1181c1c0   LNK_dspFrameRequestMask
1181c1c0   _LNK_dspFrameRequestMask
1181c1c4   LNK_dspFrameReadyMask
1181c1c4   _LNK_dspFrameReadyMask
1181c1c8   LNK_readPend
1181c1c8   _LNK_readPend
1181c1cc   LNK_readDone
1181c1cc   _LNK_readDone
1181c1d0   LNK_readFail
1181c1d0   _LNK_readFail
1181c1d4   LNK_writeFail
1181c1d4   _LNK_writeFail
1181c1d8   _EXC_exceptionHook
1181c1dc   _EXC_internalHook
1181c1e0   _EXC_externalHook
1181c1e4   _EXC_nmiHook
1181c1f0   _rtdxNullChanCnt
1181c1f4   _rtdxNullFuncCnt
1181c1f8   _rtdxXmtNotDoneCnt
1181c1fc   _rtdxRecNotDoneCnt
1181c200   _rtdxXmtRestartCnt
1181c204   _rtdxXmtErrorCnt
1181c208   _TSK_nTasks
1181c20c   _TSK_pid
1181c210   _TSK
1181c214   _mask
1181c216   _eqBypass
1181c217   _lowCut
1181c218   _midCut
1181c219   _presCut
1181c21a   _highCut
1181c21b   _dist
1181c21c   _writeIndex
1181c220   _CLK_DFLTMICROSECS
1181c224   _CLK_D_microseconds
1181c228   _SYS_exitStackPtr
1181c22c   _SYS_exitStackTop
1181c230   _CLK_htimePerLtime
1181c234   IDL_D_busyObj
1181c238   _MEM
1181c244   ___end__
1181c244   end
1181c248   __CIOBUF_
1181c374   TSK_idle
1181c374   _TSK_idle
1181c3c8   LOG_A_TABBEG
1181c3c8   LOG_system
1181c3c8   _LOG_A_TABBEG
1181c3c8   _LOG_system
1181c3e0   _trace
1181c3e0   trace
1181c3f8   CLK_A_TABBEG
1181c3f8   LOG_A_TABEND
1181c3f8   PRD_clock
1181c3f8   _LOG_A_TABEND
1181c3f8   _PRD_clock
1181c3fc   CLK_null
1181c400   HWI_A_VECS
1181c400   hwi0
1181c420   hwi1
1181c440   hwi2
1181c460   hwi3
1181c480   hwi4
1181c4a0   hwi5
1181c4c0   hwi6
1181c4e0   hwi7
1181c500   hwi8
1181c520   hwi9
1181c540   hwi10
1181c560   hwi11
1181c580   hwi12
1181c5a0   hwi13
1181c5c0   hwi14
1181c5e0   hwi15
1181c600   RTA_toHost$buf
1181c700   PIP_A_TABBEG
1181c700   RTA_fromHost$pipe
1181c700   _PIP_A_TABBEG
1181c704   RTA_fromHost$pipe$rd
1181c730   RTA_fromHost$pipe$aaa
1181c734   RTA_fromHost$pipe$wr
1181c760   RTA_fromHost$pipe$bbb
1181c764   RTA_toHost$pipe
1181c768   RTA_toHost$pipe$rd
1181c794   RTA_toHost$pipe$aaa
1181c798   RTA_toHost$pipe$wr
1181c7c4   RTA_toHost$pipe$bbb
1181c7c8   PIP_A_TABEND
1181c7c8   PRD_SWIHANDLE
1181c7c8   PRD_swi
1181c7c8   SWI_A_TABBEG
1181c7c8   _PIP_A_TABEND
1181c7c8   _PRD_swi
1181c7f4   KNL_swi
1181c7f4   _KNL_swi
1181c820   SWI_A_TABEND
1181c874   PRD0$sts$stsobj
1181c874   STS_A_TABBEG
1181c874   _STS_A_TABBEG
1181c878   PRD0$sts
1181c884   PRD_swi$sts$stsobj
1181c888   PRD_swi$sts
1181c894   KNL_swi$sts$stsobj
1181c898   KNL_swi$sts
1181c8a4   TSK_idle$sts$stsobj
1181c8a8   TSK_idle$sts
1181c8b4   IDL_busyObj$stsobj
1181c8b8   IDL_busyObj
1181c8b8   _IDL_busyObj
1181c8c4   RTA_fromHost$buf
1181c8c4   STS_A_TABEND
1181c8c4   _STS_A_TABEND
1181c8d4   IDL_A_TABBEG
1181c8d4   IDL_cpuLoad
1181c8d4   _IDL_cpuLoad
1181c8d8   LNK_dataPump
1181c8d8   _LNK_dataPump
1181c8dc   RTA_dispatcher
1181c8dc   _RTA_dispatcher
1181c8e0   IDL_END
1181c8e4   IDL_A_CALBEG
1181c8e4   IDL_cpuLoad$
1181c8e8   LNK_dataPump$
1181c8ec   RTA_dispatcher$
1181c8f0   IDL_END$
1181c8f4   SYS$config
1181c904   ___pinit__
1181c904   pinit
1181c910   TRC_cinit
1181c914   TRC_R_mask
1181c914   _TRC_R_mask
1181c918   GBL_initdone
28040d0c   HWI_INTRMUX3
ffffffff   CACHE_L1D
ffffffff   CACHE_L1P
ffffffff   DDR
ffffffff   ECM_EVTMASK0
ffffffff   ECM_EVTMASK1
ffffffff   ECM_EVTMASK2
ffffffff   ECM_EVTMASK3
ffffffff   GBL_L2MAR192_223
ffffffff   L3_CBA_RAM
ffffffff   _CACHE_L1D
ffffffff   _CACHE_L1P
ffffffff   _DDR
ffffffff   _L3_CBA_RAM
ffffffff   ___TI_pprof_out_hndl
ffffffff   ___TI_prof_data_size
ffffffff   ___TI_prof_data_start
ffffffff   ___binit__
ffffffff   ___c_args__
ffffffff   binit

[1176 symbols]
