******************************************************************************
               TMS320C6x Linker PC v7.4.18                     
******************************************************************************
>> Linked Wed Jul 29 10:28:35 2020

OUTPUT FILE NAME:   <GuitarAmpGitVersion.out>
ENTRY POINT SYMBOL: "_c_int00"  address: 11813180


MEMORY CONFIGURATION

         name            origin    length      used     unused   attr    fill
----------------------  --------  ---------  --------  --------  ----  --------
  IRAM                  11800000   00040000  0001510d  0002aef3  RWIX
  CACHE_L1P             11e00000   00008000  00000000  00008000  RWIX
  CACHE_L1D             11f00000   00008000  00000000  00008000  RWIX
  L3_CBA_RAM            80000000   00020000  00000000  00020000  RWIX
  DDR                   c3000000   01000000  00000000  01000000  RWIX


SECTION ALLOCATION MAP

 output                                  attributes/
section   page    origin      length       input sections
--------  ----  ----------  ----------   ----------------
.vers      0    00000000    0000003c     COPY SECTION
                  00000000    0000003c     hellocfg.obj (.vers)

.data      0    11800000    00000000     UNINITIALIZED

.text      0    11800000    00008060     
                  11800000    00000c20     evmc6748_bsl.lib : evmc6748.obj (.text)
                  11800c20    000005a0     rts6740.lib : divd.obj (.text:__divd)
                  118011c0    00000580                 : _printfi.obj (.text:__getarg_diouxp)
                  11801740    00000580     hello.obj (.text)
                  11801cc0    00000540     framework.obj (.text)
                  11802200    00000520     rts6740.lib : _printfi.obj (.text:__setfield)
                  11802720    000004e0     evmc6748_bsl.lib : evmc6748_i2c_gpio.obj (.text)
                  11802c00    00000440     rts6740.lib : _printfi.obj (.text:__printfi)
                  11803040    000003a0                 : fputs.obj (.text:_fputs)
                  118033e0    00000380     evmc6748_bsl.lib : evmc6748_gpio.obj (.text)
                  11803760    00000380                      : evmc6748_i2c.obj (.text)
                  11803ae0    00000320     rts6740.lib : _printfi.obj (.text:__pproc_fge)
                  11803e00    000002c0                 : _printfi.obj (.text:__pproc_fwp)
                  118040c0    000002a0                 : _printfi.obj (.text:_ecvt)
                  11804360    000002a0                 : _printfi.obj (.text:_fcvt)
                  11804600    00000280                 : divf.obj (.text:__divf)
                  11804880    00000260                 : imath64.obj (.text:__divull)
                  11804ae0    00000260                 : _printfi.obj (.text:__pconv_e)
                  11804d40    00000240                 : _printfi.obj (.text:__pproc_diouxp)
                  11804f80    00000220                 : _printfi.obj (.text:__pproc_str)
                  118051a0    00000220                 : fputc.obj (.text:_fputc)
                  118053c0    00000200                 : _printfi.obj (.text:__pconv_g)
                  118055c0    00000200                 : setvbuf.obj (.text:_setvbuf)
                  118057c0    000001e0     evmc6748_bsl.lib : evmc6748_led.obj (.text)
                  118059a0    000001c0     rts6740.lib : _printfi.obj (.text:__mcpy)
                  11805b60    000001a0                 : imath40.obj (.text:__divul)
                  11805d00    00000180                 : trgdrv.obj (.text:_HOSTrename)
                  11805e80    00000160     evmc6748_bsl.lib : evmc6748_dip.obj (.text)
                  11805fe0    00000140     rts6740.lib : _printfi.obj (.text:__pproc_fflags)
                  11806120    00000140                 : lowlev.obj (.text:_getdevice)
                  11806260    00000120                 : fclose.obj (.text:__closefile)
                  11806380    00000120                 : _printfi.obj (.text:__ltostr)
                  118064a0    00000120                 : fseek.obj (.text:_fseek)
                  118065c0    00000100                 : trgdrv.obj (.text:_HOSTlseek)
                  118066c0    00000100                 : _io_perm.obj (.text:__wrt_ok)
                  118067c0    00000100                 : sinit.obj (.text:_call_dtors)
                  118068c0    000000e0                 : trgdrv.obj (.text:_HOSTopen)
                  118069a0    000000e0                 : trgdrv.obj (.text:_HOSTread)
                  11806a80    000000e0                 : atoi.obj (.text:_atoi)
                  11806b60    000000e0                 : lowlev.obj (.text:_close)
                  11806c40    000000e0                 : memset.obj (.text:_memset)
                  11806d20    000000e0                 : printf.obj (.text:_printf)
                  11806e00    000000c0                 : trgdrv.obj (.text:_HOSTunlink)
                  11806ec0    000000c0                 : trgdrv.obj (.text:_HOSTwrite)
                  11806f80    000000c0                 : _printfi.obj (.text:__div)
                  11807040    000000c0                 : divu.obj (.text:__divu)
                  11807100    000000c0                 : fflush.obj (.text:__doflush)
                  118071c0    000000c0                 : atexit.obj (.text:_atexit)
                  11807280    000000c0                 : ltoa.obj (.text:_ltoa)
                  11807340    000000c0     bios.a674 : tsk_stup.o674 (.text)
                  11807400    000000a0     rts6740.lib : trgdrv.obj (.text:_HOSTclose)
                  118074a0    000000a0                 : fopen.obj (.text:__cleanup)
                  11807540    000000a0                 : imath40.obj (.text:__divli)
                  118075e0    000000a0                 : _printfi.obj (.text:__ecpy)
                  11807680    000000a0                 : _printfi.obj (.text:__fcpy)
                  11807720    000000a0                 : fixdli.obj (.text:__fixdli)
                  118077c0    000000a0                 : _printfi.obj (.text:__pconv_f)
                  11807860    000000a0                 : lowlev.obj (.text:_finddevice)
                  11807900    000000a0                 : lowlev.obj (.text:_lseek)
                  118079a0    000000a0                 : memcpy64.obj (.text:_memcpy)
                  11807a40    000000a0                 : lowlev.obj (.text:_write)
                  11807ae0    00000080                 : fltlid.obj (.text:__fltlid)
                  11807b60    00000080                 : llshift.obj (.text:__llshl)
                  11807be0    00000080                 : trgmsg.obj (.text:_readmsg)
                  11807c60    00000080                 : lowlev.obj (.text:_unlink)
                  11807ce0    00000060                 : imath64.obj (.text:__subcull)
                  11807d40    00000060                 : memccpy.obj (.text:_memccpy)
                  11807da0    00000060                 : trgmsg.obj (.text:_writemsg)
                  11807e00    00000040                 : sinit.obj (.text:___add_dtor)
                  11807e40    00000040                 : isinf.obj (.text:___isinf)
                  11807e80    00000040                 : _printfi.obj (.text:___isnan)
                  11807ec0    00000040                 : frcmpyd_div.obj (.text:__frcmpyd_div)
                  11807f00    00000040                 : llshift.obj (.text:__llshru)
                  11807f40    00000040                 : imath40.obj (.text:__remli)
                  11807f80    00000020                 : negll.obj (.text:__negll)
                  11807fa0    00000020                 : _lock.obj (.text:__nop)
                  11807fc0    00000020                 : printf.obj (.text:__outc)
                  11807fe0    00000020                 : printf.obj (.text:__outs)
                  11808000    00000020                 : _lock.obj (.text:__register_lock)
                  11808020    00000020                 : _lock.obj (.text:__register_unlock)
                  11808040    00000020                 : remove.obj (.text:_remove)

.bios      0    11808060    000042e0     
                  11808060    000005c0     lnkrtdx.a674 : rtdx.o674 (.bios)
                  11808620    00000580     bios.a674 : exc.o674 (.bios)
                  11808ba0    000004e0               : hwi_disp_asm.o674 (.bios)
                  11809080    000004c0               : swi.o674 (.bios)
                  11809540    00000380               : prd.o674 (.bios)
                  118098c0    00000280               : malloc.o674 (.bios)
                  11809b40    00000280               : rta.o674 (.bios)
                  11809dc0    00000240               : knl_run.o674 (.bios)
                  1180a000    00000200               : mem_allo.o674 (.bios:.near)
                  1180a200    00000200               : knl_tick.o674 (.bios)
                  1180a400    000001e0               : mem_free.o674 (.bios:.near)
                  1180a5e0    000001e0               : exc_asm.o674 (.bios)
                  1180a7c0    000001e0               : pip.o674 (.bios)
                  1180a9a0    000001e0               : sem_pend.o674 (.bios)
                  1180ab80    000001a0               : sem_dopo.o674 (.bios)
                  1180ad20    000001a0               : tsk_setu.o674 (.bios)
                  1180aec0    000001a0     bios6748.a674 : clk.o674 (.bios)
                  1180b060    00000180     bios.a674 : knl_swit.o674 (.bios)
                  1180b1e0    00000140               : autoinit.o674 (.bios)
                  1180b320    00000140               : tsk_exit.o674 (.bios)
                  1180b460    00000140     bios6748.a674 : bcache_init.o674 (.bios)
                  1180b5a0    00000120     bios.a674 : gbl_cacheinit64P.o674 (.bios)
                  1180b6c0    00000120               : knl_chec.o674 (.bios)
                  1180b7e0    00000120               : tsk_stup.o674 (.bios)
                  1180b900    000000e0               : sem_post_asm.o674 (.bios)
                  1180b9e0    000000c0               : knl_exit.o674 (.bios)
                  1180baa0    000000a0               : sem_post.o674 (.bios)
                  1180bb40    000000a0               : sys_exit.o674 (.bios)
                  1180bbe0    00000080               : knl_ipos.o674 (.bios)
                  1180bc60    00000080               : knl_post.o674 (.bios)
                  1180bce0    00000080               : lck.o674 (.bios)
                  1180bd60    00000080               : log.o674 (.bios)
                  1180bde0    00000080     bios6748.a674 : idl_cal.o674 (.bios)
                  1180be60    00000060     bios.a674 : sys_erro.o674 (.bios:.near)
                  1180bec0    00000060               : fxn.o674 (.bios)
                  1180bf20    00000060               : hwi_c.o674 (.bios)
                  1180bf80    00000060               : idl_busy.o674 (.bios)
                  1180bfe0    00000060               : sem_pend_counting.o674 (.bios)
                  1180c040    00000060               : sts.o674 (.bios)
                  1180c0a0    00000060               : sys_abor.o674 (.bios)
                  1180c100    00000060     bios6748.a674 : clk_meas.o674 (.bios)
                  1180c160    00000040     bios.a674 : idl_stub.o674 (.bios)
                  1180c1a0    00000040               : rta_andn.o674 (.bios)
                  1180c1e0    00000040               : utl_doab.o674 (.bios)
                  1180c220    00000040               : utl_putc.o674 (.bios)
                  1180c260    00000020               : fxn_c.o674 (.bios)
                  1180c280    00000020               : gbl_vers.o674 (.bios)
                  1180c2a0    00000020               : idl.o674 (.bios)
                  1180c2c0    00000020               : sts_set.o674 (.bios)
                  1180c2e0    00000020               : utl_doer.o674 (.bios)
                  1180c300    00000020               : utl_halt.o674 (.bios)
                  1180c320    00000020     bios6748.a674 : clk_gethtime.o674 (.bios)

.IRAM$heap 
*          0    1180c340    00002000     UNINITIALIZED
                  1180c340    00002000     --HOLE--

.cinit     0    1180e340    00001454     
                  1180e340    000006c4     hellocfg.obj (.cinit)
                  1180ea04    00000004     --HOLE-- [fill = 0]
                  1180ea08    000003b4     hello.obj (.cinit)
                  1180edbc    00000004     --HOLE-- [fill = 0]
                  1180edc0    0000026c     bios.a674 : biosdata.o674 (.cinit)
                  1180f02c    00000004     --HOLE-- [fill = 0]
                  1180f030    000001a4               : knl.o674 (.cinit)
                  1180f1d4    00000004     --HOLE-- [fill = 0]
                  1180f1d8    000000b0               : swi.o674 (.cinit)
                  1180f288    00000080               : tsk.o674 (.cinit)
                  1180f308    00000068     rtdx64xplus.lib : rtdx_mon.o64P (.cinit)
                  1180f370    00000060     bios.a674 : tsk_stup.o674 (.cinit)
                  1180f3d0    0000005c     lnkrtdx.a674 : rtdx.o674 (.cinit)
                  1180f42c    00000004     --HOLE-- [fill = 0]
                  1180f430    0000005c     rts6740.lib : defs.obj (.cinit)
                  1180f48c    00000004     --HOLE-- [fill = 0]
                  1180f490    0000005c                 : lowlev.obj (.cinit)
                  1180f4ec    00000004     --HOLE-- [fill = 0]
                  1180f4f0    0000004c     bios.a674 : rta.o674 (.cinit)
                  1180f53c    00000004     --HOLE-- [fill = 0]
                  1180f540    0000004c     rtdx64xplus.lib : buffer1.o64P (.cinit)
                  1180f58c    00000004     --HOLE-- [fill = 0]
                  1180f590    0000003c     bios.a674 : exc.o674 (.cinit)
                  1180f5cc    00000004     --HOLE-- [fill = 0]
                  1180f5d0    00000034               : hwi.o674 (.cinit)
                  1180f604    00000004     --HOLE-- [fill = 0]
                  1180f608    0000002c               : utl_putc.o674 (.cinit)
                  1180f634    00000004     --HOLE-- [fill = 0]
                  1180f638    0000002c     rts6740.lib : exit.obj (.cinit)
                  1180f664    00000004     --HOLE-- [fill = 0]
                  1180f668    00000024     bios.a674 : obj_init.o674 (.cinit)
                  1180f68c    00000004     --HOLE-- [fill = 0]
                  1180f690    00000024     block_sine.obj (.cinit)
                  1180f6b4    00000004     --HOLE-- [fill = 0]
                  1180f6b8    0000001c     bios.a674 : exc_asm.o674 (.cinit)
                  1180f6d4    00000004     --HOLE-- [fill = 0]
                  1180f6d8    0000001c               : sys.o674 (.cinit)
                  1180f6f4    00000004     --HOLE-- [fill = 0]
                  1180f6f8    0000001c     rts6740.lib : _lock.obj (.cinit)
                  1180f714    00000004     --HOLE-- [fill = 0]
                  1180f718    0000001c                 : atexit.obj (.cinit)
                  1180f734    00000004     --HOLE-- [fill = 0]
                  1180f738    00000018     bios.a674 : knl_tick.o674 (.cinit)
                  1180f750    0000000c               : idl_busy.o674 (.cinit)
                  1180f75c    00000004     --HOLE-- [fill = 0]
                  1180f760    0000000c               : knl_swit.o674 (.cinit)
                  1180f76c    00000004     --HOLE-- [fill = 0]
                  1180f770    0000000c     rts6740.lib : fopen.obj (.cinit)
                  1180f77c    00000004     --HOLE-- [fill = 0]
                  1180f780    0000000c                 : sinit.obj (.cinit)
                  1180f78c    00000004     --HOLE-- [fill = 0]
                  1180f790    00000004     (.pad.cinit) [fill = 0]

.tsk       0    1180f794    00000060     UNINITIALIZED
                  1180f794    00000060     hellocfg.obj (.tsk)

.pinit     0    1180f7f4    0000000c     
                  1180f7f4    00000004     rtdx64xplus.lib : buffer1.o64P (.pinit)
                  1180f7f8    00000004                     : rtdx_mon.o64P (.pinit)
                  1180f7fc    00000004     --HOLE-- [fill = 0]

.LOG_system$buf 
*          0    1180f800    00000800     UNINITIALIZED
                  1180f800    00000800     hellocfg.obj (.LOG_system$buf)

.trace$buf 
*          0    11810000    00001000     UNINITIALIZED
                  11810000    00001000     hellocfg.obj (.trace$buf)

.rtdx_text 
*          0    11811000    00000fc0     
                  11811000    000002a0     rtdx64xplus.lib : rtdx_mon.o64P (.rtdx_text:_HSRTDX_rec)
                  118112a0    00000260                     : buffer1.o64P (.rtdx_text:_RTDX_Buffer_WriteCB)
                  11811500    00000260                     : buffer1.o64P (.rtdx_text:_RTDX_write_next)
                  11811760    000001a0                     : rtdx_mon.o64P (.rtdx_text:_HSRTDX_xmt)
                  11811900    00000160                     : rtdx_mon.o64P (.rtdx_text:_RTDX_Send_To_Host)
                  11811a60    000000e0                     : rtdx_mon.o64P (.rtdx_text:_RTDX_Mon_Queue)
                  11811b40    000000e0                     : buffer1.o64P (.rtdx_text:_claim)
                  11811c20    000000a0                     : rtdx_mon.o64P (.rtdx_text:_RTDX_GetH2THeader)
                  11811cc0    000000a0                     : rtdx_mon.o64P (.rtdx_text:_RTDX_Poll)
                  11811d60    00000080                     : rtdx_mon.o64P (.rtdx_text:_RTDX_Final_RT_Monitor)
                  11811de0    00000060                     : buffer1.o64P (.rtdx_text:_RTDX_Buffer_Initialize)
                  11811e40    00000060                     : rtdx_mon.o64P (.rtdx_text:_RTDX_Init_RT_Monitor)
                  11811ea0    00000040                     : buffer2.o64P (.rtdx_text:_RTDX_Buffer_ReadCB)
                  11811ee0    00000040                     : buffer1.o64P (.rtdx_text:_RTDX_Buffer_Size)
                  11811f20    00000040                     : memfill.o64P (.rtdx_text:_RTDX_memfill)
                  11811f60    00000020                     : buffer2.o64P (.rtdx_text:_RTDX_Buffer_Read)
                  11811f80    00000020                     : buffer1.o64P (.rtdx_text:_RTDX_Buffer_Write)
                  11811fa0    00000020                     : intr_tgt.o64P (.rtdx_text)

.far       0    11811fc0    00000e28     UNINITIALIZED
                  11811fc0    000005e4     hello.obj (.far)
                  118125a4    00000004     bios6748.a674 : clk_data.o674 (.far)
                  118125a8    00000324     rts6740.lib : defs.obj (.far)
                  118128cc    00000004                 : fopen.obj (.far)
                  118128d0    00000188                 : atexit.obj (.far)
                  11812a58    0000011c                 : lowlev.obj (.far)
                  11812b74    00000004                 : sinit.obj (.far)
                  11812b78    000000d8     bios.a674 : knl.o674 (.far)
                  11812c50    0000005c               : tsk.o674 (.far)
                  11812cac    00000004     --HOLE--
                  11812cb0    00000054               : obj_init.o674 (.far)
                  11812d04    00000050               : tsk_stup.o674 (.far)
                  11812d54    00000004     --HOLE--
                  11812d58    00000020               : sys.o674 (.far)
                  11812d78    00000018     rtdx64xplus.lib : rtdx_mon.o64P (.far)
                  11812d90    00000010     bios.a674 : exc.o674 (.far)
                  11812da0    00000010               : knl_tick.o674 (.far)
                  11812db0    0000000c               : utl_putc.o674 (.far)
                  11812dbc    00000004     --HOLE--
                  11812dc0    0000000c     block_sine.obj (.far)
                  11812dcc    0000000c     rts6740.lib : exit.obj (.far)
                  11812dd8    00000008                 : _lock.obj (.far)
                  11812de0    00000008                 : trgdrv.obj (.far)

.hst1      0    11812de8    00000010     UNINITIALIZED
                  11812de8    00000010     hellocfg.obj (.hst1)

.clk       0    11812df8    00000008     UNINITIALIZED
                  11812df8    00000008     hellocfg.obj (.clk)

.sysinit   0    11812e00    00000560     
                  11812e00    00000380     hellocfg.obj (.sysinit)
                  11813180    000000c0     bios.a674 : boot.o674 (.sysinit)
                  11813240    000000c0               : mem_init.o674 (.sysinit)
                  11813300    00000060               : tsk_init.o674 (.sysinit)

.prd       0    11813360    00000020     UNINITIALIZED
                  11813360    00000020     hellocfg.obj (.prd)

.rtdx_data 
*          0    11813380    000004f4     UNINITIALIZED
                  11813380    00000080     --HOLE--
                  11813400    00000410     hellocfg.obj (.rtdx_data)
                  11813810    00000044     rtdx64xplus.lib : rtdx_mon.o64P (.rtdx_data)
                  11813854    00000020                     : buffer1.o64P (.rtdx_data)

.args      0    11813874    00000004     
                  11813874    00000004     --HOLE-- [fill = 0]

.const     0    11813878    00000435     
                  11813878    00000193     bios.a674 : exc.o674 (.const:.string)
                  11813a0b    00000004               : mem_allo.o674 (.const:.string)
                  11813a0f    00000001     --HOLE-- [fill = 0]
                  11813a10    00000101     rts6740.lib : ctype.obj (.const:.string:__ctypes_)
                  11813b11    00000004     bios.a674 : mem_free.o674 (.const:.string)
                  11813b15    00000002     rts6740.lib : fputs.obj (.const:.string)
                  11813b17    00000001     --HOLE-- [fill = 0]
                  11813b18    00000080     evmc6748_bsl.lib : evmc6748.obj (.const:_bitval_u32)
                  11813b98    0000004e     bios.a674 : tsk_stup.o674 (.const:.string)
                  11813be6    00000002     --HOLE-- [fill = 0]
                  11813be8    00000040     evmc6748_bsl.lib : evmc6748.obj (.const:.string)
                  11813c28    00000023     bios.a674 : utl_doab.o674 (.const:.string)
                  11813c4b    00000023     rts6740.lib : _printfi.obj (.const:.string)
                  11813c6e    00000022     bios.a674 : utl_doer.o674 (.const:.string)
                  11813c90    0000001c     rb.obj (.const:.string)
                  11813cac    00000001     bios.a674 : tsk.o674 (.const:.string)

.printf    0    11813cad    00000076     COPY SECTION
                  11813cad    00000076     hellocfg.obj (.printf)

.TSK_idle$stk 
*          0    11813cb0    00000400     UNINITIALIZED
                  11813cb0    00000400     hellocfg.obj (.TSK_idle$stk)

.stack     0    118140b0    00000400     UNINITIALIZED
                  118140b0    00000400     --HOLE--

.bss       0    118144b0    00000394     UNINITIALIZED
                  118144b0    00000100     bios.a674 : hwi_disp_asm.o674 (.bss)
                  118145b0    000000cc               : biosdata.o674 (.bss)
                  1181467c    0000009c               : swi.o674 (.bss)
                  11814718    00000048               : knl.o674 (.bss)
                  11814760    00000028     hellocfg.obj (.bss)
                  11814788    00000020     bios.a674 : exc_asm.o674 (.bss)
                  118147a8    00000018               : hwi.o674 (.bss)
                  118147c0    00000018     lnkrtdx.a674 : rtdx.o674 (.bss)
                  118147d8    00000010     bios.a674 : exc.o674 (.bss)
                  118147e8    00000010     rtdx64xplus.lib : buffer1.o64P (.bss)
                  118147f8    00000010                     : rtdx_mon.o64P (.bss)
                  11814808    0000000c     bios.a674 : tsk.o674 (.bss)
                  11814814    0000000c     hello.obj (.bss)
                  11814820    00000008     bios.a674 : clk_data.o674 (.bss)
                  11814828    00000008               : sys.o674 (.bss)
                  11814830    00000004               : clk_data2.o674 (.bss)
                  11814834    00000004               : idl_busy.o674 (.bss)
                  11814838    00000004               : mem_asm.o674 (.bss)
                  1181483c    00000004     block_sine.obj (.bss)
                  11814840    00000004     evmc6748_bsl.lib : evmc6748_i2c.obj (.bss)

.trace     0    11814844    00000200     
                  11814844    00000200     --HOLE-- [fill = 00000000]

.mem       0    11814a44    00000004     UNINITIALIZED
                  11814a44    00000004     hellocfg.obj (.mem)

.cio       0    11814a48    00000120     UNINITIALIZED
                  11814a48    00000120     rts6740.lib : trgmsg.obj (.cio)

.swi       0    11814b68    00000058     UNINITIALIZED
                  11814b68    00000058     hellocfg.obj (.swi)

.hst       0    11814bc0    0000003c     UNINITIALIZED
                  11814bc0    0000003c     hellocfg.obj (.hst)

.hwi_vec   0    11814c00    00000200     
                  11814c00    00000200     hellocfg.obj (.hwi_vec)

.hst0      0    11814e00    00000100     UNINITIALIZED
                  11814e00    00000100     hellocfg.obj (.hst0)

.pip       0    11814f00    000000c8     UNINITIALIZED
                  11814f00    000000c8     hellocfg.obj (.pip)

.sts       0    11814fc8    00000050     
                  11814fc8    00000050     hellocfg.obj (.sts)

.gblinit   0    11815018    0000004c     
                  11815018    0000004c     hellocfg.obj (.gblinit)

.switch    0    11815064    00000044     
                  11815064    00000024     evmc6748_bsl.lib : evmc6748_gpio.obj (.switch:_getRegisterBankAndBit)
                  11815088    00000020                      : evmc6748_dip.obj (.switch:_convertDipToI2CGpio)

.log       0    118150a8    00000030     
                  118150a8    00000030     hellocfg.obj (.log)

.idl       0    118150d8    00000010     UNINITIALIZED
                  118150d8    00000010     hellocfg.obj (.idl)

.idlcal    0    118150e8    00000010     UNINITIALIZED
                  118150e8    00000010     hellocfg.obj (.idlcal)

.sys       0    118150f8    00000010     UNINITIALIZED
                  118150f8    00000010     hellocfg.obj (.sys)

.trcdata   0    11815108    0000000c     
                  11815108    0000000c     bios.a674 : trc.o674 (.trcdata)


GLOBAL SYMBOLS: SORTED ALPHABETICALLY BY Name 

address    name
--------   ----
118144b0   $bss
118144b0   .bss
11800000   .data
11800000   .text
11812fc4   BIOS$$CLKOFF
11812f84   BIOS$$CLKON
11812e00   BIOS_init
11813030   BIOS_start
00000000   BUF$
00000001   BUF_ENABLED
11807df8   C$$IO$$
ffffffff   CACHE_L1D
ffffffff   CACHE_L1P
00000001   CLK$
11812df8   CLK_A_TABBEG
00000001   CLK_CALDIV
00000001   CLK_CALMULT
000493e0   CLK_COUNTSPMS
00000004   CLK_COUNTSPMSHIGH
118145d8   CLK_D_idletime
118145d4   CLK_D_isrhook
118145d0   CLK_D_tabbeg
118145cc   CLK_D_timefxn
00000001   CLK_ENABLEHTIME
1180c320   CLK_F_gethtime
1180aec0   CLK_F_getltime
1180aed0   CLK_F_isr
1180b010   CLK_F_itime
11808ba0   CLK_HOOKFXN
00000001   CLK_HTIMEDIV
00000001   CLK_HTIMEMULT
000493e0   CLK_HTIMEPERLTIME
00005dc0   CLK_INPUTCLK
00004000   CLK_INTBIT
00000001   CLK_LTIMEDIV
000493e0   CLK_LTIMEMULT
000003e8   CLK_MICROSECS
00000001   CLK_POWERENABLE
00005dc0   CLK_PRD
00000000   CLK_PRDHIGH
01c20000   CLK_REGS
00000001   CLK_RESETTIMER
118145c8   CLK_R_time
00000020   CLK_TCR
00000000   CLK_TDDR
00000000   CLK_TDDRHIGH
1180c320   CLK_TIMEFXN
00000000   CLK_TIMERNUM
00000005   CLK_TIMMODE
00000001   CLK_USETIMER
11812dfc   CLK_null
ffffffff   DDR
00000000   DEV$
00000000   DGN$
00000000   DHL$
00000000   DHL_gChannelsAvailable
00000000   DIO$
00000000   DIO_NUMSWIBASE
00000000   DIO_NUMTSKBASE
00000000   DIO_STATIC
00000000   DPI$
00000000   ECM$
00000000   ECM_ENABLE
ffffffff   ECM_EVTMASK0
ffffffff   ECM_EVTMASK1
ffffffff   ECM_EVTMASK2
ffffffff   ECM_EVTMASK3
0000000a   EVENT10
00000064   EVENT100
00000065   EVENT101
00000066   EVENT102
00000067   EVENT103
00000068   EVENT104
00000069   EVENT105
0000006a   EVENT106
0000006b   EVENT107
0000006c   EVENT108
0000006d   EVENT109
0000000b   EVENT11
0000006e   EVENT110
0000006f   EVENT111
00000070   EVENT112
00000071   EVENT113
00000072   EVENT114
00000073   EVENT115
00000074   EVENT116
00000075   EVENT117
00000076   EVENT118
00000077   EVENT119
0000000c   EVENT12
00000078   EVENT120
00000079   EVENT121
0000007a   EVENT122
0000007b   EVENT123
0000007c   EVENT124
0000007d   EVENT125
0000007e   EVENT126
0000007f   EVENT127
0000000d   EVENT13
0000000e   EVENT14
0000000f   EVENT15
00000010   EVENT16
00000011   EVENT17
00000012   EVENT18
00000013   EVENT19
00000014   EVENT20
00000015   EVENT21
00000016   EVENT22
00000017   EVENT23
00000018   EVENT24
00000019   EVENT25
0000001a   EVENT26
0000001b   EVENT27
0000001c   EVENT28
0000001d   EVENT29
0000001e   EVENT30
0000001f   EVENT31
00000020   EVENT32
00000021   EVENT33
00000022   EVENT34
00000023   EVENT35
00000024   EVENT36
00000025   EVENT37
00000026   EVENT38
00000027   EVENT39
00000004   EVENT4
00000028   EVENT40
00000029   EVENT41
0000002a   EVENT42
0000002b   EVENT43
0000002c   EVENT44
0000002d   EVENT45
0000002e   EVENT46
0000002f   EVENT47
00000030   EVENT48
00000031   EVENT49
00000005   EVENT5
00000032   EVENT50
00000033   EVENT51
00000034   EVENT52
00000035   EVENT53
00000036   EVENT54
00000037   EVENT55
00000038   EVENT56
00000039   EVENT57
0000003a   EVENT58
0000003b   EVENT59
00000006   EVENT6
0000003c   EVENT60
0000003d   EVENT61
0000003e   EVENT62
0000003f   EVENT63
00000040   EVENT64
00000041   EVENT65
00000042   EVENT66
00000043   EVENT67
00000044   EVENT68
00000045   EVENT69
00000007   EVENT7
00000046   EVENT70
00000047   EVENT71
00000048   EVENT72
00000049   EVENT73
0000004a   EVENT74
0000004b   EVENT75
0000004c   EVENT76
0000004d   EVENT77
0000004e   EVENT78
0000004f   EVENT79
00000008   EVENT8
00000050   EVENT80
00000051   EVENT81
00000052   EVENT82
00000053   EVENT83
00000054   EVENT84
00000055   EVENT85
00000056   EVENT86
00000057   EVENT87
00000058   EVENT88
00000059   EVENT89
00000009   EVENT9
0000005a   EVENT90
0000005b   EVENT91
0000005c   EVENT92
0000005d   EVENT93
0000005e   EVENT94
0000005f   EVENT95
00000060   EVENT96
00000061   EVENT97
00000062   EVENT98
00000063   EVENT99
1180bec0   FXN_F_nop
1180bec4   FXN_F_run
1180bf00   FXN_F_zero
00000001   GBL$
00005205   GBL_A_VERSION
00000000   GBL_BCACHEREADADDR0
00000000   GBL_BCACHEREADADDR1
00000000   GBL_BCACHEREADADDR2
00000000   GBL_BIGENDIAN
00000000   GBL_CACHE
00000000   GBL_CALLCSLCFGINIT
00004e20   GBL_CLKIN
00001a5b   GBL_CLKTYPE
00001a5c   GBL_DSPSUBTYPE
0000003e   GBL_DSPTYPE
00000001   GBL_ENABLEINST
00000000   GBL_ENABLE_SK
00000042   GBL_FOOTPRINT
000493e0   GBL_FREQ
00000000   GBL_GEMTRUECOMPEN
00000007   GBL_L1DMODE
00000007   GBL_L1PMODE
00000001   GBL_L2CONFIGURE
00000000   GBL_L2MAR0_31
00000001   GBL_L2MAR128_159
00000000   GBL_L2MAR160_191
ffffffff   GBL_L2MAR192_223
00000000   GBL_L2MAR224_255
00000000   GBL_L2MAR32_63
00000000   GBL_L2MAR64_95
00000000   GBL_L2MAR96_127
00000000   GBL_L2MODE
00000000   GBL_NULL
00000000   GBL_PROCID
00000000   GBL_ROM
00000000   GBL_SUPPORTCSL
0000dbef   GBL_TRCMASKVALUE
00000000   GBL_USERINIT
1180c260   GBL_USERINITFXN
00000001   GBL_boot
11815110   GBL_initdone
118140b0   GBL_stackbeg
118144af   GBL_stackend
00000000   GIO$
1180c260   GIO_CREATEFXN
1180c260   GIO_DELETEFXN
1180c260   GIO_PENDFXN
1180c260   GIO_POSTFXN
00000000   HOOK$
00000000   HOOK_KNLID
00000001   HST$
11814bc0   HST_A_TABBEG
11814bfc   HST_A_TABEND
00000000   HST_DSM
1181476c   HST_DSMBUFSEG
00000400   HST_DSMMEMSIZE
11814644   HST_D_chanmask
11814648   HST_D_tabbeg
1181464c   HST_D_tabend
000000ff   HST_MAXFRAMEALLOWED
00000040   HST_MAXFRAMESET
00000000   HST_NONE
00000001   HST_RTDX
00000001   HWI$
11814c00   HWI_A_VECS
00005828   HWI_CFGDISPATCHED
118147b8   HWI_D_bss
118147bc   HWI_D_ccmask
118147a8   HWI_D_spsave
00000001   HWI_ENABLE_EXC
11808ba0   HWI_F_dispatch
00000000   HWI_GENERATE_RESET_VEC
0000000a   HWI_INT10
00000000   HWI_INT10$hwi
0000000b   HWI_INT11
00000000   HWI_INT11$hwi
0000000c   HWI_INT12
00000000   HWI_INT12$hwi
0000000d   HWI_INT13
00000000   HWI_INT13$hwi
0000000e   HWI_INT14
00000000   HWI_INT14$hwi
0000000f   HWI_INT15
00000000   HWI_INT15$hwi
00000004   HWI_INT4
00000000   HWI_INT4$hwi
00000005   HWI_INT5
00000000   HWI_INT5$hwi
00000006   HWI_INT6
00000000   HWI_INT6$hwi
00000007   HWI_INT7
00000000   HWI_INT7$hwi
00000008   HWI_INT8
00000000   HWI_INT8$hwi
00000009   HWI_INT9
00000000   HWI_INT9$hwi
07063d04   HWI_INTRMUX1
0b0a0908   HWI_INTRMUX2
28040d0c   HWI_INTRMUX3
00000001   HWI_NMI
00000000   HWI_NMI$hwi
00000000   HWI_POLARITYMASK
00000002   HWI_RESERVED0
00000000   HWI_RESERVED0$hwi
00000003   HWI_RESERVED1
00000000   HWI_RESERVED1$hwi
00000000   HWI_RESET
00000000   HWI_RESET$hwi
00000000   HWI_ZEROTAB
00000001   IDL$
118150e8   IDL_A_CALBEG
118150d8   IDL_A_TABBEG
00000006   IDL_CALIBRERROR
1180c160   IDL_CALIBRFXN
11814834   IDL_D_busyObj
118145b8   IDL_D_calbeg
118145b4   IDL_D_calibrate
118145b0   IDL_D_tabbeg
118150e4   IDL_END
118150f4   IDL_END$
1180bf80   IDL_F_busy
1180bde0   IDL_F_calibrate
1180c2a0   IDL_F_loop
1180c160   IDL_F_stub
00000001   IDL_USECLKIDLTIME
1181500c   IDL_busyObj
11813d1e   IDL_busyObj$avgfmt
00000001   IDL_busyObj$filter
00000001   IDL_busyObj$iA
00000000   IDL_busyObj$iB
00000001   IDL_busyObj$iC
11813d18   IDL_busyObj$maxfmt
00000000   IDL_busyObj$operation
11815008   IDL_busyObj$stsobj
11813d1b   IDL_busyObj$sumfmt
00000002   IDL_busyObj$unittype
118150d8   IDL_cpuLoad
118150e8   IDL_cpuLoad$
1181476c   IRAM
1180c340   IRAM$B
00002000   IRAM$L
00000001   ISRC$
1180b1b8   KNL_glue
11814b94   KNL_swi
00000001   KNL_swi$dorta
00000002   KNL_swi$ord
00000000   KNL_swi$pri
11814fec   KNL_swi$sts
11813cf4   KNL_swi$sts$avgfmt
00000002   KNL_swi$sts$filter
00000001   KNL_swi$sts$filtmaxmult
00000001   KNL_swi$sts$filtsummult
11813ce4   KNL_swi$sts$maxfmt
11814fe8   KNL_swi$sts$stsobj
11813cec   KNL_swi$sts$sumfmt
00000000   KNL_swi$sts$unittype
00000000   KNL_swi$swi
ffffffff   L3_CBA_RAM
00000001   LCK$
11808060   LNK_F_checkBufferCall
118080e0   LNK_F_dataPump
11808080   LNK_F_getChanPtr
118080d8   LNK_F_init
118085e8   LNK_F_readCallBack
118150dc   LNK_dataPump
118150ec   LNK_dataPump$
118147c4   LNK_dspFrameReadyMask
118147c0   LNK_dspFrameRequestMask
11808360   LNK_newin
11808494   LNK_newout
118080f0   LNK_rcloop
118081b4   LNK_rdrtry
118147cc   LNK_readDone
118147d0   LNK_readFail
118147c8   LNK_readPend
118081c4   LNK_rrloop
118147d4   LNK_writeFail
11808290   LNK_wrloop
11808284   LNK_wrrtry
00000001   LOG$
118150a8   LOG_A_TABBEG
118150d8   LOG_A_TABEND
00000002   LOG_A_TABLEN
118145bc   LOG_D_system
00000001   LOG_ENABLED
1180bd60   LOG_F_event
118150a8   LOG_system
1180f800   LOG_system$buf
00000000   LOG_system$datatype
00000000   LOG_system$log
00000200   LOG_system$size
00000000   MBX$
00000001   MEM$
1181476c   MEM_MALLOCSEG
00000000   MEM_NULL
1181476c   MEM_SEGZERO
00000000   MEM_USEMPC
00000001   MEM_gNumHeap
00000000   MSGQ$
00000000   MSGQ_USEMSGQ
00000000   OBJ$
00000000   PIP$
11814f00   PIP_A_TABBEG
11814fc8   PIP_A_TABEND
00000002   PIP_A_TABLEN
118145c0   PIP_D_tabbeg
118145c4   PIP_D_tablen
1180a838   PIP_F_give
1180a838   PIP_F_probe
1180a908   PIP_F_start
1180a7c0   PIP_F_take
00000064   PIP_OBJSIZE
00000000   PIP_gNextId
00000002   PIP_gNumEmbed
00000000   POOL$
00000000   POOL_USEPOOL
00000001   PRD$
11813360   PRD0
1181337c   PRD0$aaa
00000000   PRD0$mode
00000001   PRD0$ord
000001f4   PRD0$period
00000000   PRD0$prd
11814fcc   PRD0$sts
11813cbf   PRD0$sts$avgfmt
00000000   PRD0$sts$filter
11813cad   PRD0$sts$maxfmt
11814fc8   PRD0$sts$stsobj
11813cb6   PRD0$sts$sumfmt
00000002   PRD0$sts$unittype
11813360   PRD_A_TABBEG
11813380   PRD_A_TABEND
00000001   PRD_A_TABLEN
11814600   PRD_D_cur
11814604   PRD_D_elapsed
11814608   PRD_D_prevtim
1181460c   PRD_D_scalar
11814610   PRD_D_swihandle
11814614   PRD_D_tabbeg
11814618   PRD_D_tablen
1181461c   PRD_D_thook
118145fc   PRD_D_tick
11809540   PRD_F_swi
118097c4   PRD_F_tick
00000001   PRD_SCALAR
11814b68   PRD_SWIHANDLE
1180a3d4   PRD_THOOKFXN
11812df8   PRD_clock
11814b68   PRD_swi
00000001   PRD_swi$dorta
00000001   PRD_swi$ord
00000001   PRD_swi$pri
11814fdc   PRD_swi$sts
11813cda   PRD_swi$sts$avgfmt
00000002   PRD_swi$sts$filter
00000001   PRD_swi$sts$filtmaxmult
00000001   PRD_swi$sts$filtsummult
11813cca   PRD_swi$sts$maxfmt
11814fd8   PRD_swi$sts$stsobj
11813cd2   PRD_swi$sts$sumfmt
00000000   PRD_swi$sts$unittype
00000000   PRD_swi$swi
00000001   PWRM$
00000030   PWRM_PWRM_CAPSMASK
0000000a   PWRM_PWRM_CLKTICKSPERSLOT
00000000   PWRM_PWRM_ENABLE
00000002   PWRM_PWRM_INITSPCPU
00000000   PWRM_PWRM_INITSPPER
00000000   PWRM_PWRM_LOADENABLE
00000001   PWRM_PWRM_NUMSLOTS
00000000   PWRM_PWRM_RESOURCETRACKING
00000000   PWRM_PWRM_SCALING
1180c260   PWRM_PWRM_SHAREDRESOURCEFXN
1180c260   PWRM_PWRM_SLOTHOOKFXN
00000000   PWRM_PWRM_TIMERIDNUM
00000000   PWRM_PWRM_TIMERINTRMASK
00000000   PWRM_PWRM_TIMERWUGENMASK
00000000   PWRM_PWRM_USERRESOURCES
00000000   PWRM_PWRM_USETIMER
00000001   QUE$
11814620   RTA_D_fromHost
11814628   RTA_D_logval
11814638   RTA_D_stsval
11814624   RTA_D_toHost
1180c1a0   RTA_F_andn
11809c20   RTA_F_dispatch
11809b40   RTA_F_getlog
11809b78   RTA_F_getsts
1180c1b8   RTA_F_or
11809bb8   RTA_F_readblk
11809be0   RTA_F_resetmem
11809bd4   RTA_F_writeword
118150e0   RTA_dispatcher
118150f0   RTA_dispatcher$
11809c6c   RTA_execute
11814bc4   RTA_fromHost
11812de8   RTA_fromHost$buf
00000004   RTA_fromHost$framesize
00000000   RTA_fromHost$hst
00000001   RTA_fromHost$id
00000000   RTA_fromHost$mode
11814f00   RTA_fromHost$pipe
11814f30   RTA_fromHost$pipe$aaa
11814f60   RTA_fromHost$pipe$bbb
11814770   RTA_fromHost$pipe$dtab
11814f04   RTA_fromHost$pipe$rd
11814f34   RTA_fromHost$pipe$wr
11814bcc   RTA_fromHost$rtdx
11814be0   RTA_toHost
11814e00   RTA_toHost$buf
00000040   RTA_toHost$framesize
00000000   RTA_toHost$hst
00000000   RTA_toHost$id
00000001   RTA_toHost$mode
11814f64   RTA_toHost$pipe
11814f94   RTA_toHost$pipe$aaa
11814fc4   RTA_toHost$pipe$bbb
1181477c   RTA_toHost$pipe$dtab
11814f68   RTA_toHost$pipe$rd
11814f98   RTA_toHost$pipe$wr
11814be8   RTA_toHost$rtdx
00000001   RTDX$
00000408   RTDX_BUFMEMSIZE
1181476c   RTDX_DATAMEMSEG
00000000   RTDX_MODE
00000001   RTDX_NORMALIZED_HDR
00000001   RTDX_USERTDX
00000000   RTDX_USERTEXECUTION
00000000   SEM$
00000000   SIO$
00000001   STS$
11814fc8   STS_A_TABBEG
11815018   STS_A_TABEND
1180c06c   STS_F_add
1180c040   STS_F_delta
1180c088   STS_F_reset
00000001   SWI$
11814b68   SWI_A_TABBEG
11814bc0   SWI_A_TABEND
00000002   SWI_A_TABLEN
11814694   SWI_D_curfxn
11814684   SWI_D_curmask
11814690   SWI_D_curmbox
11814688   SWI_D_curset
11814680   SWI_D_execaddr
1181469c   SWI_D_inswi
1181468c   SWI_D_lock
11814698   SWI_D_rdybeg
118146a0   SWI_D_rdytab
1181467c   SWI_D_runaddr
00000000   SWI_EHOOKFXN
11809264   SWI_EXECFXN
11809080   SWI_F_enable
11809264   SWI_F_exec
1180928c   SWI_F_iexec
118090f0   SWI_F_post
1180930c   SWI_F_run
00000000   SWI_IHOOKFXN
1180930c   SWI_RUNFXN
00000001   SYS$
118150f8   SYS$config
1180c1e0   SYS_ABORTFXN
1180c2e0   SYS_ERRORFXN
1180c300   SYS_EXITFXN
1180c220   SYS_PUTCFXN
1181510c   TRC_R_mask
11815108   TRC_cinit
00000001   TSK$
00000000   TSK_NUM_HOOKS
00000001   TSK_PRIORITY
00000000   TSK_READYFXN
00000000   TSK_STACKSEG
00000400   TSK_STACKSIZE
00000000   TSK_SWITCHFXN
1180c260   TSK_VCREATEFXN
1180c260   TSK_VDELETEFXN
1180c260   TSK_VEXITFXN
1180f7a0   TSK_idle
00000000   TSK_idle$ord
00000000   TSK_idle$pri
11813cb0   TSK_idle$stack
11814048   TSK_idle$stkptr
11814ffc   TSK_idle$sts
11813d0e   TSK_idle$sts$avgfmt
00000002   TSK_idle$sts$filter
00000001   TSK_idle$sts$filtmaxmult
00000001   TSK_idle$sts$filtsummult
11813cfe   TSK_idle$sts$maxfmt
11814ff8   TSK_idle$sts$stsobj
11813d06   TSK_idle$sts$sumfmt
00000000   TSK_idle$sts$unittype
00000000   TSK_idle$tsk
00000000   UDEV$
11801fe4   _AIC3106_Init
11802098   _AIC3106_readRegister
11802104   _AIC3106_writeRegister
1180c260   _BCACHE_bootInit
1180b574   _BCACHE_getMar
1180b524   _BCACHE_getSize
1180b4f4   _BCACHE_setCacheToSram
1180b4a4   _BCACHE_setMar
1180b460   _BCACHE_setSize
11812e00   _BIOS_init
11813030   _BIOS_start
ffffffff   _CACHE_L1D
ffffffff   _CACHE_L1P
000493e0   _CLK_COUNTSPMS
11814820   _CLK_DFLTMICROSECS
118145f8   _CLK_D_countspms
118145ec   _CLK_D_dirty
11814824   _CLK_D_microseconds
118145f0   _CLK_D_prd
118145f4   _CLK_D_tddr
1180b010   _CLK_F_itime
00005dc0   _CLK_PRD
01c20000   _CLK_REGS
00000000   _CLK_TDDR
00000000   _CLK_TIMERNUM
00000001   _CLK_USETIMER
1180c320   _CLK_gethtime
118145dc   _CLK_htimeDiv
118145e0   _CLK_htimeMult
11814830   _CLK_htimePerLtime
118125a4   _CLK_inputClock
1180b010   _CLK_itime
118145e4   _CLK_ltimeDiv
118145e8   _CLK_ltimeMult
1180c100   _CLK_measure
ffffffff   _DDR
11805ea4   _DIP_get
11805f08   _DIP_getAll
11805e80   _DIP_init
0000000a   _EVENT10
00000064   _EVENT100
00000065   _EVENT101
00000066   _EVENT102
00000067   _EVENT103
00000068   _EVENT104
00000069   _EVENT105
0000006a   _EVENT106
0000006b   _EVENT107
0000006c   _EVENT108
0000006d   _EVENT109
0000000b   _EVENT11
0000006e   _EVENT110
0000006f   _EVENT111
00000070   _EVENT112
00000071   _EVENT113
00000072   _EVENT114
00000073   _EVENT115
00000074   _EVENT116
00000075   _EVENT117
00000076   _EVENT118
00000077   _EVENT119
0000000c   _EVENT12
00000078   _EVENT120
00000079   _EVENT121
0000007a   _EVENT122
0000007b   _EVENT123
0000007c   _EVENT124
0000007d   _EVENT125
0000007e   _EVENT126
0000007f   _EVENT127
0000000d   _EVENT13
0000000e   _EVENT14
0000000f   _EVENT15
00000010   _EVENT16
00000011   _EVENT17
00000012   _EVENT18
00000013   _EVENT19
00000014   _EVENT20
00000015   _EVENT21
00000016   _EVENT22
00000017   _EVENT23
00000018   _EVENT24
00000019   _EVENT25
0000001a   _EVENT26
0000001b   _EVENT27
0000001c   _EVENT28
0000001d   _EVENT29
0000001e   _EVENT30
0000001f   _EVENT31
00000020   _EVENT32
00000021   _EVENT33
00000022   _EVENT34
00000023   _EVENT35
00000024   _EVENT36
00000025   _EVENT37
00000026   _EVENT38
00000027   _EVENT39
00000004   _EVENT4
00000028   _EVENT40
00000029   _EVENT41
0000002a   _EVENT42
0000002b   _EVENT43
0000002c   _EVENT44
0000002d   _EVENT45
0000002e   _EVENT46
0000002f   _EVENT47
00000030   _EVENT48
00000031   _EVENT49
00000005   _EVENT5
00000032   _EVENT50
00000033   _EVENT51
00000034   _EVENT52
00000035   _EVENT53
00000036   _EVENT54
00000037   _EVENT55
00000038   _EVENT56
00000039   _EVENT57
0000003a   _EVENT58
0000003b   _EVENT59
00000006   _EVENT6
0000003c   _EVENT60
0000003d   _EVENT61
0000003e   _EVENT62
0000003f   _EVENT63
00000040   _EVENT64
00000041   _EVENT65
00000042   _EVENT66
00000043   _EVENT67
00000044   _EVENT68
00000045   _EVENT69
00000007   _EVENT7
00000046   _EVENT70
00000047   _EVENT71
00000048   _EVENT72
00000049   _EVENT73
0000004a   _EVENT74
0000004b   _EVENT75
0000004c   _EVENT76
0000004d   _EVENT77
0000004e   _EVENT78
0000004f   _EVENT79
00000008   _EVENT8
00000050   _EVENT80
00000051   _EVENT81
00000052   _EVENT82
00000053   _EVENT83
00000054   _EVENT84
00000055   _EVENT85
00000056   _EVENT86
00000057   _EVENT87
00000058   _EVENT88
00000059   _EVENT89
00000009   _EVENT9
0000005a   _EVENT90
0000005b   _EVENT91
0000005c   _EVENT92
0000005d   _EVENT93
0000005e   _EVENT94
0000005f   _EVENT95
00000060   _EVENT96
00000061   _EVENT97
00000062   _EVENT98
00000063   _EVENT99
118001e8   _EVMC6748_enableDsp
11800000   _EVMC6748_init
1180002c   _EVMC6748_initRAM
118002b0   _EVMC6748_lpscTransition
11800214   _EVMC6748_pinmuxConfig
11808b70   _EXC_clearLastStatus
1180a5e0   _EXC_dispatch
11808994   _EXC_exceptionHandler
118147d8   _EXC_exceptionHook
11808960   _EXC_external
118147e0   _EXC_externalHook
11808940   _EXC_getLastStatus
11808900   _EXC_init
11808654   _EXC_internal
118147dc   _EXC_internalHook
11808620   _EXC_nmi
118147e4   _EXC_nmiHook
11814790   _EXC_returnPtr
1180a7a4   _EXC_setReturnPtr
11812d90   _EXC_status
11814788   _EXC_sysTrapTable
1180c260   _FXN_F_nop
1180bec4   _FXN_F_run
1180bf00   _FXN_F_zero
00000000   _GBL_CACHE
1180b608   _GBL_cacheInit64P
11814654   _GBL_clkIn
11814658   _GBL_freq
1180c280   _GBL_getVersion
11814650   _GBL_procId
11803458   _GPIO_getInput
118033e0   _GPIO_setDir
118034cc   _GPIO_setOutput
1180354c   _GPIO_toggleLoop
11807400   _HOSTclose
118065c0   _HOSTlseek
118068c0   _HOSTopen
118069a0   _HOSTread
11805d00   _HOSTrename
11806e00   _HOSTunlink
11806ec0   _HOSTwrite
11811000   _HSRTDX_rec
11811760   _HSRTDX_xmt
11814bc0   _HST_A_TABBEG
11814bfc   _HST_A_TABEND
00005828   _HWI_CFGDISPATCHED
118147b4   _HWI_D_inhwi
118147a8   _HWI_D_spsave
11808ba0   _HWI_F_dispatch
0000000a   _HWI_INT10
0000000b   _HWI_INT11
0000000c   _HWI_INT12
0000000d   _HWI_INT13
0000000e   _HWI_INT14
0000000f   _HWI_INT15
00000004   _HWI_INT4
00000005   _HWI_INT5
00000006   _HWI_INT6
00000007   _HWI_INT7
00000008   _HWI_INT8
00000009   _HWI_INT9
00000001   _HWI_NMI
00000002   _HWI_RESERVED0
00000003   _HWI_RESERVED1
00000000   _HWI_RESET
118144a8   _HWI_STKBOTTOM
118140b0   _HWI_STKTOP
118147a8   _HWI_data
1180bf20   _HWI_disable
118144b0   _HWI_dispatchTab
1180bf38   _HWI_enable
1180bf4c   _HWI_restore
118027f4   _I2CGPIO_getInput
11802910   _I2CGPIO_getInputAll
11802720   _I2CGPIO_init
11802a20   _I2CGPIO_setOutput
11802b68   _I2CGPIO_setOutputAll
11803760   _I2C_init
1180384c   _I2C_read
118039a8   _I2C_write
1181500c   _IDL_busyObj
118150d8   _IDL_cpuLoad
1180c2a0   _IDL_loop
1181476c   _IRAM
1180c340   _IRAM_base
00002000   _IRAM_length
11814720   _KNL_alarm
1180b6c0   _KNL_check
11814744   _KNL_curqueue
11814734   _KNL_curtask
1181473c   _KNL_curtime
11812c18   _KNL_dummy
1180ba20   _KNL_enter
1180b9e0   _KNL_exit
1180b788   _KNL_idle
1181475c   _KNL_idlefxn
11814728   _KNL_inactive
1180bbe0   _KNL_ipost
1180b7b0   _KNL_max
11814748   _KNL_maxqueue
1180bc60   _KNL_post
11814738   _KNL_prevtask
1181472c   _KNL_priority
11812b78   _KNL_queues
11809dc0   _KNL_run
1180b060   _KNL_saveIsrFrame
11814730   _KNL_set
11814724   _KNL_setpri
11814b94   _KNL_swi
11814740   _KNL_swiptr
1180b10c   _KNL_switch
11814750   _KNL_tcreatefxn
11814754   _KNL_tdeletefxn
1180a3d4   _KNL_tick
11814758   _KNL_treadyfxn
1181474c   _KNL_tswitchfxn
11814718   _KNL_wFlag
1181471c   _KNL_wList
ffffffff   _L3_CBA_RAM
1180bd00   _LCK_pend
1180bce0   _LCK_post
118057c0   _LED_init
1180580c   _LED_isOn
1180590c   _LED_toggle
118058c4   _LED_turnOff
11805874   _LED_turnOn
118150dc   _LNK_dataPump
118147c4   _LNK_dspFrameReadyMask
118147c0   _LNK_dspFrameRequestMask
118147cc   _LNK_readDone
118147d0   _LNK_readFail
118147c8   _LNK_readPend
118147d4   _LNK_writeFail
118150a8   _LOG_A_TABBEG
118150d8   _LOG_A_TABEND
00000002   _LOG_A_TABLEN
118145bc   _LOG_D_system
1180bd60   _LOG_event
118150a8   _LOG_system
11814838   _MEM
1181465c   _MEM_D_NUMSEGMENTS
11814664   _MEM_D_freelist
11814668   _MEM_D_lockaddr
11814660   _MEM_D_memtab
1181466c   _MEM_D_unlockaddr
1180a000   _MEM_alloc
1180a400   _MEM_free
11813240   _MEM_init
11814760   _MEM_memtab
11801d4c   _McASP_Init
11801e74   _McASP_Start
11812ce8   _OBJ_segtab
11812cb0   _OBJ_table
11814f00   _PIP_A_TABBEG
11814fc8   _PIP_A_TABEND
11813360   _PRD0
118145fc   _PRD_D_tick
11812df8   _PRD_clock
11814b68   _PRD_swi
118150e0   _RTA_dispatcher
11814bc4   _RTA_fromHost
11814be0   _RTA_toHost
11813400   _RTDX_Buffer
1181380c   _RTDX_Buffer_End
11811de0   _RTDX_Buffer_Initialize
11811f60   _RTDX_Buffer_Read
11811ea0   _RTDX_Buffer_ReadCB
11811ee0   _RTDX_Buffer_Size
11813808   _RTDX_Buffer_Start
11811f80   _RTDX_Buffer_Write
118112a0   _RTDX_Buffer_WriteCB
11811d60   _RTDX_Final_RT_Monitor
11811e40   _RTDX_Init_RT_Monitor
00000002   _RTDX_JTAGONLY
11811fa0   _RTDX_Mask_IER
11811a60   _RTDX_Mon_Queue
11811cc0   _RTDX_Poll
00000000   _RTDX_interrupt_mask
11811f20   _RTDX_memfill
11813860   _RTDX_writing
1181476c   _SEG0
1180bfe0   _SEM_pend
1180a9a0   _SEM_pendEnterKnl
1180b900   _SEM_post
1180b900   _SEM_postBinary
1180baa0   _SEM_postEnterKnl
11814fc8   _STS_A_TABBEG
11815018   _STS_A_TABEND
1180c06c   _STS_add
1180c040   _STS_delta
1180c088   _STS_reset
1180c2c0   _STS_set
11814694   _SWI_D_curfxn
11814684   _SWI_D_curmask
11814688   _SWI_D_curset
11814680   _SWI_D_execaddr
1181469c   _SWI_D_inswi
1181468c   _SWI_D_lock
11814698   _SWI_D_rdybeg
1181467c   _SWI_D_runaddr
1181467c   _SWI_data
118090f0   _SWI_post
11814670   _SYS
11814844   _SYS_PUTCBEG
11814a43   _SYS_PUTCEND
1180c0a0   _SYS_abort
1180be60   _SYS_error
1180bb40   _SYS_exit
11812d58   _SYS_exitStack
11814828   _SYS_exitStackPtr
1181482c   _SYS_exitStackTop
118021c4   _SetGpio
1181510c   _TRC_R_mask
11814810   _TSK
11812c50   _TSK_ATTRS
11812c6c   _TSK_config
1180b320   _TSK_exit
1180f7a0   _TSK_idle
11813300   _TSK_init
11814808   _TSK_nTasks
1181480c   _TSK_pid
1180ad20   _TSK_setup
1180b884   _TSK_startup
11812c8c   _TSK_timerSem
11802138   _USTIMER_delay
11800c00   _UTIL_isUIBoardAttached
11800aa8   _UTIL_printMem
1180c1e0   _UTL_doAbort
1180c2e0   _UTL_doError
1180c220   _UTL_doPutc
1180c300   _UTL_halt
11814a48   __CIOBUF_
1180b030   __CLK_lat1beg
1180b050   __CLK_lat1end
11814678   __HOOK_NUMHOOKS
11814674   __HOOK_knlId
11808ba0   __HWI_lat1beg
11808d28   __HWI_lat1end
11808d28   __HWI_lat2beg
11808f04   __HWI_lat2end1
11808e90   __HWI_lat2end2
11808f20   __HWI_lat3beg
11808ec0   __HWI_lat3end2
1180bf80   __IDL_lat1beg
1180bfc0   __IDL_lat1end
1180b70c   __KNL_lat1beg
1180b788   __KNL_lat1end
1180bd60   __LOG_lat1beg
11812d2c   __MEM_mutex
11809be0   __RTA_lat1beg
11809c14   __RTA_lat1end
1180ab80   __SEM_dopost
118144b0   __STACK_END
00000400   __STACK_SIZE
118091f8   __SWI_lat1beg
118092a4   __SWI_lat1end
118092a8   __SWI_lat2beg
11809308   __SWI_lat2end
11809080   __SWI_lat3beg
118090ec   __SWI_lat3end
11812d04   __TSK_mutex
11812dd4   ___TI_enable_exit_profile_output
ffffffff   ___TI_pprof_out_hndl
ffffffff   ___TI_prof_data_size
ffffffff   ___TI_prof_data_start
11807e00   ___add_dtor
118128d0   ___atexit_func_id__
ffffffff   ___binit__
118144b0   ___bss__
ffffffff   ___c_args__
1180e340   ___cinit__
11800000   ___data__
11800000   ___edata__
11814844   ___end__
11808060   ___etext__
11807e40   ___isinf
1180f7f4   ___pinit__
11800000   ___text__
1180b1e0   __auto_init
11807040   __c6xabi_divu
118074a0   __cleanup
11812dcc   __cleanup_ptr
11806260   __closefile
11813a10   __ctypes_
11800c20   __divd
11804600   __divf
11807540   __divli
11807040   __divu
11805b60   __divul
11804880   __divull
11807100   __doflush
11812dd0   __dtors_ptr
11807720   __fixdli
11807ae0   __fltlid
11807ec0   __frcmpyd_div
118128c8   __ft_end
118125a8   __ftable
11807b60   __llshl
11807f00   __llshru
11812dd8   __lock
11807f80   __negll
11807fa0   __nop
11802c00   __printfi
11808000   __register_lock
11808020   __register_unlock
11807f40   __remli
118140b0   __stack
11807ce0   __subcull
11812788   __tmpnams
11812ddc   __unlock
118066c0   __wrt_ok
11812198   _aHigh
11812138   _aLow
11812158   _aMid
11812178   _aPres
118071c0   _atexit
11806a80   _atoi
11801894   _audioHWI
118121a8   _bHigh
11812148   _bLow
11812168   _bMid
11812188   _bPres
11811fc0   _b_fir
11813b18   _bitval_u32
11812330   _buffer
11813180   _c_int00
118120c0   _cab
118067c0   _call_dtors
11809aec   _calloc
11806b60   _close
11800688   _config_pll0
118008c4   _config_pll1
11801788   _dipPRD
1181481b   _dist
11812b74   _dtors
11814816   _eqBypass
11812240   _eqSignal
118122b8   _fftSignal
118051a0   _fputc
11803040   _fputs
118098c0   _free
118064a0   _fseek
11812534   _high
1181481a   _highCut
11801ce4   _initAll
118123e4   _low
11814817   _lowCut
11807900   _lseek
11807280   _ltoa
11801740   _main
118098e4   _malloc
11814814   _mask
11809a28   _memalign
11807d40   _memccpy
118079a0   _memcpy
11806c40   _memset
11812454   _mid
11814818   _midCut
118124c4   _pres
11814819   _presCut
11806d20   _printf
118051a0   _putc
11801cc0   _read_audio_sample
11807be0   _readmsg
11809944   _realloc
11808040   _remove
118147f0   _rtdxNullChanCnt
118147f4   _rtdxNullFuncCnt
118147fc   _rtdxRecNotDoneCnt
11814804   _rtdxXmtErrorCnt
118147f8   _rtdxXmtNotDoneCnt
11814800   _rtdxXmtRestartCnt
11813854   _rtdx_buffer_state
11813810   _rtdx_mon_state
118055c0   _setvbuf
118121b8   _sine
118150c0   _trace
11807c60   _unlink
118123d8   _wHigh
118123a8   _wLow
118123b8   _wMid
118123c8   _wPres
11807a40   _write
1181481c   _writeIndex
11801cd0   _write_audio_sample
11807da0   _writemsg
ffffffff   binit
1180e340   cinit
11800000   edata
11814844   end
11808060   etext
11814c00   hwi0
11814c20   hwi1
11814d40   hwi10
11814d60   hwi11
11814d80   hwi12
11814da0   hwi13
11814dc0   hwi14
11814de0   hwi15
11814c40   hwi2
11814c60   hwi3
11814c80   hwi4
11814ca0   hwi5
11814cc0   hwi6
11814ce0   hwi7
11814d00   hwi8
11814d20   hwi9
1180f7f4   pinit
118150c0   trace
11810000   trace$buf
00000001   trace$datatype
00000000   trace$log
00000400   trace$size


GLOBAL SYMBOLS: SORTED BY Symbol Address 

address    name
--------   ----
00000000   BUF$
00000000   CLK_PRDHIGH
00000000   CLK_TDDR
00000000   CLK_TDDRHIGH
00000000   CLK_TIMERNUM
00000000   DEV$
00000000   DGN$
00000000   DHL$
00000000   DHL_gChannelsAvailable
00000000   DIO$
00000000   DIO_NUMSWIBASE
00000000   DIO_NUMTSKBASE
00000000   DIO_STATIC
00000000   DPI$
00000000   ECM$
00000000   ECM_ENABLE
00000000   GBL_BCACHEREADADDR0
00000000   GBL_BCACHEREADADDR1
00000000   GBL_BCACHEREADADDR2
00000000   GBL_BIGENDIAN
00000000   GBL_CACHE
00000000   GBL_CALLCSLCFGINIT
00000000   GBL_ENABLE_SK
00000000   GBL_GEMTRUECOMPEN
00000000   GBL_L2MAR0_31
00000000   GBL_L2MAR160_191
00000000   GBL_L2MAR224_255
00000000   GBL_L2MAR32_63
00000000   GBL_L2MAR64_95
00000000   GBL_L2MAR96_127
00000000   GBL_L2MODE
00000000   GBL_NULL
00000000   GBL_PROCID
00000000   GBL_ROM
00000000   GBL_SUPPORTCSL
00000000   GBL_USERINIT
00000000   GIO$
00000000   HOOK$
00000000   HOOK_KNLID
00000000   HST_DSM
00000000   HST_NONE
00000000   HWI_GENERATE_RESET_VEC
00000000   HWI_INT10$hwi
00000000   HWI_INT11$hwi
00000000   HWI_INT12$hwi
00000000   HWI_INT13$hwi
00000000   HWI_INT14$hwi
00000000   HWI_INT15$hwi
00000000   HWI_INT4$hwi
00000000   HWI_INT5$hwi
00000000   HWI_INT6$hwi
00000000   HWI_INT7$hwi
00000000   HWI_INT8$hwi
00000000   HWI_INT9$hwi
00000000   HWI_NMI$hwi
00000000   HWI_POLARITYMASK
00000000   HWI_RESERVED0$hwi
00000000   HWI_RESERVED1$hwi
00000000   HWI_RESET
00000000   HWI_RESET$hwi
00000000   HWI_ZEROTAB
00000000   IDL_busyObj$iB
00000000   IDL_busyObj$operation
00000000   KNL_swi$pri
00000000   KNL_swi$sts$unittype
00000000   KNL_swi$swi
00000000   LOG_system$datatype
00000000   LOG_system$log
00000000   MBX$
00000000   MEM_NULL
00000000   MEM_USEMPC
00000000   MSGQ$
00000000   MSGQ_USEMSGQ
00000000   OBJ$
00000000   PIP$
00000000   PIP_gNextId
00000000   POOL$
00000000   POOL_USEPOOL
00000000   PRD0$mode
00000000   PRD0$prd
00000000   PRD0$sts$filter
00000000   PRD_swi$sts$unittype
00000000   PRD_swi$swi
00000000   PWRM_PWRM_ENABLE
00000000   PWRM_PWRM_INITSPPER
00000000   PWRM_PWRM_LOADENABLE
00000000   PWRM_PWRM_RESOURCETRACKING
00000000   PWRM_PWRM_SCALING
00000000   PWRM_PWRM_TIMERIDNUM
00000000   PWRM_PWRM_TIMERINTRMASK
00000000   PWRM_PWRM_TIMERWUGENMASK
00000000   PWRM_PWRM_USERRESOURCES
00000000   PWRM_PWRM_USETIMER
00000000   RTA_fromHost$hst
00000000   RTA_fromHost$mode
00000000   RTA_toHost$hst
00000000   RTA_toHost$id
00000000   RTDX_MODE
00000000   RTDX_USERTEXECUTION
00000000   SEM$
00000000   SIO$
00000000   SWI_EHOOKFXN
00000000   SWI_IHOOKFXN
00000000   TSK_NUM_HOOKS
00000000   TSK_READYFXN
00000000   TSK_STACKSEG
00000000   TSK_SWITCHFXN
00000000   TSK_idle$ord
00000000   TSK_idle$pri
00000000   TSK_idle$sts$unittype
00000000   TSK_idle$tsk
00000000   UDEV$
00000000   _CLK_TDDR
00000000   _CLK_TIMERNUM
00000000   _GBL_CACHE
00000000   _HWI_RESET
00000000   _RTDX_interrupt_mask
00000000   trace$log
00000001   BUF_ENABLED
00000001   CLK$
00000001   CLK_CALDIV
00000001   CLK_CALMULT
00000001   CLK_ENABLEHTIME
00000001   CLK_HTIMEDIV
00000001   CLK_HTIMEMULT
00000001   CLK_LTIMEDIV
00000001   CLK_POWERENABLE
00000001   CLK_RESETTIMER
00000001   CLK_USETIMER
00000001   GBL$
00000001   GBL_ENABLEINST
00000001   GBL_L2CONFIGURE
00000001   GBL_L2MAR128_159
00000001   GBL_boot
00000001   HST$
00000001   HST_RTDX
00000001   HWI$
00000001   HWI_ENABLE_EXC
00000001   HWI_NMI
00000001   IDL$
00000001   IDL_USECLKIDLTIME
00000001   IDL_busyObj$filter
00000001   IDL_busyObj$iA
00000001   IDL_busyObj$iC
00000001   ISRC$
00000001   KNL_swi$dorta
00000001   KNL_swi$sts$filtmaxmult
00000001   KNL_swi$sts$filtsummult
00000001   LCK$
00000001   LOG$
00000001   LOG_ENABLED
00000001   MEM$
00000001   MEM_gNumHeap
00000001   PRD$
00000001   PRD0$ord
00000001   PRD_A_TABLEN
00000001   PRD_SCALAR
00000001   PRD_swi$dorta
00000001   PRD_swi$ord
00000001   PRD_swi$pri
00000001   PRD_swi$sts$filtmaxmult
00000001   PRD_swi$sts$filtsummult
00000001   PWRM$
00000001   PWRM_PWRM_NUMSLOTS
00000001   QUE$
00000001   RTA_fromHost$id
00000001   RTA_toHost$mode
00000001   RTDX$
00000001   RTDX_NORMALIZED_HDR
00000001   RTDX_USERTDX
00000001   STS$
00000001   SWI$
00000001   SYS$
00000001   TSK$
00000001   TSK_PRIORITY
00000001   TSK_idle$sts$filtmaxmult
00000001   TSK_idle$sts$filtsummult
00000001   _CLK_USETIMER
00000001   _HWI_NMI
00000001   trace$datatype
00000002   HWI_RESERVED0
00000002   IDL_busyObj$unittype
00000002   KNL_swi$ord
00000002   KNL_swi$sts$filter
00000002   LOG_A_TABLEN
00000002   PIP_A_TABLEN
00000002   PIP_gNumEmbed
00000002   PRD0$sts$unittype
00000002   PRD_swi$sts$filter
00000002   PWRM_PWRM_INITSPCPU
00000002   SWI_A_TABLEN
00000002   TSK_idle$sts$filter
00000002   _HWI_RESERVED0
00000002   _LOG_A_TABLEN
00000002   _RTDX_JTAGONLY
00000003   HWI_RESERVED1
00000003   _HWI_RESERVED1
00000004   CLK_COUNTSPMSHIGH
00000004   EVENT4
00000004   HWI_INT4
00000004   RTA_fromHost$framesize
00000004   _EVENT4
00000004   _HWI_INT4
00000005   CLK_TIMMODE
00000005   EVENT5
00000005   HWI_INT5
00000005   _EVENT5
00000005   _HWI_INT5
00000006   EVENT6
00000006   HWI_INT6
00000006   IDL_CALIBRERROR
00000006   _EVENT6
00000006   _HWI_INT6
00000007   EVENT7
00000007   GBL_L1DMODE
00000007   GBL_L1PMODE
00000007   HWI_INT7
00000007   _EVENT7
00000007   _HWI_INT7
00000008   EVENT8
00000008   HWI_INT8
00000008   _EVENT8
00000008   _HWI_INT8
00000009   EVENT9
00000009   HWI_INT9
00000009   _EVENT9
00000009   _HWI_INT9
0000000a   EVENT10
0000000a   HWI_INT10
0000000a   PWRM_PWRM_CLKTICKSPERSLOT
0000000a   _EVENT10
0000000a   _HWI_INT10
0000000b   EVENT11
0000000b   HWI_INT11
0000000b   _EVENT11
0000000b   _HWI_INT11
0000000c   EVENT12
0000000c   HWI_INT12
0000000c   _EVENT12
0000000c   _HWI_INT12
0000000d   EVENT13
0000000d   HWI_INT13
0000000d   _EVENT13
0000000d   _HWI_INT13
0000000e   EVENT14
0000000e   HWI_INT14
0000000e   _EVENT14
0000000e   _HWI_INT14
0000000f   EVENT15
0000000f   HWI_INT15
0000000f   _EVENT15
0000000f   _HWI_INT15
00000010   EVENT16
00000010   _EVENT16
00000011   EVENT17
00000011   _EVENT17
00000012   EVENT18
00000012   _EVENT18
00000013   EVENT19
00000013   _EVENT19
00000014   EVENT20
00000014   _EVENT20
00000015   EVENT21
00000015   _EVENT21
00000016   EVENT22
00000016   _EVENT22
00000017   EVENT23
00000017   _EVENT23
00000018   EVENT24
00000018   _EVENT24
00000019   EVENT25
00000019   _EVENT25
0000001a   EVENT26
0000001a   _EVENT26
0000001b   EVENT27
0000001b   _EVENT27
0000001c   EVENT28
0000001c   _EVENT28
0000001d   EVENT29
0000001d   _EVENT29
0000001e   EVENT30
0000001e   _EVENT30
0000001f   EVENT31
0000001f   _EVENT31
00000020   CLK_TCR
00000020   EVENT32
00000020   _EVENT32
00000021   EVENT33
00000021   _EVENT33
00000022   EVENT34
00000022   _EVENT34
00000023   EVENT35
00000023   _EVENT35
00000024   EVENT36
00000024   _EVENT36
00000025   EVENT37
00000025   _EVENT37
00000026   EVENT38
00000026   _EVENT38
00000027   EVENT39
00000027   _EVENT39
00000028   EVENT40
00000028   _EVENT40
00000029   EVENT41
00000029   _EVENT41
0000002a   EVENT42
0000002a   _EVENT42
0000002b   EVENT43
0000002b   _EVENT43
0000002c   EVENT44
0000002c   _EVENT44
0000002d   EVENT45
0000002d   _EVENT45
0000002e   EVENT46
0000002e   _EVENT46
0000002f   EVENT47
0000002f   _EVENT47
00000030   EVENT48
00000030   PWRM_PWRM_CAPSMASK
00000030   _EVENT48
00000031   EVENT49
00000031   _EVENT49
00000032   EVENT50
00000032   _EVENT50
00000033   EVENT51
00000033   _EVENT51
00000034   EVENT52
00000034   _EVENT52
00000035   EVENT53
00000035   _EVENT53
00000036   EVENT54
00000036   _EVENT54
00000037   EVENT55
00000037   _EVENT55
00000038   EVENT56
00000038   _EVENT56
00000039   EVENT57
00000039   _EVENT57
0000003a   EVENT58
0000003a   _EVENT58
0000003b   EVENT59
0000003b   _EVENT59
0000003c   EVENT60
0000003c   _EVENT60
0000003d   EVENT61
0000003d   _EVENT61
0000003e   EVENT62
0000003e   GBL_DSPTYPE
0000003e   _EVENT62
0000003f   EVENT63
0000003f   _EVENT63
00000040   EVENT64
00000040   HST_MAXFRAMESET
00000040   RTA_toHost$framesize
00000040   _EVENT64
00000041   EVENT65
00000041   _EVENT65
00000042   EVENT66
00000042   GBL_FOOTPRINT
00000042   _EVENT66
00000043   EVENT67
00000043   _EVENT67
00000044   EVENT68
00000044   _EVENT68
00000045   EVENT69
00000045   _EVENT69
00000046   EVENT70
00000046   _EVENT70
00000047   EVENT71
00000047   _EVENT71
00000048   EVENT72
00000048   _EVENT72
00000049   EVENT73
00000049   _EVENT73
0000004a   EVENT74
0000004a   _EVENT74
0000004b   EVENT75
0000004b   _EVENT75
0000004c   EVENT76
0000004c   _EVENT76
0000004d   EVENT77
0000004d   _EVENT77
0000004e   EVENT78
0000004e   _EVENT78
0000004f   EVENT79
0000004f   _EVENT79
00000050   EVENT80
00000050   _EVENT80
00000051   EVENT81
00000051   _EVENT81
00000052   EVENT82
00000052   _EVENT82
00000053   EVENT83
00000053   _EVENT83
00000054   EVENT84
00000054   _EVENT84
00000055   EVENT85
00000055   _EVENT85
00000056   EVENT86
00000056   _EVENT86
00000057   EVENT87
00000057   _EVENT87
00000058   EVENT88
00000058   _EVENT88
00000059   EVENT89
00000059   _EVENT89
0000005a   EVENT90
0000005a   _EVENT90
0000005b   EVENT91
0000005b   _EVENT91
0000005c   EVENT92
0000005c   _EVENT92
0000005d   EVENT93
0000005d   _EVENT93
0000005e   EVENT94
0000005e   _EVENT94
0000005f   EVENT95
0000005f   _EVENT95
00000060   EVENT96
00000060   _EVENT96
00000061   EVENT97
00000061   _EVENT97
00000062   EVENT98
00000062   _EVENT98
00000063   EVENT99
00000063   _EVENT99
00000064   EVENT100
00000064   PIP_OBJSIZE
00000064   _EVENT100
00000065   EVENT101
00000065   _EVENT101
00000066   EVENT102
00000066   _EVENT102
00000067   EVENT103
00000067   _EVENT103
00000068   EVENT104
00000068   _EVENT104
00000069   EVENT105
00000069   _EVENT105
0000006a   EVENT106
0000006a   _EVENT106
0000006b   EVENT107
0000006b   _EVENT107
0000006c   EVENT108
0000006c   _EVENT108
0000006d   EVENT109
0000006d   _EVENT109
0000006e   EVENT110
0000006e   _EVENT110
0000006f   EVENT111
0000006f   _EVENT111
00000070   EVENT112
00000070   _EVENT112
00000071   EVENT113
00000071   _EVENT113
00000072   EVENT114
00000072   _EVENT114
00000073   EVENT115
00000073   _EVENT115
00000074   EVENT116
00000074   _EVENT116
00000075   EVENT117
00000075   _EVENT117
00000076   EVENT118
00000076   _EVENT118
00000077   EVENT119
00000077   _EVENT119
00000078   EVENT120
00000078   _EVENT120
00000079   EVENT121
00000079   _EVENT121
0000007a   EVENT122
0000007a   _EVENT122
0000007b   EVENT123
0000007b   _EVENT123
0000007c   EVENT124
0000007c   _EVENT124
0000007d   EVENT125
0000007d   _EVENT125
0000007e   EVENT126
0000007e   _EVENT126
0000007f   EVENT127
0000007f   _EVENT127
000000ff   HST_MAXFRAMEALLOWED
000001f4   PRD0$period
00000200   LOG_system$size
000003e8   CLK_MICROSECS
00000400   HST_DSMMEMSIZE
00000400   TSK_STACKSIZE
00000400   __STACK_SIZE
00000400   trace$size
00000408   RTDX_BUFMEMSIZE
00001a5b   GBL_CLKTYPE
00001a5c   GBL_DSPSUBTYPE
00002000   IRAM$L
00002000   _IRAM_length
00004000   CLK_INTBIT
00004e20   GBL_CLKIN
00005205   GBL_A_VERSION
00005828   HWI_CFGDISPATCHED
00005828   _HWI_CFGDISPATCHED
00005dc0   CLK_INPUTCLK
00005dc0   CLK_PRD
00005dc0   _CLK_PRD
0000dbef   GBL_TRCMASKVALUE
000493e0   CLK_COUNTSPMS
000493e0   CLK_HTIMEPERLTIME
000493e0   CLK_LTIMEMULT
000493e0   GBL_FREQ
000493e0   _CLK_COUNTSPMS
01c20000   CLK_REGS
01c20000   _CLK_REGS
07063d04   HWI_INTRMUX1
0b0a0908   HWI_INTRMUX2
11800000   .data
11800000   .text
11800000   _EVMC6748_init
11800000   ___data__
11800000   ___edata__
11800000   ___text__
11800000   edata
1180002c   _EVMC6748_initRAM
118001e8   _EVMC6748_enableDsp
11800214   _EVMC6748_pinmuxConfig
118002b0   _EVMC6748_lpscTransition
11800688   _config_pll0
118008c4   _config_pll1
11800aa8   _UTIL_printMem
11800c00   _UTIL_isUIBoardAttached
11800c20   __divd
11801740   _main
11801788   _dipPRD
11801894   _audioHWI
11801cc0   _read_audio_sample
11801cd0   _write_audio_sample
11801ce4   _initAll
11801d4c   _McASP_Init
11801e74   _McASP_Start
11801fe4   _AIC3106_Init
11802098   _AIC3106_readRegister
11802104   _AIC3106_writeRegister
11802138   _USTIMER_delay
118021c4   _SetGpio
11802720   _I2CGPIO_init
118027f4   _I2CGPIO_getInput
11802910   _I2CGPIO_getInputAll
11802a20   _I2CGPIO_setOutput
11802b68   _I2CGPIO_setOutputAll
11802c00   __printfi
11803040   _fputs
118033e0   _GPIO_setDir
11803458   _GPIO_getInput
118034cc   _GPIO_setOutput
1180354c   _GPIO_toggleLoop
11803760   _I2C_init
1180384c   _I2C_read
118039a8   _I2C_write
11804600   __divf
11804880   __divull
118051a0   _fputc
118051a0   _putc
118055c0   _setvbuf
118057c0   _LED_init
1180580c   _LED_isOn
11805874   _LED_turnOn
118058c4   _LED_turnOff
1180590c   _LED_toggle
11805b60   __divul
11805d00   _HOSTrename
11805e80   _DIP_init
11805ea4   _DIP_get
11805f08   _DIP_getAll
11806260   __closefile
118064a0   _fseek
118065c0   _HOSTlseek
118066c0   __wrt_ok
118067c0   _call_dtors
118068c0   _HOSTopen
118069a0   _HOSTread
11806a80   _atoi
11806b60   _close
11806c40   _memset
11806d20   _printf
11806e00   _HOSTunlink
11806ec0   _HOSTwrite
11807040   __c6xabi_divu
11807040   __divu
11807100   __doflush
118071c0   _atexit
11807280   _ltoa
11807400   _HOSTclose
118074a0   __cleanup
11807540   __divli
11807720   __fixdli
11807900   _lseek
118079a0   _memcpy
11807a40   _write
11807ae0   __fltlid
11807b60   __llshl
11807be0   _readmsg
11807c60   _unlink
11807ce0   __subcull
11807d40   _memccpy
11807da0   _writemsg
11807df8   C$$IO$$
11807e00   ___add_dtor
11807e40   ___isinf
11807ec0   __frcmpyd_div
11807f00   __llshru
11807f40   __remli
11807f80   __negll
11807fa0   __nop
11808000   __register_lock
11808020   __register_unlock
11808040   _remove
11808060   LNK_F_checkBufferCall
11808060   ___etext__
11808060   etext
11808080   LNK_F_getChanPtr
118080d8   LNK_F_init
118080e0   LNK_F_dataPump
118080f0   LNK_rcloop
118081b4   LNK_rdrtry
118081c4   LNK_rrloop
11808284   LNK_wrrtry
11808290   LNK_wrloop
11808360   LNK_newin
11808494   LNK_newout
118085e8   LNK_F_readCallBack
11808620   _EXC_nmi
11808654   _EXC_internal
11808900   _EXC_init
11808940   _EXC_getLastStatus
11808960   _EXC_external
11808994   _EXC_exceptionHandler
11808b70   _EXC_clearLastStatus
11808ba0   CLK_HOOKFXN
11808ba0   HWI_F_dispatch
11808ba0   _HWI_F_dispatch
11808ba0   __HWI_lat1beg
11808d28   __HWI_lat1end
11808d28   __HWI_lat2beg
11808e90   __HWI_lat2end2
11808ec0   __HWI_lat3end2
11808f04   __HWI_lat2end1
11808f20   __HWI_lat3beg
11809080   SWI_F_enable
11809080   __SWI_lat3beg
118090ec   __SWI_lat3end
118090f0   SWI_F_post
118090f0   _SWI_post
118091f8   __SWI_lat1beg
11809264   SWI_EXECFXN
11809264   SWI_F_exec
1180928c   SWI_F_iexec
118092a4   __SWI_lat1end
118092a8   __SWI_lat2beg
11809308   __SWI_lat2end
1180930c   SWI_F_run
1180930c   SWI_RUNFXN
11809540   PRD_F_swi
118097c4   PRD_F_tick
118098c0   _free
118098e4   _malloc
11809944   _realloc
11809a28   _memalign
11809aec   _calloc
11809b40   RTA_F_getlog
11809b78   RTA_F_getsts
11809bb8   RTA_F_readblk
11809bd4   RTA_F_writeword
11809be0   RTA_F_resetmem
11809be0   __RTA_lat1beg
11809c14   __RTA_lat1end
11809c20   RTA_F_dispatch
11809c6c   RTA_execute
11809dc0   _KNL_run
1180a000   _MEM_alloc
1180a3d4   PRD_THOOKFXN
1180a3d4   _KNL_tick
1180a400   _MEM_free
1180a5e0   _EXC_dispatch
1180a7a4   _EXC_setReturnPtr
1180a7c0   PIP_F_take
1180a838   PIP_F_give
1180a838   PIP_F_probe
1180a908   PIP_F_start
1180a9a0   _SEM_pendEnterKnl
1180ab80   __SEM_dopost
1180ad20   _TSK_setup
1180aec0   CLK_F_getltime
1180aed0   CLK_F_isr
1180b010   CLK_F_itime
1180b010   _CLK_F_itime
1180b010   _CLK_itime
1180b030   __CLK_lat1beg
1180b050   __CLK_lat1end
1180b060   _KNL_saveIsrFrame
1180b10c   _KNL_switch
1180b1b8   KNL_glue
1180b1e0   __auto_init
1180b320   _TSK_exit
1180b460   _BCACHE_setSize
1180b4a4   _BCACHE_setMar
1180b4f4   _BCACHE_setCacheToSram
1180b524   _BCACHE_getSize
1180b574   _BCACHE_getMar
1180b608   _GBL_cacheInit64P
1180b6c0   _KNL_check
1180b70c   __KNL_lat1beg
1180b788   _KNL_idle
1180b788   __KNL_lat1end
1180b7b0   _KNL_max
1180b884   _TSK_startup
1180b900   _SEM_post
1180b900   _SEM_postBinary
1180b9e0   _KNL_exit
1180ba20   _KNL_enter
1180baa0   _SEM_postEnterKnl
1180bb40   _SYS_exit
1180bbe0   _KNL_ipost
1180bc60   _KNL_post
1180bce0   _LCK_post
1180bd00   _LCK_pend
1180bd60   LOG_F_event
1180bd60   _LOG_event
1180bd60   __LOG_lat1beg
1180bde0   IDL_F_calibrate
1180be60   _SYS_error
1180bec0   FXN_F_nop
1180bec4   FXN_F_run
1180bec4   _FXN_F_run
1180bf00   FXN_F_zero
1180bf00   _FXN_F_zero
1180bf20   _HWI_disable
1180bf38   _HWI_enable
1180bf4c   _HWI_restore
1180bf80   IDL_F_busy
1180bf80   __IDL_lat1beg
1180bfc0   __IDL_lat1end
1180bfe0   _SEM_pend
1180c040   STS_F_delta
1180c040   _STS_delta
1180c06c   STS_F_add
1180c06c   _STS_add
1180c088   STS_F_reset
1180c088   _STS_reset
1180c0a0   _SYS_abort
1180c100   _CLK_measure
1180c160   IDL_CALIBRFXN
1180c160   IDL_F_stub
1180c1a0   RTA_F_andn
1180c1b8   RTA_F_or
1180c1e0   SYS_ABORTFXN
1180c1e0   _UTL_doAbort
1180c220   SYS_PUTCFXN
1180c220   _UTL_doPutc
1180c260   GBL_USERINITFXN
1180c260   GIO_CREATEFXN
1180c260   GIO_DELETEFXN
1180c260   GIO_PENDFXN
1180c260   GIO_POSTFXN
1180c260   PWRM_PWRM_SHAREDRESOURCEFXN
1180c260   PWRM_PWRM_SLOTHOOKFXN
1180c260   TSK_VCREATEFXN
1180c260   TSK_VDELETEFXN
1180c260   TSK_VEXITFXN
1180c260   _BCACHE_bootInit
1180c260   _FXN_F_nop
1180c280   _GBL_getVersion
1180c2a0   IDL_F_loop
1180c2a0   _IDL_loop
1180c2c0   _STS_set
1180c2e0   SYS_ERRORFXN
1180c2e0   _UTL_doError
1180c300   SYS_EXITFXN
1180c300   _UTL_halt
1180c320   CLK_F_gethtime
1180c320   CLK_TIMEFXN
1180c320   _CLK_gethtime
1180c340   IRAM$B
1180c340   _IRAM_base
1180e340   ___cinit__
1180e340   cinit
1180f7a0   TSK_idle
1180f7a0   _TSK_idle
1180f7f4   ___pinit__
1180f7f4   pinit
1180f800   LOG_system$buf
11810000   trace$buf
11811000   _HSRTDX_rec
118112a0   _RTDX_Buffer_WriteCB
11811760   _HSRTDX_xmt
11811a60   _RTDX_Mon_Queue
11811cc0   _RTDX_Poll
11811d60   _RTDX_Final_RT_Monitor
11811de0   _RTDX_Buffer_Initialize
11811e40   _RTDX_Init_RT_Monitor
11811ea0   _RTDX_Buffer_ReadCB
11811ee0   _RTDX_Buffer_Size
11811f20   _RTDX_memfill
11811f60   _RTDX_Buffer_Read
11811f80   _RTDX_Buffer_Write
11811fa0   _RTDX_Mask_IER
11811fc0   _b_fir
118120c0   _cab
11812138   _aLow
11812148   _bLow
11812158   _aMid
11812168   _bMid
11812178   _aPres
11812188   _bPres
11812198   _aHigh
118121a8   _bHigh
118121b8   _sine
11812240   _eqSignal
118122b8   _fftSignal
11812330   _buffer
118123a8   _wLow
118123b8   _wMid
118123c8   _wPres
118123d8   _wHigh
118123e4   _low
11812454   _mid
118124c4   _pres
11812534   _high
118125a4   _CLK_inputClock
118125a8   __ftable
11812788   __tmpnams
118128c8   __ft_end
118128d0   ___atexit_func_id__
11812b74   _dtors
11812b78   _KNL_queues
11812c18   _KNL_dummy
11812c50   _TSK_ATTRS
11812c6c   _TSK_config
11812c8c   _TSK_timerSem
11812cb0   _OBJ_table
11812ce8   _OBJ_segtab
11812d04   __TSK_mutex
11812d2c   __MEM_mutex
11812d58   _SYS_exitStack
11812d90   _EXC_status
11812dcc   __cleanup_ptr
11812dd0   __dtors_ptr
11812dd4   ___TI_enable_exit_profile_output
11812dd8   __lock
11812ddc   __unlock
11812de8   RTA_fromHost$buf
11812df8   CLK_A_TABBEG
11812df8   PRD_clock
11812df8   _PRD_clock
11812dfc   CLK_null
11812e00   BIOS_init
11812e00   _BIOS_init
11812f84   BIOS$$CLKON
11812fc4   BIOS$$CLKOFF
11813030   BIOS_start
11813030   _BIOS_start
11813180   _c_int00
11813240   _MEM_init
11813300   _TSK_init
11813360   PRD0
11813360   PRD_A_TABBEG
11813360   _PRD0
1181337c   PRD0$aaa
11813380   PRD_A_TABEND
11813400   _RTDX_Buffer
11813808   _RTDX_Buffer_Start
1181380c   _RTDX_Buffer_End
11813810   _rtdx_mon_state
11813854   _rtdx_buffer_state
11813860   _RTDX_writing
11813a10   __ctypes_
11813b18   _bitval_u32
11813cad   PRD0$sts$maxfmt
11813cb0   TSK_idle$stack
11813cb6   PRD0$sts$sumfmt
11813cbf   PRD0$sts$avgfmt
11813cca   PRD_swi$sts$maxfmt
11813cd2   PRD_swi$sts$sumfmt
11813cda   PRD_swi$sts$avgfmt
11813ce4   KNL_swi$sts$maxfmt
11813cec   KNL_swi$sts$sumfmt
11813cf4   KNL_swi$sts$avgfmt
11813cfe   TSK_idle$sts$maxfmt
11813d06   TSK_idle$sts$sumfmt
11813d0e   TSK_idle$sts$avgfmt
11813d18   IDL_busyObj$maxfmt
11813d1b   IDL_busyObj$sumfmt
11813d1e   IDL_busyObj$avgfmt
11814048   TSK_idle$stkptr
118140b0   GBL_stackbeg
118140b0   _HWI_STKTOP
118140b0   __stack
118144a8   _HWI_STKBOTTOM
118144af   GBL_stackend
118144b0   $bss
118144b0   .bss
118144b0   _HWI_dispatchTab
118144b0   __STACK_END
118144b0   ___bss__
118145b0   IDL_D_tabbeg
118145b4   IDL_D_calibrate
118145b8   IDL_D_calbeg
118145bc   LOG_D_system
118145bc   _LOG_D_system
118145c0   PIP_D_tabbeg
118145c4   PIP_D_tablen
118145c8   CLK_R_time
118145cc   CLK_D_timefxn
118145d0   CLK_D_tabbeg
118145d4   CLK_D_isrhook
118145d8   CLK_D_idletime
118145dc   _CLK_htimeDiv
118145e0   _CLK_htimeMult
118145e4   _CLK_ltimeDiv
118145e8   _CLK_ltimeMult
118145ec   _CLK_D_dirty
118145f0   _CLK_D_prd
118145f4   _CLK_D_tddr
118145f8   _CLK_D_countspms
118145fc   PRD_D_tick
118145fc   _PRD_D_tick
11814600   PRD_D_cur
11814604   PRD_D_elapsed
11814608   PRD_D_prevtim
1181460c   PRD_D_scalar
11814610   PRD_D_swihandle
11814614   PRD_D_tabbeg
11814618   PRD_D_tablen
1181461c   PRD_D_thook
11814620   RTA_D_fromHost
11814624   RTA_D_toHost
11814628   RTA_D_logval
11814638   RTA_D_stsval
11814644   HST_D_chanmask
11814648   HST_D_tabbeg
1181464c   HST_D_tabend
11814650   _GBL_procId
11814654   _GBL_clkIn
11814658   _GBL_freq
1181465c   _MEM_D_NUMSEGMENTS
11814660   _MEM_D_memtab
11814664   _MEM_D_freelist
11814668   _MEM_D_lockaddr
1181466c   _MEM_D_unlockaddr
11814670   _SYS
11814674   __HOOK_knlId
11814678   __HOOK_NUMHOOKS
1181467c   SWI_D_runaddr
1181467c   _SWI_D_runaddr
1181467c   _SWI_data
11814680   SWI_D_execaddr
11814680   _SWI_D_execaddr
11814684   SWI_D_curmask
11814684   _SWI_D_curmask
11814688   SWI_D_curset
11814688   _SWI_D_curset
1181468c   SWI_D_lock
1181468c   _SWI_D_lock
11814690   SWI_D_curmbox
11814694   SWI_D_curfxn
11814694   _SWI_D_curfxn
11814698   SWI_D_rdybeg
11814698   _SWI_D_rdybeg
1181469c   SWI_D_inswi
1181469c   _SWI_D_inswi
118146a0   SWI_D_rdytab
11814718   _KNL_wFlag
1181471c   _KNL_wList
11814720   _KNL_alarm
11814724   _KNL_setpri
11814728   _KNL_inactive
1181472c   _KNL_priority
11814730   _KNL_set
11814734   _KNL_curtask
11814738   _KNL_prevtask
1181473c   _KNL_curtime
11814740   _KNL_swiptr
11814744   _KNL_curqueue
11814748   _KNL_maxqueue
1181474c   _KNL_tswitchfxn
11814750   _KNL_tcreatefxn
11814754   _KNL_tdeletefxn
11814758   _KNL_treadyfxn
1181475c   _KNL_idlefxn
11814760   _MEM_memtab
1181476c   HST_DSMBUFSEG
1181476c   IRAM
1181476c   MEM_MALLOCSEG
1181476c   MEM_SEGZERO
1181476c   RTDX_DATAMEMSEG
1181476c   _IRAM
1181476c   _SEG0
11814770   RTA_fromHost$pipe$dtab
1181477c   RTA_toHost$pipe$dtab
11814788   _EXC_sysTrapTable
11814790   _EXC_returnPtr
118147a8   HWI_D_spsave
118147a8   _HWI_D_spsave
118147a8   _HWI_data
118147b4   _HWI_D_inhwi
118147b8   HWI_D_bss
118147bc   HWI_D_ccmask
118147c0   LNK_dspFrameRequestMask
118147c0   _LNK_dspFrameRequestMask
118147c4   LNK_dspFrameReadyMask
118147c4   _LNK_dspFrameReadyMask
118147c8   LNK_readPend
118147c8   _LNK_readPend
118147cc   LNK_readDone
118147cc   _LNK_readDone
118147d0   LNK_readFail
118147d0   _LNK_readFail
118147d4   LNK_writeFail
118147d4   _LNK_writeFail
118147d8   _EXC_exceptionHook
118147dc   _EXC_internalHook
118147e0   _EXC_externalHook
118147e4   _EXC_nmiHook
118147f0   _rtdxNullChanCnt
118147f4   _rtdxNullFuncCnt
118147f8   _rtdxXmtNotDoneCnt
118147fc   _rtdxRecNotDoneCnt
11814800   _rtdxXmtRestartCnt
11814804   _rtdxXmtErrorCnt
11814808   _TSK_nTasks
1181480c   _TSK_pid
11814810   _TSK
11814814   _mask
11814816   _eqBypass
11814817   _lowCut
11814818   _midCut
11814819   _presCut
1181481a   _highCut
1181481b   _dist
1181481c   _writeIndex
11814820   _CLK_DFLTMICROSECS
11814824   _CLK_D_microseconds
11814828   _SYS_exitStackPtr
1181482c   _SYS_exitStackTop
11814830   _CLK_htimePerLtime
11814834   IDL_D_busyObj
11814838   _MEM
11814844   _SYS_PUTCBEG
11814844   ___end__
11814844   end
11814a43   _SYS_PUTCEND
11814a48   __CIOBUF_
11814b68   PRD_SWIHANDLE
11814b68   PRD_swi
11814b68   SWI_A_TABBEG
11814b68   _PRD_swi
11814b94   KNL_swi
11814b94   _KNL_swi
11814bc0   HST_A_TABBEG
11814bc0   SWI_A_TABEND
11814bc0   _HST_A_TABBEG
11814bc4   RTA_fromHost
11814bc4   _RTA_fromHost
11814bcc   RTA_fromHost$rtdx
11814be0   RTA_toHost
11814be0   _RTA_toHost
11814be8   RTA_toHost$rtdx
11814bfc   HST_A_TABEND
11814bfc   _HST_A_TABEND
11814c00   HWI_A_VECS
11814c00   hwi0
11814c20   hwi1
11814c40   hwi2
11814c60   hwi3
11814c80   hwi4
11814ca0   hwi5
11814cc0   hwi6
11814ce0   hwi7
11814d00   hwi8
11814d20   hwi9
11814d40   hwi10
11814d60   hwi11
11814d80   hwi12
11814da0   hwi13
11814dc0   hwi14
11814de0   hwi15
11814e00   RTA_toHost$buf
11814f00   PIP_A_TABBEG
11814f00   RTA_fromHost$pipe
11814f00   _PIP_A_TABBEG
11814f04   RTA_fromHost$pipe$rd
11814f30   RTA_fromHost$pipe$aaa
11814f34   RTA_fromHost$pipe$wr
11814f60   RTA_fromHost$pipe$bbb
11814f64   RTA_toHost$pipe
11814f68   RTA_toHost$pipe$rd
11814f94   RTA_toHost$pipe$aaa
11814f98   RTA_toHost$pipe$wr
11814fc4   RTA_toHost$pipe$bbb
11814fc8   PIP_A_TABEND
11814fc8   PRD0$sts$stsobj
11814fc8   STS_A_TABBEG
11814fc8   _PIP_A_TABEND
11814fc8   _STS_A_TABBEG
11814fcc   PRD0$sts
11814fd8   PRD_swi$sts$stsobj
11814fdc   PRD_swi$sts
11814fe8   KNL_swi$sts$stsobj
11814fec   KNL_swi$sts
11814ff8   TSK_idle$sts$stsobj
11814ffc   TSK_idle$sts
11815008   IDL_busyObj$stsobj
1181500c   IDL_busyObj
1181500c   _IDL_busyObj
11815018   STS_A_TABEND
11815018   _STS_A_TABEND
118150a8   LOG_A_TABBEG
118150a8   LOG_system
118150a8   _LOG_A_TABBEG
118150a8   _LOG_system
118150c0   _trace
118150c0   trace
118150d8   IDL_A_TABBEG
118150d8   IDL_cpuLoad
118150d8   LOG_A_TABEND
118150d8   _IDL_cpuLoad
118150d8   _LOG_A_TABEND
118150dc   LNK_dataPump
118150dc   _LNK_dataPump
118150e0   RTA_dispatcher
118150e0   _RTA_dispatcher
118150e4   IDL_END
118150e8   IDL_A_CALBEG
118150e8   IDL_cpuLoad$
118150ec   LNK_dataPump$
118150f0   RTA_dispatcher$
118150f4   IDL_END$
118150f8   SYS$config
11815108   TRC_cinit
1181510c   TRC_R_mask
1181510c   _TRC_R_mask
11815110   GBL_initdone
28040d0c   HWI_INTRMUX3
ffffffff   CACHE_L1D
ffffffff   CACHE_L1P
ffffffff   DDR
ffffffff   ECM_EVTMASK0
ffffffff   ECM_EVTMASK1
ffffffff   ECM_EVTMASK2
ffffffff   ECM_EVTMASK3
ffffffff   GBL_L2MAR192_223
ffffffff   L3_CBA_RAM
ffffffff   _CACHE_L1D
ffffffff   _CACHE_L1P
ffffffff   _DDR
ffffffff   _L3_CBA_RAM
ffffffff   ___TI_pprof_out_hndl
ffffffff   ___TI_prof_data_size
ffffffff   ___TI_prof_data_start
ffffffff   ___binit__
ffffffff   ___c_args__
ffffffff   binit

[1160 symbols]
