******************************************************************************
               TMS320C6x Linker PC v7.4.18                     
******************************************************************************
>> Linked Thu Jun 11 15:06:36 2020

OUTPUT FILE NAME:   <GuitarAmpGitVersion.out>
ENTRY POINT SYMBOL: "_c_int00"  address: 11814c00


MEMORY CONFIGURATION

         name            origin    length      used     unused   attr    fill
----------------------  --------  ---------  --------  --------  ----  --------
  IRAM                  11800000   00040000  0001939d  00026c63  RWIX
  CACHE_L1P             11e00000   00008000  00000000  00008000  RWIX
  CACHE_L1D             11f00000   00008000  00000000  00008000  RWIX
  L3_CBA_RAM            80000000   00020000  00000000  00020000  RWIX
  DDR                   c3000000   01000000  00000000  01000000  RWIX


SECTION ALLOCATION MAP

 output                                  attributes/
section   page    origin      length       input sections
--------  ----  ----------  ----------   ----------------
.vers      0    00000000    0000003c     COPY SECTION
                  00000000    0000003c     hellocfg.obj (.vers)

.data      0    11800000    00000000     UNINITIALIZED

.text      0    11800000    00007ba0     
                  11800000    00000c20     evmc6748_bsl.lib : evmc6748.obj (.text)
                  11800c20    00000620     framework.obj (.text)
                  11801240    000005a0     rts6740.lib : divd.obj (.text:__divd)
                  118017e0    00000580                 : _printfi.obj (.text:__getarg_diouxp)
                  11801d60    00000520                 : _printfi.obj (.text:__setfield)
                  11802280    000004e0     evmc6748_bsl.lib : evmc6748_i2c_gpio.obj (.text)
                  11802760    00000440     rts6740.lib : _printfi.obj (.text:__printfi)
                  11802ba0    000003a0                 : fputs.obj (.text:_fputs)
                  11802f40    00000380     evmc6748_bsl.lib : evmc6748_gpio.obj (.text)
                  118032c0    00000380                      : evmc6748_i2c.obj (.text)
                  11803640    00000320     rts6740.lib : _printfi.obj (.text:__pproc_fge)
                  11803960    000002c0                 : _printfi.obj (.text:__pproc_fwp)
                  11803c20    000002a0                 : _printfi.obj (.text:_ecvt)
                  11803ec0    000002a0                 : _printfi.obj (.text:_fcvt)
                  11804160    00000260                 : imath64.obj (.text:__divull)
                  118043c0    00000260                 : _printfi.obj (.text:__pconv_e)
                  11804620    00000260     hello.obj (.text)
                  11804880    00000240     rts6740.lib : _printfi.obj (.text:__pproc_diouxp)
                  11804ac0    00000220                 : _printfi.obj (.text:__pproc_str)
                  11804ce0    00000220                 : fputc.obj (.text:_fputc)
                  11804f00    00000200                 : _printfi.obj (.text:__pconv_g)
                  11805100    00000200                 : setvbuf.obj (.text:_setvbuf)
                  11805300    000001e0     evmc6748_bsl.lib : evmc6748_led.obj (.text)
                  118054e0    000001c0     rts6740.lib : _printfi.obj (.text:__mcpy)
                  118056a0    000001a0                 : imath40.obj (.text:__divul)
                  11805840    00000180                 : trgdrv.obj (.text:_HOSTrename)
                  118059c0    00000160     evmc6748_bsl.lib : evmc6748_dip.obj (.text)
                  11805b20    00000140     rts6740.lib : _printfi.obj (.text:__pproc_fflags)
                  11805c60    00000140                 : lowlev.obj (.text:_getdevice)
                  11805da0    00000120                 : fclose.obj (.text:__closefile)
                  11805ec0    00000120                 : _printfi.obj (.text:__ltostr)
                  11805fe0    00000120                 : fseek.obj (.text:_fseek)
                  11806100    00000100                 : trgdrv.obj (.text:_HOSTlseek)
                  11806200    00000100                 : _io_perm.obj (.text:__wrt_ok)
                  11806300    00000100                 : sinit.obj (.text:_call_dtors)
                  11806400    000000e0                 : trgdrv.obj (.text:_HOSTopen)
                  118064e0    000000e0                 : trgdrv.obj (.text:_HOSTread)
                  118065c0    000000e0                 : atoi.obj (.text:_atoi)
                  118066a0    000000e0                 : lowlev.obj (.text:_close)
                  11806780    000000e0                 : memset.obj (.text:_memset)
                  11806860    000000e0                 : printf.obj (.text:_printf)
                  11806940    000000c0                 : trgdrv.obj (.text:_HOSTunlink)
                  11806a00    000000c0                 : trgdrv.obj (.text:_HOSTwrite)
                  11806ac0    000000c0                 : _printfi.obj (.text:__div)
                  11806b80    000000c0                 : divu.obj (.text:__divu)
                  11806c40    000000c0                 : fflush.obj (.text:__doflush)
                  11806d00    000000c0                 : atexit.obj (.text:_atexit)
                  11806dc0    000000c0                 : ltoa.obj (.text:_ltoa)
                  11806e80    000000c0     bios.a674 : tsk_stup.o674 (.text)
                  11806f40    000000a0     rts6740.lib : trgdrv.obj (.text:_HOSTclose)
                  11806fe0    000000a0                 : fopen.obj (.text:__cleanup)
                  11807080    000000a0                 : imath40.obj (.text:__divli)
                  11807120    000000a0                 : _printfi.obj (.text:__ecpy)
                  118071c0    000000a0                 : _printfi.obj (.text:__fcpy)
                  11807260    000000a0                 : fixdli.obj (.text:__fixdli)
                  11807300    000000a0                 : _printfi.obj (.text:__pconv_f)
                  118073a0    000000a0                 : lowlev.obj (.text:_finddevice)
                  11807440    000000a0                 : lowlev.obj (.text:_lseek)
                  118074e0    000000a0                 : memcpy64.obj (.text:_memcpy)
                  11807580    000000a0                 : lowlev.obj (.text:_write)
                  11807620    00000080                 : fltlid.obj (.text:__fltlid)
                  118076a0    00000080                 : llshift.obj (.text:__llshl)
                  11807720    00000080                 : trgmsg.obj (.text:_readmsg)
                  118077a0    00000080                 : lowlev.obj (.text:_unlink)
                  11807820    00000060                 : imath64.obj (.text:__subcull)
                  11807880    00000060                 : memccpy.obj (.text:_memccpy)
                  118078e0    00000060                 : trgmsg.obj (.text:_writemsg)
                  11807940    00000040                 : sinit.obj (.text:___add_dtor)
                  11807980    00000040                 : isinf.obj (.text:___isinf)
                  118079c0    00000040                 : _printfi.obj (.text:___isnan)
                  11807a00    00000040                 : frcmpyd_div.obj (.text:__frcmpyd_div)
                  11807a40    00000040                 : llshift.obj (.text:__llshru)
                  11807a80    00000040                 : imath40.obj (.text:__remli)
                  11807ac0    00000020                 : negll.obj (.text:__negll)
                  11807ae0    00000020                 : _lock.obj (.text:__nop)
                  11807b00    00000020                 : printf.obj (.text:__outc)
                  11807b20    00000020                 : printf.obj (.text:__outs)
                  11807b40    00000020                 : _lock.obj (.text:__register_lock)
                  11807b60    00000020                 : _lock.obj (.text:__register_unlock)
                  11807b80    00000020                 : remove.obj (.text:_remove)

.bios      0    11807ba0    000042e0     
                  11807ba0    000005c0     lnkrtdx.a674 : rtdx.o674 (.bios)
                  11808160    00000580     bios.a674 : exc.o674 (.bios)
                  118086e0    000004e0               : hwi_disp_asm.o674 (.bios)
                  11808bc0    000004c0               : swi.o674 (.bios)
                  11809080    00000380               : prd.o674 (.bios)
                  11809400    00000280               : malloc.o674 (.bios)
                  11809680    00000280               : rta.o674 (.bios)
                  11809900    00000240               : knl_run.o674 (.bios)
                  11809b40    00000200               : mem_allo.o674 (.bios:.near)
                  11809d40    00000200               : knl_tick.o674 (.bios)
                  11809f40    000001e0               : mem_free.o674 (.bios:.near)
                  1180a120    000001e0               : exc_asm.o674 (.bios)
                  1180a300    000001e0               : pip.o674 (.bios)
                  1180a4e0    000001e0               : sem_pend.o674 (.bios)
                  1180a6c0    000001a0               : sem_dopo.o674 (.bios)
                  1180a860    000001a0               : tsk_setu.o674 (.bios)
                  1180aa00    000001a0     bios6748.a674 : clk.o674 (.bios)
                  1180aba0    00000180     bios.a674 : knl_swit.o674 (.bios)
                  1180ad20    00000140               : autoinit.o674 (.bios)
                  1180ae60    00000140               : tsk_exit.o674 (.bios)
                  1180afa0    00000140     bios6748.a674 : bcache_init.o674 (.bios)
                  1180b0e0    00000120     bios.a674 : gbl_cacheinit64P.o674 (.bios)
                  1180b200    00000120               : knl_chec.o674 (.bios)
                  1180b320    00000120               : tsk_stup.o674 (.bios)
                  1180b440    000000e0               : sem_post_asm.o674 (.bios)
                  1180b520    000000c0               : knl_exit.o674 (.bios)
                  1180b5e0    000000a0               : sem_post.o674 (.bios)
                  1180b680    000000a0               : sys_exit.o674 (.bios)
                  1180b720    00000080               : knl_ipos.o674 (.bios)
                  1180b7a0    00000080               : knl_post.o674 (.bios)
                  1180b820    00000080               : lck.o674 (.bios)
                  1180b8a0    00000080               : log.o674 (.bios)
                  1180b920    00000080     bios6748.a674 : idl_cal.o674 (.bios)
                  1180b9a0    00000060     bios.a674 : sys_erro.o674 (.bios:.near)
                  1180ba00    00000060               : fxn.o674 (.bios)
                  1180ba60    00000060               : hwi_c.o674 (.bios)
                  1180bac0    00000060               : idl_busy.o674 (.bios)
                  1180bb20    00000060               : sem_pend_counting.o674 (.bios)
                  1180bb80    00000060               : sts.o674 (.bios)
                  1180bbe0    00000060               : sys_abor.o674 (.bios)
                  1180bc40    00000060     bios6748.a674 : clk_meas.o674 (.bios)
                  1180bca0    00000040     bios.a674 : idl_stub.o674 (.bios)
                  1180bce0    00000040               : rta_andn.o674 (.bios)
                  1180bd20    00000040               : utl_doab.o674 (.bios)
                  1180bd60    00000040               : utl_putc.o674 (.bios)
                  1180bda0    00000020               : fxn_c.o674 (.bios)
                  1180bdc0    00000020               : gbl_vers.o674 (.bios)
                  1180bde0    00000020               : idl.o674 (.bios)
                  1180be00    00000020               : sts_set.o674 (.bios)
                  1180be20    00000020               : utl_doer.o674 (.bios)
                  1180be40    00000020               : utl_halt.o674 (.bios)
                  1180be60    00000020     bios6748.a674 : clk_gethtime.o674 (.bios)

.far       0    1180be80    00003888     UNINITIALIZED
                  1180be80    00003054     hello.obj (.far)
                  1180eed4    00000004     bios6748.a674 : clk_data.o674 (.far)
                  1180eed8    00000324     rts6740.lib : defs.obj (.far)
                  1180f1fc    00000004                 : fopen.obj (.far)
                  1180f200    00000188                 : atexit.obj (.far)
                  1180f388    0000011c                 : lowlev.obj (.far)
                  1180f4a4    00000004                 : sinit.obj (.far)
                  1180f4a8    000000d8     bios.a674 : knl.o674 (.far)
                  1180f580    0000005c               : tsk.o674 (.far)
                  1180f5dc    00000004     --HOLE--
                  1180f5e0    00000054               : obj_init.o674 (.far)
                  1180f634    00000050               : tsk_stup.o674 (.far)
                  1180f684    00000004     --HOLE--
                  1180f688    00000020               : sys.o674 (.far)
                  1180f6a8    00000018     rtdx64xplus.lib : rtdx_mon.o64P (.far)
                  1180f6c0    00000010     bios.a674 : exc.o674 (.far)
                  1180f6d0    00000010               : knl_tick.o674 (.far)
                  1180f6e0    0000000c               : utl_putc.o674 (.far)
                  1180f6ec    0000000c     rts6740.lib : exit.obj (.far)
                  1180f6f8    00000008                 : _lock.obj (.far)
                  1180f700    00000008                 : trgdrv.obj (.far)

.cinit     0    1180f708    0000315c     
                  1180f708    000020e4     hello.obj (.cinit)
                  118117ec    00000004     --HOLE-- [fill = 0]
                  118117f0    000006c4     hellocfg.obj (.cinit)
                  11811eb4    00000004     --HOLE-- [fill = 0]
                  11811eb8    0000026c     bios.a674 : biosdata.o674 (.cinit)
                  11812124    00000004     --HOLE-- [fill = 0]
                  11812128    000001a4               : knl.o674 (.cinit)
                  118122cc    00000004     --HOLE-- [fill = 0]
                  118122d0    000000b0               : swi.o674 (.cinit)
                  11812380    00000080               : tsk.o674 (.cinit)
                  11812400    00000068     rtdx64xplus.lib : rtdx_mon.o64P (.cinit)
                  11812468    00000060     bios.a674 : tsk_stup.o674 (.cinit)
                  118124c8    0000005c     lnkrtdx.a674 : rtdx.o674 (.cinit)
                  11812524    00000004     --HOLE-- [fill = 0]
                  11812528    0000005c     rts6740.lib : defs.obj (.cinit)
                  11812584    00000004     --HOLE-- [fill = 0]
                  11812588    0000005c                 : lowlev.obj (.cinit)
                  118125e4    00000004     --HOLE-- [fill = 0]
                  118125e8    0000004c     bios.a674 : rta.o674 (.cinit)
                  11812634    00000004     --HOLE-- [fill = 0]
                  11812638    0000004c     rtdx64xplus.lib : buffer1.o64P (.cinit)
                  11812684    00000004     --HOLE-- [fill = 0]
                  11812688    0000003c     bios.a674 : exc.o674 (.cinit)
                  118126c4    00000004     --HOLE-- [fill = 0]
                  118126c8    00000034               : hwi.o674 (.cinit)
                  118126fc    00000004     --HOLE-- [fill = 0]
                  11812700    0000002c               : utl_putc.o674 (.cinit)
                  1181272c    00000004     --HOLE-- [fill = 0]
                  11812730    0000002c     rts6740.lib : exit.obj (.cinit)
                  1181275c    00000004     --HOLE-- [fill = 0]
                  11812760    00000024     bios.a674 : obj_init.o674 (.cinit)
                  11812784    00000004     --HOLE-- [fill = 0]
                  11812788    0000001c               : exc_asm.o674 (.cinit)
                  118127a4    00000004     --HOLE-- [fill = 0]
                  118127a8    0000001c               : sys.o674 (.cinit)
                  118127c4    00000004     --HOLE-- [fill = 0]
                  118127c8    0000001c     rts6740.lib : _lock.obj (.cinit)
                  118127e4    00000004     --HOLE-- [fill = 0]
                  118127e8    0000001c                 : atexit.obj (.cinit)
                  11812804    00000004     --HOLE-- [fill = 0]
                  11812808    00000018     bios.a674 : knl_tick.o674 (.cinit)
                  11812820    0000000c               : idl_busy.o674 (.cinit)
                  1181282c    00000004     --HOLE-- [fill = 0]
                  11812830    0000000c               : knl_swit.o674 (.cinit)
                  1181283c    00000004     --HOLE-- [fill = 0]
                  11812840    0000000c     rts6740.lib : fopen.obj (.cinit)
                  1181284c    00000004     --HOLE-- [fill = 0]
                  11812850    0000000c                 : sinit.obj (.cinit)
                  1181285c    00000004     --HOLE-- [fill = 0]
                  11812860    00000004     (.pad.cinit) [fill = 0]

.IRAM$heap 
*          0    11812864    00002000     UNINITIALIZED
                  11812864    00002000     --HOLE--

.hst1      0    11814864    00000010     UNINITIALIZED
                  11814864    00000010     hellocfg.obj (.hst1)

.pinit     0    11814874    0000000c     
                  11814874    00000004     rtdx64xplus.lib : buffer1.o64P (.pinit)
                  11814878    00000004                     : rtdx_mon.o64P (.pinit)
                  1181487c    00000004     --HOLE-- [fill = 0]

.sysinit   0    11814880    00000560     
                  11814880    00000380     hellocfg.obj (.sysinit)
                  11814c00    000000c0     bios.a674 : boot.o674 (.sysinit)
                  11814cc0    000000c0               : mem_init.o674 (.sysinit)
                  11814d80    00000060               : tsk_init.o674 (.sysinit)

.trace     0    11814de0    00000200     
                  11814de0    00000200     --HOLE-- [fill = 00000000]

.prd       0    11814fe0    00000020     UNINITIALIZED
                  11814fe0    00000020     hellocfg.obj (.prd)

.trace$buf 
*          0    11815000    00001000     UNINITIALIZED
                  11815000    00001000     hellocfg.obj (.trace$buf)

.rtdx_text 
*          0    11816000    00000fc0     
                  11816000    000002a0     rtdx64xplus.lib : rtdx_mon.o64P (.rtdx_text:_HSRTDX_rec)
                  118162a0    00000260                     : buffer1.o64P (.rtdx_text:_RTDX_Buffer_WriteCB)
                  11816500    00000260                     : buffer1.o64P (.rtdx_text:_RTDX_write_next)
                  11816760    000001a0                     : rtdx_mon.o64P (.rtdx_text:_HSRTDX_xmt)
                  11816900    00000160                     : rtdx_mon.o64P (.rtdx_text:_RTDX_Send_To_Host)
                  11816a60    000000e0                     : rtdx_mon.o64P (.rtdx_text:_RTDX_Mon_Queue)
                  11816b40    000000e0                     : buffer1.o64P (.rtdx_text:_claim)
                  11816c20    000000a0                     : rtdx_mon.o64P (.rtdx_text:_RTDX_GetH2THeader)
                  11816cc0    000000a0                     : rtdx_mon.o64P (.rtdx_text:_RTDX_Poll)
                  11816d60    00000080                     : rtdx_mon.o64P (.rtdx_text:_RTDX_Final_RT_Monitor)
                  11816de0    00000060                     : buffer1.o64P (.rtdx_text:_RTDX_Buffer_Initialize)
                  11816e40    00000060                     : rtdx_mon.o64P (.rtdx_text:_RTDX_Init_RT_Monitor)
                  11816ea0    00000040                     : buffer2.o64P (.rtdx_text:_RTDX_Buffer_ReadCB)
                  11816ee0    00000040                     : buffer1.o64P (.rtdx_text:_RTDX_Buffer_Size)
                  11816f20    00000040                     : memfill.o64P (.rtdx_text:_RTDX_memfill)
                  11816f60    00000020                     : buffer2.o64P (.rtdx_text:_RTDX_Buffer_Read)
                  11816f80    00000020                     : buffer1.o64P (.rtdx_text:_RTDX_Buffer_Write)
                  11816fa0    00000020                     : intr_tgt.o64P (.rtdx_text)

.hst       0    11816fc0    0000003c     UNINITIALIZED
                  11816fc0    0000003c     hellocfg.obj (.hst)

.args      0    11816ffc    00000004     
                  11816ffc    00000004     --HOLE-- [fill = 0]

.LOG_system$buf 
*          0    11817000    00000800     UNINITIALIZED
                  11817000    00000800     hellocfg.obj (.LOG_system$buf)

.rtdx_data 
*          0    11817800    000004f4     UNINITIALIZED
                  11817800    00000080     --HOLE--
                  11817880    00000410     hellocfg.obj (.rtdx_data)
                  11817c90    00000044     rtdx64xplus.lib : rtdx_mon.o64P (.rtdx_data)
                  11817cd4    00000020                     : buffer1.o64P (.rtdx_data)

.mem       0    11817cf4    00000004     UNINITIALIZED
                  11817cf4    00000004     hellocfg.obj (.mem)

.const     0    11817cf8    00000419     
                  11817cf8    00000193     bios.a674 : exc.o674 (.const:.string)
                  11817e8b    00000004               : mem_allo.o674 (.const:.string)
                  11817e8f    00000001     --HOLE-- [fill = 0]
                  11817e90    00000101     rts6740.lib : ctype.obj (.const:.string:__ctypes_)
                  11817f91    00000004     bios.a674 : mem_free.o674 (.const:.string)
                  11817f95    00000002     rts6740.lib : fputs.obj (.const:.string)
                  11817f97    00000001     --HOLE-- [fill = 0]
                  11817f98    00000080     evmc6748_bsl.lib : evmc6748.obj (.const:_bitval_u32)
                  11818018    0000004e     bios.a674 : tsk_stup.o674 (.const:.string)
                  11818066    00000002     --HOLE-- [fill = 0]
                  11818068    00000040     evmc6748_bsl.lib : evmc6748.obj (.const:.string)
                  118180a8    00000023     bios.a674 : utl_doab.o674 (.const:.string)
                  118180cb    00000023     rts6740.lib : _printfi.obj (.const:.string)
                  118180ee    00000022     bios.a674 : utl_doer.o674 (.const:.string)
                  11818110    00000001               : tsk.o674 (.const:.string)

.printf    0    11818111    00000076     COPY SECTION
                  11818111    00000076     hellocfg.obj (.printf)

.TSK_idle$stk 
*          0    11818118    00000400     UNINITIALIZED
                  11818118    00000400     hellocfg.obj (.TSK_idle$stk)

.stack     0    11818518    00000400     UNINITIALIZED
                  11818518    00000400     --HOLE--

.bss       0    11818918    00000398     UNINITIALIZED
                  11818918    00000100     bios.a674 : hwi_disp_asm.o674 (.bss)
                  11818a18    000000cc               : biosdata.o674 (.bss)
                  11818ae4    0000009c               : swi.o674 (.bss)
                  11818b80    00000048               : knl.o674 (.bss)
                  11818bc8    00000028     hellocfg.obj (.bss)
                  11818bf0    00000020     bios.a674 : exc_asm.o674 (.bss)
                  11818c10    00000018               : hwi.o674 (.bss)
                  11818c28    00000018     lnkrtdx.a674 : rtdx.o674 (.bss)
                  11818c40    00000014     hello.obj (.bss)
                  11818c54    00000010     bios.a674 : exc.o674 (.bss)
                  11818c64    00000010     rtdx64xplus.lib : buffer1.o64P (.bss)
                  11818c74    00000010                     : rtdx_mon.o64P (.bss)
                  11818c84    0000000c     bios.a674 : tsk.o674 (.bss)
                  11818c90    00000008               : clk_data.o674 (.bss)
                  11818c98    00000008               : sys.o674 (.bss)
                  11818ca0    00000004               : clk_data2.o674 (.bss)
                  11818ca4    00000004               : idl_busy.o674 (.bss)
                  11818ca8    00000004               : mem_asm.o674 (.bss)
                  11818cac    00000004     evmc6748_bsl.lib : evmc6748_i2c.obj (.bss)

.cio       0    11818cb0    00000120     UNINITIALIZED
                  11818cb0    00000120     rts6740.lib : trgmsg.obj (.cio)

.hst0      0    11818dd0    00000100     UNINITIALIZED
                  11818dd0    00000100     hellocfg.obj (.hst0)

.pip       0    11818ed0    000000c8     UNINITIALIZED
                  11818ed0    000000c8     hellocfg.obj (.pip)

.tsk       0    11818f98    00000060     UNINITIALIZED
                  11818f98    00000060     hellocfg.obj (.tsk)

.clk       0    11818ff8    00000008     UNINITIALIZED
                  11818ff8    00000008     hellocfg.obj (.clk)

.hwi_vec   0    11819000    00000200     
                  11819000    00000200     hellocfg.obj (.hwi_vec)

.swi       0    11819200    00000058     UNINITIALIZED
                  11819200    00000058     hellocfg.obj (.swi)

.sts       0    11819258    00000050     
                  11819258    00000050     hellocfg.obj (.sts)

.gblinit   0    118192a8    0000004c     
                  118192a8    0000004c     hellocfg.obj (.gblinit)

.switch    0    118192f4    00000044     
                  118192f4    00000024     evmc6748_bsl.lib : evmc6748_gpio.obj (.switch:_getRegisterBankAndBit)
                  11819318    00000020                      : evmc6748_dip.obj (.switch:_convertDipToI2CGpio)

.log       0    11819338    00000030     
                  11819338    00000030     hellocfg.obj (.log)

.idl       0    11819368    00000010     UNINITIALIZED
                  11819368    00000010     hellocfg.obj (.idl)

.idlcal    0    11819378    00000010     UNINITIALIZED
                  11819378    00000010     hellocfg.obj (.idlcal)

.sys       0    11819388    00000010     UNINITIALIZED
                  11819388    00000010     hellocfg.obj (.sys)

.trcdata   0    11819398    0000000c     
                  11819398    0000000c     bios.a674 : trc.o674 (.trcdata)


GLOBAL SYMBOLS: SORTED ALPHABETICALLY BY Name 

address    name
--------   ----
11818918   $bss
11818918   .bss
11800000   .data
11800000   .text
11814a44   BIOS$$CLKOFF
11814a04   BIOS$$CLKON
11814880   BIOS_init
11814ab0   BIOS_start
00000000   BUF$
00000001   BUF_ENABLED
11807938   C$$IO$$
ffffffff   CACHE_L1D
ffffffff   CACHE_L1P
00000001   CLK$
11818ff8   CLK_A_TABBEG
00000001   CLK_CALDIV
00000001   CLK_CALMULT
000493e0   CLK_COUNTSPMS
00000004   CLK_COUNTSPMSHIGH
11818a40   CLK_D_idletime
11818a3c   CLK_D_isrhook
11818a38   CLK_D_tabbeg
11818a34   CLK_D_timefxn
00000001   CLK_ENABLEHTIME
1180be60   CLK_F_gethtime
1180aa00   CLK_F_getltime
1180aa10   CLK_F_isr
1180ab50   CLK_F_itime
118086e0   CLK_HOOKFXN
00000001   CLK_HTIMEDIV
00000001   CLK_HTIMEMULT
000493e0   CLK_HTIMEPERLTIME
00005dc0   CLK_INPUTCLK
00004000   CLK_INTBIT
00000001   CLK_LTIMEDIV
000493e0   CLK_LTIMEMULT
000003e8   CLK_MICROSECS
00000001   CLK_POWERENABLE
00005dc0   CLK_PRD
00000000   CLK_PRDHIGH
01c20000   CLK_REGS
00000001   CLK_RESETTIMER
11818a30   CLK_R_time
00000020   CLK_TCR
00000000   CLK_TDDR
00000000   CLK_TDDRHIGH
1180be60   CLK_TIMEFXN
00000000   CLK_TIMERNUM
00000005   CLK_TIMMODE
00000001   CLK_USETIMER
11818ffc   CLK_null
ffffffff   DDR
00000000   DEV$
00000000   DGN$
00000000   DHL$
00000000   DHL_gChannelsAvailable
00000000   DIO$
00000000   DIO_NUMSWIBASE
00000000   DIO_NUMTSKBASE
00000000   DIO_STATIC
00000000   DPI$
00000000   ECM$
00000000   ECM_ENABLE
ffffffff   ECM_EVTMASK0
ffffffff   ECM_EVTMASK1
ffffffff   ECM_EVTMASK2
ffffffff   ECM_EVTMASK3
0000000a   EVENT10
00000064   EVENT100
00000065   EVENT101
00000066   EVENT102
00000067   EVENT103
00000068   EVENT104
00000069   EVENT105
0000006a   EVENT106
0000006b   EVENT107
0000006c   EVENT108
0000006d   EVENT109
0000000b   EVENT11
0000006e   EVENT110
0000006f   EVENT111
00000070   EVENT112
00000071   EVENT113
00000072   EVENT114
00000073   EVENT115
00000074   EVENT116
00000075   EVENT117
00000076   EVENT118
00000077   EVENT119
0000000c   EVENT12
00000078   EVENT120
00000079   EVENT121
0000007a   EVENT122
0000007b   EVENT123
0000007c   EVENT124
0000007d   EVENT125
0000007e   EVENT126
0000007f   EVENT127
0000000d   EVENT13
0000000e   EVENT14
0000000f   EVENT15
00000010   EVENT16
00000011   EVENT17
00000012   EVENT18
00000013   EVENT19
00000014   EVENT20
00000015   EVENT21
00000016   EVENT22
00000017   EVENT23
00000018   EVENT24
00000019   EVENT25
0000001a   EVENT26
0000001b   EVENT27
0000001c   EVENT28
0000001d   EVENT29
0000001e   EVENT30
0000001f   EVENT31
00000020   EVENT32
00000021   EVENT33
00000022   EVENT34
00000023   EVENT35
00000024   EVENT36
00000025   EVENT37
00000026   EVENT38
00000027   EVENT39
00000004   EVENT4
00000028   EVENT40
00000029   EVENT41
0000002a   EVENT42
0000002b   EVENT43
0000002c   EVENT44
0000002d   EVENT45
0000002e   EVENT46
0000002f   EVENT47
00000030   EVENT48
00000031   EVENT49
00000005   EVENT5
00000032   EVENT50
00000033   EVENT51
00000034   EVENT52
00000035   EVENT53
00000036   EVENT54
00000037   EVENT55
00000038   EVENT56
00000039   EVENT57
0000003a   EVENT58
0000003b   EVENT59
00000006   EVENT6
0000003c   EVENT60
0000003d   EVENT61
0000003e   EVENT62
0000003f   EVENT63
00000040   EVENT64
00000041   EVENT65
00000042   EVENT66
00000043   EVENT67
00000044   EVENT68
00000045   EVENT69
00000007   EVENT7
00000046   EVENT70
00000047   EVENT71
00000048   EVENT72
00000049   EVENT73
0000004a   EVENT74
0000004b   EVENT75
0000004c   EVENT76
0000004d   EVENT77
0000004e   EVENT78
0000004f   EVENT79
00000008   EVENT8
00000050   EVENT80
00000051   EVENT81
00000052   EVENT82
00000053   EVENT83
00000054   EVENT84
00000055   EVENT85
00000056   EVENT86
00000057   EVENT87
00000058   EVENT88
00000059   EVENT89
00000009   EVENT9
0000005a   EVENT90
0000005b   EVENT91
0000005c   EVENT92
0000005d   EVENT93
0000005e   EVENT94
0000005f   EVENT95
00000060   EVENT96
00000061   EVENT97
00000062   EVENT98
00000063   EVENT99
1180ba00   FXN_F_nop
1180ba04   FXN_F_run
1180ba40   FXN_F_zero
00000001   GBL$
00005205   GBL_A_VERSION
00000000   GBL_BCACHEREADADDR0
00000000   GBL_BCACHEREADADDR1
00000000   GBL_BCACHEREADADDR2
00000000   GBL_BIGENDIAN
00000000   GBL_CACHE
00000000   GBL_CALLCSLCFGINIT
00004e20   GBL_CLKIN
00001a5b   GBL_CLKTYPE
00001a5c   GBL_DSPSUBTYPE
0000003e   GBL_DSPTYPE
00000001   GBL_ENABLEINST
00000000   GBL_ENABLE_SK
00000042   GBL_FOOTPRINT
000493e0   GBL_FREQ
00000000   GBL_GEMTRUECOMPEN
00000007   GBL_L1DMODE
00000007   GBL_L1PMODE
00000001   GBL_L2CONFIGURE
00000000   GBL_L2MAR0_31
00000001   GBL_L2MAR128_159
00000000   GBL_L2MAR160_191
ffffffff   GBL_L2MAR192_223
00000000   GBL_L2MAR224_255
00000000   GBL_L2MAR32_63
00000000   GBL_L2MAR64_95
00000000   GBL_L2MAR96_127
00000000   GBL_L2MODE
00000000   GBL_NULL
00000000   GBL_PROCID
00000000   GBL_ROM
00000000   GBL_SUPPORTCSL
0000dbef   GBL_TRCMASKVALUE
00000000   GBL_USERINIT
1180bda0   GBL_USERINITFXN
00000001   GBL_boot
118193a0   GBL_initdone
11818518   GBL_stackbeg
11818917   GBL_stackend
00000000   GIO$
1180bda0   GIO_CREATEFXN
1180bda0   GIO_DELETEFXN
1180bda0   GIO_PENDFXN
1180bda0   GIO_POSTFXN
00000000   HOOK$
00000000   HOOK_KNLID
00000001   HST$
11816fc0   HST_A_TABBEG
11816ffc   HST_A_TABEND
00000000   HST_DSM
11818bd4   HST_DSMBUFSEG
00000400   HST_DSMMEMSIZE
11818aac   HST_D_chanmask
11818ab0   HST_D_tabbeg
11818ab4   HST_D_tabend
000000ff   HST_MAXFRAMEALLOWED
00000040   HST_MAXFRAMESET
00000000   HST_NONE
00000001   HST_RTDX
00000001   HWI$
11819000   HWI_A_VECS
00005828   HWI_CFGDISPATCHED
11818c20   HWI_D_bss
11818c24   HWI_D_ccmask
11818c10   HWI_D_spsave
00000001   HWI_ENABLE_EXC
118086e0   HWI_F_dispatch
00000000   HWI_GENERATE_RESET_VEC
0000000a   HWI_INT10
00000000   HWI_INT10$hwi
0000000b   HWI_INT11
00000000   HWI_INT11$hwi
0000000c   HWI_INT12
00000000   HWI_INT12$hwi
0000000d   HWI_INT13
00000000   HWI_INT13$hwi
0000000e   HWI_INT14
00000000   HWI_INT14$hwi
0000000f   HWI_INT15
00000000   HWI_INT15$hwi
00000004   HWI_INT4
00000000   HWI_INT4$hwi
00000005   HWI_INT5
00000000   HWI_INT5$hwi
00000006   HWI_INT6
00000000   HWI_INT6$hwi
00000007   HWI_INT7
00000000   HWI_INT7$hwi
00000008   HWI_INT8
00000000   HWI_INT8$hwi
00000009   HWI_INT9
00000000   HWI_INT9$hwi
07063d04   HWI_INTRMUX1
0b0a0908   HWI_INTRMUX2
28040d0c   HWI_INTRMUX3
00000001   HWI_NMI
00000000   HWI_NMI$hwi
00000000   HWI_POLARITYMASK
00000002   HWI_RESERVED0
00000000   HWI_RESERVED0$hwi
00000003   HWI_RESERVED1
00000000   HWI_RESERVED1$hwi
00000000   HWI_RESET
00000000   HWI_RESET$hwi
00000000   HWI_ZEROTAB
00000001   IDL$
11819378   IDL_A_CALBEG
11819368   IDL_A_TABBEG
00000006   IDL_CALIBRERROR
1180bca0   IDL_CALIBRFXN
11818ca4   IDL_D_busyObj
11818a20   IDL_D_calbeg
11818a1c   IDL_D_calibrate
11818a18   IDL_D_tabbeg
11819374   IDL_END
11819384   IDL_END$
1180bac0   IDL_F_busy
1180b920   IDL_F_calibrate
1180bde0   IDL_F_loop
1180bca0   IDL_F_stub
00000001   IDL_USECLKIDLTIME
1181929c   IDL_busyObj
11818182   IDL_busyObj$avgfmt
00000001   IDL_busyObj$filter
00000001   IDL_busyObj$iA
00000000   IDL_busyObj$iB
00000001   IDL_busyObj$iC
1181817c   IDL_busyObj$maxfmt
00000000   IDL_busyObj$operation
11819298   IDL_busyObj$stsobj
1181817f   IDL_busyObj$sumfmt
00000002   IDL_busyObj$unittype
11819368   IDL_cpuLoad
11819378   IDL_cpuLoad$
11818bd4   IRAM
11812864   IRAM$B
00002000   IRAM$L
00000001   ISRC$
1180acf8   KNL_glue
1181922c   KNL_swi
00000001   KNL_swi$dorta
00000002   KNL_swi$ord
00000000   KNL_swi$pri
1181927c   KNL_swi$sts
11818158   KNL_swi$sts$avgfmt
00000002   KNL_swi$sts$filter
00000001   KNL_swi$sts$filtmaxmult
00000001   KNL_swi$sts$filtsummult
11818148   KNL_swi$sts$maxfmt
11819278   KNL_swi$sts$stsobj
11818150   KNL_swi$sts$sumfmt
00000000   KNL_swi$sts$unittype
00000000   KNL_swi$swi
ffffffff   L3_CBA_RAM
00000001   LCK$
11807ba0   LNK_F_checkBufferCall
11807c20   LNK_F_dataPump
11807bc0   LNK_F_getChanPtr
11807c18   LNK_F_init
11808128   LNK_F_readCallBack
1181936c   LNK_dataPump
1181937c   LNK_dataPump$
11818c2c   LNK_dspFrameReadyMask
11818c28   LNK_dspFrameRequestMask
11807ea0   LNK_newin
11807fd4   LNK_newout
11807c30   LNK_rcloop
11807cf4   LNK_rdrtry
11818c34   LNK_readDone
11818c38   LNK_readFail
11818c30   LNK_readPend
11807d04   LNK_rrloop
11818c3c   LNK_writeFail
11807dd0   LNK_wrloop
11807dc4   LNK_wrrtry
00000001   LOG$
11819338   LOG_A_TABBEG
11819368   LOG_A_TABEND
00000002   LOG_A_TABLEN
11818a24   LOG_D_system
00000001   LOG_ENABLED
1180b8a0   LOG_F_event
11819338   LOG_system
11817000   LOG_system$buf
00000000   LOG_system$datatype
00000000   LOG_system$log
00000200   LOG_system$size
00000000   MBX$
00000001   MEM$
11818bd4   MEM_MALLOCSEG
00000000   MEM_NULL
11818bd4   MEM_SEGZERO
00000000   MEM_USEMPC
00000001   MEM_gNumHeap
00000000   MSGQ$
00000000   MSGQ_USEMSGQ
00000000   OBJ$
00000000   PIP$
11818ed0   PIP_A_TABBEG
11818f98   PIP_A_TABEND
00000002   PIP_A_TABLEN
11818a28   PIP_D_tabbeg
11818a2c   PIP_D_tablen
1180a378   PIP_F_give
1180a378   PIP_F_probe
1180a448   PIP_F_start
1180a300   PIP_F_take
00000064   PIP_OBJSIZE
00000000   PIP_gNextId
00000002   PIP_gNumEmbed
00000000   POOL$
00000000   POOL_USEPOOL
00000001   PRD$
11814fe0   PRD0
11814ffc   PRD0$aaa
00000000   PRD0$mode
00000001   PRD0$ord
000001f4   PRD0$period
00000000   PRD0$prd
1181925c   PRD0$sts
11818123   PRD0$sts$avgfmt
00000000   PRD0$sts$filter
11818111   PRD0$sts$maxfmt
11819258   PRD0$sts$stsobj
1181811a   PRD0$sts$sumfmt
00000002   PRD0$sts$unittype
11814fe0   PRD_A_TABBEG
11815000   PRD_A_TABEND
00000001   PRD_A_TABLEN
11818a68   PRD_D_cur
11818a6c   PRD_D_elapsed
11818a70   PRD_D_prevtim
11818a74   PRD_D_scalar
11818a78   PRD_D_swihandle
11818a7c   PRD_D_tabbeg
11818a80   PRD_D_tablen
11818a84   PRD_D_thook
11818a64   PRD_D_tick
11809080   PRD_F_swi
11809304   PRD_F_tick
00000001   PRD_SCALAR
11819200   PRD_SWIHANDLE
11809f14   PRD_THOOKFXN
11818ff8   PRD_clock
11819200   PRD_swi
00000001   PRD_swi$dorta
00000001   PRD_swi$ord
00000001   PRD_swi$pri
1181926c   PRD_swi$sts
1181813e   PRD_swi$sts$avgfmt
00000002   PRD_swi$sts$filter
00000001   PRD_swi$sts$filtmaxmult
00000001   PRD_swi$sts$filtsummult
1181812e   PRD_swi$sts$maxfmt
11819268   PRD_swi$sts$stsobj
11818136   PRD_swi$sts$sumfmt
00000000   PRD_swi$sts$unittype
00000000   PRD_swi$swi
00000001   PWRM$
00000030   PWRM_PWRM_CAPSMASK
0000000a   PWRM_PWRM_CLKTICKSPERSLOT
00000000   PWRM_PWRM_ENABLE
00000002   PWRM_PWRM_INITSPCPU
00000000   PWRM_PWRM_INITSPPER
00000000   PWRM_PWRM_LOADENABLE
00000001   PWRM_PWRM_NUMSLOTS
00000000   PWRM_PWRM_RESOURCETRACKING
00000000   PWRM_PWRM_SCALING
1180bda0   PWRM_PWRM_SHAREDRESOURCEFXN
1180bda0   PWRM_PWRM_SLOTHOOKFXN
00000000   PWRM_PWRM_TIMERIDNUM
00000000   PWRM_PWRM_TIMERINTRMASK
00000000   PWRM_PWRM_TIMERWUGENMASK
00000000   PWRM_PWRM_USERRESOURCES
00000000   PWRM_PWRM_USETIMER
00000001   QUE$
11818a88   RTA_D_fromHost
11818a90   RTA_D_logval
11818aa0   RTA_D_stsval
11818a8c   RTA_D_toHost
1180bce0   RTA_F_andn
11809760   RTA_F_dispatch
11809680   RTA_F_getlog
118096b8   RTA_F_getsts
1180bcf8   RTA_F_or
118096f8   RTA_F_readblk
11809720   RTA_F_resetmem
11809714   RTA_F_writeword
11819370   RTA_dispatcher
11819380   RTA_dispatcher$
118097ac   RTA_execute
11816fc4   RTA_fromHost
11814864   RTA_fromHost$buf
00000004   RTA_fromHost$framesize
00000000   RTA_fromHost$hst
00000001   RTA_fromHost$id
00000000   RTA_fromHost$mode
11818ed0   RTA_fromHost$pipe
11818f00   RTA_fromHost$pipe$aaa
11818f30   RTA_fromHost$pipe$bbb
11818bd8   RTA_fromHost$pipe$dtab
11818ed4   RTA_fromHost$pipe$rd
11818f04   RTA_fromHost$pipe$wr
11816fcc   RTA_fromHost$rtdx
11816fe0   RTA_toHost
11818dd0   RTA_toHost$buf
00000040   RTA_toHost$framesize
00000000   RTA_toHost$hst
00000000   RTA_toHost$id
00000001   RTA_toHost$mode
11818f34   RTA_toHost$pipe
11818f64   RTA_toHost$pipe$aaa
11818f94   RTA_toHost$pipe$bbb
11818be4   RTA_toHost$pipe$dtab
11818f38   RTA_toHost$pipe$rd
11818f68   RTA_toHost$pipe$wr
11816fe8   RTA_toHost$rtdx
00000001   RTDX$
00000408   RTDX_BUFMEMSIZE
11818bd4   RTDX_DATAMEMSEG
00000000   RTDX_MODE
00000001   RTDX_NORMALIZED_HDR
00000001   RTDX_USERTDX
00000000   RTDX_USERTEXECUTION
00000000   SEM$
00000000   SIO$
00000001   STS$
11819258   STS_A_TABBEG
118192a8   STS_A_TABEND
1180bbac   STS_F_add
1180bb80   STS_F_delta
1180bbc8   STS_F_reset
00000001   SWI$
11819200   SWI_A_TABBEG
11819258   SWI_A_TABEND
00000002   SWI_A_TABLEN
11818afc   SWI_D_curfxn
11818aec   SWI_D_curmask
11818af8   SWI_D_curmbox
11818af0   SWI_D_curset
11818ae8   SWI_D_execaddr
11818b04   SWI_D_inswi
11818af4   SWI_D_lock
11818b00   SWI_D_rdybeg
11818b08   SWI_D_rdytab
11818ae4   SWI_D_runaddr
00000000   SWI_EHOOKFXN
11808da4   SWI_EXECFXN
11808bc0   SWI_F_enable
11808da4   SWI_F_exec
11808dcc   SWI_F_iexec
11808c30   SWI_F_post
11808e4c   SWI_F_run
00000000   SWI_IHOOKFXN
11808e4c   SWI_RUNFXN
00000001   SYS$
11819388   SYS$config
1180bd20   SYS_ABORTFXN
1180be20   SYS_ERRORFXN
1180be40   SYS_EXITFXN
1180bd60   SYS_PUTCFXN
1181939c   TRC_R_mask
11819398   TRC_cinit
00000001   TSK$
00000000   TSK_NUM_HOOKS
00000001   TSK_PRIORITY
00000000   TSK_READYFXN
00000000   TSK_STACKSEG
00000400   TSK_STACKSIZE
00000000   TSK_SWITCHFXN
1180bda0   TSK_VCREATEFXN
1180bda0   TSK_VDELETEFXN
1180bda0   TSK_VEXITFXN
11818fa4   TSK_idle
00000000   TSK_idle$ord
00000000   TSK_idle$pri
11818118   TSK_idle$stack
118184b0   TSK_idle$stkptr
1181928c   TSK_idle$sts
11818172   TSK_idle$sts$avgfmt
00000002   TSK_idle$sts$filter
00000001   TSK_idle$sts$filtmaxmult
00000001   TSK_idle$sts$filtsummult
11818162   TSK_idle$sts$maxfmt
11819288   TSK_idle$sts$stsobj
1181816a   TSK_idle$sts$sumfmt
00000000   TSK_idle$sts$unittype
00000000   TSK_idle$tsk
00000000   UDEV$
1180104c   _AIC3106_Init
11801100   _AIC3106_readRegister
11801154   _AIC3106_writeRegister
1180bda0   _BCACHE_bootInit
1180b0b4   _BCACHE_getMar
1180b064   _BCACHE_getSize
1180b034   _BCACHE_setCacheToSram
1180afe4   _BCACHE_setMar
1180afa0   _BCACHE_setSize
11814880   _BIOS_init
11814ab0   _BIOS_start
ffffffff   _CACHE_L1D
ffffffff   _CACHE_L1P
000493e0   _CLK_COUNTSPMS
11818c90   _CLK_DFLTMICROSECS
11818a60   _CLK_D_countspms
11818a54   _CLK_D_dirty
11818c94   _CLK_D_microseconds
11818a58   _CLK_D_prd
11818a5c   _CLK_D_tddr
1180ab50   _CLK_F_itime
00005dc0   _CLK_PRD
01c20000   _CLK_REGS
00000000   _CLK_TDDR
00000000   _CLK_TIMERNUM
00000001   _CLK_USETIMER
1180be60   _CLK_gethtime
11818a44   _CLK_htimeDiv
11818a48   _CLK_htimeMult
11818ca0   _CLK_htimePerLtime
1180eed4   _CLK_inputClock
1180ab50   _CLK_itime
11818a4c   _CLK_ltimeDiv
11818a50   _CLK_ltimeMult
1180bc40   _CLK_measure
ffffffff   _DDR
118059e4   _DIP_get
11805a48   _DIP_getAll
118059c0   _DIP_init
0000000a   _EVENT10
00000064   _EVENT100
00000065   _EVENT101
00000066   _EVENT102
00000067   _EVENT103
00000068   _EVENT104
00000069   _EVENT105
0000006a   _EVENT106
0000006b   _EVENT107
0000006c   _EVENT108
0000006d   _EVENT109
0000000b   _EVENT11
0000006e   _EVENT110
0000006f   _EVENT111
00000070   _EVENT112
00000071   _EVENT113
00000072   _EVENT114
00000073   _EVENT115
00000074   _EVENT116
00000075   _EVENT117
00000076   _EVENT118
00000077   _EVENT119
0000000c   _EVENT12
00000078   _EVENT120
00000079   _EVENT121
0000007a   _EVENT122
0000007b   _EVENT123
0000007c   _EVENT124
0000007d   _EVENT125
0000007e   _EVENT126
0000007f   _EVENT127
0000000d   _EVENT13
0000000e   _EVENT14
0000000f   _EVENT15
00000010   _EVENT16
00000011   _EVENT17
00000012   _EVENT18
00000013   _EVENT19
00000014   _EVENT20
00000015   _EVENT21
00000016   _EVENT22
00000017   _EVENT23
00000018   _EVENT24
00000019   _EVENT25
0000001a   _EVENT26
0000001b   _EVENT27
0000001c   _EVENT28
0000001d   _EVENT29
0000001e   _EVENT30
0000001f   _EVENT31
00000020   _EVENT32
00000021   _EVENT33
00000022   _EVENT34
00000023   _EVENT35
00000024   _EVENT36
00000025   _EVENT37
00000026   _EVENT38
00000027   _EVENT39
00000004   _EVENT4
00000028   _EVENT40
00000029   _EVENT41
0000002a   _EVENT42
0000002b   _EVENT43
0000002c   _EVENT44
0000002d   _EVENT45
0000002e   _EVENT46
0000002f   _EVENT47
00000030   _EVENT48
00000031   _EVENT49
00000005   _EVENT5
00000032   _EVENT50
00000033   _EVENT51
00000034   _EVENT52
00000035   _EVENT53
00000036   _EVENT54
00000037   _EVENT55
00000038   _EVENT56
00000039   _EVENT57
0000003a   _EVENT58
0000003b   _EVENT59
00000006   _EVENT6
0000003c   _EVENT60
0000003d   _EVENT61
0000003e   _EVENT62
0000003f   _EVENT63
00000040   _EVENT64
00000041   _EVENT65
00000042   _EVENT66
00000043   _EVENT67
00000044   _EVENT68
00000045   _EVENT69
00000007   _EVENT7
00000046   _EVENT70
00000047   _EVENT71
00000048   _EVENT72
00000049   _EVENT73
0000004a   _EVENT74
0000004b   _EVENT75
0000004c   _EVENT76
0000004d   _EVENT77
0000004e   _EVENT78
0000004f   _EVENT79
00000008   _EVENT8
00000050   _EVENT80
00000051   _EVENT81
00000052   _EVENT82
00000053   _EVENT83
00000054   _EVENT84
00000055   _EVENT85
00000056   _EVENT86
00000057   _EVENT87
00000058   _EVENT88
00000059   _EVENT89
00000009   _EVENT9
0000005a   _EVENT90
0000005b   _EVENT91
0000005c   _EVENT92
0000005d   _EVENT93
0000005e   _EVENT94
0000005f   _EVENT95
00000060   _EVENT96
00000061   _EVENT97
00000062   _EVENT98
00000063   _EVENT99
118001e8   _EVMC6748_enableDsp
11800000   _EVMC6748_init
1180002c   _EVMC6748_initRAM
118002b0   _EVMC6748_lpscTransition
11800214   _EVMC6748_pinmuxConfig
118086b0   _EXC_clearLastStatus
1180a120   _EXC_dispatch
118084d4   _EXC_exceptionHandler
11818c54   _EXC_exceptionHook
118084a0   _EXC_external
11818c5c   _EXC_externalHook
11808480   _EXC_getLastStatus
11808440   _EXC_init
11808194   _EXC_internal
11818c58   _EXC_internalHook
11808160   _EXC_nmi
11818c60   _EXC_nmiHook
11818bf8   _EXC_returnPtr
1180a2e4   _EXC_setReturnPtr
1180f6c0   _EXC_status
11818bf0   _EXC_sysTrapTable
1180bda0   _FXN_F_nop
1180ba04   _FXN_F_run
1180ba40   _FXN_F_zero
00000000   _GBL_CACHE
1180b148   _GBL_cacheInit64P
11818abc   _GBL_clkIn
11818ac0   _GBL_freq
1180bdc0   _GBL_getVersion
11818ab8   _GBL_procId
11802fb8   _GPIO_getInput
11802f40   _GPIO_setDir
1180302c   _GPIO_setOutput
118030ac   _GPIO_toggleLoop
11806f40   _HOSTclose
11806100   _HOSTlseek
11806400   _HOSTopen
118064e0   _HOSTread
11805840   _HOSTrename
11806940   _HOSTunlink
11806a00   _HOSTwrite
11816000   _HSRTDX_rec
11816760   _HSRTDX_xmt
11816fc0   _HST_A_TABBEG
11816ffc   _HST_A_TABEND
00005828   _HWI_CFGDISPATCHED
11818c1c   _HWI_D_inhwi
11818c10   _HWI_D_spsave
118086e0   _HWI_F_dispatch
0000000a   _HWI_INT10
0000000b   _HWI_INT11
0000000c   _HWI_INT12
0000000d   _HWI_INT13
0000000e   _HWI_INT14
0000000f   _HWI_INT15
00000004   _HWI_INT4
00000005   _HWI_INT5
00000006   _HWI_INT6
00000007   _HWI_INT7
00000008   _HWI_INT8
00000009   _HWI_INT9
00000001   _HWI_NMI
00000002   _HWI_RESERVED0
00000003   _HWI_RESERVED1
00000000   _HWI_RESET
11818910   _HWI_STKBOTTOM
11818518   _HWI_STKTOP
11818c10   _HWI_data
1180ba60   _HWI_disable
11818918   _HWI_dispatchTab
1180ba78   _HWI_enable
1180ba8c   _HWI_restore
11802354   _I2CGPIO_getInput
11802470   _I2CGPIO_getInputAll
11802280   _I2CGPIO_init
11802580   _I2CGPIO_setOutput
118026c8   _I2CGPIO_setOutputAll
118032c0   _I2C_init
118033ac   _I2C_read
11803508   _I2C_write
1181929c   _IDL_busyObj
11819368   _IDL_cpuLoad
1180bde0   _IDL_loop
11818bd4   _IRAM
11812864   _IRAM_base
00002000   _IRAM_length
11818b88   _KNL_alarm
1180b200   _KNL_check
11818bac   _KNL_curqueue
11818b9c   _KNL_curtask
11818ba4   _KNL_curtime
1180f548   _KNL_dummy
1180b560   _KNL_enter
1180b520   _KNL_exit
1180b2c8   _KNL_idle
11818bc4   _KNL_idlefxn
11818b90   _KNL_inactive
1180b720   _KNL_ipost
1180b2f0   _KNL_max
11818bb0   _KNL_maxqueue
1180b7a0   _KNL_post
11818ba0   _KNL_prevtask
11818b94   _KNL_priority
1180f4a8   _KNL_queues
11809900   _KNL_run
1180aba0   _KNL_saveIsrFrame
11818b98   _KNL_set
11818b8c   _KNL_setpri
1181922c   _KNL_swi
11818ba8   _KNL_swiptr
1180ac4c   _KNL_switch
11818bb8   _KNL_tcreatefxn
11818bbc   _KNL_tdeletefxn
11809f14   _KNL_tick
11818bc0   _KNL_treadyfxn
11818bb4   _KNL_tswitchfxn
11818b80   _KNL_wFlag
11818b84   _KNL_wList
ffffffff   _L3_CBA_RAM
1180b840   _LCK_pend
1180b820   _LCK_post
11805300   _LED_init
1180534c   _LED_isOn
1180544c   _LED_toggle
11805404   _LED_turnOff
118053b4   _LED_turnOn
1181936c   _LNK_dataPump
11818c2c   _LNK_dspFrameReadyMask
11818c28   _LNK_dspFrameRequestMask
11818c34   _LNK_readDone
11818c38   _LNK_readFail
11818c30   _LNK_readPend
11818c3c   _LNK_writeFail
11819338   _LOG_A_TABBEG
11819368   _LOG_A_TABEND
00000002   _LOG_A_TABLEN
11818a24   _LOG_D_system
1180b8a0   _LOG_event
11819338   _LOG_system
11818ca8   _MEM
11818ac4   _MEM_D_NUMSEGMENTS
11818acc   _MEM_D_freelist
11818ad0   _MEM_D_lockaddr
11818ac8   _MEM_D_memtab
11818ad4   _MEM_D_unlockaddr
11809b40   _MEM_alloc
11809f40   _MEM_free
11814cc0   _MEM_init
11818bc8   _MEM_memtab
11800cd0   _McASP_Init
11800e14   _McASP_Start
1180f618   _OBJ_segtab
1180f5e0   _OBJ_table
11818ed0   _PIP_A_TABBEG
11818f98   _PIP_A_TABEND
11814fe0   _PRD0
11818a64   _PRD_D_tick
11818ff8   _PRD_clock
11819200   _PRD_swi
11819370   _RTA_dispatcher
11816fc4   _RTA_fromHost
11816fe0   _RTA_toHost
11817880   _RTDX_Buffer
11817c8c   _RTDX_Buffer_End
11816de0   _RTDX_Buffer_Initialize
11816f60   _RTDX_Buffer_Read
11816ea0   _RTDX_Buffer_ReadCB
11816ee0   _RTDX_Buffer_Size
11817c88   _RTDX_Buffer_Start
11816f80   _RTDX_Buffer_Write
118162a0   _RTDX_Buffer_WriteCB
11816d60   _RTDX_Final_RT_Monitor
11816e40   _RTDX_Init_RT_Monitor
00000002   _RTDX_JTAGONLY
11816fa0   _RTDX_Mask_IER
11816a60   _RTDX_Mon_Queue
11816cc0   _RTDX_Poll
00000000   _RTDX_interrupt_mask
11816f20   _RTDX_memfill
11817ce0   _RTDX_writing
11818bd4   _SEG0
1180bb20   _SEM_pend
1180a4e0   _SEM_pendEnterKnl
1180b440   _SEM_post
1180b440   _SEM_postBinary
1180b5e0   _SEM_postEnterKnl
11819258   _STS_A_TABBEG
118192a8   _STS_A_TABEND
1180bbac   _STS_add
1180bb80   _STS_delta
1180bbc8   _STS_reset
1180be00   _STS_set
11818afc   _SWI_D_curfxn
11818aec   _SWI_D_curmask
11818af0   _SWI_D_curset
11818ae8   _SWI_D_execaddr
11818b04   _SWI_D_inswi
11818af4   _SWI_D_lock
11818b00   _SWI_D_rdybeg
11818ae4   _SWI_D_runaddr
11818ae4   _SWI_data
11808c30   _SWI_post
11818ad8   _SYS
11814de0   _SYS_PUTCBEG
11814fdf   _SYS_PUTCEND
1180bbe0   _SYS_abort
1180b9a0   _SYS_error
1180b680   _SYS_exit
1180f688   _SYS_exitStack
11818c98   _SYS_exitStackPtr
11818c9c   _SYS_exitStackTop
11801210   _SetGpio
1181939c   _TRC_R_mask
11818c8c   _TSK
1180f580   _TSK_ATTRS
1180f59c   _TSK_config
1180ae60   _TSK_exit
11818fa4   _TSK_idle
11814d80   _TSK_init
11818c84   _TSK_nTasks
11818c88   _TSK_pid
1180a860   _TSK_setup
1180b3c4   _TSK_startup
1180f5bc   _TSK_timerSem
11801198   _USTIMER_delay
11800c00   _UTIL_isUIBoardAttached
11800aa8   _UTIL_printMem
1180bd20   _UTL_doAbort
1180be20   _UTL_doError
1180bd60   _UTL_doPutc
1180be40   _UTL_halt
11818cb0   __CIOBUF_
1180ab70   __CLK_lat1beg
1180ab90   __CLK_lat1end
11818ae0   __HOOK_NUMHOOKS
11818adc   __HOOK_knlId
118086e0   __HWI_lat1beg
11808868   __HWI_lat1end
11808868   __HWI_lat2beg
11808a44   __HWI_lat2end1
118089d0   __HWI_lat2end2
11808a60   __HWI_lat3beg
11808a00   __HWI_lat3end2
1180bac0   __IDL_lat1beg
1180bb00   __IDL_lat1end
1180b24c   __KNL_lat1beg
1180b2c8   __KNL_lat1end
1180b8a0   __LOG_lat1beg
1180f65c   __MEM_mutex
11809720   __RTA_lat1beg
11809754   __RTA_lat1end
1180a6c0   __SEM_dopost
11818918   __STACK_END
00000400   __STACK_SIZE
11808d38   __SWI_lat1beg
11808de4   __SWI_lat1end
11808de8   __SWI_lat2beg
11808e48   __SWI_lat2end
11808bc0   __SWI_lat3beg
11808c2c   __SWI_lat3end
1180f634   __TSK_mutex
1180f6f4   ___TI_enable_exit_profile_output
ffffffff   ___TI_pprof_out_hndl
ffffffff   ___TI_prof_data_size
ffffffff   ___TI_prof_data_start
11807940   ___add_dtor
1180f200   ___atexit_func_id__
ffffffff   ___binit__
11818918   ___bss__
ffffffff   ___c_args__
1180f708   ___cinit__
11800000   ___data__
11800000   ___edata__
11818cb0   ___end__
11807ba0   ___etext__
11807980   ___isinf
11814874   ___pinit__
11800000   ___text__
1180ad20   __auto_init
11806b80   __c6xabi_divu
11806fe0   __cleanup
1180f6ec   __cleanup_ptr
11805da0   __closefile
11817e90   __ctypes_
11801240   __divd
11807080   __divli
11806b80   __divu
118056a0   __divul
11804160   __divull
11806c40   __doflush
1180f6f0   __dtors_ptr
11807260   __fixdli
11807620   __fltlid
11807a00   __frcmpyd_div
1180f1f8   __ft_end
1180eed8   __ftable
118076a0   __llshl
11807a40   __llshru
1180f6f8   __lock
11807ac0   __negll
11807ae0   __nop
11802760   __printfi
11807b40   __register_lock
11807b60   __register_unlock
11807a80   __remli
11818518   __stack
11807820   __subcull
1180f0b8   __tmpnams
1180f6fc   __unlock
11806200   __wrt_ok
1180de80   _a_fir
11806d00   _atexit
118065c0   _atoi
118046f4   _audioHWI
1180be80   _b_fir
11817f98   _bitval_u32
1180de88   _buffer
11818c44   _bufferLength
11814c00   _c_int00
11806300   _call_dtors
1180962c   _calloc
118066a0   _close
11800688   _config_pll0
118008c4   _config_pll1
11804664   _dipPRD
11818c43   _dist
1180f4a4   _dtors
11818c42   _filterOn
11804ce0   _fputc
11802ba0   _fputs
11809400   _free
11805fe0   _fseek
11800c68   _initAll
1180ee88   _lowPass1
1180eec8   _lowPass2
11807440   _lseek
11806dc0   _ltoa
11804620   _main
11809424   _malloc
11818c40   _mask
11809568   _memalign
11807880   _memccpy
118074e0   _memcpy
11806780   _memset
11806860   _printf
11804ce0   _putc
11818c48   _readBuffer
11818c50   _readFilter
11800c20   _read_audio_sample
11807720   _readmsg
11809484   _realloc
11807b80   _remove
11818c6c   _rtdxNullChanCnt
11818c70   _rtdxNullFuncCnt
11818c78   _rtdxRecNotDoneCnt
11818c80   _rtdxXmtErrorCnt
11818c74   _rtdxXmtNotDoneCnt
11818c7c   _rtdxXmtRestartCnt
11817cd4   _rtdx_buffer_state
11817c90   _rtdx_mon_state
11805100   _setvbuf
11819350   _trace
118077a0   _unlink
11807580   _write
11818c4c   _writeIndex
11800c44   _write_audio_sample
118078e0   _writemsg
ffffffff   binit
1180f708   cinit
11800000   edata
11818cb0   end
11807ba0   etext
11819000   hwi0
11819020   hwi1
11819140   hwi10
11819160   hwi11
11819180   hwi12
118191a0   hwi13
118191c0   hwi14
118191e0   hwi15
11819040   hwi2
11819060   hwi3
11819080   hwi4
118190a0   hwi5
118190c0   hwi6
118190e0   hwi7
11819100   hwi8
11819120   hwi9
11814874   pinit
11819350   trace
11815000   trace$buf
00000001   trace$datatype
00000000   trace$log
00000400   trace$size


GLOBAL SYMBOLS: SORTED BY Symbol Address 

address    name
--------   ----
00000000   BUF$
00000000   CLK_PRDHIGH
00000000   CLK_TDDR
00000000   CLK_TDDRHIGH
00000000   CLK_TIMERNUM
00000000   DEV$
00000000   DGN$
00000000   DHL$
00000000   DHL_gChannelsAvailable
00000000   DIO$
00000000   DIO_NUMSWIBASE
00000000   DIO_NUMTSKBASE
00000000   DIO_STATIC
00000000   DPI$
00000000   ECM$
00000000   ECM_ENABLE
00000000   GBL_BCACHEREADADDR0
00000000   GBL_BCACHEREADADDR1
00000000   GBL_BCACHEREADADDR2
00000000   GBL_BIGENDIAN
00000000   GBL_CACHE
00000000   GBL_CALLCSLCFGINIT
00000000   GBL_ENABLE_SK
00000000   GBL_GEMTRUECOMPEN
00000000   GBL_L2MAR0_31
00000000   GBL_L2MAR160_191
00000000   GBL_L2MAR224_255
00000000   GBL_L2MAR32_63
00000000   GBL_L2MAR64_95
00000000   GBL_L2MAR96_127
00000000   GBL_L2MODE
00000000   GBL_NULL
00000000   GBL_PROCID
00000000   GBL_ROM
00000000   GBL_SUPPORTCSL
00000000   GBL_USERINIT
00000000   GIO$
00000000   HOOK$
00000000   HOOK_KNLID
00000000   HST_DSM
00000000   HST_NONE
00000000   HWI_GENERATE_RESET_VEC
00000000   HWI_INT10$hwi
00000000   HWI_INT11$hwi
00000000   HWI_INT12$hwi
00000000   HWI_INT13$hwi
00000000   HWI_INT14$hwi
00000000   HWI_INT15$hwi
00000000   HWI_INT4$hwi
00000000   HWI_INT5$hwi
00000000   HWI_INT6$hwi
00000000   HWI_INT7$hwi
00000000   HWI_INT8$hwi
00000000   HWI_INT9$hwi
00000000   HWI_NMI$hwi
00000000   HWI_POLARITYMASK
00000000   HWI_RESERVED0$hwi
00000000   HWI_RESERVED1$hwi
00000000   HWI_RESET
00000000   HWI_RESET$hwi
00000000   HWI_ZEROTAB
00000000   IDL_busyObj$iB
00000000   IDL_busyObj$operation
00000000   KNL_swi$pri
00000000   KNL_swi$sts$unittype
00000000   KNL_swi$swi
00000000   LOG_system$datatype
00000000   LOG_system$log
00000000   MBX$
00000000   MEM_NULL
00000000   MEM_USEMPC
00000000   MSGQ$
00000000   MSGQ_USEMSGQ
00000000   OBJ$
00000000   PIP$
00000000   PIP_gNextId
00000000   POOL$
00000000   POOL_USEPOOL
00000000   PRD0$mode
00000000   PRD0$prd
00000000   PRD0$sts$filter
00000000   PRD_swi$sts$unittype
00000000   PRD_swi$swi
00000000   PWRM_PWRM_ENABLE
00000000   PWRM_PWRM_INITSPPER
00000000   PWRM_PWRM_LOADENABLE
00000000   PWRM_PWRM_RESOURCETRACKING
00000000   PWRM_PWRM_SCALING
00000000   PWRM_PWRM_TIMERIDNUM
00000000   PWRM_PWRM_TIMERINTRMASK
00000000   PWRM_PWRM_TIMERWUGENMASK
00000000   PWRM_PWRM_USERRESOURCES
00000000   PWRM_PWRM_USETIMER
00000000   RTA_fromHost$hst
00000000   RTA_fromHost$mode
00000000   RTA_toHost$hst
00000000   RTA_toHost$id
00000000   RTDX_MODE
00000000   RTDX_USERTEXECUTION
00000000   SEM$
00000000   SIO$
00000000   SWI_EHOOKFXN
00000000   SWI_IHOOKFXN
00000000   TSK_NUM_HOOKS
00000000   TSK_READYFXN
00000000   TSK_STACKSEG
00000000   TSK_SWITCHFXN
00000000   TSK_idle$ord
00000000   TSK_idle$pri
00000000   TSK_idle$sts$unittype
00000000   TSK_idle$tsk
00000000   UDEV$
00000000   _CLK_TDDR
00000000   _CLK_TIMERNUM
00000000   _GBL_CACHE
00000000   _HWI_RESET
00000000   _RTDX_interrupt_mask
00000000   trace$log
00000001   BUF_ENABLED
00000001   CLK$
00000001   CLK_CALDIV
00000001   CLK_CALMULT
00000001   CLK_ENABLEHTIME
00000001   CLK_HTIMEDIV
00000001   CLK_HTIMEMULT
00000001   CLK_LTIMEDIV
00000001   CLK_POWERENABLE
00000001   CLK_RESETTIMER
00000001   CLK_USETIMER
00000001   GBL$
00000001   GBL_ENABLEINST
00000001   GBL_L2CONFIGURE
00000001   GBL_L2MAR128_159
00000001   GBL_boot
00000001   HST$
00000001   HST_RTDX
00000001   HWI$
00000001   HWI_ENABLE_EXC
00000001   HWI_NMI
00000001   IDL$
00000001   IDL_USECLKIDLTIME
00000001   IDL_busyObj$filter
00000001   IDL_busyObj$iA
00000001   IDL_busyObj$iC
00000001   ISRC$
00000001   KNL_swi$dorta
00000001   KNL_swi$sts$filtmaxmult
00000001   KNL_swi$sts$filtsummult
00000001   LCK$
00000001   LOG$
00000001   LOG_ENABLED
00000001   MEM$
00000001   MEM_gNumHeap
00000001   PRD$
00000001   PRD0$ord
00000001   PRD_A_TABLEN
00000001   PRD_SCALAR
00000001   PRD_swi$dorta
00000001   PRD_swi$ord
00000001   PRD_swi$pri
00000001   PRD_swi$sts$filtmaxmult
00000001   PRD_swi$sts$filtsummult
00000001   PWRM$
00000001   PWRM_PWRM_NUMSLOTS
00000001   QUE$
00000001   RTA_fromHost$id
00000001   RTA_toHost$mode
00000001   RTDX$
00000001   RTDX_NORMALIZED_HDR
00000001   RTDX_USERTDX
00000001   STS$
00000001   SWI$
00000001   SYS$
00000001   TSK$
00000001   TSK_PRIORITY
00000001   TSK_idle$sts$filtmaxmult
00000001   TSK_idle$sts$filtsummult
00000001   _CLK_USETIMER
00000001   _HWI_NMI
00000001   trace$datatype
00000002   HWI_RESERVED0
00000002   IDL_busyObj$unittype
00000002   KNL_swi$ord
00000002   KNL_swi$sts$filter
00000002   LOG_A_TABLEN
00000002   PIP_A_TABLEN
00000002   PIP_gNumEmbed
00000002   PRD0$sts$unittype
00000002   PRD_swi$sts$filter
00000002   PWRM_PWRM_INITSPCPU
00000002   SWI_A_TABLEN
00000002   TSK_idle$sts$filter
00000002   _HWI_RESERVED0
00000002   _LOG_A_TABLEN
00000002   _RTDX_JTAGONLY
00000003   HWI_RESERVED1
00000003   _HWI_RESERVED1
00000004   CLK_COUNTSPMSHIGH
00000004   EVENT4
00000004   HWI_INT4
00000004   RTA_fromHost$framesize
00000004   _EVENT4
00000004   _HWI_INT4
00000005   CLK_TIMMODE
00000005   EVENT5
00000005   HWI_INT5
00000005   _EVENT5
00000005   _HWI_INT5
00000006   EVENT6
00000006   HWI_INT6
00000006   IDL_CALIBRERROR
00000006   _EVENT6
00000006   _HWI_INT6
00000007   EVENT7
00000007   GBL_L1DMODE
00000007   GBL_L1PMODE
00000007   HWI_INT7
00000007   _EVENT7
00000007   _HWI_INT7
00000008   EVENT8
00000008   HWI_INT8
00000008   _EVENT8
00000008   _HWI_INT8
00000009   EVENT9
00000009   HWI_INT9
00000009   _EVENT9
00000009   _HWI_INT9
0000000a   EVENT10
0000000a   HWI_INT10
0000000a   PWRM_PWRM_CLKTICKSPERSLOT
0000000a   _EVENT10
0000000a   _HWI_INT10
0000000b   EVENT11
0000000b   HWI_INT11
0000000b   _EVENT11
0000000b   _HWI_INT11
0000000c   EVENT12
0000000c   HWI_INT12
0000000c   _EVENT12
0000000c   _HWI_INT12
0000000d   EVENT13
0000000d   HWI_INT13
0000000d   _EVENT13
0000000d   _HWI_INT13
0000000e   EVENT14
0000000e   HWI_INT14
0000000e   _EVENT14
0000000e   _HWI_INT14
0000000f   EVENT15
0000000f   HWI_INT15
0000000f   _EVENT15
0000000f   _HWI_INT15
00000010   EVENT16
00000010   _EVENT16
00000011   EVENT17
00000011   _EVENT17
00000012   EVENT18
00000012   _EVENT18
00000013   EVENT19
00000013   _EVENT19
00000014   EVENT20
00000014   _EVENT20
00000015   EVENT21
00000015   _EVENT21
00000016   EVENT22
00000016   _EVENT22
00000017   EVENT23
00000017   _EVENT23
00000018   EVENT24
00000018   _EVENT24
00000019   EVENT25
00000019   _EVENT25
0000001a   EVENT26
0000001a   _EVENT26
0000001b   EVENT27
0000001b   _EVENT27
0000001c   EVENT28
0000001c   _EVENT28
0000001d   EVENT29
0000001d   _EVENT29
0000001e   EVENT30
0000001e   _EVENT30
0000001f   EVENT31
0000001f   _EVENT31
00000020   CLK_TCR
00000020   EVENT32
00000020   _EVENT32
00000021   EVENT33
00000021   _EVENT33
00000022   EVENT34
00000022   _EVENT34
00000023   EVENT35
00000023   _EVENT35
00000024   EVENT36
00000024   _EVENT36
00000025   EVENT37
00000025   _EVENT37
00000026   EVENT38
00000026   _EVENT38
00000027   EVENT39
00000027   _EVENT39
00000028   EVENT40
00000028   _EVENT40
00000029   EVENT41
00000029   _EVENT41
0000002a   EVENT42
0000002a   _EVENT42
0000002b   EVENT43
0000002b   _EVENT43
0000002c   EVENT44
0000002c   _EVENT44
0000002d   EVENT45
0000002d   _EVENT45
0000002e   EVENT46
0000002e   _EVENT46
0000002f   EVENT47
0000002f   _EVENT47
00000030   EVENT48
00000030   PWRM_PWRM_CAPSMASK
00000030   _EVENT48
00000031   EVENT49
00000031   _EVENT49
00000032   EVENT50
00000032   _EVENT50
00000033   EVENT51
00000033   _EVENT51
00000034   EVENT52
00000034   _EVENT52
00000035   EVENT53
00000035   _EVENT53
00000036   EVENT54
00000036   _EVENT54
00000037   EVENT55
00000037   _EVENT55
00000038   EVENT56
00000038   _EVENT56
00000039   EVENT57
00000039   _EVENT57
0000003a   EVENT58
0000003a   _EVENT58
0000003b   EVENT59
0000003b   _EVENT59
0000003c   EVENT60
0000003c   _EVENT60
0000003d   EVENT61
0000003d   _EVENT61
0000003e   EVENT62
0000003e   GBL_DSPTYPE
0000003e   _EVENT62
0000003f   EVENT63
0000003f   _EVENT63
00000040   EVENT64
00000040   HST_MAXFRAMESET
00000040   RTA_toHost$framesize
00000040   _EVENT64
00000041   EVENT65
00000041   _EVENT65
00000042   EVENT66
00000042   GBL_FOOTPRINT
00000042   _EVENT66
00000043   EVENT67
00000043   _EVENT67
00000044   EVENT68
00000044   _EVENT68
00000045   EVENT69
00000045   _EVENT69
00000046   EVENT70
00000046   _EVENT70
00000047   EVENT71
00000047   _EVENT71
00000048   EVENT72
00000048   _EVENT72
00000049   EVENT73
00000049   _EVENT73
0000004a   EVENT74
0000004a   _EVENT74
0000004b   EVENT75
0000004b   _EVENT75
0000004c   EVENT76
0000004c   _EVENT76
0000004d   EVENT77
0000004d   _EVENT77
0000004e   EVENT78
0000004e   _EVENT78
0000004f   EVENT79
0000004f   _EVENT79
00000050   EVENT80
00000050   _EVENT80
00000051   EVENT81
00000051   _EVENT81
00000052   EVENT82
00000052   _EVENT82
00000053   EVENT83
00000053   _EVENT83
00000054   EVENT84
00000054   _EVENT84
00000055   EVENT85
00000055   _EVENT85
00000056   EVENT86
00000056   _EVENT86
00000057   EVENT87
00000057   _EVENT87
00000058   EVENT88
00000058   _EVENT88
00000059   EVENT89
00000059   _EVENT89
0000005a   EVENT90
0000005a   _EVENT90
0000005b   EVENT91
0000005b   _EVENT91
0000005c   EVENT92
0000005c   _EVENT92
0000005d   EVENT93
0000005d   _EVENT93
0000005e   EVENT94
0000005e   _EVENT94
0000005f   EVENT95
0000005f   _EVENT95
00000060   EVENT96
00000060   _EVENT96
00000061   EVENT97
00000061   _EVENT97
00000062   EVENT98
00000062   _EVENT98
00000063   EVENT99
00000063   _EVENT99
00000064   EVENT100
00000064   PIP_OBJSIZE
00000064   _EVENT100
00000065   EVENT101
00000065   _EVENT101
00000066   EVENT102
00000066   _EVENT102
00000067   EVENT103
00000067   _EVENT103
00000068   EVENT104
00000068   _EVENT104
00000069   EVENT105
00000069   _EVENT105
0000006a   EVENT106
0000006a   _EVENT106
0000006b   EVENT107
0000006b   _EVENT107
0000006c   EVENT108
0000006c   _EVENT108
0000006d   EVENT109
0000006d   _EVENT109
0000006e   EVENT110
0000006e   _EVENT110
0000006f   EVENT111
0000006f   _EVENT111
00000070   EVENT112
00000070   _EVENT112
00000071   EVENT113
00000071   _EVENT113
00000072   EVENT114
00000072   _EVENT114
00000073   EVENT115
00000073   _EVENT115
00000074   EVENT116
00000074   _EVENT116
00000075   EVENT117
00000075   _EVENT117
00000076   EVENT118
00000076   _EVENT118
00000077   EVENT119
00000077   _EVENT119
00000078   EVENT120
00000078   _EVENT120
00000079   EVENT121
00000079   _EVENT121
0000007a   EVENT122
0000007a   _EVENT122
0000007b   EVENT123
0000007b   _EVENT123
0000007c   EVENT124
0000007c   _EVENT124
0000007d   EVENT125
0000007d   _EVENT125
0000007e   EVENT126
0000007e   _EVENT126
0000007f   EVENT127
0000007f   _EVENT127
000000ff   HST_MAXFRAMEALLOWED
000001f4   PRD0$period
00000200   LOG_system$size
000003e8   CLK_MICROSECS
00000400   HST_DSMMEMSIZE
00000400   TSK_STACKSIZE
00000400   __STACK_SIZE
00000400   trace$size
00000408   RTDX_BUFMEMSIZE
00001a5b   GBL_CLKTYPE
00001a5c   GBL_DSPSUBTYPE
00002000   IRAM$L
00002000   _IRAM_length
00004000   CLK_INTBIT
00004e20   GBL_CLKIN
00005205   GBL_A_VERSION
00005828   HWI_CFGDISPATCHED
00005828   _HWI_CFGDISPATCHED
00005dc0   CLK_INPUTCLK
00005dc0   CLK_PRD
00005dc0   _CLK_PRD
0000dbef   GBL_TRCMASKVALUE
000493e0   CLK_COUNTSPMS
000493e0   CLK_HTIMEPERLTIME
000493e0   CLK_LTIMEMULT
000493e0   GBL_FREQ
000493e0   _CLK_COUNTSPMS
01c20000   CLK_REGS
01c20000   _CLK_REGS
07063d04   HWI_INTRMUX1
0b0a0908   HWI_INTRMUX2
11800000   .data
11800000   .text
11800000   _EVMC6748_init
11800000   ___data__
11800000   ___edata__
11800000   ___text__
11800000   edata
1180002c   _EVMC6748_initRAM
118001e8   _EVMC6748_enableDsp
11800214   _EVMC6748_pinmuxConfig
118002b0   _EVMC6748_lpscTransition
11800688   _config_pll0
118008c4   _config_pll1
11800aa8   _UTIL_printMem
11800c00   _UTIL_isUIBoardAttached
11800c20   _read_audio_sample
11800c44   _write_audio_sample
11800c68   _initAll
11800cd0   _McASP_Init
11800e14   _McASP_Start
1180104c   _AIC3106_Init
11801100   _AIC3106_readRegister
11801154   _AIC3106_writeRegister
11801198   _USTIMER_delay
11801210   _SetGpio
11801240   __divd
11802280   _I2CGPIO_init
11802354   _I2CGPIO_getInput
11802470   _I2CGPIO_getInputAll
11802580   _I2CGPIO_setOutput
118026c8   _I2CGPIO_setOutputAll
11802760   __printfi
11802ba0   _fputs
11802f40   _GPIO_setDir
11802fb8   _GPIO_getInput
1180302c   _GPIO_setOutput
118030ac   _GPIO_toggleLoop
118032c0   _I2C_init
118033ac   _I2C_read
11803508   _I2C_write
11804160   __divull
11804620   _main
11804664   _dipPRD
118046f4   _audioHWI
11804ce0   _fputc
11804ce0   _putc
11805100   _setvbuf
11805300   _LED_init
1180534c   _LED_isOn
118053b4   _LED_turnOn
11805404   _LED_turnOff
1180544c   _LED_toggle
118056a0   __divul
11805840   _HOSTrename
118059c0   _DIP_init
118059e4   _DIP_get
11805a48   _DIP_getAll
11805da0   __closefile
11805fe0   _fseek
11806100   _HOSTlseek
11806200   __wrt_ok
11806300   _call_dtors
11806400   _HOSTopen
118064e0   _HOSTread
118065c0   _atoi
118066a0   _close
11806780   _memset
11806860   _printf
11806940   _HOSTunlink
11806a00   _HOSTwrite
11806b80   __c6xabi_divu
11806b80   __divu
11806c40   __doflush
11806d00   _atexit
11806dc0   _ltoa
11806f40   _HOSTclose
11806fe0   __cleanup
11807080   __divli
11807260   __fixdli
11807440   _lseek
118074e0   _memcpy
11807580   _write
11807620   __fltlid
118076a0   __llshl
11807720   _readmsg
118077a0   _unlink
11807820   __subcull
11807880   _memccpy
118078e0   _writemsg
11807938   C$$IO$$
11807940   ___add_dtor
11807980   ___isinf
11807a00   __frcmpyd_div
11807a40   __llshru
11807a80   __remli
11807ac0   __negll
11807ae0   __nop
11807b40   __register_lock
11807b60   __register_unlock
11807b80   _remove
11807ba0   LNK_F_checkBufferCall
11807ba0   ___etext__
11807ba0   etext
11807bc0   LNK_F_getChanPtr
11807c18   LNK_F_init
11807c20   LNK_F_dataPump
11807c30   LNK_rcloop
11807cf4   LNK_rdrtry
11807d04   LNK_rrloop
11807dc4   LNK_wrrtry
11807dd0   LNK_wrloop
11807ea0   LNK_newin
11807fd4   LNK_newout
11808128   LNK_F_readCallBack
11808160   _EXC_nmi
11808194   _EXC_internal
11808440   _EXC_init
11808480   _EXC_getLastStatus
118084a0   _EXC_external
118084d4   _EXC_exceptionHandler
118086b0   _EXC_clearLastStatus
118086e0   CLK_HOOKFXN
118086e0   HWI_F_dispatch
118086e0   _HWI_F_dispatch
118086e0   __HWI_lat1beg
11808868   __HWI_lat1end
11808868   __HWI_lat2beg
118089d0   __HWI_lat2end2
11808a00   __HWI_lat3end2
11808a44   __HWI_lat2end1
11808a60   __HWI_lat3beg
11808bc0   SWI_F_enable
11808bc0   __SWI_lat3beg
11808c2c   __SWI_lat3end
11808c30   SWI_F_post
11808c30   _SWI_post
11808d38   __SWI_lat1beg
11808da4   SWI_EXECFXN
11808da4   SWI_F_exec
11808dcc   SWI_F_iexec
11808de4   __SWI_lat1end
11808de8   __SWI_lat2beg
11808e48   __SWI_lat2end
11808e4c   SWI_F_run
11808e4c   SWI_RUNFXN
11809080   PRD_F_swi
11809304   PRD_F_tick
11809400   _free
11809424   _malloc
11809484   _realloc
11809568   _memalign
1180962c   _calloc
11809680   RTA_F_getlog
118096b8   RTA_F_getsts
118096f8   RTA_F_readblk
11809714   RTA_F_writeword
11809720   RTA_F_resetmem
11809720   __RTA_lat1beg
11809754   __RTA_lat1end
11809760   RTA_F_dispatch
118097ac   RTA_execute
11809900   _KNL_run
11809b40   _MEM_alloc
11809f14   PRD_THOOKFXN
11809f14   _KNL_tick
11809f40   _MEM_free
1180a120   _EXC_dispatch
1180a2e4   _EXC_setReturnPtr
1180a300   PIP_F_take
1180a378   PIP_F_give
1180a378   PIP_F_probe
1180a448   PIP_F_start
1180a4e0   _SEM_pendEnterKnl
1180a6c0   __SEM_dopost
1180a860   _TSK_setup
1180aa00   CLK_F_getltime
1180aa10   CLK_F_isr
1180ab50   CLK_F_itime
1180ab50   _CLK_F_itime
1180ab50   _CLK_itime
1180ab70   __CLK_lat1beg
1180ab90   __CLK_lat1end
1180aba0   _KNL_saveIsrFrame
1180ac4c   _KNL_switch
1180acf8   KNL_glue
1180ad20   __auto_init
1180ae60   _TSK_exit
1180afa0   _BCACHE_setSize
1180afe4   _BCACHE_setMar
1180b034   _BCACHE_setCacheToSram
1180b064   _BCACHE_getSize
1180b0b4   _BCACHE_getMar
1180b148   _GBL_cacheInit64P
1180b200   _KNL_check
1180b24c   __KNL_lat1beg
1180b2c8   _KNL_idle
1180b2c8   __KNL_lat1end
1180b2f0   _KNL_max
1180b3c4   _TSK_startup
1180b440   _SEM_post
1180b440   _SEM_postBinary
1180b520   _KNL_exit
1180b560   _KNL_enter
1180b5e0   _SEM_postEnterKnl
1180b680   _SYS_exit
1180b720   _KNL_ipost
1180b7a0   _KNL_post
1180b820   _LCK_post
1180b840   _LCK_pend
1180b8a0   LOG_F_event
1180b8a0   _LOG_event
1180b8a0   __LOG_lat1beg
1180b920   IDL_F_calibrate
1180b9a0   _SYS_error
1180ba00   FXN_F_nop
1180ba04   FXN_F_run
1180ba04   _FXN_F_run
1180ba40   FXN_F_zero
1180ba40   _FXN_F_zero
1180ba60   _HWI_disable
1180ba78   _HWI_enable
1180ba8c   _HWI_restore
1180bac0   IDL_F_busy
1180bac0   __IDL_lat1beg
1180bb00   __IDL_lat1end
1180bb20   _SEM_pend
1180bb80   STS_F_delta
1180bb80   _STS_delta
1180bbac   STS_F_add
1180bbac   _STS_add
1180bbc8   STS_F_reset
1180bbc8   _STS_reset
1180bbe0   _SYS_abort
1180bc40   _CLK_measure
1180bca0   IDL_CALIBRFXN
1180bca0   IDL_F_stub
1180bce0   RTA_F_andn
1180bcf8   RTA_F_or
1180bd20   SYS_ABORTFXN
1180bd20   _UTL_doAbort
1180bd60   SYS_PUTCFXN
1180bd60   _UTL_doPutc
1180bda0   GBL_USERINITFXN
1180bda0   GIO_CREATEFXN
1180bda0   GIO_DELETEFXN
1180bda0   GIO_PENDFXN
1180bda0   GIO_POSTFXN
1180bda0   PWRM_PWRM_SHAREDRESOURCEFXN
1180bda0   PWRM_PWRM_SLOTHOOKFXN
1180bda0   TSK_VCREATEFXN
1180bda0   TSK_VDELETEFXN
1180bda0   TSK_VEXITFXN
1180bda0   _BCACHE_bootInit
1180bda0   _FXN_F_nop
1180bdc0   _GBL_getVersion
1180bde0   IDL_F_loop
1180bde0   _IDL_loop
1180be00   _STS_set
1180be20   SYS_ERRORFXN
1180be20   _UTL_doError
1180be40   SYS_EXITFXN
1180be40   _UTL_halt
1180be60   CLK_F_gethtime
1180be60   CLK_TIMEFXN
1180be60   _CLK_gethtime
1180be80   _b_fir
1180de80   _a_fir
1180de88   _buffer
1180ee88   _lowPass1
1180eec8   _lowPass2
1180eed4   _CLK_inputClock
1180eed8   __ftable
1180f0b8   __tmpnams
1180f1f8   __ft_end
1180f200   ___atexit_func_id__
1180f4a4   _dtors
1180f4a8   _KNL_queues
1180f548   _KNL_dummy
1180f580   _TSK_ATTRS
1180f59c   _TSK_config
1180f5bc   _TSK_timerSem
1180f5e0   _OBJ_table
1180f618   _OBJ_segtab
1180f634   __TSK_mutex
1180f65c   __MEM_mutex
1180f688   _SYS_exitStack
1180f6c0   _EXC_status
1180f6ec   __cleanup_ptr
1180f6f0   __dtors_ptr
1180f6f4   ___TI_enable_exit_profile_output
1180f6f8   __lock
1180f6fc   __unlock
1180f708   ___cinit__
1180f708   cinit
11812864   IRAM$B
11812864   _IRAM_base
11814864   RTA_fromHost$buf
11814874   ___pinit__
11814874   pinit
11814880   BIOS_init
11814880   _BIOS_init
11814a04   BIOS$$CLKON
11814a44   BIOS$$CLKOFF
11814ab0   BIOS_start
11814ab0   _BIOS_start
11814c00   _c_int00
11814cc0   _MEM_init
11814d80   _TSK_init
11814de0   _SYS_PUTCBEG
11814fdf   _SYS_PUTCEND
11814fe0   PRD0
11814fe0   PRD_A_TABBEG
11814fe0   _PRD0
11814ffc   PRD0$aaa
11815000   PRD_A_TABEND
11815000   trace$buf
11816000   _HSRTDX_rec
118162a0   _RTDX_Buffer_WriteCB
11816760   _HSRTDX_xmt
11816a60   _RTDX_Mon_Queue
11816cc0   _RTDX_Poll
11816d60   _RTDX_Final_RT_Monitor
11816de0   _RTDX_Buffer_Initialize
11816e40   _RTDX_Init_RT_Monitor
11816ea0   _RTDX_Buffer_ReadCB
11816ee0   _RTDX_Buffer_Size
11816f20   _RTDX_memfill
11816f60   _RTDX_Buffer_Read
11816f80   _RTDX_Buffer_Write
11816fa0   _RTDX_Mask_IER
11816fc0   HST_A_TABBEG
11816fc0   _HST_A_TABBEG
11816fc4   RTA_fromHost
11816fc4   _RTA_fromHost
11816fcc   RTA_fromHost$rtdx
11816fe0   RTA_toHost
11816fe0   _RTA_toHost
11816fe8   RTA_toHost$rtdx
11816ffc   HST_A_TABEND
11816ffc   _HST_A_TABEND
11817000   LOG_system$buf
11817880   _RTDX_Buffer
11817c88   _RTDX_Buffer_Start
11817c8c   _RTDX_Buffer_End
11817c90   _rtdx_mon_state
11817cd4   _rtdx_buffer_state
11817ce0   _RTDX_writing
11817e90   __ctypes_
11817f98   _bitval_u32
11818111   PRD0$sts$maxfmt
11818118   TSK_idle$stack
1181811a   PRD0$sts$sumfmt
11818123   PRD0$sts$avgfmt
1181812e   PRD_swi$sts$maxfmt
11818136   PRD_swi$sts$sumfmt
1181813e   PRD_swi$sts$avgfmt
11818148   KNL_swi$sts$maxfmt
11818150   KNL_swi$sts$sumfmt
11818158   KNL_swi$sts$avgfmt
11818162   TSK_idle$sts$maxfmt
1181816a   TSK_idle$sts$sumfmt
11818172   TSK_idle$sts$avgfmt
1181817c   IDL_busyObj$maxfmt
1181817f   IDL_busyObj$sumfmt
11818182   IDL_busyObj$avgfmt
118184b0   TSK_idle$stkptr
11818518   GBL_stackbeg
11818518   _HWI_STKTOP
11818518   __stack
11818910   _HWI_STKBOTTOM
11818917   GBL_stackend
11818918   $bss
11818918   .bss
11818918   _HWI_dispatchTab
11818918   __STACK_END
11818918   ___bss__
11818a18   IDL_D_tabbeg
11818a1c   IDL_D_calibrate
11818a20   IDL_D_calbeg
11818a24   LOG_D_system
11818a24   _LOG_D_system
11818a28   PIP_D_tabbeg
11818a2c   PIP_D_tablen
11818a30   CLK_R_time
11818a34   CLK_D_timefxn
11818a38   CLK_D_tabbeg
11818a3c   CLK_D_isrhook
11818a40   CLK_D_idletime
11818a44   _CLK_htimeDiv
11818a48   _CLK_htimeMult
11818a4c   _CLK_ltimeDiv
11818a50   _CLK_ltimeMult
11818a54   _CLK_D_dirty
11818a58   _CLK_D_prd
11818a5c   _CLK_D_tddr
11818a60   _CLK_D_countspms
11818a64   PRD_D_tick
11818a64   _PRD_D_tick
11818a68   PRD_D_cur
11818a6c   PRD_D_elapsed
11818a70   PRD_D_prevtim
11818a74   PRD_D_scalar
11818a78   PRD_D_swihandle
11818a7c   PRD_D_tabbeg
11818a80   PRD_D_tablen
11818a84   PRD_D_thook
11818a88   RTA_D_fromHost
11818a8c   RTA_D_toHost
11818a90   RTA_D_logval
11818aa0   RTA_D_stsval
11818aac   HST_D_chanmask
11818ab0   HST_D_tabbeg
11818ab4   HST_D_tabend
11818ab8   _GBL_procId
11818abc   _GBL_clkIn
11818ac0   _GBL_freq
11818ac4   _MEM_D_NUMSEGMENTS
11818ac8   _MEM_D_memtab
11818acc   _MEM_D_freelist
11818ad0   _MEM_D_lockaddr
11818ad4   _MEM_D_unlockaddr
11818ad8   _SYS
11818adc   __HOOK_knlId
11818ae0   __HOOK_NUMHOOKS
11818ae4   SWI_D_runaddr
11818ae4   _SWI_D_runaddr
11818ae4   _SWI_data
11818ae8   SWI_D_execaddr
11818ae8   _SWI_D_execaddr
11818aec   SWI_D_curmask
11818aec   _SWI_D_curmask
11818af0   SWI_D_curset
11818af0   _SWI_D_curset
11818af4   SWI_D_lock
11818af4   _SWI_D_lock
11818af8   SWI_D_curmbox
11818afc   SWI_D_curfxn
11818afc   _SWI_D_curfxn
11818b00   SWI_D_rdybeg
11818b00   _SWI_D_rdybeg
11818b04   SWI_D_inswi
11818b04   _SWI_D_inswi
11818b08   SWI_D_rdytab
11818b80   _KNL_wFlag
11818b84   _KNL_wList
11818b88   _KNL_alarm
11818b8c   _KNL_setpri
11818b90   _KNL_inactive
11818b94   _KNL_priority
11818b98   _KNL_set
11818b9c   _KNL_curtask
11818ba0   _KNL_prevtask
11818ba4   _KNL_curtime
11818ba8   _KNL_swiptr
11818bac   _KNL_curqueue
11818bb0   _KNL_maxqueue
11818bb4   _KNL_tswitchfxn
11818bb8   _KNL_tcreatefxn
11818bbc   _KNL_tdeletefxn
11818bc0   _KNL_treadyfxn
11818bc4   _KNL_idlefxn
11818bc8   _MEM_memtab
11818bd4   HST_DSMBUFSEG
11818bd4   IRAM
11818bd4   MEM_MALLOCSEG
11818bd4   MEM_SEGZERO
11818bd4   RTDX_DATAMEMSEG
11818bd4   _IRAM
11818bd4   _SEG0
11818bd8   RTA_fromHost$pipe$dtab
11818be4   RTA_toHost$pipe$dtab
11818bf0   _EXC_sysTrapTable
11818bf8   _EXC_returnPtr
11818c10   HWI_D_spsave
11818c10   _HWI_D_spsave
11818c10   _HWI_data
11818c1c   _HWI_D_inhwi
11818c20   HWI_D_bss
11818c24   HWI_D_ccmask
11818c28   LNK_dspFrameRequestMask
11818c28   _LNK_dspFrameRequestMask
11818c2c   LNK_dspFrameReadyMask
11818c2c   _LNK_dspFrameReadyMask
11818c30   LNK_readPend
11818c30   _LNK_readPend
11818c34   LNK_readDone
11818c34   _LNK_readDone
11818c38   LNK_readFail
11818c38   _LNK_readFail
11818c3c   LNK_writeFail
11818c3c   _LNK_writeFail
11818c40   _mask
11818c42   _filterOn
11818c43   _dist
11818c44   _bufferLength
11818c48   _readBuffer
11818c4c   _writeIndex
11818c50   _readFilter
11818c54   _EXC_exceptionHook
11818c58   _EXC_internalHook
11818c5c   _EXC_externalHook
11818c60   _EXC_nmiHook
11818c6c   _rtdxNullChanCnt
11818c70   _rtdxNullFuncCnt
11818c74   _rtdxXmtNotDoneCnt
11818c78   _rtdxRecNotDoneCnt
11818c7c   _rtdxXmtRestartCnt
11818c80   _rtdxXmtErrorCnt
11818c84   _TSK_nTasks
11818c88   _TSK_pid
11818c8c   _TSK
11818c90   _CLK_DFLTMICROSECS
11818c94   _CLK_D_microseconds
11818c98   _SYS_exitStackPtr
11818c9c   _SYS_exitStackTop
11818ca0   _CLK_htimePerLtime
11818ca4   IDL_D_busyObj
11818ca8   _MEM
11818cb0   __CIOBUF_
11818cb0   ___end__
11818cb0   end
11818dd0   RTA_toHost$buf
11818ed0   PIP_A_TABBEG
11818ed0   RTA_fromHost$pipe
11818ed0   _PIP_A_TABBEG
11818ed4   RTA_fromHost$pipe$rd
11818f00   RTA_fromHost$pipe$aaa
11818f04   RTA_fromHost$pipe$wr
11818f30   RTA_fromHost$pipe$bbb
11818f34   RTA_toHost$pipe
11818f38   RTA_toHost$pipe$rd
11818f64   RTA_toHost$pipe$aaa
11818f68   RTA_toHost$pipe$wr
11818f94   RTA_toHost$pipe$bbb
11818f98   PIP_A_TABEND
11818f98   _PIP_A_TABEND
11818fa4   TSK_idle
11818fa4   _TSK_idle
11818ff8   CLK_A_TABBEG
11818ff8   PRD_clock
11818ff8   _PRD_clock
11818ffc   CLK_null
11819000   HWI_A_VECS
11819000   hwi0
11819020   hwi1
11819040   hwi2
11819060   hwi3
11819080   hwi4
118190a0   hwi5
118190c0   hwi6
118190e0   hwi7
11819100   hwi8
11819120   hwi9
11819140   hwi10
11819160   hwi11
11819180   hwi12
118191a0   hwi13
118191c0   hwi14
118191e0   hwi15
11819200   PRD_SWIHANDLE
11819200   PRD_swi
11819200   SWI_A_TABBEG
11819200   _PRD_swi
1181922c   KNL_swi
1181922c   _KNL_swi
11819258   PRD0$sts$stsobj
11819258   STS_A_TABBEG
11819258   SWI_A_TABEND
11819258   _STS_A_TABBEG
1181925c   PRD0$sts
11819268   PRD_swi$sts$stsobj
1181926c   PRD_swi$sts
11819278   KNL_swi$sts$stsobj
1181927c   KNL_swi$sts
11819288   TSK_idle$sts$stsobj
1181928c   TSK_idle$sts
11819298   IDL_busyObj$stsobj
1181929c   IDL_busyObj
1181929c   _IDL_busyObj
118192a8   STS_A_TABEND
118192a8   _STS_A_TABEND
11819338   LOG_A_TABBEG
11819338   LOG_system
11819338   _LOG_A_TABBEG
11819338   _LOG_system
11819350   _trace
11819350   trace
11819368   IDL_A_TABBEG
11819368   IDL_cpuLoad
11819368   LOG_A_TABEND
11819368   _IDL_cpuLoad
11819368   _LOG_A_TABEND
1181936c   LNK_dataPump
1181936c   _LNK_dataPump
11819370   RTA_dispatcher
11819370   _RTA_dispatcher
11819374   IDL_END
11819378   IDL_A_CALBEG
11819378   IDL_cpuLoad$
1181937c   LNK_dataPump$
11819380   RTA_dispatcher$
11819384   IDL_END$
11819388   SYS$config
11819398   TRC_cinit
1181939c   TRC_R_mask
1181939c   _TRC_R_mask
118193a0   GBL_initdone
28040d0c   HWI_INTRMUX3
ffffffff   CACHE_L1D
ffffffff   CACHE_L1P
ffffffff   DDR
ffffffff   ECM_EVTMASK0
ffffffff   ECM_EVTMASK1
ffffffff   ECM_EVTMASK2
ffffffff   ECM_EVTMASK3
ffffffff   GBL_L2MAR192_223
ffffffff   L3_CBA_RAM
ffffffff   _CACHE_L1D
ffffffff   _CACHE_L1P
ffffffff   _DDR
ffffffff   _L3_CBA_RAM
ffffffff   ___TI_pprof_out_hndl
ffffffff   ___TI_prof_data_size
ffffffff   ___TI_prof_data_start
ffffffff   ___binit__
ffffffff   ___c_args__
ffffffff   binit

[1141 symbols]
