******************************************************************************
               TMS320C6x Linker PC v7.4.18                     
******************************************************************************
>> Linked Mon Jul 13 12:03:16 2020

OUTPUT FILE NAME:   <GuitarAmpGitVersion.out>
ENTRY POINT SYMBOL: "_c_int00"  address: 11813b80


MEMORY CONFIGURATION

         name            origin    length      used     unused   attr    fill
----------------------  --------  ---------  --------  --------  ----  --------
  IRAM                  11800000   00040000  00015629  0002a9d7  RWIX
  CACHE_L1P             11e00000   00008000  00000000  00008000  RWIX
  CACHE_L1D             11f00000   00008000  00000000  00008000  RWIX
  L3_CBA_RAM            80000000   00020000  00000000  00020000  RWIX
  DDR                   c3000000   01000000  00000000  01000000  RWIX


SECTION ALLOCATION MAP

 output                                  attributes/
section   page    origin      length       input sections
--------  ----  ----------  ----------   ----------------
.vers      0    00000000    0000003c     COPY SECTION
                  00000000    0000003c     hellocfg.obj (.vers)

.data      0    11800000    00000000     UNINITIALIZED

.text      0    11800000    00008680     
                  11800000    00000c20     evmc6748_bsl.lib : evmc6748.obj (.text)
                  11800c20    00000a60     hello.obj (.text)
                  11801680    00000620     framework.obj (.text)
                  11801ca0    000005a0     rts6740.lib : divd.obj (.text:__divd)
                  11802240    00000580                 : _printfi.obj (.text:__getarg_diouxp)
                  118027c0    00000520                 : _printfi.obj (.text:__setfield)
                  11802ce0    000004e0     evmc6748_bsl.lib : evmc6748_i2c_gpio.obj (.text)
                  118031c0    00000440     rts6740.lib : _printfi.obj (.text:__printfi)
                  11803600    000003a0                 : fputs.obj (.text:_fputs)
                  118039a0    00000380     evmc6748_bsl.lib : evmc6748_gpio.obj (.text)
                  11803d20    00000380                      : evmc6748_i2c.obj (.text)
                  118040a0    00000320     rts6740.lib : _printfi.obj (.text:__pproc_fge)
                  118043c0    000002c0                 : _printfi.obj (.text:__pproc_fwp)
                  11804680    000002a0                 : _printfi.obj (.text:_ecvt)
                  11804920    000002a0                 : _printfi.obj (.text:_fcvt)
                  11804bc0    00000260                 : imath64.obj (.text:__divull)
                  11804e20    00000260                 : _printfi.obj (.text:__pconv_e)
                  11805080    00000240                 : _printfi.obj (.text:__pproc_diouxp)
                  118052c0    00000220                 : _printfi.obj (.text:__pproc_str)
                  118054e0    00000220                 : fputc.obj (.text:_fputc)
                  11805700    00000200                 : _printfi.obj (.text:__pconv_g)
                  11805900    00000200                 : setvbuf.obj (.text:_setvbuf)
                  11805b00    000001e0     evmc6748_bsl.lib : evmc6748_led.obj (.text)
                  11805ce0    000001c0     rts6740.lib : _printfi.obj (.text:__mcpy)
                  11805ea0    000001a0                 : imath40.obj (.text:__divul)
                  11806040    00000180                 : trgdrv.obj (.text:_HOSTrename)
                  118061c0    00000160     evmc6748_bsl.lib : evmc6748_dip.obj (.text)
                  11806320    00000140     rts6740.lib : _printfi.obj (.text:__pproc_fflags)
                  11806460    00000140                 : lowlev.obj (.text:_getdevice)
                  118065a0    00000120                 : fclose.obj (.text:__closefile)
                  118066c0    00000120                 : _printfi.obj (.text:__ltostr)
                  118067e0    00000120                 : fseek.obj (.text:_fseek)
                  11806900    00000100                 : trgdrv.obj (.text:_HOSTlseek)
                  11806a00    00000100                 : _io_perm.obj (.text:__wrt_ok)
                  11806b00    00000100                 : sinit.obj (.text:_call_dtors)
                  11806c00    000000e0                 : trgdrv.obj (.text:_HOSTopen)
                  11806ce0    000000e0                 : trgdrv.obj (.text:_HOSTread)
                  11806dc0    000000e0                 : divi.obj (.text:__divi)
                  11806ea0    000000e0                 : atoi.obj (.text:_atoi)
                  11806f80    000000e0                 : lowlev.obj (.text:_close)
                  11807060    000000e0                 : memset.obj (.text:_memset)
                  11807140    000000e0                 : printf.obj (.text:_printf)
                  11807220    000000c0                 : trgdrv.obj (.text:_HOSTunlink)
                  118072e0    000000c0                 : trgdrv.obj (.text:_HOSTwrite)
                  118073a0    000000c0                 : _printfi.obj (.text:__div)
                  11807460    000000c0                 : divu.obj (.text:__divu)
                  11807520    000000c0                 : fflush.obj (.text:__doflush)
                  118075e0    000000c0                 : remi.obj (.text:__remi)
                  118076a0    000000c0                 : atexit.obj (.text:_atexit)
                  11807760    000000c0                 : ltoa.obj (.text:_ltoa)
                  11807820    000000c0     bios.a674 : tsk_stup.o674 (.text)
                  118078e0    000000a0     rts6740.lib : trgdrv.obj (.text:_HOSTclose)
                  11807980    000000a0                 : fopen.obj (.text:__cleanup)
                  11807a20    000000a0                 : imath40.obj (.text:__divli)
                  11807ac0    000000a0                 : _printfi.obj (.text:__ecpy)
                  11807b60    000000a0                 : _printfi.obj (.text:__fcpy)
                  11807c00    000000a0                 : fixdli.obj (.text:__fixdli)
                  11807ca0    000000a0                 : round.obj (.text:__nround)
                  11807d40    000000a0                 : _printfi.obj (.text:__pconv_f)
                  11807de0    000000a0                 : lowlev.obj (.text:_finddevice)
                  11807e80    000000a0                 : lowlev.obj (.text:_lseek)
                  11807f20    000000a0                 : memcpy64.obj (.text:_memcpy)
                  11807fc0    000000a0                 : modf.obj (.text:_modf)
                  11808060    000000a0                 : lowlev.obj (.text:_write)
                  11808100    00000080                 : fltlid.obj (.text:__fltlid)
                  11808180    00000080                 : llshift.obj (.text:__llshl)
                  11808200    00000080                 : trgmsg.obj (.text:_readmsg)
                  11808280    00000080                 : lowlev.obj (.text:_unlink)
                  11808300    00000060                 : imath64.obj (.text:__subcull)
                  11808360    00000060                 : memccpy.obj (.text:_memccpy)
                  118083c0    00000060                 : trgmsg.obj (.text:_writemsg)
                  11808420    00000040                 : sinit.obj (.text:___add_dtor)
                  11808460    00000040                 : isinf.obj (.text:___isinf)
                  118084a0    00000040                 : _printfi.obj (.text:___isnan)
                  118084e0    00000040                 : frcmpyd_div.obj (.text:__frcmpyd_div)
                  11808520    00000040                 : llshift.obj (.text:__llshru)
                  11808560    00000040                 : imath40.obj (.text:__remli)
                  118085a0    00000020                 : negll.obj (.text:__negll)
                  118085c0    00000020                 : _lock.obj (.text:__nop)
                  118085e0    00000020                 : printf.obj (.text:__outc)
                  11808600    00000020                 : printf.obj (.text:__outs)
                  11808620    00000020                 : _lock.obj (.text:__register_lock)
                  11808640    00000020                 : _lock.obj (.text:__register_unlock)
                  11808660    00000020                 : remove.obj (.text:_remove)

.bios      0    11808680    000042e0     
                  11808680    000005c0     lnkrtdx.a674 : rtdx.o674 (.bios)
                  11808c40    00000580     bios.a674 : exc.o674 (.bios)
                  118091c0    000004e0               : hwi_disp_asm.o674 (.bios)
                  118096a0    000004c0               : swi.o674 (.bios)
                  11809b60    00000380               : prd.o674 (.bios)
                  11809ee0    00000280               : malloc.o674 (.bios)
                  1180a160    00000280               : rta.o674 (.bios)
                  1180a3e0    00000240               : knl_run.o674 (.bios)
                  1180a620    00000200               : mem_allo.o674 (.bios:.near)
                  1180a820    00000200               : knl_tick.o674 (.bios)
                  1180aa20    000001e0               : mem_free.o674 (.bios:.near)
                  1180ac00    000001e0               : exc_asm.o674 (.bios)
                  1180ade0    000001e0               : pip.o674 (.bios)
                  1180afc0    000001e0               : sem_pend.o674 (.bios)
                  1180b1a0    000001a0               : sem_dopo.o674 (.bios)
                  1180b340    000001a0               : tsk_setu.o674 (.bios)
                  1180b4e0    000001a0     bios6748.a674 : clk.o674 (.bios)
                  1180b680    00000180     bios.a674 : knl_swit.o674 (.bios)
                  1180b800    00000140               : autoinit.o674 (.bios)
                  1180b940    00000140               : tsk_exit.o674 (.bios)
                  1180ba80    00000140     bios6748.a674 : bcache_init.o674 (.bios)
                  1180bbc0    00000120     bios.a674 : gbl_cacheinit64P.o674 (.bios)
                  1180bce0    00000120               : knl_chec.o674 (.bios)
                  1180be00    00000120               : tsk_stup.o674 (.bios)
                  1180bf20    000000e0               : sem_post_asm.o674 (.bios)
                  1180c000    000000c0               : knl_exit.o674 (.bios)
                  1180c0c0    000000a0               : sem_post.o674 (.bios)
                  1180c160    000000a0               : sys_exit.o674 (.bios)
                  1180c200    00000080               : knl_ipos.o674 (.bios)
                  1180c280    00000080               : knl_post.o674 (.bios)
                  1180c300    00000080               : lck.o674 (.bios)
                  1180c380    00000080               : log.o674 (.bios)
                  1180c400    00000080     bios6748.a674 : idl_cal.o674 (.bios)
                  1180c480    00000060     bios.a674 : sys_erro.o674 (.bios:.near)
                  1180c4e0    00000060               : fxn.o674 (.bios)
                  1180c540    00000060               : hwi_c.o674 (.bios)
                  1180c5a0    00000060               : idl_busy.o674 (.bios)
                  1180c600    00000060               : sem_pend_counting.o674 (.bios)
                  1180c660    00000060               : sts.o674 (.bios)
                  1180c6c0    00000060               : sys_abor.o674 (.bios)
                  1180c720    00000060     bios6748.a674 : clk_meas.o674 (.bios)
                  1180c780    00000040     bios.a674 : idl_stub.o674 (.bios)
                  1180c7c0    00000040               : rta_andn.o674 (.bios)
                  1180c800    00000040               : utl_doab.o674 (.bios)
                  1180c840    00000040               : utl_putc.o674 (.bios)
                  1180c880    00000020               : fxn_c.o674 (.bios)
                  1180c8a0    00000020               : gbl_vers.o674 (.bios)
                  1180c8c0    00000020               : idl.o674 (.bios)
                  1180c8e0    00000020               : sts_set.o674 (.bios)
                  1180c900    00000020               : utl_doer.o674 (.bios)
                  1180c920    00000020               : utl_halt.o674 (.bios)
                  1180c940    00000020     bios6748.a674 : clk_gethtime.o674 (.bios)

.IRAM$heap 
*          0    1180c960    00002000     UNINITIALIZED
                  1180c960    00002000     --HOLE--

.cinit     0    1180e960    0000140c     
                  1180e960    000006c4     hellocfg.obj (.cinit)
                  1180f024    00000004     --HOLE-- [fill = 0]
                  1180f028    0000036c     hello.obj (.cinit)
                  1180f394    00000004     --HOLE-- [fill = 0]
                  1180f398    0000026c     bios.a674 : biosdata.o674 (.cinit)
                  1180f604    00000004     --HOLE-- [fill = 0]
                  1180f608    000001a4               : knl.o674 (.cinit)
                  1180f7ac    00000004     --HOLE-- [fill = 0]
                  1180f7b0    000000b0               : swi.o674 (.cinit)
                  1180f860    00000080               : tsk.o674 (.cinit)
                  1180f8e0    00000068     rtdx64xplus.lib : rtdx_mon.o64P (.cinit)
                  1180f948    00000060     bios.a674 : tsk_stup.o674 (.cinit)
                  1180f9a8    0000005c     lnkrtdx.a674 : rtdx.o674 (.cinit)
                  1180fa04    00000004     --HOLE-- [fill = 0]
                  1180fa08    0000005c     rts6740.lib : defs.obj (.cinit)
                  1180fa64    00000004     --HOLE-- [fill = 0]
                  1180fa68    0000005c                 : lowlev.obj (.cinit)
                  1180fac4    00000004     --HOLE-- [fill = 0]
                  1180fac8    0000004c     bios.a674 : rta.o674 (.cinit)
                  1180fb14    00000004     --HOLE-- [fill = 0]
                  1180fb18    0000004c     rtdx64xplus.lib : buffer1.o64P (.cinit)
                  1180fb64    00000004     --HOLE-- [fill = 0]
                  1180fb68    0000003c     bios.a674 : exc.o674 (.cinit)
                  1180fba4    00000004     --HOLE-- [fill = 0]
                  1180fba8    00000034               : hwi.o674 (.cinit)
                  1180fbdc    00000004     --HOLE-- [fill = 0]
                  1180fbe0    0000002c               : utl_putc.o674 (.cinit)
                  1180fc0c    00000004     --HOLE-- [fill = 0]
                  1180fc10    0000002c     rts6740.lib : exit.obj (.cinit)
                  1180fc3c    00000004     --HOLE-- [fill = 0]
                  1180fc40    00000024     bios.a674 : obj_init.o674 (.cinit)
                  1180fc64    00000004     --HOLE-- [fill = 0]
                  1180fc68    00000024     block_sine.obj (.cinit)
                  1180fc8c    00000004     --HOLE-- [fill = 0]
                  1180fc90    0000001c     bios.a674 : exc_asm.o674 (.cinit)
                  1180fcac    00000004     --HOLE-- [fill = 0]
                  1180fcb0    0000001c               : sys.o674 (.cinit)
                  1180fccc    00000004     --HOLE-- [fill = 0]
                  1180fcd0    0000001c     rts6740.lib : _lock.obj (.cinit)
                  1180fcec    00000004     --HOLE-- [fill = 0]
                  1180fcf0    0000001c                 : atexit.obj (.cinit)
                  1180fd0c    00000004     --HOLE-- [fill = 0]
                  1180fd10    00000018     bios.a674 : knl_tick.o674 (.cinit)
                  1180fd28    0000000c               : idl_busy.o674 (.cinit)
                  1180fd34    00000004     --HOLE-- [fill = 0]
                  1180fd38    0000000c               : knl_swit.o674 (.cinit)
                  1180fd44    00000004     --HOLE-- [fill = 0]
                  1180fd48    0000000c     rts6740.lib : fopen.obj (.cinit)
                  1180fd54    00000004     --HOLE-- [fill = 0]
                  1180fd58    0000000c                 : sinit.obj (.cinit)
                  1180fd64    00000004     --HOLE-- [fill = 0]
                  1180fd68    00000004     (.pad.cinit) [fill = 0]

.trace     0    1180fd6c    00000200     
                  1180fd6c    00000200     --HOLE-- [fill = 00000000]

.tsk       0    1180ff6c    00000060     UNINITIALIZED
                  1180ff6c    00000060     hellocfg.obj (.tsk)

.log       0    1180ffcc    00000030     
                  1180ffcc    00000030     hellocfg.obj (.log)

.args      0    1180fffc    00000004     
                  1180fffc    00000004     --HOLE-- [fill = 0]

.trace$buf 
*          0    11810000    00001000     UNINITIALIZED
                  11810000    00001000     hellocfg.obj (.trace$buf)

.rtdx_text 
*          0    11811000    00000fc0     
                  11811000    000002a0     rtdx64xplus.lib : rtdx_mon.o64P (.rtdx_text:_HSRTDX_rec)
                  118112a0    00000260                     : buffer1.o64P (.rtdx_text:_RTDX_Buffer_WriteCB)
                  11811500    00000260                     : buffer1.o64P (.rtdx_text:_RTDX_write_next)
                  11811760    000001a0                     : rtdx_mon.o64P (.rtdx_text:_HSRTDX_xmt)
                  11811900    00000160                     : rtdx_mon.o64P (.rtdx_text:_RTDX_Send_To_Host)
                  11811a60    000000e0                     : rtdx_mon.o64P (.rtdx_text:_RTDX_Mon_Queue)
                  11811b40    000000e0                     : buffer1.o64P (.rtdx_text:_claim)
                  11811c20    000000a0                     : rtdx_mon.o64P (.rtdx_text:_RTDX_GetH2THeader)
                  11811cc0    000000a0                     : rtdx_mon.o64P (.rtdx_text:_RTDX_Poll)
                  11811d60    00000080                     : rtdx_mon.o64P (.rtdx_text:_RTDX_Final_RT_Monitor)
                  11811de0    00000060                     : buffer1.o64P (.rtdx_text:_RTDX_Buffer_Initialize)
                  11811e40    00000060                     : rtdx_mon.o64P (.rtdx_text:_RTDX_Init_RT_Monitor)
                  11811ea0    00000040                     : buffer2.o64P (.rtdx_text:_RTDX_Buffer_ReadCB)
                  11811ee0    00000040                     : buffer1.o64P (.rtdx_text:_RTDX_Buffer_Size)
                  11811f20    00000040                     : memfill.o64P (.rtdx_text:_RTDX_memfill)
                  11811f60    00000020                     : buffer2.o64P (.rtdx_text:_RTDX_Buffer_Read)
                  11811f80    00000020                     : buffer1.o64P (.rtdx_text:_RTDX_Buffer_Write)
                  11811fa0    00000020                     : intr_tgt.o64P (.rtdx_text)

.far       0    11811fc0    00000d88     UNINITIALIZED
                  11811fc0    00000544     hello.obj (.far)
                  11812504    00000004     bios6748.a674 : clk_data.o674 (.far)
                  11812508    00000324     rts6740.lib : defs.obj (.far)
                  1181282c    00000004                 : fopen.obj (.far)
                  11812830    00000188                 : atexit.obj (.far)
                  118129b8    0000011c                 : lowlev.obj (.far)
                  11812ad4    00000004                 : sinit.obj (.far)
                  11812ad8    000000d8     bios.a674 : knl.o674 (.far)
                  11812bb0    0000005c               : tsk.o674 (.far)
                  11812c0c    00000004     --HOLE--
                  11812c10    00000054               : obj_init.o674 (.far)
                  11812c64    00000050               : tsk_stup.o674 (.far)
                  11812cb4    00000004     --HOLE--
                  11812cb8    00000020               : sys.o674 (.far)
                  11812cd8    00000018     rtdx64xplus.lib : rtdx_mon.o64P (.far)
                  11812cf0    00000010     bios.a674 : exc.o674 (.far)
                  11812d00    00000010               : knl_tick.o674 (.far)
                  11812d10    0000000c               : utl_putc.o674 (.far)
                  11812d1c    00000004     --HOLE--
                  11812d20    0000000c     block_sine.obj (.far)
                  11812d2c    0000000c     rts6740.lib : exit.obj (.far)
                  11812d38    00000008                 : _lock.obj (.far)
                  11812d40    00000008                 : trgdrv.obj (.far)

.cio       0    11812d48    00000120     UNINITIALIZED
                  11812d48    00000120     rts6740.lib : trgmsg.obj (.cio)

.hst0      0    11812e68    00000100     UNINITIALIZED
                  11812e68    00000100     hellocfg.obj (.hst0)

.swi       0    11812f68    00000058     UNINITIALIZED
                  11812f68    00000058     hellocfg.obj (.swi)

.hst       0    11812fc0    0000003c     UNINITIALIZED
                  11812fc0    0000003c     hellocfg.obj (.hst)

.mem       0    11812ffc    00000004     UNINITIALIZED
                  11812ffc    00000004     hellocfg.obj (.mem)

.LOG_system$buf 
*          0    11813000    00000800     UNINITIALIZED
                  11813000    00000800     hellocfg.obj (.LOG_system$buf)

.sysinit   0    11813800    00000560     
                  11813800    00000380     hellocfg.obj (.sysinit)
                  11813b80    000000c0     bios.a674 : boot.o674 (.sysinit)
                  11813c40    000000c0               : mem_init.o674 (.sysinit)
                  11813d00    00000060               : tsk_init.o674 (.sysinit)

.prd       0    11813d60    00000020     UNINITIALIZED
                  11813d60    00000020     hellocfg.obj (.prd)

.rtdx_data 
*          0    11813d80    000004f4     UNINITIALIZED
                  11813d80    00000080     --HOLE--
                  11813e00    00000410     hellocfg.obj (.rtdx_data)
                  11814210    00000044     rtdx64xplus.lib : rtdx_mon.o64P (.rtdx_data)
                  11814254    00000020                     : buffer1.o64P (.rtdx_data)

.const     0    11814278    00000419     
                  11814278    00000193     bios.a674 : exc.o674 (.const:.string)
                  1181440b    00000004               : mem_allo.o674 (.const:.string)
                  1181440f    00000001     --HOLE-- [fill = 0]
                  11814410    00000101     rts6740.lib : ctype.obj (.const:.string:__ctypes_)
                  11814511    00000004     bios.a674 : mem_free.o674 (.const:.string)
                  11814515    00000002     rts6740.lib : fputs.obj (.const:.string)
                  11814517    00000001     --HOLE-- [fill = 0]
                  11814518    00000080     evmc6748_bsl.lib : evmc6748.obj (.const:_bitval_u32)
                  11814598    0000004e     bios.a674 : tsk_stup.o674 (.const:.string)
                  118145e6    00000002     --HOLE-- [fill = 0]
                  118145e8    00000040     evmc6748_bsl.lib : evmc6748.obj (.const:.string)
                  11814628    00000023     bios.a674 : utl_doab.o674 (.const:.string)
                  1181464b    00000023     rts6740.lib : _printfi.obj (.const:.string)
                  1181466e    00000022     bios.a674 : utl_doer.o674 (.const:.string)
                  11814690    00000001               : tsk.o674 (.const:.string)

.printf    0    11814691    00000076     COPY SECTION
                  11814691    00000076     hellocfg.obj (.printf)

.TSK_idle$stk 
*          0    11814698    00000400     UNINITIALIZED
                  11814698    00000400     hellocfg.obj (.TSK_idle$stk)

.stack     0    11814a98    00000400     UNINITIALIZED
                  11814a98    00000400     --HOLE--

.bss       0    11814e98    00000394     UNINITIALIZED
                  11814e98    00000100     bios.a674 : hwi_disp_asm.o674 (.bss)
                  11814f98    000000cc               : biosdata.o674 (.bss)
                  11815064    0000009c               : swi.o674 (.bss)
                  11815100    00000048               : knl.o674 (.bss)
                  11815148    00000028     hellocfg.obj (.bss)
                  11815170    00000020     bios.a674 : exc_asm.o674 (.bss)
                  11815190    00000018               : hwi.o674 (.bss)
                  118151a8    00000018     lnkrtdx.a674 : rtdx.o674 (.bss)
                  118151c0    00000010     bios.a674 : exc.o674 (.bss)
                  118151d0    00000010     rtdx64xplus.lib : buffer1.o64P (.bss)
                  118151e0    00000010                     : rtdx_mon.o64P (.bss)
                  118151f0    0000000c     bios.a674 : tsk.o674 (.bss)
                  118151fc    0000000c     hello.obj (.bss)
                  11815208    00000008     bios.a674 : clk_data.o674 (.bss)
                  11815210    00000008               : sys.o674 (.bss)
                  11815218    00000004               : clk_data2.o674 (.bss)
                  1181521c    00000004               : idl_busy.o674 (.bss)
                  11815220    00000004               : mem_asm.o674 (.bss)
                  11815224    00000004     block_sine.obj (.bss)
                  11815228    00000004     evmc6748_bsl.lib : evmc6748_i2c.obj (.bss)

.pip       0    1181522c    000000c8     UNINITIALIZED
                  1181522c    000000c8     hellocfg.obj (.pip)

.sts       0    118152f4    00000050     
                  118152f4    00000050     hellocfg.obj (.sts)

.gblinit   0    11815344    0000004c     
                  11815344    0000004c     hellocfg.obj (.gblinit)

.switch    0    11815390    00000044     
                  11815390    00000024     evmc6748_bsl.lib : evmc6748_gpio.obj (.switch:_getRegisterBankAndBit)
                  118153b4    00000020                      : evmc6748_dip.obj (.switch:_convertDipToI2CGpio)

.hst1      0    118153d4    00000010     UNINITIALIZED
                  118153d4    00000010     hellocfg.obj (.hst1)

.idl       0    118153e4    00000010     UNINITIALIZED
                  118153e4    00000010     hellocfg.obj (.idl)

.pinit     0    118153f4    0000000c     
                  118153f4    00000004     rtdx64xplus.lib : buffer1.o64P (.pinit)
                  118153f8    00000004                     : rtdx_mon.o64P (.pinit)
                  118153fc    00000004     --HOLE-- [fill = 0]

.hwi_vec   0    11815400    00000200     
                  11815400    00000200     hellocfg.obj (.hwi_vec)

.idlcal    0    11815600    00000010     UNINITIALIZED
                  11815600    00000010     hellocfg.obj (.idlcal)

.sys       0    11815610    00000010     UNINITIALIZED
                  11815610    00000010     hellocfg.obj (.sys)

.trcdata   0    11815620    0000000c     
                  11815620    0000000c     bios.a674 : trc.o674 (.trcdata)

.clk       0    1181562c    00000008     UNINITIALIZED
                  1181562c    00000008     hellocfg.obj (.clk)


GLOBAL SYMBOLS: SORTED ALPHABETICALLY BY Name 

address    name
--------   ----
11814e98   $bss
11814e98   .bss
11800000   .data
11800000   .text
118139c4   BIOS$$CLKOFF
11813984   BIOS$$CLKON
11813800   BIOS_init
11813a30   BIOS_start
00000000   BUF$
00000001   BUF_ENABLED
11808418   C$$IO$$
ffffffff   CACHE_L1D
ffffffff   CACHE_L1P
00000001   CLK$
1181562c   CLK_A_TABBEG
00000001   CLK_CALDIV
00000001   CLK_CALMULT
000493e0   CLK_COUNTSPMS
00000004   CLK_COUNTSPMSHIGH
11814fc0   CLK_D_idletime
11814fbc   CLK_D_isrhook
11814fb8   CLK_D_tabbeg
11814fb4   CLK_D_timefxn
00000001   CLK_ENABLEHTIME
1180c940   CLK_F_gethtime
1180b4e0   CLK_F_getltime
1180b4f0   CLK_F_isr
1180b630   CLK_F_itime
118091c0   CLK_HOOKFXN
00000001   CLK_HTIMEDIV
00000001   CLK_HTIMEMULT
000493e0   CLK_HTIMEPERLTIME
00005dc0   CLK_INPUTCLK
00004000   CLK_INTBIT
00000001   CLK_LTIMEDIV
000493e0   CLK_LTIMEMULT
000003e8   CLK_MICROSECS
00000001   CLK_POWERENABLE
00005dc0   CLK_PRD
00000000   CLK_PRDHIGH
01c20000   CLK_REGS
00000001   CLK_RESETTIMER
11814fb0   CLK_R_time
00000020   CLK_TCR
00000000   CLK_TDDR
00000000   CLK_TDDRHIGH
1180c940   CLK_TIMEFXN
00000000   CLK_TIMERNUM
00000005   CLK_TIMMODE
00000001   CLK_USETIMER
11815630   CLK_null
ffffffff   DDR
00000000   DEV$
00000000   DGN$
00000000   DHL$
00000000   DHL_gChannelsAvailable
00000000   DIO$
00000000   DIO_NUMSWIBASE
00000000   DIO_NUMTSKBASE
00000000   DIO_STATIC
00000000   DPI$
00000000   ECM$
00000000   ECM_ENABLE
ffffffff   ECM_EVTMASK0
ffffffff   ECM_EVTMASK1
ffffffff   ECM_EVTMASK2
ffffffff   ECM_EVTMASK3
0000000a   EVENT10
00000064   EVENT100
00000065   EVENT101
00000066   EVENT102
00000067   EVENT103
00000068   EVENT104
00000069   EVENT105
0000006a   EVENT106
0000006b   EVENT107
0000006c   EVENT108
0000006d   EVENT109
0000000b   EVENT11
0000006e   EVENT110
0000006f   EVENT111
00000070   EVENT112
00000071   EVENT113
00000072   EVENT114
00000073   EVENT115
00000074   EVENT116
00000075   EVENT117
00000076   EVENT118
00000077   EVENT119
0000000c   EVENT12
00000078   EVENT120
00000079   EVENT121
0000007a   EVENT122
0000007b   EVENT123
0000007c   EVENT124
0000007d   EVENT125
0000007e   EVENT126
0000007f   EVENT127
0000000d   EVENT13
0000000e   EVENT14
0000000f   EVENT15
00000010   EVENT16
00000011   EVENT17
00000012   EVENT18
00000013   EVENT19
00000014   EVENT20
00000015   EVENT21
00000016   EVENT22
00000017   EVENT23
00000018   EVENT24
00000019   EVENT25
0000001a   EVENT26
0000001b   EVENT27
0000001c   EVENT28
0000001d   EVENT29
0000001e   EVENT30
0000001f   EVENT31
00000020   EVENT32
00000021   EVENT33
00000022   EVENT34
00000023   EVENT35
00000024   EVENT36
00000025   EVENT37
00000026   EVENT38
00000027   EVENT39
00000004   EVENT4
00000028   EVENT40
00000029   EVENT41
0000002a   EVENT42
0000002b   EVENT43
0000002c   EVENT44
0000002d   EVENT45
0000002e   EVENT46
0000002f   EVENT47
00000030   EVENT48
00000031   EVENT49
00000005   EVENT5
00000032   EVENT50
00000033   EVENT51
00000034   EVENT52
00000035   EVENT53
00000036   EVENT54
00000037   EVENT55
00000038   EVENT56
00000039   EVENT57
0000003a   EVENT58
0000003b   EVENT59
00000006   EVENT6
0000003c   EVENT60
0000003d   EVENT61
0000003e   EVENT62
0000003f   EVENT63
00000040   EVENT64
00000041   EVENT65
00000042   EVENT66
00000043   EVENT67
00000044   EVENT68
00000045   EVENT69
00000007   EVENT7
00000046   EVENT70
00000047   EVENT71
00000048   EVENT72
00000049   EVENT73
0000004a   EVENT74
0000004b   EVENT75
0000004c   EVENT76
0000004d   EVENT77
0000004e   EVENT78
0000004f   EVENT79
00000008   EVENT8
00000050   EVENT80
00000051   EVENT81
00000052   EVENT82
00000053   EVENT83
00000054   EVENT84
00000055   EVENT85
00000056   EVENT86
00000057   EVENT87
00000058   EVENT88
00000059   EVENT89
00000009   EVENT9
0000005a   EVENT90
0000005b   EVENT91
0000005c   EVENT92
0000005d   EVENT93
0000005e   EVENT94
0000005f   EVENT95
00000060   EVENT96
00000061   EVENT97
00000062   EVENT98
00000063   EVENT99
1180c4e0   FXN_F_nop
1180c4e4   FXN_F_run
1180c520   FXN_F_zero
00000001   GBL$
00005205   GBL_A_VERSION
00000000   GBL_BCACHEREADADDR0
00000000   GBL_BCACHEREADADDR1
00000000   GBL_BCACHEREADADDR2
00000000   GBL_BIGENDIAN
00000000   GBL_CACHE
00000000   GBL_CALLCSLCFGINIT
00004e20   GBL_CLKIN
00001a5b   GBL_CLKTYPE
00001a5c   GBL_DSPSUBTYPE
0000003e   GBL_DSPTYPE
00000001   GBL_ENABLEINST
00000000   GBL_ENABLE_SK
00000042   GBL_FOOTPRINT
000493e0   GBL_FREQ
00000000   GBL_GEMTRUECOMPEN
00000007   GBL_L1DMODE
00000007   GBL_L1PMODE
00000001   GBL_L2CONFIGURE
00000000   GBL_L2MAR0_31
00000001   GBL_L2MAR128_159
00000000   GBL_L2MAR160_191
ffffffff   GBL_L2MAR192_223
00000000   GBL_L2MAR224_255
00000000   GBL_L2MAR32_63
00000000   GBL_L2MAR64_95
00000000   GBL_L2MAR96_127
00000000   GBL_L2MODE
00000000   GBL_NULL
00000000   GBL_PROCID
00000000   GBL_ROM
00000000   GBL_SUPPORTCSL
0000dbef   GBL_TRCMASKVALUE
00000000   GBL_USERINIT
1180c880   GBL_USERINITFXN
00000001   GBL_boot
11815628   GBL_initdone
11814a98   GBL_stackbeg
11814e97   GBL_stackend
00000000   GIO$
1180c880   GIO_CREATEFXN
1180c880   GIO_DELETEFXN
1180c880   GIO_PENDFXN
1180c880   GIO_POSTFXN
00000000   HOOK$
00000000   HOOK_KNLID
00000001   HST$
11812fc0   HST_A_TABBEG
11812ffc   HST_A_TABEND
00000000   HST_DSM
11815154   HST_DSMBUFSEG
00000400   HST_DSMMEMSIZE
1181502c   HST_D_chanmask
11815030   HST_D_tabbeg
11815034   HST_D_tabend
000000ff   HST_MAXFRAMEALLOWED
00000040   HST_MAXFRAMESET
00000000   HST_NONE
00000001   HST_RTDX
00000001   HWI$
11815400   HWI_A_VECS
00005828   HWI_CFGDISPATCHED
118151a0   HWI_D_bss
118151a4   HWI_D_ccmask
11815190   HWI_D_spsave
00000001   HWI_ENABLE_EXC
118091c0   HWI_F_dispatch
00000000   HWI_GENERATE_RESET_VEC
0000000a   HWI_INT10
00000000   HWI_INT10$hwi
0000000b   HWI_INT11
00000000   HWI_INT11$hwi
0000000c   HWI_INT12
00000000   HWI_INT12$hwi
0000000d   HWI_INT13
00000000   HWI_INT13$hwi
0000000e   HWI_INT14
00000000   HWI_INT14$hwi
0000000f   HWI_INT15
00000000   HWI_INT15$hwi
00000004   HWI_INT4
00000000   HWI_INT4$hwi
00000005   HWI_INT5
00000000   HWI_INT5$hwi
00000006   HWI_INT6
00000000   HWI_INT6$hwi
00000007   HWI_INT7
00000000   HWI_INT7$hwi
00000008   HWI_INT8
00000000   HWI_INT8$hwi
00000009   HWI_INT9
00000000   HWI_INT9$hwi
07063d04   HWI_INTRMUX1
0b0a0908   HWI_INTRMUX2
28040d0c   HWI_INTRMUX3
00000001   HWI_NMI
00000000   HWI_NMI$hwi
00000000   HWI_POLARITYMASK
00000002   HWI_RESERVED0
00000000   HWI_RESERVED0$hwi
00000003   HWI_RESERVED1
00000000   HWI_RESERVED1$hwi
00000000   HWI_RESET
00000000   HWI_RESET$hwi
00000000   HWI_ZEROTAB
00000001   IDL$
11815600   IDL_A_CALBEG
118153e4   IDL_A_TABBEG
00000006   IDL_CALIBRERROR
1180c780   IDL_CALIBRFXN
1181521c   IDL_D_busyObj
11814fa0   IDL_D_calbeg
11814f9c   IDL_D_calibrate
11814f98   IDL_D_tabbeg
118153f0   IDL_END
1181560c   IDL_END$
1180c5a0   IDL_F_busy
1180c400   IDL_F_calibrate
1180c8c0   IDL_F_loop
1180c780   IDL_F_stub
00000001   IDL_USECLKIDLTIME
11815338   IDL_busyObj
11814702   IDL_busyObj$avgfmt
00000001   IDL_busyObj$filter
00000001   IDL_busyObj$iA
00000000   IDL_busyObj$iB
00000001   IDL_busyObj$iC
118146fc   IDL_busyObj$maxfmt
00000000   IDL_busyObj$operation
11815334   IDL_busyObj$stsobj
118146ff   IDL_busyObj$sumfmt
00000002   IDL_busyObj$unittype
118153e4   IDL_cpuLoad
11815600   IDL_cpuLoad$
11815154   IRAM
1180c960   IRAM$B
00002000   IRAM$L
00000001   ISRC$
1180b7d8   KNL_glue
11812f94   KNL_swi
00000001   KNL_swi$dorta
00000002   KNL_swi$ord
00000000   KNL_swi$pri
11815318   KNL_swi$sts
118146d8   KNL_swi$sts$avgfmt
00000002   KNL_swi$sts$filter
00000001   KNL_swi$sts$filtmaxmult
00000001   KNL_swi$sts$filtsummult
118146c8   KNL_swi$sts$maxfmt
11815314   KNL_swi$sts$stsobj
118146d0   KNL_swi$sts$sumfmt
00000000   KNL_swi$sts$unittype
00000000   KNL_swi$swi
ffffffff   L3_CBA_RAM
00000001   LCK$
11808680   LNK_F_checkBufferCall
11808700   LNK_F_dataPump
118086a0   LNK_F_getChanPtr
118086f8   LNK_F_init
11808c08   LNK_F_readCallBack
118153e8   LNK_dataPump
11815604   LNK_dataPump$
118151ac   LNK_dspFrameReadyMask
118151a8   LNK_dspFrameRequestMask
11808980   LNK_newin
11808ab4   LNK_newout
11808710   LNK_rcloop
118087d4   LNK_rdrtry
118151b4   LNK_readDone
118151b8   LNK_readFail
118151b0   LNK_readPend
118087e4   LNK_rrloop
118151bc   LNK_writeFail
118088b0   LNK_wrloop
118088a4   LNK_wrrtry
00000001   LOG$
1180ffcc   LOG_A_TABBEG
1180fffc   LOG_A_TABEND
00000002   LOG_A_TABLEN
11814fa4   LOG_D_system
00000001   LOG_ENABLED
1180c380   LOG_F_event
1180ffcc   LOG_system
11813000   LOG_system$buf
00000000   LOG_system$datatype
00000000   LOG_system$log
00000200   LOG_system$size
00000000   MBX$
00000001   MEM$
11815154   MEM_MALLOCSEG
00000000   MEM_NULL
11815154   MEM_SEGZERO
00000000   MEM_USEMPC
00000001   MEM_gNumHeap
00000000   MSGQ$
00000000   MSGQ_USEMSGQ
00000000   OBJ$
00000000   PIP$
1181522c   PIP_A_TABBEG
118152f4   PIP_A_TABEND
00000002   PIP_A_TABLEN
11814fa8   PIP_D_tabbeg
11814fac   PIP_D_tablen
1180ae58   PIP_F_give
1180ae58   PIP_F_probe
1180af28   PIP_F_start
1180ade0   PIP_F_take
00000064   PIP_OBJSIZE
00000000   PIP_gNextId
00000002   PIP_gNumEmbed
00000000   POOL$
00000000   POOL_USEPOOL
00000001   PRD$
11813d60   PRD0
11813d7c   PRD0$aaa
00000000   PRD0$mode
00000001   PRD0$ord
000001f4   PRD0$period
00000000   PRD0$prd
118152f8   PRD0$sts
118146a3   PRD0$sts$avgfmt
00000000   PRD0$sts$filter
11814691   PRD0$sts$maxfmt
118152f4   PRD0$sts$stsobj
1181469a   PRD0$sts$sumfmt
00000002   PRD0$sts$unittype
11813d60   PRD_A_TABBEG
11813d80   PRD_A_TABEND
00000001   PRD_A_TABLEN
11814fe8   PRD_D_cur
11814fec   PRD_D_elapsed
11814ff0   PRD_D_prevtim
11814ff4   PRD_D_scalar
11814ff8   PRD_D_swihandle
11814ffc   PRD_D_tabbeg
11815000   PRD_D_tablen
11815004   PRD_D_thook
11814fe4   PRD_D_tick
11809b60   PRD_F_swi
11809de4   PRD_F_tick
00000001   PRD_SCALAR
11812f68   PRD_SWIHANDLE
1180a9f4   PRD_THOOKFXN
1181562c   PRD_clock
11812f68   PRD_swi
00000001   PRD_swi$dorta
00000001   PRD_swi$ord
00000001   PRD_swi$pri
11815308   PRD_swi$sts
118146be   PRD_swi$sts$avgfmt
00000002   PRD_swi$sts$filter
00000001   PRD_swi$sts$filtmaxmult
00000001   PRD_swi$sts$filtsummult
118146ae   PRD_swi$sts$maxfmt
11815304   PRD_swi$sts$stsobj
118146b6   PRD_swi$sts$sumfmt
00000000   PRD_swi$sts$unittype
00000000   PRD_swi$swi
00000001   PWRM$
00000030   PWRM_PWRM_CAPSMASK
0000000a   PWRM_PWRM_CLKTICKSPERSLOT
00000000   PWRM_PWRM_ENABLE
00000002   PWRM_PWRM_INITSPCPU
00000000   PWRM_PWRM_INITSPPER
00000000   PWRM_PWRM_LOADENABLE
00000001   PWRM_PWRM_NUMSLOTS
00000000   PWRM_PWRM_RESOURCETRACKING
00000000   PWRM_PWRM_SCALING
1180c880   PWRM_PWRM_SHAREDRESOURCEFXN
1180c880   PWRM_PWRM_SLOTHOOKFXN
00000000   PWRM_PWRM_TIMERIDNUM
00000000   PWRM_PWRM_TIMERINTRMASK
00000000   PWRM_PWRM_TIMERWUGENMASK
00000000   PWRM_PWRM_USERRESOURCES
00000000   PWRM_PWRM_USETIMER
00000001   QUE$
11815008   RTA_D_fromHost
11815010   RTA_D_logval
11815020   RTA_D_stsval
1181500c   RTA_D_toHost
1180c7c0   RTA_F_andn
1180a240   RTA_F_dispatch
1180a160   RTA_F_getlog
1180a198   RTA_F_getsts
1180c7d8   RTA_F_or
1180a1d8   RTA_F_readblk
1180a200   RTA_F_resetmem
1180a1f4   RTA_F_writeword
118153ec   RTA_dispatcher
11815608   RTA_dispatcher$
1180a28c   RTA_execute
11812fc4   RTA_fromHost
118153d4   RTA_fromHost$buf
00000004   RTA_fromHost$framesize
00000000   RTA_fromHost$hst
00000001   RTA_fromHost$id
00000000   RTA_fromHost$mode
1181522c   RTA_fromHost$pipe
1181525c   RTA_fromHost$pipe$aaa
1181528c   RTA_fromHost$pipe$bbb
11815158   RTA_fromHost$pipe$dtab
11815230   RTA_fromHost$pipe$rd
11815260   RTA_fromHost$pipe$wr
11812fcc   RTA_fromHost$rtdx
11812fe0   RTA_toHost
11812e68   RTA_toHost$buf
00000040   RTA_toHost$framesize
00000000   RTA_toHost$hst
00000000   RTA_toHost$id
00000001   RTA_toHost$mode
11815290   RTA_toHost$pipe
118152c0   RTA_toHost$pipe$aaa
118152f0   RTA_toHost$pipe$bbb
11815164   RTA_toHost$pipe$dtab
11815294   RTA_toHost$pipe$rd
118152c4   RTA_toHost$pipe$wr
11812fe8   RTA_toHost$rtdx
00000001   RTDX$
00000408   RTDX_BUFMEMSIZE
11815154   RTDX_DATAMEMSEG
00000000   RTDX_MODE
00000001   RTDX_NORMALIZED_HDR
00000001   RTDX_USERTDX
00000000   RTDX_USERTEXECUTION
00000000   SEM$
00000000   SIO$
00000001   STS$
118152f4   STS_A_TABBEG
11815344   STS_A_TABEND
1180c68c   STS_F_add
1180c660   STS_F_delta
1180c6a8   STS_F_reset
00000001   SWI$
11812f68   SWI_A_TABBEG
11812fc0   SWI_A_TABEND
00000002   SWI_A_TABLEN
1181507c   SWI_D_curfxn
1181506c   SWI_D_curmask
11815078   SWI_D_curmbox
11815070   SWI_D_curset
11815068   SWI_D_execaddr
11815084   SWI_D_inswi
11815074   SWI_D_lock
11815080   SWI_D_rdybeg
11815088   SWI_D_rdytab
11815064   SWI_D_runaddr
00000000   SWI_EHOOKFXN
11809884   SWI_EXECFXN
118096a0   SWI_F_enable
11809884   SWI_F_exec
118098ac   SWI_F_iexec
11809710   SWI_F_post
1180992c   SWI_F_run
00000000   SWI_IHOOKFXN
1180992c   SWI_RUNFXN
00000001   SYS$
11815610   SYS$config
1180c800   SYS_ABORTFXN
1180c900   SYS_ERRORFXN
1180c920   SYS_EXITFXN
1180c840   SYS_PUTCFXN
11815624   TRC_R_mask
11815620   TRC_cinit
00000001   TSK$
00000000   TSK_NUM_HOOKS
00000001   TSK_PRIORITY
00000000   TSK_READYFXN
00000000   TSK_STACKSEG
00000400   TSK_STACKSIZE
00000000   TSK_SWITCHFXN
1180c880   TSK_VCREATEFXN
1180c880   TSK_VDELETEFXN
1180c880   TSK_VEXITFXN
1180ff78   TSK_idle
00000000   TSK_idle$ord
00000000   TSK_idle$pri
11814698   TSK_idle$stack
11814a30   TSK_idle$stkptr
11815328   TSK_idle$sts
118146f2   TSK_idle$sts$avgfmt
00000002   TSK_idle$sts$filter
00000001   TSK_idle$sts$filtmaxmult
00000001   TSK_idle$sts$filtsummult
118146e2   TSK_idle$sts$maxfmt
11815324   TSK_idle$sts$stsobj
118146ea   TSK_idle$sts$sumfmt
00000000   TSK_idle$sts$unittype
00000000   TSK_idle$tsk
00000000   UDEV$
11801aac   _AIC3106_Init
11801b60   _AIC3106_readRegister
11801bb4   _AIC3106_writeRegister
1180c880   _BCACHE_bootInit
1180bb94   _BCACHE_getMar
1180bb44   _BCACHE_getSize
1180bb14   _BCACHE_setCacheToSram
1180bac4   _BCACHE_setMar
1180ba80   _BCACHE_setSize
11813800   _BIOS_init
11813a30   _BIOS_start
ffffffff   _CACHE_L1D
ffffffff   _CACHE_L1P
000493e0   _CLK_COUNTSPMS
11815208   _CLK_DFLTMICROSECS
11814fe0   _CLK_D_countspms
11814fd4   _CLK_D_dirty
1181520c   _CLK_D_microseconds
11814fd8   _CLK_D_prd
11814fdc   _CLK_D_tddr
1180b630   _CLK_F_itime
00005dc0   _CLK_PRD
01c20000   _CLK_REGS
00000000   _CLK_TDDR
00000000   _CLK_TIMERNUM
00000001   _CLK_USETIMER
1180c940   _CLK_gethtime
11814fc4   _CLK_htimeDiv
11814fc8   _CLK_htimeMult
11815218   _CLK_htimePerLtime
11812504   _CLK_inputClock
1180b630   _CLK_itime
11814fcc   _CLK_ltimeDiv
11814fd0   _CLK_ltimeMult
1180c720   _CLK_measure
ffffffff   _DDR
118061e4   _DIP_get
11806248   _DIP_getAll
118061c0   _DIP_init
0000000a   _EVENT10
00000064   _EVENT100
00000065   _EVENT101
00000066   _EVENT102
00000067   _EVENT103
00000068   _EVENT104
00000069   _EVENT105
0000006a   _EVENT106
0000006b   _EVENT107
0000006c   _EVENT108
0000006d   _EVENT109
0000000b   _EVENT11
0000006e   _EVENT110
0000006f   _EVENT111
00000070   _EVENT112
00000071   _EVENT113
00000072   _EVENT114
00000073   _EVENT115
00000074   _EVENT116
00000075   _EVENT117
00000076   _EVENT118
00000077   _EVENT119
0000000c   _EVENT12
00000078   _EVENT120
00000079   _EVENT121
0000007a   _EVENT122
0000007b   _EVENT123
0000007c   _EVENT124
0000007d   _EVENT125
0000007e   _EVENT126
0000007f   _EVENT127
0000000d   _EVENT13
0000000e   _EVENT14
0000000f   _EVENT15
00000010   _EVENT16
00000011   _EVENT17
00000012   _EVENT18
00000013   _EVENT19
00000014   _EVENT20
00000015   _EVENT21
00000016   _EVENT22
00000017   _EVENT23
00000018   _EVENT24
00000019   _EVENT25
0000001a   _EVENT26
0000001b   _EVENT27
0000001c   _EVENT28
0000001d   _EVENT29
0000001e   _EVENT30
0000001f   _EVENT31
00000020   _EVENT32
00000021   _EVENT33
00000022   _EVENT34
00000023   _EVENT35
00000024   _EVENT36
00000025   _EVENT37
00000026   _EVENT38
00000027   _EVENT39
00000004   _EVENT4
00000028   _EVENT40
00000029   _EVENT41
0000002a   _EVENT42
0000002b   _EVENT43
0000002c   _EVENT44
0000002d   _EVENT45
0000002e   _EVENT46
0000002f   _EVENT47
00000030   _EVENT48
00000031   _EVENT49
00000005   _EVENT5
00000032   _EVENT50
00000033   _EVENT51
00000034   _EVENT52
00000035   _EVENT53
00000036   _EVENT54
00000037   _EVENT55
00000038   _EVENT56
00000039   _EVENT57
0000003a   _EVENT58
0000003b   _EVENT59
00000006   _EVENT6
0000003c   _EVENT60
0000003d   _EVENT61
0000003e   _EVENT62
0000003f   _EVENT63
00000040   _EVENT64
00000041   _EVENT65
00000042   _EVENT66
00000043   _EVENT67
00000044   _EVENT68
00000045   _EVENT69
00000007   _EVENT7
00000046   _EVENT70
00000047   _EVENT71
00000048   _EVENT72
00000049   _EVENT73
0000004a   _EVENT74
0000004b   _EVENT75
0000004c   _EVENT76
0000004d   _EVENT77
0000004e   _EVENT78
0000004f   _EVENT79
00000008   _EVENT8
00000050   _EVENT80
00000051   _EVENT81
00000052   _EVENT82
00000053   _EVENT83
00000054   _EVENT84
00000055   _EVENT85
00000056   _EVENT86
00000057   _EVENT87
00000058   _EVENT88
00000059   _EVENT89
00000009   _EVENT9
0000005a   _EVENT90
0000005b   _EVENT91
0000005c   _EVENT92
0000005d   _EVENT93
0000005e   _EVENT94
0000005f   _EVENT95
00000060   _EVENT96
00000061   _EVENT97
00000062   _EVENT98
00000063   _EVENT99
118001e8   _EVMC6748_enableDsp
11800000   _EVMC6748_init
1180002c   _EVMC6748_initRAM
118002b0   _EVMC6748_lpscTransition
11800214   _EVMC6748_pinmuxConfig
11809190   _EXC_clearLastStatus
1180ac00   _EXC_dispatch
11808fb4   _EXC_exceptionHandler
118151c0   _EXC_exceptionHook
11808f80   _EXC_external
118151c8   _EXC_externalHook
11808f60   _EXC_getLastStatus
11808f20   _EXC_init
11808c74   _EXC_internal
118151c4   _EXC_internalHook
11808c40   _EXC_nmi
118151cc   _EXC_nmiHook
11815178   _EXC_returnPtr
1180adc4   _EXC_setReturnPtr
11812cf0   _EXC_status
11815170   _EXC_sysTrapTable
1180c880   _FXN_F_nop
1180c4e4   _FXN_F_run
1180c520   _FXN_F_zero
00000000   _GBL_CACHE
1180bc28   _GBL_cacheInit64P
1181503c   _GBL_clkIn
11815040   _GBL_freq
1180c8a0   _GBL_getVersion
11815038   _GBL_procId
11803a18   _GPIO_getInput
118039a0   _GPIO_setDir
11803a8c   _GPIO_setOutput
11803b0c   _GPIO_toggleLoop
118078e0   _HOSTclose
11806900   _HOSTlseek
11806c00   _HOSTopen
11806ce0   _HOSTread
11806040   _HOSTrename
11807220   _HOSTunlink
118072e0   _HOSTwrite
11811000   _HSRTDX_rec
11811760   _HSRTDX_xmt
11812fc0   _HST_A_TABBEG
11812ffc   _HST_A_TABEND
00005828   _HWI_CFGDISPATCHED
1181519c   _HWI_D_inhwi
11815190   _HWI_D_spsave
118091c0   _HWI_F_dispatch
0000000a   _HWI_INT10
0000000b   _HWI_INT11
0000000c   _HWI_INT12
0000000d   _HWI_INT13
0000000e   _HWI_INT14
0000000f   _HWI_INT15
00000004   _HWI_INT4
00000005   _HWI_INT5
00000006   _HWI_INT6
00000007   _HWI_INT7
00000008   _HWI_INT8
00000009   _HWI_INT9
00000001   _HWI_NMI
00000002   _HWI_RESERVED0
00000003   _HWI_RESERVED1
00000000   _HWI_RESET
11814e90   _HWI_STKBOTTOM
11814a98   _HWI_STKTOP
11815190   _HWI_data
1180c540   _HWI_disable
11814e98   _HWI_dispatchTab
1180c558   _HWI_enable
1180c56c   _HWI_restore
11802db4   _I2CGPIO_getInput
11802ed0   _I2CGPIO_getInputAll
11802ce0   _I2CGPIO_init
11802fe0   _I2CGPIO_setOutput
11803128   _I2CGPIO_setOutputAll
11803d20   _I2C_init
11803e0c   _I2C_read
11803f68   _I2C_write
11815338   _IDL_busyObj
118153e4   _IDL_cpuLoad
1180c8c0   _IDL_loop
11815154   _IRAM
1180c960   _IRAM_base
00002000   _IRAM_length
11815108   _KNL_alarm
1180bce0   _KNL_check
1181512c   _KNL_curqueue
1181511c   _KNL_curtask
11815124   _KNL_curtime
11812b78   _KNL_dummy
1180c040   _KNL_enter
1180c000   _KNL_exit
1180bda8   _KNL_idle
11815144   _KNL_idlefxn
11815110   _KNL_inactive
1180c200   _KNL_ipost
1180bdd0   _KNL_max
11815130   _KNL_maxqueue
1180c280   _KNL_post
11815120   _KNL_prevtask
11815114   _KNL_priority
11812ad8   _KNL_queues
1180a3e0   _KNL_run
1180b680   _KNL_saveIsrFrame
11815118   _KNL_set
1181510c   _KNL_setpri
11812f94   _KNL_swi
11815128   _KNL_swiptr
1180b72c   _KNL_switch
11815138   _KNL_tcreatefxn
1181513c   _KNL_tdeletefxn
1180a9f4   _KNL_tick
11815140   _KNL_treadyfxn
11815134   _KNL_tswitchfxn
11815100   _KNL_wFlag
11815104   _KNL_wList
ffffffff   _L3_CBA_RAM
1180c320   _LCK_pend
1180c300   _LCK_post
11805b00   _LED_init
11805b4c   _LED_isOn
11805c4c   _LED_toggle
11805c04   _LED_turnOff
11805bb4   _LED_turnOn
118153e8   _LNK_dataPump
118151ac   _LNK_dspFrameReadyMask
118151a8   _LNK_dspFrameRequestMask
118151b4   _LNK_readDone
118151b8   _LNK_readFail
118151b0   _LNK_readPend
118151bc   _LNK_writeFail
1180ffcc   _LOG_A_TABBEG
1180fffc   _LOG_A_TABEND
00000002   _LOG_A_TABLEN
11814fa4   _LOG_D_system
1180c380   _LOG_event
1180ffcc   _LOG_system
11815220   _MEM
11815044   _MEM_D_NUMSEGMENTS
1181504c   _MEM_D_freelist
11815050   _MEM_D_lockaddr
11815048   _MEM_D_memtab
11815054   _MEM_D_unlockaddr
1180a620   _MEM_alloc
1180aa20   _MEM_free
11813c40   _MEM_init
11815148   _MEM_memtab
11801730   _McASP_Init
11801874   _McASP_Start
11812c48   _OBJ_segtab
11812c10   _OBJ_table
1181522c   _PIP_A_TABBEG
118152f4   _PIP_A_TABEND
11813d60   _PRD0
11814fe4   _PRD_D_tick
1181562c   _PRD_clock
11812f68   _PRD_swi
118153ec   _RTA_dispatcher
11812fc4   _RTA_fromHost
11812fe0   _RTA_toHost
11813e00   _RTDX_Buffer
1181420c   _RTDX_Buffer_End
11811de0   _RTDX_Buffer_Initialize
11811f60   _RTDX_Buffer_Read
11811ea0   _RTDX_Buffer_ReadCB
11811ee0   _RTDX_Buffer_Size
11814208   _RTDX_Buffer_Start
11811f80   _RTDX_Buffer_Write
118112a0   _RTDX_Buffer_WriteCB
11811d60   _RTDX_Final_RT_Monitor
11811e40   _RTDX_Init_RT_Monitor
00000002   _RTDX_JTAGONLY
11811fa0   _RTDX_Mask_IER
11811a60   _RTDX_Mon_Queue
11811cc0   _RTDX_Poll
00000000   _RTDX_interrupt_mask
11811f20   _RTDX_memfill
11814260   _RTDX_writing
11815154   _SEG0
1180c600   _SEM_pend
1180afc0   _SEM_pendEnterKnl
1180bf20   _SEM_post
1180bf20   _SEM_postBinary
1180c0c0   _SEM_postEnterKnl
118152f4   _STS_A_TABBEG
11815344   _STS_A_TABEND
1180c68c   _STS_add
1180c660   _STS_delta
1180c6a8   _STS_reset
1180c8e0   _STS_set
1181507c   _SWI_D_curfxn
1181506c   _SWI_D_curmask
11815070   _SWI_D_curset
11815068   _SWI_D_execaddr
11815084   _SWI_D_inswi
11815074   _SWI_D_lock
11815080   _SWI_D_rdybeg
11815064   _SWI_D_runaddr
11815064   _SWI_data
11809710   _SWI_post
11815058   _SYS
1180fd6c   _SYS_PUTCBEG
1180ff6b   _SYS_PUTCEND
1180c6c0   _SYS_abort
1180c480   _SYS_error
1180c160   _SYS_exit
11812cb8   _SYS_exitStack
11815210   _SYS_exitStackPtr
11815214   _SYS_exitStackTop
11801c70   _SetGpio
11815624   _TRC_R_mask
118151f8   _TSK
11812bb0   _TSK_ATTRS
11812bcc   _TSK_config
1180b940   _TSK_exit
1180ff78   _TSK_idle
11813d00   _TSK_init
118151f0   _TSK_nTasks
118151f4   _TSK_pid
1180b340   _TSK_setup
1180bea4   _TSK_startup
11812bec   _TSK_timerSem
11801bf8   _USTIMER_delay
11800c00   _UTIL_isUIBoardAttached
11800aa8   _UTIL_printMem
1180c800   _UTL_doAbort
1180c900   _UTL_doError
1180c840   _UTL_doPutc
1180c920   _UTL_halt
11812d48   __CIOBUF_
1180b650   __CLK_lat1beg
1180b670   __CLK_lat1end
11815060   __HOOK_NUMHOOKS
1181505c   __HOOK_knlId
118091c0   __HWI_lat1beg
11809348   __HWI_lat1end
11809348   __HWI_lat2beg
11809524   __HWI_lat2end1
118094b0   __HWI_lat2end2
11809540   __HWI_lat3beg
118094e0   __HWI_lat3end2
1180c5a0   __IDL_lat1beg
1180c5e0   __IDL_lat1end
1180bd2c   __KNL_lat1beg
1180bda8   __KNL_lat1end
1180c380   __LOG_lat1beg
11812c8c   __MEM_mutex
1180a200   __RTA_lat1beg
1180a234   __RTA_lat1end
1180b1a0   __SEM_dopost
11814e98   __STACK_END
00000400   __STACK_SIZE
11809818   __SWI_lat1beg
118098c4   __SWI_lat1end
118098c8   __SWI_lat2beg
11809928   __SWI_lat2end
118096a0   __SWI_lat3beg
1180970c   __SWI_lat3end
11812c64   __TSK_mutex
11812d34   ___TI_enable_exit_profile_output
ffffffff   ___TI_pprof_out_hndl
ffffffff   ___TI_prof_data_size
ffffffff   ___TI_prof_data_start
11808420   ___add_dtor
11812830   ___atexit_func_id__
ffffffff   ___binit__
11814e98   ___bss__
ffffffff   ___c_args__
1180e960   ___cinit__
11800000   ___data__
11800000   ___edata__
1181522c   ___end__
11808680   ___etext__
11808460   ___isinf
118153f4   ___pinit__
11800000   ___text__
1180b800   __auto_init
11806dc0   __c6xabi_divi
11807460   __c6xabi_divu
118075e0   __c6xabi_remi
11807980   __cleanup
11812d2c   __cleanup_ptr
118065a0   __closefile
11814410   __ctypes_
11801ca0   __divd
11806dc0   __divi
11807a20   __divli
11807460   __divu
11805ea0   __divul
11804bc0   __divull
11807520   __doflush
11812d30   __dtors_ptr
11807c00   __fixdli
11808100   __fltlid
118084e0   __frcmpyd_div
11812828   __ft_end
11812508   __ftable
11808180   __llshl
11808520   __llshru
11812d38   __lock
118085a0   __negll
118085c0   __nop
11807ca0   __nround
118031c0   __printfi
11808620   __register_lock
11808640   __register_unlock
118075e0   __remi
11808560   __remli
11814a98   __stack
11808300   __subcull
118126e8   __tmpnams
11812d3c   __unlock
11806a00   __wrt_ok
118121b0   _aHigh
118120c0   _aLow
118120f0   _aMid
11812150   _aPres
118076a0   _atexit
11806ea0   _atoi
11800e4c   _audioHWI
118121c8   _bHigh
118120d8   _bLow
11812120   _bMid
11812180   _bPres
11811fc0   _b_fir
11814518   _bitval_u32
11812268   _buffer
11813b80   _c_int00
11806b00   _call_dtors
1180a10c   _calloc
11806f80   _close
11800688   _config_pll0
118008c4   _config_pll1
11800d28   _dipPRD
11815203   _dist
11812ad4   _dtors
11815202   _eqBypass
11812368   _eqSignal
118054e0   _fputc
11803600   _fputs
11809ee0   _free
118067e0   _fseek
118124a8   _high
11815201   _highBoost
118016c8   _initAll
11812468   _low
118151fe   _lowBoost
11807e80   _lseek
11807760   _ltoa
11800c20   _main
11809f04   _malloc
118151fc   _mask
1180a048   _memalign
11808360   _memccpy
11807f20   _memcpy
11807060   _memset
11812478   _mid
118151ff   _midBoost
11807fc0   _modf
11812490   _pres
11815200   _presBoost
11807140   _printf
118054e0   _putc
11801680   _read_audio_sample
11808200   _readmsg
11809f64   _realloc
11808660   _remove
118151d8   _rtdxNullChanCnt
118151dc   _rtdxNullFuncCnt
118151e4   _rtdxRecNotDoneCnt
118151ec   _rtdxXmtErrorCnt
118151e0   _rtdxXmtNotDoneCnt
118151e8   _rtdxXmtRestartCnt
11814254   _rtdx_buffer_state
11814210   _rtdx_mon_state
11805900   _setvbuf
118121e0   _sine
1180ffe4   _trace
11808280   _unlink
118124f8   _wHigh
118124b8   _wLow
118124c8   _wMid
118124e0   _wPres
11808060   _write
11815204   _writeIndex
118016a4   _write_audio_sample
118083c0   _writemsg
ffffffff   binit
1180e960   cinit
11800000   edata
1181522c   end
11808680   etext
11815400   hwi0
11815420   hwi1
11815540   hwi10
11815560   hwi11
11815580   hwi12
118155a0   hwi13
118155c0   hwi14
118155e0   hwi15
11815440   hwi2
11815460   hwi3
11815480   hwi4
118154a0   hwi5
118154c0   hwi6
118154e0   hwi7
11815500   hwi8
11815520   hwi9
118153f4   pinit
1180ffe4   trace
11810000   trace$buf
00000001   trace$datatype
00000000   trace$log
00000400   trace$size


GLOBAL SYMBOLS: SORTED BY Symbol Address 

address    name
--------   ----
00000000   BUF$
00000000   CLK_PRDHIGH
00000000   CLK_TDDR
00000000   CLK_TDDRHIGH
00000000   CLK_TIMERNUM
00000000   DEV$
00000000   DGN$
00000000   DHL$
00000000   DHL_gChannelsAvailable
00000000   DIO$
00000000   DIO_NUMSWIBASE
00000000   DIO_NUMTSKBASE
00000000   DIO_STATIC
00000000   DPI$
00000000   ECM$
00000000   ECM_ENABLE
00000000   GBL_BCACHEREADADDR0
00000000   GBL_BCACHEREADADDR1
00000000   GBL_BCACHEREADADDR2
00000000   GBL_BIGENDIAN
00000000   GBL_CACHE
00000000   GBL_CALLCSLCFGINIT
00000000   GBL_ENABLE_SK
00000000   GBL_GEMTRUECOMPEN
00000000   GBL_L2MAR0_31
00000000   GBL_L2MAR160_191
00000000   GBL_L2MAR224_255
00000000   GBL_L2MAR32_63
00000000   GBL_L2MAR64_95
00000000   GBL_L2MAR96_127
00000000   GBL_L2MODE
00000000   GBL_NULL
00000000   GBL_PROCID
00000000   GBL_ROM
00000000   GBL_SUPPORTCSL
00000000   GBL_USERINIT
00000000   GIO$
00000000   HOOK$
00000000   HOOK_KNLID
00000000   HST_DSM
00000000   HST_NONE
00000000   HWI_GENERATE_RESET_VEC
00000000   HWI_INT10$hwi
00000000   HWI_INT11$hwi
00000000   HWI_INT12$hwi
00000000   HWI_INT13$hwi
00000000   HWI_INT14$hwi
00000000   HWI_INT15$hwi
00000000   HWI_INT4$hwi
00000000   HWI_INT5$hwi
00000000   HWI_INT6$hwi
00000000   HWI_INT7$hwi
00000000   HWI_INT8$hwi
00000000   HWI_INT9$hwi
00000000   HWI_NMI$hwi
00000000   HWI_POLARITYMASK
00000000   HWI_RESERVED0$hwi
00000000   HWI_RESERVED1$hwi
00000000   HWI_RESET
00000000   HWI_RESET$hwi
00000000   HWI_ZEROTAB
00000000   IDL_busyObj$iB
00000000   IDL_busyObj$operation
00000000   KNL_swi$pri
00000000   KNL_swi$sts$unittype
00000000   KNL_swi$swi
00000000   LOG_system$datatype
00000000   LOG_system$log
00000000   MBX$
00000000   MEM_NULL
00000000   MEM_USEMPC
00000000   MSGQ$
00000000   MSGQ_USEMSGQ
00000000   OBJ$
00000000   PIP$
00000000   PIP_gNextId
00000000   POOL$
00000000   POOL_USEPOOL
00000000   PRD0$mode
00000000   PRD0$prd
00000000   PRD0$sts$filter
00000000   PRD_swi$sts$unittype
00000000   PRD_swi$swi
00000000   PWRM_PWRM_ENABLE
00000000   PWRM_PWRM_INITSPPER
00000000   PWRM_PWRM_LOADENABLE
00000000   PWRM_PWRM_RESOURCETRACKING
00000000   PWRM_PWRM_SCALING
00000000   PWRM_PWRM_TIMERIDNUM
00000000   PWRM_PWRM_TIMERINTRMASK
00000000   PWRM_PWRM_TIMERWUGENMASK
00000000   PWRM_PWRM_USERRESOURCES
00000000   PWRM_PWRM_USETIMER
00000000   RTA_fromHost$hst
00000000   RTA_fromHost$mode
00000000   RTA_toHost$hst
00000000   RTA_toHost$id
00000000   RTDX_MODE
00000000   RTDX_USERTEXECUTION
00000000   SEM$
00000000   SIO$
00000000   SWI_EHOOKFXN
00000000   SWI_IHOOKFXN
00000000   TSK_NUM_HOOKS
00000000   TSK_READYFXN
00000000   TSK_STACKSEG
00000000   TSK_SWITCHFXN
00000000   TSK_idle$ord
00000000   TSK_idle$pri
00000000   TSK_idle$sts$unittype
00000000   TSK_idle$tsk
00000000   UDEV$
00000000   _CLK_TDDR
00000000   _CLK_TIMERNUM
00000000   _GBL_CACHE
00000000   _HWI_RESET
00000000   _RTDX_interrupt_mask
00000000   trace$log
00000001   BUF_ENABLED
00000001   CLK$
00000001   CLK_CALDIV
00000001   CLK_CALMULT
00000001   CLK_ENABLEHTIME
00000001   CLK_HTIMEDIV
00000001   CLK_HTIMEMULT
00000001   CLK_LTIMEDIV
00000001   CLK_POWERENABLE
00000001   CLK_RESETTIMER
00000001   CLK_USETIMER
00000001   GBL$
00000001   GBL_ENABLEINST
00000001   GBL_L2CONFIGURE
00000001   GBL_L2MAR128_159
00000001   GBL_boot
00000001   HST$
00000001   HST_RTDX
00000001   HWI$
00000001   HWI_ENABLE_EXC
00000001   HWI_NMI
00000001   IDL$
00000001   IDL_USECLKIDLTIME
00000001   IDL_busyObj$filter
00000001   IDL_busyObj$iA
00000001   IDL_busyObj$iC
00000001   ISRC$
00000001   KNL_swi$dorta
00000001   KNL_swi$sts$filtmaxmult
00000001   KNL_swi$sts$filtsummult
00000001   LCK$
00000001   LOG$
00000001   LOG_ENABLED
00000001   MEM$
00000001   MEM_gNumHeap
00000001   PRD$
00000001   PRD0$ord
00000001   PRD_A_TABLEN
00000001   PRD_SCALAR
00000001   PRD_swi$dorta
00000001   PRD_swi$ord
00000001   PRD_swi$pri
00000001   PRD_swi$sts$filtmaxmult
00000001   PRD_swi$sts$filtsummult
00000001   PWRM$
00000001   PWRM_PWRM_NUMSLOTS
00000001   QUE$
00000001   RTA_fromHost$id
00000001   RTA_toHost$mode
00000001   RTDX$
00000001   RTDX_NORMALIZED_HDR
00000001   RTDX_USERTDX
00000001   STS$
00000001   SWI$
00000001   SYS$
00000001   TSK$
00000001   TSK_PRIORITY
00000001   TSK_idle$sts$filtmaxmult
00000001   TSK_idle$sts$filtsummult
00000001   _CLK_USETIMER
00000001   _HWI_NMI
00000001   trace$datatype
00000002   HWI_RESERVED0
00000002   IDL_busyObj$unittype
00000002   KNL_swi$ord
00000002   KNL_swi$sts$filter
00000002   LOG_A_TABLEN
00000002   PIP_A_TABLEN
00000002   PIP_gNumEmbed
00000002   PRD0$sts$unittype
00000002   PRD_swi$sts$filter
00000002   PWRM_PWRM_INITSPCPU
00000002   SWI_A_TABLEN
00000002   TSK_idle$sts$filter
00000002   _HWI_RESERVED0
00000002   _LOG_A_TABLEN
00000002   _RTDX_JTAGONLY
00000003   HWI_RESERVED1
00000003   _HWI_RESERVED1
00000004   CLK_COUNTSPMSHIGH
00000004   EVENT4
00000004   HWI_INT4
00000004   RTA_fromHost$framesize
00000004   _EVENT4
00000004   _HWI_INT4
00000005   CLK_TIMMODE
00000005   EVENT5
00000005   HWI_INT5
00000005   _EVENT5
00000005   _HWI_INT5
00000006   EVENT6
00000006   HWI_INT6
00000006   IDL_CALIBRERROR
00000006   _EVENT6
00000006   _HWI_INT6
00000007   EVENT7
00000007   GBL_L1DMODE
00000007   GBL_L1PMODE
00000007   HWI_INT7
00000007   _EVENT7
00000007   _HWI_INT7
00000008   EVENT8
00000008   HWI_INT8
00000008   _EVENT8
00000008   _HWI_INT8
00000009   EVENT9
00000009   HWI_INT9
00000009   _EVENT9
00000009   _HWI_INT9
0000000a   EVENT10
0000000a   HWI_INT10
0000000a   PWRM_PWRM_CLKTICKSPERSLOT
0000000a   _EVENT10
0000000a   _HWI_INT10
0000000b   EVENT11
0000000b   HWI_INT11
0000000b   _EVENT11
0000000b   _HWI_INT11
0000000c   EVENT12
0000000c   HWI_INT12
0000000c   _EVENT12
0000000c   _HWI_INT12
0000000d   EVENT13
0000000d   HWI_INT13
0000000d   _EVENT13
0000000d   _HWI_INT13
0000000e   EVENT14
0000000e   HWI_INT14
0000000e   _EVENT14
0000000e   _HWI_INT14
0000000f   EVENT15
0000000f   HWI_INT15
0000000f   _EVENT15
0000000f   _HWI_INT15
00000010   EVENT16
00000010   _EVENT16
00000011   EVENT17
00000011   _EVENT17
00000012   EVENT18
00000012   _EVENT18
00000013   EVENT19
00000013   _EVENT19
00000014   EVENT20
00000014   _EVENT20
00000015   EVENT21
00000015   _EVENT21
00000016   EVENT22
00000016   _EVENT22
00000017   EVENT23
00000017   _EVENT23
00000018   EVENT24
00000018   _EVENT24
00000019   EVENT25
00000019   _EVENT25
0000001a   EVENT26
0000001a   _EVENT26
0000001b   EVENT27
0000001b   _EVENT27
0000001c   EVENT28
0000001c   _EVENT28
0000001d   EVENT29
0000001d   _EVENT29
0000001e   EVENT30
0000001e   _EVENT30
0000001f   EVENT31
0000001f   _EVENT31
00000020   CLK_TCR
00000020   EVENT32
00000020   _EVENT32
00000021   EVENT33
00000021   _EVENT33
00000022   EVENT34
00000022   _EVENT34
00000023   EVENT35
00000023   _EVENT35
00000024   EVENT36
00000024   _EVENT36
00000025   EVENT37
00000025   _EVENT37
00000026   EVENT38
00000026   _EVENT38
00000027   EVENT39
00000027   _EVENT39
00000028   EVENT40
00000028   _EVENT40
00000029   EVENT41
00000029   _EVENT41
0000002a   EVENT42
0000002a   _EVENT42
0000002b   EVENT43
0000002b   _EVENT43
0000002c   EVENT44
0000002c   _EVENT44
0000002d   EVENT45
0000002d   _EVENT45
0000002e   EVENT46
0000002e   _EVENT46
0000002f   EVENT47
0000002f   _EVENT47
00000030   EVENT48
00000030   PWRM_PWRM_CAPSMASK
00000030   _EVENT48
00000031   EVENT49
00000031   _EVENT49
00000032   EVENT50
00000032   _EVENT50
00000033   EVENT51
00000033   _EVENT51
00000034   EVENT52
00000034   _EVENT52
00000035   EVENT53
00000035   _EVENT53
00000036   EVENT54
00000036   _EVENT54
00000037   EVENT55
00000037   _EVENT55
00000038   EVENT56
00000038   _EVENT56
00000039   EVENT57
00000039   _EVENT57
0000003a   EVENT58
0000003a   _EVENT58
0000003b   EVENT59
0000003b   _EVENT59
0000003c   EVENT60
0000003c   _EVENT60
0000003d   EVENT61
0000003d   _EVENT61
0000003e   EVENT62
0000003e   GBL_DSPTYPE
0000003e   _EVENT62
0000003f   EVENT63
0000003f   _EVENT63
00000040   EVENT64
00000040   HST_MAXFRAMESET
00000040   RTA_toHost$framesize
00000040   _EVENT64
00000041   EVENT65
00000041   _EVENT65
00000042   EVENT66
00000042   GBL_FOOTPRINT
00000042   _EVENT66
00000043   EVENT67
00000043   _EVENT67
00000044   EVENT68
00000044   _EVENT68
00000045   EVENT69
00000045   _EVENT69
00000046   EVENT70
00000046   _EVENT70
00000047   EVENT71
00000047   _EVENT71
00000048   EVENT72
00000048   _EVENT72
00000049   EVENT73
00000049   _EVENT73
0000004a   EVENT74
0000004a   _EVENT74
0000004b   EVENT75
0000004b   _EVENT75
0000004c   EVENT76
0000004c   _EVENT76
0000004d   EVENT77
0000004d   _EVENT77
0000004e   EVENT78
0000004e   _EVENT78
0000004f   EVENT79
0000004f   _EVENT79
00000050   EVENT80
00000050   _EVENT80
00000051   EVENT81
00000051   _EVENT81
00000052   EVENT82
00000052   _EVENT82
00000053   EVENT83
00000053   _EVENT83
00000054   EVENT84
00000054   _EVENT84
00000055   EVENT85
00000055   _EVENT85
00000056   EVENT86
00000056   _EVENT86
00000057   EVENT87
00000057   _EVENT87
00000058   EVENT88
00000058   _EVENT88
00000059   EVENT89
00000059   _EVENT89
0000005a   EVENT90
0000005a   _EVENT90
0000005b   EVENT91
0000005b   _EVENT91
0000005c   EVENT92
0000005c   _EVENT92
0000005d   EVENT93
0000005d   _EVENT93
0000005e   EVENT94
0000005e   _EVENT94
0000005f   EVENT95
0000005f   _EVENT95
00000060   EVENT96
00000060   _EVENT96
00000061   EVENT97
00000061   _EVENT97
00000062   EVENT98
00000062   _EVENT98
00000063   EVENT99
00000063   _EVENT99
00000064   EVENT100
00000064   PIP_OBJSIZE
00000064   _EVENT100
00000065   EVENT101
00000065   _EVENT101
00000066   EVENT102
00000066   _EVENT102
00000067   EVENT103
00000067   _EVENT103
00000068   EVENT104
00000068   _EVENT104
00000069   EVENT105
00000069   _EVENT105
0000006a   EVENT106
0000006a   _EVENT106
0000006b   EVENT107
0000006b   _EVENT107
0000006c   EVENT108
0000006c   _EVENT108
0000006d   EVENT109
0000006d   _EVENT109
0000006e   EVENT110
0000006e   _EVENT110
0000006f   EVENT111
0000006f   _EVENT111
00000070   EVENT112
00000070   _EVENT112
00000071   EVENT113
00000071   _EVENT113
00000072   EVENT114
00000072   _EVENT114
00000073   EVENT115
00000073   _EVENT115
00000074   EVENT116
00000074   _EVENT116
00000075   EVENT117
00000075   _EVENT117
00000076   EVENT118
00000076   _EVENT118
00000077   EVENT119
00000077   _EVENT119
00000078   EVENT120
00000078   _EVENT120
00000079   EVENT121
00000079   _EVENT121
0000007a   EVENT122
0000007a   _EVENT122
0000007b   EVENT123
0000007b   _EVENT123
0000007c   EVENT124
0000007c   _EVENT124
0000007d   EVENT125
0000007d   _EVENT125
0000007e   EVENT126
0000007e   _EVENT126
0000007f   EVENT127
0000007f   _EVENT127
000000ff   HST_MAXFRAMEALLOWED
000001f4   PRD0$period
00000200   LOG_system$size
000003e8   CLK_MICROSECS
00000400   HST_DSMMEMSIZE
00000400   TSK_STACKSIZE
00000400   __STACK_SIZE
00000400   trace$size
00000408   RTDX_BUFMEMSIZE
00001a5b   GBL_CLKTYPE
00001a5c   GBL_DSPSUBTYPE
00002000   IRAM$L
00002000   _IRAM_length
00004000   CLK_INTBIT
00004e20   GBL_CLKIN
00005205   GBL_A_VERSION
00005828   HWI_CFGDISPATCHED
00005828   _HWI_CFGDISPATCHED
00005dc0   CLK_INPUTCLK
00005dc0   CLK_PRD
00005dc0   _CLK_PRD
0000dbef   GBL_TRCMASKVALUE
000493e0   CLK_COUNTSPMS
000493e0   CLK_HTIMEPERLTIME
000493e0   CLK_LTIMEMULT
000493e0   GBL_FREQ
000493e0   _CLK_COUNTSPMS
01c20000   CLK_REGS
01c20000   _CLK_REGS
07063d04   HWI_INTRMUX1
0b0a0908   HWI_INTRMUX2
11800000   .data
11800000   .text
11800000   _EVMC6748_init
11800000   ___data__
11800000   ___edata__
11800000   ___text__
11800000   edata
1180002c   _EVMC6748_initRAM
118001e8   _EVMC6748_enableDsp
11800214   _EVMC6748_pinmuxConfig
118002b0   _EVMC6748_lpscTransition
11800688   _config_pll0
118008c4   _config_pll1
11800aa8   _UTIL_printMem
11800c00   _UTIL_isUIBoardAttached
11800c20   _main
11800d28   _dipPRD
11800e4c   _audioHWI
11801680   _read_audio_sample
118016a4   _write_audio_sample
118016c8   _initAll
11801730   _McASP_Init
11801874   _McASP_Start
11801aac   _AIC3106_Init
11801b60   _AIC3106_readRegister
11801bb4   _AIC3106_writeRegister
11801bf8   _USTIMER_delay
11801c70   _SetGpio
11801ca0   __divd
11802ce0   _I2CGPIO_init
11802db4   _I2CGPIO_getInput
11802ed0   _I2CGPIO_getInputAll
11802fe0   _I2CGPIO_setOutput
11803128   _I2CGPIO_setOutputAll
118031c0   __printfi
11803600   _fputs
118039a0   _GPIO_setDir
11803a18   _GPIO_getInput
11803a8c   _GPIO_setOutput
11803b0c   _GPIO_toggleLoop
11803d20   _I2C_init
11803e0c   _I2C_read
11803f68   _I2C_write
11804bc0   __divull
118054e0   _fputc
118054e0   _putc
11805900   _setvbuf
11805b00   _LED_init
11805b4c   _LED_isOn
11805bb4   _LED_turnOn
11805c04   _LED_turnOff
11805c4c   _LED_toggle
11805ea0   __divul
11806040   _HOSTrename
118061c0   _DIP_init
118061e4   _DIP_get
11806248   _DIP_getAll
118065a0   __closefile
118067e0   _fseek
11806900   _HOSTlseek
11806a00   __wrt_ok
11806b00   _call_dtors
11806c00   _HOSTopen
11806ce0   _HOSTread
11806dc0   __c6xabi_divi
11806dc0   __divi
11806ea0   _atoi
11806f80   _close
11807060   _memset
11807140   _printf
11807220   _HOSTunlink
118072e0   _HOSTwrite
11807460   __c6xabi_divu
11807460   __divu
11807520   __doflush
118075e0   __c6xabi_remi
118075e0   __remi
118076a0   _atexit
11807760   _ltoa
118078e0   _HOSTclose
11807980   __cleanup
11807a20   __divli
11807c00   __fixdli
11807ca0   __nround
11807e80   _lseek
11807f20   _memcpy
11807fc0   _modf
11808060   _write
11808100   __fltlid
11808180   __llshl
11808200   _readmsg
11808280   _unlink
11808300   __subcull
11808360   _memccpy
118083c0   _writemsg
11808418   C$$IO$$
11808420   ___add_dtor
11808460   ___isinf
118084e0   __frcmpyd_div
11808520   __llshru
11808560   __remli
118085a0   __negll
118085c0   __nop
11808620   __register_lock
11808640   __register_unlock
11808660   _remove
11808680   LNK_F_checkBufferCall
11808680   ___etext__
11808680   etext
118086a0   LNK_F_getChanPtr
118086f8   LNK_F_init
11808700   LNK_F_dataPump
11808710   LNK_rcloop
118087d4   LNK_rdrtry
118087e4   LNK_rrloop
118088a4   LNK_wrrtry
118088b0   LNK_wrloop
11808980   LNK_newin
11808ab4   LNK_newout
11808c08   LNK_F_readCallBack
11808c40   _EXC_nmi
11808c74   _EXC_internal
11808f20   _EXC_init
11808f60   _EXC_getLastStatus
11808f80   _EXC_external
11808fb4   _EXC_exceptionHandler
11809190   _EXC_clearLastStatus
118091c0   CLK_HOOKFXN
118091c0   HWI_F_dispatch
118091c0   _HWI_F_dispatch
118091c0   __HWI_lat1beg
11809348   __HWI_lat1end
11809348   __HWI_lat2beg
118094b0   __HWI_lat2end2
118094e0   __HWI_lat3end2
11809524   __HWI_lat2end1
11809540   __HWI_lat3beg
118096a0   SWI_F_enable
118096a0   __SWI_lat3beg
1180970c   __SWI_lat3end
11809710   SWI_F_post
11809710   _SWI_post
11809818   __SWI_lat1beg
11809884   SWI_EXECFXN
11809884   SWI_F_exec
118098ac   SWI_F_iexec
118098c4   __SWI_lat1end
118098c8   __SWI_lat2beg
11809928   __SWI_lat2end
1180992c   SWI_F_run
1180992c   SWI_RUNFXN
11809b60   PRD_F_swi
11809de4   PRD_F_tick
11809ee0   _free
11809f04   _malloc
11809f64   _realloc
1180a048   _memalign
1180a10c   _calloc
1180a160   RTA_F_getlog
1180a198   RTA_F_getsts
1180a1d8   RTA_F_readblk
1180a1f4   RTA_F_writeword
1180a200   RTA_F_resetmem
1180a200   __RTA_lat1beg
1180a234   __RTA_lat1end
1180a240   RTA_F_dispatch
1180a28c   RTA_execute
1180a3e0   _KNL_run
1180a620   _MEM_alloc
1180a9f4   PRD_THOOKFXN
1180a9f4   _KNL_tick
1180aa20   _MEM_free
1180ac00   _EXC_dispatch
1180adc4   _EXC_setReturnPtr
1180ade0   PIP_F_take
1180ae58   PIP_F_give
1180ae58   PIP_F_probe
1180af28   PIP_F_start
1180afc0   _SEM_pendEnterKnl
1180b1a0   __SEM_dopost
1180b340   _TSK_setup
1180b4e0   CLK_F_getltime
1180b4f0   CLK_F_isr
1180b630   CLK_F_itime
1180b630   _CLK_F_itime
1180b630   _CLK_itime
1180b650   __CLK_lat1beg
1180b670   __CLK_lat1end
1180b680   _KNL_saveIsrFrame
1180b72c   _KNL_switch
1180b7d8   KNL_glue
1180b800   __auto_init
1180b940   _TSK_exit
1180ba80   _BCACHE_setSize
1180bac4   _BCACHE_setMar
1180bb14   _BCACHE_setCacheToSram
1180bb44   _BCACHE_getSize
1180bb94   _BCACHE_getMar
1180bc28   _GBL_cacheInit64P
1180bce0   _KNL_check
1180bd2c   __KNL_lat1beg
1180bda8   _KNL_idle
1180bda8   __KNL_lat1end
1180bdd0   _KNL_max
1180bea4   _TSK_startup
1180bf20   _SEM_post
1180bf20   _SEM_postBinary
1180c000   _KNL_exit
1180c040   _KNL_enter
1180c0c0   _SEM_postEnterKnl
1180c160   _SYS_exit
1180c200   _KNL_ipost
1180c280   _KNL_post
1180c300   _LCK_post
1180c320   _LCK_pend
1180c380   LOG_F_event
1180c380   _LOG_event
1180c380   __LOG_lat1beg
1180c400   IDL_F_calibrate
1180c480   _SYS_error
1180c4e0   FXN_F_nop
1180c4e4   FXN_F_run
1180c4e4   _FXN_F_run
1180c520   FXN_F_zero
1180c520   _FXN_F_zero
1180c540   _HWI_disable
1180c558   _HWI_enable
1180c56c   _HWI_restore
1180c5a0   IDL_F_busy
1180c5a0   __IDL_lat1beg
1180c5e0   __IDL_lat1end
1180c600   _SEM_pend
1180c660   STS_F_delta
1180c660   _STS_delta
1180c68c   STS_F_add
1180c68c   _STS_add
1180c6a8   STS_F_reset
1180c6a8   _STS_reset
1180c6c0   _SYS_abort
1180c720   _CLK_measure
1180c780   IDL_CALIBRFXN
1180c780   IDL_F_stub
1180c7c0   RTA_F_andn
1180c7d8   RTA_F_or
1180c800   SYS_ABORTFXN
1180c800   _UTL_doAbort
1180c840   SYS_PUTCFXN
1180c840   _UTL_doPutc
1180c880   GBL_USERINITFXN
1180c880   GIO_CREATEFXN
1180c880   GIO_DELETEFXN
1180c880   GIO_PENDFXN
1180c880   GIO_POSTFXN
1180c880   PWRM_PWRM_SHAREDRESOURCEFXN
1180c880   PWRM_PWRM_SLOTHOOKFXN
1180c880   TSK_VCREATEFXN
1180c880   TSK_VDELETEFXN
1180c880   TSK_VEXITFXN
1180c880   _BCACHE_bootInit
1180c880   _FXN_F_nop
1180c8a0   _GBL_getVersion
1180c8c0   IDL_F_loop
1180c8c0   _IDL_loop
1180c8e0   _STS_set
1180c900   SYS_ERRORFXN
1180c900   _UTL_doError
1180c920   SYS_EXITFXN
1180c920   _UTL_halt
1180c940   CLK_F_gethtime
1180c940   CLK_TIMEFXN
1180c940   _CLK_gethtime
1180c960   IRAM$B
1180c960   _IRAM_base
1180e960   ___cinit__
1180e960   cinit
1180fd6c   _SYS_PUTCBEG
1180ff6b   _SYS_PUTCEND
1180ff78   TSK_idle
1180ff78   _TSK_idle
1180ffcc   LOG_A_TABBEG
1180ffcc   LOG_system
1180ffcc   _LOG_A_TABBEG
1180ffcc   _LOG_system
1180ffe4   _trace
1180ffe4   trace
1180fffc   LOG_A_TABEND
1180fffc   _LOG_A_TABEND
11810000   trace$buf
11811000   _HSRTDX_rec
118112a0   _RTDX_Buffer_WriteCB
11811760   _HSRTDX_xmt
11811a60   _RTDX_Mon_Queue
11811cc0   _RTDX_Poll
11811d60   _RTDX_Final_RT_Monitor
11811de0   _RTDX_Buffer_Initialize
11811e40   _RTDX_Init_RT_Monitor
11811ea0   _RTDX_Buffer_ReadCB
11811ee0   _RTDX_Buffer_Size
11811f20   _RTDX_memfill
11811f60   _RTDX_Buffer_Read
11811f80   _RTDX_Buffer_Write
11811fa0   _RTDX_Mask_IER
11811fc0   _b_fir
118120c0   _aLow
118120d8   _bLow
118120f0   _aMid
11812120   _bMid
11812150   _aPres
11812180   _bPres
118121b0   _aHigh
118121c8   _bHigh
118121e0   _sine
11812268   _buffer
11812368   _eqSignal
11812468   _low
11812478   _mid
11812490   _pres
118124a8   _high
118124b8   _wLow
118124c8   _wMid
118124e0   _wPres
118124f8   _wHigh
11812504   _CLK_inputClock
11812508   __ftable
118126e8   __tmpnams
11812828   __ft_end
11812830   ___atexit_func_id__
11812ad4   _dtors
11812ad8   _KNL_queues
11812b78   _KNL_dummy
11812bb0   _TSK_ATTRS
11812bcc   _TSK_config
11812bec   _TSK_timerSem
11812c10   _OBJ_table
11812c48   _OBJ_segtab
11812c64   __TSK_mutex
11812c8c   __MEM_mutex
11812cb8   _SYS_exitStack
11812cf0   _EXC_status
11812d2c   __cleanup_ptr
11812d30   __dtors_ptr
11812d34   ___TI_enable_exit_profile_output
11812d38   __lock
11812d3c   __unlock
11812d48   __CIOBUF_
11812e68   RTA_toHost$buf
11812f68   PRD_SWIHANDLE
11812f68   PRD_swi
11812f68   SWI_A_TABBEG
11812f68   _PRD_swi
11812f94   KNL_swi
11812f94   _KNL_swi
11812fc0   HST_A_TABBEG
11812fc0   SWI_A_TABEND
11812fc0   _HST_A_TABBEG
11812fc4   RTA_fromHost
11812fc4   _RTA_fromHost
11812fcc   RTA_fromHost$rtdx
11812fe0   RTA_toHost
11812fe0   _RTA_toHost
11812fe8   RTA_toHost$rtdx
11812ffc   HST_A_TABEND
11812ffc   _HST_A_TABEND
11813000   LOG_system$buf
11813800   BIOS_init
11813800   _BIOS_init
11813984   BIOS$$CLKON
118139c4   BIOS$$CLKOFF
11813a30   BIOS_start
11813a30   _BIOS_start
11813b80   _c_int00
11813c40   _MEM_init
11813d00   _TSK_init
11813d60   PRD0
11813d60   PRD_A_TABBEG
11813d60   _PRD0
11813d7c   PRD0$aaa
11813d80   PRD_A_TABEND
11813e00   _RTDX_Buffer
11814208   _RTDX_Buffer_Start
1181420c   _RTDX_Buffer_End
11814210   _rtdx_mon_state
11814254   _rtdx_buffer_state
11814260   _RTDX_writing
11814410   __ctypes_
11814518   _bitval_u32
11814691   PRD0$sts$maxfmt
11814698   TSK_idle$stack
1181469a   PRD0$sts$sumfmt
118146a3   PRD0$sts$avgfmt
118146ae   PRD_swi$sts$maxfmt
118146b6   PRD_swi$sts$sumfmt
118146be   PRD_swi$sts$avgfmt
118146c8   KNL_swi$sts$maxfmt
118146d0   KNL_swi$sts$sumfmt
118146d8   KNL_swi$sts$avgfmt
118146e2   TSK_idle$sts$maxfmt
118146ea   TSK_idle$sts$sumfmt
118146f2   TSK_idle$sts$avgfmt
118146fc   IDL_busyObj$maxfmt
118146ff   IDL_busyObj$sumfmt
11814702   IDL_busyObj$avgfmt
11814a30   TSK_idle$stkptr
11814a98   GBL_stackbeg
11814a98   _HWI_STKTOP
11814a98   __stack
11814e90   _HWI_STKBOTTOM
11814e97   GBL_stackend
11814e98   $bss
11814e98   .bss
11814e98   _HWI_dispatchTab
11814e98   __STACK_END
11814e98   ___bss__
11814f98   IDL_D_tabbeg
11814f9c   IDL_D_calibrate
11814fa0   IDL_D_calbeg
11814fa4   LOG_D_system
11814fa4   _LOG_D_system
11814fa8   PIP_D_tabbeg
11814fac   PIP_D_tablen
11814fb0   CLK_R_time
11814fb4   CLK_D_timefxn
11814fb8   CLK_D_tabbeg
11814fbc   CLK_D_isrhook
11814fc0   CLK_D_idletime
11814fc4   _CLK_htimeDiv
11814fc8   _CLK_htimeMult
11814fcc   _CLK_ltimeDiv
11814fd0   _CLK_ltimeMult
11814fd4   _CLK_D_dirty
11814fd8   _CLK_D_prd
11814fdc   _CLK_D_tddr
11814fe0   _CLK_D_countspms
11814fe4   PRD_D_tick
11814fe4   _PRD_D_tick
11814fe8   PRD_D_cur
11814fec   PRD_D_elapsed
11814ff0   PRD_D_prevtim
11814ff4   PRD_D_scalar
11814ff8   PRD_D_swihandle
11814ffc   PRD_D_tabbeg
11815000   PRD_D_tablen
11815004   PRD_D_thook
11815008   RTA_D_fromHost
1181500c   RTA_D_toHost
11815010   RTA_D_logval
11815020   RTA_D_stsval
1181502c   HST_D_chanmask
11815030   HST_D_tabbeg
11815034   HST_D_tabend
11815038   _GBL_procId
1181503c   _GBL_clkIn
11815040   _GBL_freq
11815044   _MEM_D_NUMSEGMENTS
11815048   _MEM_D_memtab
1181504c   _MEM_D_freelist
11815050   _MEM_D_lockaddr
11815054   _MEM_D_unlockaddr
11815058   _SYS
1181505c   __HOOK_knlId
11815060   __HOOK_NUMHOOKS
11815064   SWI_D_runaddr
11815064   _SWI_D_runaddr
11815064   _SWI_data
11815068   SWI_D_execaddr
11815068   _SWI_D_execaddr
1181506c   SWI_D_curmask
1181506c   _SWI_D_curmask
11815070   SWI_D_curset
11815070   _SWI_D_curset
11815074   SWI_D_lock
11815074   _SWI_D_lock
11815078   SWI_D_curmbox
1181507c   SWI_D_curfxn
1181507c   _SWI_D_curfxn
11815080   SWI_D_rdybeg
11815080   _SWI_D_rdybeg
11815084   SWI_D_inswi
11815084   _SWI_D_inswi
11815088   SWI_D_rdytab
11815100   _KNL_wFlag
11815104   _KNL_wList
11815108   _KNL_alarm
1181510c   _KNL_setpri
11815110   _KNL_inactive
11815114   _KNL_priority
11815118   _KNL_set
1181511c   _KNL_curtask
11815120   _KNL_prevtask
11815124   _KNL_curtime
11815128   _KNL_swiptr
1181512c   _KNL_curqueue
11815130   _KNL_maxqueue
11815134   _KNL_tswitchfxn
11815138   _KNL_tcreatefxn
1181513c   _KNL_tdeletefxn
11815140   _KNL_treadyfxn
11815144   _KNL_idlefxn
11815148   _MEM_memtab
11815154   HST_DSMBUFSEG
11815154   IRAM
11815154   MEM_MALLOCSEG
11815154   MEM_SEGZERO
11815154   RTDX_DATAMEMSEG
11815154   _IRAM
11815154   _SEG0
11815158   RTA_fromHost$pipe$dtab
11815164   RTA_toHost$pipe$dtab
11815170   _EXC_sysTrapTable
11815178   _EXC_returnPtr
11815190   HWI_D_spsave
11815190   _HWI_D_spsave
11815190   _HWI_data
1181519c   _HWI_D_inhwi
118151a0   HWI_D_bss
118151a4   HWI_D_ccmask
118151a8   LNK_dspFrameRequestMask
118151a8   _LNK_dspFrameRequestMask
118151ac   LNK_dspFrameReadyMask
118151ac   _LNK_dspFrameReadyMask
118151b0   LNK_readPend
118151b0   _LNK_readPend
118151b4   LNK_readDone
118151b4   _LNK_readDone
118151b8   LNK_readFail
118151b8   _LNK_readFail
118151bc   LNK_writeFail
118151bc   _LNK_writeFail
118151c0   _EXC_exceptionHook
118151c4   _EXC_internalHook
118151c8   _EXC_externalHook
118151cc   _EXC_nmiHook
118151d8   _rtdxNullChanCnt
118151dc   _rtdxNullFuncCnt
118151e0   _rtdxXmtNotDoneCnt
118151e4   _rtdxRecNotDoneCnt
118151e8   _rtdxXmtRestartCnt
118151ec   _rtdxXmtErrorCnt
118151f0   _TSK_nTasks
118151f4   _TSK_pid
118151f8   _TSK
118151fc   _mask
118151fe   _lowBoost
118151ff   _midBoost
11815200   _presBoost
11815201   _highBoost
11815202   _eqBypass
11815203   _dist
11815204   _writeIndex
11815208   _CLK_DFLTMICROSECS
1181520c   _CLK_D_microseconds
11815210   _SYS_exitStackPtr
11815214   _SYS_exitStackTop
11815218   _CLK_htimePerLtime
1181521c   IDL_D_busyObj
11815220   _MEM
1181522c   PIP_A_TABBEG
1181522c   RTA_fromHost$pipe
1181522c   _PIP_A_TABBEG
1181522c   ___end__
1181522c   end
11815230   RTA_fromHost$pipe$rd
1181525c   RTA_fromHost$pipe$aaa
11815260   RTA_fromHost$pipe$wr
1181528c   RTA_fromHost$pipe$bbb
11815290   RTA_toHost$pipe
11815294   RTA_toHost$pipe$rd
118152c0   RTA_toHost$pipe$aaa
118152c4   RTA_toHost$pipe$wr
118152f0   RTA_toHost$pipe$bbb
118152f4   PIP_A_TABEND
118152f4   PRD0$sts$stsobj
118152f4   STS_A_TABBEG
118152f4   _PIP_A_TABEND
118152f4   _STS_A_TABBEG
118152f8   PRD0$sts
11815304   PRD_swi$sts$stsobj
11815308   PRD_swi$sts
11815314   KNL_swi$sts$stsobj
11815318   KNL_swi$sts
11815324   TSK_idle$sts$stsobj
11815328   TSK_idle$sts
11815334   IDL_busyObj$stsobj
11815338   IDL_busyObj
11815338   _IDL_busyObj
11815344   STS_A_TABEND
11815344   _STS_A_TABEND
118153d4   RTA_fromHost$buf
118153e4   IDL_A_TABBEG
118153e4   IDL_cpuLoad
118153e4   _IDL_cpuLoad
118153e8   LNK_dataPump
118153e8   _LNK_dataPump
118153ec   RTA_dispatcher
118153ec   _RTA_dispatcher
118153f0   IDL_END
118153f4   ___pinit__
118153f4   pinit
11815400   HWI_A_VECS
11815400   hwi0
11815420   hwi1
11815440   hwi2
11815460   hwi3
11815480   hwi4
118154a0   hwi5
118154c0   hwi6
118154e0   hwi7
11815500   hwi8
11815520   hwi9
11815540   hwi10
11815560   hwi11
11815580   hwi12
118155a0   hwi13
118155c0   hwi14
118155e0   hwi15
11815600   IDL_A_CALBEG
11815600   IDL_cpuLoad$
11815604   LNK_dataPump$
11815608   RTA_dispatcher$
1181560c   IDL_END$
11815610   SYS$config
11815620   TRC_cinit
11815624   TRC_R_mask
11815624   _TRC_R_mask
11815628   GBL_initdone
1181562c   CLK_A_TABBEG
1181562c   PRD_clock
1181562c   _PRD_clock
11815630   CLK_null
28040d0c   HWI_INTRMUX3
ffffffff   CACHE_L1D
ffffffff   CACHE_L1P
ffffffff   DDR
ffffffff   ECM_EVTMASK0
ffffffff   ECM_EVTMASK1
ffffffff   ECM_EVTMASK2
ffffffff   ECM_EVTMASK3
ffffffff   GBL_L2MAR192_223
ffffffff   L3_CBA_RAM
ffffffff   _CACHE_L1D
ffffffff   _CACHE_L1P
ffffffff   _DDR
ffffffff   _L3_CBA_RAM
ffffffff   ___TI_pprof_out_hndl
ffffffff   ___TI_prof_data_size
ffffffff   ___TI_prof_data_start
ffffffff   ___binit__
ffffffff   ___c_args__
ffffffff   binit

[1163 symbols]
