******************************************************************************
               TMS320C6x Linker PC v7.4.18                     
******************************************************************************
>> Linked Tue Jun 16 11:09:52 2020

OUTPUT FILE NAME:   <GuitarAmpGitVersion.out>
ENTRY POINT SYMBOL: "_c_int00"  address: 1180fdc0


MEMORY CONFIGURATION

         name            origin    length      used     unused   attr    fill
----------------------  --------  ---------  --------  --------  ----  --------
  IRAM                  11800000   00040000  0001456d  0002ba93  RWIX
  CACHE_L1P             11e00000   00008000  00000000  00008000  RWIX
  CACHE_L1D             11f00000   00008000  00000000  00008000  RWIX
  L3_CBA_RAM            80000000   00020000  00000000  00020000  RWIX
  DDR                   c3000000   01000000  00000000  01000000  RWIX


SECTION ALLOCATION MAP

 output                                  attributes/
section   page    origin      length       input sections
--------  ----  ----------  ----------   ----------------
.vers      0    00000000    0000003c     COPY SECTION
                  00000000    0000003c     hellocfg.obj (.vers)

.data      0    11800000    00000000     UNINITIALIZED

.text      0    11800000    00007bc0     
                  11800000    00000c20     evmc6748_bsl.lib : evmc6748.obj (.text)
                  11800c20    00000620     framework.obj (.text)
                  11801240    000005a0     rts6740.lib : divd.obj (.text:__divd)
                  118017e0    00000580                 : _printfi.obj (.text:__getarg_diouxp)
                  11801d60    00000520                 : _printfi.obj (.text:__setfield)
                  11802280    000004e0     evmc6748_bsl.lib : evmc6748_i2c_gpio.obj (.text)
                  11802760    00000440     rts6740.lib : _printfi.obj (.text:__printfi)
                  11802ba0    000003a0                 : fputs.obj (.text:_fputs)
                  11802f40    00000380     evmc6748_bsl.lib : evmc6748_gpio.obj (.text)
                  118032c0    00000380                      : evmc6748_i2c.obj (.text)
                  11803640    00000320     rts6740.lib : _printfi.obj (.text:__pproc_fge)
                  11803960    000002c0                 : _printfi.obj (.text:__pproc_fwp)
                  11803c20    000002a0                 : _printfi.obj (.text:_ecvt)
                  11803ec0    000002a0                 : _printfi.obj (.text:_fcvt)
                  11804160    00000280     hello.obj (.text)
                  118043e0    00000260     rts6740.lib : imath64.obj (.text:__divull)
                  11804640    00000260                 : _printfi.obj (.text:__pconv_e)
                  118048a0    00000240                 : _printfi.obj (.text:__pproc_diouxp)
                  11804ae0    00000220                 : _printfi.obj (.text:__pproc_str)
                  11804d00    00000220                 : fputc.obj (.text:_fputc)
                  11804f20    00000200                 : _printfi.obj (.text:__pconv_g)
                  11805120    00000200                 : setvbuf.obj (.text:_setvbuf)
                  11805320    000001e0     evmc6748_bsl.lib : evmc6748_led.obj (.text)
                  11805500    000001c0     rts6740.lib : _printfi.obj (.text:__mcpy)
                  118056c0    000001a0                 : imath40.obj (.text:__divul)
                  11805860    00000180                 : trgdrv.obj (.text:_HOSTrename)
                  118059e0    00000160     evmc6748_bsl.lib : evmc6748_dip.obj (.text)
                  11805b40    00000140     rts6740.lib : _printfi.obj (.text:__pproc_fflags)
                  11805c80    00000140                 : lowlev.obj (.text:_getdevice)
                  11805dc0    00000120                 : fclose.obj (.text:__closefile)
                  11805ee0    00000120                 : _printfi.obj (.text:__ltostr)
                  11806000    00000120                 : fseek.obj (.text:_fseek)
                  11806120    00000100                 : trgdrv.obj (.text:_HOSTlseek)
                  11806220    00000100                 : _io_perm.obj (.text:__wrt_ok)
                  11806320    00000100                 : sinit.obj (.text:_call_dtors)
                  11806420    000000e0                 : trgdrv.obj (.text:_HOSTopen)
                  11806500    000000e0                 : trgdrv.obj (.text:_HOSTread)
                  118065e0    000000e0                 : atoi.obj (.text:_atoi)
                  118066c0    000000e0                 : lowlev.obj (.text:_close)
                  118067a0    000000e0                 : memset.obj (.text:_memset)
                  11806880    000000e0                 : printf.obj (.text:_printf)
                  11806960    000000c0                 : trgdrv.obj (.text:_HOSTunlink)
                  11806a20    000000c0                 : trgdrv.obj (.text:_HOSTwrite)
                  11806ae0    000000c0                 : _printfi.obj (.text:__div)
                  11806ba0    000000c0                 : divu.obj (.text:__divu)
                  11806c60    000000c0                 : fflush.obj (.text:__doflush)
                  11806d20    000000c0                 : atexit.obj (.text:_atexit)
                  11806de0    000000c0                 : ltoa.obj (.text:_ltoa)
                  11806ea0    000000c0     bios.a674 : tsk_stup.o674 (.text)
                  11806f60    000000a0     rts6740.lib : trgdrv.obj (.text:_HOSTclose)
                  11807000    000000a0                 : fopen.obj (.text:__cleanup)
                  118070a0    000000a0                 : imath40.obj (.text:__divli)
                  11807140    000000a0                 : _printfi.obj (.text:__ecpy)
                  118071e0    000000a0                 : _printfi.obj (.text:__fcpy)
                  11807280    000000a0                 : fixdli.obj (.text:__fixdli)
                  11807320    000000a0                 : _printfi.obj (.text:__pconv_f)
                  118073c0    000000a0                 : lowlev.obj (.text:_finddevice)
                  11807460    000000a0                 : lowlev.obj (.text:_lseek)
                  11807500    000000a0                 : memcpy64.obj (.text:_memcpy)
                  118075a0    000000a0                 : lowlev.obj (.text:_write)
                  11807640    00000080                 : fltlid.obj (.text:__fltlid)
                  118076c0    00000080                 : llshift.obj (.text:__llshl)
                  11807740    00000080                 : trgmsg.obj (.text:_readmsg)
                  118077c0    00000080                 : lowlev.obj (.text:_unlink)
                  11807840    00000060                 : imath64.obj (.text:__subcull)
                  118078a0    00000060                 : memccpy.obj (.text:_memccpy)
                  11807900    00000060                 : trgmsg.obj (.text:_writemsg)
                  11807960    00000040                 : sinit.obj (.text:___add_dtor)
                  118079a0    00000040                 : isinf.obj (.text:___isinf)
                  118079e0    00000040                 : _printfi.obj (.text:___isnan)
                  11807a20    00000040                 : frcmpyd_div.obj (.text:__frcmpyd_div)
                  11807a60    00000040                 : llshift.obj (.text:__llshru)
                  11807aa0    00000040                 : imath40.obj (.text:__remli)
                  11807ae0    00000020                 : negll.obj (.text:__negll)
                  11807b00    00000020                 : _lock.obj (.text:__nop)
                  11807b20    00000020                 : printf.obj (.text:__outc)
                  11807b40    00000020                 : printf.obj (.text:__outs)
                  11807b60    00000020                 : _lock.obj (.text:__register_lock)
                  11807b80    00000020                 : _lock.obj (.text:__register_unlock)
                  11807ba0    00000020                 : remove.obj (.text:_remove)

.bios      0    11807bc0    000042e0     
                  11807bc0    000005c0     lnkrtdx.a674 : rtdx.o674 (.bios)
                  11808180    00000580     bios.a674 : exc.o674 (.bios)
                  11808700    000004e0               : hwi_disp_asm.o674 (.bios)
                  11808be0    000004c0               : swi.o674 (.bios)
                  118090a0    00000380               : prd.o674 (.bios)
                  11809420    00000280               : malloc.o674 (.bios)
                  118096a0    00000280               : rta.o674 (.bios)
                  11809920    00000240               : knl_run.o674 (.bios)
                  11809b60    00000200               : mem_allo.o674 (.bios:.near)
                  11809d60    00000200               : knl_tick.o674 (.bios)
                  11809f60    000001e0               : mem_free.o674 (.bios:.near)
                  1180a140    000001e0               : exc_asm.o674 (.bios)
                  1180a320    000001e0               : pip.o674 (.bios)
                  1180a500    000001e0               : sem_pend.o674 (.bios)
                  1180a6e0    000001a0               : sem_dopo.o674 (.bios)
                  1180a880    000001a0               : tsk_setu.o674 (.bios)
                  1180aa20    000001a0     bios6748.a674 : clk.o674 (.bios)
                  1180abc0    00000180     bios.a674 : knl_swit.o674 (.bios)
                  1180ad40    00000140               : autoinit.o674 (.bios)
                  1180ae80    00000140               : tsk_exit.o674 (.bios)
                  1180afc0    00000140     bios6748.a674 : bcache_init.o674 (.bios)
                  1180b100    00000120     bios.a674 : gbl_cacheinit64P.o674 (.bios)
                  1180b220    00000120               : knl_chec.o674 (.bios)
                  1180b340    00000120               : tsk_stup.o674 (.bios)
                  1180b460    000000e0               : sem_post_asm.o674 (.bios)
                  1180b540    000000c0               : knl_exit.o674 (.bios)
                  1180b600    000000a0               : sem_post.o674 (.bios)
                  1180b6a0    000000a0               : sys_exit.o674 (.bios)
                  1180b740    00000080               : knl_ipos.o674 (.bios)
                  1180b7c0    00000080               : knl_post.o674 (.bios)
                  1180b840    00000080               : lck.o674 (.bios)
                  1180b8c0    00000080               : log.o674 (.bios)
                  1180b940    00000080     bios6748.a674 : idl_cal.o674 (.bios)
                  1180b9c0    00000060     bios.a674 : sys_erro.o674 (.bios:.near)
                  1180ba20    00000060               : fxn.o674 (.bios)
                  1180ba80    00000060               : hwi_c.o674 (.bios)
                  1180bae0    00000060               : idl_busy.o674 (.bios)
                  1180bb40    00000060               : sem_pend_counting.o674 (.bios)
                  1180bba0    00000060               : sts.o674 (.bios)
                  1180bc00    00000060               : sys_abor.o674 (.bios)
                  1180bc60    00000060     bios6748.a674 : clk_meas.o674 (.bios)
                  1180bcc0    00000040     bios.a674 : idl_stub.o674 (.bios)
                  1180bd00    00000040               : rta_andn.o674 (.bios)
                  1180bd40    00000040               : utl_doab.o674 (.bios)
                  1180bd80    00000040               : utl_putc.o674 (.bios)
                  1180bdc0    00000020               : fxn_c.o674 (.bios)
                  1180bde0    00000020               : gbl_vers.o674 (.bios)
                  1180be00    00000020               : idl.o674 (.bios)
                  1180be20    00000020               : sts_set.o674 (.bios)
                  1180be40    00000020               : utl_doer.o674 (.bios)
                  1180be60    00000020               : utl_halt.o674 (.bios)
                  1180be80    00000020     bios6748.a674 : clk_gethtime.o674 (.bios)

.IRAM$heap 
*          0    1180bea0    00002000     UNINITIALIZED
                  1180bea0    00002000     --HOLE--

.cinit     0    1180dea0    00001224     
                  1180dea0    000006c4     hellocfg.obj (.cinit)
                  1180e564    00000004     --HOLE-- [fill = 0]
                  1180e568    0000026c     bios.a674 : biosdata.o674 (.cinit)
                  1180e7d4    00000004     --HOLE-- [fill = 0]
                  1180e7d8    000001ac     hello.obj (.cinit)
                  1180e984    00000004     --HOLE-- [fill = 0]
                  1180e988    000001a4     bios.a674 : knl.o674 (.cinit)
                  1180eb2c    00000004     --HOLE-- [fill = 0]
                  1180eb30    000000b0               : swi.o674 (.cinit)
                  1180ebe0    00000080               : tsk.o674 (.cinit)
                  1180ec60    00000068     rtdx64xplus.lib : rtdx_mon.o64P (.cinit)
                  1180ecc8    00000060     bios.a674 : tsk_stup.o674 (.cinit)
                  1180ed28    0000005c     lnkrtdx.a674 : rtdx.o674 (.cinit)
                  1180ed84    00000004     --HOLE-- [fill = 0]
                  1180ed88    0000005c     rts6740.lib : defs.obj (.cinit)
                  1180ede4    00000004     --HOLE-- [fill = 0]
                  1180ede8    0000005c                 : lowlev.obj (.cinit)
                  1180ee44    00000004     --HOLE-- [fill = 0]
                  1180ee48    0000004c     bios.a674 : rta.o674 (.cinit)
                  1180ee94    00000004     --HOLE-- [fill = 0]
                  1180ee98    0000004c     rtdx64xplus.lib : buffer1.o64P (.cinit)
                  1180eee4    00000004     --HOLE-- [fill = 0]
                  1180eee8    0000003c     bios.a674 : exc.o674 (.cinit)
                  1180ef24    00000004     --HOLE-- [fill = 0]
                  1180ef28    00000034               : hwi.o674 (.cinit)
                  1180ef5c    00000004     --HOLE-- [fill = 0]
                  1180ef60    0000002c               : utl_putc.o674 (.cinit)
                  1180ef8c    00000004     --HOLE-- [fill = 0]
                  1180ef90    0000002c     rts6740.lib : exit.obj (.cinit)
                  1180efbc    00000004     --HOLE-- [fill = 0]
                  1180efc0    00000024     bios.a674 : obj_init.o674 (.cinit)
                  1180efe4    00000004     --HOLE-- [fill = 0]
                  1180efe8    0000001c               : exc_asm.o674 (.cinit)
                  1180f004    00000004     --HOLE-- [fill = 0]
                  1180f008    0000001c               : sys.o674 (.cinit)
                  1180f024    00000004     --HOLE-- [fill = 0]
                  1180f028    0000001c     rts6740.lib : _lock.obj (.cinit)
                  1180f044    00000004     --HOLE-- [fill = 0]
                  1180f048    0000001c                 : atexit.obj (.cinit)
                  1180f064    00000004     --HOLE-- [fill = 0]
                  1180f068    00000018     bios.a674 : knl_tick.o674 (.cinit)
                  1180f080    0000000c               : idl_busy.o674 (.cinit)
                  1180f08c    00000004     --HOLE-- [fill = 0]
                  1180f090    0000000c               : knl_swit.o674 (.cinit)
                  1180f09c    00000004     --HOLE-- [fill = 0]
                  1180f0a0    0000000c     rts6740.lib : fopen.obj (.cinit)
                  1180f0ac    00000004     --HOLE-- [fill = 0]
                  1180f0b0    0000000c                 : sinit.obj (.cinit)
                  1180f0bc    00000004     --HOLE-- [fill = 0]
                  1180f0c0    00000004     (.pad.cinit) [fill = 0]

.args      0    1180f0c4    00000004     
                  1180f0c4    00000004     --HOLE-- [fill = 0]

.far       0    1180f0c8    00000970     UNINITIALIZED
                  1180f0c8    00000324     rts6740.lib : defs.obj (.far)
                  1180f3ec    00000004     bios6748.a674 : clk_data.o674 (.far)
                  1180f3f0    00000188     rts6740.lib : atexit.obj (.far)
                  1180f578    0000013c     hello.obj (.far)
                  1180f6b4    00000004     rts6740.lib : fopen.obj (.far)
                  1180f6b8    0000011c                 : lowlev.obj (.far)
                  1180f7d4    00000004                 : sinit.obj (.far)
                  1180f7d8    000000d8     bios.a674 : knl.o674 (.far)
                  1180f8b0    0000005c               : tsk.o674 (.far)
                  1180f90c    00000004     --HOLE--
                  1180f910    00000054               : obj_init.o674 (.far)
                  1180f964    00000050               : tsk_stup.o674 (.far)
                  1180f9b4    00000004     --HOLE--
                  1180f9b8    00000020               : sys.o674 (.far)
                  1180f9d8    00000018     rtdx64xplus.lib : rtdx_mon.o64P (.far)
                  1180f9f0    00000010     bios.a674 : exc.o674 (.far)
                  1180fa00    00000010               : knl_tick.o674 (.far)
                  1180fa10    0000000c               : utl_putc.o674 (.far)
                  1180fa1c    0000000c     rts6740.lib : exit.obj (.far)
                  1180fa28    00000008                 : _lock.obj (.far)
                  1180fa30    00000008                 : trgdrv.obj (.far)

.clk       0    1180fa38    00000008     UNINITIALIZED
                  1180fa38    00000008     hellocfg.obj (.clk)

.sysinit   0    1180fa40    00000560     
                  1180fa40    00000380     hellocfg.obj (.sysinit)
                  1180fdc0    000000c0     bios.a674 : boot.o674 (.sysinit)
                  1180fe80    000000c0               : mem_init.o674 (.sysinit)
                  1180ff40    00000060               : tsk_init.o674 (.sysinit)

.tsk       0    1180ffa0    00000060     UNINITIALIZED
                  1180ffa0    00000060     hellocfg.obj (.tsk)

.trace$buf 
*          0    11810000    00001000     UNINITIALIZED
                  11810000    00001000     hellocfg.obj (.trace$buf)

.rtdx_text 
*          0    11811000    00000fc0     
                  11811000    000002a0     rtdx64xplus.lib : rtdx_mon.o64P (.rtdx_text:_HSRTDX_rec)
                  118112a0    00000260                     : buffer1.o64P (.rtdx_text:_RTDX_Buffer_WriteCB)
                  11811500    00000260                     : buffer1.o64P (.rtdx_text:_RTDX_write_next)
                  11811760    000001a0                     : rtdx_mon.o64P (.rtdx_text:_HSRTDX_xmt)
                  11811900    00000160                     : rtdx_mon.o64P (.rtdx_text:_RTDX_Send_To_Host)
                  11811a60    000000e0                     : rtdx_mon.o64P (.rtdx_text:_RTDX_Mon_Queue)
                  11811b40    000000e0                     : buffer1.o64P (.rtdx_text:_claim)
                  11811c20    000000a0                     : rtdx_mon.o64P (.rtdx_text:_RTDX_GetH2THeader)
                  11811cc0    000000a0                     : rtdx_mon.o64P (.rtdx_text:_RTDX_Poll)
                  11811d60    00000080                     : rtdx_mon.o64P (.rtdx_text:_RTDX_Final_RT_Monitor)
                  11811de0    00000060                     : buffer1.o64P (.rtdx_text:_RTDX_Buffer_Initialize)
                  11811e40    00000060                     : rtdx_mon.o64P (.rtdx_text:_RTDX_Init_RT_Monitor)
                  11811ea0    00000040                     : buffer2.o64P (.rtdx_text:_RTDX_Buffer_ReadCB)
                  11811ee0    00000040                     : buffer1.o64P (.rtdx_text:_RTDX_Buffer_Size)
                  11811f20    00000040                     : memfill.o64P (.rtdx_text:_RTDX_memfill)
                  11811f60    00000020                     : buffer2.o64P (.rtdx_text:_RTDX_Buffer_Read)
                  11811f80    00000020                     : buffer1.o64P (.rtdx_text:_RTDX_Buffer_Write)
                  11811fa0    00000020                     : intr_tgt.o64P (.rtdx_text)

.hst       0    11811fc0    0000003c     UNINITIALIZED
                  11811fc0    0000003c     hellocfg.obj (.hst)

.mem       0    11811ffc    00000004     UNINITIALIZED
                  11811ffc    00000004     hellocfg.obj (.mem)

.LOG_system$buf 
*          0    11812000    00000800     UNINITIALIZED
                  11812000    00000800     hellocfg.obj (.LOG_system$buf)

.rtdx_data 
*          0    11812800    000004f4     UNINITIALIZED
                  11812800    00000080     --HOLE--
                  11812880    00000410     hellocfg.obj (.rtdx_data)
                  11812c90    00000044     rtdx64xplus.lib : rtdx_mon.o64P (.rtdx_data)
                  11812cd4    00000020                     : buffer1.o64P (.rtdx_data)

.const     0    11812cf8    00000419     
                  11812cf8    00000193     bios.a674 : exc.o674 (.const:.string)
                  11812e8b    00000004               : mem_allo.o674 (.const:.string)
                  11812e8f    00000001     --HOLE-- [fill = 0]
                  11812e90    00000101     rts6740.lib : ctype.obj (.const:.string:__ctypes_)
                  11812f91    00000004     bios.a674 : mem_free.o674 (.const:.string)
                  11812f95    00000002     rts6740.lib : fputs.obj (.const:.string)
                  11812f97    00000001     --HOLE-- [fill = 0]
                  11812f98    00000080     evmc6748_bsl.lib : evmc6748.obj (.const:_bitval_u32)
                  11813018    0000004e     bios.a674 : tsk_stup.o674 (.const:.string)
                  11813066    00000002     --HOLE-- [fill = 0]
                  11813068    00000040     evmc6748_bsl.lib : evmc6748.obj (.const:.string)
                  118130a8    00000023     bios.a674 : utl_doab.o674 (.const:.string)
                  118130cb    00000023     rts6740.lib : _printfi.obj (.const:.string)
                  118130ee    00000022     bios.a674 : utl_doer.o674 (.const:.string)
                  11813110    00000001               : tsk.o674 (.const:.string)

.printf    0    11813111    00000076     COPY SECTION
                  11813111    00000076     hellocfg.obj (.printf)

.TSK_idle$stk 
*          0    11813118    00000400     UNINITIALIZED
                  11813118    00000400     hellocfg.obj (.TSK_idle$stk)

.stack     0    11813518    00000400     UNINITIALIZED
                  11813518    00000400     --HOLE--

.bss       0    11813918    00000398     UNINITIALIZED
                  11813918    00000100     bios.a674 : hwi_disp_asm.o674 (.bss)
                  11813a18    000000cc               : biosdata.o674 (.bss)
                  11813ae4    0000009c               : swi.o674 (.bss)
                  11813b80    00000048               : knl.o674 (.bss)
                  11813bc8    00000028     hellocfg.obj (.bss)
                  11813bf0    00000020     bios.a674 : exc_asm.o674 (.bss)
                  11813c10    00000018               : hwi.o674 (.bss)
                  11813c28    00000018     lnkrtdx.a674 : rtdx.o674 (.bss)
                  11813c40    00000014     hello.obj (.bss)
                  11813c54    00000010     bios.a674 : exc.o674 (.bss)
                  11813c64    00000010     rtdx64xplus.lib : buffer1.o64P (.bss)
                  11813c74    00000010                     : rtdx_mon.o64P (.bss)
                  11813c84    0000000c     bios.a674 : tsk.o674 (.bss)
                  11813c90    00000008               : clk_data.o674 (.bss)
                  11813c98    00000008               : sys.o674 (.bss)
                  11813ca0    00000004               : clk_data2.o674 (.bss)
                  11813ca4    00000004               : idl_busy.o674 (.bss)
                  11813ca8    00000004               : mem_asm.o674 (.bss)
                  11813cac    00000004     evmc6748_bsl.lib : evmc6748_i2c.obj (.bss)

.trace     0    11813cb0    00000200     
                  11813cb0    00000200     --HOLE-- [fill = 00000000]

.cio       0    11813eb0    00000120     UNINITIALIZED
                  11813eb0    00000120     rts6740.lib : trgmsg.obj (.cio)

.log       0    11813fd0    00000030     
                  11813fd0    00000030     hellocfg.obj (.log)

.hwi_vec   0    11814000    00000200     
                  11814000    00000200     hellocfg.obj (.hwi_vec)

.hst0      0    11814200    00000100     UNINITIALIZED
                  11814200    00000100     hellocfg.obj (.hst0)

.pip       0    11814300    000000c8     UNINITIALIZED
                  11814300    000000c8     hellocfg.obj (.pip)

.swi       0    118143c8    00000058     UNINITIALIZED
                  118143c8    00000058     hellocfg.obj (.swi)

.sts       0    11814420    00000050     
                  11814420    00000050     hellocfg.obj (.sts)

.gblinit   0    11814470    0000004c     
                  11814470    0000004c     hellocfg.obj (.gblinit)

.switch    0    118144bc    00000044     
                  118144bc    00000024     evmc6748_bsl.lib : evmc6748_gpio.obj (.switch:_getRegisterBankAndBit)
                  118144e0    00000020                      : evmc6748_dip.obj (.switch:_convertDipToI2CGpio)

.prd       0    11814500    00000020     UNINITIALIZED
                  11814500    00000020     hellocfg.obj (.prd)

.hst1      0    11814520    00000010     UNINITIALIZED
                  11814520    00000010     hellocfg.obj (.hst1)

.idl       0    11814530    00000010     UNINITIALIZED
                  11814530    00000010     hellocfg.obj (.idl)

.idlcal    0    11814540    00000010     UNINITIALIZED
                  11814540    00000010     hellocfg.obj (.idlcal)

.sys       0    11814550    00000010     UNINITIALIZED
                  11814550    00000010     hellocfg.obj (.sys)

.pinit     0    11814560    0000000c     
                  11814560    00000004     rtdx64xplus.lib : buffer1.o64P (.pinit)
                  11814564    00000004                     : rtdx_mon.o64P (.pinit)
                  11814568    00000004     --HOLE-- [fill = 0]

.trcdata   0    1181456c    0000000c     
                  1181456c    0000000c     bios.a674 : trc.o674 (.trcdata)


GLOBAL SYMBOLS: SORTED ALPHABETICALLY BY Name 

address    name
--------   ----
11813918   $bss
11813918   .bss
11800000   .data
11800000   .text
1180fc04   BIOS$$CLKOFF
1180fbc4   BIOS$$CLKON
1180fa40   BIOS_init
1180fc70   BIOS_start
00000000   BUF$
00000001   BUF_ENABLED
11807958   C$$IO$$
ffffffff   CACHE_L1D
ffffffff   CACHE_L1P
00000001   CLK$
1180fa38   CLK_A_TABBEG
00000001   CLK_CALDIV
00000001   CLK_CALMULT
000493e0   CLK_COUNTSPMS
00000004   CLK_COUNTSPMSHIGH
11813a40   CLK_D_idletime
11813a3c   CLK_D_isrhook
11813a38   CLK_D_tabbeg
11813a34   CLK_D_timefxn
00000001   CLK_ENABLEHTIME
1180be80   CLK_F_gethtime
1180aa20   CLK_F_getltime
1180aa30   CLK_F_isr
1180ab70   CLK_F_itime
11808700   CLK_HOOKFXN
00000001   CLK_HTIMEDIV
00000001   CLK_HTIMEMULT
000493e0   CLK_HTIMEPERLTIME
00005dc0   CLK_INPUTCLK
00004000   CLK_INTBIT
00000001   CLK_LTIMEDIV
000493e0   CLK_LTIMEMULT
000003e8   CLK_MICROSECS
00000001   CLK_POWERENABLE
00005dc0   CLK_PRD
00000000   CLK_PRDHIGH
01c20000   CLK_REGS
00000001   CLK_RESETTIMER
11813a30   CLK_R_time
00000020   CLK_TCR
00000000   CLK_TDDR
00000000   CLK_TDDRHIGH
1180be80   CLK_TIMEFXN
00000000   CLK_TIMERNUM
00000005   CLK_TIMMODE
00000001   CLK_USETIMER
1180fa3c   CLK_null
ffffffff   DDR
00000000   DEV$
00000000   DGN$
00000000   DHL$
00000000   DHL_gChannelsAvailable
00000000   DIO$
00000000   DIO_NUMSWIBASE
00000000   DIO_NUMTSKBASE
00000000   DIO_STATIC
00000000   DPI$
00000000   ECM$
00000000   ECM_ENABLE
ffffffff   ECM_EVTMASK0
ffffffff   ECM_EVTMASK1
ffffffff   ECM_EVTMASK2
ffffffff   ECM_EVTMASK3
0000000a   EVENT10
00000064   EVENT100
00000065   EVENT101
00000066   EVENT102
00000067   EVENT103
00000068   EVENT104
00000069   EVENT105
0000006a   EVENT106
0000006b   EVENT107
0000006c   EVENT108
0000006d   EVENT109
0000000b   EVENT11
0000006e   EVENT110
0000006f   EVENT111
00000070   EVENT112
00000071   EVENT113
00000072   EVENT114
00000073   EVENT115
00000074   EVENT116
00000075   EVENT117
00000076   EVENT118
00000077   EVENT119
0000000c   EVENT12
00000078   EVENT120
00000079   EVENT121
0000007a   EVENT122
0000007b   EVENT123
0000007c   EVENT124
0000007d   EVENT125
0000007e   EVENT126
0000007f   EVENT127
0000000d   EVENT13
0000000e   EVENT14
0000000f   EVENT15
00000010   EVENT16
00000011   EVENT17
00000012   EVENT18
00000013   EVENT19
00000014   EVENT20
00000015   EVENT21
00000016   EVENT22
00000017   EVENT23
00000018   EVENT24
00000019   EVENT25
0000001a   EVENT26
0000001b   EVENT27
0000001c   EVENT28
0000001d   EVENT29
0000001e   EVENT30
0000001f   EVENT31
00000020   EVENT32
00000021   EVENT33
00000022   EVENT34
00000023   EVENT35
00000024   EVENT36
00000025   EVENT37
00000026   EVENT38
00000027   EVENT39
00000004   EVENT4
00000028   EVENT40
00000029   EVENT41
0000002a   EVENT42
0000002b   EVENT43
0000002c   EVENT44
0000002d   EVENT45
0000002e   EVENT46
0000002f   EVENT47
00000030   EVENT48
00000031   EVENT49
00000005   EVENT5
00000032   EVENT50
00000033   EVENT51
00000034   EVENT52
00000035   EVENT53
00000036   EVENT54
00000037   EVENT55
00000038   EVENT56
00000039   EVENT57
0000003a   EVENT58
0000003b   EVENT59
00000006   EVENT6
0000003c   EVENT60
0000003d   EVENT61
0000003e   EVENT62
0000003f   EVENT63
00000040   EVENT64
00000041   EVENT65
00000042   EVENT66
00000043   EVENT67
00000044   EVENT68
00000045   EVENT69
00000007   EVENT7
00000046   EVENT70
00000047   EVENT71
00000048   EVENT72
00000049   EVENT73
0000004a   EVENT74
0000004b   EVENT75
0000004c   EVENT76
0000004d   EVENT77
0000004e   EVENT78
0000004f   EVENT79
00000008   EVENT8
00000050   EVENT80
00000051   EVENT81
00000052   EVENT82
00000053   EVENT83
00000054   EVENT84
00000055   EVENT85
00000056   EVENT86
00000057   EVENT87
00000058   EVENT88
00000059   EVENT89
00000009   EVENT9
0000005a   EVENT90
0000005b   EVENT91
0000005c   EVENT92
0000005d   EVENT93
0000005e   EVENT94
0000005f   EVENT95
00000060   EVENT96
00000061   EVENT97
00000062   EVENT98
00000063   EVENT99
1180ba20   FXN_F_nop
1180ba24   FXN_F_run
1180ba60   FXN_F_zero
00000001   GBL$
00005205   GBL_A_VERSION
00000000   GBL_BCACHEREADADDR0
00000000   GBL_BCACHEREADADDR1
00000000   GBL_BCACHEREADADDR2
00000000   GBL_BIGENDIAN
00000000   GBL_CACHE
00000000   GBL_CALLCSLCFGINIT
00004e20   GBL_CLKIN
00001a5b   GBL_CLKTYPE
00001a5c   GBL_DSPSUBTYPE
0000003e   GBL_DSPTYPE
00000001   GBL_ENABLEINST
00000000   GBL_ENABLE_SK
00000042   GBL_FOOTPRINT
000493e0   GBL_FREQ
00000000   GBL_GEMTRUECOMPEN
00000007   GBL_L1DMODE
00000007   GBL_L1PMODE
00000001   GBL_L2CONFIGURE
00000000   GBL_L2MAR0_31
00000001   GBL_L2MAR128_159
00000000   GBL_L2MAR160_191
ffffffff   GBL_L2MAR192_223
00000000   GBL_L2MAR224_255
00000000   GBL_L2MAR32_63
00000000   GBL_L2MAR64_95
00000000   GBL_L2MAR96_127
00000000   GBL_L2MODE
00000000   GBL_NULL
00000000   GBL_PROCID
00000000   GBL_ROM
00000000   GBL_SUPPORTCSL
0000dbef   GBL_TRCMASKVALUE
00000000   GBL_USERINIT
1180bdc0   GBL_USERINITFXN
00000001   GBL_boot
11814574   GBL_initdone
11813518   GBL_stackbeg
11813917   GBL_stackend
00000000   GIO$
1180bdc0   GIO_CREATEFXN
1180bdc0   GIO_DELETEFXN
1180bdc0   GIO_PENDFXN
1180bdc0   GIO_POSTFXN
00000000   HOOK$
00000000   HOOK_KNLID
00000001   HST$
11811fc0   HST_A_TABBEG
11811ffc   HST_A_TABEND
00000000   HST_DSM
11813bd4   HST_DSMBUFSEG
00000400   HST_DSMMEMSIZE
11813aac   HST_D_chanmask
11813ab0   HST_D_tabbeg
11813ab4   HST_D_tabend
000000ff   HST_MAXFRAMEALLOWED
00000040   HST_MAXFRAMESET
00000000   HST_NONE
00000001   HST_RTDX
00000001   HWI$
11814000   HWI_A_VECS
00005828   HWI_CFGDISPATCHED
11813c20   HWI_D_bss
11813c24   HWI_D_ccmask
11813c10   HWI_D_spsave
00000001   HWI_ENABLE_EXC
11808700   HWI_F_dispatch
00000000   HWI_GENERATE_RESET_VEC
0000000a   HWI_INT10
00000000   HWI_INT10$hwi
0000000b   HWI_INT11
00000000   HWI_INT11$hwi
0000000c   HWI_INT12
00000000   HWI_INT12$hwi
0000000d   HWI_INT13
00000000   HWI_INT13$hwi
0000000e   HWI_INT14
00000000   HWI_INT14$hwi
0000000f   HWI_INT15
00000000   HWI_INT15$hwi
00000004   HWI_INT4
00000000   HWI_INT4$hwi
00000005   HWI_INT5
00000000   HWI_INT5$hwi
00000006   HWI_INT6
00000000   HWI_INT6$hwi
00000007   HWI_INT7
00000000   HWI_INT7$hwi
00000008   HWI_INT8
00000000   HWI_INT8$hwi
00000009   HWI_INT9
00000000   HWI_INT9$hwi
07063d04   HWI_INTRMUX1
0b0a0908   HWI_INTRMUX2
28040d0c   HWI_INTRMUX3
00000001   HWI_NMI
00000000   HWI_NMI$hwi
00000000   HWI_POLARITYMASK
00000002   HWI_RESERVED0
00000000   HWI_RESERVED0$hwi
00000003   HWI_RESERVED1
00000000   HWI_RESERVED1$hwi
00000000   HWI_RESET
00000000   HWI_RESET$hwi
00000000   HWI_ZEROTAB
00000001   IDL$
11814540   IDL_A_CALBEG
11814530   IDL_A_TABBEG
00000006   IDL_CALIBRERROR
1180bcc0   IDL_CALIBRFXN
11813ca4   IDL_D_busyObj
11813a20   IDL_D_calbeg
11813a1c   IDL_D_calibrate
11813a18   IDL_D_tabbeg
1181453c   IDL_END
1181454c   IDL_END$
1180bae0   IDL_F_busy
1180b940   IDL_F_calibrate
1180be00   IDL_F_loop
1180bcc0   IDL_F_stub
00000001   IDL_USECLKIDLTIME
11814464   IDL_busyObj
11813182   IDL_busyObj$avgfmt
00000001   IDL_busyObj$filter
00000001   IDL_busyObj$iA
00000000   IDL_busyObj$iB
00000001   IDL_busyObj$iC
1181317c   IDL_busyObj$maxfmt
00000000   IDL_busyObj$operation
11814460   IDL_busyObj$stsobj
1181317f   IDL_busyObj$sumfmt
00000002   IDL_busyObj$unittype
11814530   IDL_cpuLoad
11814540   IDL_cpuLoad$
11813bd4   IRAM
1180bea0   IRAM$B
00002000   IRAM$L
00000001   ISRC$
1180ad18   KNL_glue
118143f4   KNL_swi
00000001   KNL_swi$dorta
00000002   KNL_swi$ord
00000000   KNL_swi$pri
11814444   KNL_swi$sts
11813158   KNL_swi$sts$avgfmt
00000002   KNL_swi$sts$filter
00000001   KNL_swi$sts$filtmaxmult
00000001   KNL_swi$sts$filtsummult
11813148   KNL_swi$sts$maxfmt
11814440   KNL_swi$sts$stsobj
11813150   KNL_swi$sts$sumfmt
00000000   KNL_swi$sts$unittype
00000000   KNL_swi$swi
ffffffff   L3_CBA_RAM
00000001   LCK$
11807bc0   LNK_F_checkBufferCall
11807c40   LNK_F_dataPump
11807be0   LNK_F_getChanPtr
11807c38   LNK_F_init
11808148   LNK_F_readCallBack
11814534   LNK_dataPump
11814544   LNK_dataPump$
11813c2c   LNK_dspFrameReadyMask
11813c28   LNK_dspFrameRequestMask
11807ec0   LNK_newin
11807ff4   LNK_newout
11807c50   LNK_rcloop
11807d14   LNK_rdrtry
11813c34   LNK_readDone
11813c38   LNK_readFail
11813c30   LNK_readPend
11807d24   LNK_rrloop
11813c3c   LNK_writeFail
11807df0   LNK_wrloop
11807de4   LNK_wrrtry
00000001   LOG$
11813fd0   LOG_A_TABBEG
11814000   LOG_A_TABEND
00000002   LOG_A_TABLEN
11813a24   LOG_D_system
00000001   LOG_ENABLED
1180b8c0   LOG_F_event
11813fd0   LOG_system
11812000   LOG_system$buf
00000000   LOG_system$datatype
00000000   LOG_system$log
00000200   LOG_system$size
00000000   MBX$
00000001   MEM$
11813bd4   MEM_MALLOCSEG
00000000   MEM_NULL
11813bd4   MEM_SEGZERO
00000000   MEM_USEMPC
00000001   MEM_gNumHeap
00000000   MSGQ$
00000000   MSGQ_USEMSGQ
00000000   OBJ$
00000000   PIP$
11814300   PIP_A_TABBEG
118143c8   PIP_A_TABEND
00000002   PIP_A_TABLEN
11813a28   PIP_D_tabbeg
11813a2c   PIP_D_tablen
1180a398   PIP_F_give
1180a398   PIP_F_probe
1180a468   PIP_F_start
1180a320   PIP_F_take
00000064   PIP_OBJSIZE
00000000   PIP_gNextId
00000002   PIP_gNumEmbed
00000000   POOL$
00000000   POOL_USEPOOL
00000001   PRD$
11814500   PRD0
1181451c   PRD0$aaa
00000000   PRD0$mode
00000001   PRD0$ord
000001f4   PRD0$period
00000000   PRD0$prd
11814424   PRD0$sts
11813123   PRD0$sts$avgfmt
00000000   PRD0$sts$filter
11813111   PRD0$sts$maxfmt
11814420   PRD0$sts$stsobj
1181311a   PRD0$sts$sumfmt
00000002   PRD0$sts$unittype
11814500   PRD_A_TABBEG
11814520   PRD_A_TABEND
00000001   PRD_A_TABLEN
11813a68   PRD_D_cur
11813a6c   PRD_D_elapsed
11813a70   PRD_D_prevtim
11813a74   PRD_D_scalar
11813a78   PRD_D_swihandle
11813a7c   PRD_D_tabbeg
11813a80   PRD_D_tablen
11813a84   PRD_D_thook
11813a64   PRD_D_tick
118090a0   PRD_F_swi
11809324   PRD_F_tick
00000001   PRD_SCALAR
118143c8   PRD_SWIHANDLE
11809f34   PRD_THOOKFXN
1180fa38   PRD_clock
118143c8   PRD_swi
00000001   PRD_swi$dorta
00000001   PRD_swi$ord
00000001   PRD_swi$pri
11814434   PRD_swi$sts
1181313e   PRD_swi$sts$avgfmt
00000002   PRD_swi$sts$filter
00000001   PRD_swi$sts$filtmaxmult
00000001   PRD_swi$sts$filtsummult
1181312e   PRD_swi$sts$maxfmt
11814430   PRD_swi$sts$stsobj
11813136   PRD_swi$sts$sumfmt
00000000   PRD_swi$sts$unittype
00000000   PRD_swi$swi
00000001   PWRM$
00000030   PWRM_PWRM_CAPSMASK
0000000a   PWRM_PWRM_CLKTICKSPERSLOT
00000000   PWRM_PWRM_ENABLE
00000002   PWRM_PWRM_INITSPCPU
00000000   PWRM_PWRM_INITSPPER
00000000   PWRM_PWRM_LOADENABLE
00000001   PWRM_PWRM_NUMSLOTS
00000000   PWRM_PWRM_RESOURCETRACKING
00000000   PWRM_PWRM_SCALING
1180bdc0   PWRM_PWRM_SHAREDRESOURCEFXN
1180bdc0   PWRM_PWRM_SLOTHOOKFXN
00000000   PWRM_PWRM_TIMERIDNUM
00000000   PWRM_PWRM_TIMERINTRMASK
00000000   PWRM_PWRM_TIMERWUGENMASK
00000000   PWRM_PWRM_USERRESOURCES
00000000   PWRM_PWRM_USETIMER
00000001   QUE$
11813a88   RTA_D_fromHost
11813a90   RTA_D_logval
11813aa0   RTA_D_stsval
11813a8c   RTA_D_toHost
1180bd00   RTA_F_andn
11809780   RTA_F_dispatch
118096a0   RTA_F_getlog
118096d8   RTA_F_getsts
1180bd18   RTA_F_or
11809718   RTA_F_readblk
11809740   RTA_F_resetmem
11809734   RTA_F_writeword
11814538   RTA_dispatcher
11814548   RTA_dispatcher$
118097cc   RTA_execute
11811fc4   RTA_fromHost
11814520   RTA_fromHost$buf
00000004   RTA_fromHost$framesize
00000000   RTA_fromHost$hst
00000001   RTA_fromHost$id
00000000   RTA_fromHost$mode
11814300   RTA_fromHost$pipe
11814330   RTA_fromHost$pipe$aaa
11814360   RTA_fromHost$pipe$bbb
11813bd8   RTA_fromHost$pipe$dtab
11814304   RTA_fromHost$pipe$rd
11814334   RTA_fromHost$pipe$wr
11811fcc   RTA_fromHost$rtdx
11811fe0   RTA_toHost
11814200   RTA_toHost$buf
00000040   RTA_toHost$framesize
00000000   RTA_toHost$hst
00000000   RTA_toHost$id
00000001   RTA_toHost$mode
11814364   RTA_toHost$pipe
11814394   RTA_toHost$pipe$aaa
118143c4   RTA_toHost$pipe$bbb
11813be4   RTA_toHost$pipe$dtab
11814368   RTA_toHost$pipe$rd
11814398   RTA_toHost$pipe$wr
11811fe8   RTA_toHost$rtdx
00000001   RTDX$
00000408   RTDX_BUFMEMSIZE
11813bd4   RTDX_DATAMEMSEG
00000000   RTDX_MODE
00000001   RTDX_NORMALIZED_HDR
00000001   RTDX_USERTDX
00000000   RTDX_USERTEXECUTION
00000000   SEM$
00000000   SIO$
00000001   STS$
11814420   STS_A_TABBEG
11814470   STS_A_TABEND
1180bbcc   STS_F_add
1180bba0   STS_F_delta
1180bbe8   STS_F_reset
00000001   SWI$
118143c8   SWI_A_TABBEG
11814420   SWI_A_TABEND
00000002   SWI_A_TABLEN
11813afc   SWI_D_curfxn
11813aec   SWI_D_curmask
11813af8   SWI_D_curmbox
11813af0   SWI_D_curset
11813ae8   SWI_D_execaddr
11813b04   SWI_D_inswi
11813af4   SWI_D_lock
11813b00   SWI_D_rdybeg
11813b08   SWI_D_rdytab
11813ae4   SWI_D_runaddr
00000000   SWI_EHOOKFXN
11808dc4   SWI_EXECFXN
11808be0   SWI_F_enable
11808dc4   SWI_F_exec
11808dec   SWI_F_iexec
11808c50   SWI_F_post
11808e6c   SWI_F_run
00000000   SWI_IHOOKFXN
11808e6c   SWI_RUNFXN
00000001   SYS$
11814550   SYS$config
1180bd40   SYS_ABORTFXN
1180be40   SYS_ERRORFXN
1180be60   SYS_EXITFXN
1180bd80   SYS_PUTCFXN
11814570   TRC_R_mask
1181456c   TRC_cinit
00000001   TSK$
00000000   TSK_NUM_HOOKS
00000001   TSK_PRIORITY
00000000   TSK_READYFXN
00000000   TSK_STACKSEG
00000400   TSK_STACKSIZE
00000000   TSK_SWITCHFXN
1180bdc0   TSK_VCREATEFXN
1180bdc0   TSK_VDELETEFXN
1180bdc0   TSK_VEXITFXN
1180ffac   TSK_idle
00000000   TSK_idle$ord
00000000   TSK_idle$pri
11813118   TSK_idle$stack
118134b0   TSK_idle$stkptr
11814454   TSK_idle$sts
11813172   TSK_idle$sts$avgfmt
00000002   TSK_idle$sts$filter
00000001   TSK_idle$sts$filtmaxmult
00000001   TSK_idle$sts$filtsummult
11813162   TSK_idle$sts$maxfmt
11814450   TSK_idle$sts$stsobj
1181316a   TSK_idle$sts$sumfmt
00000000   TSK_idle$sts$unittype
00000000   TSK_idle$tsk
00000000   UDEV$
1180104c   _AIC3106_Init
11801100   _AIC3106_readRegister
11801154   _AIC3106_writeRegister
1180bdc0   _BCACHE_bootInit
1180b0d4   _BCACHE_getMar
1180b084   _BCACHE_getSize
1180b054   _BCACHE_setCacheToSram
1180b004   _BCACHE_setMar
1180afc0   _BCACHE_setSize
1180fa40   _BIOS_init
1180fc70   _BIOS_start
ffffffff   _CACHE_L1D
ffffffff   _CACHE_L1P
000493e0   _CLK_COUNTSPMS
11813c90   _CLK_DFLTMICROSECS
11813a60   _CLK_D_countspms
11813a54   _CLK_D_dirty
11813c94   _CLK_D_microseconds
11813a58   _CLK_D_prd
11813a5c   _CLK_D_tddr
1180ab70   _CLK_F_itime
00005dc0   _CLK_PRD
01c20000   _CLK_REGS
00000000   _CLK_TDDR
00000000   _CLK_TIMERNUM
00000001   _CLK_USETIMER
1180be80   _CLK_gethtime
11813a44   _CLK_htimeDiv
11813a48   _CLK_htimeMult
11813ca0   _CLK_htimePerLtime
1180f3ec   _CLK_inputClock
1180ab70   _CLK_itime
11813a4c   _CLK_ltimeDiv
11813a50   _CLK_ltimeMult
1180bc60   _CLK_measure
ffffffff   _DDR
11805a04   _DIP_get
11805a68   _DIP_getAll
118059e0   _DIP_init
0000000a   _EVENT10
00000064   _EVENT100
00000065   _EVENT101
00000066   _EVENT102
00000067   _EVENT103
00000068   _EVENT104
00000069   _EVENT105
0000006a   _EVENT106
0000006b   _EVENT107
0000006c   _EVENT108
0000006d   _EVENT109
0000000b   _EVENT11
0000006e   _EVENT110
0000006f   _EVENT111
00000070   _EVENT112
00000071   _EVENT113
00000072   _EVENT114
00000073   _EVENT115
00000074   _EVENT116
00000075   _EVENT117
00000076   _EVENT118
00000077   _EVENT119
0000000c   _EVENT12
00000078   _EVENT120
00000079   _EVENT121
0000007a   _EVENT122
0000007b   _EVENT123
0000007c   _EVENT124
0000007d   _EVENT125
0000007e   _EVENT126
0000007f   _EVENT127
0000000d   _EVENT13
0000000e   _EVENT14
0000000f   _EVENT15
00000010   _EVENT16
00000011   _EVENT17
00000012   _EVENT18
00000013   _EVENT19
00000014   _EVENT20
00000015   _EVENT21
00000016   _EVENT22
00000017   _EVENT23
00000018   _EVENT24
00000019   _EVENT25
0000001a   _EVENT26
0000001b   _EVENT27
0000001c   _EVENT28
0000001d   _EVENT29
0000001e   _EVENT30
0000001f   _EVENT31
00000020   _EVENT32
00000021   _EVENT33
00000022   _EVENT34
00000023   _EVENT35
00000024   _EVENT36
00000025   _EVENT37
00000026   _EVENT38
00000027   _EVENT39
00000004   _EVENT4
00000028   _EVENT40
00000029   _EVENT41
0000002a   _EVENT42
0000002b   _EVENT43
0000002c   _EVENT44
0000002d   _EVENT45
0000002e   _EVENT46
0000002f   _EVENT47
00000030   _EVENT48
00000031   _EVENT49
00000005   _EVENT5
00000032   _EVENT50
00000033   _EVENT51
00000034   _EVENT52
00000035   _EVENT53
00000036   _EVENT54
00000037   _EVENT55
00000038   _EVENT56
00000039   _EVENT57
0000003a   _EVENT58
0000003b   _EVENT59
00000006   _EVENT6
0000003c   _EVENT60
0000003d   _EVENT61
0000003e   _EVENT62
0000003f   _EVENT63
00000040   _EVENT64
00000041   _EVENT65
00000042   _EVENT66
00000043   _EVENT67
00000044   _EVENT68
00000045   _EVENT69
00000007   _EVENT7
00000046   _EVENT70
00000047   _EVENT71
00000048   _EVENT72
00000049   _EVENT73
0000004a   _EVENT74
0000004b   _EVENT75
0000004c   _EVENT76
0000004d   _EVENT77
0000004e   _EVENT78
0000004f   _EVENT79
00000008   _EVENT8
00000050   _EVENT80
00000051   _EVENT81
00000052   _EVENT82
00000053   _EVENT83
00000054   _EVENT84
00000055   _EVENT85
00000056   _EVENT86
00000057   _EVENT87
00000058   _EVENT88
00000059   _EVENT89
00000009   _EVENT9
0000005a   _EVENT90
0000005b   _EVENT91
0000005c   _EVENT92
0000005d   _EVENT93
0000005e   _EVENT94
0000005f   _EVENT95
00000060   _EVENT96
00000061   _EVENT97
00000062   _EVENT98
00000063   _EVENT99
118001e8   _EVMC6748_enableDsp
11800000   _EVMC6748_init
1180002c   _EVMC6748_initRAM
118002b0   _EVMC6748_lpscTransition
11800214   _EVMC6748_pinmuxConfig
118086d0   _EXC_clearLastStatus
1180a140   _EXC_dispatch
118084f4   _EXC_exceptionHandler
11813c54   _EXC_exceptionHook
118084c0   _EXC_external
11813c5c   _EXC_externalHook
118084a0   _EXC_getLastStatus
11808460   _EXC_init
118081b4   _EXC_internal
11813c58   _EXC_internalHook
11808180   _EXC_nmi
11813c60   _EXC_nmiHook
11813bf8   _EXC_returnPtr
1180a304   _EXC_setReturnPtr
1180f9f0   _EXC_status
11813bf0   _EXC_sysTrapTable
1180bdc0   _FXN_F_nop
1180ba24   _FXN_F_run
1180ba60   _FXN_F_zero
00000000   _GBL_CACHE
1180b168   _GBL_cacheInit64P
11813abc   _GBL_clkIn
11813ac0   _GBL_freq
1180bde0   _GBL_getVersion
11813ab8   _GBL_procId
11802fb8   _GPIO_getInput
11802f40   _GPIO_setDir
1180302c   _GPIO_setOutput
118030ac   _GPIO_toggleLoop
11806f60   _HOSTclose
11806120   _HOSTlseek
11806420   _HOSTopen
11806500   _HOSTread
11805860   _HOSTrename
11806960   _HOSTunlink
11806a20   _HOSTwrite
11811000   _HSRTDX_rec
11811760   _HSRTDX_xmt
11811fc0   _HST_A_TABBEG
11811ffc   _HST_A_TABEND
00005828   _HWI_CFGDISPATCHED
11813c1c   _HWI_D_inhwi
11813c10   _HWI_D_spsave
11808700   _HWI_F_dispatch
0000000a   _HWI_INT10
0000000b   _HWI_INT11
0000000c   _HWI_INT12
0000000d   _HWI_INT13
0000000e   _HWI_INT14
0000000f   _HWI_INT15
00000004   _HWI_INT4
00000005   _HWI_INT5
00000006   _HWI_INT6
00000007   _HWI_INT7
00000008   _HWI_INT8
00000009   _HWI_INT9
00000001   _HWI_NMI
00000002   _HWI_RESERVED0
00000003   _HWI_RESERVED1
00000000   _HWI_RESET
11813910   _HWI_STKBOTTOM
11813518   _HWI_STKTOP
11813c10   _HWI_data
1180ba80   _HWI_disable
11813918   _HWI_dispatchTab
1180ba98   _HWI_enable
1180baac   _HWI_restore
11802354   _I2CGPIO_getInput
11802470   _I2CGPIO_getInputAll
11802280   _I2CGPIO_init
11802580   _I2CGPIO_setOutput
118026c8   _I2CGPIO_setOutputAll
118032c0   _I2C_init
118033ac   _I2C_read
11803508   _I2C_write
11814464   _IDL_busyObj
11814530   _IDL_cpuLoad
1180be00   _IDL_loop
11813bd4   _IRAM
1180bea0   _IRAM_base
00002000   _IRAM_length
11813b88   _KNL_alarm
1180b220   _KNL_check
11813bac   _KNL_curqueue
11813b9c   _KNL_curtask
11813ba4   _KNL_curtime
1180f878   _KNL_dummy
1180b580   _KNL_enter
1180b540   _KNL_exit
1180b2e8   _KNL_idle
11813bc4   _KNL_idlefxn
11813b90   _KNL_inactive
1180b740   _KNL_ipost
1180b310   _KNL_max
11813bb0   _KNL_maxqueue
1180b7c0   _KNL_post
11813ba0   _KNL_prevtask
11813b94   _KNL_priority
1180f7d8   _KNL_queues
11809920   _KNL_run
1180abc0   _KNL_saveIsrFrame
11813b98   _KNL_set
11813b8c   _KNL_setpri
118143f4   _KNL_swi
11813ba8   _KNL_swiptr
1180ac6c   _KNL_switch
11813bb8   _KNL_tcreatefxn
11813bbc   _KNL_tdeletefxn
11809f34   _KNL_tick
11813bc0   _KNL_treadyfxn
11813bb4   _KNL_tswitchfxn
11813b80   _KNL_wFlag
11813b84   _KNL_wList
ffffffff   _L3_CBA_RAM
1180b860   _LCK_pend
1180b840   _LCK_post
11805320   _LED_init
1180536c   _LED_isOn
1180546c   _LED_toggle
11805424   _LED_turnOff
118053d4   _LED_turnOn
11814534   _LNK_dataPump
11813c2c   _LNK_dspFrameReadyMask
11813c28   _LNK_dspFrameRequestMask
11813c34   _LNK_readDone
11813c38   _LNK_readFail
11813c30   _LNK_readPend
11813c3c   _LNK_writeFail
11813fd0   _LOG_A_TABBEG
11814000   _LOG_A_TABEND
00000002   _LOG_A_TABLEN
11813a24   _LOG_D_system
1180b8c0   _LOG_event
11813fd0   _LOG_system
11813ca8   _MEM
11813ac4   _MEM_D_NUMSEGMENTS
11813acc   _MEM_D_freelist
11813ad0   _MEM_D_lockaddr
11813ac8   _MEM_D_memtab
11813ad4   _MEM_D_unlockaddr
11809b60   _MEM_alloc
11809f60   _MEM_free
1180fe80   _MEM_init
11813bc8   _MEM_memtab
11800cd0   _McASP_Init
11800e14   _McASP_Start
1180f948   _OBJ_segtab
1180f910   _OBJ_table
11814300   _PIP_A_TABBEG
118143c8   _PIP_A_TABEND
11814500   _PRD0
11813a64   _PRD_D_tick
1180fa38   _PRD_clock
118143c8   _PRD_swi
11814538   _RTA_dispatcher
11811fc4   _RTA_fromHost
11811fe0   _RTA_toHost
11812880   _RTDX_Buffer
11812c8c   _RTDX_Buffer_End
11811de0   _RTDX_Buffer_Initialize
11811f60   _RTDX_Buffer_Read
11811ea0   _RTDX_Buffer_ReadCB
11811ee0   _RTDX_Buffer_Size
11812c88   _RTDX_Buffer_Start
11811f80   _RTDX_Buffer_Write
118112a0   _RTDX_Buffer_WriteCB
11811d60   _RTDX_Final_RT_Monitor
11811e40   _RTDX_Init_RT_Monitor
00000002   _RTDX_JTAGONLY
11811fa0   _RTDX_Mask_IER
11811a60   _RTDX_Mon_Queue
11811cc0   _RTDX_Poll
00000000   _RTDX_interrupt_mask
11811f20   _RTDX_memfill
11812ce0   _RTDX_writing
11813bd4   _SEG0
1180bb40   _SEM_pend
1180a500   _SEM_pendEnterKnl
1180b460   _SEM_post
1180b460   _SEM_postBinary
1180b600   _SEM_postEnterKnl
11814420   _STS_A_TABBEG
11814470   _STS_A_TABEND
1180bbcc   _STS_add
1180bba0   _STS_delta
1180bbe8   _STS_reset
1180be20   _STS_set
11813afc   _SWI_D_curfxn
11813aec   _SWI_D_curmask
11813af0   _SWI_D_curset
11813ae8   _SWI_D_execaddr
11813b04   _SWI_D_inswi
11813af4   _SWI_D_lock
11813b00   _SWI_D_rdybeg
11813ae4   _SWI_D_runaddr
11813ae4   _SWI_data
11808c50   _SWI_post
11813ad8   _SYS
11813cb0   _SYS_PUTCBEG
11813eaf   _SYS_PUTCEND
1180bc00   _SYS_abort
1180b9c0   _SYS_error
1180b6a0   _SYS_exit
1180f9b8   _SYS_exitStack
11813c98   _SYS_exitStackPtr
11813c9c   _SYS_exitStackTop
11801210   _SetGpio
11814570   _TRC_R_mask
11813c8c   _TSK
1180f8b0   _TSK_ATTRS
1180f8cc   _TSK_config
1180ae80   _TSK_exit
1180ffac   _TSK_idle
1180ff40   _TSK_init
11813c84   _TSK_nTasks
11813c88   _TSK_pid
1180a880   _TSK_setup
1180b3e4   _TSK_startup
1180f8ec   _TSK_timerSem
11801198   _USTIMER_delay
11800c00   _UTIL_isUIBoardAttached
11800aa8   _UTIL_printMem
1180bd40   _UTL_doAbort
1180be40   _UTL_doError
1180bd80   _UTL_doPutc
1180be60   _UTL_halt
11813eb0   __CIOBUF_
1180ab90   __CLK_lat1beg
1180abb0   __CLK_lat1end
11813ae0   __HOOK_NUMHOOKS
11813adc   __HOOK_knlId
11808700   __HWI_lat1beg
11808888   __HWI_lat1end
11808888   __HWI_lat2beg
11808a64   __HWI_lat2end1
118089f0   __HWI_lat2end2
11808a80   __HWI_lat3beg
11808a20   __HWI_lat3end2
1180bae0   __IDL_lat1beg
1180bb20   __IDL_lat1end
1180b26c   __KNL_lat1beg
1180b2e8   __KNL_lat1end
1180b8c0   __LOG_lat1beg
1180f98c   __MEM_mutex
11809740   __RTA_lat1beg
11809774   __RTA_lat1end
1180a6e0   __SEM_dopost
11813918   __STACK_END
00000400   __STACK_SIZE
11808d58   __SWI_lat1beg
11808e04   __SWI_lat1end
11808e08   __SWI_lat2beg
11808e68   __SWI_lat2end
11808be0   __SWI_lat3beg
11808c4c   __SWI_lat3end
1180f964   __TSK_mutex
1180fa24   ___TI_enable_exit_profile_output
ffffffff   ___TI_pprof_out_hndl
ffffffff   ___TI_prof_data_size
ffffffff   ___TI_prof_data_start
11807960   ___add_dtor
1180f3f0   ___atexit_func_id__
ffffffff   ___binit__
11813918   ___bss__
ffffffff   ___c_args__
1180dea0   ___cinit__
11800000   ___data__
11800000   ___edata__
11813cb0   ___end__
11807bc0   ___etext__
118079a0   ___isinf
11814560   ___pinit__
11800000   ___text__
1180ad40   __auto_init
11806ba0   __c6xabi_divu
11807000   __cleanup
1180fa1c   __cleanup_ptr
11805dc0   __closefile
11812e90   __ctypes_
11801240   __divd
118070a0   __divli
11806ba0   __divu
118056c0   __divul
118043e0   __divull
11806c60   __doflush
1180fa20   __dtors_ptr
11807280   __fixdli
11807640   __fltlid
11807a20   __frcmpyd_div
1180f3e8   __ft_end
1180f0c8   __ftable
118076c0   __llshl
11807a60   __llshru
1180fa28   __lock
11807ae0   __negll
11807b00   __nop
11802760   __printfi
11807b60   __register_lock
11807b80   __register_unlock
11807aa0   __remli
11813518   __stack
11807840   __subcull
1180f2a8   __tmpnams
1180fa2c   __unlock
11806220   __wrt_ok
1180f640   _a_fir
11806d20   _atexit
118065e0   _atoi
11804228   _audioHWI
1180f578   _b_fir
11812f98   _bitval_u32
1180f648   _buffer
11813c44   _bufferLength
1180fdc0   _c_int00
11806320   _call_dtors
1180964c   _calloc
118066c0   _close
11800688   _config_pll0
118008c4   _config_pll1
11804198   _dipPRD
11813c43   _dist
1180f7d4   _dtors
11813c42   _filterOn
11804d00   _fputc
11802ba0   _fputs
11809420   _free
11806000   _fseek
11800c68   _initAll
1180f668   _lowPass1
1180f6a8   _lowPass2
11807460   _lseek
11806de0   _ltoa
11804160   _main
11809444   _malloc
11813c40   _mask
11809588   _memalign
118078a0   _memccpy
11807500   _memcpy
118067a0   _memset
11806880   _printf
11804d00   _putc
11813c48   _readBuffer
11813c50   _readFilter
11800c20   _read_audio_sample
11807740   _readmsg
118094a4   _realloc
11807ba0   _remove
11813c6c   _rtdxNullChanCnt
11813c70   _rtdxNullFuncCnt
11813c78   _rtdxRecNotDoneCnt
11813c80   _rtdxXmtErrorCnt
11813c74   _rtdxXmtNotDoneCnt
11813c7c   _rtdxXmtRestartCnt
11812cd4   _rtdx_buffer_state
11812c90   _rtdx_mon_state
11805120   _setvbuf
11813fe8   _trace
118077c0   _unlink
118075a0   _write
11813c4c   _writeIndex
11800c44   _write_audio_sample
11807900   _writemsg
ffffffff   binit
1180dea0   cinit
11800000   edata
11813cb0   end
11807bc0   etext
11814000   hwi0
11814020   hwi1
11814140   hwi10
11814160   hwi11
11814180   hwi12
118141a0   hwi13
118141c0   hwi14
118141e0   hwi15
11814040   hwi2
11814060   hwi3
11814080   hwi4
118140a0   hwi5
118140c0   hwi6
118140e0   hwi7
11814100   hwi8
11814120   hwi9
11814560   pinit
11813fe8   trace
11810000   trace$buf
00000001   trace$datatype
00000000   trace$log
00000400   trace$size


GLOBAL SYMBOLS: SORTED BY Symbol Address 

address    name
--------   ----
00000000   BUF$
00000000   CLK_PRDHIGH
00000000   CLK_TDDR
00000000   CLK_TDDRHIGH
00000000   CLK_TIMERNUM
00000000   DEV$
00000000   DGN$
00000000   DHL$
00000000   DHL_gChannelsAvailable
00000000   DIO$
00000000   DIO_NUMSWIBASE
00000000   DIO_NUMTSKBASE
00000000   DIO_STATIC
00000000   DPI$
00000000   ECM$
00000000   ECM_ENABLE
00000000   GBL_BCACHEREADADDR0
00000000   GBL_BCACHEREADADDR1
00000000   GBL_BCACHEREADADDR2
00000000   GBL_BIGENDIAN
00000000   GBL_CACHE
00000000   GBL_CALLCSLCFGINIT
00000000   GBL_ENABLE_SK
00000000   GBL_GEMTRUECOMPEN
00000000   GBL_L2MAR0_31
00000000   GBL_L2MAR160_191
00000000   GBL_L2MAR224_255
00000000   GBL_L2MAR32_63
00000000   GBL_L2MAR64_95
00000000   GBL_L2MAR96_127
00000000   GBL_L2MODE
00000000   GBL_NULL
00000000   GBL_PROCID
00000000   GBL_ROM
00000000   GBL_SUPPORTCSL
00000000   GBL_USERINIT
00000000   GIO$
00000000   HOOK$
00000000   HOOK_KNLID
00000000   HST_DSM
00000000   HST_NONE
00000000   HWI_GENERATE_RESET_VEC
00000000   HWI_INT10$hwi
00000000   HWI_INT11$hwi
00000000   HWI_INT12$hwi
00000000   HWI_INT13$hwi
00000000   HWI_INT14$hwi
00000000   HWI_INT15$hwi
00000000   HWI_INT4$hwi
00000000   HWI_INT5$hwi
00000000   HWI_INT6$hwi
00000000   HWI_INT7$hwi
00000000   HWI_INT8$hwi
00000000   HWI_INT9$hwi
00000000   HWI_NMI$hwi
00000000   HWI_POLARITYMASK
00000000   HWI_RESERVED0$hwi
00000000   HWI_RESERVED1$hwi
00000000   HWI_RESET
00000000   HWI_RESET$hwi
00000000   HWI_ZEROTAB
00000000   IDL_busyObj$iB
00000000   IDL_busyObj$operation
00000000   KNL_swi$pri
00000000   KNL_swi$sts$unittype
00000000   KNL_swi$swi
00000000   LOG_system$datatype
00000000   LOG_system$log
00000000   MBX$
00000000   MEM_NULL
00000000   MEM_USEMPC
00000000   MSGQ$
00000000   MSGQ_USEMSGQ
00000000   OBJ$
00000000   PIP$
00000000   PIP_gNextId
00000000   POOL$
00000000   POOL_USEPOOL
00000000   PRD0$mode
00000000   PRD0$prd
00000000   PRD0$sts$filter
00000000   PRD_swi$sts$unittype
00000000   PRD_swi$swi
00000000   PWRM_PWRM_ENABLE
00000000   PWRM_PWRM_INITSPPER
00000000   PWRM_PWRM_LOADENABLE
00000000   PWRM_PWRM_RESOURCETRACKING
00000000   PWRM_PWRM_SCALING
00000000   PWRM_PWRM_TIMERIDNUM
00000000   PWRM_PWRM_TIMERINTRMASK
00000000   PWRM_PWRM_TIMERWUGENMASK
00000000   PWRM_PWRM_USERRESOURCES
00000000   PWRM_PWRM_USETIMER
00000000   RTA_fromHost$hst
00000000   RTA_fromHost$mode
00000000   RTA_toHost$hst
00000000   RTA_toHost$id
00000000   RTDX_MODE
00000000   RTDX_USERTEXECUTION
00000000   SEM$
00000000   SIO$
00000000   SWI_EHOOKFXN
00000000   SWI_IHOOKFXN
00000000   TSK_NUM_HOOKS
00000000   TSK_READYFXN
00000000   TSK_STACKSEG
00000000   TSK_SWITCHFXN
00000000   TSK_idle$ord
00000000   TSK_idle$pri
00000000   TSK_idle$sts$unittype
00000000   TSK_idle$tsk
00000000   UDEV$
00000000   _CLK_TDDR
00000000   _CLK_TIMERNUM
00000000   _GBL_CACHE
00000000   _HWI_RESET
00000000   _RTDX_interrupt_mask
00000000   trace$log
00000001   BUF_ENABLED
00000001   CLK$
00000001   CLK_CALDIV
00000001   CLK_CALMULT
00000001   CLK_ENABLEHTIME
00000001   CLK_HTIMEDIV
00000001   CLK_HTIMEMULT
00000001   CLK_LTIMEDIV
00000001   CLK_POWERENABLE
00000001   CLK_RESETTIMER
00000001   CLK_USETIMER
00000001   GBL$
00000001   GBL_ENABLEINST
00000001   GBL_L2CONFIGURE
00000001   GBL_L2MAR128_159
00000001   GBL_boot
00000001   HST$
00000001   HST_RTDX
00000001   HWI$
00000001   HWI_ENABLE_EXC
00000001   HWI_NMI
00000001   IDL$
00000001   IDL_USECLKIDLTIME
00000001   IDL_busyObj$filter
00000001   IDL_busyObj$iA
00000001   IDL_busyObj$iC
00000001   ISRC$
00000001   KNL_swi$dorta
00000001   KNL_swi$sts$filtmaxmult
00000001   KNL_swi$sts$filtsummult
00000001   LCK$
00000001   LOG$
00000001   LOG_ENABLED
00000001   MEM$
00000001   MEM_gNumHeap
00000001   PRD$
00000001   PRD0$ord
00000001   PRD_A_TABLEN
00000001   PRD_SCALAR
00000001   PRD_swi$dorta
00000001   PRD_swi$ord
00000001   PRD_swi$pri
00000001   PRD_swi$sts$filtmaxmult
00000001   PRD_swi$sts$filtsummult
00000001   PWRM$
00000001   PWRM_PWRM_NUMSLOTS
00000001   QUE$
00000001   RTA_fromHost$id
00000001   RTA_toHost$mode
00000001   RTDX$
00000001   RTDX_NORMALIZED_HDR
00000001   RTDX_USERTDX
00000001   STS$
00000001   SWI$
00000001   SYS$
00000001   TSK$
00000001   TSK_PRIORITY
00000001   TSK_idle$sts$filtmaxmult
00000001   TSK_idle$sts$filtsummult
00000001   _CLK_USETIMER
00000001   _HWI_NMI
00000001   trace$datatype
00000002   HWI_RESERVED0
00000002   IDL_busyObj$unittype
00000002   KNL_swi$ord
00000002   KNL_swi$sts$filter
00000002   LOG_A_TABLEN
00000002   PIP_A_TABLEN
00000002   PIP_gNumEmbed
00000002   PRD0$sts$unittype
00000002   PRD_swi$sts$filter
00000002   PWRM_PWRM_INITSPCPU
00000002   SWI_A_TABLEN
00000002   TSK_idle$sts$filter
00000002   _HWI_RESERVED0
00000002   _LOG_A_TABLEN
00000002   _RTDX_JTAGONLY
00000003   HWI_RESERVED1
00000003   _HWI_RESERVED1
00000004   CLK_COUNTSPMSHIGH
00000004   EVENT4
00000004   HWI_INT4
00000004   RTA_fromHost$framesize
00000004   _EVENT4
00000004   _HWI_INT4
00000005   CLK_TIMMODE
00000005   EVENT5
00000005   HWI_INT5
00000005   _EVENT5
00000005   _HWI_INT5
00000006   EVENT6
00000006   HWI_INT6
00000006   IDL_CALIBRERROR
00000006   _EVENT6
00000006   _HWI_INT6
00000007   EVENT7
00000007   GBL_L1DMODE
00000007   GBL_L1PMODE
00000007   HWI_INT7
00000007   _EVENT7
00000007   _HWI_INT7
00000008   EVENT8
00000008   HWI_INT8
00000008   _EVENT8
00000008   _HWI_INT8
00000009   EVENT9
00000009   HWI_INT9
00000009   _EVENT9
00000009   _HWI_INT9
0000000a   EVENT10
0000000a   HWI_INT10
0000000a   PWRM_PWRM_CLKTICKSPERSLOT
0000000a   _EVENT10
0000000a   _HWI_INT10
0000000b   EVENT11
0000000b   HWI_INT11
0000000b   _EVENT11
0000000b   _HWI_INT11
0000000c   EVENT12
0000000c   HWI_INT12
0000000c   _EVENT12
0000000c   _HWI_INT12
0000000d   EVENT13
0000000d   HWI_INT13
0000000d   _EVENT13
0000000d   _HWI_INT13
0000000e   EVENT14
0000000e   HWI_INT14
0000000e   _EVENT14
0000000e   _HWI_INT14
0000000f   EVENT15
0000000f   HWI_INT15
0000000f   _EVENT15
0000000f   _HWI_INT15
00000010   EVENT16
00000010   _EVENT16
00000011   EVENT17
00000011   _EVENT17
00000012   EVENT18
00000012   _EVENT18
00000013   EVENT19
00000013   _EVENT19
00000014   EVENT20
00000014   _EVENT20
00000015   EVENT21
00000015   _EVENT21
00000016   EVENT22
00000016   _EVENT22
00000017   EVENT23
00000017   _EVENT23
00000018   EVENT24
00000018   _EVENT24
00000019   EVENT25
00000019   _EVENT25
0000001a   EVENT26
0000001a   _EVENT26
0000001b   EVENT27
0000001b   _EVENT27
0000001c   EVENT28
0000001c   _EVENT28
0000001d   EVENT29
0000001d   _EVENT29
0000001e   EVENT30
0000001e   _EVENT30
0000001f   EVENT31
0000001f   _EVENT31
00000020   CLK_TCR
00000020   EVENT32
00000020   _EVENT32
00000021   EVENT33
00000021   _EVENT33
00000022   EVENT34
00000022   _EVENT34
00000023   EVENT35
00000023   _EVENT35
00000024   EVENT36
00000024   _EVENT36
00000025   EVENT37
00000025   _EVENT37
00000026   EVENT38
00000026   _EVENT38
00000027   EVENT39
00000027   _EVENT39
00000028   EVENT40
00000028   _EVENT40
00000029   EVENT41
00000029   _EVENT41
0000002a   EVENT42
0000002a   _EVENT42
0000002b   EVENT43
0000002b   _EVENT43
0000002c   EVENT44
0000002c   _EVENT44
0000002d   EVENT45
0000002d   _EVENT45
0000002e   EVENT46
0000002e   _EVENT46
0000002f   EVENT47
0000002f   _EVENT47
00000030   EVENT48
00000030   PWRM_PWRM_CAPSMASK
00000030   _EVENT48
00000031   EVENT49
00000031   _EVENT49
00000032   EVENT50
00000032   _EVENT50
00000033   EVENT51
00000033   _EVENT51
00000034   EVENT52
00000034   _EVENT52
00000035   EVENT53
00000035   _EVENT53
00000036   EVENT54
00000036   _EVENT54
00000037   EVENT55
00000037   _EVENT55
00000038   EVENT56
00000038   _EVENT56
00000039   EVENT57
00000039   _EVENT57
0000003a   EVENT58
0000003a   _EVENT58
0000003b   EVENT59
0000003b   _EVENT59
0000003c   EVENT60
0000003c   _EVENT60
0000003d   EVENT61
0000003d   _EVENT61
0000003e   EVENT62
0000003e   GBL_DSPTYPE
0000003e   _EVENT62
0000003f   EVENT63
0000003f   _EVENT63
00000040   EVENT64
00000040   HST_MAXFRAMESET
00000040   RTA_toHost$framesize
00000040   _EVENT64
00000041   EVENT65
00000041   _EVENT65
00000042   EVENT66
00000042   GBL_FOOTPRINT
00000042   _EVENT66
00000043   EVENT67
00000043   _EVENT67
00000044   EVENT68
00000044   _EVENT68
00000045   EVENT69
00000045   _EVENT69
00000046   EVENT70
00000046   _EVENT70
00000047   EVENT71
00000047   _EVENT71
00000048   EVENT72
00000048   _EVENT72
00000049   EVENT73
00000049   _EVENT73
0000004a   EVENT74
0000004a   _EVENT74
0000004b   EVENT75
0000004b   _EVENT75
0000004c   EVENT76
0000004c   _EVENT76
0000004d   EVENT77
0000004d   _EVENT77
0000004e   EVENT78
0000004e   _EVENT78
0000004f   EVENT79
0000004f   _EVENT79
00000050   EVENT80
00000050   _EVENT80
00000051   EVENT81
00000051   _EVENT81
00000052   EVENT82
00000052   _EVENT82
00000053   EVENT83
00000053   _EVENT83
00000054   EVENT84
00000054   _EVENT84
00000055   EVENT85
00000055   _EVENT85
00000056   EVENT86
00000056   _EVENT86
00000057   EVENT87
00000057   _EVENT87
00000058   EVENT88
00000058   _EVENT88
00000059   EVENT89
00000059   _EVENT89
0000005a   EVENT90
0000005a   _EVENT90
0000005b   EVENT91
0000005b   _EVENT91
0000005c   EVENT92
0000005c   _EVENT92
0000005d   EVENT93
0000005d   _EVENT93
0000005e   EVENT94
0000005e   _EVENT94
0000005f   EVENT95
0000005f   _EVENT95
00000060   EVENT96
00000060   _EVENT96
00000061   EVENT97
00000061   _EVENT97
00000062   EVENT98
00000062   _EVENT98
00000063   EVENT99
00000063   _EVENT99
00000064   EVENT100
00000064   PIP_OBJSIZE
00000064   _EVENT100
00000065   EVENT101
00000065   _EVENT101
00000066   EVENT102
00000066   _EVENT102
00000067   EVENT103
00000067   _EVENT103
00000068   EVENT104
00000068   _EVENT104
00000069   EVENT105
00000069   _EVENT105
0000006a   EVENT106
0000006a   _EVENT106
0000006b   EVENT107
0000006b   _EVENT107
0000006c   EVENT108
0000006c   _EVENT108
0000006d   EVENT109
0000006d   _EVENT109
0000006e   EVENT110
0000006e   _EVENT110
0000006f   EVENT111
0000006f   _EVENT111
00000070   EVENT112
00000070   _EVENT112
00000071   EVENT113
00000071   _EVENT113
00000072   EVENT114
00000072   _EVENT114
00000073   EVENT115
00000073   _EVENT115
00000074   EVENT116
00000074   _EVENT116
00000075   EVENT117
00000075   _EVENT117
00000076   EVENT118
00000076   _EVENT118
00000077   EVENT119
00000077   _EVENT119
00000078   EVENT120
00000078   _EVENT120
00000079   EVENT121
00000079   _EVENT121
0000007a   EVENT122
0000007a   _EVENT122
0000007b   EVENT123
0000007b   _EVENT123
0000007c   EVENT124
0000007c   _EVENT124
0000007d   EVENT125
0000007d   _EVENT125
0000007e   EVENT126
0000007e   _EVENT126
0000007f   EVENT127
0000007f   _EVENT127
000000ff   HST_MAXFRAMEALLOWED
000001f4   PRD0$period
00000200   LOG_system$size
000003e8   CLK_MICROSECS
00000400   HST_DSMMEMSIZE
00000400   TSK_STACKSIZE
00000400   __STACK_SIZE
00000400   trace$size
00000408   RTDX_BUFMEMSIZE
00001a5b   GBL_CLKTYPE
00001a5c   GBL_DSPSUBTYPE
00002000   IRAM$L
00002000   _IRAM_length
00004000   CLK_INTBIT
00004e20   GBL_CLKIN
00005205   GBL_A_VERSION
00005828   HWI_CFGDISPATCHED
00005828   _HWI_CFGDISPATCHED
00005dc0   CLK_INPUTCLK
00005dc0   CLK_PRD
00005dc0   _CLK_PRD
0000dbef   GBL_TRCMASKVALUE
000493e0   CLK_COUNTSPMS
000493e0   CLK_HTIMEPERLTIME
000493e0   CLK_LTIMEMULT
000493e0   GBL_FREQ
000493e0   _CLK_COUNTSPMS
01c20000   CLK_REGS
01c20000   _CLK_REGS
07063d04   HWI_INTRMUX1
0b0a0908   HWI_INTRMUX2
11800000   .data
11800000   .text
11800000   _EVMC6748_init
11800000   ___data__
11800000   ___edata__
11800000   ___text__
11800000   edata
1180002c   _EVMC6748_initRAM
118001e8   _EVMC6748_enableDsp
11800214   _EVMC6748_pinmuxConfig
118002b0   _EVMC6748_lpscTransition
11800688   _config_pll0
118008c4   _config_pll1
11800aa8   _UTIL_printMem
11800c00   _UTIL_isUIBoardAttached
11800c20   _read_audio_sample
11800c44   _write_audio_sample
11800c68   _initAll
11800cd0   _McASP_Init
11800e14   _McASP_Start
1180104c   _AIC3106_Init
11801100   _AIC3106_readRegister
11801154   _AIC3106_writeRegister
11801198   _USTIMER_delay
11801210   _SetGpio
11801240   __divd
11802280   _I2CGPIO_init
11802354   _I2CGPIO_getInput
11802470   _I2CGPIO_getInputAll
11802580   _I2CGPIO_setOutput
118026c8   _I2CGPIO_setOutputAll
11802760   __printfi
11802ba0   _fputs
11802f40   _GPIO_setDir
11802fb8   _GPIO_getInput
1180302c   _GPIO_setOutput
118030ac   _GPIO_toggleLoop
118032c0   _I2C_init
118033ac   _I2C_read
11803508   _I2C_write
11804160   _main
11804198   _dipPRD
11804228   _audioHWI
118043e0   __divull
11804d00   _fputc
11804d00   _putc
11805120   _setvbuf
11805320   _LED_init
1180536c   _LED_isOn
118053d4   _LED_turnOn
11805424   _LED_turnOff
1180546c   _LED_toggle
118056c0   __divul
11805860   _HOSTrename
118059e0   _DIP_init
11805a04   _DIP_get
11805a68   _DIP_getAll
11805dc0   __closefile
11806000   _fseek
11806120   _HOSTlseek
11806220   __wrt_ok
11806320   _call_dtors
11806420   _HOSTopen
11806500   _HOSTread
118065e0   _atoi
118066c0   _close
118067a0   _memset
11806880   _printf
11806960   _HOSTunlink
11806a20   _HOSTwrite
11806ba0   __c6xabi_divu
11806ba0   __divu
11806c60   __doflush
11806d20   _atexit
11806de0   _ltoa
11806f60   _HOSTclose
11807000   __cleanup
118070a0   __divli
11807280   __fixdli
11807460   _lseek
11807500   _memcpy
118075a0   _write
11807640   __fltlid
118076c0   __llshl
11807740   _readmsg
118077c0   _unlink
11807840   __subcull
118078a0   _memccpy
11807900   _writemsg
11807958   C$$IO$$
11807960   ___add_dtor
118079a0   ___isinf
11807a20   __frcmpyd_div
11807a60   __llshru
11807aa0   __remli
11807ae0   __negll
11807b00   __nop
11807b60   __register_lock
11807b80   __register_unlock
11807ba0   _remove
11807bc0   LNK_F_checkBufferCall
11807bc0   ___etext__
11807bc0   etext
11807be0   LNK_F_getChanPtr
11807c38   LNK_F_init
11807c40   LNK_F_dataPump
11807c50   LNK_rcloop
11807d14   LNK_rdrtry
11807d24   LNK_rrloop
11807de4   LNK_wrrtry
11807df0   LNK_wrloop
11807ec0   LNK_newin
11807ff4   LNK_newout
11808148   LNK_F_readCallBack
11808180   _EXC_nmi
118081b4   _EXC_internal
11808460   _EXC_init
118084a0   _EXC_getLastStatus
118084c0   _EXC_external
118084f4   _EXC_exceptionHandler
118086d0   _EXC_clearLastStatus
11808700   CLK_HOOKFXN
11808700   HWI_F_dispatch
11808700   _HWI_F_dispatch
11808700   __HWI_lat1beg
11808888   __HWI_lat1end
11808888   __HWI_lat2beg
118089f0   __HWI_lat2end2
11808a20   __HWI_lat3end2
11808a64   __HWI_lat2end1
11808a80   __HWI_lat3beg
11808be0   SWI_F_enable
11808be0   __SWI_lat3beg
11808c4c   __SWI_lat3end
11808c50   SWI_F_post
11808c50   _SWI_post
11808d58   __SWI_lat1beg
11808dc4   SWI_EXECFXN
11808dc4   SWI_F_exec
11808dec   SWI_F_iexec
11808e04   __SWI_lat1end
11808e08   __SWI_lat2beg
11808e68   __SWI_lat2end
11808e6c   SWI_F_run
11808e6c   SWI_RUNFXN
118090a0   PRD_F_swi
11809324   PRD_F_tick
11809420   _free
11809444   _malloc
118094a4   _realloc
11809588   _memalign
1180964c   _calloc
118096a0   RTA_F_getlog
118096d8   RTA_F_getsts
11809718   RTA_F_readblk
11809734   RTA_F_writeword
11809740   RTA_F_resetmem
11809740   __RTA_lat1beg
11809774   __RTA_lat1end
11809780   RTA_F_dispatch
118097cc   RTA_execute
11809920   _KNL_run
11809b60   _MEM_alloc
11809f34   PRD_THOOKFXN
11809f34   _KNL_tick
11809f60   _MEM_free
1180a140   _EXC_dispatch
1180a304   _EXC_setReturnPtr
1180a320   PIP_F_take
1180a398   PIP_F_give
1180a398   PIP_F_probe
1180a468   PIP_F_start
1180a500   _SEM_pendEnterKnl
1180a6e0   __SEM_dopost
1180a880   _TSK_setup
1180aa20   CLK_F_getltime
1180aa30   CLK_F_isr
1180ab70   CLK_F_itime
1180ab70   _CLK_F_itime
1180ab70   _CLK_itime
1180ab90   __CLK_lat1beg
1180abb0   __CLK_lat1end
1180abc0   _KNL_saveIsrFrame
1180ac6c   _KNL_switch
1180ad18   KNL_glue
1180ad40   __auto_init
1180ae80   _TSK_exit
1180afc0   _BCACHE_setSize
1180b004   _BCACHE_setMar
1180b054   _BCACHE_setCacheToSram
1180b084   _BCACHE_getSize
1180b0d4   _BCACHE_getMar
1180b168   _GBL_cacheInit64P
1180b220   _KNL_check
1180b26c   __KNL_lat1beg
1180b2e8   _KNL_idle
1180b2e8   __KNL_lat1end
1180b310   _KNL_max
1180b3e4   _TSK_startup
1180b460   _SEM_post
1180b460   _SEM_postBinary
1180b540   _KNL_exit
1180b580   _KNL_enter
1180b600   _SEM_postEnterKnl
1180b6a0   _SYS_exit
1180b740   _KNL_ipost
1180b7c0   _KNL_post
1180b840   _LCK_post
1180b860   _LCK_pend
1180b8c0   LOG_F_event
1180b8c0   _LOG_event
1180b8c0   __LOG_lat1beg
1180b940   IDL_F_calibrate
1180b9c0   _SYS_error
1180ba20   FXN_F_nop
1180ba24   FXN_F_run
1180ba24   _FXN_F_run
1180ba60   FXN_F_zero
1180ba60   _FXN_F_zero
1180ba80   _HWI_disable
1180ba98   _HWI_enable
1180baac   _HWI_restore
1180bae0   IDL_F_busy
1180bae0   __IDL_lat1beg
1180bb20   __IDL_lat1end
1180bb40   _SEM_pend
1180bba0   STS_F_delta
1180bba0   _STS_delta
1180bbcc   STS_F_add
1180bbcc   _STS_add
1180bbe8   STS_F_reset
1180bbe8   _STS_reset
1180bc00   _SYS_abort
1180bc60   _CLK_measure
1180bcc0   IDL_CALIBRFXN
1180bcc0   IDL_F_stub
1180bd00   RTA_F_andn
1180bd18   RTA_F_or
1180bd40   SYS_ABORTFXN
1180bd40   _UTL_doAbort
1180bd80   SYS_PUTCFXN
1180bd80   _UTL_doPutc
1180bdc0   GBL_USERINITFXN
1180bdc0   GIO_CREATEFXN
1180bdc0   GIO_DELETEFXN
1180bdc0   GIO_PENDFXN
1180bdc0   GIO_POSTFXN
1180bdc0   PWRM_PWRM_SHAREDRESOURCEFXN
1180bdc0   PWRM_PWRM_SLOTHOOKFXN
1180bdc0   TSK_VCREATEFXN
1180bdc0   TSK_VDELETEFXN
1180bdc0   TSK_VEXITFXN
1180bdc0   _BCACHE_bootInit
1180bdc0   _FXN_F_nop
1180bde0   _GBL_getVersion
1180be00   IDL_F_loop
1180be00   _IDL_loop
1180be20   _STS_set
1180be40   SYS_ERRORFXN
1180be40   _UTL_doError
1180be60   SYS_EXITFXN
1180be60   _UTL_halt
1180be80   CLK_F_gethtime
1180be80   CLK_TIMEFXN
1180be80   _CLK_gethtime
1180bea0   IRAM$B
1180bea0   _IRAM_base
1180dea0   ___cinit__
1180dea0   cinit
1180f0c8   __ftable
1180f2a8   __tmpnams
1180f3e8   __ft_end
1180f3ec   _CLK_inputClock
1180f3f0   ___atexit_func_id__
1180f578   _b_fir
1180f640   _a_fir
1180f648   _buffer
1180f668   _lowPass1
1180f6a8   _lowPass2
1180f7d4   _dtors
1180f7d8   _KNL_queues
1180f878   _KNL_dummy
1180f8b0   _TSK_ATTRS
1180f8cc   _TSK_config
1180f8ec   _TSK_timerSem
1180f910   _OBJ_table
1180f948   _OBJ_segtab
1180f964   __TSK_mutex
1180f98c   __MEM_mutex
1180f9b8   _SYS_exitStack
1180f9f0   _EXC_status
1180fa1c   __cleanup_ptr
1180fa20   __dtors_ptr
1180fa24   ___TI_enable_exit_profile_output
1180fa28   __lock
1180fa2c   __unlock
1180fa38   CLK_A_TABBEG
1180fa38   PRD_clock
1180fa38   _PRD_clock
1180fa3c   CLK_null
1180fa40   BIOS_init
1180fa40   _BIOS_init
1180fbc4   BIOS$$CLKON
1180fc04   BIOS$$CLKOFF
1180fc70   BIOS_start
1180fc70   _BIOS_start
1180fdc0   _c_int00
1180fe80   _MEM_init
1180ff40   _TSK_init
1180ffac   TSK_idle
1180ffac   _TSK_idle
11810000   trace$buf
11811000   _HSRTDX_rec
118112a0   _RTDX_Buffer_WriteCB
11811760   _HSRTDX_xmt
11811a60   _RTDX_Mon_Queue
11811cc0   _RTDX_Poll
11811d60   _RTDX_Final_RT_Monitor
11811de0   _RTDX_Buffer_Initialize
11811e40   _RTDX_Init_RT_Monitor
11811ea0   _RTDX_Buffer_ReadCB
11811ee0   _RTDX_Buffer_Size
11811f20   _RTDX_memfill
11811f60   _RTDX_Buffer_Read
11811f80   _RTDX_Buffer_Write
11811fa0   _RTDX_Mask_IER
11811fc0   HST_A_TABBEG
11811fc0   _HST_A_TABBEG
11811fc4   RTA_fromHost
11811fc4   _RTA_fromHost
11811fcc   RTA_fromHost$rtdx
11811fe0   RTA_toHost
11811fe0   _RTA_toHost
11811fe8   RTA_toHost$rtdx
11811ffc   HST_A_TABEND
11811ffc   _HST_A_TABEND
11812000   LOG_system$buf
11812880   _RTDX_Buffer
11812c88   _RTDX_Buffer_Start
11812c8c   _RTDX_Buffer_End
11812c90   _rtdx_mon_state
11812cd4   _rtdx_buffer_state
11812ce0   _RTDX_writing
11812e90   __ctypes_
11812f98   _bitval_u32
11813111   PRD0$sts$maxfmt
11813118   TSK_idle$stack
1181311a   PRD0$sts$sumfmt
11813123   PRD0$sts$avgfmt
1181312e   PRD_swi$sts$maxfmt
11813136   PRD_swi$sts$sumfmt
1181313e   PRD_swi$sts$avgfmt
11813148   KNL_swi$sts$maxfmt
11813150   KNL_swi$sts$sumfmt
11813158   KNL_swi$sts$avgfmt
11813162   TSK_idle$sts$maxfmt
1181316a   TSK_idle$sts$sumfmt
11813172   TSK_idle$sts$avgfmt
1181317c   IDL_busyObj$maxfmt
1181317f   IDL_busyObj$sumfmt
11813182   IDL_busyObj$avgfmt
118134b0   TSK_idle$stkptr
11813518   GBL_stackbeg
11813518   _HWI_STKTOP
11813518   __stack
11813910   _HWI_STKBOTTOM
11813917   GBL_stackend
11813918   $bss
11813918   .bss
11813918   _HWI_dispatchTab
11813918   __STACK_END
11813918   ___bss__
11813a18   IDL_D_tabbeg
11813a1c   IDL_D_calibrate
11813a20   IDL_D_calbeg
11813a24   LOG_D_system
11813a24   _LOG_D_system
11813a28   PIP_D_tabbeg
11813a2c   PIP_D_tablen
11813a30   CLK_R_time
11813a34   CLK_D_timefxn
11813a38   CLK_D_tabbeg
11813a3c   CLK_D_isrhook
11813a40   CLK_D_idletime
11813a44   _CLK_htimeDiv
11813a48   _CLK_htimeMult
11813a4c   _CLK_ltimeDiv
11813a50   _CLK_ltimeMult
11813a54   _CLK_D_dirty
11813a58   _CLK_D_prd
11813a5c   _CLK_D_tddr
11813a60   _CLK_D_countspms
11813a64   PRD_D_tick
11813a64   _PRD_D_tick
11813a68   PRD_D_cur
11813a6c   PRD_D_elapsed
11813a70   PRD_D_prevtim
11813a74   PRD_D_scalar
11813a78   PRD_D_swihandle
11813a7c   PRD_D_tabbeg
11813a80   PRD_D_tablen
11813a84   PRD_D_thook
11813a88   RTA_D_fromHost
11813a8c   RTA_D_toHost
11813a90   RTA_D_logval
11813aa0   RTA_D_stsval
11813aac   HST_D_chanmask
11813ab0   HST_D_tabbeg
11813ab4   HST_D_tabend
11813ab8   _GBL_procId
11813abc   _GBL_clkIn
11813ac0   _GBL_freq
11813ac4   _MEM_D_NUMSEGMENTS
11813ac8   _MEM_D_memtab
11813acc   _MEM_D_freelist
11813ad0   _MEM_D_lockaddr
11813ad4   _MEM_D_unlockaddr
11813ad8   _SYS
11813adc   __HOOK_knlId
11813ae0   __HOOK_NUMHOOKS
11813ae4   SWI_D_runaddr
11813ae4   _SWI_D_runaddr
11813ae4   _SWI_data
11813ae8   SWI_D_execaddr
11813ae8   _SWI_D_execaddr
11813aec   SWI_D_curmask
11813aec   _SWI_D_curmask
11813af0   SWI_D_curset
11813af0   _SWI_D_curset
11813af4   SWI_D_lock
11813af4   _SWI_D_lock
11813af8   SWI_D_curmbox
11813afc   SWI_D_curfxn
11813afc   _SWI_D_curfxn
11813b00   SWI_D_rdybeg
11813b00   _SWI_D_rdybeg
11813b04   SWI_D_inswi
11813b04   _SWI_D_inswi
11813b08   SWI_D_rdytab
11813b80   _KNL_wFlag
11813b84   _KNL_wList
11813b88   _KNL_alarm
11813b8c   _KNL_setpri
11813b90   _KNL_inactive
11813b94   _KNL_priority
11813b98   _KNL_set
11813b9c   _KNL_curtask
11813ba0   _KNL_prevtask
11813ba4   _KNL_curtime
11813ba8   _KNL_swiptr
11813bac   _KNL_curqueue
11813bb0   _KNL_maxqueue
11813bb4   _KNL_tswitchfxn
11813bb8   _KNL_tcreatefxn
11813bbc   _KNL_tdeletefxn
11813bc0   _KNL_treadyfxn
11813bc4   _KNL_idlefxn
11813bc8   _MEM_memtab
11813bd4   HST_DSMBUFSEG
11813bd4   IRAM
11813bd4   MEM_MALLOCSEG
11813bd4   MEM_SEGZERO
11813bd4   RTDX_DATAMEMSEG
11813bd4   _IRAM
11813bd4   _SEG0
11813bd8   RTA_fromHost$pipe$dtab
11813be4   RTA_toHost$pipe$dtab
11813bf0   _EXC_sysTrapTable
11813bf8   _EXC_returnPtr
11813c10   HWI_D_spsave
11813c10   _HWI_D_spsave
11813c10   _HWI_data
11813c1c   _HWI_D_inhwi
11813c20   HWI_D_bss
11813c24   HWI_D_ccmask
11813c28   LNK_dspFrameRequestMask
11813c28   _LNK_dspFrameRequestMask
11813c2c   LNK_dspFrameReadyMask
11813c2c   _LNK_dspFrameReadyMask
11813c30   LNK_readPend
11813c30   _LNK_readPend
11813c34   LNK_readDone
11813c34   _LNK_readDone
11813c38   LNK_readFail
11813c38   _LNK_readFail
11813c3c   LNK_writeFail
11813c3c   _LNK_writeFail
11813c40   _mask
11813c42   _filterOn
11813c43   _dist
11813c44   _bufferLength
11813c48   _readBuffer
11813c4c   _writeIndex
11813c50   _readFilter
11813c54   _EXC_exceptionHook
11813c58   _EXC_internalHook
11813c5c   _EXC_externalHook
11813c60   _EXC_nmiHook
11813c6c   _rtdxNullChanCnt
11813c70   _rtdxNullFuncCnt
11813c74   _rtdxXmtNotDoneCnt
11813c78   _rtdxRecNotDoneCnt
11813c7c   _rtdxXmtRestartCnt
11813c80   _rtdxXmtErrorCnt
11813c84   _TSK_nTasks
11813c88   _TSK_pid
11813c8c   _TSK
11813c90   _CLK_DFLTMICROSECS
11813c94   _CLK_D_microseconds
11813c98   _SYS_exitStackPtr
11813c9c   _SYS_exitStackTop
11813ca0   _CLK_htimePerLtime
11813ca4   IDL_D_busyObj
11813ca8   _MEM
11813cb0   _SYS_PUTCBEG
11813cb0   ___end__
11813cb0   end
11813eaf   _SYS_PUTCEND
11813eb0   __CIOBUF_
11813fd0   LOG_A_TABBEG
11813fd0   LOG_system
11813fd0   _LOG_A_TABBEG
11813fd0   _LOG_system
11813fe8   _trace
11813fe8   trace
11814000   HWI_A_VECS
11814000   LOG_A_TABEND
11814000   _LOG_A_TABEND
11814000   hwi0
11814020   hwi1
11814040   hwi2
11814060   hwi3
11814080   hwi4
118140a0   hwi5
118140c0   hwi6
118140e0   hwi7
11814100   hwi8
11814120   hwi9
11814140   hwi10
11814160   hwi11
11814180   hwi12
118141a0   hwi13
118141c0   hwi14
118141e0   hwi15
11814200   RTA_toHost$buf
11814300   PIP_A_TABBEG
11814300   RTA_fromHost$pipe
11814300   _PIP_A_TABBEG
11814304   RTA_fromHost$pipe$rd
11814330   RTA_fromHost$pipe$aaa
11814334   RTA_fromHost$pipe$wr
11814360   RTA_fromHost$pipe$bbb
11814364   RTA_toHost$pipe
11814368   RTA_toHost$pipe$rd
11814394   RTA_toHost$pipe$aaa
11814398   RTA_toHost$pipe$wr
118143c4   RTA_toHost$pipe$bbb
118143c8   PIP_A_TABEND
118143c8   PRD_SWIHANDLE
118143c8   PRD_swi
118143c8   SWI_A_TABBEG
118143c8   _PIP_A_TABEND
118143c8   _PRD_swi
118143f4   KNL_swi
118143f4   _KNL_swi
11814420   PRD0$sts$stsobj
11814420   STS_A_TABBEG
11814420   SWI_A_TABEND
11814420   _STS_A_TABBEG
11814424   PRD0$sts
11814430   PRD_swi$sts$stsobj
11814434   PRD_swi$sts
11814440   KNL_swi$sts$stsobj
11814444   KNL_swi$sts
11814450   TSK_idle$sts$stsobj
11814454   TSK_idle$sts
11814460   IDL_busyObj$stsobj
11814464   IDL_busyObj
11814464   _IDL_busyObj
11814470   STS_A_TABEND
11814470   _STS_A_TABEND
11814500   PRD0
11814500   PRD_A_TABBEG
11814500   _PRD0
1181451c   PRD0$aaa
11814520   PRD_A_TABEND
11814520   RTA_fromHost$buf
11814530   IDL_A_TABBEG
11814530   IDL_cpuLoad
11814530   _IDL_cpuLoad
11814534   LNK_dataPump
11814534   _LNK_dataPump
11814538   RTA_dispatcher
11814538   _RTA_dispatcher
1181453c   IDL_END
11814540   IDL_A_CALBEG
11814540   IDL_cpuLoad$
11814544   LNK_dataPump$
11814548   RTA_dispatcher$
1181454c   IDL_END$
11814550   SYS$config
11814560   ___pinit__
11814560   pinit
1181456c   TRC_cinit
11814570   TRC_R_mask
11814570   _TRC_R_mask
11814574   GBL_initdone
28040d0c   HWI_INTRMUX3
ffffffff   CACHE_L1D
ffffffff   CACHE_L1P
ffffffff   DDR
ffffffff   ECM_EVTMASK0
ffffffff   ECM_EVTMASK1
ffffffff   ECM_EVTMASK2
ffffffff   ECM_EVTMASK3
ffffffff   GBL_L2MAR192_223
ffffffff   L3_CBA_RAM
ffffffff   _CACHE_L1D
ffffffff   _CACHE_L1P
ffffffff   _DDR
ffffffff   _L3_CBA_RAM
ffffffff   ___TI_pprof_out_hndl
ffffffff   ___TI_prof_data_size
ffffffff   ___TI_prof_data_start
ffffffff   ___binit__
ffffffff   ___c_args__
ffffffff   binit

[1141 symbols]
