******************************************************************************
               TMS320C6x Linker PC v7.4.18                     
******************************************************************************
>> Linked Fri Jul 17 13:29:45 2020

OUTPUT FILE NAME:   <GuitarAmpGitVersion.out>
ENTRY POINT SYMBOL: "_c_int00"  address: 1181a340


MEMORY CONFIGURATION

         name            origin    length      used     unused   attr    fill
----------------------  --------  ---------  --------  --------  ----  --------
  IRAM                  11800000   00040000  0001c045  00023fbb  RWIX
  CACHE_L1P             11e00000   00008000  00000000  00008000  RWIX
  CACHE_L1D             11f00000   00008000  00000000  00008000  RWIX
  L3_CBA_RAM            80000000   00020000  00000000  00020000  RWIX
  DDR                   c3000000   01000000  00000000  01000000  RWIX


SECTION ALLOCATION MAP

 output                                  attributes/
section   page    origin      length       input sections
--------  ----  ----------  ----------   ----------------
.vers      0    00000000    0000003c     COPY SECTION
                  00000000    0000003c     hellocfg.obj (.vers)

.data      0    11800000    00000000     UNINITIALIZED

.text      0    11800000    00008360     
                  11800000    00000c20     evmc6748_bsl.lib : evmc6748.obj (.text)
                  11800c20    00000620     framework.obj (.text)
                  11801240    000005a0     rts6740.lib : divd.obj (.text:__divd)
                  118017e0    00000580                 : _printfi.obj (.text:__getarg_diouxp)
                  11801d60    00000520                 : _printfi.obj (.text:__setfield)
                  11802280    000004e0     evmc6748_bsl.lib : evmc6748_i2c_gpio.obj (.text)
                  11802760    000004e0     hello.obj (.text)
                  11802c40    00000440     rts6740.lib : _printfi.obj (.text:__printfi)
                  11803080    000003a0                 : fputs.obj (.text:_fputs)
                  11803420    00000380     evmc6748_bsl.lib : evmc6748_gpio.obj (.text)
                  118037a0    00000380                      : evmc6748_i2c.obj (.text)
                  11803b20    00000320     rts6740.lib : _printfi.obj (.text:__pproc_fge)
                  11803e40    000002c0                 : _printfi.obj (.text:__pproc_fwp)
                  11804100    000002a0                 : _printfi.obj (.text:_ecvt)
                  118043a0    000002a0                 : _printfi.obj (.text:_fcvt)
                  11804640    00000260                 : imath64.obj (.text:__divull)
                  118048a0    00000260                 : _printfi.obj (.text:__pconv_e)
                  11804b00    00000240                 : _printfi.obj (.text:__pproc_diouxp)
                  11804d40    00000220                 : _printfi.obj (.text:__pproc_str)
                  11804f60    00000220                 : fputc.obj (.text:_fputc)
                  11805180    00000200                 : _printfi.obj (.text:__pconv_g)
                  11805380    00000200                 : setvbuf.obj (.text:_setvbuf)
                  11805580    00000200     rb.obj (.text)
                  11805780    000001e0     evmc6748_bsl.lib : evmc6748_led.obj (.text)
                  11805960    000001c0     rts6740.lib : _printfi.obj (.text:__mcpy)
                  11805b20    000001a0                 : imath40.obj (.text:__divul)
                  11805cc0    00000180                 : trgdrv.obj (.text:_HOSTrename)
                  11805e40    00000160     evmc6748_bsl.lib : evmc6748_dip.obj (.text)
                  11805fa0    00000140     rts6740.lib : _printfi.obj (.text:__pproc_fflags)
                  118060e0    00000140                 : lowlev.obj (.text:_getdevice)
                  11806220    00000120                 : fclose.obj (.text:__closefile)
                  11806340    00000120                 : _printfi.obj (.text:__ltostr)
                  11806460    00000120                 : fseek.obj (.text:_fseek)
                  11806580    00000120     biquad.obj (.text)
                  118066a0    00000100     rts6740.lib : trgdrv.obj (.text:_HOSTlseek)
                  118067a0    00000100                 : _io_perm.obj (.text:__wrt_ok)
                  118068a0    00000100                 : sinit.obj (.text:_call_dtors)
                  118069a0    000000e0                 : trgdrv.obj (.text:_HOSTopen)
                  11806a80    000000e0                 : trgdrv.obj (.text:_HOSTread)
                  11806b60    000000e0                 : divi.obj (.text:__divi)
                  11806c40    000000e0                 : atoi.obj (.text:_atoi)
                  11806d20    000000e0                 : lowlev.obj (.text:_close)
                  11806e00    000000e0                 : memset.obj (.text:_memset)
                  11806ee0    000000e0                 : printf.obj (.text:_printf)
                  11806fc0    000000c0                 : trgdrv.obj (.text:_HOSTunlink)
                  11807080    000000c0                 : trgdrv.obj (.text:_HOSTwrite)
                  11807140    000000c0                 : _printfi.obj (.text:__div)
                  11807200    000000c0                 : divu.obj (.text:__divu)
                  118072c0    000000c0                 : fflush.obj (.text:__doflush)
                  11807380    000000c0                 : atexit.obj (.text:_atexit)
                  11807440    000000c0                 : ltoa.obj (.text:_ltoa)
                  11807500    000000c0     bios.a674 : tsk_stup.o674 (.text)
                  118075c0    000000a0     rts6740.lib : trgdrv.obj (.text:_HOSTclose)
                  11807660    000000a0                 : fopen.obj (.text:__cleanup)
                  11807700    000000a0                 : imath40.obj (.text:__divli)
                  118077a0    000000a0                 : _printfi.obj (.text:__ecpy)
                  11807840    000000a0                 : _printfi.obj (.text:__fcpy)
                  118078e0    000000a0                 : fixdli.obj (.text:__fixdli)
                  11807980    000000a0                 : round.obj (.text:__nround)
                  11807a20    000000a0                 : _printfi.obj (.text:__pconv_f)
                  11807ac0    000000a0                 : lowlev.obj (.text:_finddevice)
                  11807b60    000000a0                 : lowlev.obj (.text:_lseek)
                  11807c00    000000a0                 : memcpy64.obj (.text:_memcpy)
                  11807ca0    000000a0                 : modf.obj (.text:_modf)
                  11807d40    000000a0                 : lowlev.obj (.text:_write)
                  11807de0    00000080                 : fltlid.obj (.text:__fltlid)
                  11807e60    00000080                 : llshift.obj (.text:__llshl)
                  11807ee0    00000080                 : trgmsg.obj (.text:_readmsg)
                  11807f60    00000080                 : lowlev.obj (.text:_unlink)
                  11807fe0    00000060                 : imath64.obj (.text:__subcull)
                  11808040    00000060                 : memccpy.obj (.text:_memccpy)
                  118080a0    00000060                 : trgmsg.obj (.text:_writemsg)
                  11808100    00000040                 : sinit.obj (.text:___add_dtor)
                  11808140    00000040                 : isinf.obj (.text:___isinf)
                  11808180    00000040                 : _printfi.obj (.text:___isnan)
                  118081c0    00000040                 : frcmpyd_div.obj (.text:__frcmpyd_div)
                  11808200    00000040                 : llshift.obj (.text:__llshru)
                  11808240    00000040                 : imath40.obj (.text:__remli)
                  11808280    00000020                 : negll.obj (.text:__negll)
                  118082a0    00000020                 : _lock.obj (.text:__nop)
                  118082c0    00000020                 : printf.obj (.text:__outc)
                  118082e0    00000020                 : printf.obj (.text:__outs)
                  11808300    00000020                 : _lock.obj (.text:__register_lock)
                  11808320    00000020                 : _lock.obj (.text:__register_unlock)
                  11808340    00000020                 : remove.obj (.text:_remove)

.far       0    11808360    00005ba8     UNINITIALIZED
                  11808360    00005368     hello.obj (.far)
                  1180d6c8    00000324     rts6740.lib : defs.obj (.far)
                  1180d9ec    00000004     bios6748.a674 : clk_data.o674 (.far)
                  1180d9f0    00000188     rts6740.lib : atexit.obj (.far)
                  1180db78    0000011c                 : lowlev.obj (.far)
                  1180dc94    00000004                 : fopen.obj (.far)
                  1180dc98    000000d8     bios.a674 : knl.o674 (.far)
                  1180dd70    0000005c               : tsk.o674 (.far)
                  1180ddcc    00000004     rts6740.lib : sinit.obj (.far)
                  1180ddd0    00000054     bios.a674 : obj_init.o674 (.far)
                  1180de24    00000050               : tsk_stup.o674 (.far)
                  1180de74    00000004     --HOLE--
                  1180de78    00000020               : sys.o674 (.far)
                  1180de98    00000018     rtdx64xplus.lib : rtdx_mon.o64P (.far)
                  1180deb0    00000010     bios.a674 : exc.o674 (.far)
                  1180dec0    00000010               : knl_tick.o674 (.far)
                  1180ded0    0000000c               : utl_putc.o674 (.far)
                  1180dedc    00000004     --HOLE--
                  1180dee0    0000000c     block_sine.obj (.far)
                  1180deec    0000000c     rts6740.lib : exit.obj (.far)
                  1180def8    00000008                 : _lock.obj (.far)
                  1180df00    00000008                 : trgdrv.obj (.far)

.hst1      0    1180df08    00000010     UNINITIALIZED
                  1180df08    00000010     hellocfg.obj (.hst1)

.clk       0    1180df18    00000008     UNINITIALIZED
                  1180df18    00000008     hellocfg.obj (.clk)

.bios      0    1180df20    000042e0     
                  1180df20    000005c0     lnkrtdx.a674 : rtdx.o674 (.bios)
                  1180e4e0    00000580     bios.a674 : exc.o674 (.bios)
                  1180ea60    000004e0               : hwi_disp_asm.o674 (.bios)
                  1180ef40    000004c0               : swi.o674 (.bios)
                  1180f400    00000380               : prd.o674 (.bios)
                  1180f780    00000280               : malloc.o674 (.bios)
                  1180fa00    00000280               : rta.o674 (.bios)
                  1180fc80    00000240               : knl_run.o674 (.bios)
                  1180fec0    00000200               : mem_allo.o674 (.bios:.near)
                  118100c0    00000200               : knl_tick.o674 (.bios)
                  118102c0    000001e0               : mem_free.o674 (.bios:.near)
                  118104a0    000001e0               : exc_asm.o674 (.bios)
                  11810680    000001e0               : pip.o674 (.bios)
                  11810860    000001e0               : sem_pend.o674 (.bios)
                  11810a40    000001a0               : sem_dopo.o674 (.bios)
                  11810be0    000001a0               : tsk_setu.o674 (.bios)
                  11810d80    000001a0     bios6748.a674 : clk.o674 (.bios)
                  11810f20    00000180     bios.a674 : knl_swit.o674 (.bios)
                  118110a0    00000140               : autoinit.o674 (.bios)
                  118111e0    00000140               : tsk_exit.o674 (.bios)
                  11811320    00000140     bios6748.a674 : bcache_init.o674 (.bios)
                  11811460    00000120     bios.a674 : gbl_cacheinit64P.o674 (.bios)
                  11811580    00000120               : knl_chec.o674 (.bios)
                  118116a0    00000120               : tsk_stup.o674 (.bios)
                  118117c0    000000e0               : sem_post_asm.o674 (.bios)
                  118118a0    000000c0               : knl_exit.o674 (.bios)
                  11811960    000000a0               : sem_post.o674 (.bios)
                  11811a00    000000a0               : sys_exit.o674 (.bios)
                  11811aa0    00000080               : knl_ipos.o674 (.bios)
                  11811b20    00000080               : knl_post.o674 (.bios)
                  11811ba0    00000080               : lck.o674 (.bios)
                  11811c20    00000080               : log.o674 (.bios)
                  11811ca0    00000080     bios6748.a674 : idl_cal.o674 (.bios)
                  11811d20    00000060     bios.a674 : sys_erro.o674 (.bios:.near)
                  11811d80    00000060               : fxn.o674 (.bios)
                  11811de0    00000060               : hwi_c.o674 (.bios)
                  11811e40    00000060               : idl_busy.o674 (.bios)
                  11811ea0    00000060               : sem_pend_counting.o674 (.bios)
                  11811f00    00000060               : sts.o674 (.bios)
                  11811f60    00000060               : sys_abor.o674 (.bios)
                  11811fc0    00000060     bios6748.a674 : clk_meas.o674 (.bios)
                  11812020    00000040     bios.a674 : idl_stub.o674 (.bios)
                  11812060    00000040               : rta_andn.o674 (.bios)
                  118120a0    00000040               : utl_doab.o674 (.bios)
                  118120e0    00000040               : utl_putc.o674 (.bios)
                  11812120    00000020               : fxn_c.o674 (.bios)
                  11812140    00000020               : gbl_vers.o674 (.bios)
                  11812160    00000020               : idl.o674 (.bios)
                  11812180    00000020               : sts_set.o674 (.bios)
                  118121a0    00000020               : utl_doer.o674 (.bios)
                  118121c0    00000020               : utl_halt.o674 (.bios)
                  118121e0    00000020     bios6748.a674 : clk_gethtime.o674 (.bios)

.cinit     0    11812200    0000330c     
                  11812200    0000226c     hello.obj (.cinit)
                  1181446c    00000004     --HOLE-- [fill = 0]
                  11814470    000006c4     hellocfg.obj (.cinit)
                  11814b34    00000004     --HOLE-- [fill = 0]
                  11814b38    0000026c     bios.a674 : biosdata.o674 (.cinit)
                  11814da4    00000004     --HOLE-- [fill = 0]
                  11814da8    000001a4               : knl.o674 (.cinit)
                  11814f4c    00000004     --HOLE-- [fill = 0]
                  11814f50    000000b0               : swi.o674 (.cinit)
                  11815000    00000080               : tsk.o674 (.cinit)
                  11815080    00000068     rtdx64xplus.lib : rtdx_mon.o64P (.cinit)
                  118150e8    00000060     bios.a674 : tsk_stup.o674 (.cinit)
                  11815148    0000005c     lnkrtdx.a674 : rtdx.o674 (.cinit)
                  118151a4    00000004     --HOLE-- [fill = 0]
                  118151a8    0000005c     rts6740.lib : defs.obj (.cinit)
                  11815204    00000004     --HOLE-- [fill = 0]
                  11815208    0000005c                 : lowlev.obj (.cinit)
                  11815264    00000004     --HOLE-- [fill = 0]
                  11815268    0000004c     bios.a674 : rta.o674 (.cinit)
                  118152b4    00000004     --HOLE-- [fill = 0]
                  118152b8    0000004c     rtdx64xplus.lib : buffer1.o64P (.cinit)
                  11815304    00000004     --HOLE-- [fill = 0]
                  11815308    0000003c     bios.a674 : exc.o674 (.cinit)
                  11815344    00000004     --HOLE-- [fill = 0]
                  11815348    00000034               : hwi.o674 (.cinit)
                  1181537c    00000004     --HOLE-- [fill = 0]
                  11815380    0000002c               : utl_putc.o674 (.cinit)
                  118153ac    00000004     --HOLE-- [fill = 0]
                  118153b0    0000002c     rts6740.lib : exit.obj (.cinit)
                  118153dc    00000004     --HOLE-- [fill = 0]
                  118153e0    00000024     bios.a674 : obj_init.o674 (.cinit)
                  11815404    00000004     --HOLE-- [fill = 0]
                  11815408    00000024     block_sine.obj (.cinit)
                  1181542c    00000004     --HOLE-- [fill = 0]
                  11815430    0000001c     bios.a674 : exc_asm.o674 (.cinit)
                  1181544c    00000004     --HOLE-- [fill = 0]
                  11815450    0000001c               : sys.o674 (.cinit)
                  1181546c    00000004     --HOLE-- [fill = 0]
                  11815470    0000001c     rts6740.lib : _lock.obj (.cinit)
                  1181548c    00000004     --HOLE-- [fill = 0]
                  11815490    0000001c                 : atexit.obj (.cinit)
                  118154ac    00000004     --HOLE-- [fill = 0]
                  118154b0    00000018     bios.a674 : knl_tick.o674 (.cinit)
                  118154c8    0000000c               : idl_busy.o674 (.cinit)
                  118154d4    00000004     --HOLE-- [fill = 0]
                  118154d8    0000000c               : knl_swit.o674 (.cinit)
                  118154e4    00000004     --HOLE-- [fill = 0]
                  118154e8    0000000c     rts6740.lib : fopen.obj (.cinit)
                  118154f4    00000004     --HOLE-- [fill = 0]
                  118154f8    0000000c                 : sinit.obj (.cinit)
                  11815504    00000004     --HOLE-- [fill = 0]
                  11815508    00000004     (.pad.cinit) [fill = 0]

.IRAM$heap 
*          0    1181550c    00002000     UNINITIALIZED
                  1181550c    00002000     --HOLE--

.trace     0    1181750c    00000200     
                  1181750c    00000200     --HOLE-- [fill = 00000000]

.pip       0    1181770c    000000c8     UNINITIALIZED
                  1181770c    000000c8     hellocfg.obj (.pip)

.prd       0    118177d4    00000020     UNINITIALIZED
                  118177d4    00000020     hellocfg.obj (.prd)

.pinit     0    118177f4    0000000c     
                  118177f4    00000004     rtdx64xplus.lib : buffer1.o64P (.pinit)
                  118177f8    00000004                     : rtdx_mon.o64P (.pinit)
                  118177fc    00000004     --HOLE-- [fill = 0]

.LOG_system$buf 
*          0    11817800    00000800     UNINITIALIZED
                  11817800    00000800     hellocfg.obj (.LOG_system$buf)

.trace$buf 
*          0    11818000    00001000     UNINITIALIZED
                  11818000    00001000     hellocfg.obj (.trace$buf)

.rtdx_text 
*          0    11819000    00000fc0     
                  11819000    000002a0     rtdx64xplus.lib : rtdx_mon.o64P (.rtdx_text:_HSRTDX_rec)
                  118192a0    00000260                     : buffer1.o64P (.rtdx_text:_RTDX_Buffer_WriteCB)
                  11819500    00000260                     : buffer1.o64P (.rtdx_text:_RTDX_write_next)
                  11819760    000001a0                     : rtdx_mon.o64P (.rtdx_text:_HSRTDX_xmt)
                  11819900    00000160                     : rtdx_mon.o64P (.rtdx_text:_RTDX_Send_To_Host)
                  11819a60    000000e0                     : rtdx_mon.o64P (.rtdx_text:_RTDX_Mon_Queue)
                  11819b40    000000e0                     : buffer1.o64P (.rtdx_text:_claim)
                  11819c20    000000a0                     : rtdx_mon.o64P (.rtdx_text:_RTDX_GetH2THeader)
                  11819cc0    000000a0                     : rtdx_mon.o64P (.rtdx_text:_RTDX_Poll)
                  11819d60    00000080                     : rtdx_mon.o64P (.rtdx_text:_RTDX_Final_RT_Monitor)
                  11819de0    00000060                     : buffer1.o64P (.rtdx_text:_RTDX_Buffer_Initialize)
                  11819e40    00000060                     : rtdx_mon.o64P (.rtdx_text:_RTDX_Init_RT_Monitor)
                  11819ea0    00000040                     : buffer2.o64P (.rtdx_text:_RTDX_Buffer_ReadCB)
                  11819ee0    00000040                     : buffer1.o64P (.rtdx_text:_RTDX_Buffer_Size)
                  11819f20    00000040                     : memfill.o64P (.rtdx_text:_RTDX_memfill)
                  11819f60    00000020                     : buffer2.o64P (.rtdx_text:_RTDX_Buffer_Read)
                  11819f80    00000020                     : buffer1.o64P (.rtdx_text:_RTDX_Buffer_Write)
                  11819fa0    00000020                     : intr_tgt.o64P (.rtdx_text)

.sysinit   0    11819fc0    00000560     
                  11819fc0    00000380     hellocfg.obj (.sysinit)
                  1181a340    000000c0     bios.a674 : boot.o674 (.sysinit)
                  1181a400    000000c0               : mem_init.o674 (.sysinit)
                  1181a4c0    00000060               : tsk_init.o674 (.sysinit)

.idl       0    1181a520    00000010     UNINITIALIZED
                  1181a520    00000010     hellocfg.obj (.idl)

.idlcal    0    1181a530    00000010     UNINITIALIZED
                  1181a530    00000010     hellocfg.obj (.idlcal)

.rtdx_data 
*          0    1181a540    000004f4     UNINITIALIZED
                  1181a540    00000080     --HOLE--
                  1181a5c0    00000410     hellocfg.obj (.rtdx_data)
                  1181a9d0    00000044     rtdx64xplus.lib : rtdx_mon.o64P (.rtdx_data)
                  1181aa14    00000020                     : buffer1.o64P (.rtdx_data)

.args      0    1181aa34    00000004     
                  1181aa34    00000004     --HOLE-- [fill = 0]

.const     0    1181aa38    00000435     
                  1181aa38    00000193     bios.a674 : exc.o674 (.const:.string)
                  1181abcb    00000004               : mem_allo.o674 (.const:.string)
                  1181abcf    00000001     --HOLE-- [fill = 0]
                  1181abd0    00000101     rts6740.lib : ctype.obj (.const:.string:__ctypes_)
                  1181acd1    00000004     bios.a674 : mem_free.o674 (.const:.string)
                  1181acd5    00000002     rts6740.lib : fputs.obj (.const:.string)
                  1181acd7    00000001     --HOLE-- [fill = 0]
                  1181acd8    00000080     evmc6748_bsl.lib : evmc6748.obj (.const:_bitval_u32)
                  1181ad58    0000004e     bios.a674 : tsk_stup.o674 (.const:.string)
                  1181ada6    00000002     --HOLE-- [fill = 0]
                  1181ada8    00000040     evmc6748_bsl.lib : evmc6748.obj (.const:.string)
                  1181ade8    00000023     bios.a674 : utl_doab.o674 (.const:.string)
                  1181ae0b    00000023     rts6740.lib : _printfi.obj (.const:.string)
                  1181ae2e    00000022     bios.a674 : utl_doer.o674 (.const:.string)
                  1181ae50    0000001c     rb.obj (.const:.string)
                  1181ae6c    00000001     bios.a674 : tsk.o674 (.const:.string)

.printf    0    1181ae6d    00000076     COPY SECTION
                  1181ae6d    00000076     hellocfg.obj (.printf)

.TSK_idle$stk 
*          0    1181ae70    00000400     UNINITIALIZED
                  1181ae70    00000400     hellocfg.obj (.TSK_idle$stk)

.stack     0    1181b270    00000400     UNINITIALIZED
                  1181b270    00000400     --HOLE--

.bss       0    1181b670    00000394     UNINITIALIZED
                  1181b670    00000100     bios.a674 : hwi_disp_asm.o674 (.bss)
                  1181b770    000000cc               : biosdata.o674 (.bss)
                  1181b83c    0000009c               : swi.o674 (.bss)
                  1181b8d8    00000048               : knl.o674 (.bss)
                  1181b920    00000028     hellocfg.obj (.bss)
                  1181b948    00000020     bios.a674 : exc_asm.o674 (.bss)
                  1181b968    00000018               : hwi.o674 (.bss)
                  1181b980    00000018     lnkrtdx.a674 : rtdx.o674 (.bss)
                  1181b998    00000010     bios.a674 : exc.o674 (.bss)
                  1181b9a8    00000010     rtdx64xplus.lib : buffer1.o64P (.bss)
                  1181b9b8    00000010                     : rtdx_mon.o64P (.bss)
                  1181b9c8    0000000c     bios.a674 : tsk.o674 (.bss)
                  1181b9d4    0000000c     hello.obj (.bss)
                  1181b9e0    00000008     bios.a674 : clk_data.o674 (.bss)
                  1181b9e8    00000008               : sys.o674 (.bss)
                  1181b9f0    00000004               : clk_data2.o674 (.bss)
                  1181b9f4    00000004               : idl_busy.o674 (.bss)
                  1181b9f8    00000004               : mem_asm.o674 (.bss)
                  1181b9fc    00000004     block_sine.obj (.bss)
                  1181ba00    00000004     evmc6748_bsl.lib : evmc6748_i2c.obj (.bss)

.mem       0    1181ba04    00000004     UNINITIALIZED
                  1181ba04    00000004     hellocfg.obj (.mem)

.cio       0    1181ba08    00000120     UNINITIALIZED
                  1181ba08    00000120     rts6740.lib : trgmsg.obj (.cio)

.tsk       0    1181bb28    00000060     UNINITIALIZED
                  1181bb28    00000060     hellocfg.obj (.tsk)

.swi       0    1181bb88    00000058     UNINITIALIZED
                  1181bb88    00000058     hellocfg.obj (.swi)

.sys       0    1181bbe0    00000010     UNINITIALIZED
                  1181bbe0    00000010     hellocfg.obj (.sys)

.trcdata   0    1181bbf0    0000000c     
                  1181bbf0    0000000c     bios.a674 : trc.o674 (.trcdata)

.hwi_vec   0    1181bc00    00000200     
                  1181bc00    00000200     hellocfg.obj (.hwi_vec)

.hst0      0    1181be00    00000100     UNINITIALIZED
                  1181be00    00000100     hellocfg.obj (.hst0)

.sts       0    1181bf00    00000050     
                  1181bf00    00000050     hellocfg.obj (.sts)

.gblinit   0    1181bf50    0000004c     
                  1181bf50    0000004c     hellocfg.obj (.gblinit)

.switch    0    1181bf9c    00000044     
                  1181bf9c    00000024     evmc6748_bsl.lib : evmc6748_gpio.obj (.switch:_getRegisterBankAndBit)
                  1181bfc0    00000020                      : evmc6748_dip.obj (.switch:_convertDipToI2CGpio)

.hst       0    1181bfe0    0000003c     UNINITIALIZED
                  1181bfe0    0000003c     hellocfg.obj (.hst)

.log       0    1181c01c    00000030     
                  1181c01c    00000030     hellocfg.obj (.log)


GLOBAL SYMBOLS: SORTED ALPHABETICALLY BY Name 

address    name
--------   ----
1181b670   $bss
1181b670   .bss
11800000   .data
11800000   .text
1181a184   BIOS$$CLKOFF
1181a144   BIOS$$CLKON
11819fc0   BIOS_init
1181a1f0   BIOS_start
00000000   BUF$
00000001   BUF_ENABLED
118080f8   C$$IO$$
ffffffff   CACHE_L1D
ffffffff   CACHE_L1P
00000001   CLK$
1180df18   CLK_A_TABBEG
00000001   CLK_CALDIV
00000001   CLK_CALMULT
000493e0   CLK_COUNTSPMS
00000004   CLK_COUNTSPMSHIGH
1181b798   CLK_D_idletime
1181b794   CLK_D_isrhook
1181b790   CLK_D_tabbeg
1181b78c   CLK_D_timefxn
00000001   CLK_ENABLEHTIME
118121e0   CLK_F_gethtime
11810d80   CLK_F_getltime
11810d90   CLK_F_isr
11810ed0   CLK_F_itime
1180ea60   CLK_HOOKFXN
00000001   CLK_HTIMEDIV
00000001   CLK_HTIMEMULT
000493e0   CLK_HTIMEPERLTIME
00005dc0   CLK_INPUTCLK
00004000   CLK_INTBIT
00000001   CLK_LTIMEDIV
000493e0   CLK_LTIMEMULT
000003e8   CLK_MICROSECS
00000001   CLK_POWERENABLE
00005dc0   CLK_PRD
00000000   CLK_PRDHIGH
01c20000   CLK_REGS
00000001   CLK_RESETTIMER
1181b788   CLK_R_time
00000020   CLK_TCR
00000000   CLK_TDDR
00000000   CLK_TDDRHIGH
118121e0   CLK_TIMEFXN
00000000   CLK_TIMERNUM
00000005   CLK_TIMMODE
00000001   CLK_USETIMER
1180df1c   CLK_null
ffffffff   DDR
00000000   DEV$
00000000   DGN$
00000000   DHL$
00000000   DHL_gChannelsAvailable
00000000   DIO$
00000000   DIO_NUMSWIBASE
00000000   DIO_NUMTSKBASE
00000000   DIO_STATIC
00000000   DPI$
00000000   ECM$
00000000   ECM_ENABLE
ffffffff   ECM_EVTMASK0
ffffffff   ECM_EVTMASK1
ffffffff   ECM_EVTMASK2
ffffffff   ECM_EVTMASK3
0000000a   EVENT10
00000064   EVENT100
00000065   EVENT101
00000066   EVENT102
00000067   EVENT103
00000068   EVENT104
00000069   EVENT105
0000006a   EVENT106
0000006b   EVENT107
0000006c   EVENT108
0000006d   EVENT109
0000000b   EVENT11
0000006e   EVENT110
0000006f   EVENT111
00000070   EVENT112
00000071   EVENT113
00000072   EVENT114
00000073   EVENT115
00000074   EVENT116
00000075   EVENT117
00000076   EVENT118
00000077   EVENT119
0000000c   EVENT12
00000078   EVENT120
00000079   EVENT121
0000007a   EVENT122
0000007b   EVENT123
0000007c   EVENT124
0000007d   EVENT125
0000007e   EVENT126
0000007f   EVENT127
0000000d   EVENT13
0000000e   EVENT14
0000000f   EVENT15
00000010   EVENT16
00000011   EVENT17
00000012   EVENT18
00000013   EVENT19
00000014   EVENT20
00000015   EVENT21
00000016   EVENT22
00000017   EVENT23
00000018   EVENT24
00000019   EVENT25
0000001a   EVENT26
0000001b   EVENT27
0000001c   EVENT28
0000001d   EVENT29
0000001e   EVENT30
0000001f   EVENT31
00000020   EVENT32
00000021   EVENT33
00000022   EVENT34
00000023   EVENT35
00000024   EVENT36
00000025   EVENT37
00000026   EVENT38
00000027   EVENT39
00000004   EVENT4
00000028   EVENT40
00000029   EVENT41
0000002a   EVENT42
0000002b   EVENT43
0000002c   EVENT44
0000002d   EVENT45
0000002e   EVENT46
0000002f   EVENT47
00000030   EVENT48
00000031   EVENT49
00000005   EVENT5
00000032   EVENT50
00000033   EVENT51
00000034   EVENT52
00000035   EVENT53
00000036   EVENT54
00000037   EVENT55
00000038   EVENT56
00000039   EVENT57
0000003a   EVENT58
0000003b   EVENT59
00000006   EVENT6
0000003c   EVENT60
0000003d   EVENT61
0000003e   EVENT62
0000003f   EVENT63
00000040   EVENT64
00000041   EVENT65
00000042   EVENT66
00000043   EVENT67
00000044   EVENT68
00000045   EVENT69
00000007   EVENT7
00000046   EVENT70
00000047   EVENT71
00000048   EVENT72
00000049   EVENT73
0000004a   EVENT74
0000004b   EVENT75
0000004c   EVENT76
0000004d   EVENT77
0000004e   EVENT78
0000004f   EVENT79
00000008   EVENT8
00000050   EVENT80
00000051   EVENT81
00000052   EVENT82
00000053   EVENT83
00000054   EVENT84
00000055   EVENT85
00000056   EVENT86
00000057   EVENT87
00000058   EVENT88
00000059   EVENT89
00000009   EVENT9
0000005a   EVENT90
0000005b   EVENT91
0000005c   EVENT92
0000005d   EVENT93
0000005e   EVENT94
0000005f   EVENT95
00000060   EVENT96
00000061   EVENT97
00000062   EVENT98
00000063   EVENT99
11811d80   FXN_F_nop
11811d84   FXN_F_run
11811dc0   FXN_F_zero
00000001   GBL$
00005205   GBL_A_VERSION
00000000   GBL_BCACHEREADADDR0
00000000   GBL_BCACHEREADADDR1
00000000   GBL_BCACHEREADADDR2
00000000   GBL_BIGENDIAN
00000000   GBL_CACHE
00000000   GBL_CALLCSLCFGINIT
00004e20   GBL_CLKIN
00001a5b   GBL_CLKTYPE
00001a5c   GBL_DSPSUBTYPE
0000003e   GBL_DSPTYPE
00000001   GBL_ENABLEINST
00000000   GBL_ENABLE_SK
00000042   GBL_FOOTPRINT
000493e0   GBL_FREQ
00000000   GBL_GEMTRUECOMPEN
00000007   GBL_L1DMODE
00000007   GBL_L1PMODE
00000001   GBL_L2CONFIGURE
00000000   GBL_L2MAR0_31
00000001   GBL_L2MAR128_159
00000000   GBL_L2MAR160_191
ffffffff   GBL_L2MAR192_223
00000000   GBL_L2MAR224_255
00000000   GBL_L2MAR32_63
00000000   GBL_L2MAR64_95
00000000   GBL_L2MAR96_127
00000000   GBL_L2MODE
00000000   GBL_NULL
00000000   GBL_PROCID
00000000   GBL_ROM
00000000   GBL_SUPPORTCSL
0000dbef   GBL_TRCMASKVALUE
00000000   GBL_USERINIT
11812120   GBL_USERINITFXN
00000001   GBL_boot
1181bbf8   GBL_initdone
1181b270   GBL_stackbeg
1181b66f   GBL_stackend
00000000   GIO$
11812120   GIO_CREATEFXN
11812120   GIO_DELETEFXN
11812120   GIO_PENDFXN
11812120   GIO_POSTFXN
00000000   HOOK$
00000000   HOOK_KNLID
00000001   HST$
1181bfe0   HST_A_TABBEG
1181c01c   HST_A_TABEND
00000000   HST_DSM
1181b92c   HST_DSMBUFSEG
00000400   HST_DSMMEMSIZE
1181b804   HST_D_chanmask
1181b808   HST_D_tabbeg
1181b80c   HST_D_tabend
000000ff   HST_MAXFRAMEALLOWED
00000040   HST_MAXFRAMESET
00000000   HST_NONE
00000001   HST_RTDX
00000001   HWI$
1181bc00   HWI_A_VECS
00005828   HWI_CFGDISPATCHED
1181b978   HWI_D_bss
1181b97c   HWI_D_ccmask
1181b968   HWI_D_spsave
00000001   HWI_ENABLE_EXC
1180ea60   HWI_F_dispatch
00000000   HWI_GENERATE_RESET_VEC
0000000a   HWI_INT10
00000000   HWI_INT10$hwi
0000000b   HWI_INT11
00000000   HWI_INT11$hwi
0000000c   HWI_INT12
00000000   HWI_INT12$hwi
0000000d   HWI_INT13
00000000   HWI_INT13$hwi
0000000e   HWI_INT14
00000000   HWI_INT14$hwi
0000000f   HWI_INT15
00000000   HWI_INT15$hwi
00000004   HWI_INT4
00000000   HWI_INT4$hwi
00000005   HWI_INT5
00000000   HWI_INT5$hwi
00000006   HWI_INT6
00000000   HWI_INT6$hwi
00000007   HWI_INT7
00000000   HWI_INT7$hwi
00000008   HWI_INT8
00000000   HWI_INT8$hwi
00000009   HWI_INT9
00000000   HWI_INT9$hwi
07063d04   HWI_INTRMUX1
0b0a0908   HWI_INTRMUX2
28040d0c   HWI_INTRMUX3
00000001   HWI_NMI
00000000   HWI_NMI$hwi
00000000   HWI_POLARITYMASK
00000002   HWI_RESERVED0
00000000   HWI_RESERVED0$hwi
00000003   HWI_RESERVED1
00000000   HWI_RESERVED1$hwi
00000000   HWI_RESET
00000000   HWI_RESET$hwi
00000000   HWI_ZEROTAB
00000001   IDL$
1181a530   IDL_A_CALBEG
1181a520   IDL_A_TABBEG
00000006   IDL_CALIBRERROR
11812020   IDL_CALIBRFXN
1181b9f4   IDL_D_busyObj
1181b778   IDL_D_calbeg
1181b774   IDL_D_calibrate
1181b770   IDL_D_tabbeg
1181a52c   IDL_END
1181a53c   IDL_END$
11811e40   IDL_F_busy
11811ca0   IDL_F_calibrate
11812160   IDL_F_loop
11812020   IDL_F_stub
00000001   IDL_USECLKIDLTIME
1181bf44   IDL_busyObj
1181aede   IDL_busyObj$avgfmt
00000001   IDL_busyObj$filter
00000001   IDL_busyObj$iA
00000000   IDL_busyObj$iB
00000001   IDL_busyObj$iC
1181aed8   IDL_busyObj$maxfmt
00000000   IDL_busyObj$operation
1181bf40   IDL_busyObj$stsobj
1181aedb   IDL_busyObj$sumfmt
00000002   IDL_busyObj$unittype
1181a520   IDL_cpuLoad
1181a530   IDL_cpuLoad$
1181b92c   IRAM
1181550c   IRAM$B
00002000   IRAM$L
00000001   ISRC$
11811078   KNL_glue
1181bbb4   KNL_swi
00000001   KNL_swi$dorta
00000002   KNL_swi$ord
00000000   KNL_swi$pri
1181bf24   KNL_swi$sts
1181aeb4   KNL_swi$sts$avgfmt
00000002   KNL_swi$sts$filter
00000001   KNL_swi$sts$filtmaxmult
00000001   KNL_swi$sts$filtsummult
1181aea4   KNL_swi$sts$maxfmt
1181bf20   KNL_swi$sts$stsobj
1181aeac   KNL_swi$sts$sumfmt
00000000   KNL_swi$sts$unittype
00000000   KNL_swi$swi
ffffffff   L3_CBA_RAM
00000001   LCK$
1180df20   LNK_F_checkBufferCall
1180dfa0   LNK_F_dataPump
1180df40   LNK_F_getChanPtr
1180df98   LNK_F_init
1180e4a8   LNK_F_readCallBack
1181a524   LNK_dataPump
1181a534   LNK_dataPump$
1181b984   LNK_dspFrameReadyMask
1181b980   LNK_dspFrameRequestMask
1180e220   LNK_newin
1180e354   LNK_newout
1180dfb0   LNK_rcloop
1180e074   LNK_rdrtry
1181b98c   LNK_readDone
1181b990   LNK_readFail
1181b988   LNK_readPend
1180e084   LNK_rrloop
1181b994   LNK_writeFail
1180e150   LNK_wrloop
1180e144   LNK_wrrtry
00000001   LOG$
1181c01c   LOG_A_TABBEG
1181c04c   LOG_A_TABEND
00000002   LOG_A_TABLEN
1181b77c   LOG_D_system
00000001   LOG_ENABLED
11811c20   LOG_F_event
1181c01c   LOG_system
11817800   LOG_system$buf
00000000   LOG_system$datatype
00000000   LOG_system$log
00000200   LOG_system$size
00000000   MBX$
00000001   MEM$
1181b92c   MEM_MALLOCSEG
00000000   MEM_NULL
1181b92c   MEM_SEGZERO
00000000   MEM_USEMPC
00000001   MEM_gNumHeap
00000000   MSGQ$
00000000   MSGQ_USEMSGQ
00000000   OBJ$
00000000   PIP$
1181770c   PIP_A_TABBEG
118177d4   PIP_A_TABEND
00000002   PIP_A_TABLEN
1181b780   PIP_D_tabbeg
1181b784   PIP_D_tablen
118106f8   PIP_F_give
118106f8   PIP_F_probe
118107c8   PIP_F_start
11810680   PIP_F_take
00000064   PIP_OBJSIZE
00000000   PIP_gNextId
00000002   PIP_gNumEmbed
00000000   POOL$
00000000   POOL_USEPOOL
00000001   PRD$
118177d4   PRD0
118177f0   PRD0$aaa
00000000   PRD0$mode
00000001   PRD0$ord
000001f4   PRD0$period
00000000   PRD0$prd
1181bf04   PRD0$sts
1181ae7f   PRD0$sts$avgfmt
00000000   PRD0$sts$filter
1181ae6d   PRD0$sts$maxfmt
1181bf00   PRD0$sts$stsobj
1181ae76   PRD0$sts$sumfmt
00000002   PRD0$sts$unittype
118177d4   PRD_A_TABBEG
118177f4   PRD_A_TABEND
00000001   PRD_A_TABLEN
1181b7c0   PRD_D_cur
1181b7c4   PRD_D_elapsed
1181b7c8   PRD_D_prevtim
1181b7cc   PRD_D_scalar
1181b7d0   PRD_D_swihandle
1181b7d4   PRD_D_tabbeg
1181b7d8   PRD_D_tablen
1181b7dc   PRD_D_thook
1181b7bc   PRD_D_tick
1180f400   PRD_F_swi
1180f684   PRD_F_tick
00000001   PRD_SCALAR
1181bb88   PRD_SWIHANDLE
11810294   PRD_THOOKFXN
1180df18   PRD_clock
1181bb88   PRD_swi
00000001   PRD_swi$dorta
00000001   PRD_swi$ord
00000001   PRD_swi$pri
1181bf14   PRD_swi$sts
1181ae9a   PRD_swi$sts$avgfmt
00000002   PRD_swi$sts$filter
00000001   PRD_swi$sts$filtmaxmult
00000001   PRD_swi$sts$filtsummult
1181ae8a   PRD_swi$sts$maxfmt
1181bf10   PRD_swi$sts$stsobj
1181ae92   PRD_swi$sts$sumfmt
00000000   PRD_swi$sts$unittype
00000000   PRD_swi$swi
00000001   PWRM$
00000030   PWRM_PWRM_CAPSMASK
0000000a   PWRM_PWRM_CLKTICKSPERSLOT
00000000   PWRM_PWRM_ENABLE
00000002   PWRM_PWRM_INITSPCPU
00000000   PWRM_PWRM_INITSPPER
00000000   PWRM_PWRM_LOADENABLE
00000001   PWRM_PWRM_NUMSLOTS
00000000   PWRM_PWRM_RESOURCETRACKING
00000000   PWRM_PWRM_SCALING
11812120   PWRM_PWRM_SHAREDRESOURCEFXN
11812120   PWRM_PWRM_SLOTHOOKFXN
00000000   PWRM_PWRM_TIMERIDNUM
00000000   PWRM_PWRM_TIMERINTRMASK
00000000   PWRM_PWRM_TIMERWUGENMASK
00000000   PWRM_PWRM_USERRESOURCES
00000000   PWRM_PWRM_USETIMER
00000001   QUE$
1181b7e0   RTA_D_fromHost
1181b7e8   RTA_D_logval
1181b7f8   RTA_D_stsval
1181b7e4   RTA_D_toHost
11812060   RTA_F_andn
1180fae0   RTA_F_dispatch
1180fa00   RTA_F_getlog
1180fa38   RTA_F_getsts
11812078   RTA_F_or
1180fa78   RTA_F_readblk
1180faa0   RTA_F_resetmem
1180fa94   RTA_F_writeword
1181a528   RTA_dispatcher
1181a538   RTA_dispatcher$
1180fb2c   RTA_execute
1181bfe4   RTA_fromHost
1180df08   RTA_fromHost$buf
00000004   RTA_fromHost$framesize
00000000   RTA_fromHost$hst
00000001   RTA_fromHost$id
00000000   RTA_fromHost$mode
1181770c   RTA_fromHost$pipe
1181773c   RTA_fromHost$pipe$aaa
1181776c   RTA_fromHost$pipe$bbb
1181b930   RTA_fromHost$pipe$dtab
11817710   RTA_fromHost$pipe$rd
11817740   RTA_fromHost$pipe$wr
1181bfec   RTA_fromHost$rtdx
1181c000   RTA_toHost
1181be00   RTA_toHost$buf
00000040   RTA_toHost$framesize
00000000   RTA_toHost$hst
00000000   RTA_toHost$id
00000001   RTA_toHost$mode
11817770   RTA_toHost$pipe
118177a0   RTA_toHost$pipe$aaa
118177d0   RTA_toHost$pipe$bbb
1181b93c   RTA_toHost$pipe$dtab
11817774   RTA_toHost$pipe$rd
118177a4   RTA_toHost$pipe$wr
1181c008   RTA_toHost$rtdx
00000001   RTDX$
00000408   RTDX_BUFMEMSIZE
1181b92c   RTDX_DATAMEMSEG
00000000   RTDX_MODE
00000001   RTDX_NORMALIZED_HDR
00000001   RTDX_USERTDX
00000000   RTDX_USERTEXECUTION
00000000   SEM$
00000000   SIO$
00000001   STS$
1181bf00   STS_A_TABBEG
1181bf50   STS_A_TABEND
11811f2c   STS_F_add
11811f00   STS_F_delta
11811f48   STS_F_reset
00000001   SWI$
1181bb88   SWI_A_TABBEG
1181bbe0   SWI_A_TABEND
00000002   SWI_A_TABLEN
1181b854   SWI_D_curfxn
1181b844   SWI_D_curmask
1181b850   SWI_D_curmbox
1181b848   SWI_D_curset
1181b840   SWI_D_execaddr
1181b85c   SWI_D_inswi
1181b84c   SWI_D_lock
1181b858   SWI_D_rdybeg
1181b860   SWI_D_rdytab
1181b83c   SWI_D_runaddr
00000000   SWI_EHOOKFXN
1180f124   SWI_EXECFXN
1180ef40   SWI_F_enable
1180f124   SWI_F_exec
1180f14c   SWI_F_iexec
1180efb0   SWI_F_post
1180f1cc   SWI_F_run
00000000   SWI_IHOOKFXN
1180f1cc   SWI_RUNFXN
00000001   SYS$
1181bbe0   SYS$config
118120a0   SYS_ABORTFXN
118121a0   SYS_ERRORFXN
118121c0   SYS_EXITFXN
118120e0   SYS_PUTCFXN
1181bbf4   TRC_R_mask
1181bbf0   TRC_cinit
00000001   TSK$
00000000   TSK_NUM_HOOKS
00000001   TSK_PRIORITY
00000000   TSK_READYFXN
00000000   TSK_STACKSEG
00000400   TSK_STACKSIZE
00000000   TSK_SWITCHFXN
11812120   TSK_VCREATEFXN
11812120   TSK_VDELETEFXN
11812120   TSK_VEXITFXN
1181bb34   TSK_idle
00000000   TSK_idle$ord
00000000   TSK_idle$pri
1181ae70   TSK_idle$stack
1181b208   TSK_idle$stkptr
1181bf34   TSK_idle$sts
1181aece   TSK_idle$sts$avgfmt
00000002   TSK_idle$sts$filter
00000001   TSK_idle$sts$filtmaxmult
00000001   TSK_idle$sts$filtsummult
1181aebe   TSK_idle$sts$maxfmt
1181bf30   TSK_idle$sts$stsobj
1181aec6   TSK_idle$sts$sumfmt
00000000   TSK_idle$sts$unittype
00000000   TSK_idle$tsk
00000000   UDEV$
1180104c   _AIC3106_Init
11801100   _AIC3106_readRegister
11801154   _AIC3106_writeRegister
11812120   _BCACHE_bootInit
11811434   _BCACHE_getMar
118113e4   _BCACHE_getSize
118113b4   _BCACHE_setCacheToSram
11811364   _BCACHE_setMar
11811320   _BCACHE_setSize
11819fc0   _BIOS_init
1181a1f0   _BIOS_start
11806580   _BQ_init
11806608   _BQ_process
118065e0   _BQ_setDen
118065b4   _BQ_setNum
ffffffff   _CACHE_L1D
ffffffff   _CACHE_L1P
000493e0   _CLK_COUNTSPMS
1181b9e0   _CLK_DFLTMICROSECS
1181b7b8   _CLK_D_countspms
1181b7ac   _CLK_D_dirty
1181b9e4   _CLK_D_microseconds
1181b7b0   _CLK_D_prd
1181b7b4   _CLK_D_tddr
11810ed0   _CLK_F_itime
00005dc0   _CLK_PRD
01c20000   _CLK_REGS
00000000   _CLK_TDDR
00000000   _CLK_TIMERNUM
00000001   _CLK_USETIMER
118121e0   _CLK_gethtime
1181b79c   _CLK_htimeDiv
1181b7a0   _CLK_htimeMult
1181b9f0   _CLK_htimePerLtime
1180d9ec   _CLK_inputClock
11810ed0   _CLK_itime
1181b7a4   _CLK_ltimeDiv
1181b7a8   _CLK_ltimeMult
11811fc0   _CLK_measure
ffffffff   _DDR
11805e64   _DIP_get
11805ec8   _DIP_getAll
11805e40   _DIP_init
0000000a   _EVENT10
00000064   _EVENT100
00000065   _EVENT101
00000066   _EVENT102
00000067   _EVENT103
00000068   _EVENT104
00000069   _EVENT105
0000006a   _EVENT106
0000006b   _EVENT107
0000006c   _EVENT108
0000006d   _EVENT109
0000000b   _EVENT11
0000006e   _EVENT110
0000006f   _EVENT111
00000070   _EVENT112
00000071   _EVENT113
00000072   _EVENT114
00000073   _EVENT115
00000074   _EVENT116
00000075   _EVENT117
00000076   _EVENT118
00000077   _EVENT119
0000000c   _EVENT12
00000078   _EVENT120
00000079   _EVENT121
0000007a   _EVENT122
0000007b   _EVENT123
0000007c   _EVENT124
0000007d   _EVENT125
0000007e   _EVENT126
0000007f   _EVENT127
0000000d   _EVENT13
0000000e   _EVENT14
0000000f   _EVENT15
00000010   _EVENT16
00000011   _EVENT17
00000012   _EVENT18
00000013   _EVENT19
00000014   _EVENT20
00000015   _EVENT21
00000016   _EVENT22
00000017   _EVENT23
00000018   _EVENT24
00000019   _EVENT25
0000001a   _EVENT26
0000001b   _EVENT27
0000001c   _EVENT28
0000001d   _EVENT29
0000001e   _EVENT30
0000001f   _EVENT31
00000020   _EVENT32
00000021   _EVENT33
00000022   _EVENT34
00000023   _EVENT35
00000024   _EVENT36
00000025   _EVENT37
00000026   _EVENT38
00000027   _EVENT39
00000004   _EVENT4
00000028   _EVENT40
00000029   _EVENT41
0000002a   _EVENT42
0000002b   _EVENT43
0000002c   _EVENT44
0000002d   _EVENT45
0000002e   _EVENT46
0000002f   _EVENT47
00000030   _EVENT48
00000031   _EVENT49
00000005   _EVENT5
00000032   _EVENT50
00000033   _EVENT51
00000034   _EVENT52
00000035   _EVENT53
00000036   _EVENT54
00000037   _EVENT55
00000038   _EVENT56
00000039   _EVENT57
0000003a   _EVENT58
0000003b   _EVENT59
00000006   _EVENT6
0000003c   _EVENT60
0000003d   _EVENT61
0000003e   _EVENT62
0000003f   _EVENT63
00000040   _EVENT64
00000041   _EVENT65
00000042   _EVENT66
00000043   _EVENT67
00000044   _EVENT68
00000045   _EVENT69
00000007   _EVENT7
00000046   _EVENT70
00000047   _EVENT71
00000048   _EVENT72
00000049   _EVENT73
0000004a   _EVENT74
0000004b   _EVENT75
0000004c   _EVENT76
0000004d   _EVENT77
0000004e   _EVENT78
0000004f   _EVENT79
00000008   _EVENT8
00000050   _EVENT80
00000051   _EVENT81
00000052   _EVENT82
00000053   _EVENT83
00000054   _EVENT84
00000055   _EVENT85
00000056   _EVENT86
00000057   _EVENT87
00000058   _EVENT88
00000059   _EVENT89
00000009   _EVENT9
0000005a   _EVENT90
0000005b   _EVENT91
0000005c   _EVENT92
0000005d   _EVENT93
0000005e   _EVENT94
0000005f   _EVENT95
00000060   _EVENT96
00000061   _EVENT97
00000062   _EVENT98
00000063   _EVENT99
118001e8   _EVMC6748_enableDsp
11800000   _EVMC6748_init
1180002c   _EVMC6748_initRAM
118002b0   _EVMC6748_lpscTransition
11800214   _EVMC6748_pinmuxConfig
1180ea30   _EXC_clearLastStatus
118104a0   _EXC_dispatch
1180e854   _EXC_exceptionHandler
1181b998   _EXC_exceptionHook
1180e820   _EXC_external
1181b9a0   _EXC_externalHook
1180e800   _EXC_getLastStatus
1180e7c0   _EXC_init
1180e514   _EXC_internal
1181b99c   _EXC_internalHook
1180e4e0   _EXC_nmi
1181b9a4   _EXC_nmiHook
1181b950   _EXC_returnPtr
11810664   _EXC_setReturnPtr
1180deb0   _EXC_status
1181b948   _EXC_sysTrapTable
11812120   _FXN_F_nop
11811d84   _FXN_F_run
11811dc0   _FXN_F_zero
00000000   _GBL_CACHE
118114c8   _GBL_cacheInit64P
1181b814   _GBL_clkIn
1181b818   _GBL_freq
11812140   _GBL_getVersion
1181b810   _GBL_procId
11803498   _GPIO_getInput
11803420   _GPIO_setDir
1180350c   _GPIO_setOutput
1180358c   _GPIO_toggleLoop
118075c0   _HOSTclose
118066a0   _HOSTlseek
118069a0   _HOSTopen
11806a80   _HOSTread
11805cc0   _HOSTrename
11806fc0   _HOSTunlink
11807080   _HOSTwrite
11819000   _HSRTDX_rec
11819760   _HSRTDX_xmt
1181bfe0   _HST_A_TABBEG
1181c01c   _HST_A_TABEND
00005828   _HWI_CFGDISPATCHED
1181b974   _HWI_D_inhwi
1181b968   _HWI_D_spsave
1180ea60   _HWI_F_dispatch
0000000a   _HWI_INT10
0000000b   _HWI_INT11
0000000c   _HWI_INT12
0000000d   _HWI_INT13
0000000e   _HWI_INT14
0000000f   _HWI_INT15
00000004   _HWI_INT4
00000005   _HWI_INT5
00000006   _HWI_INT6
00000007   _HWI_INT7
00000008   _HWI_INT8
00000009   _HWI_INT9
00000001   _HWI_NMI
00000002   _HWI_RESERVED0
00000003   _HWI_RESERVED1
00000000   _HWI_RESET
1181b668   _HWI_STKBOTTOM
1181b270   _HWI_STKTOP
1181b968   _HWI_data
11811de0   _HWI_disable
1181b670   _HWI_dispatchTab
11811df8   _HWI_enable
11811e0c   _HWI_restore
11802354   _I2CGPIO_getInput
11802470   _I2CGPIO_getInputAll
11802280   _I2CGPIO_init
11802580   _I2CGPIO_setOutput
118026c8   _I2CGPIO_setOutputAll
118037a0   _I2C_init
1180388c   _I2C_read
118039e8   _I2C_write
1181bf44   _IDL_busyObj
1181a520   _IDL_cpuLoad
11812160   _IDL_loop
1181b92c   _IRAM
1181550c   _IRAM_base
00002000   _IRAM_length
1181b8e0   _KNL_alarm
11811580   _KNL_check
1181b904   _KNL_curqueue
1181b8f4   _KNL_curtask
1181b8fc   _KNL_curtime
1180dd38   _KNL_dummy
118118e0   _KNL_enter
118118a0   _KNL_exit
11811648   _KNL_idle
1181b91c   _KNL_idlefxn
1181b8e8   _KNL_inactive
11811aa0   _KNL_ipost
11811670   _KNL_max
1181b908   _KNL_maxqueue
11811b20   _KNL_post
1181b8f8   _KNL_prevtask
1181b8ec   _KNL_priority
1180dc98   _KNL_queues
1180fc80   _KNL_run
11810f20   _KNL_saveIsrFrame
1181b8f0   _KNL_set
1181b8e4   _KNL_setpri
1181bbb4   _KNL_swi
1181b900   _KNL_swiptr
11810fcc   _KNL_switch
1181b910   _KNL_tcreatefxn
1181b914   _KNL_tdeletefxn
11810294   _KNL_tick
1181b918   _KNL_treadyfxn
1181b90c   _KNL_tswitchfxn
1181b8d8   _KNL_wFlag
1181b8dc   _KNL_wList
ffffffff   _L3_CBA_RAM
11811bc0   _LCK_pend
11811ba0   _LCK_post
11805780   _LED_init
118057cc   _LED_isOn
118058cc   _LED_toggle
11805884   _LED_turnOff
11805834   _LED_turnOn
1181a524   _LNK_dataPump
1181b984   _LNK_dspFrameReadyMask
1181b980   _LNK_dspFrameRequestMask
1181b98c   _LNK_readDone
1181b990   _LNK_readFail
1181b988   _LNK_readPend
1181b994   _LNK_writeFail
1181c01c   _LOG_A_TABBEG
1181c04c   _LOG_A_TABEND
00000002   _LOG_A_TABLEN
1181b77c   _LOG_D_system
11811c20   _LOG_event
1181c01c   _LOG_system
1181b9f8   _MEM
1181b81c   _MEM_D_NUMSEGMENTS
1181b824   _MEM_D_freelist
1181b828   _MEM_D_lockaddr
1181b820   _MEM_D_memtab
1181b82c   _MEM_D_unlockaddr
1180fec0   _MEM_alloc
118102c0   _MEM_free
1181a400   _MEM_init
1181b920   _MEM_memtab
11800cd0   _McASP_Init
11800e14   _McASP_Start
1180de08   _OBJ_segtab
1180ddd0   _OBJ_table
1181770c   _PIP_A_TABBEG
118177d4   _PIP_A_TABEND
118177d4   _PRD0
1181b7bc   _PRD_D_tick
1180df18   _PRD_clock
1181bb88   _PRD_swi
11805580   _RB3_init
11805680   _RB3_innerProduct
118055d4   _RB3_insert
118056f8   _RB3_print
11805614   _RB3_push
118055f0   _RB3_rotate
11805650   _RB3_set
1181a528   _RTA_dispatcher
1181bfe4   _RTA_fromHost
1181c000   _RTA_toHost
1181a5c0   _RTDX_Buffer
1181a9cc   _RTDX_Buffer_End
11819de0   _RTDX_Buffer_Initialize
11819f60   _RTDX_Buffer_Read
11819ea0   _RTDX_Buffer_ReadCB
11819ee0   _RTDX_Buffer_Size
1181a9c8   _RTDX_Buffer_Start
11819f80   _RTDX_Buffer_Write
118192a0   _RTDX_Buffer_WriteCB
11819d60   _RTDX_Final_RT_Monitor
11819e40   _RTDX_Init_RT_Monitor
00000002   _RTDX_JTAGONLY
11819fa0   _RTDX_Mask_IER
11819a60   _RTDX_Mon_Queue
11819cc0   _RTDX_Poll
00000000   _RTDX_interrupt_mask
11819f20   _RTDX_memfill
1181aa20   _RTDX_writing
1181b92c   _SEG0
11811ea0   _SEM_pend
11810860   _SEM_pendEnterKnl
118117c0   _SEM_post
118117c0   _SEM_postBinary
11811960   _SEM_postEnterKnl
1181bf00   _STS_A_TABBEG
1181bf50   _STS_A_TABEND
11811f2c   _STS_add
11811f00   _STS_delta
11811f48   _STS_reset
11812180   _STS_set
1181b854   _SWI_D_curfxn
1181b844   _SWI_D_curmask
1181b848   _SWI_D_curset
1181b840   _SWI_D_execaddr
1181b85c   _SWI_D_inswi
1181b84c   _SWI_D_lock
1181b858   _SWI_D_rdybeg
1181b83c   _SWI_D_runaddr
1181b83c   _SWI_data
1180efb0   _SWI_post
1181b830   _SYS
1181750c   _SYS_PUTCBEG
1181770b   _SYS_PUTCEND
11811f60   _SYS_abort
11811d20   _SYS_error
11811a00   _SYS_exit
1180de78   _SYS_exitStack
1181b9e8   _SYS_exitStackPtr
1181b9ec   _SYS_exitStackTop
11801210   _SetGpio
1181bbf4   _TRC_R_mask
1181b9d0   _TSK
1180dd70   _TSK_ATTRS
1180dd8c   _TSK_config
118111e0   _TSK_exit
1181bb34   _TSK_idle
1181a4c0   _TSK_init
1181b9c8   _TSK_nTasks
1181b9cc   _TSK_pid
11810be0   _TSK_setup
11811744   _TSK_startup
1180ddac   _TSK_timerSem
11801198   _USTIMER_delay
11800c00   _UTIL_isUIBoardAttached
11800aa8   _UTIL_printMem
118120a0   _UTL_doAbort
118121a0   _UTL_doError
118120e0   _UTL_doPutc
118121c0   _UTL_halt
1181ba08   __CIOBUF_
11810ef0   __CLK_lat1beg
11810f10   __CLK_lat1end
1181b838   __HOOK_NUMHOOKS
1181b834   __HOOK_knlId
1180ea60   __HWI_lat1beg
1180ebe8   __HWI_lat1end
1180ebe8   __HWI_lat2beg
1180edc4   __HWI_lat2end1
1180ed50   __HWI_lat2end2
1180ede0   __HWI_lat3beg
1180ed80   __HWI_lat3end2
11811e40   __IDL_lat1beg
11811e80   __IDL_lat1end
118115cc   __KNL_lat1beg
11811648   __KNL_lat1end
11811c20   __LOG_lat1beg
1180de4c   __MEM_mutex
1180faa0   __RTA_lat1beg
1180fad4   __RTA_lat1end
11810a40   __SEM_dopost
1181b670   __STACK_END
00000400   __STACK_SIZE
1180f0b8   __SWI_lat1beg
1180f164   __SWI_lat1end
1180f168   __SWI_lat2beg
1180f1c8   __SWI_lat2end
1180ef40   __SWI_lat3beg
1180efac   __SWI_lat3end
1180de24   __TSK_mutex
1180def4   ___TI_enable_exit_profile_output
ffffffff   ___TI_pprof_out_hndl
ffffffff   ___TI_prof_data_size
ffffffff   ___TI_prof_data_start
11808100   ___add_dtor
1180d9f0   ___atexit_func_id__
ffffffff   ___binit__
1181b670   ___bss__
ffffffff   ___c_args__
11812200   ___cinit__
11800000   ___data__
11800000   ___edata__
1181ba04   ___end__
11808360   ___etext__
11808140   ___isinf
118177f4   ___pinit__
11800000   ___text__
118110a0   __auto_init
11806b60   __c6xabi_divi
11807200   __c6xabi_divu
11807660   __cleanup
1180deec   __cleanup_ptr
11806220   __closefile
1181abd0   __ctypes_
11801240   __divd
11806b60   __divi
11807700   __divli
11807200   __divu
11805b20   __divul
11804640   __divull
118072c0   __doflush
1180def0   __dtors_ptr
118078e0   __fixdli
11807de0   __fltlid
118081c0   __frcmpyd_div
1180d9e8   __ft_end
1180d6c8   __ftable
11807e60   __llshl
11808200   __llshru
1180def8   __lock
11808280   __negll
118082a0   __nop
11807980   __nround
11802c40   __printfi
11808300   __register_lock
11808320   __register_unlock
11808240   __remli
1181b270   __stack
11807fe0   __subcull
1180d8a8   __tmpnams
1180defc   __unlock
118067a0   __wrt_ok
1180a450   _aHigh
1180a360   _aLow
1180a390   _aMid
1180a3f0   _aPres
11807380   _atexit
11806c40   _atoi
118029f8   _audioHWI
1180a468   _bHigh
1180a378   _bLow
1180a3c0   _bMid
1180a420   _bPres
11808360   _b_fir
1181acd8   _bitval_u32
1181a340   _c_int00
118068a0   _call_dtors
1180f9ac   _calloc
11806d20   _close
11800688   _config_pll0
118008c4   _config_pll1
118028d8   _dipPRD
1181b9db   _dist
1180ddcc   _dtors
1181b9d6   _eqBypass
1180a508   _eqSignal
1180b508   _fftSignal
11804f60   _fputc
11803080   _fputs
1180f780   _free
11806460   _fseek
1180d658   _high
1181b9da   _highCut
11800c68   _initAll
1180d508   _low
1181b9d7   _lowCut
11807b60   _lseek
11807440   _ltoa
11802760   _main
1180f7a4   _malloc
1181b9d4   _mask
1180f8e8   _memalign
11808040   _memccpy
11807c00   _memcpy
11806e00   _memset
1180d578   _mid
1181b9d8   _midCut
11807ca0   _modf
1180d5e8   _pres
1181b9d9   _presCut
11806ee0   _printf
11804f60   _putc
11800c20   _read_audio_sample
11807ee0   _readmsg
1180f804   _realloc
11808340   _remove
1181b9b0   _rtdxNullChanCnt
1181b9b4   _rtdxNullFuncCnt
1181b9bc   _rtdxRecNotDoneCnt
1181b9c4   _rtdxXmtErrorCnt
1181b9b8   _rtdxXmtNotDoneCnt
1181b9c0   _rtdxXmtRestartCnt
1181aa14   _rtdx_buffer_state
1181a9d0   _rtdx_mon_state
11805380   _setvbuf
1180a480   _sine
1181c034   _trace
11807f60   _unlink
11807d40   _write
1181b9dc   _writeIndex
11800c44   _write_audio_sample
118080a0   _writemsg
ffffffff   binit
11812200   cinit
11800000   edata
1181ba04   end
11808360   etext
1181bc00   hwi0
1181bc20   hwi1
1181bd40   hwi10
1181bd60   hwi11
1181bd80   hwi12
1181bda0   hwi13
1181bdc0   hwi14
1181bde0   hwi15
1181bc40   hwi2
1181bc60   hwi3
1181bc80   hwi4
1181bca0   hwi5
1181bcc0   hwi6
1181bce0   hwi7
1181bd00   hwi8
1181bd20   hwi9
118177f4   pinit
1181c034   trace
11818000   trace$buf
00000001   trace$datatype
00000000   trace$log
00000400   trace$size


GLOBAL SYMBOLS: SORTED BY Symbol Address 

address    name
--------   ----
00000000   BUF$
00000000   CLK_PRDHIGH
00000000   CLK_TDDR
00000000   CLK_TDDRHIGH
00000000   CLK_TIMERNUM
00000000   DEV$
00000000   DGN$
00000000   DHL$
00000000   DHL_gChannelsAvailable
00000000   DIO$
00000000   DIO_NUMSWIBASE
00000000   DIO_NUMTSKBASE
00000000   DIO_STATIC
00000000   DPI$
00000000   ECM$
00000000   ECM_ENABLE
00000000   GBL_BCACHEREADADDR0
00000000   GBL_BCACHEREADADDR1
00000000   GBL_BCACHEREADADDR2
00000000   GBL_BIGENDIAN
00000000   GBL_CACHE
00000000   GBL_CALLCSLCFGINIT
00000000   GBL_ENABLE_SK
00000000   GBL_GEMTRUECOMPEN
00000000   GBL_L2MAR0_31
00000000   GBL_L2MAR160_191
00000000   GBL_L2MAR224_255
00000000   GBL_L2MAR32_63
00000000   GBL_L2MAR64_95
00000000   GBL_L2MAR96_127
00000000   GBL_L2MODE
00000000   GBL_NULL
00000000   GBL_PROCID
00000000   GBL_ROM
00000000   GBL_SUPPORTCSL
00000000   GBL_USERINIT
00000000   GIO$
00000000   HOOK$
00000000   HOOK_KNLID
00000000   HST_DSM
00000000   HST_NONE
00000000   HWI_GENERATE_RESET_VEC
00000000   HWI_INT10$hwi
00000000   HWI_INT11$hwi
00000000   HWI_INT12$hwi
00000000   HWI_INT13$hwi
00000000   HWI_INT14$hwi
00000000   HWI_INT15$hwi
00000000   HWI_INT4$hwi
00000000   HWI_INT5$hwi
00000000   HWI_INT6$hwi
00000000   HWI_INT7$hwi
00000000   HWI_INT8$hwi
00000000   HWI_INT9$hwi
00000000   HWI_NMI$hwi
00000000   HWI_POLARITYMASK
00000000   HWI_RESERVED0$hwi
00000000   HWI_RESERVED1$hwi
00000000   HWI_RESET
00000000   HWI_RESET$hwi
00000000   HWI_ZEROTAB
00000000   IDL_busyObj$iB
00000000   IDL_busyObj$operation
00000000   KNL_swi$pri
00000000   KNL_swi$sts$unittype
00000000   KNL_swi$swi
00000000   LOG_system$datatype
00000000   LOG_system$log
00000000   MBX$
00000000   MEM_NULL
00000000   MEM_USEMPC
00000000   MSGQ$
00000000   MSGQ_USEMSGQ
00000000   OBJ$
00000000   PIP$
00000000   PIP_gNextId
00000000   POOL$
00000000   POOL_USEPOOL
00000000   PRD0$mode
00000000   PRD0$prd
00000000   PRD0$sts$filter
00000000   PRD_swi$sts$unittype
00000000   PRD_swi$swi
00000000   PWRM_PWRM_ENABLE
00000000   PWRM_PWRM_INITSPPER
00000000   PWRM_PWRM_LOADENABLE
00000000   PWRM_PWRM_RESOURCETRACKING
00000000   PWRM_PWRM_SCALING
00000000   PWRM_PWRM_TIMERIDNUM
00000000   PWRM_PWRM_TIMERINTRMASK
00000000   PWRM_PWRM_TIMERWUGENMASK
00000000   PWRM_PWRM_USERRESOURCES
00000000   PWRM_PWRM_USETIMER
00000000   RTA_fromHost$hst
00000000   RTA_fromHost$mode
00000000   RTA_toHost$hst
00000000   RTA_toHost$id
00000000   RTDX_MODE
00000000   RTDX_USERTEXECUTION
00000000   SEM$
00000000   SIO$
00000000   SWI_EHOOKFXN
00000000   SWI_IHOOKFXN
00000000   TSK_NUM_HOOKS
00000000   TSK_READYFXN
00000000   TSK_STACKSEG
00000000   TSK_SWITCHFXN
00000000   TSK_idle$ord
00000000   TSK_idle$pri
00000000   TSK_idle$sts$unittype
00000000   TSK_idle$tsk
00000000   UDEV$
00000000   _CLK_TDDR
00000000   _CLK_TIMERNUM
00000000   _GBL_CACHE
00000000   _HWI_RESET
00000000   _RTDX_interrupt_mask
00000000   trace$log
00000001   BUF_ENABLED
00000001   CLK$
00000001   CLK_CALDIV
00000001   CLK_CALMULT
00000001   CLK_ENABLEHTIME
00000001   CLK_HTIMEDIV
00000001   CLK_HTIMEMULT
00000001   CLK_LTIMEDIV
00000001   CLK_POWERENABLE
00000001   CLK_RESETTIMER
00000001   CLK_USETIMER
00000001   GBL$
00000001   GBL_ENABLEINST
00000001   GBL_L2CONFIGURE
00000001   GBL_L2MAR128_159
00000001   GBL_boot
00000001   HST$
00000001   HST_RTDX
00000001   HWI$
00000001   HWI_ENABLE_EXC
00000001   HWI_NMI
00000001   IDL$
00000001   IDL_USECLKIDLTIME
00000001   IDL_busyObj$filter
00000001   IDL_busyObj$iA
00000001   IDL_busyObj$iC
00000001   ISRC$
00000001   KNL_swi$dorta
00000001   KNL_swi$sts$filtmaxmult
00000001   KNL_swi$sts$filtsummult
00000001   LCK$
00000001   LOG$
00000001   LOG_ENABLED
00000001   MEM$
00000001   MEM_gNumHeap
00000001   PRD$
00000001   PRD0$ord
00000001   PRD_A_TABLEN
00000001   PRD_SCALAR
00000001   PRD_swi$dorta
00000001   PRD_swi$ord
00000001   PRD_swi$pri
00000001   PRD_swi$sts$filtmaxmult
00000001   PRD_swi$sts$filtsummult
00000001   PWRM$
00000001   PWRM_PWRM_NUMSLOTS
00000001   QUE$
00000001   RTA_fromHost$id
00000001   RTA_toHost$mode
00000001   RTDX$
00000001   RTDX_NORMALIZED_HDR
00000001   RTDX_USERTDX
00000001   STS$
00000001   SWI$
00000001   SYS$
00000001   TSK$
00000001   TSK_PRIORITY
00000001   TSK_idle$sts$filtmaxmult
00000001   TSK_idle$sts$filtsummult
00000001   _CLK_USETIMER
00000001   _HWI_NMI
00000001   trace$datatype
00000002   HWI_RESERVED0
00000002   IDL_busyObj$unittype
00000002   KNL_swi$ord
00000002   KNL_swi$sts$filter
00000002   LOG_A_TABLEN
00000002   PIP_A_TABLEN
00000002   PIP_gNumEmbed
00000002   PRD0$sts$unittype
00000002   PRD_swi$sts$filter
00000002   PWRM_PWRM_INITSPCPU
00000002   SWI_A_TABLEN
00000002   TSK_idle$sts$filter
00000002   _HWI_RESERVED0
00000002   _LOG_A_TABLEN
00000002   _RTDX_JTAGONLY
00000003   HWI_RESERVED1
00000003   _HWI_RESERVED1
00000004   CLK_COUNTSPMSHIGH
00000004   EVENT4
00000004   HWI_INT4
00000004   RTA_fromHost$framesize
00000004   _EVENT4
00000004   _HWI_INT4
00000005   CLK_TIMMODE
00000005   EVENT5
00000005   HWI_INT5
00000005   _EVENT5
00000005   _HWI_INT5
00000006   EVENT6
00000006   HWI_INT6
00000006   IDL_CALIBRERROR
00000006   _EVENT6
00000006   _HWI_INT6
00000007   EVENT7
00000007   GBL_L1DMODE
00000007   GBL_L1PMODE
00000007   HWI_INT7
00000007   _EVENT7
00000007   _HWI_INT7
00000008   EVENT8
00000008   HWI_INT8
00000008   _EVENT8
00000008   _HWI_INT8
00000009   EVENT9
00000009   HWI_INT9
00000009   _EVENT9
00000009   _HWI_INT9
0000000a   EVENT10
0000000a   HWI_INT10
0000000a   PWRM_PWRM_CLKTICKSPERSLOT
0000000a   _EVENT10
0000000a   _HWI_INT10
0000000b   EVENT11
0000000b   HWI_INT11
0000000b   _EVENT11
0000000b   _HWI_INT11
0000000c   EVENT12
0000000c   HWI_INT12
0000000c   _EVENT12
0000000c   _HWI_INT12
0000000d   EVENT13
0000000d   HWI_INT13
0000000d   _EVENT13
0000000d   _HWI_INT13
0000000e   EVENT14
0000000e   HWI_INT14
0000000e   _EVENT14
0000000e   _HWI_INT14
0000000f   EVENT15
0000000f   HWI_INT15
0000000f   _EVENT15
0000000f   _HWI_INT15
00000010   EVENT16
00000010   _EVENT16
00000011   EVENT17
00000011   _EVENT17
00000012   EVENT18
00000012   _EVENT18
00000013   EVENT19
00000013   _EVENT19
00000014   EVENT20
00000014   _EVENT20
00000015   EVENT21
00000015   _EVENT21
00000016   EVENT22
00000016   _EVENT22
00000017   EVENT23
00000017   _EVENT23
00000018   EVENT24
00000018   _EVENT24
00000019   EVENT25
00000019   _EVENT25
0000001a   EVENT26
0000001a   _EVENT26
0000001b   EVENT27
0000001b   _EVENT27
0000001c   EVENT28
0000001c   _EVENT28
0000001d   EVENT29
0000001d   _EVENT29
0000001e   EVENT30
0000001e   _EVENT30
0000001f   EVENT31
0000001f   _EVENT31
00000020   CLK_TCR
00000020   EVENT32
00000020   _EVENT32
00000021   EVENT33
00000021   _EVENT33
00000022   EVENT34
00000022   _EVENT34
00000023   EVENT35
00000023   _EVENT35
00000024   EVENT36
00000024   _EVENT36
00000025   EVENT37
00000025   _EVENT37
00000026   EVENT38
00000026   _EVENT38
00000027   EVENT39
00000027   _EVENT39
00000028   EVENT40
00000028   _EVENT40
00000029   EVENT41
00000029   _EVENT41
0000002a   EVENT42
0000002a   _EVENT42
0000002b   EVENT43
0000002b   _EVENT43
0000002c   EVENT44
0000002c   _EVENT44
0000002d   EVENT45
0000002d   _EVENT45
0000002e   EVENT46
0000002e   _EVENT46
0000002f   EVENT47
0000002f   _EVENT47
00000030   EVENT48
00000030   PWRM_PWRM_CAPSMASK
00000030   _EVENT48
00000031   EVENT49
00000031   _EVENT49
00000032   EVENT50
00000032   _EVENT50
00000033   EVENT51
00000033   _EVENT51
00000034   EVENT52
00000034   _EVENT52
00000035   EVENT53
00000035   _EVENT53
00000036   EVENT54
00000036   _EVENT54
00000037   EVENT55
00000037   _EVENT55
00000038   EVENT56
00000038   _EVENT56
00000039   EVENT57
00000039   _EVENT57
0000003a   EVENT58
0000003a   _EVENT58
0000003b   EVENT59
0000003b   _EVENT59
0000003c   EVENT60
0000003c   _EVENT60
0000003d   EVENT61
0000003d   _EVENT61
0000003e   EVENT62
0000003e   GBL_DSPTYPE
0000003e   _EVENT62
0000003f   EVENT63
0000003f   _EVENT63
00000040   EVENT64
00000040   HST_MAXFRAMESET
00000040   RTA_toHost$framesize
00000040   _EVENT64
00000041   EVENT65
00000041   _EVENT65
00000042   EVENT66
00000042   GBL_FOOTPRINT
00000042   _EVENT66
00000043   EVENT67
00000043   _EVENT67
00000044   EVENT68
00000044   _EVENT68
00000045   EVENT69
00000045   _EVENT69
00000046   EVENT70
00000046   _EVENT70
00000047   EVENT71
00000047   _EVENT71
00000048   EVENT72
00000048   _EVENT72
00000049   EVENT73
00000049   _EVENT73
0000004a   EVENT74
0000004a   _EVENT74
0000004b   EVENT75
0000004b   _EVENT75
0000004c   EVENT76
0000004c   _EVENT76
0000004d   EVENT77
0000004d   _EVENT77
0000004e   EVENT78
0000004e   _EVENT78
0000004f   EVENT79
0000004f   _EVENT79
00000050   EVENT80
00000050   _EVENT80
00000051   EVENT81
00000051   _EVENT81
00000052   EVENT82
00000052   _EVENT82
00000053   EVENT83
00000053   _EVENT83
00000054   EVENT84
00000054   _EVENT84
00000055   EVENT85
00000055   _EVENT85
00000056   EVENT86
00000056   _EVENT86
00000057   EVENT87
00000057   _EVENT87
00000058   EVENT88
00000058   _EVENT88
00000059   EVENT89
00000059   _EVENT89
0000005a   EVENT90
0000005a   _EVENT90
0000005b   EVENT91
0000005b   _EVENT91
0000005c   EVENT92
0000005c   _EVENT92
0000005d   EVENT93
0000005d   _EVENT93
0000005e   EVENT94
0000005e   _EVENT94
0000005f   EVENT95
0000005f   _EVENT95
00000060   EVENT96
00000060   _EVENT96
00000061   EVENT97
00000061   _EVENT97
00000062   EVENT98
00000062   _EVENT98
00000063   EVENT99
00000063   _EVENT99
00000064   EVENT100
00000064   PIP_OBJSIZE
00000064   _EVENT100
00000065   EVENT101
00000065   _EVENT101
00000066   EVENT102
00000066   _EVENT102
00000067   EVENT103
00000067   _EVENT103
00000068   EVENT104
00000068   _EVENT104
00000069   EVENT105
00000069   _EVENT105
0000006a   EVENT106
0000006a   _EVENT106
0000006b   EVENT107
0000006b   _EVENT107
0000006c   EVENT108
0000006c   _EVENT108
0000006d   EVENT109
0000006d   _EVENT109
0000006e   EVENT110
0000006e   _EVENT110
0000006f   EVENT111
0000006f   _EVENT111
00000070   EVENT112
00000070   _EVENT112
00000071   EVENT113
00000071   _EVENT113
00000072   EVENT114
00000072   _EVENT114
00000073   EVENT115
00000073   _EVENT115
00000074   EVENT116
00000074   _EVENT116
00000075   EVENT117
00000075   _EVENT117
00000076   EVENT118
00000076   _EVENT118
00000077   EVENT119
00000077   _EVENT119
00000078   EVENT120
00000078   _EVENT120
00000079   EVENT121
00000079   _EVENT121
0000007a   EVENT122
0000007a   _EVENT122
0000007b   EVENT123
0000007b   _EVENT123
0000007c   EVENT124
0000007c   _EVENT124
0000007d   EVENT125
0000007d   _EVENT125
0000007e   EVENT126
0000007e   _EVENT126
0000007f   EVENT127
0000007f   _EVENT127
000000ff   HST_MAXFRAMEALLOWED
000001f4   PRD0$period
00000200   LOG_system$size
000003e8   CLK_MICROSECS
00000400   HST_DSMMEMSIZE
00000400   TSK_STACKSIZE
00000400   __STACK_SIZE
00000400   trace$size
00000408   RTDX_BUFMEMSIZE
00001a5b   GBL_CLKTYPE
00001a5c   GBL_DSPSUBTYPE
00002000   IRAM$L
00002000   _IRAM_length
00004000   CLK_INTBIT
00004e20   GBL_CLKIN
00005205   GBL_A_VERSION
00005828   HWI_CFGDISPATCHED
00005828   _HWI_CFGDISPATCHED
00005dc0   CLK_INPUTCLK
00005dc0   CLK_PRD
00005dc0   _CLK_PRD
0000dbef   GBL_TRCMASKVALUE
000493e0   CLK_COUNTSPMS
000493e0   CLK_HTIMEPERLTIME
000493e0   CLK_LTIMEMULT
000493e0   GBL_FREQ
000493e0   _CLK_COUNTSPMS
01c20000   CLK_REGS
01c20000   _CLK_REGS
07063d04   HWI_INTRMUX1
0b0a0908   HWI_INTRMUX2
11800000   .data
11800000   .text
11800000   _EVMC6748_init
11800000   ___data__
11800000   ___edata__
11800000   ___text__
11800000   edata
1180002c   _EVMC6748_initRAM
118001e8   _EVMC6748_enableDsp
11800214   _EVMC6748_pinmuxConfig
118002b0   _EVMC6748_lpscTransition
11800688   _config_pll0
118008c4   _config_pll1
11800aa8   _UTIL_printMem
11800c00   _UTIL_isUIBoardAttached
11800c20   _read_audio_sample
11800c44   _write_audio_sample
11800c68   _initAll
11800cd0   _McASP_Init
11800e14   _McASP_Start
1180104c   _AIC3106_Init
11801100   _AIC3106_readRegister
11801154   _AIC3106_writeRegister
11801198   _USTIMER_delay
11801210   _SetGpio
11801240   __divd
11802280   _I2CGPIO_init
11802354   _I2CGPIO_getInput
11802470   _I2CGPIO_getInputAll
11802580   _I2CGPIO_setOutput
118026c8   _I2CGPIO_setOutputAll
11802760   _main
118028d8   _dipPRD
118029f8   _audioHWI
11802c40   __printfi
11803080   _fputs
11803420   _GPIO_setDir
11803498   _GPIO_getInput
1180350c   _GPIO_setOutput
1180358c   _GPIO_toggleLoop
118037a0   _I2C_init
1180388c   _I2C_read
118039e8   _I2C_write
11804640   __divull
11804f60   _fputc
11804f60   _putc
11805380   _setvbuf
11805580   _RB3_init
118055d4   _RB3_insert
118055f0   _RB3_rotate
11805614   _RB3_push
11805650   _RB3_set
11805680   _RB3_innerProduct
118056f8   _RB3_print
11805780   _LED_init
118057cc   _LED_isOn
11805834   _LED_turnOn
11805884   _LED_turnOff
118058cc   _LED_toggle
11805b20   __divul
11805cc0   _HOSTrename
11805e40   _DIP_init
11805e64   _DIP_get
11805ec8   _DIP_getAll
11806220   __closefile
11806460   _fseek
11806580   _BQ_init
118065b4   _BQ_setNum
118065e0   _BQ_setDen
11806608   _BQ_process
118066a0   _HOSTlseek
118067a0   __wrt_ok
118068a0   _call_dtors
118069a0   _HOSTopen
11806a80   _HOSTread
11806b60   __c6xabi_divi
11806b60   __divi
11806c40   _atoi
11806d20   _close
11806e00   _memset
11806ee0   _printf
11806fc0   _HOSTunlink
11807080   _HOSTwrite
11807200   __c6xabi_divu
11807200   __divu
118072c0   __doflush
11807380   _atexit
11807440   _ltoa
118075c0   _HOSTclose
11807660   __cleanup
11807700   __divli
118078e0   __fixdli
11807980   __nround
11807b60   _lseek
11807c00   _memcpy
11807ca0   _modf
11807d40   _write
11807de0   __fltlid
11807e60   __llshl
11807ee0   _readmsg
11807f60   _unlink
11807fe0   __subcull
11808040   _memccpy
118080a0   _writemsg
118080f8   C$$IO$$
11808100   ___add_dtor
11808140   ___isinf
118081c0   __frcmpyd_div
11808200   __llshru
11808240   __remli
11808280   __negll
118082a0   __nop
11808300   __register_lock
11808320   __register_unlock
11808340   _remove
11808360   ___etext__
11808360   _b_fir
11808360   etext
1180a360   _aLow
1180a378   _bLow
1180a390   _aMid
1180a3c0   _bMid
1180a3f0   _aPres
1180a420   _bPres
1180a450   _aHigh
1180a468   _bHigh
1180a480   _sine
1180a508   _eqSignal
1180b508   _fftSignal
1180d508   _low
1180d578   _mid
1180d5e8   _pres
1180d658   _high
1180d6c8   __ftable
1180d8a8   __tmpnams
1180d9e8   __ft_end
1180d9ec   _CLK_inputClock
1180d9f0   ___atexit_func_id__
1180dc98   _KNL_queues
1180dd38   _KNL_dummy
1180dd70   _TSK_ATTRS
1180dd8c   _TSK_config
1180ddac   _TSK_timerSem
1180ddcc   _dtors
1180ddd0   _OBJ_table
1180de08   _OBJ_segtab
1180de24   __TSK_mutex
1180de4c   __MEM_mutex
1180de78   _SYS_exitStack
1180deb0   _EXC_status
1180deec   __cleanup_ptr
1180def0   __dtors_ptr
1180def4   ___TI_enable_exit_profile_output
1180def8   __lock
1180defc   __unlock
1180df08   RTA_fromHost$buf
1180df18   CLK_A_TABBEG
1180df18   PRD_clock
1180df18   _PRD_clock
1180df1c   CLK_null
1180df20   LNK_F_checkBufferCall
1180df40   LNK_F_getChanPtr
1180df98   LNK_F_init
1180dfa0   LNK_F_dataPump
1180dfb0   LNK_rcloop
1180e074   LNK_rdrtry
1180e084   LNK_rrloop
1180e144   LNK_wrrtry
1180e150   LNK_wrloop
1180e220   LNK_newin
1180e354   LNK_newout
1180e4a8   LNK_F_readCallBack
1180e4e0   _EXC_nmi
1180e514   _EXC_internal
1180e7c0   _EXC_init
1180e800   _EXC_getLastStatus
1180e820   _EXC_external
1180e854   _EXC_exceptionHandler
1180ea30   _EXC_clearLastStatus
1180ea60   CLK_HOOKFXN
1180ea60   HWI_F_dispatch
1180ea60   _HWI_F_dispatch
1180ea60   __HWI_lat1beg
1180ebe8   __HWI_lat1end
1180ebe8   __HWI_lat2beg
1180ed50   __HWI_lat2end2
1180ed80   __HWI_lat3end2
1180edc4   __HWI_lat2end1
1180ede0   __HWI_lat3beg
1180ef40   SWI_F_enable
1180ef40   __SWI_lat3beg
1180efac   __SWI_lat3end
1180efb0   SWI_F_post
1180efb0   _SWI_post
1180f0b8   __SWI_lat1beg
1180f124   SWI_EXECFXN
1180f124   SWI_F_exec
1180f14c   SWI_F_iexec
1180f164   __SWI_lat1end
1180f168   __SWI_lat2beg
1180f1c8   __SWI_lat2end
1180f1cc   SWI_F_run
1180f1cc   SWI_RUNFXN
1180f400   PRD_F_swi
1180f684   PRD_F_tick
1180f780   _free
1180f7a4   _malloc
1180f804   _realloc
1180f8e8   _memalign
1180f9ac   _calloc
1180fa00   RTA_F_getlog
1180fa38   RTA_F_getsts
1180fa78   RTA_F_readblk
1180fa94   RTA_F_writeword
1180faa0   RTA_F_resetmem
1180faa0   __RTA_lat1beg
1180fad4   __RTA_lat1end
1180fae0   RTA_F_dispatch
1180fb2c   RTA_execute
1180fc80   _KNL_run
1180fec0   _MEM_alloc
11810294   PRD_THOOKFXN
11810294   _KNL_tick
118102c0   _MEM_free
118104a0   _EXC_dispatch
11810664   _EXC_setReturnPtr
11810680   PIP_F_take
118106f8   PIP_F_give
118106f8   PIP_F_probe
118107c8   PIP_F_start
11810860   _SEM_pendEnterKnl
11810a40   __SEM_dopost
11810be0   _TSK_setup
11810d80   CLK_F_getltime
11810d90   CLK_F_isr
11810ed0   CLK_F_itime
11810ed0   _CLK_F_itime
11810ed0   _CLK_itime
11810ef0   __CLK_lat1beg
11810f10   __CLK_lat1end
11810f20   _KNL_saveIsrFrame
11810fcc   _KNL_switch
11811078   KNL_glue
118110a0   __auto_init
118111e0   _TSK_exit
11811320   _BCACHE_setSize
11811364   _BCACHE_setMar
118113b4   _BCACHE_setCacheToSram
118113e4   _BCACHE_getSize
11811434   _BCACHE_getMar
118114c8   _GBL_cacheInit64P
11811580   _KNL_check
118115cc   __KNL_lat1beg
11811648   _KNL_idle
11811648   __KNL_lat1end
11811670   _KNL_max
11811744   _TSK_startup
118117c0   _SEM_post
118117c0   _SEM_postBinary
118118a0   _KNL_exit
118118e0   _KNL_enter
11811960   _SEM_postEnterKnl
11811a00   _SYS_exit
11811aa0   _KNL_ipost
11811b20   _KNL_post
11811ba0   _LCK_post
11811bc0   _LCK_pend
11811c20   LOG_F_event
11811c20   _LOG_event
11811c20   __LOG_lat1beg
11811ca0   IDL_F_calibrate
11811d20   _SYS_error
11811d80   FXN_F_nop
11811d84   FXN_F_run
11811d84   _FXN_F_run
11811dc0   FXN_F_zero
11811dc0   _FXN_F_zero
11811de0   _HWI_disable
11811df8   _HWI_enable
11811e0c   _HWI_restore
11811e40   IDL_F_busy
11811e40   __IDL_lat1beg
11811e80   __IDL_lat1end
11811ea0   _SEM_pend
11811f00   STS_F_delta
11811f00   _STS_delta
11811f2c   STS_F_add
11811f2c   _STS_add
11811f48   STS_F_reset
11811f48   _STS_reset
11811f60   _SYS_abort
11811fc0   _CLK_measure
11812020   IDL_CALIBRFXN
11812020   IDL_F_stub
11812060   RTA_F_andn
11812078   RTA_F_or
118120a0   SYS_ABORTFXN
118120a0   _UTL_doAbort
118120e0   SYS_PUTCFXN
118120e0   _UTL_doPutc
11812120   GBL_USERINITFXN
11812120   GIO_CREATEFXN
11812120   GIO_DELETEFXN
11812120   GIO_PENDFXN
11812120   GIO_POSTFXN
11812120   PWRM_PWRM_SHAREDRESOURCEFXN
11812120   PWRM_PWRM_SLOTHOOKFXN
11812120   TSK_VCREATEFXN
11812120   TSK_VDELETEFXN
11812120   TSK_VEXITFXN
11812120   _BCACHE_bootInit
11812120   _FXN_F_nop
11812140   _GBL_getVersion
11812160   IDL_F_loop
11812160   _IDL_loop
11812180   _STS_set
118121a0   SYS_ERRORFXN
118121a0   _UTL_doError
118121c0   SYS_EXITFXN
118121c0   _UTL_halt
118121e0   CLK_F_gethtime
118121e0   CLK_TIMEFXN
118121e0   _CLK_gethtime
11812200   ___cinit__
11812200   cinit
1181550c   IRAM$B
1181550c   _IRAM_base
1181750c   _SYS_PUTCBEG
1181770b   _SYS_PUTCEND
1181770c   PIP_A_TABBEG
1181770c   RTA_fromHost$pipe
1181770c   _PIP_A_TABBEG
11817710   RTA_fromHost$pipe$rd
1181773c   RTA_fromHost$pipe$aaa
11817740   RTA_fromHost$pipe$wr
1181776c   RTA_fromHost$pipe$bbb
11817770   RTA_toHost$pipe
11817774   RTA_toHost$pipe$rd
118177a0   RTA_toHost$pipe$aaa
118177a4   RTA_toHost$pipe$wr
118177d0   RTA_toHost$pipe$bbb
118177d4   PIP_A_TABEND
118177d4   PRD0
118177d4   PRD_A_TABBEG
118177d4   _PIP_A_TABEND
118177d4   _PRD0
118177f0   PRD0$aaa
118177f4   PRD_A_TABEND
118177f4   ___pinit__
118177f4   pinit
11817800   LOG_system$buf
11818000   trace$buf
11819000   _HSRTDX_rec
118192a0   _RTDX_Buffer_WriteCB
11819760   _HSRTDX_xmt
11819a60   _RTDX_Mon_Queue
11819cc0   _RTDX_Poll
11819d60   _RTDX_Final_RT_Monitor
11819de0   _RTDX_Buffer_Initialize
11819e40   _RTDX_Init_RT_Monitor
11819ea0   _RTDX_Buffer_ReadCB
11819ee0   _RTDX_Buffer_Size
11819f20   _RTDX_memfill
11819f60   _RTDX_Buffer_Read
11819f80   _RTDX_Buffer_Write
11819fa0   _RTDX_Mask_IER
11819fc0   BIOS_init
11819fc0   _BIOS_init
1181a144   BIOS$$CLKON
1181a184   BIOS$$CLKOFF
1181a1f0   BIOS_start
1181a1f0   _BIOS_start
1181a340   _c_int00
1181a400   _MEM_init
1181a4c0   _TSK_init
1181a520   IDL_A_TABBEG
1181a520   IDL_cpuLoad
1181a520   _IDL_cpuLoad
1181a524   LNK_dataPump
1181a524   _LNK_dataPump
1181a528   RTA_dispatcher
1181a528   _RTA_dispatcher
1181a52c   IDL_END
1181a530   IDL_A_CALBEG
1181a530   IDL_cpuLoad$
1181a534   LNK_dataPump$
1181a538   RTA_dispatcher$
1181a53c   IDL_END$
1181a5c0   _RTDX_Buffer
1181a9c8   _RTDX_Buffer_Start
1181a9cc   _RTDX_Buffer_End
1181a9d0   _rtdx_mon_state
1181aa14   _rtdx_buffer_state
1181aa20   _RTDX_writing
1181abd0   __ctypes_
1181acd8   _bitval_u32
1181ae6d   PRD0$sts$maxfmt
1181ae70   TSK_idle$stack
1181ae76   PRD0$sts$sumfmt
1181ae7f   PRD0$sts$avgfmt
1181ae8a   PRD_swi$sts$maxfmt
1181ae92   PRD_swi$sts$sumfmt
1181ae9a   PRD_swi$sts$avgfmt
1181aea4   KNL_swi$sts$maxfmt
1181aeac   KNL_swi$sts$sumfmt
1181aeb4   KNL_swi$sts$avgfmt
1181aebe   TSK_idle$sts$maxfmt
1181aec6   TSK_idle$sts$sumfmt
1181aece   TSK_idle$sts$avgfmt
1181aed8   IDL_busyObj$maxfmt
1181aedb   IDL_busyObj$sumfmt
1181aede   IDL_busyObj$avgfmt
1181b208   TSK_idle$stkptr
1181b270   GBL_stackbeg
1181b270   _HWI_STKTOP
1181b270   __stack
1181b668   _HWI_STKBOTTOM
1181b66f   GBL_stackend
1181b670   $bss
1181b670   .bss
1181b670   _HWI_dispatchTab
1181b670   __STACK_END
1181b670   ___bss__
1181b770   IDL_D_tabbeg
1181b774   IDL_D_calibrate
1181b778   IDL_D_calbeg
1181b77c   LOG_D_system
1181b77c   _LOG_D_system
1181b780   PIP_D_tabbeg
1181b784   PIP_D_tablen
1181b788   CLK_R_time
1181b78c   CLK_D_timefxn
1181b790   CLK_D_tabbeg
1181b794   CLK_D_isrhook
1181b798   CLK_D_idletime
1181b79c   _CLK_htimeDiv
1181b7a0   _CLK_htimeMult
1181b7a4   _CLK_ltimeDiv
1181b7a8   _CLK_ltimeMult
1181b7ac   _CLK_D_dirty
1181b7b0   _CLK_D_prd
1181b7b4   _CLK_D_tddr
1181b7b8   _CLK_D_countspms
1181b7bc   PRD_D_tick
1181b7bc   _PRD_D_tick
1181b7c0   PRD_D_cur
1181b7c4   PRD_D_elapsed
1181b7c8   PRD_D_prevtim
1181b7cc   PRD_D_scalar
1181b7d0   PRD_D_swihandle
1181b7d4   PRD_D_tabbeg
1181b7d8   PRD_D_tablen
1181b7dc   PRD_D_thook
1181b7e0   RTA_D_fromHost
1181b7e4   RTA_D_toHost
1181b7e8   RTA_D_logval
1181b7f8   RTA_D_stsval
1181b804   HST_D_chanmask
1181b808   HST_D_tabbeg
1181b80c   HST_D_tabend
1181b810   _GBL_procId
1181b814   _GBL_clkIn
1181b818   _GBL_freq
1181b81c   _MEM_D_NUMSEGMENTS
1181b820   _MEM_D_memtab
1181b824   _MEM_D_freelist
1181b828   _MEM_D_lockaddr
1181b82c   _MEM_D_unlockaddr
1181b830   _SYS
1181b834   __HOOK_knlId
1181b838   __HOOK_NUMHOOKS
1181b83c   SWI_D_runaddr
1181b83c   _SWI_D_runaddr
1181b83c   _SWI_data
1181b840   SWI_D_execaddr
1181b840   _SWI_D_execaddr
1181b844   SWI_D_curmask
1181b844   _SWI_D_curmask
1181b848   SWI_D_curset
1181b848   _SWI_D_curset
1181b84c   SWI_D_lock
1181b84c   _SWI_D_lock
1181b850   SWI_D_curmbox
1181b854   SWI_D_curfxn
1181b854   _SWI_D_curfxn
1181b858   SWI_D_rdybeg
1181b858   _SWI_D_rdybeg
1181b85c   SWI_D_inswi
1181b85c   _SWI_D_inswi
1181b860   SWI_D_rdytab
1181b8d8   _KNL_wFlag
1181b8dc   _KNL_wList
1181b8e0   _KNL_alarm
1181b8e4   _KNL_setpri
1181b8e8   _KNL_inactive
1181b8ec   _KNL_priority
1181b8f0   _KNL_set
1181b8f4   _KNL_curtask
1181b8f8   _KNL_prevtask
1181b8fc   _KNL_curtime
1181b900   _KNL_swiptr
1181b904   _KNL_curqueue
1181b908   _KNL_maxqueue
1181b90c   _KNL_tswitchfxn
1181b910   _KNL_tcreatefxn
1181b914   _KNL_tdeletefxn
1181b918   _KNL_treadyfxn
1181b91c   _KNL_idlefxn
1181b920   _MEM_memtab
1181b92c   HST_DSMBUFSEG
1181b92c   IRAM
1181b92c   MEM_MALLOCSEG
1181b92c   MEM_SEGZERO
1181b92c   RTDX_DATAMEMSEG
1181b92c   _IRAM
1181b92c   _SEG0
1181b930   RTA_fromHost$pipe$dtab
1181b93c   RTA_toHost$pipe$dtab
1181b948   _EXC_sysTrapTable
1181b950   _EXC_returnPtr
1181b968   HWI_D_spsave
1181b968   _HWI_D_spsave
1181b968   _HWI_data
1181b974   _HWI_D_inhwi
1181b978   HWI_D_bss
1181b97c   HWI_D_ccmask
1181b980   LNK_dspFrameRequestMask
1181b980   _LNK_dspFrameRequestMask
1181b984   LNK_dspFrameReadyMask
1181b984   _LNK_dspFrameReadyMask
1181b988   LNK_readPend
1181b988   _LNK_readPend
1181b98c   LNK_readDone
1181b98c   _LNK_readDone
1181b990   LNK_readFail
1181b990   _LNK_readFail
1181b994   LNK_writeFail
1181b994   _LNK_writeFail
1181b998   _EXC_exceptionHook
1181b99c   _EXC_internalHook
1181b9a0   _EXC_externalHook
1181b9a4   _EXC_nmiHook
1181b9b0   _rtdxNullChanCnt
1181b9b4   _rtdxNullFuncCnt
1181b9b8   _rtdxXmtNotDoneCnt
1181b9bc   _rtdxRecNotDoneCnt
1181b9c0   _rtdxXmtRestartCnt
1181b9c4   _rtdxXmtErrorCnt
1181b9c8   _TSK_nTasks
1181b9cc   _TSK_pid
1181b9d0   _TSK
1181b9d4   _mask
1181b9d6   _eqBypass
1181b9d7   _lowCut
1181b9d8   _midCut
1181b9d9   _presCut
1181b9da   _highCut
1181b9db   _dist
1181b9dc   _writeIndex
1181b9e0   _CLK_DFLTMICROSECS
1181b9e4   _CLK_D_microseconds
1181b9e8   _SYS_exitStackPtr
1181b9ec   _SYS_exitStackTop
1181b9f0   _CLK_htimePerLtime
1181b9f4   IDL_D_busyObj
1181b9f8   _MEM
1181ba04   ___end__
1181ba04   end
1181ba08   __CIOBUF_
1181bb34   TSK_idle
1181bb34   _TSK_idle
1181bb88   PRD_SWIHANDLE
1181bb88   PRD_swi
1181bb88   SWI_A_TABBEG
1181bb88   _PRD_swi
1181bbb4   KNL_swi
1181bbb4   _KNL_swi
1181bbe0   SWI_A_TABEND
1181bbe0   SYS$config
1181bbf0   TRC_cinit
1181bbf4   TRC_R_mask
1181bbf4   _TRC_R_mask
1181bbf8   GBL_initdone
1181bc00   HWI_A_VECS
1181bc00   hwi0
1181bc20   hwi1
1181bc40   hwi2
1181bc60   hwi3
1181bc80   hwi4
1181bca0   hwi5
1181bcc0   hwi6
1181bce0   hwi7
1181bd00   hwi8
1181bd20   hwi9
1181bd40   hwi10
1181bd60   hwi11
1181bd80   hwi12
1181bda0   hwi13
1181bdc0   hwi14
1181bde0   hwi15
1181be00   RTA_toHost$buf
1181bf00   PRD0$sts$stsobj
1181bf00   STS_A_TABBEG
1181bf00   _STS_A_TABBEG
1181bf04   PRD0$sts
1181bf10   PRD_swi$sts$stsobj
1181bf14   PRD_swi$sts
1181bf20   KNL_swi$sts$stsobj
1181bf24   KNL_swi$sts
1181bf30   TSK_idle$sts$stsobj
1181bf34   TSK_idle$sts
1181bf40   IDL_busyObj$stsobj
1181bf44   IDL_busyObj
1181bf44   _IDL_busyObj
1181bf50   STS_A_TABEND
1181bf50   _STS_A_TABEND
1181bfe0   HST_A_TABBEG
1181bfe0   _HST_A_TABBEG
1181bfe4   RTA_fromHost
1181bfe4   _RTA_fromHost
1181bfec   RTA_fromHost$rtdx
1181c000   RTA_toHost
1181c000   _RTA_toHost
1181c008   RTA_toHost$rtdx
1181c01c   HST_A_TABEND
1181c01c   LOG_A_TABBEG
1181c01c   LOG_system
1181c01c   _HST_A_TABEND
1181c01c   _LOG_A_TABBEG
1181c01c   _LOG_system
1181c034   _trace
1181c034   trace
1181c04c   LOG_A_TABEND
1181c04c   _LOG_A_TABEND
28040d0c   HWI_INTRMUX3
ffffffff   CACHE_L1D
ffffffff   CACHE_L1P
ffffffff   DDR
ffffffff   ECM_EVTMASK0
ffffffff   ECM_EVTMASK1
ffffffff   ECM_EVTMASK2
ffffffff   ECM_EVTMASK3
ffffffff   GBL_L2MAR192_223
ffffffff   L3_CBA_RAM
ffffffff   _CACHE_L1D
ffffffff   _CACHE_L1P
ffffffff   _DDR
ffffffff   _L3_CBA_RAM
ffffffff   ___TI_pprof_out_hndl
ffffffff   ___TI_prof_data_size
ffffffff   ___TI_prof_data_start
ffffffff   ___binit__
ffffffff   ___c_args__
ffffffff   binit

[1168 symbols]
